
> @lean-ids/root@1.0.0 test-storybook
> npm run test-storybook -w @ajaysoni7832/lean-ids-components


> @ajaysoni7832/lean-ids-components@1.7.6 test-storybook
> test-storybook --config-dir ../../.storybook --url http://localhost:6007

FAIL browser: chromium src/Table/EnhancedTable.stories.tsx
  ● Test suite failed to run

    Jest encountered an unexpected token

    Jest failed to parse a file. This happens e.g. when your code or its dependencies use non-standard JavaScript syntax, or when Jest is not configured to support such syntax.

    Out of the box Jest supports Babel, which will be used to transform your files into valid JS based on your Babel configuration.

    By default "node_modules" folder is ignored by transformers.

    Here's what you can do:
     • If you are trying to use ECMAScript Modules, see https://jestjs.io/docs/ecmascript-modules for how to enable it.
     • If you are trying to use TypeScript, see https://jestjs.io/docs/getting-started#using-typescript
     • To have some of your "node_modules" files transformed, you can specify a custom "transformIgnorePatterns" in your config.
     • If you need a custom transformation specify a "transform" option in your config.
     • If you simply want to mock your non-JS modules (e.g. binary assets) you can stub them out with the "moduleNameMapper" config option.

    You'll find more details and examples of these config options in the docs:
    https://jestjs.io/docs/configuration
    For information about custom transformations, see:
    https://jestjs.io/docs/code-transformation

    Details:

    SyntaxError: Expecting Unicode escape sequence \uXXXX. (1467:15)

      at constructor (node_modules/@storybook/core/dist/babel/index.cjs:134900:15)
      at Nv.raise (node_modules/@storybook/core/dist/babel/index.cjs:137217:54)
      at Nv.readWord1 (node_modules/@storybook/core/dist/babel/index.cjs:137193:18)
      at Nv.readWord (node_modules/@storybook/core/dist/babel/index.cjs:137205:20)
      at Nv.getTokenFromCode (node_modules/@storybook/core/dist/babel/index.cjs:137028:16)
      at Nv.getTokenFromCode (node_modules/@storybook/core/dist/babel/index.cjs:139696:13)
      at Nv.getTokenFromCode (node_modules/@storybook/core/dist/babel/index.cjs:141547:13)
      at Nv.nextToken (node_modules/@storybook/core/dist/babel/index.cjs:136654:12)
      at Nv.next (node_modules/@storybook/core/dist/babel/index.cjs:136586:62)
      at Nv.eat (node_modules/@storybook/core/dist/babel/index.cjs:136589:36)
      at Nv.parseObjectProperty (node_modules/@storybook/core/dist/babel/index.cjs:142655:34)
      at Nv.parseObjPropValue (node_modules/@storybook/core/dist/babel/index.cjs:142671:61)
      at Nv.parseObjPropValue (node_modules/@storybook/core/dist/babel/index.cjs:141367:49)
      at Nv.parsePropertyDefinition (node_modules/@storybook/core/dist/babel/index.cjs:142632:19)
      at Nv.parseObjectLike (node_modules/@storybook/core/dist/babel/index.cjs:142596:57)
      at Nv.parseExprAtom (node_modules/@storybook/core/dist/babel/index.cjs:142302:23)
      at Nv.parseExprAtom (node_modules/@storybook/core/dist/babel/index.cjs:139667:45)
      at Nv.parseExprSubscripts (node_modules/@storybook/core/dist/babel/index.cjs:142149:78)
      at Nv.parseUpdate (node_modules/@storybook/core/dist/babel/index.cjs:142139:45)
      at Nv.parseMaybeUnary (node_modules/@storybook/core/dist/babel/index.cjs:142124:20)
      at Nv.parseMaybeUnary (node_modules/@storybook/core/dist/babel/index.cjs:141419:93)
      at Nv.parseMaybeUnaryOrPrivate (node_modules/@storybook/core/dist/babel/index.cjs:142032:63)
      at Nv.parseExprOps (node_modules/@storybook/core/dist/babel/index.cjs:142035:78)
      at Nv.parseMaybeConditional (node_modules/@storybook/core/dist/babel/index.cjs:142020:78)
      at Nv.parseMaybeAssign (node_modules/@storybook/core/dist/babel/index.cjs:142004:20)
      at Nv.parseMaybeAssign (node_modules/@storybook/core/dist/babel/index.cjs:141392:22)
      at node_modules/@storybook/core/dist/babel/index.cjs:141986:41
      at Nv.allowInAnd (node_modules/@storybook/core/dist/babel/index.cjs:142978:14)
      at Nv.parseMaybeAssignAllowIn (node_modules/@storybook/core/dist/babel/index.cjs:141986:19)
      at Nv.parseObjectProperty (node_modules/@storybook/core/dist/babel/index.cjs:142656:81)
      at Nv.parseObjPropValue (node_modules/@storybook/core/dist/babel/index.cjs:142671:61)
      at Nv.parseObjPropValue (node_modules/@storybook/core/dist/babel/index.cjs:141367:49)
      at Nv.parsePropertyDefinition (node_modules/@storybook/core/dist/babel/index.cjs:142632:19)
      at Nv.parseObjectLike (node_modules/@storybook/core/dist/babel/index.cjs:142596:57)
      at Nv.parseExprAtom (node_modules/@storybook/core/dist/babel/index.cjs:142302:23)
      at Nv.parseExprAtom (node_modules/@storybook/core/dist/babel/index.cjs:139667:45)
      at Nv.parseExprSubscripts (node_modules/@storybook/core/dist/babel/index.cjs:142149:78)
      at Nv.parseUpdate (node_modules/@storybook/core/dist/babel/index.cjs:142139:45)
      at Nv.parseMaybeUnary (node_modules/@storybook/core/dist/babel/index.cjs:142124:20)
      at Nv.parseMaybeUnary (node_modules/@storybook/core/dist/babel/index.cjs:141419:93)
      at Nv.parseMaybeUnaryOrPrivate (node_modules/@storybook/core/dist/babel/index.cjs:142032:63)
      at Nv.parseExprOps (node_modules/@storybook/core/dist/babel/index.cjs:142035:78)
      at Nv.parseMaybeConditional (node_modules/@storybook/core/dist/babel/index.cjs:142020:78)
      at Nv.parseMaybeAssign (node_modules/@storybook/core/dist/babel/index.cjs:142004:20)
      at Nv.parseMaybeAssign (node_modules/@storybook/core/dist/babel/index.cjs:141392:22)
      at node_modules/@storybook/core/dist/babel/index.cjs:141986:41
      at Nv.allowInAnd (node_modules/@storybook/core/dist/babel/index.cjs:142978:14)
      at Nv.parseMaybeAssignAllowIn (node_modules/@storybook/core/dist/babel/index.cjs:141986:19)
      at Nv.parseObjectProperty (node_modules/@storybook/core/dist/babel/index.cjs:142656:81)
      at Nv.parseObjPropValue (node_modules/@storybook/core/dist/babel/index.cjs:142671:61)
      at Nv.parseObjPropValue (node_modules/@storybook/core/dist/babel/index.cjs:141367:49)
      at Nv.parsePropertyDefinition (node_modules/@storybook/core/dist/babel/index.cjs:142632:19)
      at Nv.parseObjectLike (node_modules/@storybook/core/dist/babel/index.cjs:142596:57)
      at Nv.parseExprAtom (node_modules/@storybook/core/dist/babel/index.cjs:142302:23)
      at Nv.parseExprAtom (node_modules/@storybook/core/dist/babel/index.cjs:139667:45)
      at Nv.parseExprSubscripts (node_modules/@storybook/core/dist/babel/index.cjs:142149:78)
      at Nv.parseUpdate (node_modules/@storybook/core/dist/babel/index.cjs:142139:45)
      at Nv.parseMaybeUnary (node_modules/@storybook/core/dist/babel/index.cjs:142124:20)
      at Nv.parseMaybeUnary (node_modules/@storybook/core/dist/babel/index.cjs:141419:93)
      at Nv.parseMaybeUnaryOrPrivate (node_modules/@storybook/core/dist/babel/index.cjs:142032:63)
      at Nv.parseExprOps (node_modules/@storybook/core/dist/babel/index.cjs:142035:78)
      at Nv.parseMaybeConditional (node_modules/@storybook/core/dist/babel/index.cjs:142020:78)
      at Nv.parseMaybeAssign (node_modules/@storybook/core/dist/babel/index.cjs:142004:20)
      at Nv.parseMaybeAssign (node_modules/@storybook/core/dist/babel/index.cjs:141392:22)
      at node_modules/@storybook/core/dist/babel/index.cjs:141986:41
      at Nv.allowInAnd (node_modules/@storybook/core/dist/babel/index.cjs:142978:14)
      at Nv.parseMaybeAssignAllowIn (node_modules/@storybook/core/dist/babel/index.cjs:141986:19)
      at Nv.parseObjectProperty (node_modules/@storybook/core/dist/babel/index.cjs:142656:81)
      at Nv.parseObjPropValue (node_modules/@storybook/core/dist/babel/index.cjs:142671:61)
      at Nv.parseObjPropValue (node_modules/@storybook/core/dist/babel/index.cjs:141367:49)
      at Nv.parsePropertyDefinition (node_modules/@storybook/core/dist/babel/index.cjs:142632:19)
      at Nv.parseObjectLike (node_modules/@storybook/core/dist/babel/index.cjs:142596:57)
      at Nv.parseExprAtom (node_modules/@storybook/core/dist/babel/index.cjs:142302:23)
      at Nv.parseExprAtom (node_modules/@storybook/core/dist/babel/index.cjs:139667:45)
      at Nv.parseExprSubscripts (node_modules/@storybook/core/dist/babel/index.cjs:142149:78)
      at Nv.parseUpdate (node_modules/@storybook/core/dist/babel/index.cjs:142139:45)
      at Nv.parseMaybeUnary (node_modules/@storybook/core/dist/babel/index.cjs:142124:20)
      at Nv.parseMaybeUnary (node_modules/@storybook/core/dist/babel/index.cjs:141419:93)
      at Nv.parseMaybeUnaryOrPrivate (node_modules/@storybook/core/dist/babel/index.cjs:142032:63)
      at Nv.parseExprOps (node_modules/@storybook/core/dist/babel/index.cjs:142035:78)
      at Nv.parseMaybeConditional (node_modules/@storybook/core/dist/babel/index.cjs:142020:78)
      at Nv.parseMaybeAssign (node_modules/@storybook/core/dist/babel/index.cjs:142004:20)
      at Nv.parseMaybeAssign (node_modules/@storybook/core/dist/babel/index.cjs:141392:22)
      at node_modules/@storybook/core/dist/babel/index.cjs:141986:41
      at Nv.allowInAnd (node_modules/@storybook/core/dist/babel/index.cjs:142973:18)
      at Nv.parseMaybeAssignAllowIn (node_modules/@storybook/core/dist/babel/index.cjs:141986:19)
      at Nv.parseVar (node_modules/@storybook/core/dist/babel/index.cjs:143548:105)
      at Nv.parseVarStatement (node_modules/@storybook/core/dist/babel/index.cjs:143462:32)
      at Nv.parseVarStatement (node_modules/@storybook/core/dist/babel/index.cjs:141214:33)
      at Nv.parseStatementContent (node_modules/@storybook/core/dist/babel/index.cjs:143261:23)
      at Nv.parseStatementContent (node_modules/@storybook/core/dist/babel/index.cjs:141237:20)
      at Nv.parseStatementLike (node_modules/@storybook/core/dist/babel/index.cjs:143209:69)
      at Nv.parseStatementListItem (node_modules/@storybook/core/dist/babel/index.cjs:143198:19)
      at Nv.parseExportDeclaration (node_modules/@storybook/core/dist/babel/index.cjs:143861:80)
      at Nv.parseExportDeclaration (node_modules/@storybook/core/dist/babel/index.cjs:141304:82)
      at Nv.maybeParseExportDeclaration (node_modules/@storybook/core/dist/babel/index.cjs:143837:33)
      at Nv.parseExport (node_modules/@storybook/core/dist/babel/index.cjs:143785:18)
      at Nv.parseExport (node_modules/@storybook/core/dist/babel/index.cjs:141195:22)
      at Nv.parseStatementContent (node_modules/@storybook/core/dist/babel/index.cjs:143280:48)
      at Nv.parseStatementContent (node_modules/@storybook/core/dist/babel/index.cjs:141237:20)

  console.log
    No accessibility violations detected!

      at DefaultTerminalReporter.<anonymous> (node_modules/axe-playwright/dist/reporter/defaultTerminalReporter.js:47:41)

  console.log
    ✅ No accessibility violations in: Components/InputField

      at log (.storybook/test-runner.ts:38:15)

  console.log
    ┌─────────┬────────────────────────┬────────────┬─────────────────────────────────────────────────────────────────────────────────────┬───────┐
    │ (index) │ id                     │ impact     │ description                                                                         │ nodes │
    ├─────────┼────────────────────────┼────────────┼─────────────────────────────────────────────────────────────────────────────────────┼───────┤
    │ 0       │ 'aria-allowed-attr'    │ 'critical' │ "Ensure an element's role supports its ARIA attributes"                             │ 7     │
    │ 1       │ 'aria-required-parent' │ 'critical' │ 'Ensure elements with an ARIA role that require parent roles are contained by them' │ 7     │
    └─────────┴────────────────────────┴────────────┴─────────────────────────────────────────────────────────────────────────────────────┴───────┘

      at DefaultTerminalReporter.<anonymous> (node_modules/axe-playwright/dist/reporter/defaultTerminalReporter.js:31:25)

  console.log
    ┌─────────┬───────────────────────────────┬───────────────────────────────────────────────────────────────────────────────────────────────────────────────────────────────┬────────────┐
    │ (index) │ target                        │ html                                                                                                                          │ violations │
    ├─────────┼───────────────────────────────┼───────────────────────────────────────────────────────────────────────────────────────────────────────────────────────────────┼────────────┤
    │ 0       │ '["#menu-item-\\\\:r0\\\\:"]' │ '<div role="menuitem" tabindex="0" aria-selected="true" aria-disabled="false" id="menu-item-:r0:" class="sc-hBUSFb jgJEbD">'  │ '[0,1]'    │
    │ 1       │ '["#menu-item-\\\\:r1\\\\:"]' │ '<div role="menuitem" tabindex="-1" aria-selected="false" aria-disabled="false" id="menu-item-:r1:" class="sc-hBUSFb WpMOr">' │ '[0,1]'    │
    │ 2       │ '["#menu-item-\\\\:r2\\\\:"]' │ '<div role="menuitem" tabindex="-1" aria-selected="false" aria-disabled="false" id="menu-item-:r2:" class="sc-hBUSFb WpMOr">' │ '[0,1]'    │
    │ 3       │ '["#menu-item-\\\\:r3\\\\:"]' │ '<div role="menuitem" tabindex="-1" aria-selected="false" aria-disabled="false" id="menu-item-:r3:" class="sc-hBUSFb WpMOr">' │ '[0,1]'    │
    │ 4       │ '["#menu-item-\\\\:r4\\\\:"]' │ '<div role="menuitem" tabindex="-1" aria-selected="false" aria-disabled="false" id="menu-item-:r4:" class="sc-hBUSFb WpMOr">' │ '[0,1]'    │
    │ 5       │ '["#menu-item-\\\\:r5\\\\:"]' │ '<div role="menuitem" tabindex="-1" aria-selected="false" aria-disabled="false" id="menu-item-:r5:" class="sc-hBUSFb WpMOr">' │ '[0,1]'    │
    │ 6       │ '["#menu-item-\\\\:r6\\\\:"]' │ '<div role="menuitem" tabindex="-1" aria-selected="false" aria-disabled="false" id="menu-item-:r6:" class="sc-hBUSFb WpMOr">' │ '[0,1]'    │
    └─────────┴───────────────────────────────┴───────────────────────────────────────────────────────────────────────────────────────────────────────────────────────────────┴────────────┘

      at DefaultTerminalReporter.<anonymous> (node_modules/axe-playwright/dist/reporter/defaultTerminalReporter.js:43:29)

  console.log
    ┌─────────┬──────────────────────┬────────────┬──────────────────────────────────────────────┬───────┐
    │ (index) │ id                   │ impact     │ description                                  │ nodes │
    ├─────────┼──────────────────────┼────────────┼──────────────────────────────────────────────┼───────┤
    │ 0       │ 'empty-table-header' │ 'minor'    │ 'Ensure table headers have discernible text' │ 1     │
    │ 1       │ 'label'              │ 'critical' │ 'Ensure every form element has a label'      │ 5     │
    └─────────┴──────────────────────┴────────────┴──────────────────────────────────────────────┴───────┘

      at DefaultTerminalReporter.<anonymous> (node_modules/axe-playwright/dist/reporter/defaultTerminalReporter.js:31:25)

  console.log
    ┌─────────┬──────────────────────────────────────┬──────────────────────────────────────────────────────────────────────────────────────────────────────────────────────────────┬────────────┐
    │ (index) │ target                               │ html                                                                                                                         │ violations │
    ├─────────┼──────────────────────────────────────┼──────────────────────────────────────────────────────────────────────────────────────────────────────────────────────────────┼────────────┤
    │ 0       │ '[".kbElmL.sc-bdvvNz:nth-child(1)"]' │ '<th class="sc-bdvvNz kbElmL">'                                                                                              │ '[0]'      │
    │ 1       │ '["#\\\\:r0\\\\:"]'                  │ '<input id=":r0:" aria-checked="false" aria-invalid="false" aria-disabled="false" type="checkbox" class="sc-bqiQet hkpxlJ">' │ '[1]'      │
    │ 2       │ '["#\\\\:r1\\\\:"]'                  │ '<input id=":r1:" aria-checked="false" aria-invalid="false" aria-disabled="false" type="checkbox" class="sc-bqiQet hkpxlJ">' │ '[1]'      │
    │ 3       │ '["#\\\\:r2\\\\:"]'                  │ '<input id=":r2:" aria-checked="false" aria-invalid="false" aria-disabled="false" type="checkbox" class="sc-bqiQet hkpxlJ">' │ '[1]'      │
    │ 4       │ '["#\\\\:r3\\\\:"]'                  │ '<input id=":r3:" aria-checked="false" aria-invalid="false" aria-disabled="false" type="checkbox" class="sc-bqiQet hkpxlJ">' │ '[1]'      │
    │ 5       │ '["#\\\\:r4\\\\:"]'                  │ '<input id=":r4:" aria-checked="false" aria-invalid="false" aria-disabled="false" type="checkbox" class="sc-bqiQet hkpxlJ">' │ '[1]'      │
    └─────────┴──────────────────────────────────────┴──────────────────────────────────────────────────────────────────────────────────────────────────────────────────────────────┴────────────┘

      at DefaultTerminalReporter.<anonymous> (node_modules/axe-playwright/dist/reporter/defaultTerminalReporter.js:43:29)

  console.log
    ┌─────────┬───────────────┬────────────┬────────────────────────────────────────────────┬───────┐
    │ (index) │ id            │ impact     │ description                                    │ nodes │
    ├─────────┼───────────────┼────────────┼────────────────────────────────────────────────┼───────┤
    │ 0       │ 'button-name' │ 'critical' │ 'Ensure buttons have discernible text'         │ 4     │
    │ 1       │ 'select-name' │ 'critical' │ 'Ensure select element has an accessible name' │ 1     │
    └─────────┴───────────────┴────────────┴────────────────────────────────────────────────┴───────┘

      at DefaultTerminalReporter.<anonymous> (node_modules/axe-playwright/dist/reporter/defaultTerminalReporter.js:31:25)

  console.log
    ┌─────────┬─────────────────────────────────────────────────────────┬────────────────────────────────────────────────────────────────────────────────────────────────────────────────────────────────────────────────────────────────────────┬────────────┐
    │ (index) │ target                                                  │ html                                                                                                                                                                   │ violations │
    ├─────────┼─────────────────────────────────────────────────────────┼────────────────────────────────────────────────────────────────────────────────────────────────────────────────────────────────────────────────────────────────────────┼────────────┤
    │ 0       │ '[".cuRhJM.sc-caiKUm[type=\\"button\\"]:nth-child(1)"]' │ '<button disabled="" type="button" aria-busy="false" aria-invalid="false" aria-disabled="true" class="sc-caiKUm cuRhJM">'                                              │ '[0]'      │
    │ 1       │ '[".cuRhJM.sc-caiKUm[type=\\"button\\"]:nth-child(2)"]' │ '<button disabled="" type="button" aria-busy="false" aria-invalid="false" aria-disabled="true" class="sc-caiKUm cuRhJM">'                                              │ '[0]'      │
    │ 2       │ '[".eoKYyP.sc-caiKUm[type=\\"button\\"]:nth-child(5)"]' │ '<button type="button" aria-busy="false" aria-invalid="false" aria-disabled="false" class="sc-caiKUm eoKYyP">'                                                         │ '[0]'      │
    │ 3       │ '[".eoKYyP.sc-caiKUm[type=\\"button\\"]:nth-child(6)"]' │ '<button type="button" aria-busy="false" aria-invalid="false" aria-disabled="false" class="sc-caiKUm eoKYyP">'                                                         │ '[0]'      │
    │ 4       │ '["select"]'                                            │ '<select class="sc-hUpbJy gMhOFT"><option value="10">10</option><option value="25">25</option><option value="50">50</option><option value="100">100</option></select>' │ '[1]'      │
    └─────────┴─────────────────────────────────────────────────────────┴────────────────────────────────────────────────────────────────────────────────────────────────────────────────────────────────────────────────────────────────────────┴────────────┘

      at DefaultTerminalReporter.<anonymous> (node_modules/axe-playwright/dist/reporter/defaultTerminalReporter.js:43:29)

FAIL browser: chromium src/Table/CustomTableComposition.stories.tsx (123.848 s)
  Components/Table/Custom Composition
    BasicCustomTable
      ✕ smoke-test (30005 ms)
    WithToolbar
      ✕ smoke-test (30002 ms)
    WithSortingAndSelection
      ✕ smoke-test (2522 ms)
    FullyCustomized
      ✕ smoke-test (29976 ms)
    WithSidePanel
      ✕ smoke-test (29998 ms)

  ● Components/Table/Custom Composition › BasicCustomTable › smoke-test

    SB_PREVIEW_API_0006 (StoryIndexFetchError): Error fetching `/index.json`:

    Unable to index ./src/Table/EnhancedTable.stories.tsx:
      SyntaxError: Expecting Unicode escape sequence \uXXXX. (1467:15)

      at constructor (node_modules/@storybook/core/dist/babel/index.cjs:134900:15)
      at Nv.raise (node_modules/@storybook/core/dist/babel/index.cjs:137217:54)
      at Nv.readWord1 (node_modules/@storybook/core/dist/babel/index.cjs:137193:18)
      at Nv.readWord (node_modules/@storybook/core/dist/babel/index.cjs:137205:20)
      at Nv.getTokenFromCode (node_modules/@storybook/core/dist/babel/index.cjs:137028:16)
      at Nv.getTokenFromCode (node_modules/@storybook/core/dist/babel/index.cjs:139696:13)
      at Nv.getTokenFromCode (node_modules/@storybook/core/dist/babel/index.cjs:141547:13)
      at Nv.nextToken (node_modules/@storybook/core/dist/babel/index.cjs:136654:12)
      at Nv.next (node_modules/@storybook/core/dist/babel/index.cjs:136586:62)
      at Nv.eat (node_modules/@storybook/core/dist/babel/index.cjs:136589:36)
      at Nv.parseObjectProperty (node_modules/@storybook/core/dist/babel/index.cjs:142655:34)
      at Nv.parseObjPropValue (node_modules/@storybook/core/dist/babel/index.cjs:142671:61)
      at Nv.parseObjPropValue (node_modules/@storybook/core/dist/babel/index.cjs:141367:49)
      at Nv.parsePropertyDefinition (node_modules/@storybook/core/dist/babel/index.cjs:142632:19)
      at Nv.parseObjectLike (node_modules/@storybook/core/dist/babel/index.cjs:142596:57)
      at Nv.parseExprAtom (node_modules/@storybook/core/dist/babel/index.cjs:142302:23)
      at Nv.parseExprAtom (node_modules/@storybook/core/dist/babel/index.cjs:139667:45)
      at Nv.parseExprSubscripts (node_modules/@storybook/core/dist/babel/index.cjs:142149:78)
      at Nv.parseUpdate (node_modules/@storybook/core/dist/babel/index.cjs:142139:45)
      at Nv.parseMaybeUnary (node_modules/@storybook/core/dist/babel/index.cjs:142124:20)
      at Nv.parseMaybeUnary (node_modules/@storybook/core/dist/babel/index.cjs:141419:93)
      at Nv.parseMaybeUnaryOrPrivate (node_modules/@storybook/core/dist/babel/index.cjs:142032:63)
      at Nv.parseExprOps (node_modules/@storybook/core/dist/babel/index.cjs:142035:78)
      at Nv.parseMaybeConditional (node_modules/@storybook/core/dist/babel/index.cjs:142020:78)
      at Nv.parseMaybeAssign (node_modules/@storybook/core/dist/babel/index.cjs:142004:20)
      at Nv.parseMaybeAssign (node_modules/@storybook/core/dist/babel/index.cjs:141392:22)
      at node_modules/@storybook/core/dist/babel/index.cjs:141986:41
      at Nv.allowInAnd (node_modules/@storybook/core/dist/babel/index.cjs:142978:14)
      at Nv.parseMaybeAssignAllowIn (node_modules/@storybook/core/dist/babel/index.cjs:141986:19)
      at Nv.parseObjectProperty (node_modules/@storybook/core/dist/babel/index.cjs:142656:81)
      at Nv.parseObjPropValue (node_modules/@storybook/core/dist/babel/index.cjs:142671:61)
      at Nv.parseObjPropValue (node_modules/@storybook/core/dist/babel/index.cjs:141367:49)
      at Nv.parsePropertyDefinition (node_modules/@storybook/core/dist/babel/index.cjs:142632:19)
      at Nv.parseObjectLike (node_modules/@storybook/core/dist/babel/index.cjs:142596:57)
      at Nv.parseExprAtom (node_modules/@storybook/core/dist/babel/index.cjs:142302:23)
      at Nv.parseExprAtom (node_modules/@storybook/core/dist/babel/index.cjs:139667:45)
      at Nv.parseExprSubscripts (node_modules/@storybook/core/dist/babel/index.cjs:142149:78)
      at Nv.parseUpdate (node_modules/@storybook/core/dist/babel/index.cjs:142139:45)
      at Nv.parseMaybeUnary (node_modules/@storybook/core/dist/babel/index.cjs:142124:20)
      at Nv.parseMaybeUnary (node_modules/@storybook/core/dist/babel/index.cjs:141419:93)
      at Nv.parseMaybeUnaryOrPrivate (node_modules/@storybook/core/dist/babel/index.cjs:142032:63)
      at Nv.parseExprOps (node_modules/@storybook/core/dist/babel/index.cjs:142035:78)
      at Nv.parseMaybeConditional (node_modules/@storybook/core/dist/babel/index.cjs:142020:78)
      at Nv.parseMaybeAssign (node_modules/@storybook/core/dist/babel/index.cjs:142004:20)
      at Nv.parseMaybeAssign (node_modules/@storybook/core/dist/babel/index.cjs:141392:22)
      at node_modules/@storybook/core/dist/babel/index.cjs:141986:41
      at Nv.allowInAnd (node_modules/@storybook/core/dist/babel/index.cjs:142978:14)
      at Nv.parseMaybeAssignAllowIn (node_modules/@storybook/core/dist/babel/index.cjs:141986:19)
      at Nv.parseObjectProperty (node_modules/@storybook/core/dist/babel/index.cjs:142656:81)
      at Nv.parseObjPropValue (node_modules/@storybook/core/dist/babel/index.cjs:142671:61)
      If you are in development, this likely indicates a problem with your Storybook process,
      check the terminal for errors.
      If you are in a deployed Storybook, there may have been an issue deploying the full Storybook
      build.
      at constructor (node_modules/@storybook/core/dist/babel/index.cjs:134900:15)
      at Nv.raise (node_modules/@storybook/core/dist/babel/index.cjs:137217:54)
      at Nv.readWord1 (node_modules/@storybook/core/dist/babel/index.cjs:137193:18)
      at Nv.readWord (node_modules/@storybook/core/dist/babel/index.cjs:137205:20)
      at Nv.getTokenFromCode (node_modules/@storybook/core/dist/babel/index.cjs:137028:16)
      at Nv.getTokenFromCode (node_modules/@storybook/core/dist/babel/index.cjs:139696:13)
      at Nv.getTokenFromCode (node_modules/@storybook/core/dist/babel/index.cjs:141547:13)
      at Nv.nextToken (node_modules/@storybook/core/dist/babel/index.cjs:136654:12)
      at Nv.next (node_modules/@storybook/core/dist/babel/index.cjs:136586:62)
      at Nv.eat (node_modules/@storybook/core/dist/babel/index.cjs:136589:36)
      at Nv.parseObjectProperty (node_modules/@storybook/core/dist/babel/index.cjs:142655:34)
      at Nv.parseObjPropValue (node_modules/@storybook/core/dist/babel/index.cjs:142671:61)
      at Nv.parseObjPropValue (node_modules/@storybook/core/dist/babel/index.cjs:141367:49)
      at Nv.parsePropertyDefinition (node_modules/@storybook/core/dist/babel/index.cjs:142632:19)
      at Nv.parseObjectLike (node_modules/@storybook/core/dist/babel/index.cjs:142596:57)
      at Nv.parseExprAtom (node_modules/@storybook/core/dist/babel/index.cjs:142302:23)
      at Nv.parseExprAtom (node_modules/@storybook/core/dist/babel/index.cjs:139667:45)
      at Nv.parseExprSubscripts (node_modules/@storybook/core/dist/babel/index.cjs:142149:78)
      at Nv.parseUpdate (node_modules/@storybook/core/dist/babel/index.cjs:142139:45)
      at Nv.parseMaybeUnary (node_modules/@storybook/core/dist/babel/index.cjs:142124:20)
      at Nv.parseMaybeUnary (node_modules/@storybook/core/dist/babel/index.cjs:141419:93)
      at Nv.parseMaybeUnaryOrPrivate (node_modules/@storybook/core/dist/babel/index.cjs:142032:63)
      at Nv.parseExprOps (node_modules/@storybook/core/dist/babel/index.cjs:142035:78)
      at Nv.parseMaybeConditional (node_modules/@storybook/core/dist/babel/index.cjs:142020:78)
      at Nv.parseMaybeAssign (node_modules/@storybook/core/dist/babel/index.cjs:142004:20)
      at Nv.parseMaybeAssign (node_modules/@storybook/core/dist/babel/index.cjs:141392:22)
      at node_modules/@storybook/core/dist/babel/index.cjs:141986:41
      at Nv.allowInAnd (node_modules/@storybook/core/dist/babel/index.cjs:142978:14)
      at Nv.parseMaybeAssignAllowIn (node_modules/@storybook/core/dist/babel/index.cjs:141986:19)
      at Nv.parseObjectProperty (node_modules/@storybook/core/dist/babel/index.cjs:142656:81)
      at Nv.parseObjPropValue (node_modules/@storybook/core/dist/babel/index.cjs:142671:61)
      at Nv.parseObjPropValue (node_modules/@storybook/core/dist/babel/index.cjs:141367:49)
      at Nv.parsePropertyDefinition (node_modules/@storybook/core/dist/babel/index.cjs:142632:19)
      at Nv.parseObjectLike (node_modules/@storybook/core/dist/babel/index.cjs:142596:57)
      at Nv.parseExprAtom (node_modules/@storybook/core/dist/babel/index.cjs:142302:23)
      at Nv.parseExprAtom (node_modules/@storybook/core/dist/babel/index.cjs:139667:45)
      at Nv.parseExprSubscripts (node_modules/@storybook/core/dist/babel/index.cjs:142149:78)
      at Nv.parseUpdate (node_modules/@storybook/core/dist/babel/index.cjs:142139:45)
      at Nv.parseMaybeUnary (node_modules/@storybook/core/dist/babel/index.cjs:142124:20)
      at Nv.parseMaybeUnary (node_modules/@storybook/core/dist/babel/index.cjs:141419:93)
      at Nv.parseMaybeUnaryOrPrivate (node_modules/@storybook/core/dist/babel/index.cjs:142032:63)
      at Nv.parseExprOps (node_modules/@storybook/core/dist/babel/index.cjs:142035:78)
      at Nv.parseMaybeConditional (node_modules/@storybook/core/dist/babel/index.cjs:142020:78)
      at Nv.parseMaybeAssign (node_modules/@storybook/core/dist/babel/index.cjs:142004:20)
      at Nv.parseMaybeAssign (node_modules/@storybook/core/dist/babel/index.cjs:141392:22)
      at node_modules/@storybook/core/dist/babel/index.cjs:141986:41
      at Nv.allowInAnd (node_modules/@storybook/core/dist/babel/index.cjs:142978:14)
      at Nv.parseMaybeAssignAllowIn (node_modules/@storybook/core/dist/babel/index.cjs:141986:19)
      at Nv.parseObjectProperty (node_modules/@storybook/core/dist/babel/index.cjs:142656:81)
      at Nv.parseObjPropValue (node_modules/@storybook/core/dist/babel/index.cjs:142671:61)
      If you are in development, this likely indicates a problem with your Storybook process,
      check the terminal for errors.
      If you are in a deployed Storybook, there may have been an issue deploying the full Storybook
      build.
      at ns2.getStoryIndexFromServer (packages/components/http:/localhost:6007/packages/components/node_modules/.cache/storybook/1c3385a5d25e538d10b518b310c74d3ca2690b6aaffeadccd74da79736171f86/sb-vite/deps/storybook_internal_preview_runtime.js?v=b3da04b4:8624:11)
      at async ns2.initializeWithProjectAnnotations (packages/components/http:/localhost:6007/packages/components/node_modules/.cache/storybook/1c3385a5d25e538d10b518b310c74d3ca2690b6aaffeadccd74da79736171f86/sb-vite/deps/storybook_internal_preview_runtime.js?v=b3da04b4:8606:15)
      at async ns2.initialize (packages/components/http:/localhost:6007/packages/components/node_modules/.cache/storybook/1c3385a5d25e538d10b518b310c74d3ca2690b6aaffeadccd74da79736171f86/sb-vite/deps/storybook_internal_preview_runtime.js?v=b3da04b4:8581:39)

  ● Components/Table/Custom Composition › BasicCustomTable › smoke-test

    SB_PREVIEW_API_0006 (StoryIndexFetchError): Error fetching `/index.json`:

    Unable to index ./src/Table/EnhancedTable.stories.tsx:
      SyntaxError: Expecting Unicode escape sequence \uXXXX. (1467:15)

      at constructor (node_modules/@storybook/core/dist/babel/index.cjs:134900:15)
      at Nv.raise (node_modules/@storybook/core/dist/babel/index.cjs:137217:54)
      at Nv.readWord1 (node_modules/@storybook/core/dist/babel/index.cjs:137193:18)
      at Nv.readWord (node_modules/@storybook/core/dist/babel/index.cjs:137205:20)
      at Nv.getTokenFromCode (node_modules/@storybook/core/dist/babel/index.cjs:137028:16)
      at Nv.getTokenFromCode (node_modules/@storybook/core/dist/babel/index.cjs:139696:13)
      at Nv.getTokenFromCode (node_modules/@storybook/core/dist/babel/index.cjs:141547:13)
      at Nv.nextToken (node_modules/@storybook/core/dist/babel/index.cjs:136654:12)
      at Nv.next (node_modules/@storybook/core/dist/babel/index.cjs:136586:62)
      at Nv.eat (node_modules/@storybook/core/dist/babel/index.cjs:136589:36)
      at Nv.parseObjectProperty (node_modules/@storybook/core/dist/babel/index.cjs:142655:34)
      at Nv.parseObjPropValue (node_modules/@storybook/core/dist/babel/index.cjs:142671:61)
      at Nv.parseObjPropValue (node_modules/@storybook/core/dist/babel/index.cjs:141367:49)
      at Nv.parsePropertyDefinition (node_modules/@storybook/core/dist/babel/index.cjs:142632:19)
      at Nv.parseObjectLike (node_modules/@storybook/core/dist/babel/index.cjs:142596:57)
      at Nv.parseExprAtom (node_modules/@storybook/core/dist/babel/index.cjs:142302:23)
      at Nv.parseExprAtom (node_modules/@storybook/core/dist/babel/index.cjs:139667:45)
      at Nv.parseExprSubscripts (node_modules/@storybook/core/dist/babel/index.cjs:142149:78)
      at Nv.parseUpdate (node_modules/@storybook/core/dist/babel/index.cjs:142139:45)
      at Nv.parseMaybeUnary (node_modules/@storybook/core/dist/babel/index.cjs:142124:20)
      at Nv.parseMaybeUnary (node_modules/@storybook/core/dist/babel/index.cjs:141419:93)
      at Nv.parseMaybeUnaryOrPrivate (node_modules/@storybook/core/dist/babel/index.cjs:142032:63)
      at Nv.parseExprOps (node_modules/@storybook/core/dist/babel/index.cjs:142035:78)
      at Nv.parseMaybeConditional (node_modules/@storybook/core/dist/babel/index.cjs:142020:78)
      at Nv.parseMaybeAssign (node_modules/@storybook/core/dist/babel/index.cjs:142004:20)
      at Nv.parseMaybeAssign (node_modules/@storybook/core/dist/babel/index.cjs:141392:22)
      at node_modules/@storybook/core/dist/babel/index.cjs:141986:41
      at Nv.allowInAnd (node_modules/@storybook/core/dist/babel/index.cjs:142978:14)
      at Nv.parseMaybeAssignAllowIn (node_modules/@storybook/core/dist/babel/index.cjs:141986:19)
      at Nv.parseObjectProperty (node_modules/@storybook/core/dist/babel/index.cjs:142656:81)
      at Nv.parseObjPropValue (node_modules/@storybook/core/dist/babel/index.cjs:142671:61)
      at Nv.parseObjPropValue (node_modules/@storybook/core/dist/babel/index.cjs:141367:49)
      at Nv.parsePropertyDefinition (node_modules/@storybook/core/dist/babel/index.cjs:142632:19)
      at Nv.parseObjectLike (node_modules/@storybook/core/dist/babel/index.cjs:142596:57)
      at Nv.parseExprAtom (node_modules/@storybook/core/dist/babel/index.cjs:142302:23)
      at Nv.parseExprAtom (node_modules/@storybook/core/dist/babel/index.cjs:139667:45)
      at Nv.parseExprSubscripts (node_modules/@storybook/core/dist/babel/index.cjs:142149:78)
      at Nv.parseUpdate (node_modules/@storybook/core/dist/babel/index.cjs:142139:45)
      at Nv.parseMaybeUnary (node_modules/@storybook/core/dist/babel/index.cjs:142124:20)
      at Nv.parseMaybeUnary (node_modules/@storybook/core/dist/babel/index.cjs:141419:93)
      at Nv.parseMaybeUnaryOrPrivate (node_modules/@storybook/core/dist/babel/index.cjs:142032:63)
      at Nv.parseExprOps (node_modules/@storybook/core/dist/babel/index.cjs:142035:78)
      at Nv.parseMaybeConditional (node_modules/@storybook/core/dist/babel/index.cjs:142020:78)
      at Nv.parseMaybeAssign (node_modules/@storybook/core/dist/babel/index.cjs:142004:20)
      at Nv.parseMaybeAssign (node_modules/@storybook/core/dist/babel/index.cjs:141392:22)
      at node_modules/@storybook/core/dist/babel/index.cjs:141986:41
      at Nv.allowInAnd (node_modules/@storybook/core/dist/babel/index.cjs:142978:14)
      at Nv.parseMaybeAssignAllowIn (node_modules/@storybook/core/dist/babel/index.cjs:141986:19)
      at Nv.parseObjectProperty (node_modules/@storybook/core/dist/babel/index.cjs:142656:81)
      at Nv.parseObjPropValue (node_modules/@storybook/core/dist/babel/index.cjs:142671:61)
      If you are in development, this likely indicates a problem with your Storybook process,
      check the terminal for errors.
      If you are in a deployed Storybook, there may have been an issue deploying the full Storybook
      build.
      at constructor (node_modules/@storybook/core/dist/babel/index.cjs:134900:15)
      at Nv.raise (node_modules/@storybook/core/dist/babel/index.cjs:137217:54)
      at Nv.readWord1 (node_modules/@storybook/core/dist/babel/index.cjs:137193:18)
      at Nv.readWord (node_modules/@storybook/core/dist/babel/index.cjs:137205:20)
      at Nv.getTokenFromCode (node_modules/@storybook/core/dist/babel/index.cjs:137028:16)
      at Nv.getTokenFromCode (node_modules/@storybook/core/dist/babel/index.cjs:139696:13)
      at Nv.getTokenFromCode (node_modules/@storybook/core/dist/babel/index.cjs:141547:13)
      at Nv.nextToken (node_modules/@storybook/core/dist/babel/index.cjs:136654:12)
      at Nv.next (node_modules/@storybook/core/dist/babel/index.cjs:136586:62)
      at Nv.eat (node_modules/@storybook/core/dist/babel/index.cjs:136589:36)
      at Nv.parseObjectProperty (node_modules/@storybook/core/dist/babel/index.cjs:142655:34)
      at Nv.parseObjPropValue (node_modules/@storybook/core/dist/babel/index.cjs:142671:61)
      at Nv.parseObjPropValue (node_modules/@storybook/core/dist/babel/index.cjs:141367:49)
      at Nv.parsePropertyDefinition (node_modules/@storybook/core/dist/babel/index.cjs:142632:19)
      at Nv.parseObjectLike (node_modules/@storybook/core/dist/babel/index.cjs:142596:57)
      at Nv.parseExprAtom (node_modules/@storybook/core/dist/babel/index.cjs:142302:23)
      at Nv.parseExprAtom (node_modules/@storybook/core/dist/babel/index.cjs:139667:45)
      at Nv.parseExprSubscripts (node_modules/@storybook/core/dist/babel/index.cjs:142149:78)
      at Nv.parseUpdate (node_modules/@storybook/core/dist/babel/index.cjs:142139:45)
      at Nv.parseMaybeUnary (node_modules/@storybook/core/dist/babel/index.cjs:142124:20)
      at Nv.parseMaybeUnary (node_modules/@storybook/core/dist/babel/index.cjs:141419:93)
      at Nv.parseMaybeUnaryOrPrivate (node_modules/@storybook/core/dist/babel/index.cjs:142032:63)
      at Nv.parseExprOps (node_modules/@storybook/core/dist/babel/index.cjs:142035:78)
      at Nv.parseMaybeConditional (node_modules/@storybook/core/dist/babel/index.cjs:142020:78)
      at Nv.parseMaybeAssign (node_modules/@storybook/core/dist/babel/index.cjs:142004:20)
      at Nv.parseMaybeAssign (node_modules/@storybook/core/dist/babel/index.cjs:141392:22)
      at node_modules/@storybook/core/dist/babel/index.cjs:141986:41
      at Nv.allowInAnd (node_modules/@storybook/core/dist/babel/index.cjs:142978:14)
      at Nv.parseMaybeAssignAllowIn (node_modules/@storybook/core/dist/babel/index.cjs:141986:19)
      at Nv.parseObjectProperty (node_modules/@storybook/core/dist/babel/index.cjs:142656:81)
      at Nv.parseObjPropValue (node_modules/@storybook/core/dist/babel/index.cjs:142671:61)
      at Nv.parseObjPropValue (node_modules/@storybook/core/dist/babel/index.cjs:141367:49)
      at Nv.parsePropertyDefinition (node_modules/@storybook/core/dist/babel/index.cjs:142632:19)
      at Nv.parseObjectLike (node_modules/@storybook/core/dist/babel/index.cjs:142596:57)
      at Nv.parseExprAtom (node_modules/@storybook/core/dist/babel/index.cjs:142302:23)
      at Nv.parseExprAtom (node_modules/@storybook/core/dist/babel/index.cjs:139667:45)
      at Nv.parseExprSubscripts (node_modules/@storybook/core/dist/babel/index.cjs:142149:78)
      at Nv.parseUpdate (node_modules/@storybook/core/dist/babel/index.cjs:142139:45)
      at Nv.parseMaybeUnary (node_modules/@storybook/core/dist/babel/index.cjs:142124:20)
      at Nv.parseMaybeUnary (node_modules/@storybook/core/dist/babel/index.cjs:141419:93)
      at Nv.parseMaybeUnaryOrPrivate (node_modules/@storybook/core/dist/babel/index.cjs:142032:63)
      at Nv.parseExprOps (node_modules/@storybook/core/dist/babel/index.cjs:142035:78)
      at Nv.parseMaybeConditional (node_modules/@storybook/core/dist/babel/index.cjs:142020:78)
      at Nv.parseMaybeAssign (node_modules/@storybook/core/dist/babel/index.cjs:142004:20)
      at Nv.parseMaybeAssign (node_modules/@storybook/core/dist/babel/index.cjs:141392:22)
      at node_modules/@storybook/core/dist/babel/index.cjs:141986:41
      at Nv.allowInAnd (node_modules/@storybook/core/dist/babel/index.cjs:142978:14)
      at Nv.parseMaybeAssignAllowIn (node_modules/@storybook/core/dist/babel/index.cjs:141986:19)
      at Nv.parseObjectProperty (node_modules/@storybook/core/dist/babel/index.cjs:142656:81)
      at Nv.parseObjPropValue (node_modules/@storybook/core/dist/babel/index.cjs:142671:61)
      If you are in development, this likely indicates a problem with your Storybook process,
      check the terminal for errors.
      If you are in a deployed Storybook, there may have been an issue deploying the full Storybook
      build.
      at ns2.getStoryIndexFromServer (packages/components/http:/localhost:6007/packages/components/node_modules/.cache/storybook/1c3385a5d25e538d10b518b310c74d3ca2690b6aaffeadccd74da79736171f86/sb-vite/deps/storybook_internal_preview_runtime.js?v=b3da04b4:8624:11)
      at async ns2.initializeWithProjectAnnotations (packages/components/http:/localhost:6007/packages/components/node_modules/.cache/storybook/1c3385a5d25e538d10b518b310c74d3ca2690b6aaffeadccd74da79736171f86/sb-vite/deps/storybook_internal_preview_runtime.js?v=b3da04b4:8606:15)
      at async ns2.initialize (packages/components/http:/localhost:6007/packages/components/node_modules/.cache/storybook/1c3385a5d25e538d10b518b310c74d3ca2690b6aaffeadccd74da79736171f86/sb-vite/deps/storybook_internal_preview_runtime.js?v=b3da04b4:8581:39)

  ● Components/Table/Custom Composition › BasicCustomTable › smoke-test

    thrown: "Exceeded timeout of 30000 ms for a test.
    Add a timeout value to this test to increase the timeout, if this is a long-running test. See https://jestjs.io/docs/api#testname-fn-timeout."

      128 |     department: 'Design',
      129 |     status: 'Active',
    > 130 |     avatar: 'https://i.pravatar.cc/32?img=3',
          |             ^
      131 |   },
      132 |   {
      133 |     id: '4',

      at packages/components/src/Table/CustomTableComposition.stories.tsx:130:13
      at packages/components/src/Table/CustomTableComposition.stories.tsx:129:9
      at Object.<anonymous> (packages/components/src/Table/CustomTableComposition.stories.tsx:128:5)

  ● Components/Table/Custom Composition › WithToolbar › smoke-test

    SB_PREVIEW_API_0006 (StoryIndexFetchError): Error fetching `/index.json`:

    Unable to index ./src/Table/EnhancedTable.stories.tsx:
      SyntaxError: Expecting Unicode escape sequence \uXXXX. (1467:15)

      at constructor (node_modules/@storybook/core/dist/babel/index.cjs:134900:15)
      at Nv.raise (node_modules/@storybook/core/dist/babel/index.cjs:137217:54)
      at Nv.readWord1 (node_modules/@storybook/core/dist/babel/index.cjs:137193:18)
      at Nv.readWord (node_modules/@storybook/core/dist/babel/index.cjs:137205:20)
      at Nv.getTokenFromCode (node_modules/@storybook/core/dist/babel/index.cjs:137028:16)
      at Nv.getTokenFromCode (node_modules/@storybook/core/dist/babel/index.cjs:139696:13)
      at Nv.getTokenFromCode (node_modules/@storybook/core/dist/babel/index.cjs:141547:13)
      at Nv.nextToken (node_modules/@storybook/core/dist/babel/index.cjs:136654:12)
      at Nv.next (node_modules/@storybook/core/dist/babel/index.cjs:136586:62)
      at Nv.eat (node_modules/@storybook/core/dist/babel/index.cjs:136589:36)
      at Nv.parseObjectProperty (node_modules/@storybook/core/dist/babel/index.cjs:142655:34)
      at Nv.parseObjPropValue (node_modules/@storybook/core/dist/babel/index.cjs:142671:61)
      at Nv.parseObjPropValue (node_modules/@storybook/core/dist/babel/index.cjs:141367:49)
      at Nv.parsePropertyDefinition (node_modules/@storybook/core/dist/babel/index.cjs:142632:19)
      at Nv.parseObjectLike (node_modules/@storybook/core/dist/babel/index.cjs:142596:57)
      at Nv.parseExprAtom (node_modules/@storybook/core/dist/babel/index.cjs:142302:23)
      at Nv.parseExprAtom (node_modules/@storybook/core/dist/babel/index.cjs:139667:45)
      at Nv.parseExprSubscripts (node_modules/@storybook/core/dist/babel/index.cjs:142149:78)
      at Nv.parseUpdate (node_modules/@storybook/core/dist/babel/index.cjs:142139:45)
      at Nv.parseMaybeUnary (node_modules/@storybook/core/dist/babel/index.cjs:142124:20)
      at Nv.parseMaybeUnary (node_modules/@storybook/core/dist/babel/index.cjs:141419:93)
      at Nv.parseMaybeUnaryOrPrivate (node_modules/@storybook/core/dist/babel/index.cjs:142032:63)
      at Nv.parseExprOps (node_modules/@storybook/core/dist/babel/index.cjs:142035:78)
      at Nv.parseMaybeConditional (node_modules/@storybook/core/dist/babel/index.cjs:142020:78)
      at Nv.parseMaybeAssign (node_modules/@storybook/core/dist/babel/index.cjs:142004:20)
      at Nv.parseMaybeAssign (node_modules/@storybook/core/dist/babel/index.cjs:141392:22)
      at node_modules/@storybook/core/dist/babel/index.cjs:141986:41
      at Nv.allowInAnd (node_modules/@storybook/core/dist/babel/index.cjs:142978:14)
      at Nv.parseMaybeAssignAllowIn (node_modules/@storybook/core/dist/babel/index.cjs:141986:19)
      at Nv.parseObjectProperty (node_modules/@storybook/core/dist/babel/index.cjs:142656:81)
      at Nv.parseObjPropValue (node_modules/@storybook/core/dist/babel/index.cjs:142671:61)
      at Nv.parseObjPropValue (node_modules/@storybook/core/dist/babel/index.cjs:141367:49)
      at Nv.parsePropertyDefinition (node_modules/@storybook/core/dist/babel/index.cjs:142632:19)
      at Nv.parseObjectLike (node_modules/@storybook/core/dist/babel/index.cjs:142596:57)
      at Nv.parseExprAtom (node_modules/@storybook/core/dist/babel/index.cjs:142302:23)
      at Nv.parseExprAtom (node_modules/@storybook/core/dist/babel/index.cjs:139667:45)
      at Nv.parseExprSubscripts (node_modules/@storybook/core/dist/babel/index.cjs:142149:78)
      at Nv.parseUpdate (node_modules/@storybook/core/dist/babel/index.cjs:142139:45)
      at Nv.parseMaybeUnary (node_modules/@storybook/core/dist/babel/index.cjs:142124:20)
      at Nv.parseMaybeUnary (node_modules/@storybook/core/dist/babel/index.cjs:141419:93)
      at Nv.parseMaybeUnaryOrPrivate (node_modules/@storybook/core/dist/babel/index.cjs:142032:63)
      at Nv.parseExprOps (node_modules/@storybook/core/dist/babel/index.cjs:142035:78)
      at Nv.parseMaybeConditional (node_modules/@storybook/core/dist/babel/index.cjs:142020:78)
      at Nv.parseMaybeAssign (node_modules/@storybook/core/dist/babel/index.cjs:142004:20)
      at Nv.parseMaybeAssign (node_modules/@storybook/core/dist/babel/index.cjs:141392:22)
      at node_modules/@storybook/core/dist/babel/index.cjs:141986:41
      at Nv.allowInAnd (node_modules/@storybook/core/dist/babel/index.cjs:142978:14)
      at Nv.parseMaybeAssignAllowIn (node_modules/@storybook/core/dist/babel/index.cjs:141986:19)
      at Nv.parseObjectProperty (node_modules/@storybook/core/dist/babel/index.cjs:142656:81)
      at Nv.parseObjPropValue (node_modules/@storybook/core/dist/babel/index.cjs:142671:61)
      If you are in development, this likely indicates a problem with your Storybook process,
      check the terminal for errors.
      If you are in a deployed Storybook, there may have been an issue deploying the full Storybook
      build.
      at constructor (node_modules/@storybook/core/dist/babel/index.cjs:134900:15)
      at Nv.raise (node_modules/@storybook/core/dist/babel/index.cjs:137217:54)
      at Nv.readWord1 (node_modules/@storybook/core/dist/babel/index.cjs:137193:18)
      at Nv.readWord (node_modules/@storybook/core/dist/babel/index.cjs:137205:20)
      at Nv.getTokenFromCode (node_modules/@storybook/core/dist/babel/index.cjs:137028:16)
      at Nv.getTokenFromCode (node_modules/@storybook/core/dist/babel/index.cjs:139696:13)
      at Nv.getTokenFromCode (node_modules/@storybook/core/dist/babel/index.cjs:141547:13)
      at Nv.nextToken (node_modules/@storybook/core/dist/babel/index.cjs:136654:12)
      at Nv.next (node_modules/@storybook/core/dist/babel/index.cjs:136586:62)
      at Nv.eat (node_modules/@storybook/core/dist/babel/index.cjs:136589:36)
      at Nv.parseObjectProperty (node_modules/@storybook/core/dist/babel/index.cjs:142655:34)
      at Nv.parseObjPropValue (node_modules/@storybook/core/dist/babel/index.cjs:142671:61)
      at Nv.parseObjPropValue (node_modules/@storybook/core/dist/babel/index.cjs:141367:49)
      at Nv.parsePropertyDefinition (node_modules/@storybook/core/dist/babel/index.cjs:142632:19)
      at Nv.parseObjectLike (node_modules/@storybook/core/dist/babel/index.cjs:142596:57)
      at Nv.parseExprAtom (node_modules/@storybook/core/dist/babel/index.cjs:142302:23)
      at Nv.parseExprAtom (node_modules/@storybook/core/dist/babel/index.cjs:139667:45)
      at Nv.parseExprSubscripts (node_modules/@storybook/core/dist/babel/index.cjs:142149:78)
      at Nv.parseUpdate (node_modules/@storybook/core/dist/babel/index.cjs:142139:45)
      at Nv.parseMaybeUnary (node_modules/@storybook/core/dist/babel/index.cjs:142124:20)
      at Nv.parseMaybeUnary (node_modules/@storybook/core/dist/babel/index.cjs:141419:93)
      at Nv.parseMaybeUnaryOrPrivate (node_modules/@storybook/core/dist/babel/index.cjs:142032:63)
      at Nv.parseExprOps (node_modules/@storybook/core/dist/babel/index.cjs:142035:78)
      at Nv.parseMaybeConditional (node_modules/@storybook/core/dist/babel/index.cjs:142020:78)
      at Nv.parseMaybeAssign (node_modules/@storybook/core/dist/babel/index.cjs:142004:20)
      at Nv.parseMaybeAssign (node_modules/@storybook/core/dist/babel/index.cjs:141392:22)
      at node_modules/@storybook/core/dist/babel/index.cjs:141986:41
      at Nv.allowInAnd (node_modules/@storybook/core/dist/babel/index.cjs:142978:14)
      at Nv.parseMaybeAssignAllowIn (node_modules/@storybook/core/dist/babel/index.cjs:141986:19)
      at Nv.parseObjectProperty (node_modules/@storybook/core/dist/babel/index.cjs:142656:81)
      at Nv.parseObjPropValue (node_modules/@storybook/core/dist/babel/index.cjs:142671:61)
      at Nv.parseObjPropValue (node_modules/@storybook/core/dist/babel/index.cjs:141367:49)
      at Nv.parsePropertyDefinition (node_modules/@storybook/core/dist/babel/index.cjs:142632:19)
      at Nv.parseObjectLike (node_modules/@storybook/core/dist/babel/index.cjs:142596:57)
      at Nv.parseExprAtom (node_modules/@storybook/core/dist/babel/index.cjs:142302:23)
      at Nv.parseExprAtom (node_modules/@storybook/core/dist/babel/index.cjs:139667:45)
      at Nv.parseExprSubscripts (node_modules/@storybook/core/dist/babel/index.cjs:142149:78)
      at Nv.parseUpdate (node_modules/@storybook/core/dist/babel/index.cjs:142139:45)
      at Nv.parseMaybeUnary (node_modules/@storybook/core/dist/babel/index.cjs:142124:20)
      at Nv.parseMaybeUnary (node_modules/@storybook/core/dist/babel/index.cjs:141419:93)
      at Nv.parseMaybeUnaryOrPrivate (node_modules/@storybook/core/dist/babel/index.cjs:142032:63)
      at Nv.parseExprOps (node_modules/@storybook/core/dist/babel/index.cjs:142035:78)
      at Nv.parseMaybeConditional (node_modules/@storybook/core/dist/babel/index.cjs:142020:78)
      at Nv.parseMaybeAssign (node_modules/@storybook/core/dist/babel/index.cjs:142004:20)
      at Nv.parseMaybeAssign (node_modules/@storybook/core/dist/babel/index.cjs:141392:22)
      at node_modules/@storybook/core/dist/babel/index.cjs:141986:41
      at Nv.allowInAnd (node_modules/@storybook/core/dist/babel/index.cjs:142978:14)
      at Nv.parseMaybeAssignAllowIn (node_modules/@storybook/core/dist/babel/index.cjs:141986:19)
      at Nv.parseObjectProperty (node_modules/@storybook/core/dist/babel/index.cjs:142656:81)
      at Nv.parseObjPropValue (node_modules/@storybook/core/dist/babel/index.cjs:142671:61)
      If you are in development, this likely indicates a problem with your Storybook process,
      check the terminal for errors.
      If you are in a deployed Storybook, there may have been an issue deploying the full Storybook
      build.
      at ns2.getStoryIndexFromServer (packages/components/http:/localhost:6007/packages/components/node_modules/.cache/storybook/1c3385a5d25e538d10b518b310c74d3ca2690b6aaffeadccd74da79736171f86/sb-vite/deps/storybook_internal_preview_runtime.js?v=b3da04b4:8624:11)
      at async ns2.initializeWithProjectAnnotations (packages/components/http:/localhost:6007/packages/components/node_modules/.cache/storybook/1c3385a5d25e538d10b518b310c74d3ca2690b6aaffeadccd74da79736171f86/sb-vite/deps/storybook_internal_preview_runtime.js?v=b3da04b4:8606:15)
      at async ns2.initialize (packages/components/http:/localhost:6007/packages/components/node_modules/.cache/storybook/1c3385a5d25e538d10b518b310c74d3ca2690b6aaffeadccd74da79736171f86/sb-vite/deps/storybook_internal_preview_runtime.js?v=b3da04b4:8581:39)

  ● Components/Table/Custom Composition › WithToolbar › smoke-test

    SB_PREVIEW_API_0006 (StoryIndexFetchError): Error fetching `/index.json`:

    Unable to index ./src/Table/EnhancedTable.stories.tsx:
      SyntaxError: Unterminated template. (1467:15)

      at constructor (node_modules/@storybook/core/dist/babel/index.cjs:134900:15)
      at Nv.raise (node_modules/@storybook/core/dist/babel/index.cjs:137217:54)
      at Object.unterminated (node_modules/@storybook/core/dist/babel/index.cjs:136577:22)
      at readStringContents (node_modules/@storybook/core/dist/babel/index.cjs:136355:11)
      at Nv.readTemplateToken (node_modules/@storybook/core/dist/babel/index.cjs:137173:11)
      at Nv.getTokenFromCode (node_modules/@storybook/core/dist/babel/index.cjs:136958:16)
      at Nv.getTokenFromCode (node_modules/@storybook/core/dist/babel/index.cjs:139696:13)
      at Nv.getTokenFromCode (node_modules/@storybook/core/dist/babel/index.cjs:141547:13)
      at Nv.nextToken (node_modules/@storybook/core/dist/babel/index.cjs:136654:12)
      at Nv.next (node_modules/@storybook/core/dist/babel/index.cjs:136586:62)
      at Nv.eat (node_modules/@storybook/core/dist/babel/index.cjs:136589:36)
      at Nv.parseObjectProperty (node_modules/@storybook/core/dist/babel/index.cjs:142655:34)
      at Nv.parseObjPropValue (node_modules/@storybook/core/dist/babel/index.cjs:142671:61)
      at Nv.parseObjPropValue (node_modules/@storybook/core/dist/babel/index.cjs:141367:49)
      at Nv.parsePropertyDefinition (node_modules/@storybook/core/dist/babel/index.cjs:142632:19)
      at Nv.parseObjectLike (node_modules/@storybook/core/dist/babel/index.cjs:142596:57)
      at Nv.parseExprAtom (node_modules/@storybook/core/dist/babel/index.cjs:142302:23)
      at Nv.parseExprAtom (node_modules/@storybook/core/dist/babel/index.cjs:139667:45)
      at Nv.parseExprSubscripts (node_modules/@storybook/core/dist/babel/index.cjs:142149:78)
      at Nv.parseUpdate (node_modules/@storybook/core/dist/babel/index.cjs:142139:45)
      at Nv.parseMaybeUnary (node_modules/@storybook/core/dist/babel/index.cjs:142124:20)
      at Nv.parseMaybeUnary (node_modules/@storybook/core/dist/babel/index.cjs:141419:93)
      at Nv.parseMaybeUnaryOrPrivate (node_modules/@storybook/core/dist/babel/index.cjs:142032:63)
      at Nv.parseExprOps (node_modules/@storybook/core/dist/babel/index.cjs:142035:78)
      at Nv.parseMaybeConditional (node_modules/@storybook/core/dist/babel/index.cjs:142020:78)
      at Nv.parseMaybeAssign (node_modules/@storybook/core/dist/babel/index.cjs:142004:20)
      at Nv.parseMaybeAssign (node_modules/@storybook/core/dist/babel/index.cjs:141392:22)
      at node_modules/@storybook/core/dist/babel/index.cjs:141986:41
      at Nv.allowInAnd (node_modules/@storybook/core/dist/babel/index.cjs:142978:14)
      at Nv.parseMaybeAssignAllowIn (node_modules/@storybook/core/dist/babel/index.cjs:141986:19)
      at Nv.parseObjectProperty (node_modules/@storybook/core/dist/babel/index.cjs:142656:81)
      at Nv.parseObjPropValue (node_modules/@storybook/core/dist/babel/index.cjs:142671:61)
      at Nv.parseObjPropValue (node_modules/@storybook/core/dist/babel/index.cjs:141367:49)
      at Nv.parsePropertyDefinition (node_modules/@storybook/core/dist/babel/index.cjs:142632:19)
      at Nv.parseObjectLike (node_modules/@storybook/core/dist/babel/index.cjs:142596:57)
      at Nv.parseExprAtom (node_modules/@storybook/core/dist/babel/index.cjs:142302:23)
      at Nv.parseExprAtom (node_modules/@storybook/core/dist/babel/index.cjs:139667:45)
      at Nv.parseExprSubscripts (node_modules/@storybook/core/dist/babel/index.cjs:142149:78)
      at Nv.parseUpdate (node_modules/@storybook/core/dist/babel/index.cjs:142139:45)
      at Nv.parseMaybeUnary (node_modules/@storybook/core/dist/babel/index.cjs:142124:20)
      at Nv.parseMaybeUnary (node_modules/@storybook/core/dist/babel/index.cjs:141419:93)
      at Nv.parseMaybeUnaryOrPrivate (node_modules/@storybook/core/dist/babel/index.cjs:142032:63)
      at Nv.parseExprOps (node_modules/@storybook/core/dist/babel/index.cjs:142035:78)
      at Nv.parseMaybeConditional (node_modules/@storybook/core/dist/babel/index.cjs:142020:78)
      at Nv.parseMaybeAssign (node_modules/@storybook/core/dist/babel/index.cjs:142004:20)
      at Nv.parseMaybeAssign (node_modules/@storybook/core/dist/babel/index.cjs:141392:22)
      at node_modules/@storybook/core/dist/babel/index.cjs:141986:41
      at Nv.allowInAnd (node_modules/@storybook/core/dist/babel/index.cjs:142978:14)
      at Nv.parseMaybeAssignAllowIn (node_modules/@storybook/core/dist/babel/index.cjs:141986:19)
      at Nv.parseObjectProperty (node_modules/@storybook/core/dist/babel/index.cjs:142656:81)
      If you are in development, this likely indicates a problem with your Storybook process,
      check the terminal for errors.
      If you are in a deployed Storybook, there may have been an issue deploying the full Storybook
      build.
      at constructor (node_modules/@storybook/core/dist/babel/index.cjs:134900:15)
      at Nv.raise (node_modules/@storybook/core/dist/babel/index.cjs:137217:54)
      at Object.unterminated (node_modules/@storybook/core/dist/babel/index.cjs:136577:22)
      at readStringContents (node_modules/@storybook/core/dist/babel/index.cjs:136355:11)
      at Nv.readTemplateToken (node_modules/@storybook/core/dist/babel/index.cjs:137173:11)
      at Nv.getTokenFromCode (node_modules/@storybook/core/dist/babel/index.cjs:136958:16)
      at Nv.getTokenFromCode (node_modules/@storybook/core/dist/babel/index.cjs:139696:13)
      at Nv.getTokenFromCode (node_modules/@storybook/core/dist/babel/index.cjs:141547:13)
      at Nv.nextToken (node_modules/@storybook/core/dist/babel/index.cjs:136654:12)
      at Nv.next (node_modules/@storybook/core/dist/babel/index.cjs:136586:62)
      at Nv.eat (node_modules/@storybook/core/dist/babel/index.cjs:136589:36)
      at Nv.parseObjectProperty (node_modules/@storybook/core/dist/babel/index.cjs:142655:34)
      at Nv.parseObjPropValue (node_modules/@storybook/core/dist/babel/index.cjs:142671:61)
      at Nv.parseObjPropValue (node_modules/@storybook/core/dist/babel/index.cjs:141367:49)
      at Nv.parsePropertyDefinition (node_modules/@storybook/core/dist/babel/index.cjs:142632:19)
      at Nv.parseObjectLike (node_modules/@storybook/core/dist/babel/index.cjs:142596:57)
      at Nv.parseExprAtom (node_modules/@storybook/core/dist/babel/index.cjs:142302:23)
      at Nv.parseExprAtom (node_modules/@storybook/core/dist/babel/index.cjs:139667:45)
      at Nv.parseExprSubscripts (node_modules/@storybook/core/dist/babel/index.cjs:142149:78)
      at Nv.parseUpdate (node_modules/@storybook/core/dist/babel/index.cjs:142139:45)
      at Nv.parseMaybeUnary (node_modules/@storybook/core/dist/babel/index.cjs:142124:20)
      at Nv.parseMaybeUnary (node_modules/@storybook/core/dist/babel/index.cjs:141419:93)
      at Nv.parseMaybeUnaryOrPrivate (node_modules/@storybook/core/dist/babel/index.cjs:142032:63)
      at Nv.parseExprOps (node_modules/@storybook/core/dist/babel/index.cjs:142035:78)
      at Nv.parseMaybeConditional (node_modules/@storybook/core/dist/babel/index.cjs:142020:78)
      at Nv.parseMaybeAssign (node_modules/@storybook/core/dist/babel/index.cjs:142004:20)
      at Nv.parseMaybeAssign (node_modules/@storybook/core/dist/babel/index.cjs:141392:22)
      at node_modules/@storybook/core/dist/babel/index.cjs:141986:41
      at Nv.allowInAnd (node_modules/@storybook/core/dist/babel/index.cjs:142978:14)
      at Nv.parseMaybeAssignAllowIn (node_modules/@storybook/core/dist/babel/index.cjs:141986:19)
      at Nv.parseObjectProperty (node_modules/@storybook/core/dist/babel/index.cjs:142656:81)
      at Nv.parseObjPropValue (node_modules/@storybook/core/dist/babel/index.cjs:142671:61)
      at Nv.parseObjPropValue (node_modules/@storybook/core/dist/babel/index.cjs:141367:49)
      at Nv.parsePropertyDefinition (node_modules/@storybook/core/dist/babel/index.cjs:142632:19)
      at Nv.parseObjectLike (node_modules/@storybook/core/dist/babel/index.cjs:142596:57)
      at Nv.parseExprAtom (node_modules/@storybook/core/dist/babel/index.cjs:142302:23)
      at Nv.parseExprAtom (node_modules/@storybook/core/dist/babel/index.cjs:139667:45)
      at Nv.parseExprSubscripts (node_modules/@storybook/core/dist/babel/index.cjs:142149:78)
      at Nv.parseUpdate (node_modules/@storybook/core/dist/babel/index.cjs:142139:45)
      at Nv.parseMaybeUnary (node_modules/@storybook/core/dist/babel/index.cjs:142124:20)
      at Nv.parseMaybeUnary (node_modules/@storybook/core/dist/babel/index.cjs:141419:93)
      at Nv.parseMaybeUnaryOrPrivate (node_modules/@storybook/core/dist/babel/index.cjs:142032:63)
      at Nv.parseExprOps (node_modules/@storybook/core/dist/babel/index.cjs:142035:78)
      at Nv.parseMaybeConditional (node_modules/@storybook/core/dist/babel/index.cjs:142020:78)
      at Nv.parseMaybeAssign (node_modules/@storybook/core/dist/babel/index.cjs:142004:20)
      at Nv.parseMaybeAssign (node_modules/@storybook/core/dist/babel/index.cjs:141392:22)
      at node_modules/@storybook/core/dist/babel/index.cjs:141986:41
      at Nv.allowInAnd (node_modules/@storybook/core/dist/babel/index.cjs:142978:14)
      at Nv.parseMaybeAssignAllowIn (node_modules/@storybook/core/dist/babel/index.cjs:141986:19)
      at Nv.parseObjectProperty (node_modules/@storybook/core/dist/babel/index.cjs:142656:81)
      If you are in development, this likely indicates a problem with your Storybook process,
      check the terminal for errors.
      If you are in a deployed Storybook, there may have been an issue deploying the full Storybook
      build.
      at ns2.getStoryIndexFromServer (packages/components/http:/localhost:6007/packages/components/node_modules/.cache/storybook/1c3385a5d25e538d10b518b310c74d3ca2690b6aaffeadccd74da79736171f86/sb-vite/deps/storybook_internal_preview_runtime.js?v=b3da04b4:8624:11)
      at async ns2.onStoryIndexChanged (packages/components/http:/localhost:6007/packages/components/node_modules/.cache/storybook/1c3385a5d25e538d10b518b310c74d3ca2690b6aaffeadccd74da79736171f86/sb-vite/deps/storybook_internal_preview_runtime.js?v=b3da04b4:8664:17)

  ● Components/Table/Custom Composition › WithToolbar › smoke-test

    SB_PREVIEW_API_0006 (StoryIndexFetchError): Error fetching `/index.json`:

    Unable to index ./src/Table/EnhancedTable.stories.tsx:
      SyntaxError: Unterminated template. (1467:15)

      at constructor (node_modules/@storybook/core/dist/babel/index.cjs:134900:15)
      at Nv.raise (node_modules/@storybook/core/dist/babel/index.cjs:137217:54)
      at Object.unterminated (node_modules/@storybook/core/dist/babel/index.cjs:136577:22)
      at readStringContents (node_modules/@storybook/core/dist/babel/index.cjs:136355:11)
      at Nv.readTemplateToken (node_modules/@storybook/core/dist/babel/index.cjs:137173:11)
      at Nv.getTokenFromCode (node_modules/@storybook/core/dist/babel/index.cjs:136958:16)
      at Nv.getTokenFromCode (node_modules/@storybook/core/dist/babel/index.cjs:139696:13)
      at Nv.getTokenFromCode (node_modules/@storybook/core/dist/babel/index.cjs:141547:13)
      at Nv.nextToken (node_modules/@storybook/core/dist/babel/index.cjs:136654:12)
      at Nv.next (node_modules/@storybook/core/dist/babel/index.cjs:136586:62)
      at Nv.eat (node_modules/@storybook/core/dist/babel/index.cjs:136589:36)
      at Nv.parseObjectProperty (node_modules/@storybook/core/dist/babel/index.cjs:142655:34)
      at Nv.parseObjPropValue (node_modules/@storybook/core/dist/babel/index.cjs:142671:61)
      at Nv.parseObjPropValue (node_modules/@storybook/core/dist/babel/index.cjs:141367:49)
      at Nv.parsePropertyDefinition (node_modules/@storybook/core/dist/babel/index.cjs:142632:19)
      at Nv.parseObjectLike (node_modules/@storybook/core/dist/babel/index.cjs:142596:57)
      at Nv.parseExprAtom (node_modules/@storybook/core/dist/babel/index.cjs:142302:23)
      at Nv.parseExprAtom (node_modules/@storybook/core/dist/babel/index.cjs:139667:45)
      at Nv.parseExprSubscripts (node_modules/@storybook/core/dist/babel/index.cjs:142149:78)
      at Nv.parseUpdate (node_modules/@storybook/core/dist/babel/index.cjs:142139:45)
      at Nv.parseMaybeUnary (node_modules/@storybook/core/dist/babel/index.cjs:142124:20)
      at Nv.parseMaybeUnary (node_modules/@storybook/core/dist/babel/index.cjs:141419:93)
      at Nv.parseMaybeUnaryOrPrivate (node_modules/@storybook/core/dist/babel/index.cjs:142032:63)
      at Nv.parseExprOps (node_modules/@storybook/core/dist/babel/index.cjs:142035:78)
      at Nv.parseMaybeConditional (node_modules/@storybook/core/dist/babel/index.cjs:142020:78)
      at Nv.parseMaybeAssign (node_modules/@storybook/core/dist/babel/index.cjs:142004:20)
      at Nv.parseMaybeAssign (node_modules/@storybook/core/dist/babel/index.cjs:141392:22)
      at node_modules/@storybook/core/dist/babel/index.cjs:141986:41
      at Nv.allowInAnd (node_modules/@storybook/core/dist/babel/index.cjs:142978:14)
      at Nv.parseMaybeAssignAllowIn (node_modules/@storybook/core/dist/babel/index.cjs:141986:19)
      at Nv.parseObjectProperty (node_modules/@storybook/core/dist/babel/index.cjs:142656:81)
      at Nv.parseObjPropValue (node_modules/@storybook/core/dist/babel/index.cjs:142671:61)
      at Nv.parseObjPropValue (node_modules/@storybook/core/dist/babel/index.cjs:141367:49)
      at Nv.parsePropertyDefinition (node_modules/@storybook/core/dist/babel/index.cjs:142632:19)
      at Nv.parseObjectLike (node_modules/@storybook/core/dist/babel/index.cjs:142596:57)
      at Nv.parseExprAtom (node_modules/@storybook/core/dist/babel/index.cjs:142302:23)
      at Nv.parseExprAtom (node_modules/@storybook/core/dist/babel/index.cjs:139667:45)
      at Nv.parseExprSubscripts (node_modules/@storybook/core/dist/babel/index.cjs:142149:78)
      at Nv.parseUpdate (node_modules/@storybook/core/dist/babel/index.cjs:142139:45)
      at Nv.parseMaybeUnary (node_modules/@storybook/core/dist/babel/index.cjs:142124:20)
      at Nv.parseMaybeUnary (node_modules/@storybook/core/dist/babel/index.cjs:141419:93)
      at Nv.parseMaybeUnaryOrPrivate (node_modules/@storybook/core/dist/babel/index.cjs:142032:63)
      at Nv.parseExprOps (node_modules/@storybook/core/dist/babel/index.cjs:142035:78)
      at Nv.parseMaybeConditional (node_modules/@storybook/core/dist/babel/index.cjs:142020:78)
      at Nv.parseMaybeAssign (node_modules/@storybook/core/dist/babel/index.cjs:142004:20)
      at Nv.parseMaybeAssign (node_modules/@storybook/core/dist/babel/index.cjs:141392:22)
      at node_modules/@storybook/core/dist/babel/index.cjs:141986:41
      at Nv.allowInAnd (node_modules/@storybook/core/dist/babel/index.cjs:142978:14)
      at Nv.parseMaybeAssignAllowIn (node_modules/@storybook/core/dist/babel/index.cjs:141986:19)
      at Nv.parseObjectProperty (node_modules/@storybook/core/dist/babel/index.cjs:142656:81)
      If you are in development, this likely indicates a problem with your Storybook process,
      check the terminal for errors.
      If you are in a deployed Storybook, there may have been an issue deploying the full Storybook
      build.
      at constructor (node_modules/@storybook/core/dist/babel/index.cjs:134900:15)
      at Nv.raise (node_modules/@storybook/core/dist/babel/index.cjs:137217:54)
      at Object.unterminated (node_modules/@storybook/core/dist/babel/index.cjs:136577:22)
      at readStringContents (node_modules/@storybook/core/dist/babel/index.cjs:136355:11)
      at Nv.readTemplateToken (node_modules/@storybook/core/dist/babel/index.cjs:137173:11)
      at Nv.getTokenFromCode (node_modules/@storybook/core/dist/babel/index.cjs:136958:16)
      at Nv.getTokenFromCode (node_modules/@storybook/core/dist/babel/index.cjs:139696:13)
      at Nv.getTokenFromCode (node_modules/@storybook/core/dist/babel/index.cjs:141547:13)
      at Nv.nextToken (node_modules/@storybook/core/dist/babel/index.cjs:136654:12)
      at Nv.next (node_modules/@storybook/core/dist/babel/index.cjs:136586:62)
      at Nv.eat (node_modules/@storybook/core/dist/babel/index.cjs:136589:36)
      at Nv.parseObjectProperty (node_modules/@storybook/core/dist/babel/index.cjs:142655:34)
      at Nv.parseObjPropValue (node_modules/@storybook/core/dist/babel/index.cjs:142671:61)
      at Nv.parseObjPropValue (node_modules/@storybook/core/dist/babel/index.cjs:141367:49)
      at Nv.parsePropertyDefinition (node_modules/@storybook/core/dist/babel/index.cjs:142632:19)
      at Nv.parseObjectLike (node_modules/@storybook/core/dist/babel/index.cjs:142596:57)
      at Nv.parseExprAtom (node_modules/@storybook/core/dist/babel/index.cjs:142302:23)
      at Nv.parseExprAtom (node_modules/@storybook/core/dist/babel/index.cjs:139667:45)
      at Nv.parseExprSubscripts (node_modules/@storybook/core/dist/babel/index.cjs:142149:78)
      at Nv.parseUpdate (node_modules/@storybook/core/dist/babel/index.cjs:142139:45)
      at Nv.parseMaybeUnary (node_modules/@storybook/core/dist/babel/index.cjs:142124:20)
      at Nv.parseMaybeUnary (node_modules/@storybook/core/dist/babel/index.cjs:141419:93)
      at Nv.parseMaybeUnaryOrPrivate (node_modules/@storybook/core/dist/babel/index.cjs:142032:63)
      at Nv.parseExprOps (node_modules/@storybook/core/dist/babel/index.cjs:142035:78)
      at Nv.parseMaybeConditional (node_modules/@storybook/core/dist/babel/index.cjs:142020:78)
      at Nv.parseMaybeAssign (node_modules/@storybook/core/dist/babel/index.cjs:142004:20)
      at Nv.parseMaybeAssign (node_modules/@storybook/core/dist/babel/index.cjs:141392:22)
      at node_modules/@storybook/core/dist/babel/index.cjs:141986:41
      at Nv.allowInAnd (node_modules/@storybook/core/dist/babel/index.cjs:142978:14)
      at Nv.parseMaybeAssignAllowIn (node_modules/@storybook/core/dist/babel/index.cjs:141986:19)
      at Nv.parseObjectProperty (node_modules/@storybook/core/dist/babel/index.cjs:142656:81)
      at Nv.parseObjPropValue (node_modules/@storybook/core/dist/babel/index.cjs:142671:61)
      at Nv.parseObjPropValue (node_modules/@storybook/core/dist/babel/index.cjs:141367:49)
      at Nv.parsePropertyDefinition (node_modules/@storybook/core/dist/babel/index.cjs:142632:19)
      at Nv.parseObjectLike (node_modules/@storybook/core/dist/babel/index.cjs:142596:57)
      at Nv.parseExprAtom (node_modules/@storybook/core/dist/babel/index.cjs:142302:23)
      at Nv.parseExprAtom (node_modules/@storybook/core/dist/babel/index.cjs:139667:45)
      at Nv.parseExprSubscripts (node_modules/@storybook/core/dist/babel/index.cjs:142149:78)
      at Nv.parseUpdate (node_modules/@storybook/core/dist/babel/index.cjs:142139:45)
      at Nv.parseMaybeUnary (node_modules/@storybook/core/dist/babel/index.cjs:142124:20)
      at Nv.parseMaybeUnary (node_modules/@storybook/core/dist/babel/index.cjs:141419:93)
      at Nv.parseMaybeUnaryOrPrivate (node_modules/@storybook/core/dist/babel/index.cjs:142032:63)
      at Nv.parseExprOps (node_modules/@storybook/core/dist/babel/index.cjs:142035:78)
      at Nv.parseMaybeConditional (node_modules/@storybook/core/dist/babel/index.cjs:142020:78)
      at Nv.parseMaybeAssign (node_modules/@storybook/core/dist/babel/index.cjs:142004:20)
      at Nv.parseMaybeAssign (node_modules/@storybook/core/dist/babel/index.cjs:141392:22)
      at node_modules/@storybook/core/dist/babel/index.cjs:141986:41
      at Nv.allowInAnd (node_modules/@storybook/core/dist/babel/index.cjs:142978:14)
      at Nv.parseMaybeAssignAllowIn (node_modules/@storybook/core/dist/babel/index.cjs:141986:19)
      at Nv.parseObjectProperty (node_modules/@storybook/core/dist/babel/index.cjs:142656:81)
      If you are in development, this likely indicates a problem with your Storybook process,
      check the terminal for errors.
      If you are in a deployed Storybook, there may have been an issue deploying the full Storybook
      build.
      at ns2.getStoryIndexFromServer (packages/components/http:/localhost:6007/packages/components/node_modules/.cache/storybook/1c3385a5d25e538d10b518b310c74d3ca2690b6aaffeadccd74da79736171f86/sb-vite/deps/storybook_internal_preview_runtime.js?v=b3da04b4:8624:11)
      at async ns2.onStoryIndexChanged (packages/components/http:/localhost:6007/packages/components/node_modules/.cache/storybook/1c3385a5d25e538d10b518b310c74d3ca2690b6aaffeadccd74da79736171f86/sb-vite/deps/storybook_internal_preview_runtime.js?v=b3da04b4:8664:17)

  ● Components/Table/Custom Composition › WithToolbar › smoke-test

    SB_PREVIEW_API_0005 (CalledPreviewMethodBeforeInitializationError): Called `Preview.onStoriesChanged()` before initialization.

    The preview needs to load the story index before most methods can be called. If you want
    to call `onStoriesChanged`, try `await preview.initializationPromise;` first.

    If you didn't call the above code, then likely it was called by an addon that needs to
    do the above.

      at ns2.onStoriesChanged (packages/components/http:/localhost:6007/packages/components/node_modules/.cache/storybook/1c3385a5d25e538d10b518b310c74d3ca2690b6aaffeadccd74da79736171f86/sb-vite/deps/storybook_internal_preview_runtime.js?v=b3da04b4:8680:13)
      at ns2.onStoriesChanged (packages/components/http:/localhost:6007/packages/components/node_modules/.cache/storybook/1c3385a5d25e538d10b518b310c74d3ca2690b6aaffeadccd74da79736171f86/sb-vite/deps/storybook_internal_preview_runtime.js?v=b3da04b4:9171:17)
      at packages/components/http:/localhost:6007/@id/__x00__virtual:/@storybook/builder-vite/vite-app.js:39:35
      at packages/components/http:/localhost:6007/@vite/client:36:52
      at packages/components/http:/localhost:6007/@vite/client:213:11
      at packages/components/http:/localhost:6007/@vite/client:186:58
          at Array.forEach (<anonymous>)
      at HMRClient.queueUpdate (packages/components/http:/localhost:6007/@vite/client:186:36)
          at async Promise.all (index 0)
      at async handleMessage (packages/components/http:/localhost:6007/@vite/client:927:7)

  ● Components/Table/Custom Composition › WithToolbar › smoke-test

    thrown: "Exceeded timeout of 30000 ms for a test.
    Add a timeout value to this test to increase the timeout, if this is a long-running test. See https://jestjs.io/docs/api#testname-fn-timeout."

      275 |         </TableToolbar>
      276 |         
    > 277 |         <TableContainer>
          |             ^
      278 |           <StyledTable>
      279 |             <thead>
      280 |               <tr>

      at packages/components/src/Table/CustomTableComposition.stories.tsx:277:13
      at packages/components/src/Table/CustomTableComposition.stories.tsx:276:9
      at Object.<anonymous> (packages/components/src/Table/CustomTableComposition.stories.tsx:128:5)

  ● Components/Table/Custom Composition › WithSortingAndSelection › smoke-test

    SB_PREVIEW_API_0006 (StoryIndexFetchError): Error fetching `/index.json`:

    Unable to index ./src/Table/EnhancedTable.stories.tsx:
      SyntaxError: Expecting Unicode escape sequence \uXXXX. (1467:15)

      at constructor (node_modules/@storybook/core/dist/babel/index.cjs:134900:15)
      at Nv.raise (node_modules/@storybook/core/dist/babel/index.cjs:137217:54)
      at Nv.readWord1 (node_modules/@storybook/core/dist/babel/index.cjs:137193:18)
      at Nv.readWord (node_modules/@storybook/core/dist/babel/index.cjs:137205:20)
      at Nv.getTokenFromCode (node_modules/@storybook/core/dist/babel/index.cjs:137028:16)
      at Nv.getTokenFromCode (node_modules/@storybook/core/dist/babel/index.cjs:139696:13)
      at Nv.getTokenFromCode (node_modules/@storybook/core/dist/babel/index.cjs:141547:13)
      at Nv.nextToken (node_modules/@storybook/core/dist/babel/index.cjs:136654:12)
      at Nv.next (node_modules/@storybook/core/dist/babel/index.cjs:136586:62)
      at Nv.eat (node_modules/@storybook/core/dist/babel/index.cjs:136589:36)
      at Nv.parseObjectProperty (node_modules/@storybook/core/dist/babel/index.cjs:142655:34)
      at Nv.parseObjPropValue (node_modules/@storybook/core/dist/babel/index.cjs:142671:61)
      at Nv.parseObjPropValue (node_modules/@storybook/core/dist/babel/index.cjs:141367:49)
      at Nv.parsePropertyDefinition (node_modules/@storybook/core/dist/babel/index.cjs:142632:19)
      at Nv.parseObjectLike (node_modules/@storybook/core/dist/babel/index.cjs:142596:57)
      at Nv.parseExprAtom (node_modules/@storybook/core/dist/babel/index.cjs:142302:23)
      at Nv.parseExprAtom (node_modules/@storybook/core/dist/babel/index.cjs:139667:45)
      at Nv.parseExprSubscripts (node_modules/@storybook/core/dist/babel/index.cjs:142149:78)
      at Nv.parseUpdate (node_modules/@storybook/core/dist/babel/index.cjs:142139:45)
      at Nv.parseMaybeUnary (node_modules/@storybook/core/dist/babel/index.cjs:142124:20)
      at Nv.parseMaybeUnary (node_modules/@storybook/core/dist/babel/index.cjs:141419:93)
      at Nv.parseMaybeUnaryOrPrivate (node_modules/@storybook/core/dist/babel/index.cjs:142032:63)
      at Nv.parseExprOps (node_modules/@storybook/core/dist/babel/index.cjs:142035:78)
      at Nv.parseMaybeConditional (node_modules/@storybook/core/dist/babel/index.cjs:142020:78)
      at Nv.parseMaybeAssign (node_modules/@storybook/core/dist/babel/index.cjs:142004:20)
      at Nv.parseMaybeAssign (node_modules/@storybook/core/dist/babel/index.cjs:141392:22)
      at node_modules/@storybook/core/dist/babel/index.cjs:141986:41
      at Nv.allowInAnd (node_modules/@storybook/core/dist/babel/index.cjs:142978:14)
      at Nv.parseMaybeAssignAllowIn (node_modules/@storybook/core/dist/babel/index.cjs:141986:19)
      at Nv.parseObjectProperty (node_modules/@storybook/core/dist/babel/index.cjs:142656:81)
      at Nv.parseObjPropValue (node_modules/@storybook/core/dist/babel/index.cjs:142671:61)
      at Nv.parseObjPropValue (node_modules/@storybook/core/dist/babel/index.cjs:141367:49)
      at Nv.parsePropertyDefinition (node_modules/@storybook/core/dist/babel/index.cjs:142632:19)
      at Nv.parseObjectLike (node_modules/@storybook/core/dist/babel/index.cjs:142596:57)
      at Nv.parseExprAtom (node_modules/@storybook/core/dist/babel/index.cjs:142302:23)
      at Nv.parseExprAtom (node_modules/@storybook/core/dist/babel/index.cjs:139667:45)
      at Nv.parseExprSubscripts (node_modules/@storybook/core/dist/babel/index.cjs:142149:78)
      at Nv.parseUpdate (node_modules/@storybook/core/dist/babel/index.cjs:142139:45)
      at Nv.parseMaybeUnary (node_modules/@storybook/core/dist/babel/index.cjs:142124:20)
      at Nv.parseMaybeUnary (node_modules/@storybook/core/dist/babel/index.cjs:141419:93)
      at Nv.parseMaybeUnaryOrPrivate (node_modules/@storybook/core/dist/babel/index.cjs:142032:63)
      at Nv.parseExprOps (node_modules/@storybook/core/dist/babel/index.cjs:142035:78)
      at Nv.parseMaybeConditional (node_modules/@storybook/core/dist/babel/index.cjs:142020:78)
      at Nv.parseMaybeAssign (node_modules/@storybook/core/dist/babel/index.cjs:142004:20)
      at Nv.parseMaybeAssign (node_modules/@storybook/core/dist/babel/index.cjs:141392:22)
      at node_modules/@storybook/core/dist/babel/index.cjs:141986:41
      at Nv.allowInAnd (node_modules/@storybook/core/dist/babel/index.cjs:142978:14)
      at Nv.parseMaybeAssignAllowIn (node_modules/@storybook/core/dist/babel/index.cjs:141986:19)
      at Nv.parseObjectProperty (node_modules/@storybook/core/dist/babel/index.cjs:142656:81)
      at Nv.parseObjPropValue (node_modules/@storybook/core/dist/babel/index.cjs:142671:61)
      If you are in development, this likely indicates a problem with your Storybook process,
      check the terminal for errors.
      If you are in a deployed Storybook, there may have been an issue deploying the full Storybook
      build.
      at constructor (node_modules/@storybook/core/dist/babel/index.cjs:134900:15)
      at Nv.raise (node_modules/@storybook/core/dist/babel/index.cjs:137217:54)
      at Nv.readWord1 (node_modules/@storybook/core/dist/babel/index.cjs:137193:18)
      at Nv.readWord (node_modules/@storybook/core/dist/babel/index.cjs:137205:20)
      at Nv.getTokenFromCode (node_modules/@storybook/core/dist/babel/index.cjs:137028:16)
      at Nv.getTokenFromCode (node_modules/@storybook/core/dist/babel/index.cjs:139696:13)
      at Nv.getTokenFromCode (node_modules/@storybook/core/dist/babel/index.cjs:141547:13)
      at Nv.nextToken (node_modules/@storybook/core/dist/babel/index.cjs:136654:12)
      at Nv.next (node_modules/@storybook/core/dist/babel/index.cjs:136586:62)
      at Nv.eat (node_modules/@storybook/core/dist/babel/index.cjs:136589:36)
      at Nv.parseObjectProperty (node_modules/@storybook/core/dist/babel/index.cjs:142655:34)
      at Nv.parseObjPropValue (node_modules/@storybook/core/dist/babel/index.cjs:142671:61)
      at Nv.parseObjPropValue (node_modules/@storybook/core/dist/babel/index.cjs:141367:49)
      at Nv.parsePropertyDefinition (node_modules/@storybook/core/dist/babel/index.cjs:142632:19)
      at Nv.parseObjectLike (node_modules/@storybook/core/dist/babel/index.cjs:142596:57)
      at Nv.parseExprAtom (node_modules/@storybook/core/dist/babel/index.cjs:142302:23)
      at Nv.parseExprAtom (node_modules/@storybook/core/dist/babel/index.cjs:139667:45)
      at Nv.parseExprSubscripts (node_modules/@storybook/core/dist/babel/index.cjs:142149:78)
      at Nv.parseUpdate (node_modules/@storybook/core/dist/babel/index.cjs:142139:45)
      at Nv.parseMaybeUnary (node_modules/@storybook/core/dist/babel/index.cjs:142124:20)
      at Nv.parseMaybeUnary (node_modules/@storybook/core/dist/babel/index.cjs:141419:93)
      at Nv.parseMaybeUnaryOrPrivate (node_modules/@storybook/core/dist/babel/index.cjs:142032:63)
      at Nv.parseExprOps (node_modules/@storybook/core/dist/babel/index.cjs:142035:78)
      at Nv.parseMaybeConditional (node_modules/@storybook/core/dist/babel/index.cjs:142020:78)
      at Nv.parseMaybeAssign (node_modules/@storybook/core/dist/babel/index.cjs:142004:20)
      at Nv.parseMaybeAssign (node_modules/@storybook/core/dist/babel/index.cjs:141392:22)
      at node_modules/@storybook/core/dist/babel/index.cjs:141986:41
      at Nv.allowInAnd (node_modules/@storybook/core/dist/babel/index.cjs:142978:14)
      at Nv.parseMaybeAssignAllowIn (node_modules/@storybook/core/dist/babel/index.cjs:141986:19)
      at Nv.parseObjectProperty (node_modules/@storybook/core/dist/babel/index.cjs:142656:81)
      at Nv.parseObjPropValue (node_modules/@storybook/core/dist/babel/index.cjs:142671:61)
      at Nv.parseObjPropValue (node_modules/@storybook/core/dist/babel/index.cjs:141367:49)
      at Nv.parsePropertyDefinition (node_modules/@storybook/core/dist/babel/index.cjs:142632:19)
      at Nv.parseObjectLike (node_modules/@storybook/core/dist/babel/index.cjs:142596:57)
      at Nv.parseExprAtom (node_modules/@storybook/core/dist/babel/index.cjs:142302:23)
      at Nv.parseExprAtom (node_modules/@storybook/core/dist/babel/index.cjs:139667:45)
      at Nv.parseExprSubscripts (node_modules/@storybook/core/dist/babel/index.cjs:142149:78)
      at Nv.parseUpdate (node_modules/@storybook/core/dist/babel/index.cjs:142139:45)
      at Nv.parseMaybeUnary (node_modules/@storybook/core/dist/babel/index.cjs:142124:20)
      at Nv.parseMaybeUnary (node_modules/@storybook/core/dist/babel/index.cjs:141419:93)
      at Nv.parseMaybeUnaryOrPrivate (node_modules/@storybook/core/dist/babel/index.cjs:142032:63)
      at Nv.parseExprOps (node_modules/@storybook/core/dist/babel/index.cjs:142035:78)
      at Nv.parseMaybeConditional (node_modules/@storybook/core/dist/babel/index.cjs:142020:78)
      at Nv.parseMaybeAssign (node_modules/@storybook/core/dist/babel/index.cjs:142004:20)
      at Nv.parseMaybeAssign (node_modules/@storybook/core/dist/babel/index.cjs:141392:22)
      at node_modules/@storybook/core/dist/babel/index.cjs:141986:41
      at Nv.allowInAnd (node_modules/@storybook/core/dist/babel/index.cjs:142978:14)
      at Nv.parseMaybeAssignAllowIn (node_modules/@storybook/core/dist/babel/index.cjs:141986:19)
      at Nv.parseObjectProperty (node_modules/@storybook/core/dist/babel/index.cjs:142656:81)
      at Nv.parseObjPropValue (node_modules/@storybook/core/dist/babel/index.cjs:142671:61)
      If you are in development, this likely indicates a problem with your Storybook process,
      check the terminal for errors.
      If you are in a deployed Storybook, there may have been an issue deploying the full Storybook
      build.
      at ns2.getStoryIndexFromServer (packages/components/http:/localhost:6007/packages/components/node_modules/.cache/storybook/1c3385a5d25e538d10b518b310c74d3ca2690b6aaffeadccd74da79736171f86/sb-vite/deps/storybook_internal_preview_runtime.js?v=b3da04b4:8624:11)
      at async ns2.initializeWithProjectAnnotations (packages/components/http:/localhost:6007/packages/components/node_modules/.cache/storybook/1c3385a5d25e538d10b518b310c74d3ca2690b6aaffeadccd74da79736171f86/sb-vite/deps/storybook_internal_preview_runtime.js?v=b3da04b4:8606:15)
      at async ns2.initialize (packages/components/http:/localhost:6007/packages/components/node_modules/.cache/storybook/1c3385a5d25e538d10b518b310c74d3ca2690b6aaffeadccd74da79736171f86/sb-vite/deps/storybook_internal_preview_runtime.js?v=b3da04b4:8581:39)

  ● Components/Table/Custom Composition › WithSortingAndSelection › smoke-test

    page.evaluate: Error: Axe is already running. Use `await axe.run()` to wait for the previous run to finish before starting a new run.

      at E (eval at <anonymous> (eval at evaluate (:311:30))packages/components/, <anonymous>:12:93952)
      at axe.run (eval at <anonymous> (eval at evaluate (:311:30))packages/components/, <anonymous>:12:473583)
      at eval (eval at evaluate (:311:30)packages/components/, <anonymous>:2:27)
      at UtilityScript.evaluate (packages/components/<anonymous>:313:16)
      at UtilityScript.<anonymous> (packages/components/<anonymous>:1:44)
      at node_modules/axe-playwright/dist/index.js:74:31
      at node_modules/axe-playwright/dist/index.js:31:71
      at Object.<anonymous>.__awaiter (node_modules/axe-playwright/dist/index.js:27:12)
      at getAxeResults (node_modules/axe-playwright/dist/index.js:73:51)
      at node_modules/axe-playwright/dist/index.js:87:52
      at node_modules/axe-playwright/dist/index.js:31:71
      at Object.<anonymous>.__awaiter (node_modules/axe-playwright/dist/index.js:27:12)
      at getViolations (node_modules/axe-playwright/dist/index.js:86:51)
      at node_modules/axe-playwright/dist/index.js:111:56
      at node_modules/axe-playwright/dist/index.js:31:71
      at Object.<anonymous>.__awaiter (node_modules/axe-playwright/dist/index.js:27:12)
      at checkA11y (node_modules/axe-playwright/dist/index.js:109:42)
      at postVisit (.storybook/test-runner.ts:13:20)
      at packages/components/src/Table/CustomTableComposition.stories.tsx:470:68
      at step (packages/components/src/Table/CustomTableComposition.stories.tsx:110:23)
      at Object.<anonymous> (packages/components/src/Table/CustomTableComposition.stories.tsx:51:20)
      at asyncGeneratorStep (packages/components/src/Table/CustomTableComposition.stories.tsx:4:28)
      at _next (packages/components/src/Table/CustomTableComposition.stories.tsx:19:17)

  ● Components/Table/Custom Composition › FullyCustomized › smoke-test

    SB_PREVIEW_API_0006 (StoryIndexFetchError): Error fetching `/index.json`:

    Unable to index ./src/Table/EnhancedTable.stories.tsx:
      SyntaxError: Expecting Unicode escape sequence \uXXXX. (1467:15)

      at constructor (node_modules/@storybook/core/dist/babel/index.cjs:134900:15)
      at Nv.raise (node_modules/@storybook/core/dist/babel/index.cjs:137217:54)
      at Nv.readWord1 (node_modules/@storybook/core/dist/babel/index.cjs:137193:18)
      at Nv.readWord (node_modules/@storybook/core/dist/babel/index.cjs:137205:20)
      at Nv.getTokenFromCode (node_modules/@storybook/core/dist/babel/index.cjs:137028:16)
      at Nv.getTokenFromCode (node_modules/@storybook/core/dist/babel/index.cjs:139696:13)
      at Nv.getTokenFromCode (node_modules/@storybook/core/dist/babel/index.cjs:141547:13)
      at Nv.nextToken (node_modules/@storybook/core/dist/babel/index.cjs:136654:12)
      at Nv.next (node_modules/@storybook/core/dist/babel/index.cjs:136586:62)
      at Nv.eat (node_modules/@storybook/core/dist/babel/index.cjs:136589:36)
      at Nv.parseObjectProperty (node_modules/@storybook/core/dist/babel/index.cjs:142655:34)
      at Nv.parseObjPropValue (node_modules/@storybook/core/dist/babel/index.cjs:142671:61)
      at Nv.parseObjPropValue (node_modules/@storybook/core/dist/babel/index.cjs:141367:49)
      at Nv.parsePropertyDefinition (node_modules/@storybook/core/dist/babel/index.cjs:142632:19)
      at Nv.parseObjectLike (node_modules/@storybook/core/dist/babel/index.cjs:142596:57)
      at Nv.parseExprAtom (node_modules/@storybook/core/dist/babel/index.cjs:142302:23)
      at Nv.parseExprAtom (node_modules/@storybook/core/dist/babel/index.cjs:139667:45)
      at Nv.parseExprSubscripts (node_modules/@storybook/core/dist/babel/index.cjs:142149:78)
      at Nv.parseUpdate (node_modules/@storybook/core/dist/babel/index.cjs:142139:45)
      at Nv.parseMaybeUnary (node_modules/@storybook/core/dist/babel/index.cjs:142124:20)
      at Nv.parseMaybeUnary (node_modules/@storybook/core/dist/babel/index.cjs:141419:93)
      at Nv.parseMaybeUnaryOrPrivate (node_modules/@storybook/core/dist/babel/index.cjs:142032:63)
      at Nv.parseExprOps (node_modules/@storybook/core/dist/babel/index.cjs:142035:78)
      at Nv.parseMaybeConditional (node_modules/@storybook/core/dist/babel/index.cjs:142020:78)
      at Nv.parseMaybeAssign (node_modules/@storybook/core/dist/babel/index.cjs:142004:20)
      at Nv.parseMaybeAssign (node_modules/@storybook/core/dist/babel/index.cjs:141392:22)
      at node_modules/@storybook/core/dist/babel/index.cjs:141986:41
      at Nv.allowInAnd (node_modules/@storybook/core/dist/babel/index.cjs:142978:14)
      at Nv.parseMaybeAssignAllowIn (node_modules/@storybook/core/dist/babel/index.cjs:141986:19)
      at Nv.parseObjectProperty (node_modules/@storybook/core/dist/babel/index.cjs:142656:81)
      at Nv.parseObjPropValue (node_modules/@storybook/core/dist/babel/index.cjs:142671:61)
      at Nv.parseObjPropValue (node_modules/@storybook/core/dist/babel/index.cjs:141367:49)
      at Nv.parsePropertyDefinition (node_modules/@storybook/core/dist/babel/index.cjs:142632:19)
      at Nv.parseObjectLike (node_modules/@storybook/core/dist/babel/index.cjs:142596:57)
      at Nv.parseExprAtom (node_modules/@storybook/core/dist/babel/index.cjs:142302:23)
      at Nv.parseExprAtom (node_modules/@storybook/core/dist/babel/index.cjs:139667:45)
      at Nv.parseExprSubscripts (node_modules/@storybook/core/dist/babel/index.cjs:142149:78)
      at Nv.parseUpdate (node_modules/@storybook/core/dist/babel/index.cjs:142139:45)
      at Nv.parseMaybeUnary (node_modules/@storybook/core/dist/babel/index.cjs:142124:20)
      at Nv.parseMaybeUnary (node_modules/@storybook/core/dist/babel/index.cjs:141419:93)
      at Nv.parseMaybeUnaryOrPrivate (node_modules/@storybook/core/dist/babel/index.cjs:142032:63)
      at Nv.parseExprOps (node_modules/@storybook/core/dist/babel/index.cjs:142035:78)
      at Nv.parseMaybeConditional (node_modules/@storybook/core/dist/babel/index.cjs:142020:78)
      at Nv.parseMaybeAssign (node_modules/@storybook/core/dist/babel/index.cjs:142004:20)
      at Nv.parseMaybeAssign (node_modules/@storybook/core/dist/babel/index.cjs:141392:22)
      at node_modules/@storybook/core/dist/babel/index.cjs:141986:41
      at Nv.allowInAnd (node_modules/@storybook/core/dist/babel/index.cjs:142978:14)
      at Nv.parseMaybeAssignAllowIn (node_modules/@storybook/core/dist/babel/index.cjs:141986:19)
      at Nv.parseObjectProperty (node_modules/@storybook/core/dist/babel/index.cjs:142656:81)
      at Nv.parseObjPropValue (node_modules/@storybook/core/dist/babel/index.cjs:142671:61)
      If you are in development, this likely indicates a problem with your Storybook process,
      check the terminal for errors.
      If you are in a deployed Storybook, there may have been an issue deploying the full Storybook
      build.
      at constructor (node_modules/@storybook/core/dist/babel/index.cjs:134900:15)
      at Nv.raise (node_modules/@storybook/core/dist/babel/index.cjs:137217:54)
      at Nv.readWord1 (node_modules/@storybook/core/dist/babel/index.cjs:137193:18)
      at Nv.readWord (node_modules/@storybook/core/dist/babel/index.cjs:137205:20)
      at Nv.getTokenFromCode (node_modules/@storybook/core/dist/babel/index.cjs:137028:16)
      at Nv.getTokenFromCode (node_modules/@storybook/core/dist/babel/index.cjs:139696:13)
      at Nv.getTokenFromCode (node_modules/@storybook/core/dist/babel/index.cjs:141547:13)
      at Nv.nextToken (node_modules/@storybook/core/dist/babel/index.cjs:136654:12)
      at Nv.next (node_modules/@storybook/core/dist/babel/index.cjs:136586:62)
      at Nv.eat (node_modules/@storybook/core/dist/babel/index.cjs:136589:36)
      at Nv.parseObjectProperty (node_modules/@storybook/core/dist/babel/index.cjs:142655:34)
      at Nv.parseObjPropValue (node_modules/@storybook/core/dist/babel/index.cjs:142671:61)
      at Nv.parseObjPropValue (node_modules/@storybook/core/dist/babel/index.cjs:141367:49)
      at Nv.parsePropertyDefinition (node_modules/@storybook/core/dist/babel/index.cjs:142632:19)
      at Nv.parseObjectLike (node_modules/@storybook/core/dist/babel/index.cjs:142596:57)
      at Nv.parseExprAtom (node_modules/@storybook/core/dist/babel/index.cjs:142302:23)
      at Nv.parseExprAtom (node_modules/@storybook/core/dist/babel/index.cjs:139667:45)
      at Nv.parseExprSubscripts (node_modules/@storybook/core/dist/babel/index.cjs:142149:78)
      at Nv.parseUpdate (node_modules/@storybook/core/dist/babel/index.cjs:142139:45)
      at Nv.parseMaybeUnary (node_modules/@storybook/core/dist/babel/index.cjs:142124:20)
      at Nv.parseMaybeUnary (node_modules/@storybook/core/dist/babel/index.cjs:141419:93)
      at Nv.parseMaybeUnaryOrPrivate (node_modules/@storybook/core/dist/babel/index.cjs:142032:63)
      at Nv.parseExprOps (node_modules/@storybook/core/dist/babel/index.cjs:142035:78)
      at Nv.parseMaybeConditional (node_modules/@storybook/core/dist/babel/index.cjs:142020:78)
      at Nv.parseMaybeAssign (node_modules/@storybook/core/dist/babel/index.cjs:142004:20)
      at Nv.parseMaybeAssign (node_modules/@storybook/core/dist/babel/index.cjs:141392:22)
      at node_modules/@storybook/core/dist/babel/index.cjs:141986:41
      at Nv.allowInAnd (node_modules/@storybook/core/dist/babel/index.cjs:142978:14)
      at Nv.parseMaybeAssignAllowIn (node_modules/@storybook/core/dist/babel/index.cjs:141986:19)
      at Nv.parseObjectProperty (node_modules/@storybook/core/dist/babel/index.cjs:142656:81)
      at Nv.parseObjPropValue (node_modules/@storybook/core/dist/babel/index.cjs:142671:61)
      at Nv.parseObjPropValue (node_modules/@storybook/core/dist/babel/index.cjs:141367:49)
      at Nv.parsePropertyDefinition (node_modules/@storybook/core/dist/babel/index.cjs:142632:19)
      at Nv.parseObjectLike (node_modules/@storybook/core/dist/babel/index.cjs:142596:57)
      at Nv.parseExprAtom (node_modules/@storybook/core/dist/babel/index.cjs:142302:23)
      at Nv.parseExprAtom (node_modules/@storybook/core/dist/babel/index.cjs:139667:45)
      at Nv.parseExprSubscripts (node_modules/@storybook/core/dist/babel/index.cjs:142149:78)
      at Nv.parseUpdate (node_modules/@storybook/core/dist/babel/index.cjs:142139:45)
      at Nv.parseMaybeUnary (node_modules/@storybook/core/dist/babel/index.cjs:142124:20)
      at Nv.parseMaybeUnary (node_modules/@storybook/core/dist/babel/index.cjs:141419:93)
      at Nv.parseMaybeUnaryOrPrivate (node_modules/@storybook/core/dist/babel/index.cjs:142032:63)
      at Nv.parseExprOps (node_modules/@storybook/core/dist/babel/index.cjs:142035:78)
      at Nv.parseMaybeConditional (node_modules/@storybook/core/dist/babel/index.cjs:142020:78)
      at Nv.parseMaybeAssign (node_modules/@storybook/core/dist/babel/index.cjs:142004:20)
      at Nv.parseMaybeAssign (node_modules/@storybook/core/dist/babel/index.cjs:141392:22)
      at node_modules/@storybook/core/dist/babel/index.cjs:141986:41
      at Nv.allowInAnd (node_modules/@storybook/core/dist/babel/index.cjs:142978:14)
      at Nv.parseMaybeAssignAllowIn (node_modules/@storybook/core/dist/babel/index.cjs:141986:19)
      at Nv.parseObjectProperty (node_modules/@storybook/core/dist/babel/index.cjs:142656:81)
      at Nv.parseObjPropValue (node_modules/@storybook/core/dist/babel/index.cjs:142671:61)
      If you are in development, this likely indicates a problem with your Storybook process,
      check the terminal for errors.
      If you are in a deployed Storybook, there may have been an issue deploying the full Storybook
      build.
      at ns2.getStoryIndexFromServer (packages/components/http:/localhost:6007/packages/components/node_modules/.cache/storybook/1c3385a5d25e538d10b518b310c74d3ca2690b6aaffeadccd74da79736171f86/sb-vite/deps/storybook_internal_preview_runtime.js?v=b3da04b4:8624:11)
      at async ns2.initializeWithProjectAnnotations (packages/components/http:/localhost:6007/packages/components/node_modules/.cache/storybook/1c3385a5d25e538d10b518b310c74d3ca2690b6aaffeadccd74da79736171f86/sb-vite/deps/storybook_internal_preview_runtime.js?v=b3da04b4:8606:15)
      at async ns2.initialize (packages/components/http:/localhost:6007/packages/components/node_modules/.cache/storybook/1c3385a5d25e538d10b518b310c74d3ca2690b6aaffeadccd74da79736171f86/sb-vite/deps/storybook_internal_preview_runtime.js?v=b3da04b4:8581:39)

  ● Components/Table/Custom Composition › FullyCustomized › smoke-test

    thrown: "Exceeded timeout of 30000 ms for a test.
    Add a timeout value to this test to increase the timeout, if this is a long-running test. See https://jestjs.io/docs/api#testname-fn-timeout."

      569 |             <TableCell>
      570 |               <Badge label={employee.status} type="success" />
    > 571 |             </TableCell>
          |             ^
      572 |           </TableRow>
      573 |         ))}
      574 |       </tbody>

      at packages/components/src/Table/CustomTableComposition.stories.tsx:571:13
      at packages/components/src/Table/CustomTableComposition.stories.tsx:570:9
      at Object.<anonymous> (packages/components/src/Table/CustomTableComposition.stories.tsx:128:5)

  ● Components/Table/Custom Composition › WithSidePanel › smoke-test

    SB_PREVIEW_API_0006 (StoryIndexFetchError): Error fetching `/index.json`:

    Unable to index ./src/Table/EnhancedTable.stories.tsx:
      SyntaxError: Expecting Unicode escape sequence \uXXXX. (1467:15)

      at constructor (node_modules/@storybook/core/dist/babel/index.cjs:134900:15)
      at Nv.raise (node_modules/@storybook/core/dist/babel/index.cjs:137217:54)
      at Nv.readWord1 (node_modules/@storybook/core/dist/babel/index.cjs:137193:18)
      at Nv.readWord (node_modules/@storybook/core/dist/babel/index.cjs:137205:20)
      at Nv.getTokenFromCode (node_modules/@storybook/core/dist/babel/index.cjs:137028:16)
      at Nv.getTokenFromCode (node_modules/@storybook/core/dist/babel/index.cjs:139696:13)
      at Nv.getTokenFromCode (node_modules/@storybook/core/dist/babel/index.cjs:141547:13)
      at Nv.nextToken (node_modules/@storybook/core/dist/babel/index.cjs:136654:12)
      at Nv.next (node_modules/@storybook/core/dist/babel/index.cjs:136586:62)
      at Nv.eat (node_modules/@storybook/core/dist/babel/index.cjs:136589:36)
      at Nv.parseObjectProperty (node_modules/@storybook/core/dist/babel/index.cjs:142655:34)
      at Nv.parseObjPropValue (node_modules/@storybook/core/dist/babel/index.cjs:142671:61)
      at Nv.parseObjPropValue (node_modules/@storybook/core/dist/babel/index.cjs:141367:49)
      at Nv.parsePropertyDefinition (node_modules/@storybook/core/dist/babel/index.cjs:142632:19)
      at Nv.parseObjectLike (node_modules/@storybook/core/dist/babel/index.cjs:142596:57)
      at Nv.parseExprAtom (node_modules/@storybook/core/dist/babel/index.cjs:142302:23)
      at Nv.parseExprAtom (node_modules/@storybook/core/dist/babel/index.cjs:139667:45)
      at Nv.parseExprSubscripts (node_modules/@storybook/core/dist/babel/index.cjs:142149:78)
      at Nv.parseUpdate (node_modules/@storybook/core/dist/babel/index.cjs:142139:45)
      at Nv.parseMaybeUnary (node_modules/@storybook/core/dist/babel/index.cjs:142124:20)
      at Nv.parseMaybeUnary (node_modules/@storybook/core/dist/babel/index.cjs:141419:93)
      at Nv.parseMaybeUnaryOrPrivate (node_modules/@storybook/core/dist/babel/index.cjs:142032:63)
      at Nv.parseExprOps (node_modules/@storybook/core/dist/babel/index.cjs:142035:78)
      at Nv.parseMaybeConditional (node_modules/@storybook/core/dist/babel/index.cjs:142020:78)
      at Nv.parseMaybeAssign (node_modules/@storybook/core/dist/babel/index.cjs:142004:20)
      at Nv.parseMaybeAssign (node_modules/@storybook/core/dist/babel/index.cjs:141392:22)
      at node_modules/@storybook/core/dist/babel/index.cjs:141986:41
      at Nv.allowInAnd (node_modules/@storybook/core/dist/babel/index.cjs:142978:14)
      at Nv.parseMaybeAssignAllowIn (node_modules/@storybook/core/dist/babel/index.cjs:141986:19)
      at Nv.parseObjectProperty (node_modules/@storybook/core/dist/babel/index.cjs:142656:81)
      at Nv.parseObjPropValue (node_modules/@storybook/core/dist/babel/index.cjs:142671:61)
      at Nv.parseObjPropValue (node_modules/@storybook/core/dist/babel/index.cjs:141367:49)
      at Nv.parsePropertyDefinition (node_modules/@storybook/core/dist/babel/index.cjs:142632:19)
      at Nv.parseObjectLike (node_modules/@storybook/core/dist/babel/index.cjs:142596:57)
      at Nv.parseExprAtom (node_modules/@storybook/core/dist/babel/index.cjs:142302:23)
      at Nv.parseExprAtom (node_modules/@storybook/core/dist/babel/index.cjs:139667:45)
      at Nv.parseExprSubscripts (node_modules/@storybook/core/dist/babel/index.cjs:142149:78)
      at Nv.parseUpdate (node_modules/@storybook/core/dist/babel/index.cjs:142139:45)
      at Nv.parseMaybeUnary (node_modules/@storybook/core/dist/babel/index.cjs:142124:20)
      at Nv.parseMaybeUnary (node_modules/@storybook/core/dist/babel/index.cjs:141419:93)
      at Nv.parseMaybeUnaryOrPrivate (node_modules/@storybook/core/dist/babel/index.cjs:142032:63)
      at Nv.parseExprOps (node_modules/@storybook/core/dist/babel/index.cjs:142035:78)
      at Nv.parseMaybeConditional (node_modules/@storybook/core/dist/babel/index.cjs:142020:78)
      at Nv.parseMaybeAssign (node_modules/@storybook/core/dist/babel/index.cjs:142004:20)
      at Nv.parseMaybeAssign (node_modules/@storybook/core/dist/babel/index.cjs:141392:22)
      at node_modules/@storybook/core/dist/babel/index.cjs:141986:41
      at Nv.allowInAnd (node_modules/@storybook/core/dist/babel/index.cjs:142978:14)
      at Nv.parseMaybeAssignAllowIn (node_modules/@storybook/core/dist/babel/index.cjs:141986:19)
      at Nv.parseObjectProperty (node_modules/@storybook/core/dist/babel/index.cjs:142656:81)
      at Nv.parseObjPropValue (node_modules/@storybook/core/dist/babel/index.cjs:142671:61)
      If you are in development, this likely indicates a problem with your Storybook process,
      check the terminal for errors.
      If you are in a deployed Storybook, there may have been an issue deploying the full Storybook
      build.
      at constructor (node_modules/@storybook/core/dist/babel/index.cjs:134900:15)
      at Nv.raise (node_modules/@storybook/core/dist/babel/index.cjs:137217:54)
      at Nv.readWord1 (node_modules/@storybook/core/dist/babel/index.cjs:137193:18)
      at Nv.readWord (node_modules/@storybook/core/dist/babel/index.cjs:137205:20)
      at Nv.getTokenFromCode (node_modules/@storybook/core/dist/babel/index.cjs:137028:16)
      at Nv.getTokenFromCode (node_modules/@storybook/core/dist/babel/index.cjs:139696:13)
      at Nv.getTokenFromCode (node_modules/@storybook/core/dist/babel/index.cjs:141547:13)
      at Nv.nextToken (node_modules/@storybook/core/dist/babel/index.cjs:136654:12)
      at Nv.next (node_modules/@storybook/core/dist/babel/index.cjs:136586:62)
      at Nv.eat (node_modules/@storybook/core/dist/babel/index.cjs:136589:36)
      at Nv.parseObjectProperty (node_modules/@storybook/core/dist/babel/index.cjs:142655:34)
      at Nv.parseObjPropValue (node_modules/@storybook/core/dist/babel/index.cjs:142671:61)
      at Nv.parseObjPropValue (node_modules/@storybook/core/dist/babel/index.cjs:141367:49)
      at Nv.parsePropertyDefinition (node_modules/@storybook/core/dist/babel/index.cjs:142632:19)
      at Nv.parseObjectLike (node_modules/@storybook/core/dist/babel/index.cjs:142596:57)
      at Nv.parseExprAtom (node_modules/@storybook/core/dist/babel/index.cjs:142302:23)
      at Nv.parseExprAtom (node_modules/@storybook/core/dist/babel/index.cjs:139667:45)
      at Nv.parseExprSubscripts (node_modules/@storybook/core/dist/babel/index.cjs:142149:78)
      at Nv.parseUpdate (node_modules/@storybook/core/dist/babel/index.cjs:142139:45)
      at Nv.parseMaybeUnary (node_modules/@storybook/core/dist/babel/index.cjs:142124:20)
      at Nv.parseMaybeUnary (node_modules/@storybook/core/dist/babel/index.cjs:141419:93)
      at Nv.parseMaybeUnaryOrPrivate (node_modules/@storybook/core/dist/babel/index.cjs:142032:63)
      at Nv.parseExprOps (node_modules/@storybook/core/dist/babel/index.cjs:142035:78)
      at Nv.parseMaybeConditional (node_modules/@storybook/core/dist/babel/index.cjs:142020:78)
      at Nv.parseMaybeAssign (node_modules/@storybook/core/dist/babel/index.cjs:142004:20)
      at Nv.parseMaybeAssign (node_modules/@storybook/core/dist/babel/index.cjs:141392:22)
      at node_modules/@storybook/core/dist/babel/index.cjs:141986:41
      at Nv.allowInAnd (node_modules/@storybook/core/dist/babel/index.cjs:142978:14)
      at Nv.parseMaybeAssignAllowIn (node_modules/@storybook/core/dist/babel/index.cjs:141986:19)
      at Nv.parseObjectProperty (node_modules/@storybook/core/dist/babel/index.cjs:142656:81)
      at Nv.parseObjPropValue (node_modules/@storybook/core/dist/babel/index.cjs:142671:61)
      at Nv.parseObjPropValue (node_modules/@storybook/core/dist/babel/index.cjs:141367:49)
      at Nv.parsePropertyDefinition (node_modules/@storybook/core/dist/babel/index.cjs:142632:19)
      at Nv.parseObjectLike (node_modules/@storybook/core/dist/babel/index.cjs:142596:57)
      at Nv.parseExprAtom (node_modules/@storybook/core/dist/babel/index.cjs:142302:23)
      at Nv.parseExprAtom (node_modules/@storybook/core/dist/babel/index.cjs:139667:45)
      at Nv.parseExprSubscripts (node_modules/@storybook/core/dist/babel/index.cjs:142149:78)
      at Nv.parseUpdate (node_modules/@storybook/core/dist/babel/index.cjs:142139:45)
      at Nv.parseMaybeUnary (node_modules/@storybook/core/dist/babel/index.cjs:142124:20)
      at Nv.parseMaybeUnary (node_modules/@storybook/core/dist/babel/index.cjs:141419:93)
      at Nv.parseMaybeUnaryOrPrivate (node_modules/@storybook/core/dist/babel/index.cjs:142032:63)
      at Nv.parseExprOps (node_modules/@storybook/core/dist/babel/index.cjs:142035:78)
      at Nv.parseMaybeConditional (node_modules/@storybook/core/dist/babel/index.cjs:142020:78)
      at Nv.parseMaybeAssign (node_modules/@storybook/core/dist/babel/index.cjs:142004:20)
      at Nv.parseMaybeAssign (node_modules/@storybook/core/dist/babel/index.cjs:141392:22)
      at node_modules/@storybook/core/dist/babel/index.cjs:141986:41
      at Nv.allowInAnd (node_modules/@storybook/core/dist/babel/index.cjs:142978:14)
      at Nv.parseMaybeAssignAllowIn (node_modules/@storybook/core/dist/babel/index.cjs:141986:19)
      at Nv.parseObjectProperty (node_modules/@storybook/core/dist/babel/index.cjs:142656:81)
      at Nv.parseObjPropValue (node_modules/@storybook/core/dist/babel/index.cjs:142671:61)
      If you are in development, this likely indicates a problem with your Storybook process,
      check the terminal for errors.
      If you are in a deployed Storybook, there may have been an issue deploying the full Storybook
      build.
      at ns2.getStoryIndexFromServer (packages/components/http:/localhost:6007/packages/components/node_modules/.cache/storybook/1c3385a5d25e538d10b518b310c74d3ca2690b6aaffeadccd74da79736171f86/sb-vite/deps/storybook_internal_preview_runtime.js?v=b3da04b4:8624:11)
      at async ns2.initializeWithProjectAnnotations (packages/components/http:/localhost:6007/packages/components/node_modules/.cache/storybook/1c3385a5d25e538d10b518b310c74d3ca2690b6aaffeadccd74da79736171f86/sb-vite/deps/storybook_internal_preview_runtime.js?v=b3da04b4:8606:15)
      at async ns2.initialize (packages/components/http:/localhost:6007/packages/components/node_modules/.cache/storybook/1c3385a5d25e538d10b518b310c74d3ca2690b6aaffeadccd74da79736171f86/sb-vite/deps/storybook_internal_preview_runtime.js?v=b3da04b4:8581:39)

  ● Components/Table/Custom Composition › WithSidePanel › smoke-test

    thrown: "Exceeded timeout of 30000 ms for a test.
    Add a timeout value to this test to increase the timeout, if this is a long-running test. See https://jestjs.io/docs/api#testname-fn-timeout."

      716 |         
      717 |         {selectedIds.length > 0 && (
    > 718 |           <div style={{ 
          |             ^
      719 |             display: 'flex', 
      720 |             gap: '12px', 
      721 |             alignItems: 'center',

      at packages/components/src/Table/CustomTableComposition.stories.tsx:718:13
      at packages/components/src/Table/CustomTableComposition.stories.tsx:717:9
      at Object.<anonymous> (packages/components/src/Table/CustomTableComposition.stories.tsx:128:5)

  console.log
    No accessibility violations detected!

      at DefaultTerminalReporter.<anonymous> (node_modules/axe-playwright/dist/reporter/defaultTerminalReporter.js:47:41)

  console.log
    No accessibility violations detected!

      at DefaultTerminalReporter.<anonymous> (node_modules/axe-playwright/dist/reporter/defaultTerminalReporter.js:47:41)

  console.log
    ✅ No accessibility violations in: Components/DateTimePickers

      at log (.storybook/test-runner.ts:38:15)

  console.log
    No accessibility violations detected!

      at DefaultTerminalReporter.<anonymous> (node_modules/axe-playwright/dist/reporter/defaultTerminalReporter.js:47:41)

  console.log
    ✅ No accessibility violations in: Components/DateTimePickers

      at log (.storybook/test-runner.ts:38:15)

  console.log
    No accessibility violations detected!

      at DefaultTerminalReporter.<anonymous> (node_modules/axe-playwright/dist/reporter/defaultTerminalReporter.js:47:41)

  console.log
    ✅ No accessibility violations in: Components/DateTimePickers

      at log (.storybook/test-runner.ts:38:15)

FAIL browser: chromium src/DateTimePickers/DateTimePickers.stories.tsx
  Components/DateTimePickers
    FormExample
      ✕ smoke-test (855 ms)
    TimeInput
      ✓ smoke-test (341 ms)
    DateTimeInput
      ✓ smoke-test (295 ms)
    DateTimeRangeInputWithQuickSelect
      ✓ smoke-test (539 ms)

  ● Components/DateTimePickers › FormExample › smoke-test

    page.evaluate: Error: Axe is already running. Use `await axe.run()` to wait for the previous run to finish before starting a new run.

      at assert (packages/components/http:/localhost:6007/packages/components/node_modules/.cache/storybook/1c3385a5d25e538d10b518b310c74d3ca2690b6aaffeadccd74da79736171f86/sb-vite/deps/axe-core.js?v=b3da04b4:7427:19)
      at Object.run4 [as run] (packages/components/http:/localhost:6007/packages/components/node_modules/.cache/storybook/1c3385a5d25e538d10b518b310c74d3ca2690b6aaffeadccd74da79736171f86/sb-vite/deps/axe-core.js?v=b3da04b4:29739:13)
      at eval (eval at evaluate (:311:30)packages/components/, <anonymous>:2:27)
      at UtilityScript.evaluate (packages/components/<anonymous>:313:16)
      at UtilityScript.<anonymous> (packages/components/<anonymous>:1:44)
      at node_modules/axe-playwright/dist/index.js:74:31
      at node_modules/axe-playwright/dist/index.js:31:71
      at Object.<anonymous>.__awaiter (node_modules/axe-playwright/dist/index.js:27:12)
      at getAxeResults (node_modules/axe-playwright/dist/index.js:73:51)
      at node_modules/axe-playwright/dist/index.js:87:52
      at node_modules/axe-playwright/dist/index.js:31:71
      at Object.<anonymous>.__awaiter (node_modules/axe-playwright/dist/index.js:27:12)
      at getViolations (node_modules/axe-playwright/dist/index.js:86:51)
      at postVisit (.storybook/test-runner.ts:20:43)

  console.log
    No accessibility violations detected!

      at DefaultTerminalReporter.<anonymous> (node_modules/axe-playwright/dist/reporter/defaultTerminalReporter.js:47:41)

  console.log
    ┌─────────┬──────────────────┬───────────┬──────────────────────────────────────────────────────────────────────────────────────────────────────────────────┬───────┐
    │ (index) │ id               │ impact    │ description                                                                                                      │ nodes │
    ├─────────┼──────────────────┼───────────┼──────────────────────────────────────────────────────────────────────────────────────────────────────────────────┼───────┤
    │ 0       │ 'color-contrast' │ 'serious' │ 'Ensure the contrast between foreground and background colors meets WCAG 2 AA minimum contrast ratio thresholds' │ 1     │
    └─────────┴──────────────────┴───────────┴──────────────────────────────────────────────────────────────────────────────────────────────────────────────────┴───────┘

      at DefaultTerminalReporter.<anonymous> (node_modules/axe-playwright/dist/reporter/defaultTerminalReporter.js:31:25)

  console.log
    ┌─────────┬─────────────────────────────────────────────────────────┬─────────────────────────────────────────────────────────────────────────────────────────────────┬────────────┐
    │ (index) │ target                                                  │ html                                                                                            │ violations │
    ├─────────┼─────────────────────────────────────────────────────────┼─────────────────────────────────────────────────────────────────────────────────────────────────┼────────────┤
    │ 0       │ '[".sc-gsDLFA.elskT:nth-child(6) > .gewkxt.sc-bdvvNz"]' │ '<span class="sc-bdvvNz gewkxt" style="color: rgb(163, 163, 163);">No options available</span>' │ '[0]'      │
    └─────────┴─────────────────────────────────────────────────────────┴─────────────────────────────────────────────────────────────────────────────────────────────────┴────────────┘

      at DefaultTerminalReporter.<anonymous> (node_modules/axe-playwright/dist/reporter/defaultTerminalReporter.js:43:29)

  console.log
    No accessibility violations detected!

      at DefaultTerminalReporter.<anonymous> (node_modules/axe-playwright/dist/reporter/defaultTerminalReporter.js:47:41)

  console.log
    ✅ No accessibility violations in: Components/Checkbox

      at log (.storybook/test-runner.ts:38:15)

  console.log
    No accessibility violations detected!

      at DefaultTerminalReporter.<anonymous> (node_modules/axe-playwright/dist/reporter/defaultTerminalReporter.js:47:41)

  console.log
    ✅ No accessibility violations in: Components/Checkbox

      at log (.storybook/test-runner.ts:38:15)

  console.log
    ┌─────────┬──────────────────┬───────────┬──────────────────────────────────────────────────────────────────────────────────────────────────────────────────┬───────┐
    │ (index) │ id               │ impact    │ description                                                                                                      │ nodes │
    ├─────────┼──────────────────┼───────────┼──────────────────────────────────────────────────────────────────────────────────────────────────────────────────┼───────┤
    │ 0       │ 'color-contrast' │ 'serious' │ 'Ensure the contrast between foreground and background colors meets WCAG 2 AA minimum contrast ratio thresholds' │ 2     │
    └─────────┴──────────────────┴───────────┴──────────────────────────────────────────────────────────────────────────────────────────────────────────────────┴───────┘

      at DefaultTerminalReporter.<anonymous> (node_modules/axe-playwright/dist/reporter/defaultTerminalReporter.js:31:25)

  console.log
    ┌─────────┬─────────────────────────────────────────────────────────┬─────────────────────────────────────────────────────────────────────────────────────────────────┬────────────┐
    │ (index) │ target                                                  │ html                                                                                            │ violations │
    ├─────────┼─────────────────────────────────────────────────────────┼─────────────────────────────────────────────────────────────────────────────────────────────────┼────────────┤
    │ 0       │ '[".sc-gsDLFA.elskT:nth-child(1) > .sc-bdvvNz.gewkxt"]' │ '<span class="sc-bdvvNz gewkxt" style="color: rgb(163, 163, 163);">No options available</span>' │ '[0]'      │
    │ 1       │ '[".sc-gsDLFA.elskT:nth-child(2) > .sc-bdvvNz.gewkxt"]' │ '<span class="sc-bdvvNz gewkxt" style="color: rgb(163, 163, 163);">All items selected</span>'   │ '[0]'      │
    └─────────┴─────────────────────────────────────────────────────────┴─────────────────────────────────────────────────────────────────────────────────────────────────┴────────────┘

      at DefaultTerminalReporter.<anonymous> (node_modules/axe-playwright/dist/reporter/defaultTerminalReporter.js:43:29)

  console.log
    No accessibility violations detected!

      at DefaultTerminalReporter.<anonymous> (node_modules/axe-playwright/dist/reporter/defaultTerminalReporter.js:47:41)

  console.log
    ✅ No accessibility violations in: Components/Checkbox

      at log (.storybook/test-runner.ts:38:15)

  console.log
    No accessibility violations detected!

      at DefaultTerminalReporter.<anonymous> (node_modules/axe-playwright/dist/reporter/defaultTerminalReporter.js:47:41)

  console.log
    ✅ No accessibility violations in: Components/Checkbox

      at log (.storybook/test-runner.ts:38:15)

  console.log
    No accessibility violations detected!

      at DefaultTerminalReporter.<anonymous> (node_modules/axe-playwright/dist/reporter/defaultTerminalReporter.js:47:41)

  console.log
    ✅ No accessibility violations in: Components/Checkbox

      at log (.storybook/test-runner.ts:38:15)

  console.log
    No accessibility violations detected!

      at DefaultTerminalReporter.<anonymous> (node_modules/axe-playwright/dist/reporter/defaultTerminalReporter.js:47:41)

  console.log
    ✅ No accessibility violations in: Components/Checkbox

      at log (.storybook/test-runner.ts:38:15)

  console.log
    No accessibility violations detected!

      at DefaultTerminalReporter.<anonymous> (node_modules/axe-playwright/dist/reporter/defaultTerminalReporter.js:47:41)

  console.log
    ✅ No accessibility violations in: Components/Checkbox

      at log (.storybook/test-runner.ts:38:15)

  console.log
    ┌─────────┬──────────────────┬────────────┬──────────────────────────────────────────────────────────────────────────────────────────────────────────────────┬───────┐
    │ (index) │ id               │ impact     │ description                                                                                                      │ nodes │
    ├─────────┼──────────────────┼────────────┼──────────────────────────────────────────────────────────────────────────────────────────────────────────────────┼───────┤
    │ 0       │ 'color-contrast' │ 'serious'  │ 'Ensure the contrast between foreground and background colors meets WCAG 2 AA minimum contrast ratio thresholds' │ 1     │
    │ 1       │ 'label'          │ 'critical' │ 'Ensure every form element has a label'                                                                          │ 2     │
    └─────────┴──────────────────┴────────────┴──────────────────────────────────────────────────────────────────────────────────────────────────────────────────┴───────┘

      at DefaultTerminalReporter.<anonymous> (node_modules/axe-playwright/dist/reporter/defaultTerminalReporter.js:31:25)

  console.log
    ┌─────────┬─────────────────────┬────────────────────────────────────────────────────────────────────────────────────────────────────────────────────────────────────────┬────────────┐
    │ (index) │ target              │ html                                                                                                                                   │ violations │
    ├─────────┼─────────────────────┼────────────────────────────────────────────────────────────────────────────────────────────────────────────────────────────────────────┼────────────┤
    │ 0       │ '[".budldP"]'       │ '<p class="sc-bdvvNz budldP" style="color: rgb(22, 163, 74);">Premium Plan</p>'                                                        │ '[0]'      │
    │ 1       │ '["#\\\\:rr\\\\:"]' │ '<input id=":rr:" aria-checked="false" aria-invalid="false" aria-disabled="false" type="checkbox" class="sc-hKwAaq iESgxK">'           │ '[1]'      │
    │ 2       │ '["#\\\\:rs\\\\:"]' │ '<input id=":rs:" aria-checked="true" aria-invalid="false" aria-disabled="false" type="checkbox" class="sc-hKwAaq iESgxK" checked="">' │ '[1]'      │
    └─────────┴─────────────────────┴────────────────────────────────────────────────────────────────────────────────────────────────────────────────────────────────────────┴────────────┘

      at DefaultTerminalReporter.<anonymous> (node_modules/axe-playwright/dist/reporter/defaultTerminalReporter.js:43:29)

  console.log
    No accessibility violations detected!

      at DefaultTerminalReporter.<anonymous> (node_modules/axe-playwright/dist/reporter/defaultTerminalReporter.js:47:41)

  console.log
    ✅ No accessibility violations in: Components/Checkbox

      at log (.storybook/test-runner.ts:38:15)

FAIL browser: chromium src/Checkbox/Checkbox.stories.tsx
  Components/Checkbox
    Playground
      ✕ smoke-test (186 ms)
    AllStates
      ✕ smoke-test (99 ms)
    Sizes
      ✓ smoke-test (113 ms)
    LoadingState
      ✓ smoke-test (73 ms)
    EmptyState
      ✕ smoke-test (60 ms)
    ErrorState
      ✓ smoke-test (73 ms)
    WithTrailingIcon
      ✓ smoke-test (94 ms)
    Interactive
      ✓ smoke-test (74 ms)
    FormExample
      ✓ smoke-test (89 ms)
    WithEventCallbacks
      ✓ smoke-test (90 ms)
    CustomLabel
      ✕ smoke-test (69 ms)
    PolymorphicAs
      ✓ smoke-test (82 ms)

  ● Components/Checkbox › Playground › smoke-test

    page.evaluate: Error: Axe is already running. Use `await axe.run()` to wait for the previous run to finish before starting a new run.

      at assert (packages/components/http:/localhost:6007/packages/components/node_modules/.cache/storybook/1c3385a5d25e538d10b518b310c74d3ca2690b6aaffeadccd74da79736171f86/sb-vite/deps/axe-core.js?v=b3da04b4:7427:19)
      at Object.run4 [as run] (packages/components/http:/localhost:6007/packages/components/node_modules/.cache/storybook/1c3385a5d25e538d10b518b310c74d3ca2690b6aaffeadccd74da79736171f86/sb-vite/deps/axe-core.js?v=b3da04b4:29739:13)
      at eval (eval at evaluate (:311:30)packages/components/, <anonymous>:2:27)
      at UtilityScript.evaluate (packages/components/<anonymous>:313:16)
      at UtilityScript.<anonymous> (packages/components/<anonymous>:1:44)
      at node_modules/axe-playwright/dist/index.js:74:31
      at node_modules/axe-playwright/dist/index.js:31:71
      at Object.<anonymous>.__awaiter (node_modules/axe-playwright/dist/index.js:27:12)
      at getAxeResults (node_modules/axe-playwright/dist/index.js:73:51)
      at node_modules/axe-playwright/dist/index.js:87:52
      at node_modules/axe-playwright/dist/index.js:31:71
      at Object.<anonymous>.__awaiter (node_modules/axe-playwright/dist/index.js:27:12)
      at getViolations (node_modules/axe-playwright/dist/index.js:86:51)
      at postVisit (.storybook/test-runner.ts:20:43)

  ● Components/Checkbox › AllStates › smoke-test

    assert.strictEqual(received, expected)

    Expected value to strictly be equal to:
      0
    Received:
      1

    Message:
      1 accessibility violation was detected

    1 !== 0

      at testResultDependsOnViolations (node_modules/axe-playwright/dist/utils.js:16:26)
      at node_modules/axe-playwright/dist/index.js:143:51
      at fulfilled (node_modules/axe-playwright/dist/index.js:28:58)

  ● Components/Checkbox › EmptyState › smoke-test

    assert.strictEqual(received, expected)

    Expected value to strictly be equal to:
      0
    Received:
      1

    Message:
      1 accessibility violation was detected

    1 !== 0

      at testResultDependsOnViolations (node_modules/axe-playwright/dist/utils.js:16:26)
      at node_modules/axe-playwright/dist/index.js:143:51
      at fulfilled (node_modules/axe-playwright/dist/index.js:28:58)

  ● Components/Checkbox › CustomLabel › smoke-test

    assert.strictEqual(received, expected)

    Expected value to strictly be equal to:
      0
    Received:
      2

    Message:
      2 accessibility violations were detected

    2 !== 0

      at testResultDependsOnViolations (node_modules/axe-playwright/dist/utils.js:16:26)
      at node_modules/axe-playwright/dist/index.js:143:51
      at fulfilled (node_modules/axe-playwright/dist/index.js:28:58)

  console.log
    ┌─────────┬──────────────────────┬───────────┬────────────────────────────────────────────────────────────────────────────────────────────────────────────────────────────────────────────────────────┬───────┐
    │ (index) │ id                   │ impact    │ description                                                                                                                                            │ nodes │
    ├─────────┼──────────────────────┼───────────┼────────────────────────────────────────────────────────────────────────────────────────────────────────────────────────────────────────────────────────┼───────┤
    │ 0       │ 'nested-interactive' │ 'serious' │ 'Ensure interactive controls are not nested as they are not always announced by screen readers or can cause focus problems for assistive technologies' │ 1     │
    └─────────┴──────────────────────┴───────────┴────────────────────────────────────────────────────────────────────────────────────────────────────────────────────────────────────────────────────────┴───────┘

      at DefaultTerminalReporter.<anonymous> (node_modules/axe-playwright/dist/reporter/defaultTerminalReporter.js:31:25)

  console.log
    ┌─────────┬──────────────────┬────────────────────────────────────────────────────────────────────┬────────────┐
    │ (index) │ target           │ html                                                               │ violations │
    ├─────────┼──────────────────┼────────────────────────────────────────────────────────────────────┼────────────┤
    │ 0       │ '[".sc-eCIkhf"]' │ '<div aria-label="Bar chart" role="img" class="sc-eCIkhf gTApSK">' │ '[0]'      │
    └─────────┴──────────────────┴────────────────────────────────────────────────────────────────────┴────────────┘

      at DefaultTerminalReporter.<anonymous> (node_modules/axe-playwright/dist/reporter/defaultTerminalReporter.js:43:29)

  console.log
    ┌─────────┬──────────────────────┬───────────┬────────────────────────────────────────────────────────────────────────────────────────────────────────────────────────────────────────────────────────┬───────┐
    │ (index) │ id                   │ impact    │ description                                                                                                                                            │ nodes │
    ├─────────┼──────────────────────┼───────────┼────────────────────────────────────────────────────────────────────────────────────────────────────────────────────────────────────────────────────────┼───────┤
    │ 0       │ 'nested-interactive' │ 'serious' │ 'Ensure interactive controls are not nested as they are not always announced by screen readers or can cause focus problems for assistive technologies' │ 1     │
    └─────────┴──────────────────────┴───────────┴────────────────────────────────────────────────────────────────────────────────────────────────────────────────────────────────────────────────────────┴───────┘

      at DefaultTerminalReporter.<anonymous> (node_modules/axe-playwright/dist/reporter/defaultTerminalReporter.js:31:25)

  console.log
    ┌─────────┬──────────────────┬────────────────────────────────────────────────────────────────────┬────────────┐
    │ (index) │ target           │ html                                                               │ violations │
    ├─────────┼──────────────────┼────────────────────────────────────────────────────────────────────┼────────────┤
    │ 0       │ '[".sc-eCIkhf"]' │ '<div aria-label="Bar chart" role="img" class="sc-eCIkhf gTApSK">' │ '[0]'      │
    └─────────┴──────────────────┴────────────────────────────────────────────────────────────────────┴────────────┘

      at DefaultTerminalReporter.<anonymous> (node_modules/axe-playwright/dist/reporter/defaultTerminalReporter.js:43:29)

  console.log
    ┌─────────┬──────────────────────┬───────────┬────────────────────────────────────────────────────────────────────────────────────────────────────────────────────────────────────────────────────────┬───────┐
    │ (index) │ id                   │ impact    │ description                                                                                                                                            │ nodes │
    ├─────────┼──────────────────────┼───────────┼────────────────────────────────────────────────────────────────────────────────────────────────────────────────────────────────────────────────────────┼───────┤
    │ 0       │ 'nested-interactive' │ 'serious' │ 'Ensure interactive controls are not nested as they are not always announced by screen readers or can cause focus problems for assistive technologies' │ 1     │
    └─────────┴──────────────────────┴───────────┴────────────────────────────────────────────────────────────────────────────────────────────────────────────────────────────────────────────────────────┴───────┘

      at DefaultTerminalReporter.<anonymous> (node_modules/axe-playwright/dist/reporter/defaultTerminalReporter.js:31:25)

  console.log
    ┌─────────┬──────────────────┬────────────────────────────────────────────────────────────────────┬────────────┐
    │ (index) │ target           │ html                                                               │ violations │
    ├─────────┼──────────────────┼────────────────────────────────────────────────────────────────────┼────────────┤
    │ 0       │ '[".sc-eCIkhf"]' │ '<div aria-label="Bar chart" role="img" class="sc-eCIkhf gTApSK">' │ '[0]'      │
    └─────────┴──────────────────┴────────────────────────────────────────────────────────────────────┴────────────┘

      at DefaultTerminalReporter.<anonymous> (node_modules/axe-playwright/dist/reporter/defaultTerminalReporter.js:43:29)

  console.log
    ┌─────────┬──────────────────────┬───────────┬────────────────────────────────────────────────────────────────────────────────────────────────────────────────────────────────────────────────────────┬───────┐
    │ (index) │ id                   │ impact    │ description                                                                                                                                            │ nodes │
    ├─────────┼──────────────────────┼───────────┼────────────────────────────────────────────────────────────────────────────────────────────────────────────────────────────────────────────────────────┼───────┤
    │ 0       │ 'nested-interactive' │ 'serious' │ 'Ensure interactive controls are not nested as they are not always announced by screen readers or can cause focus problems for assistive technologies' │ 1     │
    └─────────┴──────────────────────┴───────────┴────────────────────────────────────────────────────────────────────────────────────────────────────────────────────────────────────────────────────────┴───────┘

      at DefaultTerminalReporter.<anonymous> (node_modules/axe-playwright/dist/reporter/defaultTerminalReporter.js:31:25)

  console.log
    ┌─────────┬──────────────────┬────────────────────────────────────────────────────────────────────┬────────────┐
    │ (index) │ target           │ html                                                               │ violations │
    ├─────────┼──────────────────┼────────────────────────────────────────────────────────────────────┼────────────┤
    │ 0       │ '[".sc-eCIkhf"]' │ '<div aria-label="Bar chart" role="img" class="sc-eCIkhf gTApSK">' │ '[0]'      │
    └─────────┴──────────────────┴────────────────────────────────────────────────────────────────────┴────────────┘

      at DefaultTerminalReporter.<anonymous> (node_modules/axe-playwright/dist/reporter/defaultTerminalReporter.js:43:29)

  console.log
    ┌─────────┬──────────────────────┬───────────┬────────────────────────────────────────────────────────────────────────────────────────────────────────────────────────────────────────────────────────┬───────┐
    │ (index) │ id                   │ impact    │ description                                                                                                                                            │ nodes │
    ├─────────┼──────────────────────┼───────────┼────────────────────────────────────────────────────────────────────────────────────────────────────────────────────────────────────────────────────────┼───────┤
    │ 0       │ 'nested-interactive' │ 'serious' │ 'Ensure interactive controls are not nested as they are not always announced by screen readers or can cause focus problems for assistive technologies' │ 1     │
    └─────────┴──────────────────────┴───────────┴────────────────────────────────────────────────────────────────────────────────────────────────────────────────────────────────────────────────────────┴───────┘

      at DefaultTerminalReporter.<anonymous> (node_modules/axe-playwright/dist/reporter/defaultTerminalReporter.js:31:25)

  console.log
    ┌─────────┬──────────────────┬────────────────────────────────────────────────────────────────────┬────────────┐
    │ (index) │ target           │ html                                                               │ violations │
    ├─────────┼──────────────────┼────────────────────────────────────────────────────────────────────┼────────────┤
    │ 0       │ '[".sc-eCIkhf"]' │ '<div aria-label="Bar chart" role="img" class="sc-eCIkhf gTApSK">' │ '[0]'      │
    └─────────┴──────────────────┴────────────────────────────────────────────────────────────────────┴────────────┘

      at DefaultTerminalReporter.<anonymous> (node_modules/axe-playwright/dist/reporter/defaultTerminalReporter.js:43:29)

  console.log
    No accessibility violations detected!

      at DefaultTerminalReporter.<anonymous> (node_modules/axe-playwright/dist/reporter/defaultTerminalReporter.js:47:41)

  console.log
    ✅ No accessibility violations in: Data Visualization/BarChart

      at log (.storybook/test-runner.ts:38:15)

  console.log
    No accessibility violations detected!

      at DefaultTerminalReporter.<anonymous> (node_modules/axe-playwright/dist/reporter/defaultTerminalReporter.js:47:41)

  console.log
    ✅ No accessibility violations in: Data Visualization/BarChart

      at log (.storybook/test-runner.ts:38:15)

  console.log
    No accessibility violations detected!

      at DefaultTerminalReporter.<anonymous> (node_modules/axe-playwright/dist/reporter/defaultTerminalReporter.js:47:41)

  console.log
    ✅ No accessibility violations in: Data Visualization/BarChart

      at log (.storybook/test-runner.ts:38:15)

  console.log
    ┌─────────┬──────────────────────┬───────────┬────────────────────────────────────────────────────────────────────────────────────────────────────────────────────────────────────────────────────────┬───────┐
    │ (index) │ id                   │ impact    │ description                                                                                                                                            │ nodes │
    ├─────────┼──────────────────────┼───────────┼────────────────────────────────────────────────────────────────────────────────────────────────────────────────────────────────────────────────────────┼───────┤
    │ 0       │ 'nested-interactive' │ 'serious' │ 'Ensure interactive controls are not nested as they are not always announced by screen readers or can cause focus problems for assistive technologies' │ 1     │
    └─────────┴──────────────────────┴───────────┴────────────────────────────────────────────────────────────────────────────────────────────────────────────────────────────────────────────────────────┴───────┘

      at DefaultTerminalReporter.<anonymous> (node_modules/axe-playwright/dist/reporter/defaultTerminalReporter.js:31:25)

  console.log
    ┌─────────┬──────────────────┬────────────────────────────────────────────────────────────────────┬────────────┐
    │ (index) │ target           │ html                                                               │ violations │
    ├─────────┼──────────────────┼────────────────────────────────────────────────────────────────────┼────────────┤
    │ 0       │ '[".sc-eCIkhf"]' │ '<div aria-label="Bar chart" role="img" class="sc-eCIkhf gTApSK">' │ '[0]'      │
    └─────────┴──────────────────┴────────────────────────────────────────────────────────────────────┴────────────┘

      at DefaultTerminalReporter.<anonymous> (node_modules/axe-playwright/dist/reporter/defaultTerminalReporter.js:43:29)

  console.log
    ┌─────────┬──────────────────────┬───────────┬────────────────────────────────────────────────────────────────────────────────────────────────────────────────────────────────────────────────────────┬───────┐
    │ (index) │ id                   │ impact    │ description                                                                                                                                            │ nodes │
    ├─────────┼──────────────────────┼───────────┼────────────────────────────────────────────────────────────────────────────────────────────────────────────────────────────────────────────────────────┼───────┤
    │ 0       │ 'nested-interactive' │ 'serious' │ 'Ensure interactive controls are not nested as they are not always announced by screen readers or can cause focus problems for assistive technologies' │ 1     │
    └─────────┴──────────────────────┴───────────┴────────────────────────────────────────────────────────────────────────────────────────────────────────────────────────────────────────────────────────┴───────┘

      at DefaultTerminalReporter.<anonymous> (node_modules/axe-playwright/dist/reporter/defaultTerminalReporter.js:31:25)

  console.log
    ┌─────────┬──────────────────┬────────────────────────────────────────────────────────────────────┬────────────┐
    │ (index) │ target           │ html                                                               │ violations │
    ├─────────┼──────────────────┼────────────────────────────────────────────────────────────────────┼────────────┤
    │ 0       │ '[".sc-eCIkhf"]' │ '<div aria-label="Bar chart" role="img" class="sc-eCIkhf gTApSK">' │ '[0]'      │
    └─────────┴──────────────────┴────────────────────────────────────────────────────────────────────┴────────────┘

      at DefaultTerminalReporter.<anonymous> (node_modules/axe-playwright/dist/reporter/defaultTerminalReporter.js:43:29)

  console.log
    ┌─────────┬──────────────────────┬───────────┬────────────────────────────────────────────────────────────────────────────────────────────────────────────────────────────────────────────────────────┬───────┐
    │ (index) │ id                   │ impact    │ description                                                                                                                                            │ nodes │
    ├─────────┼──────────────────────┼───────────┼────────────────────────────────────────────────────────────────────────────────────────────────────────────────────────────────────────────────────────┼───────┤
    │ 0       │ 'nested-interactive' │ 'serious' │ 'Ensure interactive controls are not nested as they are not always announced by screen readers or can cause focus problems for assistive technologies' │ 1     │
    └─────────┴──────────────────────┴───────────┴────────────────────────────────────────────────────────────────────────────────────────────────────────────────────────────────────────────────────────┴───────┘

      at DefaultTerminalReporter.<anonymous> (node_modules/axe-playwright/dist/reporter/defaultTerminalReporter.js:31:25)

  console.log
    ┌─────────┬──────────────────┬────────────────────────────────────────────────────────────────────┬────────────┐
    │ (index) │ target           │ html                                                               │ violations │
    ├─────────┼──────────────────┼────────────────────────────────────────────────────────────────────┼────────────┤
    │ 0       │ '[".sc-eCIkhf"]' │ '<div aria-label="Bar chart" role="img" class="sc-eCIkhf gTApSK">' │ '[0]'      │
    └─────────┴──────────────────┴────────────────────────────────────────────────────────────────────┴────────────┘

      at DefaultTerminalReporter.<anonymous> (node_modules/axe-playwright/dist/reporter/defaultTerminalReporter.js:43:29)

  console.log
    ┌─────────┬──────────────────────┬───────────┬────────────────────────────────────────────────────────────────────────────────────────────────────────────────────────────────────────────────────────┬───────┐
    │ (index) │ id                   │ impact    │ description                                                                                                                                            │ nodes │
    ├─────────┼──────────────────────┼───────────┼────────────────────────────────────────────────────────────────────────────────────────────────────────────────────────────────────────────────────────┼───────┤
    │ 0       │ 'nested-interactive' │ 'serious' │ 'Ensure interactive controls are not nested as they are not always announced by screen readers or can cause focus problems for assistive technologies' │ 1     │
    └─────────┴──────────────────────┴───────────┴────────────────────────────────────────────────────────────────────────────────────────────────────────────────────────────────────────────────────────┴───────┘

      at DefaultTerminalReporter.<anonymous> (node_modules/axe-playwright/dist/reporter/defaultTerminalReporter.js:31:25)

  console.log
    ┌─────────┬──────────────────┬──────────────────────────────────────────────────────────────────────────────────┬────────────┐
    │ (index) │ target           │ html                                                                             │ violations │
    ├─────────┼──────────────────┼──────────────────────────────────────────────────────────────────────────────────┼────────────┤
    │ 0       │ '[".sc-eCIkhf"]' │ '<div aria-label="Monthly Claims Analysis" role="img" class="sc-eCIkhf gTApSK">' │ '[0]'      │
    └─────────┴──────────────────┴──────────────────────────────────────────────────────────────────────────────────┴────────────┘

      at DefaultTerminalReporter.<anonymous> (node_modules/axe-playwright/dist/reporter/defaultTerminalReporter.js:43:29)

  console.log
    ┌─────────┬──────────────────────┬───────────┬────────────────────────────────────────────────────────────────────────────────────────────────────────────────────────────────────────────────────────┬───────┐
    │ (index) │ id                   │ impact    │ description                                                                                                                                            │ nodes │
    ├─────────┼──────────────────────┼───────────┼────────────────────────────────────────────────────────────────────────────────────────────────────────────────────────────────────────────────────────┼───────┤
    │ 0       │ 'nested-interactive' │ 'serious' │ 'Ensure interactive controls are not nested as they are not always announced by screen readers or can cause focus problems for assistive technologies' │ 1     │
    └─────────┴──────────────────────┴───────────┴────────────────────────────────────────────────────────────────────────────────────────────────────────────────────────────────────────────────────────┴───────┘

      at DefaultTerminalReporter.<anonymous> (node_modules/axe-playwright/dist/reporter/defaultTerminalReporter.js:31:25)

  console.log
    ┌─────────┬──────────────────┬────────────────────────────────────────────────────────────────────┬────────────┐
    │ (index) │ target           │ html                                                               │ violations │
    ├─────────┼──────────────────┼────────────────────────────────────────────────────────────────────┼────────────┤
    │ 0       │ '[".sc-eCIkhf"]' │ '<div aria-label="Bar chart" role="img" class="sc-eCIkhf gTApSK">' │ '[0]'      │
    └─────────┴──────────────────┴────────────────────────────────────────────────────────────────────┴────────────┘

      at DefaultTerminalReporter.<anonymous> (node_modules/axe-playwright/dist/reporter/defaultTerminalReporter.js:43:29)

  console.log
    ┌─────────┬──────────────────────┬───────────┬────────────────────────────────────────────────────────────────────────────────────────────────────────────────────────────────────────────────────────┬───────┐
    │ (index) │ id                   │ impact    │ description                                                                                                                                            │ nodes │
    ├─────────┼──────────────────────┼───────────┼────────────────────────────────────────────────────────────────────────────────────────────────────────────────────────────────────────────────────────┼───────┤
    │ 0       │ 'nested-interactive' │ 'serious' │ 'Ensure interactive controls are not nested as they are not always announced by screen readers or can cause focus problems for assistive technologies' │ 1     │
    └─────────┴──────────────────────┴───────────┴────────────────────────────────────────────────────────────────────────────────────────────────────────────────────────────────────────────────────────┴───────┘

      at DefaultTerminalReporter.<anonymous> (node_modules/axe-playwright/dist/reporter/defaultTerminalReporter.js:31:25)

  console.log
    ┌─────────┬──────────────────┬────────────────────────────────────────────────────────────────────┬────────────┐
    │ (index) │ target           │ html                                                               │ violations │
    ├─────────┼──────────────────┼────────────────────────────────────────────────────────────────────┼────────────┤
    │ 0       │ '[".sc-eCIkhf"]' │ '<div aria-label="Bar chart" role="img" class="sc-eCIkhf krSnno">' │ '[0]'      │
    └─────────┴──────────────────┴────────────────────────────────────────────────────────────────────┴────────────┘

      at DefaultTerminalReporter.<anonymous> (node_modules/axe-playwright/dist/reporter/defaultTerminalReporter.js:43:29)

  console.log
    ┌─────────┬──────────────────────┬───────────┬────────────────────────────────────────────────────────────────────────────────────────────────────────────────────────────────────────────────────────┬───────┐
    │ (index) │ id                   │ impact    │ description                                                                                                                                            │ nodes │
    ├─────────┼──────────────────────┼───────────┼────────────────────────────────────────────────────────────────────────────────────────────────────────────────────────────────────────────────────────┼───────┤
    │ 0       │ 'nested-interactive' │ 'serious' │ 'Ensure interactive controls are not nested as they are not always announced by screen readers or can cause focus problems for assistive technologies' │ 1     │
    └─────────┴──────────────────────┴───────────┴────────────────────────────────────────────────────────────────────────────────────────────────────────────────────────────────────────────────────────┴───────┘

      at DefaultTerminalReporter.<anonymous> (node_modules/axe-playwright/dist/reporter/defaultTerminalReporter.js:31:25)

  console.log
    ┌─────────┬──────────────────┬────────────────────────────────────────────────────────────────────┬────────────┐
    │ (index) │ target           │ html                                                               │ violations │
    ├─────────┼──────────────────┼────────────────────────────────────────────────────────────────────┼────────────┤
    │ 0       │ '[".sc-eCIkhf"]' │ '<div aria-label="Bar chart" role="img" class="sc-eCIkhf fqBOZE">' │ '[0]'      │
    └─────────┴──────────────────┴────────────────────────────────────────────────────────────────────┴────────────┘

      at DefaultTerminalReporter.<anonymous> (node_modules/axe-playwright/dist/reporter/defaultTerminalReporter.js:43:29)

  console.log
    ┌─────────┬──────────────────────┬───────────┬────────────────────────────────────────────────────────────────────────────────────────────────────────────────────────────────────────────────────────┬───────┐
    │ (index) │ id                   │ impact    │ description                                                                                                                                            │ nodes │
    ├─────────┼──────────────────────┼───────────┼────────────────────────────────────────────────────────────────────────────────────────────────────────────────────────────────────────────────────────┼───────┤
    │ 0       │ 'nested-interactive' │ 'serious' │ 'Ensure interactive controls are not nested as they are not always announced by screen readers or can cause focus problems for assistive technologies' │ 1     │
    └─────────┴──────────────────────┴───────────┴────────────────────────────────────────────────────────────────────────────────────────────────────────────────────────────────────────────────────────┴───────┘

      at DefaultTerminalReporter.<anonymous> (node_modules/axe-playwright/dist/reporter/defaultTerminalReporter.js:31:25)

  console.log
    ┌─────────┬──────────────────┬────────────────────────────────────────────────────────────────────┬────────────┐
    │ (index) │ target           │ html                                                               │ violations │
    ├─────────┼──────────────────┼────────────────────────────────────────────────────────────────────┼────────────┤
    │ 0       │ '[".sc-eCIkhf"]' │ '<div aria-label="Bar chart" role="img" class="sc-eCIkhf iXRpJu">' │ '[0]'      │
    └─────────┴──────────────────┴────────────────────────────────────────────────────────────────────┴────────────┘

      at DefaultTerminalReporter.<anonymous> (node_modules/axe-playwright/dist/reporter/defaultTerminalReporter.js:43:29)

  console.log
    ┌─────────┬──────────────────────┬───────────┬────────────────────────────────────────────────────────────────────────────────────────────────────────────────────────────────────────────────────────┬───────┐
    │ (index) │ id                   │ impact    │ description                                                                                                                                            │ nodes │
    ├─────────┼──────────────────────┼───────────┼────────────────────────────────────────────────────────────────────────────────────────────────────────────────────────────────────────────────────────┼───────┤
    │ 0       │ 'nested-interactive' │ 'serious' │ 'Ensure interactive controls are not nested as they are not always announced by screen readers or can cause focus problems for assistive technologies' │ 1     │
    └─────────┴──────────────────────┴───────────┴────────────────────────────────────────────────────────────────────────────────────────────────────────────────────────────────────────────────────────┴───────┘

      at DefaultTerminalReporter.<anonymous> (node_modules/axe-playwright/dist/reporter/defaultTerminalReporter.js:31:25)

  console.log
    ┌─────────┬──────────────────┬────────────────────────────────────────────────────────────────────┬────────────┐
    │ (index) │ target           │ html                                                               │ violations │
    ├─────────┼──────────────────┼────────────────────────────────────────────────────────────────────┼────────────┤
    │ 0       │ '[".sc-eCIkhf"]' │ '<div aria-label="Bar chart" role="img" class="sc-eCIkhf gTApSK">' │ '[0]'      │
    └─────────┴──────────────────┴────────────────────────────────────────────────────────────────────┴────────────┘

      at DefaultTerminalReporter.<anonymous> (node_modules/axe-playwright/dist/reporter/defaultTerminalReporter.js:43:29)

  console.log
    ┌─────────┬──────────────────────┬───────────┬────────────────────────────────────────────────────────────────────────────────────────────────────────────────────────────────────────────────────────┬───────┐
    │ (index) │ id                   │ impact    │ description                                                                                                                                            │ nodes │
    ├─────────┼──────────────────────┼───────────┼────────────────────────────────────────────────────────────────────────────────────────────────────────────────────────────────────────────────────────┼───────┤
    │ 0       │ 'nested-interactive' │ 'serious' │ 'Ensure interactive controls are not nested as they are not always announced by screen readers or can cause focus problems for assistive technologies' │ 1     │
    └─────────┴──────────────────────┴───────────┴────────────────────────────────────────────────────────────────────────────────────────────────────────────────────────────────────────────────────────┴───────┘

      at DefaultTerminalReporter.<anonymous> (node_modules/axe-playwright/dist/reporter/defaultTerminalReporter.js:31:25)

  console.log
    ┌─────────┬──────────────────┬────────────────────────────────────────────────────────────────────┬────────────┐
    │ (index) │ target           │ html                                                               │ violations │
    ├─────────┼──────────────────┼────────────────────────────────────────────────────────────────────┼────────────┤
    │ 0       │ '[".sc-eCIkhf"]' │ '<div aria-label="Bar chart" role="img" class="sc-eCIkhf gTApSK">' │ '[0]'      │
    └─────────┴──────────────────┴────────────────────────────────────────────────────────────────────┴────────────┘

      at DefaultTerminalReporter.<anonymous> (node_modules/axe-playwright/dist/reporter/defaultTerminalReporter.js:43:29)

  console.log
    ┌─────────┬──────────────────────┬───────────┬────────────────────────────────────────────────────────────────────────────────────────────────────────────────────────────────────────────────────────┬───────┐
    │ (index) │ id                   │ impact    │ description                                                                                                                                            │ nodes │
    ├─────────┼──────────────────────┼───────────┼────────────────────────────────────────────────────────────────────────────────────────────────────────────────────────────────────────────────────────┼───────┤
    │ 0       │ 'color-contrast'     │ 'serious' │ 'Ensure the contrast between foreground and background colors meets WCAG 2 AA minimum contrast ratio thresholds'                                       │ 2     │
    │ 1       │ 'nested-interactive' │ 'serious' │ 'Ensure interactive controls are not nested as they are not always announced by screen readers or can cause focus problems for assistive technologies' │ 1     │
    └─────────┴──────────────────────┴───────────┴────────────────────────────────────────────────────────────────────────────────────────────────────────────────────────────────────────────────────────┴───────┘

      at DefaultTerminalReporter.<anonymous> (node_modules/axe-playwright/dist/reporter/defaultTerminalReporter.js:31:25)

  console.log
    ┌─────────┬─────────────────────────────────────┬────────────────────────────────────────────────────────────────────┬────────────┐
    │ (index) │ target                              │ html                                                               │ violations │
    ├─────────┼─────────────────────────────────────┼────────────────────────────────────────────────────────────────────┼────────────┤
    │ 0       │ '["button:nth-child(2) > .gvWRQX"]' │ '<p class="sc-bdvvNz gvWRQX">Claims Pending</p>'                   │ '[0]'      │
    │ 1       │ '["button:nth-child(3) > .gvWRQX"]' │ '<p class="sc-bdvvNz gvWRQX">Claims Denied</p>'                    │ '[0]'      │
    │ 2       │ '[".sc-eCIkhf"]'                    │ '<div aria-label="Bar chart" role="img" class="sc-eCIkhf gTApSK">' │ '[1]'      │
    └─────────┴─────────────────────────────────────┴────────────────────────────────────────────────────────────────────┴────────────┘

      at DefaultTerminalReporter.<anonymous> (node_modules/axe-playwright/dist/reporter/defaultTerminalReporter.js:43:29)

  console.log
    ┌─────────┬──────────────────┬───────────┬──────────────────────────────────────────────────────────────────────────────────────────────────────────────────┬───────┐
    │ (index) │ id               │ impact    │ description                                                                                                      │ nodes │
    ├─────────┼──────────────────┼───────────┼──────────────────────────────────────────────────────────────────────────────────────────────────────────────────┼───────┤
    │ 0       │ 'color-contrast' │ 'serious' │ 'Ensure the contrast between foreground and background colors meets WCAG 2 AA minimum contrast ratio thresholds' │ 1     │
    └─────────┴──────────────────┴───────────┴──────────────────────────────────────────────────────────────────────────────────────────────────────────────────┴───────┘

      at DefaultTerminalReporter.<anonymous> (node_modules/axe-playwright/dist/reporter/defaultTerminalReporter.js:31:25)

  console.log
    ┌─────────┬───────────────┬─────────────────────────────────────────────────────────────────────────────────────────────┬────────────┐
    │ (index) │ target        │ html                                                                                        │ violations │
    ├─────────┼───────────────┼─────────────────────────────────────────────────────────────────────────────────────────────┼────────────┤
    │ 0       │ '[".hqBZhA"]' │ '<p class="sc-bdvvNz hqBZhA">Start by adding some data to see your chart visualization</p>' │ '[0]'      │
    └─────────┴───────────────┴─────────────────────────────────────────────────────────────────────────────────────────────┴────────────┘

      at DefaultTerminalReporter.<anonymous> (node_modules/axe-playwright/dist/reporter/defaultTerminalReporter.js:43:29)

  console.log
    No accessibility violations detected!

      at DefaultTerminalReporter.<anonymous> (node_modules/axe-playwright/dist/reporter/defaultTerminalReporter.js:47:41)

  console.log
    ✅ No accessibility violations in: Data Visualization/BarChart

      at log (.storybook/test-runner.ts:38:15)

  console.log
    ┌─────────┬──────────────────────┬───────────┬────────────────────────────────────────────────────────────────────────────────────────────────────────────────────────────────────────────────────────┬───────┐
    │ (index) │ id                   │ impact    │ description                                                                                                                                            │ nodes │
    ├─────────┼──────────────────────┼───────────┼────────────────────────────────────────────────────────────────────────────────────────────────────────────────────────────────────────────────────────┼───────┤
    │ 0       │ 'nested-interactive' │ 'serious' │ 'Ensure interactive controls are not nested as they are not always announced by screen readers or can cause focus problems for assistive technologies' │ 1     │
    └─────────┴──────────────────────┴───────────┴────────────────────────────────────────────────────────────────────────────────────────────────────────────────────────────────────────────────────────┴───────┘

      at DefaultTerminalReporter.<anonymous> (node_modules/axe-playwright/dist/reporter/defaultTerminalReporter.js:31:25)

  console.log
    ┌─────────┬──────────────────┬────────────────────────────────────────────────────────────────────┬────────────┐
    │ (index) │ target           │ html                                                               │ violations │
    ├─────────┼──────────────────┼────────────────────────────────────────────────────────────────────┼────────────┤
    │ 0       │ '[".sc-eCIkhf"]' │ '<div aria-label="Bar chart" role="img" class="sc-eCIkhf gTApSK">' │ '[0]'      │
    └─────────┴──────────────────┴────────────────────────────────────────────────────────────────────┴────────────┘

      at DefaultTerminalReporter.<anonymous> (node_modules/axe-playwright/dist/reporter/defaultTerminalReporter.js:43:29)

  console.log
    ┌─────────┬──────────────────────┬───────────┬────────────────────────────────────────────────────────────────────────────────────────────────────────────────────────────────────────────────────────┬───────┐
    │ (index) │ id                   │ impact    │ description                                                                                                                                            │ nodes │
    ├─────────┼──────────────────────┼───────────┼────────────────────────────────────────────────────────────────────────────────────────────────────────────────────────────────────────────────────────┼───────┤
    │ 0       │ 'nested-interactive' │ 'serious' │ 'Ensure interactive controls are not nested as they are not always announced by screen readers or can cause focus problems for assistive technologies' │ 1     │
    └─────────┴──────────────────────┴───────────┴────────────────────────────────────────────────────────────────────────────────────────────────────────────────────────────────────────────────────────┴───────┘

      at DefaultTerminalReporter.<anonymous> (node_modules/axe-playwright/dist/reporter/defaultTerminalReporter.js:31:25)

  console.log
    ┌─────────┬──────────────────┬────────────────────────────────────────────────────────────────────┬────────────┐
    │ (index) │ target           │ html                                                               │ violations │
    ├─────────┼──────────────────┼────────────────────────────────────────────────────────────────────┼────────────┤
    │ 0       │ '[".sc-eCIkhf"]' │ '<div aria-label="Bar chart" role="img" class="sc-eCIkhf gTApSK">' │ '[0]'      │
    └─────────┴──────────────────┴────────────────────────────────────────────────────────────────────┴────────────┘

      at DefaultTerminalReporter.<anonymous> (node_modules/axe-playwright/dist/reporter/defaultTerminalReporter.js:43:29)

  console.log
    ┌─────────┬──────────────────────┬───────────┬────────────────────────────────────────────────────────────────────────────────────────────────────────────────────────────────────────────────────────┬───────┐
    │ (index) │ id                   │ impact    │ description                                                                                                                                            │ nodes │
    ├─────────┼──────────────────────┼───────────┼────────────────────────────────────────────────────────────────────────────────────────────────────────────────────────────────────────────────────────┼───────┤
    │ 0       │ 'aria-allowed-role'  │ 'minor'   │ 'Ensure role attribute has an appropriate value for the element'                                                                                       │ 1     │
    │ 1       │ 'nested-interactive' │ 'serious' │ 'Ensure interactive controls are not nested as they are not always announced by screen readers or can cause focus problems for assistive technologies' │ 1     │
    └─────────┴──────────────────────┴───────────┴────────────────────────────────────────────────────────────────────────────────────────────────────────────────────────────────────────────────────────┴───────┘

      at DefaultTerminalReporter.<anonymous> (node_modules/axe-playwright/dist/reporter/defaultTerminalReporter.js:31:25)

  console.log
    ┌─────────┬───────────────┬────────────────────────────────────────────────────────────────────────┬────────────┐
    │ (index) │ target        │ html                                                                   │ violations │
    ├─────────┼───────────────┼────────────────────────────────────────────────────────────────────────┼────────────┤
    │ 0       │ '["section"]' │ '<section aria-label="Bar chart" role="img" class="sc-eCIkhf gTApSK">' │ '[0,1]'    │
    └─────────┴───────────────┴────────────────────────────────────────────────────────────────────────┴────────────┘

      at DefaultTerminalReporter.<anonymous> (node_modules/axe-playwright/dist/reporter/defaultTerminalReporter.js:43:29)

  console.log
    ┌─────────┬──────────────────────┬───────────┬────────────────────────────────────────────────────────────────────────────────────────────────────────────────────────────────────────────────────────┬───────┐
    │ (index) │ id                   │ impact    │ description                                                                                                                                            │ nodes │
    ├─────────┼──────────────────────┼───────────┼────────────────────────────────────────────────────────────────────────────────────────────────────────────────────────────────────────────────────────┼───────┤
    │ 0       │ 'nested-interactive' │ 'serious' │ 'Ensure interactive controls are not nested as they are not always announced by screen readers or can cause focus problems for assistive technologies' │ 1     │
    └─────────┴──────────────────────┴───────────┴────────────────────────────────────────────────────────────────────────────────────────────────────────────────────────────────────────────────────────┴───────┘

      at DefaultTerminalReporter.<anonymous> (node_modules/axe-playwright/dist/reporter/defaultTerminalReporter.js:31:25)

  console.log
    ┌─────────┬──────────────────┬────────────────────────────────────────────────────────────────────┬────────────┐
    │ (index) │ target           │ html                                                               │ violations │
    ├─────────┼──────────────────┼────────────────────────────────────────────────────────────────────┼────────────┤
    │ 0       │ '[".sc-eCIkhf"]' │ '<div aria-label="Bar chart" role="img" class="sc-eCIkhf gTApSK">' │ '[0]'      │
    └─────────┴──────────────────┴────────────────────────────────────────────────────────────────────┴────────────┘

      at DefaultTerminalReporter.<anonymous> (node_modules/axe-playwright/dist/reporter/defaultTerminalReporter.js:43:29)

FAIL browser: chromium src/BarChart/BarChart.stories.tsx
  Data Visualization/BarChart
    Default
      ✕ smoke-test (208 ms)
    Hover
      ✕ smoke-test (143 ms)
    Focus
      ✕ smoke-test (88 ms)
    Active
      ✕ smoke-test (85 ms)
    Disabled
      ✕ smoke-test (91 ms)
    Loading
      ✓ smoke-test (71 ms)
    Empty
      ✓ smoke-test (71 ms)
    Error
      ✓ smoke-test (70 ms)
    Vertical
      ✕ smoke-test (97 ms)
    Horizontal
      ✕ smoke-test (101 ms)
    Stacked
      ✕ smoke-test (95 ms)
    WithTitle
      ✕ smoke-test (98 ms)
    WithoutGrid
      ✕ smoke-test (89 ms)
    Small
      ✕ smoke-test (86 ms)
    Medium
      ✕ smoke-test (89 ms)
    Large
      ✕ smoke-test (89 ms)
    ResponsiveWidth
      ✕ smoke-test (93 ms)
    CustomHeader
      ✕ smoke-test (87 ms)
    CustomLegend
      ✕ smoke-test (87 ms)
    CustomEmptyState
      ✕ smoke-test (62 ms)
    CustomLoadingState
      ✓ smoke-test (68 ms)
    EventCallbacks
      ✕ smoke-test (88 ms)
    ForwardRef
      ✕ smoke-test (86 ms)
    Polymorphic
      ✕ smoke-test (88 ms)
    InCard
      ✕ smoke-test (115 ms)

  ● Data Visualization/BarChart › Default › smoke-test

    assert.strictEqual(received, expected)

    Expected value to strictly be equal to:
      0
    Received:
      1

    Message:
      1 accessibility violation was detected

    1 !== 0

      at testResultDependsOnViolations (node_modules/axe-playwright/dist/utils.js:16:26)
      at node_modules/axe-playwright/dist/index.js:143:51
      at fulfilled (node_modules/axe-playwright/dist/index.js:28:58)

  ● Data Visualization/BarChart › Hover › smoke-test

    assert.strictEqual(received, expected)

    Expected value to strictly be equal to:
      0
    Received:
      1

    Message:
      1 accessibility violation was detected

    1 !== 0

      at testResultDependsOnViolations (node_modules/axe-playwright/dist/utils.js:16:26)
      at node_modules/axe-playwright/dist/index.js:143:51
      at fulfilled (node_modules/axe-playwright/dist/index.js:28:58)

  ● Data Visualization/BarChart › Focus › smoke-test

    assert.strictEqual(received, expected)

    Expected value to strictly be equal to:
      0
    Received:
      1

    Message:
      1 accessibility violation was detected

    1 !== 0

      at testResultDependsOnViolations (node_modules/axe-playwright/dist/utils.js:16:26)
      at node_modules/axe-playwright/dist/index.js:143:51
      at fulfilled (node_modules/axe-playwright/dist/index.js:28:58)

  ● Data Visualization/BarChart › Active › smoke-test

    assert.strictEqual(received, expected)

    Expected value to strictly be equal to:
      0
    Received:
      1

    Message:
      1 accessibility violation was detected

    1 !== 0

      at testResultDependsOnViolations (node_modules/axe-playwright/dist/utils.js:16:26)
      at node_modules/axe-playwright/dist/index.js:143:51
      at fulfilled (node_modules/axe-playwright/dist/index.js:28:58)

  ● Data Visualization/BarChart › Disabled › smoke-test

    assert.strictEqual(received, expected)

    Expected value to strictly be equal to:
      0
    Received:
      1

    Message:
      1 accessibility violation was detected

    1 !== 0

      at testResultDependsOnViolations (node_modules/axe-playwright/dist/utils.js:16:26)
      at node_modules/axe-playwright/dist/index.js:143:51
      at fulfilled (node_modules/axe-playwright/dist/index.js:28:58)

  ● Data Visualization/BarChart › Vertical › smoke-test

    assert.strictEqual(received, expected)

    Expected value to strictly be equal to:
      0
    Received:
      1

    Message:
      1 accessibility violation was detected

    1 !== 0

      at testResultDependsOnViolations (node_modules/axe-playwright/dist/utils.js:16:26)
      at node_modules/axe-playwright/dist/index.js:143:51
      at fulfilled (node_modules/axe-playwright/dist/index.js:28:58)

  ● Data Visualization/BarChart › Horizontal › smoke-test

    assert.strictEqual(received, expected)

    Expected value to strictly be equal to:
      0
    Received:
      1

    Message:
      1 accessibility violation was detected

    1 !== 0

      at testResultDependsOnViolations (node_modules/axe-playwright/dist/utils.js:16:26)
      at node_modules/axe-playwright/dist/index.js:143:51
      at fulfilled (node_modules/axe-playwright/dist/index.js:28:58)

  ● Data Visualization/BarChart › Stacked › smoke-test

    assert.strictEqual(received, expected)

    Expected value to strictly be equal to:
      0
    Received:
      1

    Message:
      1 accessibility violation was detected

    1 !== 0

      at testResultDependsOnViolations (node_modules/axe-playwright/dist/utils.js:16:26)
      at node_modules/axe-playwright/dist/index.js:143:51
      at fulfilled (node_modules/axe-playwright/dist/index.js:28:58)

  ● Data Visualization/BarChart › WithTitle › smoke-test

    assert.strictEqual(received, expected)

    Expected value to strictly be equal to:
      0
    Received:
      1

    Message:
      1 accessibility violation was detected

    1 !== 0

      at testResultDependsOnViolations (node_modules/axe-playwright/dist/utils.js:16:26)
      at node_modules/axe-playwright/dist/index.js:143:51
      at fulfilled (node_modules/axe-playwright/dist/index.js:28:58)

  ● Data Visualization/BarChart › WithoutGrid › smoke-test

    assert.strictEqual(received, expected)

    Expected value to strictly be equal to:
      0
    Received:
      1

    Message:
      1 accessibility violation was detected

    1 !== 0

      at testResultDependsOnViolations (node_modules/axe-playwright/dist/utils.js:16:26)
      at node_modules/axe-playwright/dist/index.js:143:51
      at fulfilled (node_modules/axe-playwright/dist/index.js:28:58)

  ● Data Visualization/BarChart › Small › smoke-test

    assert.strictEqual(received, expected)

    Expected value to strictly be equal to:
      0
    Received:
      1

    Message:
      1 accessibility violation was detected

    1 !== 0

      at testResultDependsOnViolations (node_modules/axe-playwright/dist/utils.js:16:26)
      at node_modules/axe-playwright/dist/index.js:143:51
      at fulfilled (node_modules/axe-playwright/dist/index.js:28:58)

  ● Data Visualization/BarChart › Medium › smoke-test

    assert.strictEqual(received, expected)

    Expected value to strictly be equal to:
      0
    Received:
      1

    Message:
      1 accessibility violation was detected

    1 !== 0

      at testResultDependsOnViolations (node_modules/axe-playwright/dist/utils.js:16:26)
      at node_modules/axe-playwright/dist/index.js:143:51
      at fulfilled (node_modules/axe-playwright/dist/index.js:28:58)

  ● Data Visualization/BarChart › Large › smoke-test

    assert.strictEqual(received, expected)

    Expected value to strictly be equal to:
      0
    Received:
      1

    Message:
      1 accessibility violation was detected

    1 !== 0

      at testResultDependsOnViolations (node_modules/axe-playwright/dist/utils.js:16:26)
      at node_modules/axe-playwright/dist/index.js:143:51
      at fulfilled (node_modules/axe-playwright/dist/index.js:28:58)

  ● Data Visualization/BarChart › ResponsiveWidth › smoke-test

    assert.strictEqual(received, expected)

    Expected value to strictly be equal to:
      0
    Received:
      1

    Message:
      1 accessibility violation was detected

    1 !== 0

      at testResultDependsOnViolations (node_modules/axe-playwright/dist/utils.js:16:26)
      at node_modules/axe-playwright/dist/index.js:143:51
      at fulfilled (node_modules/axe-playwright/dist/index.js:28:58)

  ● Data Visualization/BarChart › CustomHeader › smoke-test

    assert.strictEqual(received, expected)

    Expected value to strictly be equal to:
      0
    Received:
      1

    Message:
      1 accessibility violation was detected

    1 !== 0

      at testResultDependsOnViolations (node_modules/axe-playwright/dist/utils.js:16:26)
      at node_modules/axe-playwright/dist/index.js:143:51
      at fulfilled (node_modules/axe-playwright/dist/index.js:28:58)

  ● Data Visualization/BarChart › CustomLegend › smoke-test

    assert.strictEqual(received, expected)

    Expected value to strictly be equal to:
      0
    Received:
      2

    Message:
      2 accessibility violations were detected

    2 !== 0

      at testResultDependsOnViolations (node_modules/axe-playwright/dist/utils.js:16:26)
      at node_modules/axe-playwright/dist/index.js:143:51
      at fulfilled (node_modules/axe-playwright/dist/index.js:28:58)

  ● Data Visualization/BarChart › CustomEmptyState › smoke-test

    assert.strictEqual(received, expected)

    Expected value to strictly be equal to:
      0
    Received:
      1

    Message:
      1 accessibility violation was detected

    1 !== 0

      at testResultDependsOnViolations (node_modules/axe-playwright/dist/utils.js:16:26)
      at node_modules/axe-playwright/dist/index.js:143:51
      at fulfilled (node_modules/axe-playwright/dist/index.js:28:58)

  ● Data Visualization/BarChart › EventCallbacks › smoke-test

    assert.strictEqual(received, expected)

    Expected value to strictly be equal to:
      0
    Received:
      1

    Message:
      1 accessibility violation was detected

    1 !== 0

      at testResultDependsOnViolations (node_modules/axe-playwright/dist/utils.js:16:26)
      at node_modules/axe-playwright/dist/index.js:143:51
      at fulfilled (node_modules/axe-playwright/dist/index.js:28:58)

  ● Data Visualization/BarChart › ForwardRef › smoke-test

    assert.strictEqual(received, expected)

    Expected value to strictly be equal to:
      0
    Received:
      1

    Message:
      1 accessibility violation was detected

    1 !== 0

      at testResultDependsOnViolations (node_modules/axe-playwright/dist/utils.js:16:26)
      at node_modules/axe-playwright/dist/index.js:143:51
      at fulfilled (node_modules/axe-playwright/dist/index.js:28:58)

  ● Data Visualization/BarChart › Polymorphic › smoke-test

    assert.strictEqual(received, expected)

    Expected value to strictly be equal to:
      0
    Received:
      2

    Message:
      2 accessibility violations were detected

    2 !== 0

      at testResultDependsOnViolations (node_modules/axe-playwright/dist/utils.js:16:26)
      at node_modules/axe-playwright/dist/index.js:143:51
      at fulfilled (node_modules/axe-playwright/dist/index.js:28:58)

  ● Data Visualization/BarChart › InCard › smoke-test

    assert.strictEqual(received, expected)

    Expected value to strictly be equal to:
      0
    Received:
      1

    Message:
      1 accessibility violation was detected

    1 !== 0

      at testResultDependsOnViolations (node_modules/axe-playwright/dist/utils.js:16:26)
      at node_modules/axe-playwright/dist/index.js:143:51
      at fulfilled (node_modules/axe-playwright/dist/index.js:28:58)

  console.log
    No accessibility violations detected!

      at DefaultTerminalReporter.<anonymous> (node_modules/axe-playwright/dist/reporter/defaultTerminalReporter.js:47:41)

  console.log
    No accessibility violations detected!

      at DefaultTerminalReporter.<anonymous> (node_modules/axe-playwright/dist/reporter/defaultTerminalReporter.js:47:41)

  console.log
    ✅ No accessibility violations in: Components/Button

      at log (.storybook/test-runner.ts:38:15)

  console.log
    No accessibility violations detected!

      at DefaultTerminalReporter.<anonymous> (node_modules/axe-playwright/dist/reporter/defaultTerminalReporter.js:47:41)

  console.log
    ✅ No accessibility violations in: Components/Button

      at log (.storybook/test-runner.ts:38:15)

  console.log
    No accessibility violations detected!

      at DefaultTerminalReporter.<anonymous> (node_modules/axe-playwright/dist/reporter/defaultTerminalReporter.js:47:41)

  console.log
    ✅ No accessibility violations in: Components/Button

      at log (.storybook/test-runner.ts:38:15)

  console.log
    No accessibility violations detected!

      at DefaultTerminalReporter.<anonymous> (node_modules/axe-playwright/dist/reporter/defaultTerminalReporter.js:47:41)

  console.log
    ✅ No accessibility violations in: Components/Button

      at log (.storybook/test-runner.ts:38:15)

  console.log
    No accessibility violations detected!

      at DefaultTerminalReporter.<anonymous> (node_modules/axe-playwright/dist/reporter/defaultTerminalReporter.js:47:41)

  console.log
    ✅ No accessibility violations in: Components/Button

      at log (.storybook/test-runner.ts:38:15)

  console.log
    ┌─────────┬──────────────────┬───────────┬──────────────────────────────────────────────────────────────────────────────────────────────────────────────────┬───────┐
    │ (index) │ id               │ impact    │ description                                                                                                      │ nodes │
    ├─────────┼──────────────────┼───────────┼──────────────────────────────────────────────────────────────────────────────────────────────────────────────────┼───────┤
    │ 0       │ 'color-contrast' │ 'serious' │ 'Ensure the contrast between foreground and background colors meets WCAG 2 AA minimum contrast ratio thresholds' │ 2     │
    └─────────┴──────────────────┴───────────┴──────────────────────────────────────────────────────────────────────────────────────────────────────────────────┴───────┘

      at DefaultTerminalReporter.<anonymous> (node_modules/axe-playwright/dist/reporter/defaultTerminalReporter.js:31:25)

  console.log
    ┌─────────┬───────────────────────────────────┬───────────────────────────────────────────────────────────┬────────────┐
    │ (index) │ target                            │ html                                                      │ violations │
    ├─────────┼───────────────────────────────────┼───────────────────────────────────────────────────────────┼────────────┤
    │ 0       │ '[".kPMCJx > .sc-dkPvMp.gVkyTV"]' │ '<span class="sc-dkPvMp gVkyTV">Warning Primary</span>'   │ '[0]'      │
    │ 1       │ '[".erPdFG > .sc-dkPvMp.gVkyTV"]' │ '<span class="sc-dkPvMp gVkyTV">Warning Secondary</span>' │ '[0]'      │
    └─────────┴───────────────────────────────────┴───────────────────────────────────────────────────────────┴────────────┘

      at DefaultTerminalReporter.<anonymous> (node_modules/axe-playwright/dist/reporter/defaultTerminalReporter.js:43:29)

  console.log
    No accessibility violations detected!

      at DefaultTerminalReporter.<anonymous> (node_modules/axe-playwright/dist/reporter/defaultTerminalReporter.js:47:41)

  console.log
    ✅ No accessibility violations in: Components/Button

      at log (.storybook/test-runner.ts:38:15)

  console.log
    No accessibility violations detected!

      at DefaultTerminalReporter.<anonymous> (node_modules/axe-playwright/dist/reporter/defaultTerminalReporter.js:47:41)

  console.log
    ✅ No accessibility violations in: Components/Button

      at log (.storybook/test-runner.ts:38:15)

  console.log
    No accessibility violations detected!

      at DefaultTerminalReporter.<anonymous> (node_modules/axe-playwright/dist/reporter/defaultTerminalReporter.js:47:41)

  console.log
    ✅ No accessibility violations in: Components/Button

      at log (.storybook/test-runner.ts:38:15)

  console.log
    No accessibility violations detected!

      at DefaultTerminalReporter.<anonymous> (node_modules/axe-playwright/dist/reporter/defaultTerminalReporter.js:47:41)

  console.log
    ✅ No accessibility violations in: Components/Button

      at log (.storybook/test-runner.ts:38:15)

  console.log
    No accessibility violations detected!

      at DefaultTerminalReporter.<anonymous> (node_modules/axe-playwright/dist/reporter/defaultTerminalReporter.js:47:41)

  console.log
    ✅ No accessibility violations in: Components/Button

      at log (.storybook/test-runner.ts:38:15)

  console.log
    No accessibility violations detected!

      at DefaultTerminalReporter.<anonymous> (node_modules/axe-playwright/dist/reporter/defaultTerminalReporter.js:47:41)

  console.log
    ✅ No accessibility violations in: Components/Button

      at log (.storybook/test-runner.ts:38:15)

  console.log
    No accessibility violations detected!

      at DefaultTerminalReporter.<anonymous> (node_modules/axe-playwright/dist/reporter/defaultTerminalReporter.js:47:41)

  console.log
    ✅ No accessibility violations in: Components/Button

      at log (.storybook/test-runner.ts:38:15)

  console.log
    No accessibility violations detected!

      at DefaultTerminalReporter.<anonymous> (node_modules/axe-playwright/dist/reporter/defaultTerminalReporter.js:47:41)

  console.log
    ✅ No accessibility violations in: Components/Button

      at log (.storybook/test-runner.ts:38:15)

  console.log
    No accessibility violations detected!

      at DefaultTerminalReporter.<anonymous> (node_modules/axe-playwright/dist/reporter/defaultTerminalReporter.js:47:41)

  console.log
    ✅ No accessibility violations in: Components/Button

      at log (.storybook/test-runner.ts:38:15)

  console.log
    No accessibility violations detected!

      at DefaultTerminalReporter.<anonymous> (node_modules/axe-playwright/dist/reporter/defaultTerminalReporter.js:47:41)

  console.log
    ✅ No accessibility violations in: Components/Button

      at log (.storybook/test-runner.ts:38:15)

  console.log
    ┌─────────┬──────────────────┬───────────┬──────────────────────────────────────────────────────────────────────────────────────────────────────────────────┬───────┐
    │ (index) │ id               │ impact    │ description                                                                                                      │ nodes │
    ├─────────┼──────────────────┼───────────┼──────────────────────────────────────────────────────────────────────────────────────────────────────────────────┼───────┤
    │ 0       │ 'color-contrast' │ 'serious' │ 'Ensure the contrast between foreground and background colors meets WCAG 2 AA minimum contrast ratio thresholds' │ 5     │
    └─────────┴──────────────────┴───────────┴──────────────────────────────────────────────────────────────────────────────────────────────────────────────────┴───────┘

      at DefaultTerminalReporter.<anonymous> (node_modules/axe-playwright/dist/reporter/defaultTerminalReporter.js:31:25)

  console.log
    ┌─────────┬───────────────────────────────────┬─────────────────────────────────────────────────┬────────────┐
    │ (index) │ target                            │ html                                            │ violations │
    ├─────────┼───────────────────────────────────┼─────────────────────────────────────────────────┼────────────┤
    │ 0       │ '[".htWlHa > .sc-dkPvMp.gVkyTV"]' │ '<span class="sc-dkPvMp gVkyTV">Warning</span>' │ '[0]'      │
    │ 1       │ '[".ACcIK > .sc-dkPvMp.gVkyTV"]'  │ '<span class="sc-dkPvMp gVkyTV">Warning</span>' │ '[0]'      │
    │ 2       │ '[".kPMCJx > .sc-dkPvMp.gVkyTV"]' │ '<span class="sc-dkPvMp gVkyTV">Warning</span>' │ '[0]'      │
    │ 3       │ '[".kKRlOh > .sc-dkPvMp.gVkyTV"]' │ '<span class="sc-dkPvMp gVkyTV">Warning</span>' │ '[0]'      │
    │ 4       │ '[".eozosZ > .sc-dkPvMp.gVkyTV"]' │ '<span class="sc-dkPvMp gVkyTV">Warning</span>' │ '[0]'      │
    └─────────┴───────────────────────────────────┴─────────────────────────────────────────────────┴────────────┘

      at DefaultTerminalReporter.<anonymous> (node_modules/axe-playwright/dist/reporter/defaultTerminalReporter.js:43:29)

FAIL browser: chromium src/Button/Button.stories.tsx
  Components/Button
    Playground
      ✕ smoke-test (186 ms)
    Sizes
      ✓ smoke-test (103 ms)
    PrimaryVariant
      ✓ smoke-test (78 ms)
    SecondaryVariant
      ✓ smoke-test (76 ms)
    TertiaryVariant
      ✓ smoke-test (75 ms)
    SafeType
      ✓ smoke-test (79 ms)
    WarningType
      ✕ smoke-test (67 ms)
    AlertType
      ✓ smoke-test (76 ms)
    WithIcons
      ✓ smoke-test (127 ms)
    IconOnly
      ✓ smoke-test (76 ms)
    FullWidth
      ✓ smoke-test (78 ms)
    ButtonGroups
      ✓ smoke-test (91 ms)
    LoadingState
      ✓ smoke-test (105 ms)
    ErrorState
      ✓ smoke-test (91 ms)
    PolymorphicAs
      ✓ smoke-test (90 ms)
    EventCallbacks
      ✓ smoke-test (81 ms)
    StyleOverrides
      ✓ smoke-test (88 ms)
    AllVariants
      ✕ smoke-test (220 ms)

  ● Components/Button › Playground › smoke-test

    page.evaluate: Error: Axe is already running. Use `await axe.run()` to wait for the previous run to finish before starting a new run.

      at assert (packages/components/http:/localhost:6007/packages/components/node_modules/.cache/storybook/1c3385a5d25e538d10b518b310c74d3ca2690b6aaffeadccd74da79736171f86/sb-vite/deps/axe-core.js?v=b3da04b4:7427:19)
      at Object.run4 [as run] (packages/components/http:/localhost:6007/packages/components/node_modules/.cache/storybook/1c3385a5d25e538d10b518b310c74d3ca2690b6aaffeadccd74da79736171f86/sb-vite/deps/axe-core.js?v=b3da04b4:29739:13)
      at eval (eval at evaluate (:311:30)packages/components/, <anonymous>:2:27)
      at UtilityScript.evaluate (packages/components/<anonymous>:313:16)
      at UtilityScript.<anonymous> (packages/components/<anonymous>:1:44)
      at node_modules/axe-playwright/dist/index.js:74:31
      at node_modules/axe-playwright/dist/index.js:31:71
      at Object.<anonymous>.__awaiter (node_modules/axe-playwright/dist/index.js:27:12)
      at getAxeResults (node_modules/axe-playwright/dist/index.js:73:51)
      at node_modules/axe-playwright/dist/index.js:87:52
      at node_modules/axe-playwright/dist/index.js:31:71
      at Object.<anonymous>.__awaiter (node_modules/axe-playwright/dist/index.js:27:12)
      at getViolations (node_modules/axe-playwright/dist/index.js:86:51)
      at postVisit (.storybook/test-runner.ts:20:43)

  ● Components/Button › WarningType › smoke-test

    assert.strictEqual(received, expected)

    Expected value to strictly be equal to:
      0
    Received:
      1

    Message:
      1 accessibility violation was detected

    1 !== 0

      at testResultDependsOnViolations (node_modules/axe-playwright/dist/utils.js:16:26)
      at node_modules/axe-playwright/dist/index.js:143:51
      at fulfilled (node_modules/axe-playwright/dist/index.js:28:58)

  ● Components/Button › AllVariants › smoke-test

    assert.strictEqual(received, expected)

    Expected value to strictly be equal to:
      0
    Received:
      1

    Message:
      1 accessibility violation was detected

    1 !== 0

      at testResultDependsOnViolations (node_modules/axe-playwright/dist/utils.js:16:26)
      at node_modules/axe-playwright/dist/index.js:143:51
      at fulfilled (node_modules/axe-playwright/dist/index.js:28:58)

  console.log
    ┌─────────┬──────────────────┬───────────┬──────────────────────────────────────────────────────────────────────────────────────────────────────────────────┬───────┐
    │ (index) │ id               │ impact    │ description                                                                                                      │ nodes │
    ├─────────┼──────────────────┼───────────┼──────────────────────────────────────────────────────────────────────────────────────────────────────────────────┼───────┤
    │ 0       │ 'color-contrast' │ 'serious' │ 'Ensure the contrast between foreground and background colors meets WCAG 2 AA minimum contrast ratio thresholds' │ 3     │
    └─────────┴──────────────────┴───────────┴──────────────────────────────────────────────────────────────────────────────────────────────────────────────────┴───────┘

      at DefaultTerminalReporter.<anonymous> (node_modules/axe-playwright/dist/reporter/defaultTerminalReporter.js:31:25)

  console.log
    ┌─────────┬──────────────────────────────────────────────────────────────────────────────────┬───────────────────────────────────────────────────┬────────────┐
    │ (index) │ target                                                                           │ html                                              │ violations │
    ├─────────┼──────────────────────────────────────────────────────────────────────────────────┼───────────────────────────────────────────────────┼────────────┤
    │ 0       │ '["button[aria-label=\\"Analytics\\"] > .sc-iCfMpq.cbYUxf > .kocjvC.sc-eCIkhf"]' │ '<span class="sc-eCIkhf kocjvC">Analytics</span>' │ '[0]'      │
    │ 1       │ '["button[aria-label=\\"Reports\\"] > .sc-iCfMpq.cbYUxf > .kocjvC.sc-eCIkhf"]'   │ '<span class="sc-eCIkhf kocjvC">Reports</span>'   │ '[0]'      │
    │ 2       │ '["button[aria-label=\\"Settings\\"] > .sc-iCfMpq.cbYUxf > .kocjvC.sc-eCIkhf"]'  │ '<span class="sc-eCIkhf kocjvC">Settings</span>'  │ '[0]'      │
    └─────────┴──────────────────────────────────────────────────────────────────────────────────┴───────────────────────────────────────────────────┴────────────┘

      at DefaultTerminalReporter.<anonymous> (node_modules/axe-playwright/dist/reporter/defaultTerminalReporter.js:43:29)

  console.log
    ┌─────────┬──────────────────┬───────────┬──────────────────────────────────────────────────────────────────────────────────────────────────────────────────┬───────┐
    │ (index) │ id               │ impact    │ description                                                                                                      │ nodes │
    ├─────────┼──────────────────┼───────────┼──────────────────────────────────────────────────────────────────────────────────────────────────────────────────┼───────┤
    │ 0       │ 'color-contrast' │ 'serious' │ 'Ensure the contrast between foreground and background colors meets WCAG 2 AA minimum contrast ratio thresholds' │ 3     │
    └─────────┴──────────────────┴───────────┴──────────────────────────────────────────────────────────────────────────────────────────────────────────────────┴───────┘

      at DefaultTerminalReporter.<anonymous> (node_modules/axe-playwright/dist/reporter/defaultTerminalReporter.js:31:25)

  console.log
    ┌─────────┬──────────────────────────────────────────────────────────────────────────────────┬───────────────────────────────────────────────────┬────────────┐
    │ (index) │ target                                                                           │ html                                              │ violations │
    ├─────────┼──────────────────────────────────────────────────────────────────────────────────┼───────────────────────────────────────────────────┼────────────┤
    │ 0       │ '["button[aria-label=\\"Analytics\\"] > .sc-iCfMpq.cbYUxf > .kocjvC.sc-eCIkhf"]' │ '<span class="sc-eCIkhf kocjvC">Analytics</span>' │ '[0]'      │
    │ 1       │ '["button[aria-label=\\"Reports\\"] > .sc-iCfMpq.cbYUxf > .kocjvC.sc-eCIkhf"]'   │ '<span class="sc-eCIkhf kocjvC">Reports</span>'   │ '[0]'      │
    │ 2       │ '["button[aria-label=\\"Settings\\"] > .sc-iCfMpq.cbYUxf > .kocjvC.sc-eCIkhf"]'  │ '<span class="sc-eCIkhf kocjvC">Settings</span>'  │ '[0]'      │
    └─────────┴──────────────────────────────────────────────────────────────────────────────────┴───────────────────────────────────────────────────┴────────────┘

      at DefaultTerminalReporter.<anonymous> (node_modules/axe-playwright/dist/reporter/defaultTerminalReporter.js:43:29)

  console.log
    ┌─────────┬──────────────────┬───────────┬──────────────────────────────────────────────────────────────────────────────────────────────────────────────────┬───────┐
    │ (index) │ id               │ impact    │ description                                                                                                      │ nodes │
    ├─────────┼──────────────────┼───────────┼──────────────────────────────────────────────────────────────────────────────────────────────────────────────────┼───────┤
    │ 0       │ 'color-contrast' │ 'serious' │ 'Ensure the contrast between foreground and background colors meets WCAG 2 AA minimum contrast ratio thresholds' │ 3     │
    └─────────┴──────────────────┴───────────┴──────────────────────────────────────────────────────────────────────────────────────────────────────────────────┴───────┘

      at DefaultTerminalReporter.<anonymous> (node_modules/axe-playwright/dist/reporter/defaultTerminalReporter.js:31:25)

  console.log
    ┌─────────┬──────────────────────────────────────────────────────────────────────────────────┬───────────────────────────────────────────────────┬────────────┐
    │ (index) │ target                                                                           │ html                                              │ violations │
    ├─────────┼──────────────────────────────────────────────────────────────────────────────────┼───────────────────────────────────────────────────┼────────────┤
    │ 0       │ '["button[aria-label=\\"Analytics\\"] > .sc-iCfMpq.cbYUxf > .kocjvC.sc-eCIkhf"]' │ '<span class="sc-eCIkhf kocjvC">Analytics</span>' │ '[0]'      │
    │ 1       │ '["button[aria-label=\\"Reports\\"] > .sc-iCfMpq.cbYUxf > .kocjvC.sc-eCIkhf"]'   │ '<span class="sc-eCIkhf kocjvC">Reports</span>'   │ '[0]'      │
    │ 2       │ '["button[aria-label=\\"Settings\\"] > .sc-iCfMpq.cbYUxf > .kocjvC.sc-eCIkhf"]'  │ '<span class="sc-eCIkhf kocjvC">Settings</span>'  │ '[0]'      │
    └─────────┴──────────────────────────────────────────────────────────────────────────────────┴───────────────────────────────────────────────────┴────────────┘

      at DefaultTerminalReporter.<anonymous> (node_modules/axe-playwright/dist/reporter/defaultTerminalReporter.js:43:29)

  console.log
    ┌─────────┬──────────────────┬───────────┬──────────────────────────────────────────────────────────────────────────────────────────────────────────────────┬───────┐
    │ (index) │ id               │ impact    │ description                                                                                                      │ nodes │
    ├─────────┼──────────────────┼───────────┼──────────────────────────────────────────────────────────────────────────────────────────────────────────────────┼───────┤
    │ 0       │ 'color-contrast' │ 'serious' │ 'Ensure the contrast between foreground and background colors meets WCAG 2 AA minimum contrast ratio thresholds' │ 3     │
    └─────────┴──────────────────┴───────────┴──────────────────────────────────────────────────────────────────────────────────────────────────────────────────┴───────┘

      at DefaultTerminalReporter.<anonymous> (node_modules/axe-playwright/dist/reporter/defaultTerminalReporter.js:31:25)

  console.log
    ┌─────────┬────────────────────────────────────────────────────────────────────────────────┬─────────────────────────────────────────────────┬────────────┐
    │ (index) │ target                                                                         │ html                                            │ violations │
    ├─────────┼────────────────────────────────────────────────────────────────────────────────┼─────────────────────────────────────────────────┼────────────┤
    │ 0       │ '["button[aria-label=\\"Details\\"] > .sc-iCfMpq.cbYUxf > .ljuwSn.sc-eCIkhf"]' │ '<span class="sc-eCIkhf ljuwSn">Details</span>' │ '[0]'      │
    │ 1       │ '["button[aria-label=\\"History\\"] > .sc-iCfMpq.cbYUxf > .ljuwSn.sc-eCIkhf"]' │ '<span class="sc-eCIkhf ljuwSn">History</span>' │ '[0]'      │
    │ 2       │ '["button[aria-label=\\"Notes\\"] > .sc-iCfMpq.cbYUxf > .ljuwSn.sc-eCIkhf"]'   │ '<span class="sc-eCIkhf ljuwSn">Notes</span>'   │ '[0]'      │
    └─────────┴────────────────────────────────────────────────────────────────────────────────┴─────────────────────────────────────────────────┴────────────┘

      at DefaultTerminalReporter.<anonymous> (node_modules/axe-playwright/dist/reporter/defaultTerminalReporter.js:43:29)

  console.log
    ┌─────────┬──────────────────┬───────────┬──────────────────────────────────────────────────────────────────────────────────────────────────────────────────┬───────┐
    │ (index) │ id               │ impact    │ description                                                                                                      │ nodes │
    ├─────────┼──────────────────┼───────────┼──────────────────────────────────────────────────────────────────────────────────────────────────────────────────┼───────┤
    │ 0       │ 'color-contrast' │ 'serious' │ 'Ensure the contrast between foreground and background colors meets WCAG 2 AA minimum contrast ratio thresholds' │ 3     │
    └─────────┴──────────────────┴───────────┴──────────────────────────────────────────────────────────────────────────────────────────────────────────────────┴───────┘

      at DefaultTerminalReporter.<anonymous> (node_modules/axe-playwright/dist/reporter/defaultTerminalReporter.js:31:25)

  console.log
    ┌─────────┬────────────────────────────────────────────────────────────────────────────────┬─────────────────────────────────────────────────┬────────────┐
    │ (index) │ target                                                                         │ html                                            │ violations │
    ├─────────┼────────────────────────────────────────────────────────────────────────────────┼─────────────────────────────────────────────────┼────────────┤
    │ 0       │ '["button[aria-label=\\"Details\\"] > .sc-iCfMpq.cbYUxf > .ljuwSn.sc-eCIkhf"]' │ '<span class="sc-eCIkhf ljuwSn">Details</span>' │ '[0]'      │
    │ 1       │ '["button[aria-label=\\"History\\"] > .sc-iCfMpq.cbYUxf > .ljuwSn.sc-eCIkhf"]' │ '<span class="sc-eCIkhf ljuwSn">History</span>' │ '[0]'      │
    │ 2       │ '["button[aria-label=\\"Notes\\"] > .sc-iCfMpq.cbYUxf > .ljuwSn.sc-eCIkhf"]'   │ '<span class="sc-eCIkhf ljuwSn">Notes</span>'   │ '[0]'      │
    └─────────┴────────────────────────────────────────────────────────────────────────────────┴─────────────────────────────────────────────────┴────────────┘

      at DefaultTerminalReporter.<anonymous> (node_modules/axe-playwright/dist/reporter/defaultTerminalReporter.js:43:29)

  console.log
    No accessibility violations detected!

      at DefaultTerminalReporter.<anonymous> (node_modules/axe-playwright/dist/reporter/defaultTerminalReporter.js:47:41)

  console.log
    ✅ No accessibility violations in: Components/Tabs

      at log (.storybook/test-runner.ts:38:15)

  console.log
    No accessibility violations detected!

      at DefaultTerminalReporter.<anonymous> (node_modules/axe-playwright/dist/reporter/defaultTerminalReporter.js:47:41)

  console.log
    ✅ No accessibility violations in: Components/Tabs

      at log (.storybook/test-runner.ts:38:15)

  console.log
    No accessibility violations detected!

      at DefaultTerminalReporter.<anonymous> (node_modules/axe-playwright/dist/reporter/defaultTerminalReporter.js:47:41)

  console.log
    ✅ No accessibility violations in: Components/Tabs

      at log (.storybook/test-runner.ts:38:15)

  console.log
    No accessibility violations detected!

      at DefaultTerminalReporter.<anonymous> (node_modules/axe-playwright/dist/reporter/defaultTerminalReporter.js:47:41)

  console.log
    ✅ No accessibility violations in: Components/Tabs

      at log (.storybook/test-runner.ts:38:15)

  console.log
    ┌─────────┬──────────────────┬───────────┬──────────────────────────────────────────────────────────────────────────────────────────────────────────────────┬───────┐
    │ (index) │ id               │ impact    │ description                                                                                                      │ nodes │
    ├─────────┼──────────────────┼───────────┼──────────────────────────────────────────────────────────────────────────────────────────────────────────────────┼───────┤
    │ 0       │ 'color-contrast' │ 'serious' │ 'Ensure the contrast between foreground and background colors meets WCAG 2 AA minimum contrast ratio thresholds' │ 1     │
    └─────────┴──────────────────┴───────────┴──────────────────────────────────────────────────────────────────────────────────────────────────────────────────┴───────┘

      at DefaultTerminalReporter.<anonymous> (node_modules/axe-playwright/dist/reporter/defaultTerminalReporter.js:31:25)

  console.log
    ┌─────────┬───────────────────────────────────────────────────────┬─────────────────────────────────────────────────┬────────────┐
    │ (index) │ target                                                │ html                                            │ violations │
    ├─────────┼───────────────────────────────────────────────────────┼─────────────────────────────────────────────────┼────────────┤
    │ 0       │ '[".eXFVzY > .sc-iCfMpq.cbYUxf > .kocjvC.sc-eCIkhf"]' │ '<span class="sc-eCIkhf kocjvC">Reports</span>' │ '[0]'      │
    └─────────┴───────────────────────────────────────────────────────┴─────────────────────────────────────────────────┴────────────┘

      at DefaultTerminalReporter.<anonymous> (node_modules/axe-playwright/dist/reporter/defaultTerminalReporter.js:43:29)

  console.log
    ┌─────────┬──────────────────┬───────────┬──────────────────────────────────────────────────────────────────────────────────────────────────────────────────┬───────┐
    │ (index) │ id               │ impact    │ description                                                                                                      │ nodes │
    ├─────────┼──────────────────┼───────────┼──────────────────────────────────────────────────────────────────────────────────────────────────────────────────┼───────┤
    │ 0       │ 'color-contrast' │ 'serious' │ 'Ensure the contrast between foreground and background colors meets WCAG 2 AA minimum contrast ratio thresholds' │ 3     │
    └─────────┴──────────────────┴───────────┴──────────────────────────────────────────────────────────────────────────────────────────────────────────────────┴───────┘

      at DefaultTerminalReporter.<anonymous> (node_modules/axe-playwright/dist/reporter/defaultTerminalReporter.js:31:25)

  console.log
    ┌─────────┬──────────────────────────────────────────────────────────────────────────────────┬───────────────────────────────────────────────────┬────────────┐
    │ (index) │ target                                                                           │ html                                              │ violations │
    ├─────────┼──────────────────────────────────────────────────────────────────────────────────┼───────────────────────────────────────────────────┼────────────┤
    │ 0       │ '["button[aria-label=\\"Analytics\\"] > .sc-iCfMpq.cbYUxf > .kocjvC.sc-eCIkhf"]' │ '<span class="sc-eCIkhf kocjvC">Analytics</span>' │ '[0]'      │
    │ 1       │ '["button[aria-label=\\"Reports\\"] > .sc-iCfMpq.cbYUxf > .kocjvC.sc-eCIkhf"]'   │ '<span class="sc-eCIkhf kocjvC">Reports</span>'   │ '[0]'      │
    │ 2       │ '["button[aria-label=\\"Settings\\"] > .sc-iCfMpq.cbYUxf > .kocjvC.sc-eCIkhf"]'  │ '<span class="sc-eCIkhf kocjvC">Settings</span>'  │ '[0]'      │
    └─────────┴──────────────────────────────────────────────────────────────────────────────────┴───────────────────────────────────────────────────┴────────────┘

      at DefaultTerminalReporter.<anonymous> (node_modules/axe-playwright/dist/reporter/defaultTerminalReporter.js:43:29)

  console.log
    ┌─────────┬──────────────────┬───────────┬──────────────────────────────────────────────────────────────────────────────────────────────────────────────────┬───────┐
    │ (index) │ id               │ impact    │ description                                                                                                      │ nodes │
    ├─────────┼──────────────────┼───────────┼──────────────────────────────────────────────────────────────────────────────────────────────────────────────────┼───────┤
    │ 0       │ 'color-contrast' │ 'serious' │ 'Ensure the contrast between foreground and background colors meets WCAG 2 AA minimum contrast ratio thresholds' │ 3     │
    └─────────┴──────────────────┴───────────┴──────────────────────────────────────────────────────────────────────────────────────────────────────────────────┴───────┘

      at DefaultTerminalReporter.<anonymous> (node_modules/axe-playwright/dist/reporter/defaultTerminalReporter.js:31:25)

  console.log
    ┌─────────┬──────────────────────────────────────────────────────────────────────────────────┬───────────────────────────────────────────────────┬────────────┐
    │ (index) │ target                                                                           │ html                                              │ violations │
    ├─────────┼──────────────────────────────────────────────────────────────────────────────────┼───────────────────────────────────────────────────┼────────────┤
    │ 0       │ '["button[aria-label=\\"Analytics\\"] > .sc-iCfMpq.cbYUxf > .kocjvC.sc-eCIkhf"]' │ '<span class="sc-eCIkhf kocjvC">Analytics</span>' │ '[0]'      │
    │ 1       │ '["button[aria-label=\\"Reports\\"] > .sc-iCfMpq.cbYUxf > .kocjvC.sc-eCIkhf"]'   │ '<span class="sc-eCIkhf kocjvC">Reports</span>'   │ '[0]'      │
    │ 2       │ '["button[aria-label=\\"Settings\\"] > .sc-iCfMpq.cbYUxf > .kocjvC.sc-eCIkhf"]'  │ '<span class="sc-eCIkhf kocjvC">Settings</span>'  │ '[0]'      │
    └─────────┴──────────────────────────────────────────────────────────────────────────────────┴───────────────────────────────────────────────────┴────────────┘

      at DefaultTerminalReporter.<anonymous> (node_modules/axe-playwright/dist/reporter/defaultTerminalReporter.js:43:29)

  console.log
    ┌─────────┬──────────────────┬───────────┬──────────────────────────────────────────────────────────────────────────────────────────────────────────────────┬───────┐
    │ (index) │ id               │ impact    │ description                                                                                                      │ nodes │
    ├─────────┼──────────────────┼───────────┼──────────────────────────────────────────────────────────────────────────────────────────────────────────────────┼───────┤
    │ 0       │ 'color-contrast' │ 'serious' │ 'Ensure the contrast between foreground and background colors meets WCAG 2 AA minimum contrast ratio thresholds' │ 3     │
    └─────────┴──────────────────┴───────────┴──────────────────────────────────────────────────────────────────────────────────────────────────────────────────┴───────┘

      at DefaultTerminalReporter.<anonymous> (node_modules/axe-playwright/dist/reporter/defaultTerminalReporter.js:31:25)

  console.log
    ┌─────────┬──────────────────────────────────────────────────────────────────────────────────┬───────────────────────────────────────────────────┬────────────┐
    │ (index) │ target                                                                           │ html                                              │ violations │
    ├─────────┼──────────────────────────────────────────────────────────────────────────────────┼───────────────────────────────────────────────────┼────────────┤
    │ 0       │ '["button[aria-label=\\"Analytics\\"] > .sc-iCfMpq.cbYUxf > .kocjvC.sc-eCIkhf"]' │ '<span class="sc-eCIkhf kocjvC">Analytics</span>' │ '[0]'      │
    │ 1       │ '["button[aria-label=\\"Reports\\"] > .sc-iCfMpq.cbYUxf > .kocjvC.sc-eCIkhf"]'   │ '<span class="sc-eCIkhf kocjvC">Reports</span>'   │ '[0]'      │
    │ 2       │ '["button[aria-label=\\"Settings\\"] > .sc-iCfMpq.cbYUxf > .kocjvC.sc-eCIkhf"]'  │ '<span class="sc-eCIkhf kocjvC">Settings</span>'  │ '[0]'      │
    └─────────┴──────────────────────────────────────────────────────────────────────────────────┴───────────────────────────────────────────────────┴────────────┘

      at DefaultTerminalReporter.<anonymous> (node_modules/axe-playwright/dist/reporter/defaultTerminalReporter.js:43:29)

  console.log
    ┌─────────┬──────────────────┬───────────┬──────────────────────────────────────────────────────────────────────────────────────────────────────────────────┬───────┐
    │ (index) │ id               │ impact    │ description                                                                                                      │ nodes │
    ├─────────┼──────────────────┼───────────┼──────────────────────────────────────────────────────────────────────────────────────────────────────────────────┼───────┤
    │ 0       │ 'color-contrast' │ 'serious' │ 'Ensure the contrast between foreground and background colors meets WCAG 2 AA minimum contrast ratio thresholds' │ 3     │
    └─────────┴──────────────────┴───────────┴──────────────────────────────────────────────────────────────────────────────────────────────────────────────────┴───────┘

      at DefaultTerminalReporter.<anonymous> (node_modules/axe-playwright/dist/reporter/defaultTerminalReporter.js:31:25)

  console.log
    ┌─────────┬──────────────────────────────────────────────────────────────────────────────────┬───────────────────────────────────────────────────┬────────────┐
    │ (index) │ target                                                                           │ html                                              │ violations │
    ├─────────┼──────────────────────────────────────────────────────────────────────────────────┼───────────────────────────────────────────────────┼────────────┤
    │ 0       │ '["button[aria-label=\\"Analytics\\"] > .sc-iCfMpq.cbYUxf > .kocjvC.sc-eCIkhf"]' │ '<span class="sc-eCIkhf kocjvC">Analytics</span>' │ '[0]'      │
    │ 1       │ '["button[aria-label=\\"Reports\\"] > .sc-iCfMpq.cbYUxf > .kocjvC.sc-eCIkhf"]'   │ '<span class="sc-eCIkhf kocjvC">Reports</span>'   │ '[0]'      │
    │ 2       │ '["button[aria-label=\\"Settings\\"] > .sc-iCfMpq.cbYUxf > .kocjvC.sc-eCIkhf"]'  │ '<span class="sc-eCIkhf kocjvC">Settings</span>'  │ '[0]'      │
    └─────────┴──────────────────────────────────────────────────────────────────────────────────┴───────────────────────────────────────────────────┴────────────┘

      at DefaultTerminalReporter.<anonymous> (node_modules/axe-playwright/dist/reporter/defaultTerminalReporter.js:43:29)

  console.log
    ┌─────────┬──────────────────┬───────────┬──────────────────────────────────────────────────────────────────────────────────────────────────────────────────┬───────┐
    │ (index) │ id               │ impact    │ description                                                                                                      │ nodes │
    ├─────────┼──────────────────┼───────────┼──────────────────────────────────────────────────────────────────────────────────────────────────────────────────┼───────┤
    │ 0       │ 'color-contrast' │ 'serious' │ 'Ensure the contrast between foreground and background colors meets WCAG 2 AA minimum contrast ratio thresholds' │ 6     │
    └─────────┴──────────────────┴───────────┴──────────────────────────────────────────────────────────────────────────────────────────────────────────────────┴───────┘

      at DefaultTerminalReporter.<anonymous> (node_modules/axe-playwright/dist/reporter/defaultTerminalReporter.js:31:25)

  console.log
    ┌─────────┬──────────────────────────────────────────────────────────────────────────────────┬───────────────────────────────────────────────────┬────────────┐
    │ (index) │ target                                                                           │ html                                              │ violations │
    ├─────────┼──────────────────────────────────────────────────────────────────────────────────┼───────────────────────────────────────────────────┼────────────┤
    │ 0       │ '["button[aria-label=\\"Analytics\\"] > .sc-iCfMpq.cbYUxf > .kocjvC.sc-eCIkhf"]' │ '<span class="sc-eCIkhf kocjvC">Analytics</span>' │ '[0]'      │
    │ 1       │ '["button[aria-label=\\"Reports\\"] > .sc-iCfMpq.cbYUxf > .kocjvC.sc-eCIkhf"]'   │ '<span class="sc-eCIkhf kocjvC">Reports</span>'   │ '[0]'      │
    │ 2       │ '["button[aria-label=\\"Settings\\"] > .sc-iCfMpq.cbYUxf > .kocjvC.sc-eCIkhf"]'  │ '<span class="sc-eCIkhf kocjvC">Settings</span>'  │ '[0]'      │
    │ 3       │ '["button[aria-label=\\"Details\\"] > .sc-iCfMpq.cbYUxf > .ljuwSn.sc-eCIkhf"]'   │ '<span class="sc-eCIkhf ljuwSn">Details</span>'   │ '[0]'      │
    │ 4       │ '["button[aria-label=\\"History\\"] > .sc-iCfMpq.cbYUxf > .ljuwSn.sc-eCIkhf"]'   │ '<span class="sc-eCIkhf ljuwSn">History</span>'   │ '[0]'      │
    │ 5       │ '["button[aria-label=\\"Notes\\"] > .sc-iCfMpq.cbYUxf > .ljuwSn.sc-eCIkhf"]'     │ '<span class="sc-eCIkhf ljuwSn">Notes</span>'     │ '[0]'      │
    └─────────┴──────────────────────────────────────────────────────────────────────────────────┴───────────────────────────────────────────────────┴────────────┘

      at DefaultTerminalReporter.<anonymous> (node_modules/axe-playwright/dist/reporter/defaultTerminalReporter.js:43:29)

  console.log
    ┌─────────┬──────────────────┬───────────┬──────────────────────────────────────────────────────────────────────────────────────────────────────────────────┬───────┐
    │ (index) │ id               │ impact    │ description                                                                                                      │ nodes │
    ├─────────┼──────────────────┼───────────┼──────────────────────────────────────────────────────────────────────────────────────────────────────────────────┼───────┤
    │ 0       │ 'color-contrast' │ 'serious' │ 'Ensure the contrast between foreground and background colors meets WCAG 2 AA minimum contrast ratio thresholds' │ 3     │
    └─────────┴──────────────────┴───────────┴──────────────────────────────────────────────────────────────────────────────────────────────────────────────────┴───────┘

      at DefaultTerminalReporter.<anonymous> (node_modules/axe-playwright/dist/reporter/defaultTerminalReporter.js:31:25)

  console.log
    ┌─────────┬──────────────────────────────────────────────────────────────────────────────────┬───────────────────────────────────────────────────┬────────────┐
    │ (index) │ target                                                                           │ html                                              │ violations │
    ├─────────┼──────────────────────────────────────────────────────────────────────────────────┼───────────────────────────────────────────────────┼────────────┤
    │ 0       │ '["button[aria-label=\\"Analytics\\"] > .sc-iCfMpq.cbYUxf > .kocjvC.sc-eCIkhf"]' │ '<span class="sc-eCIkhf kocjvC">Analytics</span>' │ '[0]'      │
    │ 1       │ '["button[aria-label=\\"Reports\\"] > .sc-iCfMpq.cbYUxf > .kocjvC.sc-eCIkhf"]'   │ '<span class="sc-eCIkhf kocjvC">Reports</span>'   │ '[0]'      │
    │ 2       │ '["button[aria-label=\\"Settings\\"] > .sc-iCfMpq.cbYUxf > .kocjvC.sc-eCIkhf"]'  │ '<span class="sc-eCIkhf kocjvC">Settings</span>'  │ '[0]'      │
    └─────────┴──────────────────────────────────────────────────────────────────────────────────┴───────────────────────────────────────────────────┴────────────┘

      at DefaultTerminalReporter.<anonymous> (node_modules/axe-playwright/dist/reporter/defaultTerminalReporter.js:43:29)

  console.log
    ┌─────────┬──────────────────┬───────────┬──────────────────────────────────────────────────────────────────────────────────────────────────────────────────┬───────┐
    │ (index) │ id               │ impact    │ description                                                                                                      │ nodes │
    ├─────────┼──────────────────┼───────────┼──────────────────────────────────────────────────────────────────────────────────────────────────────────────────┼───────┤
    │ 0       │ 'color-contrast' │ 'serious' │ 'Ensure the contrast between foreground and background colors meets WCAG 2 AA minimum contrast ratio thresholds' │ 2     │
    └─────────┴──────────────────┴───────────┴──────────────────────────────────────────────────────────────────────────────────────────────────────────────────┴───────┘

      at DefaultTerminalReporter.<anonymous> (node_modules/axe-playwright/dist/reporter/defaultTerminalReporter.js:31:25)

  console.log
    ┌─────────┬──────────────────────────────────────────────────────────────────────────────────┬───────────────────────────────────────────────────┬────────────┐
    │ (index) │ target                                                                           │ html                                              │ violations │
    ├─────────┼──────────────────────────────────────────────────────────────────────────────────┼───────────────────────────────────────────────────┼────────────┤
    │ 0       │ '["button[aria-label=\\"Analytics\\"] > .sc-iCfMpq.cbYUxf > .kocjvC.sc-eCIkhf"]' │ '<span class="sc-eCIkhf kocjvC">Analytics</span>' │ '[0]'      │
    │ 1       │ '["button[aria-label=\\"Reports\\"] > .sc-iCfMpq.cbYUxf > .kocjvC.sc-eCIkhf"]'   │ '<span class="sc-eCIkhf kocjvC">Reports</span>'   │ '[0]'      │
    └─────────┴──────────────────────────────────────────────────────────────────────────────────┴───────────────────────────────────────────────────┴────────────┘

      at DefaultTerminalReporter.<anonymous> (node_modules/axe-playwright/dist/reporter/defaultTerminalReporter.js:43:29)

  console.log
    ┌─────────┬──────────────────┬───────────┬──────────────────────────────────────────────────────────────────────────────────────────────────────────────────┬───────┐
    │ (index) │ id               │ impact    │ description                                                                                                      │ nodes │
    ├─────────┼──────────────────┼───────────┼──────────────────────────────────────────────────────────────────────────────────────────────────────────────────┼───────┤
    │ 0       │ 'color-contrast' │ 'serious' │ 'Ensure the contrast between foreground and background colors meets WCAG 2 AA minimum contrast ratio thresholds' │ 9     │
    └─────────┴──────────────────┴───────────┴──────────────────────────────────────────────────────────────────────────────────────────────────────────────────┴───────┘

      at DefaultTerminalReporter.<anonymous> (node_modules/axe-playwright/dist/reporter/defaultTerminalReporter.js:31:25)

  console.log
    ┌─────────┬─────────────────────────────────────────────────────────────────────────────────────────────┬───────────────────────────────────────────────────┬────────────┐
    │ (index) │ target                                                                                      │ html                                              │ violations │
    ├─────────┼─────────────────────────────────────────────────────────────────────────────────────────────┼───────────────────────────────────────────────────┼────────────┤
    │ 0       │ '[".eXFVzY.sc-hKwAaq[aria-label=\\"Analytics\\"] > .sc-iCfMpq.cbYUxf > .kocjvC.sc-eCIkhf"]' │ '<span class="sc-eCIkhf kocjvC">Analytics</span>' │ '[0]'      │
    │ 1       │ '[".eXFVzY.sc-hKwAaq[aria-label=\\"Reports\\"] > .sc-iCfMpq.cbYUxf > .kocjvC.sc-eCIkhf"]'   │ '<span class="sc-eCIkhf kocjvC">Reports</span>'   │ '[0]'      │
    │ 2       │ '[".eXFVzY.sc-hKwAaq[aria-label=\\"Settings\\"] > .sc-iCfMpq.cbYUxf > .kocjvC.sc-eCIkhf"]'  │ '<span class="sc-eCIkhf kocjvC">Settings</span>'  │ '[0]'      │
    │ 3       │ '[".foTHeN.sc-hKwAaq[aria-label=\\"Analytics\\"] > .sc-iCfMpq.cbYUxf > .kocjvC.sc-eCIkhf"]' │ '<span class="sc-eCIkhf kocjvC">Analytics</span>' │ '[0]'      │
    │ 4       │ '[".foTHeN.sc-hKwAaq[aria-label=\\"Reports\\"] > .sc-iCfMpq.cbYUxf > .kocjvC.sc-eCIkhf"]'   │ '<span class="sc-eCIkhf kocjvC">Reports</span>'   │ '[0]'      │
    │ 5       │ '[".foTHeN.sc-hKwAaq[aria-label=\\"Settings\\"] > .sc-iCfMpq.cbYUxf > .kocjvC.sc-eCIkhf"]'  │ '<span class="sc-eCIkhf kocjvC">Settings</span>'  │ '[0]'      │
    │ 6       │ '[".fzKWlm.sc-hKwAaq[aria-label=\\"Analytics\\"] > .sc-iCfMpq.cbYUxf > .kocjvC.sc-eCIkhf"]' │ '<span class="sc-eCIkhf kocjvC">Analytics</span>' │ '[0]'      │
    │ 7       │ '[".fzKWlm.sc-hKwAaq[aria-label=\\"Reports\\"] > .sc-iCfMpq.cbYUxf > .kocjvC.sc-eCIkhf"]'   │ '<span class="sc-eCIkhf kocjvC">Reports</span>'   │ '[0]'      │
    │ 8       │ '[".fzKWlm.sc-hKwAaq[aria-label=\\"Settings\\"] > .sc-iCfMpq.cbYUxf > .kocjvC.sc-eCIkhf"]'  │ '<span class="sc-eCIkhf kocjvC">Settings</span>'  │ '[0]'      │
    └─────────┴─────────────────────────────────────────────────────────────────────────────────────────────┴───────────────────────────────────────────────────┴────────────┘

      at DefaultTerminalReporter.<anonymous> (node_modules/axe-playwright/dist/reporter/defaultTerminalReporter.js:43:29)

  console.log
    ┌─────────┬──────────────────┬───────────┬──────────────────────────────────────────────────────────────────────────────────────────────────────────────────┬───────┐
    │ (index) │ id               │ impact    │ description                                                                                                      │ nodes │
    ├─────────┼──────────────────┼───────────┼──────────────────────────────────────────────────────────────────────────────────────────────────────────────────┼───────┤
    │ 0       │ 'color-contrast' │ 'serious' │ 'Ensure the contrast between foreground and background colors meets WCAG 2 AA minimum contrast ratio thresholds' │ 12    │
    └─────────┴──────────────────┴───────────┴──────────────────────────────────────────────────────────────────────────────────────────────────────────────────┴───────┘

      at DefaultTerminalReporter.<anonymous> (node_modules/axe-playwright/dist/reporter/defaultTerminalReporter.js:31:25)

  console.log
    ┌─────────┬─────────────────────────────────────────────────────────────────────────────────────────────┬───────────────────────────────────────────────────┬────────────┐
    │ (index) │ target                                                                                      │ html                                              │ violations │
    ├─────────┼─────────────────────────────────────────────────────────────────────────────────────────────┼───────────────────────────────────────────────────┼────────────┤
    │ 0       │ '[".hxrjOx.sc-hKwAaq[aria-label=\\"Analytics\\"] > .sc-iCfMpq.cbYUxf > .kocjvC.sc-eCIkhf"]' │ '<span class="sc-eCIkhf kocjvC">Analytics</span>' │ '[0]'      │
    │ 1       │ '[".hxrjOx.sc-hKwAaq[aria-label=\\"Reports\\"] > .sc-iCfMpq.cbYUxf > .kocjvC.sc-eCIkhf"]'   │ '<span class="sc-eCIkhf kocjvC">Reports</span>'   │ '[0]'      │
    │ 2       │ '[".hxrjOx.sc-hKwAaq[aria-label=\\"Settings\\"] > .sc-iCfMpq.cbYUxf > .kocjvC.sc-eCIkhf"]'  │ '<span class="sc-eCIkhf kocjvC">Settings</span>'  │ '[0]'      │
    │ 3       │ '[".fwnVDu.sc-hKwAaq[aria-label=\\"Analytics\\"] > .sc-iCfMpq.cbYUxf > .kocjvC.sc-eCIkhf"]' │ '<span class="sc-eCIkhf kocjvC">Analytics</span>' │ '[0]'      │
    │ 4       │ '[".fwnVDu.sc-hKwAaq[aria-label=\\"Reports\\"] > .sc-iCfMpq.cbYUxf > .kocjvC.sc-eCIkhf"]'   │ '<span class="sc-eCIkhf kocjvC">Reports</span>'   │ '[0]'      │
    │ 5       │ '[".fwnVDu.sc-hKwAaq[aria-label=\\"Settings\\"] > .sc-iCfMpq.cbYUxf > .kocjvC.sc-eCIkhf"]'  │ '<span class="sc-eCIkhf kocjvC">Settings</span>'  │ '[0]'      │
    │ 6       │ '[".fMXens.sc-hKwAaq[aria-label=\\"Analytics\\"] > .sc-iCfMpq.cbYUxf > .kocjvC.sc-eCIkhf"]' │ '<span class="sc-eCIkhf kocjvC">Analytics</span>' │ '[0]'      │
    │ 7       │ '[".fMXens.sc-hKwAaq[aria-label=\\"Reports\\"] > .sc-iCfMpq.cbYUxf > .kocjvC.sc-eCIkhf"]'   │ '<span class="sc-eCIkhf kocjvC">Reports</span>'   │ '[0]'      │
    │ 8       │ '[".fMXens.sc-hKwAaq[aria-label=\\"Settings\\"] > .sc-iCfMpq.cbYUxf > .kocjvC.sc-eCIkhf"]'  │ '<span class="sc-eCIkhf kocjvC">Settings</span>'  │ '[0]'      │
    │ 9       │ '[".kIJxDc.sc-hKwAaq[aria-label=\\"Analytics\\"] > .sc-iCfMpq.cbYUxf > .kocjvC.sc-eCIkhf"]' │ '<span class="sc-eCIkhf kocjvC">Analytics</span>' │ '[0]'      │
    │ 10      │ '[".kIJxDc.sc-hKwAaq[aria-label=\\"Reports\\"] > .sc-iCfMpq.cbYUxf > .kocjvC.sc-eCIkhf"]'   │ '<span class="sc-eCIkhf kocjvC">Reports</span>'   │ '[0]'      │
    │ 11      │ '[".kIJxDc.sc-hKwAaq[aria-label=\\"Settings\\"] > .sc-iCfMpq.cbYUxf > .kocjvC.sc-eCIkhf"]'  │ '<span class="sc-eCIkhf kocjvC">Settings</span>'  │ '[0]'      │
    └─────────┴─────────────────────────────────────────────────────────────────────────────────────────────┴───────────────────────────────────────────────────┴────────────┘

      at DefaultTerminalReporter.<anonymous> (node_modules/axe-playwright/dist/reporter/defaultTerminalReporter.js:43:29)

  console.log
    ┌─────────┬──────────────────┬───────────┬──────────────────────────────────────────────────────────────────────────────────────────────────────────────────┬───────┐
    │ (index) │ id               │ impact    │ description                                                                                                      │ nodes │
    ├─────────┼──────────────────┼───────────┼──────────────────────────────────────────────────────────────────────────────────────────────────────────────────┼───────┤
    │ 0       │ 'color-contrast' │ 'serious' │ 'Ensure the contrast between foreground and background colors meets WCAG 2 AA minimum contrast ratio thresholds' │ 9     │
    └─────────┴──────────────────┴───────────┴──────────────────────────────────────────────────────────────────────────────────────────────────────────────────┴───────┘

      at DefaultTerminalReporter.<anonymous> (node_modules/axe-playwright/dist/reporter/defaultTerminalReporter.js:31:25)

  console.log
    ┌─────────┬─────────────────────────────────────────────────────────────────────────────────────────────┬───────────────────────────────────────────────────┬────────────┐
    │ (index) │ target                                                                                      │ html                                              │ violations │
    ├─────────┼─────────────────────────────────────────────────────────────────────────────────────────────┼───────────────────────────────────────────────────┼────────────┤
    │ 0       │ '[".eXFVzY.sc-hKwAaq[aria-label=\\"Analytics\\"] > .sc-iCfMpq.cbYUxf > .kocjvC.sc-eCIkhf"]' │ '<span class="sc-eCIkhf kocjvC">Analytics</span>' │ '[0]'      │
    │ 1       │ '[".eXFVzY.sc-hKwAaq[aria-label=\\"Reports\\"] > .sc-iCfMpq.cbYUxf > .kocjvC.sc-eCIkhf"]'   │ '<span class="sc-eCIkhf kocjvC">Reports</span>'   │ '[0]'      │
    │ 2       │ '[".eXFVzY.sc-hKwAaq[aria-label=\\"Settings\\"] > .sc-iCfMpq.cbYUxf > .kocjvC.sc-eCIkhf"]'  │ '<span class="sc-eCIkhf kocjvC">Settings</span>'  │ '[0]'      │
    │ 3       │ '[".foTHeN.sc-hKwAaq[aria-label=\\"Analytics\\"] > .sc-iCfMpq.cbYUxf > .kocjvC.sc-eCIkhf"]' │ '<span class="sc-eCIkhf kocjvC">Analytics</span>' │ '[0]'      │
    │ 4       │ '[".foTHeN.sc-hKwAaq[aria-label=\\"Reports\\"] > .sc-iCfMpq.cbYUxf > .kocjvC.sc-eCIkhf"]'   │ '<span class="sc-eCIkhf kocjvC">Reports</span>'   │ '[0]'      │
    │ 5       │ '[".foTHeN.sc-hKwAaq[aria-label=\\"Settings\\"] > .sc-iCfMpq.cbYUxf > .kocjvC.sc-eCIkhf"]'  │ '<span class="sc-eCIkhf kocjvC">Settings</span>'  │ '[0]'      │
    │ 6       │ '[".fzKWlm.sc-hKwAaq[aria-label=\\"Analytics\\"] > .sc-iCfMpq.cbYUxf > .kocjvC.sc-eCIkhf"]' │ '<span class="sc-eCIkhf kocjvC">Analytics</span>' │ '[0]'      │
    │ 7       │ '[".fzKWlm.sc-hKwAaq[aria-label=\\"Reports\\"] > .sc-iCfMpq.cbYUxf > .kocjvC.sc-eCIkhf"]'   │ '<span class="sc-eCIkhf kocjvC">Reports</span>'   │ '[0]'      │
    │ 8       │ '[".fzKWlm.sc-hKwAaq[aria-label=\\"Settings\\"] > .sc-iCfMpq.cbYUxf > .kocjvC.sc-eCIkhf"]'  │ '<span class="sc-eCIkhf kocjvC">Settings</span>'  │ '[0]'      │
    └─────────┴─────────────────────────────────────────────────────────────────────────────────────────────┴───────────────────────────────────────────────────┴────────────┘

      at DefaultTerminalReporter.<anonymous> (node_modules/axe-playwright/dist/reporter/defaultTerminalReporter.js:43:29)

FAIL browser: chromium src/Tabs/Tabs.stories.tsx
  Components/Tabs
    HorizontalParent
      ✕ smoke-test (210 ms)
    VerticalLeftParent
      ✕ smoke-test (124 ms)
    VerticalRightParent
      ✕ smoke-test (89 ms)
    HorizontalChild
      ✕ smoke-test (83 ms)
    VerticalLeftChild
      ✕ smoke-test (93 ms)
    LoadingState
      ✓ smoke-test (87 ms)
    ErrorState
      ✓ smoke-test (86 ms)
    EmptyState
      ✓ smoke-test (75 ms)
    DisabledState
      ✓ smoke-test (97 ms)
    IndividualDisabled
      ✕ smoke-test (83 ms)
    ForwardRefUsage
      ✕ smoke-test (94 ms)
    PolymorphicAs
      ✕ smoke-test (84 ms)
    CustomStyling
      ✕ smoke-test (79 ms)
    EventCallbacks
      ✕ smoke-test (89 ms)
    HierarchyExample
      ✕ smoke-test (111 ms)
    Minimal
      ✕ smoke-test (71 ms)
    WithTrailingIcons
      ✕ smoke-test (77 ms)
    ContentAlignmentAuto
      ✕ smoke-test (118 ms)
    ContentAlignmentManual
      ✕ smoke-test (141 ms)
    MixedIcons
      ✕ smoke-test (107 ms)

  ● Components/Tabs › HorizontalParent › smoke-test

    assert.strictEqual(received, expected)

    Expected value to strictly be equal to:
      0
    Received:
      1

    Message:
      1 accessibility violation was detected

    1 !== 0

      at testResultDependsOnViolations (node_modules/axe-playwright/dist/utils.js:16:26)
      at node_modules/axe-playwright/dist/index.js:143:51
      at fulfilled (node_modules/axe-playwright/dist/index.js:28:58)

  ● Components/Tabs › VerticalLeftParent › smoke-test

    assert.strictEqual(received, expected)

    Expected value to strictly be equal to:
      0
    Received:
      1

    Message:
      1 accessibility violation was detected

    1 !== 0

      at testResultDependsOnViolations (node_modules/axe-playwright/dist/utils.js:16:26)
      at node_modules/axe-playwright/dist/index.js:143:51
      at fulfilled (node_modules/axe-playwright/dist/index.js:28:58)

  ● Components/Tabs › VerticalRightParent › smoke-test

    assert.strictEqual(received, expected)

    Expected value to strictly be equal to:
      0
    Received:
      1

    Message:
      1 accessibility violation was detected

    1 !== 0

      at testResultDependsOnViolations (node_modules/axe-playwright/dist/utils.js:16:26)
      at node_modules/axe-playwright/dist/index.js:143:51
      at fulfilled (node_modules/axe-playwright/dist/index.js:28:58)

  ● Components/Tabs › HorizontalChild › smoke-test

    assert.strictEqual(received, expected)

    Expected value to strictly be equal to:
      0
    Received:
      1

    Message:
      1 accessibility violation was detected

    1 !== 0

      at testResultDependsOnViolations (node_modules/axe-playwright/dist/utils.js:16:26)
      at node_modules/axe-playwright/dist/index.js:143:51
      at fulfilled (node_modules/axe-playwright/dist/index.js:28:58)

  ● Components/Tabs › VerticalLeftChild › smoke-test

    assert.strictEqual(received, expected)

    Expected value to strictly be equal to:
      0
    Received:
      1

    Message:
      1 accessibility violation was detected

    1 !== 0

      at testResultDependsOnViolations (node_modules/axe-playwright/dist/utils.js:16:26)
      at node_modules/axe-playwright/dist/index.js:143:51
      at fulfilled (node_modules/axe-playwright/dist/index.js:28:58)

  ● Components/Tabs › IndividualDisabled › smoke-test

    assert.strictEqual(received, expected)

    Expected value to strictly be equal to:
      0
    Received:
      1

    Message:
      1 accessibility violation was detected

    1 !== 0

      at testResultDependsOnViolations (node_modules/axe-playwright/dist/utils.js:16:26)
      at node_modules/axe-playwright/dist/index.js:143:51
      at fulfilled (node_modules/axe-playwright/dist/index.js:28:58)

  ● Components/Tabs › ForwardRefUsage › smoke-test

    assert.strictEqual(received, expected)

    Expected value to strictly be equal to:
      0
    Received:
      1

    Message:
      1 accessibility violation was detected

    1 !== 0

      at testResultDependsOnViolations (node_modules/axe-playwright/dist/utils.js:16:26)
      at node_modules/axe-playwright/dist/index.js:143:51
      at fulfilled (node_modules/axe-playwright/dist/index.js:28:58)

  ● Components/Tabs › PolymorphicAs › smoke-test

    assert.strictEqual(received, expected)

    Expected value to strictly be equal to:
      0
    Received:
      1

    Message:
      1 accessibility violation was detected

    1 !== 0

      at testResultDependsOnViolations (node_modules/axe-playwright/dist/utils.js:16:26)
      at node_modules/axe-playwright/dist/index.js:143:51
      at fulfilled (node_modules/axe-playwright/dist/index.js:28:58)

  ● Components/Tabs › CustomStyling › smoke-test

    assert.strictEqual(received, expected)

    Expected value to strictly be equal to:
      0
    Received:
      1

    Message:
      1 accessibility violation was detected

    1 !== 0

      at testResultDependsOnViolations (node_modules/axe-playwright/dist/utils.js:16:26)
      at node_modules/axe-playwright/dist/index.js:143:51
      at fulfilled (node_modules/axe-playwright/dist/index.js:28:58)

  ● Components/Tabs › EventCallbacks › smoke-test

    assert.strictEqual(received, expected)

    Expected value to strictly be equal to:
      0
    Received:
      1

    Message:
      1 accessibility violation was detected

    1 !== 0

      at testResultDependsOnViolations (node_modules/axe-playwright/dist/utils.js:16:26)
      at node_modules/axe-playwright/dist/index.js:143:51
      at fulfilled (node_modules/axe-playwright/dist/index.js:28:58)

  ● Components/Tabs › HierarchyExample › smoke-test

    assert.strictEqual(received, expected)

    Expected value to strictly be equal to:
      0
    Received:
      1

    Message:
      1 accessibility violation was detected

    1 !== 0

      at testResultDependsOnViolations (node_modules/axe-playwright/dist/utils.js:16:26)
      at node_modules/axe-playwright/dist/index.js:143:51
      at fulfilled (node_modules/axe-playwright/dist/index.js:28:58)

  ● Components/Tabs › Minimal › smoke-test

    assert.strictEqual(received, expected)

    Expected value to strictly be equal to:
      0
    Received:
      1

    Message:
      1 accessibility violation was detected

    1 !== 0

      at testResultDependsOnViolations (node_modules/axe-playwright/dist/utils.js:16:26)
      at node_modules/axe-playwright/dist/index.js:143:51
      at fulfilled (node_modules/axe-playwright/dist/index.js:28:58)

  ● Components/Tabs › WithTrailingIcons › smoke-test

    assert.strictEqual(received, expected)

    Expected value to strictly be equal to:
      0
    Received:
      1

    Message:
      1 accessibility violation was detected

    1 !== 0

      at testResultDependsOnViolations (node_modules/axe-playwright/dist/utils.js:16:26)
      at node_modules/axe-playwright/dist/index.js:143:51
      at fulfilled (node_modules/axe-playwright/dist/index.js:28:58)

  ● Components/Tabs › ContentAlignmentAuto › smoke-test

    assert.strictEqual(received, expected)

    Expected value to strictly be equal to:
      0
    Received:
      1

    Message:
      1 accessibility violation was detected

    1 !== 0

      at testResultDependsOnViolations (node_modules/axe-playwright/dist/utils.js:16:26)
      at node_modules/axe-playwright/dist/index.js:143:51
      at fulfilled (node_modules/axe-playwright/dist/index.js:28:58)

  ● Components/Tabs › ContentAlignmentManual › smoke-test

    assert.strictEqual(received, expected)

    Expected value to strictly be equal to:
      0
    Received:
      1

    Message:
      1 accessibility violation was detected

    1 !== 0

      at testResultDependsOnViolations (node_modules/axe-playwright/dist/utils.js:16:26)
      at node_modules/axe-playwright/dist/index.js:143:51
      at fulfilled (node_modules/axe-playwright/dist/index.js:28:58)

  ● Components/Tabs › MixedIcons › smoke-test

    assert.strictEqual(received, expected)

    Expected value to strictly be equal to:
      0
    Received:
      1

    Message:
      1 accessibility violation was detected

    1 !== 0

      at testResultDependsOnViolations (node_modules/axe-playwright/dist/utils.js:16:26)
      at node_modules/axe-playwright/dist/index.js:143:51
      at fulfilled (node_modules/axe-playwright/dist/index.js:28:58)

  console.log
    ┌─────────┬──────────────────┬───────────┬──────────────────────────────────────────────────────────────────────────────────────────────────────────────────┬───────┐
    │ (index) │ id               │ impact    │ description                                                                                                      │ nodes │
    ├─────────┼──────────────────┼───────────┼──────────────────────────────────────────────────────────────────────────────────────────────────────────────────┼───────┤
    │ 0       │ 'color-contrast' │ 'serious' │ 'Ensure the contrast between foreground and background colors meets WCAG 2 AA minimum contrast ratio thresholds' │ 1     │
    └─────────┴──────────────────┴───────────┴──────────────────────────────────────────────────────────────────────────────────────────────────────────────────┴───────┘

      at DefaultTerminalReporter.<anonymous> (node_modules/axe-playwright/dist/reporter/defaultTerminalReporter.js:31:25)

  console.log
    ┌─────────┬───────────────┬─────────────────────────────────────────────────┬────────────┐
    │ (index) │ target        │ html                                            │ violations │
    ├─────────┼───────────────┼─────────────────────────────────────────────────┼────────────┤
    │ 0       │ '[".egQUyG"]' │ '<p class="sc-bdvvNz egQUyG">Total Revenue</p>' │ '[0]'      │
    └─────────┴───────────────┴─────────────────────────────────────────────────┴────────────┘

      at DefaultTerminalReporter.<anonymous> (node_modules/axe-playwright/dist/reporter/defaultTerminalReporter.js:43:29)

  console.log
    ┌─────────┬──────────────────┬───────────┬──────────────────────────────────────────────────────────────────────────────────────────────────────────────────┬───────┐
    │ (index) │ id               │ impact    │ description                                                                                                      │ nodes │
    ├─────────┼──────────────────┼───────────┼──────────────────────────────────────────────────────────────────────────────────────────────────────────────────┼───────┤
    │ 0       │ 'color-contrast' │ 'serious' │ 'Ensure the contrast between foreground and background colors meets WCAG 2 AA minimum contrast ratio thresholds' │ 3     │
    └─────────┴──────────────────┴───────────┴──────────────────────────────────────────────────────────────────────────────────────────────────────────────────┴───────┘

      at DefaultTerminalReporter.<anonymous> (node_modules/axe-playwright/dist/reporter/defaultTerminalReporter.js:31:25)

  console.log
    ┌─────────┬───────────────┬───────────────────────────────────────────────────────┬────────────┐
    │ (index) │ target        │ html                                                  │ violations │
    ├─────────┼───────────────┼───────────────────────────────────────────────────────┼────────────┤
    │ 0       │ '[".egQUyG"]' │ '<p class="sc-bdvvNz egQUyG">Active Users</p>'        │ '[0]'      │
    │ 1       │ '[".TRHls"]'  │ '<span class="sc-bdvvNz TRHls">+12%</span>'           │ '[0]'      │
    │ 2       │ '[".iRXqdS"]' │ '<span class="sc-bdvvNz iRXqdS">vs last month</span>' │ '[0]'      │
    └─────────┴───────────────┴───────────────────────────────────────────────────────┴────────────┘

      at DefaultTerminalReporter.<anonymous> (node_modules/axe-playwright/dist/reporter/defaultTerminalReporter.js:43:29)

  console.log
    ┌─────────┬──────────────────┬───────────┬──────────────────────────────────────────────────────────────────────────────────────────────────────────────────┬───────┐
    │ (index) │ id               │ impact    │ description                                                                                                      │ nodes │
    ├─────────┼──────────────────┼───────────┼──────────────────────────────────────────────────────────────────────────────────────────────────────────────────┼───────┤
    │ 0       │ 'color-contrast' │ 'serious' │ 'Ensure the contrast between foreground and background colors meets WCAG 2 AA minimum contrast ratio thresholds' │ 1     │
    └─────────┴──────────────────┴───────────┴──────────────────────────────────────────────────────────────────────────────────────────────────────────────────┴───────┘

      at DefaultTerminalReporter.<anonymous> (node_modules/axe-playwright/dist/reporter/defaultTerminalReporter.js:31:25)

  console.log
    ┌─────────┬───────────────┬───────────────────────────────────────────────────┬────────────┐
    │ (index) │ target        │ html                                              │ violations │
    ├─────────┼───────────────┼───────────────────────────────────────────────────┼────────────┤
    │ 0       │ '[".egQUyG"]' │ '<p class="sc-bdvvNz egQUyG">Conversion Rate</p>' │ '[0]'      │
    └─────────┴───────────────┴───────────────────────────────────────────────────┴────────────┘

      at DefaultTerminalReporter.<anonymous> (node_modules/axe-playwright/dist/reporter/defaultTerminalReporter.js:43:29)

  console.log
    ┌─────────┬──────────────────┬───────────┬──────────────────────────────────────────────────────────────────────────────────────────────────────────────────┬───────┐
    │ (index) │ id               │ impact    │ description                                                                                                      │ nodes │
    ├─────────┼──────────────────┼───────────┼──────────────────────────────────────────────────────────────────────────────────────────────────────────────────┼───────┤
    │ 0       │ 'color-contrast' │ 'serious' │ 'Ensure the contrast between foreground and background colors meets WCAG 2 AA minimum contrast ratio thresholds' │ 1     │
    └─────────┴──────────────────┴───────────┴──────────────────────────────────────────────────────────────────────────────────────────────────────────────────┴───────┘

      at DefaultTerminalReporter.<anonymous> (node_modules/axe-playwright/dist/reporter/defaultTerminalReporter.js:31:25)

  console.log
    ┌─────────┬──────────────┬─────────────────────────────────────────────┬────────────┐
    │ (index) │ target       │ html                                        │ violations │
    ├─────────┼──────────────┼─────────────────────────────────────────────┼────────────┤
    │ 0       │ '[".TRHls"]' │ '<span class="sc-bdvvNz TRHls">+23%</span>' │ '[0]'      │
    └─────────┴──────────────┴─────────────────────────────────────────────┴────────────┘

      at DefaultTerminalReporter.<anonymous> (node_modules/axe-playwright/dist/reporter/defaultTerminalReporter.js:43:29)

  console.log
    No accessibility violations detected!

      at DefaultTerminalReporter.<anonymous> (node_modules/axe-playwright/dist/reporter/defaultTerminalReporter.js:47:41)

  console.log
    ✅ No accessibility violations in: Data Visualization/MetricCard

      at log (.storybook/test-runner.ts:38:15)

  console.log
    No accessibility violations detected!

      at DefaultTerminalReporter.<anonymous> (node_modules/axe-playwright/dist/reporter/defaultTerminalReporter.js:47:41)

  console.log
    ✅ No accessibility violations in: Data Visualization/MetricCard

      at log (.storybook/test-runner.ts:38:15)

  console.log
    No accessibility violations detected!

      at DefaultTerminalReporter.<anonymous> (node_modules/axe-playwright/dist/reporter/defaultTerminalReporter.js:47:41)

  console.log
    ✅ No accessibility violations in: Data Visualization/MetricCard

      at log (.storybook/test-runner.ts:38:15)

  console.log
    No accessibility violations detected!

      at DefaultTerminalReporter.<anonymous> (node_modules/axe-playwright/dist/reporter/defaultTerminalReporter.js:47:41)

  console.log
    ✅ No accessibility violations in: Data Visualization/MetricCard

      at log (.storybook/test-runner.ts:38:15)

  console.log
    ┌─────────┬──────────────────┬───────────┬──────────────────────────────────────────────────────────────────────────────────────────────────────────────────┬───────┐
    │ (index) │ id               │ impact    │ description                                                                                                      │ nodes │
    ├─────────┼──────────────────┼───────────┼──────────────────────────────────────────────────────────────────────────────────────────────────────────────────┼───────┤
    │ 0       │ 'color-contrast' │ 'serious' │ 'Ensure the contrast between foreground and background colors meets WCAG 2 AA minimum contrast ratio thresholds' │ 3     │
    └─────────┴──────────────────┴───────────┴──────────────────────────────────────────────────────────────────────────────────────────────────────────────────┴───────┘

      at DefaultTerminalReporter.<anonymous> (node_modules/axe-playwright/dist/reporter/defaultTerminalReporter.js:31:25)

  console.log
    ┌─────────┬───────────────┬──────────────────────────────────────────────────────┬────────────┐
    │ (index) │ target        │ html                                                 │ violations │
    ├─────────┼───────────────┼──────────────────────────────────────────────────────┼────────────┤
    │ 0       │ '[".egQUyG"]' │ '<p class="sc-bdvvNz egQUyG">Total Users</p>'        │ '[0]'      │
    │ 1       │ '[".TRHls"]'  │ '<span class="sc-bdvvNz TRHls">+8%</span>'           │ '[0]'      │
    │ 2       │ '[".iRXqdS"]' │ '<span class="sc-bdvvNz iRXqdS">vs last week</span>' │ '[0]'      │
    └─────────┴───────────────┴──────────────────────────────────────────────────────┴────────────┘

      at DefaultTerminalReporter.<anonymous> (node_modules/axe-playwright/dist/reporter/defaultTerminalReporter.js:43:29)

  console.log
    ┌─────────┬──────────────────┬───────────┬──────────────────────────────────────────────────────────────────────────────────────────────────────────────────┬───────┐
    │ (index) │ id               │ impact    │ description                                                                                                      │ nodes │
    ├─────────┼──────────────────┼───────────┼──────────────────────────────────────────────────────────────────────────────────────────────────────────────────┼───────┤
    │ 0       │ 'color-contrast' │ 'serious' │ 'Ensure the contrast between foreground and background colors meets WCAG 2 AA minimum contrast ratio thresholds' │ 1     │
    └─────────┴──────────────────┴───────────┴──────────────────────────────────────────────────────────────────────────────────────────────────────────────────┴───────┘

      at DefaultTerminalReporter.<anonymous> (node_modules/axe-playwright/dist/reporter/defaultTerminalReporter.js:31:25)

  console.log
    ┌─────────┬──────────────┬─────────────────────────────────────────────┬────────────┐
    │ (index) │ target       │ html                                        │ violations │
    ├─────────┼──────────────┼─────────────────────────────────────────────┼────────────┤
    │ 0       │ '[".TRHls"]' │ '<span class="sc-bdvvNz TRHls">+15%</span>' │ '[0]'      │
    └─────────┴──────────────┴─────────────────────────────────────────────┴────────────┘

      at DefaultTerminalReporter.<anonymous> (node_modules/axe-playwright/dist/reporter/defaultTerminalReporter.js:43:29)

  console.log
    ┌─────────┬──────────────────────┬───────────┬────────────────────────────────────────────────────────────────────────────────────────────────────────────────────────────────────────────────────────┬───────┐
    │ (index) │ id                   │ impact    │ description                                                                                                                                            │ nodes │
    ├─────────┼──────────────────────┼───────────┼────────────────────────────────────────────────────────────────────────────────────────────────────────────────────────────────────────────────────────┼───────┤
    │ 0       │ 'color-contrast'     │ 'serious' │ 'Ensure the contrast between foreground and background colors meets WCAG 2 AA minimum contrast ratio thresholds'                                       │ 3     │
    │ 1       │ 'nested-interactive' │ 'serious' │ 'Ensure interactive controls are not nested as they are not always announced by screen readers or can cause focus problems for assistive technologies' │ 1     │
    └─────────┴──────────────────────┴───────────┴────────────────────────────────────────────────────────────────────────────────────────────────────────────────────────────────────────────────────────┴───────┘

      at DefaultTerminalReporter.<anonymous> (node_modules/axe-playwright/dist/reporter/defaultTerminalReporter.js:31:25)

  console.log
    ┌─────────┬────────────────────────────────────────────────────────────────┬───────────────────────────────────────────────────────────────────────────────────┬────────────┐
    │ (index) │ target                                                         │ html                                                                              │ violations │
    ├─────────┼────────────────────────────────────────────────────────────────┼───────────────────────────────────────────────────────────────────────────────────┼────────────┤
    │ 0       │ '["button[aria-label=\\"Active Users: 1,234\\"] > .egQUyG"]'   │ '<p class="sc-bdvvNz egQUyG">Active Users</p>'                                    │ '[0]'      │
    │ 1       │ '["button[aria-label=\\"Conversion Rate: 3.2%\\"] > .egQUyG"]' │ '<p class="sc-bdvvNz egQUyG">Conversion Rate</p>'                                 │ '[0]'      │
    │ 2       │ '["button[aria-label=\\"Avg Order Value: $87\\"] > .egQUyG"]'  │ '<p class="sc-bdvvNz egQUyG">Avg Order Value</p>'                                 │ '[0]'      │
    │ 3       │ '[".sc-kLweIz"]'                                               │ '<div role="button" tabindex="0" aria-disabled="false" class="sc-kLweIz cAqYmS">' │ '[1]'      │
    └─────────┴────────────────────────────────────────────────────────────────┴───────────────────────────────────────────────────────────────────────────────────┴────────────┘

      at DefaultTerminalReporter.<anonymous> (node_modules/axe-playwright/dist/reporter/defaultTerminalReporter.js:43:29)

  console.log
    ┌─────────┬──────────────────┬───────────┬──────────────────────────────────────────────────────────────────────────────────────────────────────────────────┬───────┐
    │ (index) │ id               │ impact    │ description                                                                                                      │ nodes │
    ├─────────┼──────────────────┼───────────┼──────────────────────────────────────────────────────────────────────────────────────────────────────────────────┼───────┤
    │ 0       │ 'color-contrast' │ 'serious' │ 'Ensure the contrast between foreground and background colors meets WCAG 2 AA minimum contrast ratio thresholds' │ 7     │
    └─────────┴──────────────────┴───────────┴──────────────────────────────────────────────────────────────────────────────────────────────────────────────────┴───────┘

      at DefaultTerminalReporter.<anonymous> (node_modules/axe-playwright/dist/reporter/defaultTerminalReporter.js:31:25)

  console.log
    ┌─────────┬──────────────────────────────────────────────────────────────────────────────────────────────────┬──────────────────────────────────────────────────────┬────────────┐
    │ (index) │ target                                                                                           │ html                                                 │ violations │
    ├─────────┼──────────────────────────────────────────────────────────────────────────────────────────────────┼──────────────────────────────────────────────────────┼────────────┤
    │ 0       │ '[".sc-kLweIz.eVmqjU:nth-child(1) > .sc-ikJwOa.jQLjgJ > .sc-jJoSDR.XtxQi > .egQUyG"]'            │ '<p class="sc-bdvvNz egQUyG">Positive Change</p>'    │ '[0]'      │
    │ 1       │ '[".hPwMgi > .TRHls.sc-bdvvNz"]'                                                                 │ '<span class="sc-bdvvNz TRHls">+23%</span>'          │ '[0]'      │
    │ 2       │ '[".sc-kLweIz.eVmqjU:nth-child(1) > .sc-ikJwOa.jQLjgJ > .sc-hiCkJs.gOkwuF > .iRXqdS.sc-bdvvNz"]' │ '<span class="sc-bdvvNz iRXqdS">vs last week</span>' │ '[0]'      │
    │ 3       │ '[".sc-kLweIz.eVmqjU:nth-child(2) > .sc-ikJwOa.jQLjgJ > .sc-jJoSDR.XtxQi > .egQUyG"]'            │ '<p class="sc-bdvvNz egQUyG">Negative Change</p>'    │ '[0]'      │
    │ 4       │ '[".sc-kLweIz.eVmqjU:nth-child(2) > .sc-ikJwOa.jQLjgJ > .sc-hiCkJs.gOkwuF > .iRXqdS.sc-bdvvNz"]' │ '<span class="sc-bdvvNz iRXqdS">vs last week</span>' │ '[0]'      │
    │ 5       │ '[".sc-kLweIz.eVmqjU:nth-child(3) > .sc-ikJwOa.jQLjgJ > .sc-jJoSDR.XtxQi > .egQUyG"]'            │ '<p class="sc-bdvvNz egQUyG">Neutral Change</p>'     │ '[0]'      │
    │ 6       │ '[".sc-kLweIz.eVmqjU:nth-child(3) > .sc-ikJwOa.jQLjgJ > .sc-hiCkJs.gOkwuF > .iRXqdS.sc-bdvvNz"]' │ '<span class="sc-bdvvNz iRXqdS">vs last week</span>' │ '[0]'      │
    └─────────┴──────────────────────────────────────────────────────────────────────────────────────────────────┴──────────────────────────────────────────────────────┴────────────┘

      at DefaultTerminalReporter.<anonymous> (node_modules/axe-playwright/dist/reporter/defaultTerminalReporter.js:43:29)

  console.log
    ┌─────────┬─────────────────────────┬───────────┬──────────────────────────────────────────────────────────────────────────────────────────────────────────────────┬───────┐
    │ (index) │ id                      │ impact    │ description                                                                                                      │ nodes │
    ├─────────┼─────────────────────────┼───────────┼──────────────────────────────────────────────────────────────────────────────────────────────────────────────────┼───────┤
    │ 0       │ 'aria-progressbar-name' │ 'serious' │ 'Ensure every ARIA progressbar node has an accessible name'                                                      │ 1     │
    │ 1       │ 'color-contrast'        │ 'serious' │ 'Ensure the contrast between foreground and background colors meets WCAG 2 AA minimum contrast ratio thresholds' │ 1     │
    └─────────┴─────────────────────────┴───────────┴──────────────────────────────────────────────────────────────────────────────────────────────────────────────────┴───────┘

      at DefaultTerminalReporter.<anonymous> (node_modules/axe-playwright/dist/reporter/defaultTerminalReporter.js:31:25)

  console.log
    ┌─────────┬──────────────────┬────────────────────────────────────────────────────────────────────────────────────────────────────────────────────┬────────────┐
    │ (index) │ target           │ html                                                                                                               │ violations │
    ├─────────┼──────────────────┼────────────────────────────────────────────────────────────────────────────────────────────────────────────────────┼────────────┤
    │ 0       │ '[".sc-cidBVM"]' │ '<div role="progressbar" aria-valuenow="75" aria-valuemin="0" aria-valuemax="100" class="sc-cidBVM bSKqFK"></div>' │ '[0]'      │
    │ 1       │ '[".egQUyG"]'    │ '<p class="sc-bdvvNz egQUyG">Goal Progress</p>'                                                                    │ '[1]'      │
    └─────────┴──────────────────┴────────────────────────────────────────────────────────────────────────────────────────────────────────────────────┴────────────┘

      at DefaultTerminalReporter.<anonymous> (node_modules/axe-playwright/dist/reporter/defaultTerminalReporter.js:43:29)

  console.log
    ┌─────────┬──────────────────┬───────────┬──────────────────────────────────────────────────────────────────────────────────────────────────────────────────┬───────┐
    │ (index) │ id               │ impact    │ description                                                                                                      │ nodes │
    ├─────────┼──────────────────┼───────────┼──────────────────────────────────────────────────────────────────────────────────────────────────────────────────┼───────┤
    │ 0       │ 'color-contrast' │ 'serious' │ 'Ensure the contrast between foreground and background colors meets WCAG 2 AA minimum contrast ratio thresholds' │ 6     │
    └─────────┴──────────────────┴───────────┴──────────────────────────────────────────────────────────────────────────────────────────────────────────────────┴───────┘

      at DefaultTerminalReporter.<anonymous> (node_modules/axe-playwright/dist/reporter/defaultTerminalReporter.js:31:25)

  console.log
    ┌─────────┬───────────────────────────────────────────────────────────────────────────────────────┬────────────────────────────────────────────────────┬────────────┐
    │ (index) │ target                                                                                │ html                                               │ violations │
    ├─────────┼───────────────────────────────────────────────────────────────────────────────────────┼────────────────────────────────────────────────────┼────────────┤
    │ 0       │ '[".sc-kLweIz.eVmqjU:nth-child(1) > .sc-ikJwOa.jQLjgJ > .sc-jJoSDR.XtxQi > .egQUyG"]' │ '<p class="sc-bdvvNz egQUyG">Pending Tasks</p>'    │ '[0]'      │
    │ 1       │ '[".bEUgwv > .TRHls.sc-bdvvNz"]'                                                      │ '<span class="sc-bdvvNz TRHls">Need Action</span>' │ '[0]'      │
    │ 2       │ '[".sc-kLweIz.eVmqjU:nth-child(2) > .sc-ikJwOa.jQLjgJ > .sc-jJoSDR.XtxQi > .egQUyG"]' │ '<p class="sc-bdvvNz egQUyG">Failed Jobs</p>'      │ '[0]'      │
    │ 3       │ '[".sc-kLweIz.eVmqjU:nth-child(3) > .sc-ikJwOa.jQLjgJ > .sc-jJoSDR.XtxQi > .egQUyG"]' │ '<p class="sc-bdvvNz egQUyG">Completed</p>'        │ '[0]'      │
    │ 4       │ '[".eHOqmK > .TRHls.sc-bdvvNz"]'                                                      │ '<span class="sc-bdvvNz TRHls">Success</span>'     │ '[0]'      │
    │ 5       │ '[".sc-kLweIz.eVmqjU:nth-child(4) > .sc-ikJwOa.jQLjgJ > .sc-jJoSDR.XtxQi > .egQUyG"]' │ '<p class="sc-bdvvNz egQUyG">In Progress</p>'      │ '[0]'      │
    └─────────┴───────────────────────────────────────────────────────────────────────────────────────┴────────────────────────────────────────────────────┴────────────┘

      at DefaultTerminalReporter.<anonymous> (node_modules/axe-playwright/dist/reporter/defaultTerminalReporter.js:43:29)

  console.log
    ┌─────────┬─────────────────────────┬───────────┬────────────────────────────────────────────────────────────────────────────────────────────────────────────────────────────────────────────────────────┬───────┐
    │ (index) │ id                      │ impact    │ description                                                                                                                                            │ nodes │
    ├─────────┼─────────────────────────┼───────────┼────────────────────────────────────────────────────────────────────────────────────────────────────────────────────────────────────────────────────────┼───────┤
    │ 0       │ 'aria-progressbar-name' │ 'serious' │ 'Ensure every ARIA progressbar node has an accessible name'                                                                                            │ 1     │
    │ 1       │ 'color-contrast'        │ 'serious' │ 'Ensure the contrast between foreground and background colors meets WCAG 2 AA minimum contrast ratio thresholds'                                       │ 3     │
    │ 2       │ 'nested-interactive'    │ 'serious' │ 'Ensure interactive controls are not nested as they are not always announced by screen readers or can cause focus problems for assistive technologies' │ 1     │
    └─────────┴─────────────────────────┴───────────┴────────────────────────────────────────────────────────────────────────────────────────────────────────────────────────────────────────────────────────┴───────┘

      at DefaultTerminalReporter.<anonymous> (node_modules/axe-playwright/dist/reporter/defaultTerminalReporter.js:31:25)

  console.log
    ┌─────────┬─────────────────────────────────────┬────────────────────────────────────────────────────────────────────────────────────────────────────────────────────┬────────────┐
    │ (index) │ target                              │ html                                                                                                               │ violations │
    ├─────────┼─────────────────────────────────────┼────────────────────────────────────────────────────────────────────────────────────────────────────────────────────┼────────────┤
    │ 0       │ '[".sc-cidBVM"]'                    │ '<div role="progressbar" aria-valuenow="85" aria-valuemin="0" aria-valuemax="100" class="sc-cidBVM hWplrB"></div>' │ '[0]'      │
    │ 1       │ '[".egQUyG"]'                       │ '<p class="sc-bdvvNz egQUyG">Monthly Revenue</p>'                                                                  │ '[1]'      │
    │ 2       │ '[".sc-gWWYmq > .TRHls.sc-bdvvNz"]' │ '<span class="sc-bdvvNz TRHls">+18%</span>'                                                                        │ '[1]'      │
    │ 3       │ '[".iRXqdS"]'                       │ '<span class="sc-bdvvNz iRXqdS">vs last month</span>'                                                              │ '[1]'      │
    │ 4       │ '[".sc-kLweIz"]'                    │ '<div role="button" tabindex="0" aria-disabled="false" class="sc-kLweIz eVmqjU">'                                  │ '[2]'      │
    └─────────┴─────────────────────────────────────┴────────────────────────────────────────────────────────────────────────────────────────────────────────────────────┴────────────┘

      at DefaultTerminalReporter.<anonymous> (node_modules/axe-playwright/dist/reporter/defaultTerminalReporter.js:43:29)

  console.log
    ┌─────────┬──────────────────────┬───────────┬────────────────────────────────────────────────────────────────────────────────────────────────────────────────────────────────────────────────────────┬───────┐
    │ (index) │ id                   │ impact    │ description                                                                                                                                            │ nodes │
    ├─────────┼──────────────────────┼───────────┼────────────────────────────────────────────────────────────────────────────────────────────────────────────────────────────────────────────────────────┼───────┤
    │ 0       │ 'color-contrast'     │ 'serious' │ 'Ensure the contrast between foreground and background colors meets WCAG 2 AA minimum contrast ratio thresholds'                                       │ 3     │
    │ 1       │ 'nested-interactive' │ 'serious' │ 'Ensure interactive controls are not nested as they are not always announced by screen readers or can cause focus problems for assistive technologies' │ 1     │
    └─────────┴──────────────────────┴───────────┴────────────────────────────────────────────────────────────────────────────────────────────────────────────────────────────────────────────────────────┴───────┘

      at DefaultTerminalReporter.<anonymous> (node_modules/axe-playwright/dist/reporter/defaultTerminalReporter.js:31:25)

  console.log
    ┌─────────┬────────────────────────────────────────────────────────┬───────────────────────────────────────────────────────────────────────────────────────────────┬────────────┐
    │ (index) │ target                                                 │ html                                                                                          │ violations │
    ├─────────┼────────────────────────────────────────────────────────┼───────────────────────────────────────────────────────────────────────────────────────────────┼────────────┤
    │ 0       │ '[".chdFhf"]'                                          │ '<p class="sc-bdvvNz chdFhf">This header is fully customized using the customHeader slot</p>' │ '[0]'      │
    │ 1       │ '["button[aria-label=\\"Metric 1: 100\\"] > .egQUyG"]' │ '<p class="sc-bdvvNz egQUyG">Metric 1</p>'                                                    │ '[0]'      │
    │ 2       │ '["button[aria-label=\\"Metric 2: 200\\"] > .egQUyG"]' │ '<p class="sc-bdvvNz egQUyG">Metric 2</p>'                                                    │ '[0]'      │
    │ 3       │ '[".sc-kLweIz"]'                                       │ '<div role="button" tabindex="0" aria-disabled="false" class="sc-kLweIz cAqYmS">'             │ '[1]'      │
    └─────────┴────────────────────────────────────────────────────────┴───────────────────────────────────────────────────────────────────────────────────────────────┴────────────┘

      at DefaultTerminalReporter.<anonymous> (node_modules/axe-playwright/dist/reporter/defaultTerminalReporter.js:43:29)

  console.log
    ┌─────────┬──────────────────┬───────────┬──────────────────────────────────────────────────────────────────────────────────────────────────────────────────┬───────┐
    │ (index) │ id               │ impact    │ description                                                                                                      │ nodes │
    ├─────────┼──────────────────┼───────────┼──────────────────────────────────────────────────────────────────────────────────────────────────────────────────┼───────┤
    │ 0       │ 'color-contrast' │ 'serious' │ 'Ensure the contrast between foreground and background colors meets WCAG 2 AA minimum contrast ratio thresholds' │ 2     │
    └─────────┴──────────────────┴───────────┴──────────────────────────────────────────────────────────────────────────────────────────────────────────────────┴───────┘

      at DefaultTerminalReporter.<anonymous> (node_modules/axe-playwright/dist/reporter/defaultTerminalReporter.js:31:25)

  console.log
    ┌─────────┬───────────────┬────────────────────────────────────────────────┬────────────┐
    │ (index) │ target        │ html                                           │ violations │
    ├─────────┼───────────────┼────────────────────────────────────────────────┼────────────┤
    │ 0       │ '[".egQUyG"]' │ '<p class="sc-bdvvNz egQUyG">Custom Value</p>' │ '[0]'      │
    │ 1       │ '[".chdFhf"]' │ '<p class="sc-bdvvNz chdFhf">units</p>'        │ '[0]'      │
    └─────────┴───────────────┴────────────────────────────────────────────────┴────────────┘

      at DefaultTerminalReporter.<anonymous> (node_modules/axe-playwright/dist/reporter/defaultTerminalReporter.js:43:29)

  console.log
    ┌─────────┬──────────────────┬───────────┬──────────────────────────────────────────────────────────────────────────────────────────────────────────────────┬───────┐
    │ (index) │ id               │ impact    │ description                                                                                                      │ nodes │
    ├─────────┼──────────────────┼───────────┼──────────────────────────────────────────────────────────────────────────────────────────────────────────────────┼───────┤
    │ 0       │ 'color-contrast' │ 'serious' │ 'Ensure the contrast between foreground and background colors meets WCAG 2 AA minimum contrast ratio thresholds' │ 1     │
    └─────────┴──────────────────┴───────────┴──────────────────────────────────────────────────────────────────────────────────────────────────────────────────┴───────┘

      at DefaultTerminalReporter.<anonymous> (node_modules/axe-playwright/dist/reporter/defaultTerminalReporter.js:31:25)

  console.log
    ┌─────────┬───────────────┬────────────────────────────────────────────────────────────────────────────────┬────────────┐
    │ (index) │ target        │ html                                                                           │ violations │
    ├─────────┼───────────────┼────────────────────────────────────────────────────────────────────────────────┼────────────┤
    │ 0       │ '[".hqBZhA"]' │ '<p class="sc-bdvvNz hqBZhA">Start tracking your metrics to see them here</p>' │ '[0]'      │
    └─────────┴───────────────┴────────────────────────────────────────────────────────────────────────────────┴────────────┘

      at DefaultTerminalReporter.<anonymous> (node_modules/axe-playwright/dist/reporter/defaultTerminalReporter.js:43:29)

  console.log
    ┌─────────┬──────────────────┬───────────┬──────────────────────────────────────────────────────────────────────────────────────────────────────────────────┬───────┐
    │ (index) │ id               │ impact    │ description                                                                                                      │ nodes │
    ├─────────┼──────────────────┼───────────┼──────────────────────────────────────────────────────────────────────────────────────────────────────────────────┼───────┤
    │ 0       │ 'color-contrast' │ 'serious' │ 'Ensure the contrast between foreground and background colors meets WCAG 2 AA minimum contrast ratio thresholds' │ 2     │
    └─────────┴──────────────────┴───────────┴──────────────────────────────────────────────────────────────────────────────────────────────────────────────────┴───────┘

      at DefaultTerminalReporter.<anonymous> (node_modules/axe-playwright/dist/reporter/defaultTerminalReporter.js:31:25)

  console.log
    ┌─────────┬───────────────┬────────────────────────────────────────────────────────────────────────────────┬────────────┐
    │ (index) │ target        │ html                                                                           │ violations │
    ├─────────┼───────────────┼────────────────────────────────────────────────────────────────────────────────┼────────────┤
    │ 0       │ '[".egQUyG"]' │ '<p class="sc-bdvvNz egQUyG">Revenue</p>'                                      │ '[0]'      │
    │ 1       │ '[".chdFhf"]' │ '<p class="sc-bdvvNz chdFhf">The card is focused on load using forwardRef</p>' │ '[0]'      │
    └─────────┴───────────────┴────────────────────────────────────────────────────────────────────────────────┴────────────┘

      at DefaultTerminalReporter.<anonymous> (node_modules/axe-playwright/dist/reporter/defaultTerminalReporter.js:43:29)

  console.log
    ┌─────────┬──────────────────┬───────────┬──────────────────────────────────────────────────────────────────────────────────────────────────────────────────┬───────┐
    │ (index) │ id               │ impact    │ description                                                                                                      │ nodes │
    ├─────────┼──────────────────┼───────────┼──────────────────────────────────────────────────────────────────────────────────────────────────────────────────┼───────┤
    │ 0       │ 'color-contrast' │ 'serious' │ 'Ensure the contrast between foreground and background colors meets WCAG 2 AA minimum contrast ratio thresholds' │ 2     │
    └─────────┴──────────────────┴───────────┴──────────────────────────────────────────────────────────────────────────────────────────────────────────────────┴───────┘

      at DefaultTerminalReporter.<anonymous> (node_modules/axe-playwright/dist/reporter/defaultTerminalReporter.js:31:25)

  console.log
    ┌─────────┬───────────────┬───────────────────────────────────────────────────────────────────────────────────────────────────────────────────────┬────────────┐
    │ (index) │ target        │ html                                                                                                                  │ violations │
    ├─────────┼───────────────┼───────────────────────────────────────────────────────────────────────────────────────────────────────────────────────┼────────────┤
    │ 0       │ '[".egQUyG"]' │ '<p class="sc-bdvvNz egQUyG">Rendered as Article</p>'                                                                 │ '[0]'      │
    │ 1       │ '[".bHoLSj"]' │ '<span class="sc-bdvvNz bHoLSj">Check the DOM - first card is an article element, second is a section element</span>' │ '[0]'      │
    └─────────┴───────────────┴───────────────────────────────────────────────────────────────────────────────────────────────────────────────────────┴────────────┘

      at DefaultTerminalReporter.<anonymous> (node_modules/axe-playwright/dist/reporter/defaultTerminalReporter.js:43:29)

  console.log
    ┌─────────┬──────────────────────┬───────────┬────────────────────────────────────────────────────────────────────────────────────────────────────────────────────────────────────────────────────────┬───────┐
    │ (index) │ id                   │ impact    │ description                                                                                                                                            │ nodes │
    ├─────────┼──────────────────────┼───────────┼────────────────────────────────────────────────────────────────────────────────────────────────────────────────────────────────────────────────────────┼───────┤
    │ 0       │ 'color-contrast'     │ 'serious' │ 'Ensure the contrast between foreground and background colors meets WCAG 2 AA minimum contrast ratio thresholds'                                       │ 3     │
    │ 1       │ 'nested-interactive' │ 'serious' │ 'Ensure interactive controls are not nested as they are not always announced by screen readers or can cause focus problems for assistive technologies' │ 1     │
    └─────────┴──────────────────────┴───────────┴────────────────────────────────────────────────────────────────────────────────────────────────────────────────────────────────────────────────────────┴───────┘

      at DefaultTerminalReporter.<anonymous> (node_modules/axe-playwright/dist/reporter/defaultTerminalReporter.js:31:25)

  console.log
    ┌─────────┬────────────────────────────────────────────────────────┬───────────────────────────────────────────────────────────────────────────────────┬────────────┐
    │ (index) │ target                                                 │ html                                                                              │ violations │
    ├─────────┼────────────────────────────────────────────────────────┼───────────────────────────────────────────────────────────────────────────────────┼────────────┤
    │ 0       │ '["button[aria-label=\\"Metric 1: 100\\"] > .egQUyG"]' │ '<p class="sc-bdvvNz egQUyG">Metric 1</p>'                                        │ '[0]'      │
    │ 1       │ '["button[aria-label=\\"Metric 2: 200\\"] > .egQUyG"]' │ '<p class="sc-bdvvNz egQUyG">Metric 2</p>'                                        │ '[0]'      │
    │ 2       │ '["button[aria-label=\\"Metric 3: 300\\"] > .egQUyG"]' │ '<p class="sc-bdvvNz egQUyG">Metric 3</p>'                                        │ '[0]'      │
    │ 3       │ '[".sc-kLweIz"]'                                       │ '<div role="button" tabindex="0" aria-disabled="false" class="sc-kLweIz cAqYmS">' │ '[1]'      │
    └─────────┴────────────────────────────────────────────────────────┴───────────────────────────────────────────────────────────────────────────────────┴────────────┘

      at DefaultTerminalReporter.<anonymous> (node_modules/axe-playwright/dist/reporter/defaultTerminalReporter.js:43:29)

  console.log
    ┌─────────┬─────────────────────────┬───────────┬──────────────────────────────────────────────────────────────────────────────────────────────────────────────────┬───────┐
    │ (index) │ id                      │ impact    │ description                                                                                                      │ nodes │
    ├─────────┼─────────────────────────┼───────────┼──────────────────────────────────────────────────────────────────────────────────────────────────────────────────┼───────┤
    │ 0       │ 'aria-progressbar-name' │ 'serious' │ 'Ensure every ARIA progressbar node has an accessible name'                                                      │ 1     │
    │ 1       │ 'color-contrast'        │ 'serious' │ 'Ensure the contrast between foreground and background colors meets WCAG 2 AA minimum contrast ratio thresholds' │ 7     │
    └─────────┴─────────────────────────┴───────────┴──────────────────────────────────────────────────────────────────────────────────────────────────────────────────┴───────┘

      at DefaultTerminalReporter.<anonymous> (node_modules/axe-playwright/dist/reporter/defaultTerminalReporter.js:31:25)

  console.log
    ┌─────────┬─────────────────────────────────────────────────────────────────────────────────────────────────────────────────────┬────────────────────────────────────────────────────────────────────────────────────────────────────────────────────┬────────────┐
    │ (index) │ target                                                                                                              │ html                                                                                                               │ violations │
    ├─────────┼─────────────────────────────────────────────────────────────────────────────────────────────────────────────────────┼────────────────────────────────────────────────────────────────────────────────────────────────────────────────────┼────────────┤
    │ 0       │ '[".sc-cidBVM"]'                                                                                                    │ '<div role="progressbar" aria-valuenow="65" aria-valuemin="0" aria-valuemax="100" class="sc-cidBVM bQTvZf"></div>' │ '[0]'      │
    │ 1       │ '[".eVmqjU.sc-kLweIz:nth-child(1) > .sc-ikJwOa.jQLjgJ > .sc-jJoSDR.XtxQi > .egQUyG"]'                               │ '<p class="sc-bdvvNz egQUyG">Total Revenue</p>'                                                                    │ '[1]'      │
    │ 2       │ '[".eVmqjU.sc-kLweIz:nth-child(1) > .sc-ikJwOa.jQLjgJ > .sc-hiCkJs.gOkwuF > .hPwMgi.sc-gWWYmq > .TRHls.sc-bdvvNz"]' │ '<span class="sc-bdvvNz TRHls">+18%</span>'                                                                        │ '[1]'      │
    │ 3       │ '[".eVmqjU.sc-kLweIz:nth-child(1) > .sc-ikJwOa.jQLjgJ > .sc-hiCkJs.gOkwuF > .iRXqdS.sc-bdvvNz"]'                    │ '<span class="sc-bdvvNz iRXqdS">vs last month</span>'                                                              │ '[1]'      │
    │ 4       │ '[".dMKNxD > .sc-ikJwOa.jQLjgJ > .sc-hiCkJs.gOkwuF > .hPwMgi.sc-gWWYmq > .TRHls.sc-bdvvNz"]'                        │ '<span class="sc-bdvvNz TRHls">+12%</span>'                                                                        │ '[1]'      │
    │ 5       │ '[".eVmqjU.sc-kLweIz:nth-child(3) > .sc-ikJwOa.jQLjgJ > .sc-jJoSDR.XtxQi > .egQUyG"]'                               │ '<p class="sc-bdvvNz egQUyG">Conversion Rate</p>'                                                                  │ '[1]'      │
    │ 6       │ '[".eVmqjU.sc-kLweIz:nth-child(3) > .sc-ikJwOa.jQLjgJ > .sc-hiCkJs.gOkwuF > .iRXqdS.sc-bdvvNz"]'                    │ '<span class="sc-bdvvNz iRXqdS">vs last month</span>'                                                              │ '[1]'      │
    │ 7       │ '[".eVmqjU.sc-kLweIz:nth-child(4) > .sc-ikJwOa.jQLjgJ > .sc-jJoSDR.XtxQi > .egQUyG"]'                               │ '<p class="sc-bdvvNz egQUyG">Avg Order Value</p>'                                                                  │ '[1]'      │
    └─────────┴─────────────────────────────────────────────────────────────────────────────────────────────────────────────────────┴────────────────────────────────────────────────────────────────────────────────────────────────────────────────────┴────────────┘

      at DefaultTerminalReporter.<anonymous> (node_modules/axe-playwright/dist/reporter/defaultTerminalReporter.js:43:29)

FAIL browser: chromium src/MetricCard/MetricCard.stories.tsx
  Data Visualization/MetricCard
    Default
      ✕ smoke-test (177 ms)
    Hover
      ✕ smoke-test (104 ms)
    Focus
      ✕ smoke-test (64 ms)
    Active
      ✕ smoke-test (67 ms)
    Disabled
      ✓ smoke-test (77 ms)
    Loading
      ✓ smoke-test (68 ms)
    Empty
      ✓ smoke-test (69 ms)
    Error
      ✓ smoke-test (67 ms)
    BasicVariant
      ✕ smoke-test (61 ms)
    FilledVariant
      ✕ smoke-test (73 ms)
    SetVariant
      ✕ smoke-test (98 ms)
    WithChangeBadge
      ✕ smoke-test (77 ms)
    WithProgressBar
      ✕ smoke-test (67 ms)
    WithActionChip
      ✕ smoke-test (79 ms)
    CompleteExample
      ✕ smoke-test (70 ms)
    CustomHeader
      ✕ smoke-test (68 ms)
    CustomValue
      ✕ smoke-test (89 ms)
    CustomEmptyState
      ✕ smoke-test (62 ms)
    ForwardRefUsage
      ✕ smoke-test (63 ms)
    PolymorphicRendering
      ✕ smoke-test (64 ms)
    EventCallbacks
      ✕ smoke-test (81 ms)
    ResponsiveGrid
      ✕ smoke-test (79 ms)

  ● Data Visualization/MetricCard › Default › smoke-test

    assert.strictEqual(received, expected)

    Expected value to strictly be equal to:
      0
    Received:
      1

    Message:
      1 accessibility violation was detected

    1 !== 0

      at testResultDependsOnViolations (node_modules/axe-playwright/dist/utils.js:16:26)
      at node_modules/axe-playwright/dist/index.js:143:51
      at fulfilled (node_modules/axe-playwright/dist/index.js:28:58)

  ● Data Visualization/MetricCard › Hover › smoke-test

    assert.strictEqual(received, expected)

    Expected value to strictly be equal to:
      0
    Received:
      1

    Message:
      1 accessibility violation was detected

    1 !== 0

      at testResultDependsOnViolations (node_modules/axe-playwright/dist/utils.js:16:26)
      at node_modules/axe-playwright/dist/index.js:143:51
      at fulfilled (node_modules/axe-playwright/dist/index.js:28:58)

  ● Data Visualization/MetricCard › Focus › smoke-test

    assert.strictEqual(received, expected)

    Expected value to strictly be equal to:
      0
    Received:
      1

    Message:
      1 accessibility violation was detected

    1 !== 0

      at testResultDependsOnViolations (node_modules/axe-playwright/dist/utils.js:16:26)
      at node_modules/axe-playwright/dist/index.js:143:51
      at fulfilled (node_modules/axe-playwright/dist/index.js:28:58)

  ● Data Visualization/MetricCard › Active › smoke-test

    assert.strictEqual(received, expected)

    Expected value to strictly be equal to:
      0
    Received:
      1

    Message:
      1 accessibility violation was detected

    1 !== 0

      at testResultDependsOnViolations (node_modules/axe-playwright/dist/utils.js:16:26)
      at node_modules/axe-playwright/dist/index.js:143:51
      at fulfilled (node_modules/axe-playwright/dist/index.js:28:58)

  ● Data Visualization/MetricCard › BasicVariant › smoke-test

    assert.strictEqual(received, expected)

    Expected value to strictly be equal to:
      0
    Received:
      1

    Message:
      1 accessibility violation was detected

    1 !== 0

      at testResultDependsOnViolations (node_modules/axe-playwright/dist/utils.js:16:26)
      at node_modules/axe-playwright/dist/index.js:143:51
      at fulfilled (node_modules/axe-playwright/dist/index.js:28:58)

  ● Data Visualization/MetricCard › FilledVariant › smoke-test

    assert.strictEqual(received, expected)

    Expected value to strictly be equal to:
      0
    Received:
      1

    Message:
      1 accessibility violation was detected

    1 !== 0

      at testResultDependsOnViolations (node_modules/axe-playwright/dist/utils.js:16:26)
      at node_modules/axe-playwright/dist/index.js:143:51
      at fulfilled (node_modules/axe-playwright/dist/index.js:28:58)

  ● Data Visualization/MetricCard › SetVariant › smoke-test

    assert.strictEqual(received, expected)

    Expected value to strictly be equal to:
      0
    Received:
      2

    Message:
      2 accessibility violations were detected

    2 !== 0

      at testResultDependsOnViolations (node_modules/axe-playwright/dist/utils.js:16:26)
      at node_modules/axe-playwright/dist/index.js:143:51
      at fulfilled (node_modules/axe-playwright/dist/index.js:28:58)

  ● Data Visualization/MetricCard › WithChangeBadge › smoke-test

    assert.strictEqual(received, expected)

    Expected value to strictly be equal to:
      0
    Received:
      1

    Message:
      1 accessibility violation was detected

    1 !== 0

      at testResultDependsOnViolations (node_modules/axe-playwright/dist/utils.js:16:26)
      at node_modules/axe-playwright/dist/index.js:143:51
      at fulfilled (node_modules/axe-playwright/dist/index.js:28:58)

  ● Data Visualization/MetricCard › WithProgressBar › smoke-test

    assert.strictEqual(received, expected)

    Expected value to strictly be equal to:
      0
    Received:
      2

    Message:
      2 accessibility violations were detected

    2 !== 0

      at testResultDependsOnViolations (node_modules/axe-playwright/dist/utils.js:16:26)
      at node_modules/axe-playwright/dist/index.js:143:51
      at fulfilled (node_modules/axe-playwright/dist/index.js:28:58)

  ● Data Visualization/MetricCard › WithActionChip › smoke-test

    assert.strictEqual(received, expected)

    Expected value to strictly be equal to:
      0
    Received:
      1

    Message:
      1 accessibility violation was detected

    1 !== 0

      at testResultDependsOnViolations (node_modules/axe-playwright/dist/utils.js:16:26)
      at node_modules/axe-playwright/dist/index.js:143:51
      at fulfilled (node_modules/axe-playwright/dist/index.js:28:58)

  ● Data Visualization/MetricCard › CompleteExample › smoke-test

    assert.strictEqual(received, expected)

    Expected value to strictly be equal to:
      0
    Received:
      3

    Message:
      3 accessibility violations were detected

    3 !== 0

      at testResultDependsOnViolations (node_modules/axe-playwright/dist/utils.js:16:26)
      at node_modules/axe-playwright/dist/index.js:143:51
      at fulfilled (node_modules/axe-playwright/dist/index.js:28:58)

  ● Data Visualization/MetricCard › CustomHeader › smoke-test

    assert.strictEqual(received, expected)

    Expected value to strictly be equal to:
      0
    Received:
      2

    Message:
      2 accessibility violations were detected

    2 !== 0

      at testResultDependsOnViolations (node_modules/axe-playwright/dist/utils.js:16:26)
      at node_modules/axe-playwright/dist/index.js:143:51
      at fulfilled (node_modules/axe-playwright/dist/index.js:28:58)

  ● Data Visualization/MetricCard › CustomValue › smoke-test

    assert.strictEqual(received, expected)

    Expected value to strictly be equal to:
      0
    Received:
      1

    Message:
      1 accessibility violation was detected

    1 !== 0

      at testResultDependsOnViolations (node_modules/axe-playwright/dist/utils.js:16:26)
      at node_modules/axe-playwright/dist/index.js:143:51
      at fulfilled (node_modules/axe-playwright/dist/index.js:28:58)

  ● Data Visualization/MetricCard › CustomEmptyState › smoke-test

    assert.strictEqual(received, expected)

    Expected value to strictly be equal to:
      0
    Received:
      1

    Message:
      1 accessibility violation was detected

    1 !== 0

      at testResultDependsOnViolations (node_modules/axe-playwright/dist/utils.js:16:26)
      at node_modules/axe-playwright/dist/index.js:143:51
      at fulfilled (node_modules/axe-playwright/dist/index.js:28:58)

  ● Data Visualization/MetricCard › ForwardRefUsage › smoke-test

    assert.strictEqual(received, expected)

    Expected value to strictly be equal to:
      0
    Received:
      1

    Message:
      1 accessibility violation was detected

    1 !== 0

      at testResultDependsOnViolations (node_modules/axe-playwright/dist/utils.js:16:26)
      at node_modules/axe-playwright/dist/index.js:143:51
      at fulfilled (node_modules/axe-playwright/dist/index.js:28:58)

  ● Data Visualization/MetricCard › PolymorphicRendering › smoke-test

    assert.strictEqual(received, expected)

    Expected value to strictly be equal to:
      0
    Received:
      1

    Message:
      1 accessibility violation was detected

    1 !== 0

      at testResultDependsOnViolations (node_modules/axe-playwright/dist/utils.js:16:26)
      at node_modules/axe-playwright/dist/index.js:143:51
      at fulfilled (node_modules/axe-playwright/dist/index.js:28:58)

  ● Data Visualization/MetricCard › EventCallbacks › smoke-test

    assert.strictEqual(received, expected)

    Expected value to strictly be equal to:
      0
    Received:
      2

    Message:
      2 accessibility violations were detected

    2 !== 0

      at testResultDependsOnViolations (node_modules/axe-playwright/dist/utils.js:16:26)
      at node_modules/axe-playwright/dist/index.js:143:51
      at fulfilled (node_modules/axe-playwright/dist/index.js:28:58)

  ● Data Visualization/MetricCard › ResponsiveGrid › smoke-test

    assert.strictEqual(received, expected)

    Expected value to strictly be equal to:
      0
    Received:
      2

    Message:
      2 accessibility violations were detected

    2 !== 0

      at testResultDependsOnViolations (node_modules/axe-playwright/dist/utils.js:16:26)
      at node_modules/axe-playwright/dist/index.js:143:51
      at fulfilled (node_modules/axe-playwright/dist/index.js:28:58)

  console.log
    No accessibility violations detected!

      at DefaultTerminalReporter.<anonymous> (node_modules/axe-playwright/dist/reporter/defaultTerminalReporter.js:47:41)

  console.log
    No accessibility violations detected!

      at DefaultTerminalReporter.<anonymous> (node_modules/axe-playwright/dist/reporter/defaultTerminalReporter.js:47:41)

  console.log
    ✅ No accessibility violations in: Components/AlertBanner

      at log (.storybook/test-runner.ts:38:15)

  console.log
    No accessibility violations detected!

      at DefaultTerminalReporter.<anonymous> (node_modules/axe-playwright/dist/reporter/defaultTerminalReporter.js:47:41)

  console.log
    ✅ No accessibility violations in: Components/AlertBanner

      at log (.storybook/test-runner.ts:38:15)

  console.log
    No accessibility violations detected!

      at DefaultTerminalReporter.<anonymous> (node_modules/axe-playwright/dist/reporter/defaultTerminalReporter.js:47:41)

  console.log
    ✅ No accessibility violations in: Components/AlertBanner

      at log (.storybook/test-runner.ts:38:15)

  console.log
    No accessibility violations detected!

      at DefaultTerminalReporter.<anonymous> (node_modules/axe-playwright/dist/reporter/defaultTerminalReporter.js:47:41)

  console.log
    ✅ No accessibility violations in: Components/AlertBanner

      at log (.storybook/test-runner.ts:38:15)

  console.log
    No accessibility violations detected!

      at DefaultTerminalReporter.<anonymous> (node_modules/axe-playwright/dist/reporter/defaultTerminalReporter.js:47:41)

  console.log
    ✅ No accessibility violations in: Components/AlertBanner

      at log (.storybook/test-runner.ts:38:15)

  console.log
    No accessibility violations detected!

      at DefaultTerminalReporter.<anonymous> (node_modules/axe-playwright/dist/reporter/defaultTerminalReporter.js:47:41)

  console.log
    ✅ No accessibility violations in: Components/AlertBanner

      at log (.storybook/test-runner.ts:38:15)

  console.log
    No accessibility violations detected!

      at DefaultTerminalReporter.<anonymous> (node_modules/axe-playwright/dist/reporter/defaultTerminalReporter.js:47:41)

  console.log
    ✅ No accessibility violations in: Components/AlertBanner

      at log (.storybook/test-runner.ts:38:15)

  console.log
    No accessibility violations detected!

      at DefaultTerminalReporter.<anonymous> (node_modules/axe-playwright/dist/reporter/defaultTerminalReporter.js:47:41)

  console.log
    ✅ No accessibility violations in: Components/AlertBanner

      at log (.storybook/test-runner.ts:38:15)

  console.log
    No accessibility violations detected!

      at DefaultTerminalReporter.<anonymous> (node_modules/axe-playwright/dist/reporter/defaultTerminalReporter.js:47:41)

  console.log
    ✅ No accessibility violations in: Components/AlertBanner

      at log (.storybook/test-runner.ts:38:15)

  console.log
    No accessibility violations detected!

      at DefaultTerminalReporter.<anonymous> (node_modules/axe-playwright/dist/reporter/defaultTerminalReporter.js:47:41)

  console.log
    ✅ No accessibility violations in: Components/AlertBanner

      at log (.storybook/test-runner.ts:38:15)

  console.log
    No accessibility violations detected!

      at DefaultTerminalReporter.<anonymous> (node_modules/axe-playwright/dist/reporter/defaultTerminalReporter.js:47:41)

  console.log
    ✅ No accessibility violations in: Components/AlertBanner

      at log (.storybook/test-runner.ts:38:15)

  console.log
    No accessibility violations detected!

      at DefaultTerminalReporter.<anonymous> (node_modules/axe-playwright/dist/reporter/defaultTerminalReporter.js:47:41)

  console.log
    ✅ No accessibility violations in: Components/AlertBanner

      at log (.storybook/test-runner.ts:38:15)

  console.log
    No accessibility violations detected!

      at DefaultTerminalReporter.<anonymous> (node_modules/axe-playwright/dist/reporter/defaultTerminalReporter.js:47:41)

  console.log
    ✅ No accessibility violations in: Components/AlertBanner

      at log (.storybook/test-runner.ts:38:15)

  console.log
    No accessibility violations detected!

      at DefaultTerminalReporter.<anonymous> (node_modules/axe-playwright/dist/reporter/defaultTerminalReporter.js:47:41)

  console.log
    ✅ No accessibility violations in: Components/AlertBanner

      at log (.storybook/test-runner.ts:38:15)

  console.log
    No accessibility violations detected!

      at DefaultTerminalReporter.<anonymous> (node_modules/axe-playwright/dist/reporter/defaultTerminalReporter.js:47:41)

  console.log
    ✅ No accessibility violations in: Components/AlertBanner

      at log (.storybook/test-runner.ts:38:15)

FAIL browser: chromium src/AlertBanner/AlertBanner.stories.tsx
  Components/AlertBanner
    Playground
      ✕ smoke-test (304 ms)
    WarningDefault
      ✓ smoke-test (93 ms)
    SuccessDefault
      ✓ smoke-test (86 ms)
    ErrorDefault
      ✓ smoke-test (84 ms)
    InfoDefault
      ✓ smoke-test (90 ms)
    WarningSubdued
      ✓ smoke-test (159 ms)
    SuccessSubdued
      ✓ smoke-test (87 ms)
    ErrorSubdued
      ✓ smoke-test (81 ms)
    InfoSubdued
      ✓ smoke-test (81 ms)
    WarningAccentBorder
      ✓ smoke-test (79 ms)
    SuccessAccentBorder
      ✓ smoke-test (75 ms)
    ErrorAccentBorder
      ✓ smoke-test (79 ms)
    InfoAccentBorder
      ✓ smoke-test (77 ms)
    WithoutIcons
      ✓ smoke-test (95 ms)
    WithoutAction
      ✓ smoke-test (71 ms)
    AllVariants
      ✓ smoke-test (205 ms)

  ● Components/AlertBanner › Playground › smoke-test

    page.evaluate: Error: Axe is already running. Use `await axe.run()` to wait for the previous run to finish before starting a new run.

      at assert (packages/components/http:/localhost:6007/packages/components/node_modules/.cache/storybook/1c3385a5d25e538d10b518b310c74d3ca2690b6aaffeadccd74da79736171f86/sb-vite/deps/axe-core.js?v=b3da04b4:7427:19)
      at Object.run4 [as run] (packages/components/http:/localhost:6007/packages/components/node_modules/.cache/storybook/1c3385a5d25e538d10b518b310c74d3ca2690b6aaffeadccd74da79736171f86/sb-vite/deps/axe-core.js?v=b3da04b4:29739:13)
      at eval (eval at evaluate (:311:30)packages/components/, <anonymous>:2:27)
      at UtilityScript.evaluate (packages/components/<anonymous>:313:16)
      at UtilityScript.<anonymous> (packages/components/<anonymous>:1:44)
      at node_modules/axe-playwright/dist/index.js:74:31
      at node_modules/axe-playwright/dist/index.js:31:71
      at Object.<anonymous>.__awaiter (node_modules/axe-playwright/dist/index.js:27:12)
      at getAxeResults (node_modules/axe-playwright/dist/index.js:73:51)
      at node_modules/axe-playwright/dist/index.js:87:52
      at node_modules/axe-playwright/dist/index.js:31:71
      at Object.<anonymous>.__awaiter (node_modules/axe-playwright/dist/index.js:27:12)
      at getViolations (node_modules/axe-playwright/dist/index.js:86:51)
      at postVisit (.storybook/test-runner.ts:20:43)

  console.log
    No accessibility violations detected!

      at DefaultTerminalReporter.<anonymous> (node_modules/axe-playwright/dist/reporter/defaultTerminalReporter.js:47:41)

  console.log
    No accessibility violations detected!

      at DefaultTerminalReporter.<anonymous> (node_modules/axe-playwright/dist/reporter/defaultTerminalReporter.js:47:41)

  console.log
    ✅ No accessibility violations in: Components/Badge

      at log (.storybook/test-runner.ts:38:15)

  console.log
    No accessibility violations detected!

      at DefaultTerminalReporter.<anonymous> (node_modules/axe-playwright/dist/reporter/defaultTerminalReporter.js:47:41)

  console.log
    ✅ No accessibility violations in: Components/Badge

      at log (.storybook/test-runner.ts:38:15)

  console.log
    No accessibility violations detected!

      at DefaultTerminalReporter.<anonymous> (node_modules/axe-playwright/dist/reporter/defaultTerminalReporter.js:47:41)

  console.log
    ✅ No accessibility violations in: Components/Badge

      at log (.storybook/test-runner.ts:38:15)

  console.log
    ┌─────────┬──────────────────┬───────────┬──────────────────────────────────────────────────────────────────────────────────────────────────────────────────┬───────┐
    │ (index) │ id               │ impact    │ description                                                                                                      │ nodes │
    ├─────────┼──────────────────┼───────────┼──────────────────────────────────────────────────────────────────────────────────────────────────────────────────┼───────┤
    │ 0       │ 'color-contrast' │ 'serious' │ 'Ensure the contrast between foreground and background colors meets WCAG 2 AA minimum contrast ratio thresholds' │ 1     │
    └─────────┴──────────────────┴───────────┴──────────────────────────────────────────────────────────────────────────────────────────────────────────────────┴───────┘

      at DefaultTerminalReporter.<anonymous> (node_modules/axe-playwright/dist/reporter/defaultTerminalReporter.js:31:25)

  console.log
    ┌─────────┬───────────────────────────────────┬─────────────────────────────────────────────────┬────────────┐
    │ (index) │ target                            │ html                                            │ violations │
    ├─────────┼───────────────────────────────────┼─────────────────────────────────────────────────┼────────────┤
    │ 0       │ '[".iqArRU > .sc-dkPvMp.hPDoYl"]' │ '<span class="sc-dkPvMp hPDoYl">Warning</span>' │ '[0]'      │
    └─────────┴───────────────────────────────────┴─────────────────────────────────────────────────┴────────────┘

      at DefaultTerminalReporter.<anonymous> (node_modules/axe-playwright/dist/reporter/defaultTerminalReporter.js:43:29)

  console.log
    No accessibility violations detected!

      at DefaultTerminalReporter.<anonymous> (node_modules/axe-playwright/dist/reporter/defaultTerminalReporter.js:47:41)

  console.log
    ✅ No accessibility violations in: Components/Badge

      at log (.storybook/test-runner.ts:38:15)

  console.log
    No accessibility violations detected!

      at DefaultTerminalReporter.<anonymous> (node_modules/axe-playwright/dist/reporter/defaultTerminalReporter.js:47:41)

  console.log
    ✅ No accessibility violations in: Components/Badge

      at log (.storybook/test-runner.ts:38:15)

  console.log
    No accessibility violations detected!

      at DefaultTerminalReporter.<anonymous> (node_modules/axe-playwright/dist/reporter/defaultTerminalReporter.js:47:41)

  console.log
    ✅ No accessibility violations in: Components/Badge

      at log (.storybook/test-runner.ts:38:15)

  console.log
    No accessibility violations detected!

      at DefaultTerminalReporter.<anonymous> (node_modules/axe-playwright/dist/reporter/defaultTerminalReporter.js:47:41)

  console.log
    ✅ No accessibility violations in: Components/Badge

      at log (.storybook/test-runner.ts:38:15)

  console.log
    ┌─────────┬──────────────────┬───────────┬──────────────────────────────────────────────────────────────────────────────────────────────────────────────────┬───────┐
    │ (index) │ id               │ impact    │ description                                                                                                      │ nodes │
    ├─────────┼──────────────────┼───────────┼──────────────────────────────────────────────────────────────────────────────────────────────────────────────────┼───────┤
    │ 0       │ 'color-contrast' │ 'serious' │ 'Ensure the contrast between foreground and background colors meets WCAG 2 AA minimum contrast ratio thresholds' │ 1     │
    └─────────┴──────────────────┴───────────┴──────────────────────────────────────────────────────────────────────────────────────────────────────────────────┴───────┘

      at DefaultTerminalReporter.<anonymous> (node_modules/axe-playwright/dist/reporter/defaultTerminalReporter.js:31:25)

  console.log
    ┌─────────┬───────────────────────────────────┬─────────────────────────────────────────────────┬────────────┐
    │ (index) │ target                            │ html                                            │ violations │
    ├─────────┼───────────────────────────────────┼─────────────────────────────────────────────────┼────────────┤
    │ 0       │ '[".iqArRU > .sc-dkPvMp.hPDoYl"]' │ '<span class="sc-dkPvMp hPDoYl">Default</span>' │ '[0]'      │
    └─────────┴───────────────────────────────────┴─────────────────────────────────────────────────┴────────────┘

      at DefaultTerminalReporter.<anonymous> (node_modules/axe-playwright/dist/reporter/defaultTerminalReporter.js:43:29)

  console.log
    No accessibility violations detected!

      at DefaultTerminalReporter.<anonymous> (node_modules/axe-playwright/dist/reporter/defaultTerminalReporter.js:47:41)

  console.log
    ✅ No accessibility violations in: Components/Badge

      at log (.storybook/test-runner.ts:38:15)

  console.log
    No accessibility violations detected!

      at DefaultTerminalReporter.<anonymous> (node_modules/axe-playwright/dist/reporter/defaultTerminalReporter.js:47:41)

  console.log
    ✅ No accessibility violations in: Components/Badge

      at log (.storybook/test-runner.ts:38:15)

  console.log
    No accessibility violations detected!

      at DefaultTerminalReporter.<anonymous> (node_modules/axe-playwright/dist/reporter/defaultTerminalReporter.js:47:41)

  console.log
    ✅ No accessibility violations in: Components/Badge

      at log (.storybook/test-runner.ts:38:15)

  console.log
    No accessibility violations detected!

      at DefaultTerminalReporter.<anonymous> (node_modules/axe-playwright/dist/reporter/defaultTerminalReporter.js:47:41)

  console.log
    ✅ No accessibility violations in: Components/Badge

      at log (.storybook/test-runner.ts:38:15)

  console.log
    No accessibility violations detected!

      at DefaultTerminalReporter.<anonymous> (node_modules/axe-playwright/dist/reporter/defaultTerminalReporter.js:47:41)

  console.log
    ✅ No accessibility violations in: Components/Badge

      at log (.storybook/test-runner.ts:38:15)

  console.log
    ┌─────────┬──────────────────┬───────────┬──────────────────────────────────────────────────────────────────────────────────────────────────────────────────┬───────┐
    │ (index) │ id               │ impact    │ description                                                                                                      │ nodes │
    ├─────────┼──────────────────┼───────────┼──────────────────────────────────────────────────────────────────────────────────────────────────────────────────┼───────┤
    │ 0       │ 'color-contrast' │ 'serious' │ 'Ensure the contrast between foreground and background colors meets WCAG 2 AA minimum contrast ratio thresholds' │ 1     │
    └─────────┴──────────────────┴───────────┴──────────────────────────────────────────────────────────────────────────────────────────────────────────────────┴───────┘

      at DefaultTerminalReporter.<anonymous> (node_modules/axe-playwright/dist/reporter/defaultTerminalReporter.js:31:25)

  console.log
    ┌─────────┬───────────────────────────────────┬─────────────────────────────────────────────────┬────────────┐
    │ (index) │ target                            │ html                                            │ violations │
    ├─────────┼───────────────────────────────────┼─────────────────────────────────────────────────┼────────────┤
    │ 0       │ '[".iqArRU > .sc-dkPvMp.hPDoYl"]' │ '<span class="sc-dkPvMp hPDoYl">Warning</span>' │ '[0]'      │
    └─────────┴───────────────────────────────────┴─────────────────────────────────────────────────┴────────────┘

      at DefaultTerminalReporter.<anonymous> (node_modules/axe-playwright/dist/reporter/defaultTerminalReporter.js:43:29)

FAIL browser: chromium src/Badge/Badge.stories.tsx
  Components/Badge
    Default
      ✕ smoke-test (286 ms)
    WithLeadingIcon
      ✓ smoke-test (92 ms)
    WithTrailingIcon
      ✓ smoke-test (79 ms)
    WithBothIcons
      ✓ smoke-test (77 ms)
    AllTypesDefault
      ✕ smoke-test (70 ms)
    AllTypesSubdued
      ✓ smoke-test (87 ms)
    AllTypesOutlined
      ✓ smoke-test (88 ms)
    InfoVariants
      ✓ smoke-test (79 ms)
    SuccessVariants
      ✓ smoke-test (76 ms)
    WarningVariants
      ✕ smoke-test (62 ms)
    ErrorVariants
      ✓ smoke-test (76 ms)
    NeutralVariants
      ✓ smoke-test (76 ms)
    StatusIndicators
      ✓ smoke-test (91 ms)
    CategoryLabels
      ✓ smoke-test (88 ms)
    RemovableTags
      ✓ smoke-test (83 ms)
    AllVariants
      ✕ smoke-test (108 ms)

  ● Components/Badge › Default › smoke-test

    page.evaluate: Error: Axe is already running. Use `await axe.run()` to wait for the previous run to finish before starting a new run.

      at assert (packages/components/http:/localhost:6007/packages/components/node_modules/.cache/storybook/1c3385a5d25e538d10b518b310c74d3ca2690b6aaffeadccd74da79736171f86/sb-vite/deps/axe-core.js?v=b3da04b4:7427:19)
      at Object.run4 [as run] (packages/components/http:/localhost:6007/packages/components/node_modules/.cache/storybook/1c3385a5d25e538d10b518b310c74d3ca2690b6aaffeadccd74da79736171f86/sb-vite/deps/axe-core.js?v=b3da04b4:29739:13)
      at eval (eval at evaluate (:311:30)packages/components/, <anonymous>:2:27)
      at UtilityScript.evaluate (packages/components/<anonymous>:313:16)
      at UtilityScript.<anonymous> (packages/components/<anonymous>:1:44)
      at node_modules/axe-playwright/dist/index.js:74:31
      at node_modules/axe-playwright/dist/index.js:31:71
      at Object.<anonymous>.__awaiter (node_modules/axe-playwright/dist/index.js:27:12)
      at getAxeResults (node_modules/axe-playwright/dist/index.js:73:51)
      at node_modules/axe-playwright/dist/index.js:87:52
      at node_modules/axe-playwright/dist/index.js:31:71
      at Object.<anonymous>.__awaiter (node_modules/axe-playwright/dist/index.js:27:12)
      at getViolations (node_modules/axe-playwright/dist/index.js:86:51)
      at postVisit (.storybook/test-runner.ts:20:43)

  ● Components/Badge › AllTypesDefault › smoke-test

    assert.strictEqual(received, expected)

    Expected value to strictly be equal to:
      0
    Received:
      1

    Message:
      1 accessibility violation was detected

    1 !== 0

      at testResultDependsOnViolations (node_modules/axe-playwright/dist/utils.js:16:26)
      at node_modules/axe-playwright/dist/index.js:143:51
      at fulfilled (node_modules/axe-playwright/dist/index.js:28:58)

  ● Components/Badge › WarningVariants › smoke-test

    assert.strictEqual(received, expected)

    Expected value to strictly be equal to:
      0
    Received:
      1

    Message:
      1 accessibility violation was detected

    1 !== 0

      at testResultDependsOnViolations (node_modules/axe-playwright/dist/utils.js:16:26)
      at node_modules/axe-playwright/dist/index.js:143:51
      at fulfilled (node_modules/axe-playwright/dist/index.js:28:58)

  ● Components/Badge › AllVariants › smoke-test

    assert.strictEqual(received, expected)

    Expected value to strictly be equal to:
      0
    Received:
      1

    Message:
      1 accessibility violation was detected

    1 !== 0

      at testResultDependsOnViolations (node_modules/axe-playwright/dist/utils.js:16:26)
      at node_modules/axe-playwright/dist/index.js:143:51
      at fulfilled (node_modules/axe-playwright/dist/index.js:28:58)

  console.log
    No accessibility violations detected!

      at DefaultTerminalReporter.<anonymous> (node_modules/axe-playwright/dist/reporter/defaultTerminalReporter.js:47:41)

  console.log
    ┌─────────┬──────────────────┬───────────┬──────────────────────────────────────────────────────────────────────────────────────────────────────────────────┬───────┐
    │ (index) │ id               │ impact    │ description                                                                                                      │ nodes │
    ├─────────┼──────────────────┼───────────┼──────────────────────────────────────────────────────────────────────────────────────────────────────────────────┼───────┤
    │ 0       │ 'color-contrast' │ 'serious' │ 'Ensure the contrast between foreground and background colors meets WCAG 2 AA minimum contrast ratio thresholds' │ 1     │
    └─────────┴──────────────────┴───────────┴──────────────────────────────────────────────────────────────────────────────────────────────────────────────────┴───────┘

      at DefaultTerminalReporter.<anonymous> (node_modules/axe-playwright/dist/reporter/defaultTerminalReporter.js:31:25)

  console.log
    ┌─────────┬─────────────┬────────────────────────────────────────────────────┬────────────┐
    │ (index) │ target      │ html                                               │ violations │
    ├─────────┼─────────────┼────────────────────────────────────────────────────┼────────────┤
    │ 0       │ '["label"]' │ '<label class="sc-giYhsS pxpyu">Countries</label>' │ '[0]'      │
    └─────────┴─────────────┴────────────────────────────────────────────────────┴────────────┘

      at DefaultTerminalReporter.<anonymous> (node_modules/axe-playwright/dist/reporter/defaultTerminalReporter.js:43:29)

  console.log
    ┌─────────┬──────────────────┬───────────┬──────────────────────────────────────────────────────────────────────────────────────────────────────────────────┬───────┐
    │ (index) │ id               │ impact    │ description                                                                                                      │ nodes │
    ├─────────┼──────────────────┼───────────┼──────────────────────────────────────────────────────────────────────────────────────────────────────────────────┼───────┤
    │ 0       │ 'color-contrast' │ 'serious' │ 'Ensure the contrast between foreground and background colors meets WCAG 2 AA minimum contrast ratio thresholds' │ 2     │
    └─────────┴──────────────────┴───────────┴──────────────────────────────────────────────────────────────────────────────────────────────────────────────────┴───────┘

      at DefaultTerminalReporter.<anonymous> (node_modules/axe-playwright/dist/reporter/defaultTerminalReporter.js:31:25)

  console.log
    ┌─────────┬──────────────────────────────────────────────────────────────────┬─────────────────────────────────────────────────────────┬────────────┐
    │ (index) │ target                                                           │ html                                                    │ violations │
    ├─────────┼──────────────────────────────────────────────────────────────────┼─────────────────────────────────────────────────────────┼────────────┤
    │ 0       │ '[".sc-fKVpSb.hBzIGM:nth-child(1) > .sc-iJKPnr.bfOmvP > label"]' │ '<label class="sc-giYhsS pxpyu">Search Results</label>' │ '[0]'      │
    │ 1       │ '[".sc-fKVpSb.hBzIGM:nth-child(2) > .sc-iJKPnr.bfOmvP > label"]' │ '<label class="sc-giYhsS pxpyu">Recent Items</label>'   │ '[0]'      │
    └─────────┴──────────────────────────────────────────────────────────────────┴─────────────────────────────────────────────────────────┴────────────┘

      at DefaultTerminalReporter.<anonymous> (node_modules/axe-playwright/dist/reporter/defaultTerminalReporter.js:43:29)

  console.log
    No accessibility violations detected!

      at DefaultTerminalReporter.<anonymous> (node_modules/axe-playwright/dist/reporter/defaultTerminalReporter.js:47:41)

  console.log
    ✅ No accessibility violations in: Components/Select

      at log (.storybook/test-runner.ts:38:15)

  console.log
    No accessibility violations detected!

      at DefaultTerminalReporter.<anonymous> (node_modules/axe-playwright/dist/reporter/defaultTerminalReporter.js:47:41)

  console.log
    ✅ No accessibility violations in: Components/Select

      at log (.storybook/test-runner.ts:38:15)

  console.log
    No accessibility violations detected!

      at DefaultTerminalReporter.<anonymous> (node_modules/axe-playwright/dist/reporter/defaultTerminalReporter.js:47:41)

  console.log
    ✅ No accessibility violations in: Components/Select

      at log (.storybook/test-runner.ts:38:15)

  console.log
    No accessibility violations detected!

      at DefaultTerminalReporter.<anonymous> (node_modules/axe-playwright/dist/reporter/defaultTerminalReporter.js:47:41)

  console.log
    ✅ No accessibility violations in: Components/Select

      at log (.storybook/test-runner.ts:38:15)

  console.log
    No accessibility violations detected!

      at DefaultTerminalReporter.<anonymous> (node_modules/axe-playwright/dist/reporter/defaultTerminalReporter.js:47:41)

  console.log
    ✅ No accessibility violations in: Components/Select

      at log (.storybook/test-runner.ts:38:15)

  console.log
    ┌─────────┬──────────────────┬───────────┬──────────────────────────────────────────────────────────────────────────────────────────────────────────────────┬───────┐
    │ (index) │ id               │ impact    │ description                                                                                                      │ nodes │
    ├─────────┼──────────────────┼───────────┼──────────────────────────────────────────────────────────────────────────────────────────────────────────────────┼───────┤
    │ 0       │ 'color-contrast' │ 'serious' │ 'Ensure the contrast between foreground and background colors meets WCAG 2 AA minimum contrast ratio thresholds' │ 1     │
    └─────────┴──────────────────┴───────────┴──────────────────────────────────────────────────────────────────────────────────────────────────────────────────┴───────┘

      at DefaultTerminalReporter.<anonymous> (node_modules/axe-playwright/dist/reporter/defaultTerminalReporter.js:31:25)

  console.log
    ┌─────────┬─────────────┬──────────────────────────────────────────────────┬────────────┐
    │ (index) │ target      │ html                                             │ violations │
    ├─────────┼─────────────┼──────────────────────────────────────────────────┼────────────┤
    │ 0       │ '["label"]' │ '<label class="sc-giYhsS pxpyu">Country</label>' │ '[0]'      │
    └─────────┴─────────────┴──────────────────────────────────────────────────┴────────────┘

      at DefaultTerminalReporter.<anonymous> (node_modules/axe-playwright/dist/reporter/defaultTerminalReporter.js:43:29)

  console.log
    ┌─────────┬─────────────────┬────────────┬────────────────────────────────────────────────────────┬───────┐
    │ (index) │ id              │ impact     │ description                                            │ nodes │
    ├─────────┼─────────────────┼────────────┼────────────────────────────────────────────────────────┼───────┤
    │ 0       │ 'heading-order' │ 'moderate' │ 'Ensure the order of headings is semantically correct' │ 1     │
    └─────────┴─────────────────┴────────────┴────────────────────────────────────────────────────────┴───────┘

      at DefaultTerminalReporter.<anonymous> (node_modules/axe-playwright/dist/reporter/defaultTerminalReporter.js:31:25)

  console.log
    ┌─────────┬─────────────────────────────┬───────────────────────────────────────────────────────────────────────────────────────────┬────────────┐
    │ (index) │ target                      │ html                                                                                      │ violations │
    ├─────────┼─────────────────────────────┼───────────────────────────────────────────────────────────────────────────────────────────┼────────────┤
    │ 0       │ '["div:nth-child(1) > h4"]' │ '<h4 class="sc-kDTkih dtVUen" style="margin-bottom: 12px;">✅ API &amp; Composition</h4>' │ '[0]'      │
    └─────────┴─────────────────────────────┴───────────────────────────────────────────────────────────────────────────────────────────┴────────────┘

      at DefaultTerminalReporter.<anonymous> (node_modules/axe-playwright/dist/reporter/defaultTerminalReporter.js:43:29)

FAIL browser: chromium src/Select/Select.stories.tsx
  Components/Select
    Default
      ✕ smoke-test (252 ms)
    LoadingState
      ✕ smoke-test (78 ms)
    EmptyState
      ✕ smoke-test (79 ms)
    EventCallbacks
      ✓ smoke-test (107 ms)
    Required
      ✓ smoke-test (97 ms)
    Searchable
      ✓ smoke-test (100 ms)
    Multiple
      ✓ smoke-test (87 ms)
    Error
      ✓ smoke-test (90 ms)
    Disabled
      ✕ smoke-test (71 ms)
    ComponentMaturity
      ✕ smoke-test (112 ms)

  ● Components/Select › Default › smoke-test

    page.evaluate: Error: Axe is already running. Use `await axe.run()` to wait for the previous run to finish before starting a new run.

      at assert (packages/components/http:/localhost:6007/packages/components/node_modules/.cache/storybook/1c3385a5d25e538d10b518b310c74d3ca2690b6aaffeadccd74da79736171f86/sb-vite/deps/axe-core.js?v=b3da04b4:7427:19)
      at Object.run4 [as run] (packages/components/http:/localhost:6007/packages/components/node_modules/.cache/storybook/1c3385a5d25e538d10b518b310c74d3ca2690b6aaffeadccd74da79736171f86/sb-vite/deps/axe-core.js?v=b3da04b4:29739:13)
      at eval (eval at evaluate (:311:30)packages/components/, <anonymous>:2:27)
      at UtilityScript.evaluate (packages/components/<anonymous>:313:16)
      at UtilityScript.<anonymous> (packages/components/<anonymous>:1:44)
      at node_modules/axe-playwright/dist/index.js:74:31
      at node_modules/axe-playwright/dist/index.js:31:71
      at Object.<anonymous>.__awaiter (node_modules/axe-playwright/dist/index.js:27:12)
      at getAxeResults (node_modules/axe-playwright/dist/index.js:73:51)
      at node_modules/axe-playwright/dist/index.js:87:52
      at node_modules/axe-playwright/dist/index.js:31:71
      at Object.<anonymous>.__awaiter (node_modules/axe-playwright/dist/index.js:27:12)
      at getViolations (node_modules/axe-playwright/dist/index.js:86:51)
      at postVisit (.storybook/test-runner.ts:20:43)

  ● Components/Select › LoadingState › smoke-test

    assert.strictEqual(received, expected)

    Expected value to strictly be equal to:
      0
    Received:
      1

    Message:
      1 accessibility violation was detected

    1 !== 0

      at testResultDependsOnViolations (node_modules/axe-playwright/dist/utils.js:16:26)
      at node_modules/axe-playwright/dist/index.js:143:51
      at fulfilled (node_modules/axe-playwright/dist/index.js:28:58)

  ● Components/Select › EmptyState › smoke-test

    assert.strictEqual(received, expected)

    Expected value to strictly be equal to:
      0
    Received:
      1

    Message:
      1 accessibility violation was detected

    1 !== 0

      at testResultDependsOnViolations (node_modules/axe-playwright/dist/utils.js:16:26)
      at node_modules/axe-playwright/dist/index.js:143:51
      at fulfilled (node_modules/axe-playwright/dist/index.js:28:58)

  ● Components/Select › Disabled › smoke-test

    assert.strictEqual(received, expected)

    Expected value to strictly be equal to:
      0
    Received:
      1

    Message:
      1 accessibility violation was detected

    1 !== 0

      at testResultDependsOnViolations (node_modules/axe-playwright/dist/utils.js:16:26)
      at node_modules/axe-playwright/dist/index.js:143:51
      at fulfilled (node_modules/axe-playwright/dist/index.js:28:58)

  ● Components/Select › ComponentMaturity › smoke-test

    assert.strictEqual(received, expected)

    Expected value to strictly be equal to:
      0
    Received:
      1

    Message:
      1 accessibility violation was detected

    1 !== 0

      at testResultDependsOnViolations (node_modules/axe-playwright/dist/utils.js:16:26)
      at node_modules/axe-playwright/dist/index.js:143:51
      at fulfilled (node_modules/axe-playwright/dist/index.js:28:58)

  console.log
    No accessibility violations detected!

      at DefaultTerminalReporter.<anonymous> (node_modules/axe-playwright/dist/reporter/defaultTerminalReporter.js:47:41)

  console.log
    No accessibility violations detected!

      at DefaultTerminalReporter.<anonymous> (node_modules/axe-playwright/dist/reporter/defaultTerminalReporter.js:47:41)

  console.log
    ✅ No accessibility violations in: Components/Modal

      at log (.storybook/test-runner.ts:38:15)

  console.log
    No accessibility violations detected!

      at DefaultTerminalReporter.<anonymous> (node_modules/axe-playwright/dist/reporter/defaultTerminalReporter.js:47:41)

  console.log
    ✅ No accessibility violations in: Components/Modal

      at log (.storybook/test-runner.ts:38:15)

  console.log
    No accessibility violations detected!

      at DefaultTerminalReporter.<anonymous> (node_modules/axe-playwright/dist/reporter/defaultTerminalReporter.js:47:41)

  console.log
    ✅ No accessibility violations in: Components/Modal

      at log (.storybook/test-runner.ts:38:15)

  console.log
    No accessibility violations detected!

      at DefaultTerminalReporter.<anonymous> (node_modules/axe-playwright/dist/reporter/defaultTerminalReporter.js:47:41)

  console.log
    ✅ No accessibility violations in: Components/Modal

      at log (.storybook/test-runner.ts:38:15)

  console.log
    No accessibility violations detected!

      at DefaultTerminalReporter.<anonymous> (node_modules/axe-playwright/dist/reporter/defaultTerminalReporter.js:47:41)

  console.log
    ✅ No accessibility violations in: Components/Modal

      at log (.storybook/test-runner.ts:38:15)

  console.log
    No accessibility violations detected!

      at DefaultTerminalReporter.<anonymous> (node_modules/axe-playwright/dist/reporter/defaultTerminalReporter.js:47:41)

  console.log
    ✅ No accessibility violations in: Components/Modal

      at log (.storybook/test-runner.ts:38:15)

  console.log
    No accessibility violations detected!

      at DefaultTerminalReporter.<anonymous> (node_modules/axe-playwright/dist/reporter/defaultTerminalReporter.js:47:41)

  console.log
    ✅ No accessibility violations in: Components/Modal

      at log (.storybook/test-runner.ts:38:15)

  console.log
    No accessibility violations detected!

      at DefaultTerminalReporter.<anonymous> (node_modules/axe-playwright/dist/reporter/defaultTerminalReporter.js:47:41)

  console.log
    ✅ No accessibility violations in: Components/Modal

      at log (.storybook/test-runner.ts:38:15)

  console.log
    No accessibility violations detected!

      at DefaultTerminalReporter.<anonymous> (node_modules/axe-playwright/dist/reporter/defaultTerminalReporter.js:47:41)

  console.log
    ✅ No accessibility violations in: Components/Modal

      at log (.storybook/test-runner.ts:38:15)

  console.log
    No accessibility violations detected!

      at DefaultTerminalReporter.<anonymous> (node_modules/axe-playwright/dist/reporter/defaultTerminalReporter.js:47:41)

  console.log
    ✅ No accessibility violations in: Components/Modal

      at log (.storybook/test-runner.ts:38:15)

  console.log
    No accessibility violations detected!

      at DefaultTerminalReporter.<anonymous> (node_modules/axe-playwright/dist/reporter/defaultTerminalReporter.js:47:41)

  console.log
    ✅ No accessibility violations in: Components/Modal

      at log (.storybook/test-runner.ts:38:15)

  console.log
    No accessibility violations detected!

      at DefaultTerminalReporter.<anonymous> (node_modules/axe-playwright/dist/reporter/defaultTerminalReporter.js:47:41)

  console.log
    ✅ No accessibility violations in: Components/Modal

      at log (.storybook/test-runner.ts:38:15)

  console.log
    No accessibility violations detected!

      at DefaultTerminalReporter.<anonymous> (node_modules/axe-playwright/dist/reporter/defaultTerminalReporter.js:47:41)

  console.log
    ✅ No accessibility violations in: Components/Modal

      at log (.storybook/test-runner.ts:38:15)

  console.log
    No accessibility violations detected!

      at DefaultTerminalReporter.<anonymous> (node_modules/axe-playwright/dist/reporter/defaultTerminalReporter.js:47:41)

  console.log
    ✅ No accessibility violations in: Components/Modal

      at log (.storybook/test-runner.ts:38:15)

FAIL browser: chromium src/Modal/Modal.stories.tsx
  Components/Modal
    Default
      ✕ smoke-test (245 ms)
    WithForm
      ✓ smoke-test (96 ms)
    NoReset
      ✓ smoke-test (82 ms)
    WarningAction
      ✓ smoke-test (77 ms)
    CustomFooter
      ✓ smoke-test (79 ms)
    ScrollableContent
      ✓ smoke-test (79 ms)
    SmallModal
      ✓ smoke-test (75 ms)
    LoadingState
      ✓ smoke-test (78 ms)
    ErrorState
      ✓ smoke-test (81 ms)
    EmptyState
      ✓ smoke-test (77 ms)
    FullscreenModal
      ✓ smoke-test (77 ms)
    CustomDimensions
      ✓ smoke-test (78 ms)
    RenderPropsFooter
      ✓ smoke-test (77 ms)
    WithRef
      ✓ smoke-test (86 ms)
    WithTypography
      ✓ smoke-test (84 ms)

  ● Components/Modal › Default › smoke-test

    page.evaluate: Error: Axe is already running. Use `await axe.run()` to wait for the previous run to finish before starting a new run.

      at assert (packages/components/http:/localhost:6007/packages/components/node_modules/.cache/storybook/1c3385a5d25e538d10b518b310c74d3ca2690b6aaffeadccd74da79736171f86/sb-vite/deps/axe-core.js?v=b3da04b4:7427:19)
      at Object.run4 [as run] (packages/components/http:/localhost:6007/packages/components/node_modules/.cache/storybook/1c3385a5d25e538d10b518b310c74d3ca2690b6aaffeadccd74da79736171f86/sb-vite/deps/axe-core.js?v=b3da04b4:29739:13)
      at eval (eval at evaluate (:311:30)packages/components/, <anonymous>:2:27)
      at UtilityScript.evaluate (packages/components/<anonymous>:313:16)
      at UtilityScript.<anonymous> (packages/components/<anonymous>:1:44)
      at node_modules/axe-playwright/dist/index.js:74:31
      at node_modules/axe-playwright/dist/index.js:31:71
      at Object.<anonymous>.__awaiter (node_modules/axe-playwright/dist/index.js:27:12)
      at getAxeResults (node_modules/axe-playwright/dist/index.js:73:51)
      at node_modules/axe-playwright/dist/index.js:87:52
      at node_modules/axe-playwright/dist/index.js:31:71
      at Object.<anonymous>.__awaiter (node_modules/axe-playwright/dist/index.js:27:12)
      at getViolations (node_modules/axe-playwright/dist/index.js:86:51)
      at postVisit (.storybook/test-runner.ts:20:43)

  console.log
    ┌─────────┬─────────────────────┬────────────┬─────────────────────────────────────────────────────────┬───────┐
    │ (index) │ id                  │ impact     │ description                                             │ nodes │
    ├─────────┼─────────────────────┼────────────┼─────────────────────────────────────────────────────────┼───────┤
    │ 0       │ 'aria-allowed-attr' │ 'critical' │ "Ensure an element's role supports its ARIA attributes" │ 1     │
    └─────────┴─────────────────────┴────────────┴─────────────────────────────────────────────────────────┴───────┘

      at DefaultTerminalReporter.<anonymous> (node_modules/axe-playwright/dist/reporter/defaultTerminalReporter.js:31:25)

  console.log
    ┌─────────┬──────────────────┬─────────────────────────────────────────────────────────────────────────────────────────────────────────────────────────────────────────────────────────────────────┬────────────┐
    │ (index) │ target           │ html                                                                                                                                                                │ violations │
    ├─────────┼──────────────────┼─────────────────────────────────────────────────────────────────────────────────────────────────────────────────────────────────────────────────────────────────────┼────────────┤
    │ 0       │ '[".sc-fFejRA"]' │ '<div aria-disabled="false" aria-busy="false" aria-invalid="false" aria-pressed="false" class="sc-fFejRA dlfXem"><span class="sc-bkkiih ioMdHJ">Label</span></div>' │ '[0]'      │
    └─────────┴──────────────────┴─────────────────────────────────────────────────────────────────────────────────────────────────────────────────────────────────────────────────────────────────────┴────────────┘

      at DefaultTerminalReporter.<anonymous> (node_modules/axe-playwright/dist/reporter/defaultTerminalReporter.js:43:29)

  console.log
    ┌─────────┬─────────────────────┬────────────┬─────────────────────────────────────────────────────────┬───────┐
    │ (index) │ id                  │ impact     │ description                                             │ nodes │
    ├─────────┼─────────────────────┼────────────┼─────────────────────────────────────────────────────────┼───────┤
    │ 0       │ 'aria-allowed-attr' │ 'critical' │ "Ensure an element's role supports its ARIA attributes" │ 1     │
    └─────────┴─────────────────────┴────────────┴─────────────────────────────────────────────────────────┴───────┘

      at DefaultTerminalReporter.<anonymous> (node_modules/axe-playwright/dist/reporter/defaultTerminalReporter.js:31:25)

  console.log
    ┌─────────┬──────────────────┬─────────────────────────────────────────────────────────────────────────────────────────────────────────────────────────────────────────────────────────────────────┬────────────┐
    │ (index) │ target           │ html                                                                                                                                                                │ violations │
    ├─────────┼──────────────────┼─────────────────────────────────────────────────────────────────────────────────────────────────────────────────────────────────────────────────────────────────────┼────────────┤
    │ 0       │ '[".sc-fFejRA"]' │ '<div aria-disabled="false" aria-busy="false" aria-invalid="false" aria-pressed="false" class="sc-fFejRA dlfXem"><span class="sc-bkkiih ioMdHJ">Label</span></div>' │ '[0]'      │
    └─────────┴──────────────────┴─────────────────────────────────────────────────────────────────────────────────────────────────────────────────────────────────────────────────────────────────────┴────────────┘

      at DefaultTerminalReporter.<anonymous> (node_modules/axe-playwright/dist/reporter/defaultTerminalReporter.js:43:29)

  console.log
    ┌─────────┬─────────────────────┬────────────┬─────────────────────────────────────────────────────────┬───────┐
    │ (index) │ id                  │ impact     │ description                                             │ nodes │
    ├─────────┼─────────────────────┼────────────┼─────────────────────────────────────────────────────────┼───────┤
    │ 0       │ 'aria-allowed-attr' │ 'critical' │ "Ensure an element's role supports its ARIA attributes" │ 1     │
    └─────────┴─────────────────────┴────────────┴─────────────────────────────────────────────────────────┴───────┘

      at DefaultTerminalReporter.<anonymous> (node_modules/axe-playwright/dist/reporter/defaultTerminalReporter.js:31:25)

  console.log
    ┌─────────┬──────────────────┬─────────────────────────────────────────────────────────────────────────────────────────────────────────────────────────────────────────────────────────────────────┬────────────┐
    │ (index) │ target           │ html                                                                                                                                                                │ violations │
    ├─────────┼──────────────────┼─────────────────────────────────────────────────────────────────────────────────────────────────────────────────────────────────────────────────────────────────────┼────────────┤
    │ 0       │ '[".sc-fFejRA"]' │ '<div aria-disabled="false" aria-busy="false" aria-invalid="false" aria-pressed="false" class="sc-fFejRA dlfXem"><span class="sc-bkkiih ioMdHJ">Label</span></div>' │ '[0]'      │
    └─────────┴──────────────────┴─────────────────────────────────────────────────────────────────────────────────────────────────────────────────────────────────────────────────────────────────────┴────────────┘

      at DefaultTerminalReporter.<anonymous> (node_modules/axe-playwright/dist/reporter/defaultTerminalReporter.js:43:29)

  console.log
    No accessibility violations detected!

      at DefaultTerminalReporter.<anonymous> (node_modules/axe-playwright/dist/reporter/defaultTerminalReporter.js:47:41)

  console.log
    ✅ No accessibility violations in: Components/Accordion

      at log (.storybook/test-runner.ts:38:15)

  console.log
    No accessibility violations detected!

      at DefaultTerminalReporter.<anonymous> (node_modules/axe-playwright/dist/reporter/defaultTerminalReporter.js:47:41)

  console.log
    ✅ No accessibility violations in: Components/Accordion

      at log (.storybook/test-runner.ts:38:15)

  console.log
    ┌─────────┬─────────────────────┬────────────┬─────────────────────────────────────────────────────────┬───────┐
    │ (index) │ id                  │ impact     │ description                                             │ nodes │
    ├─────────┼─────────────────────┼────────────┼─────────────────────────────────────────────────────────┼───────┤
    │ 0       │ 'aria-allowed-attr' │ 'critical' │ "Ensure an element's role supports its ARIA attributes" │ 1     │
    └─────────┴─────────────────────┴────────────┴─────────────────────────────────────────────────────────┴───────┘

      at DefaultTerminalReporter.<anonymous> (node_modules/axe-playwright/dist/reporter/defaultTerminalReporter.js:31:25)

  console.log
    ┌─────────┬──────────────────┬─────────────────────────────────────────────────────────────────────────────────────────────────────────────────────────────────────────────────────────────────────┬────────────┐
    │ (index) │ target           │ html                                                                                                                                                                │ violations │
    ├─────────┼──────────────────┼─────────────────────────────────────────────────────────────────────────────────────────────────────────────────────────────────────────────────────────────────────┼────────────┤
    │ 0       │ '[".sc-fFejRA"]' │ '<div aria-disabled="false" aria-busy="false" aria-invalid="false" aria-pressed="false" class="sc-fFejRA dlfXem"><span class="sc-bkkiih ioMdHJ">Label</span></div>' │ '[0]'      │
    └─────────┴──────────────────┴─────────────────────────────────────────────────────────────────────────────────────────────────────────────────────────────────────────────────────────────────────┴────────────┘

      at DefaultTerminalReporter.<anonymous> (node_modules/axe-playwright/dist/reporter/defaultTerminalReporter.js:43:29)

  console.log
    No accessibility violations detected!

      at DefaultTerminalReporter.<anonymous> (node_modules/axe-playwright/dist/reporter/defaultTerminalReporter.js:47:41)

  console.log
    ✅ No accessibility violations in: Components/Accordion

      at log (.storybook/test-runner.ts:38:15)

  console.log
    No accessibility violations detected!

      at DefaultTerminalReporter.<anonymous> (node_modules/axe-playwright/dist/reporter/defaultTerminalReporter.js:47:41)

  console.log
    ✅ No accessibility violations in: Components/Accordion

      at log (.storybook/test-runner.ts:38:15)

  console.log
    ┌─────────┬─────────────────────┬────────────┬──────────────────────────────────────────────────────────────────────────────────────────────────────────────────┬───────┐
    │ (index) │ id                  │ impact     │ description                                                                                                      │ nodes │
    ├─────────┼─────────────────────┼────────────┼──────────────────────────────────────────────────────────────────────────────────────────────────────────────────┼───────┤
    │ 0       │ 'aria-allowed-attr' │ 'critical' │ "Ensure an element's role supports its ARIA attributes"                                                          │ 1     │
    │ 1       │ 'color-contrast'    │ 'serious'  │ 'Ensure the contrast between foreground and background colors meets WCAG 2 AA minimum contrast ratio thresholds' │ 2     │
    └─────────┴─────────────────────┴────────────┴──────────────────────────────────────────────────────────────────────────────────────────────────────────────────┴───────┘

      at DefaultTerminalReporter.<anonymous> (node_modules/axe-playwright/dist/reporter/defaultTerminalReporter.js:31:25)

  console.log
    ┌─────────┬───────────────────────────────────┬─────────────────────────────────────────────────────────────────────────────────────────────────────────────────────────────────────────────────────────────────────────────┬────────────┐
    │ (index) │ target                            │ html                                                                                                                                                                        │ violations │
    ├─────────┼───────────────────────────────────┼─────────────────────────────────────────────────────────────────────────────────────────────────────────────────────────────────────────────────────────────────────────────┼────────────┤
    │ 0       │ '[".sc-fFejRA"]'                  │ '<div aria-disabled="false" aria-busy="false" aria-invalid="false" aria-pressed="false" class="sc-fFejRA dlfXem"><span class="sc-bkkiih ioMdHJ">High Priority</span></div>' │ '[0]'      │
    │ 1       │ '[".gsFjpw > .sc-hBUSFb.dRmxlJ"]' │ '<span class="sc-hBUSFb dRmxlJ">2 Pending</span>'                                                                                                                           │ '[1]'      │
    │ 2       │ '[".gewkxt"]'                     │ '<span class="sc-bdvvNz gewkxt" style="color: rgb(144, 144, 144);">Updated 2 hours ago</span>'                                                                              │ '[1]'      │
    └─────────┴───────────────────────────────────┴─────────────────────────────────────────────────────────────────────────────────────────────────────────────────────────────────────────────────────────────────────────────┴────────────┘

      at DefaultTerminalReporter.<anonymous> (node_modules/axe-playwright/dist/reporter/defaultTerminalReporter.js:43:29)

  console.log
    ┌─────────┬─────────────────────┬────────────┬──────────────────────────────────────────────────────────────────────────────────────────────────────────────────┬───────┐
    │ (index) │ id                  │ impact     │ description                                                                                                      │ nodes │
    ├─────────┼─────────────────────┼────────────┼──────────────────────────────────────────────────────────────────────────────────────────────────────────────────┼───────┤
    │ 0       │ 'aria-allowed-attr' │ 'critical' │ "Ensure an element's role supports its ARIA attributes"                                                          │ 1     │
    │ 1       │ 'color-contrast'    │ 'serious'  │ 'Ensure the contrast between foreground and background colors meets WCAG 2 AA minimum contrast ratio thresholds' │ 1     │
    └─────────┴─────────────────────┴────────────┴──────────────────────────────────────────────────────────────────────────────────────────────────────────────────┴───────┘

      at DefaultTerminalReporter.<anonymous> (node_modules/axe-playwright/dist/reporter/defaultTerminalReporter.js:31:25)

  console.log
    ┌─────────┬──────────────────┬─────────────────────────────────────────────────────────────────────────────────────────────────────────────────────────────────────────────────────────────────────┬────────────┐
    │ (index) │ target           │ html                                                                                                                                                                │ violations │
    ├─────────┼──────────────────┼─────────────────────────────────────────────────────────────────────────────────────────────────────────────────────────────────────────────────────────────────────┼────────────┤
    │ 0       │ '[".sc-fFejRA"]' │ '<div aria-disabled="false" aria-busy="false" aria-invalid="false" aria-pressed="false" class="sc-fFejRA dlfXem"><span class="sc-bkkiih ioMdHJ">Label</span></div>' │ '[0]'      │
    │ 1       │ '[".sc-bkkiih"]' │ '<span class="sc-bkkiih ioMdHJ">Label</span>'                                                                                                                       │ '[1]'      │
    └─────────┴──────────────────┴─────────────────────────────────────────────────────────────────────────────────────────────────────────────────────────────────────────────────────────────────────┴────────────┘

      at DefaultTerminalReporter.<anonymous> (node_modules/axe-playwright/dist/reporter/defaultTerminalReporter.js:43:29)

  console.log
    No accessibility violations detected!

      at DefaultTerminalReporter.<anonymous> (node_modules/axe-playwright/dist/reporter/defaultTerminalReporter.js:47:41)

  console.log
    ✅ No accessibility violations in: Components/Accordion

      at log (.storybook/test-runner.ts:38:15)

  console.log
    ┌─────────┬──────────────────┬───────────┬──────────────────────────────────────────────────────────────────────────────────────────────────────────────────┬───────┐
    │ (index) │ id               │ impact    │ description                                                                                                      │ nodes │
    ├─────────┼──────────────────┼───────────┼──────────────────────────────────────────────────────────────────────────────────────────────────────────────────┼───────┤
    │ 0       │ 'color-contrast' │ 'serious' │ 'Ensure the contrast between foreground and background colors meets WCAG 2 AA minimum contrast ratio thresholds' │ 1     │
    └─────────┴──────────────────┴───────────┴──────────────────────────────────────────────────────────────────────────────────────────────────────────────────┴───────┘

      at DefaultTerminalReporter.<anonymous> (node_modules/axe-playwright/dist/reporter/defaultTerminalReporter.js:31:25)

  console.log
    ┌─────────┬───────────────────────────────────┬─────────────────────────────────────────────────────┬────────────┐
    │ (index) │ target                            │ html                                                │ violations │
    ├─────────┼───────────────────────────────────┼─────────────────────────────────────────────────────┼────────────┤
    │ 0       │ '[".gsFjpw > .sc-hBUSFb.dRmxlJ"]' │ '<span class="sc-hBUSFb dRmxlJ">In Progress</span>' │ '[0]'      │
    └─────────┴───────────────────────────────────┴─────────────────────────────────────────────────────┴────────────┘

      at DefaultTerminalReporter.<anonymous> (node_modules/axe-playwright/dist/reporter/defaultTerminalReporter.js:43:29)

  console.log
    No accessibility violations detected!

      at DefaultTerminalReporter.<anonymous> (node_modules/axe-playwright/dist/reporter/defaultTerminalReporter.js:47:41)

  console.log
    ✅ No accessibility violations in: Components/Accordion

      at log (.storybook/test-runner.ts:38:15)

  console.log
    No accessibility violations detected!

      at DefaultTerminalReporter.<anonymous> (node_modules/axe-playwright/dist/reporter/defaultTerminalReporter.js:47:41)

  console.log
    ✅ No accessibility violations in: Components/Accordion

      at log (.storybook/test-runner.ts:38:15)

  console.log
    No accessibility violations detected!

      at DefaultTerminalReporter.<anonymous> (node_modules/axe-playwright/dist/reporter/defaultTerminalReporter.js:47:41)

  console.log
    ✅ No accessibility violations in: Components/Accordion

      at log (.storybook/test-runner.ts:38:15)

  console.log
    No accessibility violations detected!

      at DefaultTerminalReporter.<anonymous> (node_modules/axe-playwright/dist/reporter/defaultTerminalReporter.js:47:41)

  console.log
    ✅ No accessibility violations in: Components/Accordion

      at log (.storybook/test-runner.ts:38:15)

  console.log
    No accessibility violations detected!

      at DefaultTerminalReporter.<anonymous> (node_modules/axe-playwright/dist/reporter/defaultTerminalReporter.js:47:41)

  console.log
    ✅ No accessibility violations in: Components/Accordion

      at log (.storybook/test-runner.ts:38:15)

  console.log
    No accessibility violations detected!

      at DefaultTerminalReporter.<anonymous> (node_modules/axe-playwright/dist/reporter/defaultTerminalReporter.js:47:41)

  console.log
    ✅ No accessibility violations in: Components/Accordion

      at log (.storybook/test-runner.ts:38:15)

  console.log
    ┌─────────┬──────────────────┬───────────┬──────────────────────────────────────────────────────────────────────────────────────────────────────────────────┬───────┐
    │ (index) │ id               │ impact    │ description                                                                                                      │ nodes │
    ├─────────┼──────────────────┼───────────┼──────────────────────────────────────────────────────────────────────────────────────────────────────────────────┼───────┤
    │ 0       │ 'color-contrast' │ 'serious' │ 'Ensure the contrast between foreground and background colors meets WCAG 2 AA minimum contrast ratio thresholds' │ 1     │
    └─────────┴──────────────────┴───────────┴──────────────────────────────────────────────────────────────────────────────────────────────────────────────────┴───────┘

      at DefaultTerminalReporter.<anonymous> (node_modules/axe-playwright/dist/reporter/defaultTerminalReporter.js:31:25)

  console.log
    ┌─────────┬───────────────┬────────────────────────────────────────────────────────────────────────────────┬────────────┐
    │ (index) │ target        │ html                                                                           │ violations │
    ├─────────┼───────────────┼────────────────────────────────────────────────────────────────────────────────┼────────────┤
    │ 0       │ '[".gewkxt"]' │ '<span class="sc-bdvvNz gewkxt" style="opacity: 0.6;">No events yet...</span>' │ '[0]'      │
    └─────────┴───────────────┴────────────────────────────────────────────────────────────────────────────────┴────────────┘

      at DefaultTerminalReporter.<anonymous> (node_modules/axe-playwright/dist/reporter/defaultTerminalReporter.js:43:29)

FAIL browser: chromium src/Accordion/Accordion.stories.tsx
  Components/Accordion
    Default
      ✕ smoke-test (260 ms)
    Expanded
      ✕ smoke-test (119 ms)
    WithoutLeadIcon
      ✕ smoke-test (77 ms)
    WithoutDescription
      ✓ smoke-test (88 ms)
    WithoutLabelsAndMetadata
      ✓ smoke-test (85 ms)
    WithFooter
      ✕ smoke-test (77 ms)
    NestedAccordions
      ✓ smoke-test (106 ms)
    DeeplyNestedAccordions
      ✓ smoke-test (108 ms)
    CustomLabelsAndMetadata
      ✕ smoke-test (72 ms)
    Disabled
      ✕ smoke-test (64 ms)
    Controlled
      ✓ smoke-test (83 ms)
    MultipleAccordions
      ✕ smoke-test (81 ms)
    LoadingState
      ✓ smoke-test (98 ms)
    ErrorState
      ✓ smoke-test (82 ms)
    EmptyState
      ✓ smoke-test (78 ms)
    PolymorphicSection
      ✓ smoke-test (74 ms)
    ForwardRefExample
      ✓ smoke-test (80 ms)
    CustomSlots
      ✓ smoke-test (75 ms)
    EventCallbacks
      ✕ smoke-test (66 ms)

  ● Components/Accordion › Default › smoke-test

    assert.strictEqual(received, expected)

    Expected value to strictly be equal to:
      0
    Received:
      1

    Message:
      1 accessibility violation was detected

    1 !== 0

      at testResultDependsOnViolations (node_modules/axe-playwright/dist/utils.js:16:26)
      at node_modules/axe-playwright/dist/index.js:143:51
      at fulfilled (node_modules/axe-playwright/dist/index.js:28:58)

  ● Components/Accordion › Expanded › smoke-test

    assert.strictEqual(received, expected)

    Expected value to strictly be equal to:
      0
    Received:
      1

    Message:
      1 accessibility violation was detected

    1 !== 0

      at testResultDependsOnViolations (node_modules/axe-playwright/dist/utils.js:16:26)
      at node_modules/axe-playwright/dist/index.js:143:51
      at fulfilled (node_modules/axe-playwright/dist/index.js:28:58)

  ● Components/Accordion › WithoutLeadIcon › smoke-test

    assert.strictEqual(received, expected)

    Expected value to strictly be equal to:
      0
    Received:
      1

    Message:
      1 accessibility violation was detected

    1 !== 0

      at testResultDependsOnViolations (node_modules/axe-playwright/dist/utils.js:16:26)
      at node_modules/axe-playwright/dist/index.js:143:51
      at fulfilled (node_modules/axe-playwright/dist/index.js:28:58)

  ● Components/Accordion › WithFooter › smoke-test

    assert.strictEqual(received, expected)

    Expected value to strictly be equal to:
      0
    Received:
      1

    Message:
      1 accessibility violation was detected

    1 !== 0

      at testResultDependsOnViolations (node_modules/axe-playwright/dist/utils.js:16:26)
      at node_modules/axe-playwright/dist/index.js:143:51
      at fulfilled (node_modules/axe-playwright/dist/index.js:28:58)

  ● Components/Accordion › CustomLabelsAndMetadata › smoke-test

    assert.strictEqual(received, expected)

    Expected value to strictly be equal to:
      0
    Received:
      2

    Message:
      2 accessibility violations were detected

    2 !== 0

      at testResultDependsOnViolations (node_modules/axe-playwright/dist/utils.js:16:26)
      at node_modules/axe-playwright/dist/index.js:143:51
      at fulfilled (node_modules/axe-playwright/dist/index.js:28:58)

  ● Components/Accordion › Disabled › smoke-test

    assert.strictEqual(received, expected)

    Expected value to strictly be equal to:
      0
    Received:
      2

    Message:
      2 accessibility violations were detected

    2 !== 0

      at testResultDependsOnViolations (node_modules/axe-playwright/dist/utils.js:16:26)
      at node_modules/axe-playwright/dist/index.js:143:51
      at fulfilled (node_modules/axe-playwright/dist/index.js:28:58)

  ● Components/Accordion › MultipleAccordions › smoke-test

    assert.strictEqual(received, expected)

    Expected value to strictly be equal to:
      0
    Received:
      1

    Message:
      1 accessibility violation was detected

    1 !== 0

      at testResultDependsOnViolations (node_modules/axe-playwright/dist/utils.js:16:26)
      at node_modules/axe-playwright/dist/index.js:143:51
      at fulfilled (node_modules/axe-playwright/dist/index.js:28:58)

  ● Components/Accordion › EventCallbacks › smoke-test

    assert.strictEqual(received, expected)

    Expected value to strictly be equal to:
      0
    Received:
      1

    Message:
      1 accessibility violation was detected

    1 !== 0

      at testResultDependsOnViolations (node_modules/axe-playwright/dist/utils.js:16:26)
      at node_modules/axe-playwright/dist/index.js:143:51
      at fulfilled (node_modules/axe-playwright/dist/index.js:28:58)

  console.log
    No accessibility violations detected!

      at DefaultTerminalReporter.<anonymous> (node_modules/axe-playwright/dist/reporter/defaultTerminalReporter.js:47:41)

  console.log
    No accessibility violations detected!

      at DefaultTerminalReporter.<anonymous> (node_modules/axe-playwright/dist/reporter/defaultTerminalReporter.js:47:41)

  console.log
    ✅ No accessibility violations in: Design Tokens/Typography

      at log (.storybook/test-runner.ts:38:15)

  console.log
    No accessibility violations detected!

      at DefaultTerminalReporter.<anonymous> (node_modules/axe-playwright/dist/reporter/defaultTerminalReporter.js:47:41)

  console.log
    ✅ No accessibility violations in: Design Tokens/Typography

      at log (.storybook/test-runner.ts:38:15)

  console.log
    No accessibility violations detected!

      at DefaultTerminalReporter.<anonymous> (node_modules/axe-playwright/dist/reporter/defaultTerminalReporter.js:47:41)

  console.log
    ✅ No accessibility violations in: Design Tokens/Typography

      at log (.storybook/test-runner.ts:38:15)

  console.log
    No accessibility violations detected!

      at DefaultTerminalReporter.<anonymous> (node_modules/axe-playwright/dist/reporter/defaultTerminalReporter.js:47:41)

  console.log
    ✅ No accessibility violations in: Design Tokens/Typography

      at log (.storybook/test-runner.ts:38:15)

  console.log
    No accessibility violations detected!

      at DefaultTerminalReporter.<anonymous> (node_modules/axe-playwright/dist/reporter/defaultTerminalReporter.js:47:41)

  console.log
    ✅ No accessibility violations in: Design Tokens/Typography

      at log (.storybook/test-runner.ts:38:15)

  console.log
    No accessibility violations detected!

      at DefaultTerminalReporter.<anonymous> (node_modules/axe-playwright/dist/reporter/defaultTerminalReporter.js:47:41)

  console.log
    ✅ No accessibility violations in: Design Tokens/Typography

      at log (.storybook/test-runner.ts:38:15)

  console.log
    No accessibility violations detected!

      at DefaultTerminalReporter.<anonymous> (node_modules/axe-playwright/dist/reporter/defaultTerminalReporter.js:47:41)

  console.log
    ✅ No accessibility violations in: Design Tokens/Typography

      at log (.storybook/test-runner.ts:38:15)

  console.log
    No accessibility violations detected!

      at DefaultTerminalReporter.<anonymous> (node_modules/axe-playwright/dist/reporter/defaultTerminalReporter.js:47:41)

  console.log
    ✅ No accessibility violations in: Design Tokens/Typography

      at log (.storybook/test-runner.ts:38:15)

  console.log
    No accessibility violations detected!

      at DefaultTerminalReporter.<anonymous> (node_modules/axe-playwright/dist/reporter/defaultTerminalReporter.js:47:41)

  console.log
    ✅ No accessibility violations in: Design Tokens/Typography

      at log (.storybook/test-runner.ts:38:15)

  console.log
    ┌─────────┬─────────────────┬────────────┬────────────────────────────────────────────────────────┬───────┐
    │ (index) │ id              │ impact     │ description                                            │ nodes │
    ├─────────┼─────────────────┼────────────┼────────────────────────────────────────────────────────┼───────┤
    │ 0       │ 'heading-order' │ 'moderate' │ 'Ensure the order of headings is semantically correct' │ 1     │
    └─────────┴─────────────────┴────────────┴────────────────────────────────────────────────────────┴───────┘

      at DefaultTerminalReporter.<anonymous> (node_modules/axe-playwright/dist/reporter/defaultTerminalReporter.js:31:25)

  console.log
    ┌─────────┬──────────┬─────────────────────────────────────────────────────────────────────────────────────────────────┬────────────┐
    │ (index) │ target   │ html                                                                                            │ violations │
    ├─────────┼──────────┼─────────────────────────────────────────────────────────────────────────────────────────────────┼────────────┤
    │ 0       │ '["h3"]' │ '<h3 class="sc-bdvvNz kFCDjt" style="margin-top: 32px; margin-bottom: 16px;">Key Features</h3>' │ '[0]'      │
    └─────────┴──────────┴─────────────────────────────────────────────────────────────────────────────────────────────────┴────────────┘

      at DefaultTerminalReporter.<anonymous> (node_modules/axe-playwright/dist/reporter/defaultTerminalReporter.js:43:29)

FAIL browser: chromium src/Typography/Typography.stories.tsx
  Design Tokens/Typography
    Default
      ✕ smoke-test (181 ms)
    DisplayStyles
      ✓ smoke-test (82 ms)
    HeadingStyles
      ✓ smoke-test (78 ms)
    BodyStyles
      ✓ smoke-test (75 ms)
    ParagraphStyles
      ✓ smoke-test (73 ms)
    CaptionStyles
      ✓ smoke-test (73 ms)
    CodeStyles
      ✓ smoke-test (72 ms)
    AllWeights
      ✓ smoke-test (76 ms)
    TextAlignment
      ✓ smoke-test (69 ms)
    CustomColors
      ✓ smoke-test (70 ms)
    RealWorldExample
      ✕ smoke-test (70 ms)

  ● Design Tokens/Typography › Default › smoke-test

    page.evaluate: Error: Axe is already running. Use `await axe.run()` to wait for the previous run to finish before starting a new run.

      at assert (packages/components/http:/localhost:6007/packages/components/node_modules/.cache/storybook/1c3385a5d25e538d10b518b310c74d3ca2690b6aaffeadccd74da79736171f86/sb-vite/deps/axe-core.js?v=b3da04b4:7427:19)
      at Object.run4 [as run] (packages/components/http:/localhost:6007/packages/components/node_modules/.cache/storybook/1c3385a5d25e538d10b518b310c74d3ca2690b6aaffeadccd74da79736171f86/sb-vite/deps/axe-core.js?v=b3da04b4:29739:13)
      at eval (eval at evaluate (:311:30)packages/components/, <anonymous>:2:27)
      at UtilityScript.evaluate (packages/components/<anonymous>:313:16)
      at UtilityScript.<anonymous> (packages/components/<anonymous>:1:44)
      at node_modules/axe-playwright/dist/index.js:74:31
      at node_modules/axe-playwright/dist/index.js:31:71
      at Object.<anonymous>.__awaiter (node_modules/axe-playwright/dist/index.js:27:12)
      at getAxeResults (node_modules/axe-playwright/dist/index.js:73:51)
      at node_modules/axe-playwright/dist/index.js:87:52
      at node_modules/axe-playwright/dist/index.js:31:71
      at Object.<anonymous>.__awaiter (node_modules/axe-playwright/dist/index.js:27:12)
      at getViolations (node_modules/axe-playwright/dist/index.js:86:51)
      at postVisit (.storybook/test-runner.ts:20:43)

  ● Design Tokens/Typography › RealWorldExample › smoke-test

    assert.strictEqual(received, expected)

    Expected value to strictly be equal to:
      0
    Received:
      1

    Message:
      1 accessibility violation was detected

    1 !== 0

      at testResultDependsOnViolations (node_modules/axe-playwright/dist/utils.js:16:26)
      at node_modules/axe-playwright/dist/index.js:143:51
      at fulfilled (node_modules/axe-playwright/dist/index.js:28:58)

  console.log
    No accessibility violations detected!

      at DefaultTerminalReporter.<anonymous> (node_modules/axe-playwright/dist/reporter/defaultTerminalReporter.js:47:41)

  console.log
    ┌─────────┬─────────────────┬────────────┬────────────────────────────────────────────────────────┬───────┐
    │ (index) │ id              │ impact     │ description                                            │ nodes │
    ├─────────┼─────────────────┼────────────┼────────────────────────────────────────────────────────┼───────┤
    │ 0       │ 'heading-order' │ 'moderate' │ 'Ensure the order of headings is semantically correct' │ 1     │
    └─────────┴─────────────────┴────────────┴────────────────────────────────────────────────────────┴───────┘

      at DefaultTerminalReporter.<anonymous> (node_modules/axe-playwright/dist/reporter/defaultTerminalReporter.js:31:25)

  console.log
    ┌─────────┬─────────────────────────────┬──────────────────────────────────────────────────────────────────────────────┬────────────┐
    │ (index) │ target                      │ html                                                                         │ violations │
    ├─────────┼─────────────────────────────┼──────────────────────────────────────────────────────────────────────────────┼────────────┤
    │ 0       │ '["div:nth-child(1) > h4"]' │ '<h4 class="sc-iCfMpq cBrxeS" style="margin-bottom: 8px;">XSmall (2px)</h4>' │ '[0]'      │
    └─────────┴─────────────────────────────┴──────────────────────────────────────────────────────────────────────────────┴────────────┘

      at DefaultTerminalReporter.<anonymous> (node_modules/axe-playwright/dist/reporter/defaultTerminalReporter.js:43:29)

  console.log
    ┌─────────┬─────────────────┬────────────┬────────────────────────────────────────────────────────┬───────┐
    │ (index) │ id              │ impact     │ description                                            │ nodes │
    ├─────────┼─────────────────┼────────────┼────────────────────────────────────────────────────────┼───────┤
    │ 0       │ 'heading-order' │ 'moderate' │ 'Ensure the order of headings is semantically correct' │ 1     │
    └─────────┴─────────────────┴────────────┴────────────────────────────────────────────────────────┴───────┘

      at DefaultTerminalReporter.<anonymous> (node_modules/axe-playwright/dist/reporter/defaultTerminalReporter.js:31:25)

  console.log
    ┌─────────┬─────────────────────────────┬──────────────────────────────────────────────────────────────────────────────────┬────────────┐
    │ (index) │ target                      │ html                                                                             │ violations │
    ├─────────┼─────────────────────────────┼──────────────────────────────────────────────────────────────────────────────────┼────────────┤
    │ 0       │ '["div:nth-child(1) > h4"]' │ '<h4 class="sc-iCfMpq cBrxeS" style="margin-bottom: 8px;">Default (Purple)</h4>' │ '[0]'      │
    └─────────┴─────────────────────────────┴──────────────────────────────────────────────────────────────────────────────────┴────────────┘

      at DefaultTerminalReporter.<anonymous> (node_modules/axe-playwright/dist/reporter/defaultTerminalReporter.js:43:29)

  console.log
    No accessibility violations detected!

      at DefaultTerminalReporter.<anonymous> (node_modules/axe-playwright/dist/reporter/defaultTerminalReporter.js:47:41)

  console.log
    ✅ No accessibility violations in: Components/ProgressBar

      at log (.storybook/test-runner.ts:38:15)

  console.log
    No accessibility violations detected!

      at DefaultTerminalReporter.<anonymous> (node_modules/axe-playwright/dist/reporter/defaultTerminalReporter.js:47:41)

  console.log
    ✅ No accessibility violations in: Components/ProgressBar

      at log (.storybook/test-runner.ts:38:15)

  console.log
    No accessibility violations detected!

      at DefaultTerminalReporter.<anonymous> (node_modules/axe-playwright/dist/reporter/defaultTerminalReporter.js:47:41)

  console.log
    ✅ No accessibility violations in: Components/ProgressBar

      at log (.storybook/test-runner.ts:38:15)

  console.log
    ┌─────────┬──────────────────┬───────────┬──────────────────────────────────────────────────────────────────────────────────────────────────────────────────┬───────┐
    │ (index) │ id               │ impact    │ description                                                                                                      │ nodes │
    ├─────────┼──────────────────┼───────────┼──────────────────────────────────────────────────────────────────────────────────────────────────────────────────┼───────┤
    │ 0       │ 'color-contrast' │ 'serious' │ 'Ensure the contrast between foreground and background colors meets WCAG 2 AA minimum contrast ratio thresholds' │ 4     │
    └─────────┴──────────────────┴───────────┴──────────────────────────────────────────────────────────────────────────────────────────────────────────────────┴───────┘

      at DefaultTerminalReporter.<anonymous> (node_modules/axe-playwright/dist/reporter/defaultTerminalReporter.js:31:25)

  console.log
    ┌─────────┬──────────────────────────────────────────────────────────────────────────────────────────────────┬──────────────────────────────────────────────────────────────┬────────────┐
    │ (index) │ target                                                                                           │ html                                                         │ violations │
    ├─────────┼──────────────────────────────────────────────────────────────────────────────────────────────────┼──────────────────────────────────────────────────────────────┼────────────┤
    │ 0       │ '[".sc-bdvvNz.fiFdhz:nth-child(1) > .sc-gsDLFA.eUhCHl > .sc-dkPvMp.gBABRZ > .fcaUBW.sc-iCfMpq"]' │ '<span class="sc-iCfMpq fcaUBW">Disabled Progress</span>'    │ '[0]'      │
    │ 1       │ '[".sc-bdvvNz.fiFdhz:nth-child(1) > .sc-gsDLFA.eUhCHl > .sc-hKwAaq.ijvmaC"]'                     │ '<span class="sc-hKwAaq ijvmaC">50%</span>'                  │ '[0]'      │
    │ 2       │ '[".sc-bdvvNz.fiFdhz:nth-child(2) > .sc-gsDLFA.eUhCHl > .sc-dkPvMp.gBABRZ > .fcaUBW.sc-iCfMpq"]' │ '<span class="sc-iCfMpq fcaUBW">Completed (Disabled)</span>' │ '[0]'      │
    │ 3       │ '[".sc-bdvvNz.fiFdhz:nth-child(2) > .sc-gsDLFA.eUhCHl > .sc-hKwAaq.ijvmaC"]'                     │ '<span class="sc-hKwAaq ijvmaC">75%</span>'                  │ '[0]'      │
    └─────────┴──────────────────────────────────────────────────────────────────────────────────────────────────┴──────────────────────────────────────────────────────────────┴────────────┘

      at DefaultTerminalReporter.<anonymous> (node_modules/axe-playwright/dist/reporter/defaultTerminalReporter.js:43:29)

  console.log
    No accessibility violations detected!

      at DefaultTerminalReporter.<anonymous> (node_modules/axe-playwright/dist/reporter/defaultTerminalReporter.js:47:41)

  console.log
    ✅ No accessibility violations in: Components/ProgressBar

      at log (.storybook/test-runner.ts:38:15)

  console.log
    ┌─────────┬─────────────────┬────────────┬────────────────────────────────────────────────────────┬───────┐
    │ (index) │ id              │ impact     │ description                                            │ nodes │
    ├─────────┼─────────────────┼────────────┼────────────────────────────────────────────────────────┼───────┤
    │ 0       │ 'heading-order' │ 'moderate' │ 'Ensure the order of headings is semantically correct' │ 1     │
    └─────────┴─────────────────┴────────────┴────────────────────────────────────────────────────────┴───────┘

      at DefaultTerminalReporter.<anonymous> (node_modules/axe-playwright/dist/reporter/defaultTerminalReporter.js:31:25)

  console.log
    ┌─────────┬──────────┬───────────────────────────────────────────────────────────┬────────────┐
    │ (index) │ target   │ html                                                      │ violations │
    ├─────────┼──────────┼───────────────────────────────────────────────────────────┼────────────┤
    │ 0       │ '["h4"]' │ '<h4 class="sc-iCfMpq cBrxeS">Installation Progress</h4>' │ '[0]'      │
    └─────────┴──────────┴───────────────────────────────────────────────────────────┴────────────┘

      at DefaultTerminalReporter.<anonymous> (node_modules/axe-playwright/dist/reporter/defaultTerminalReporter.js:43:29)

  console.log
    No accessibility violations detected!

      at DefaultTerminalReporter.<anonymous> (node_modules/axe-playwright/dist/reporter/defaultTerminalReporter.js:47:41)

  console.log
    ✅ No accessibility violations in: Components/ProgressBar

      at log (.storybook/test-runner.ts:38:15)

  console.log
    No accessibility violations detected!

      at DefaultTerminalReporter.<anonymous> (node_modules/axe-playwright/dist/reporter/defaultTerminalReporter.js:47:41)

  console.log
    ✅ No accessibility violations in: Components/ProgressBar

      at log (.storybook/test-runner.ts:38:15)

  console.log
    No accessibility violations detected!

      at DefaultTerminalReporter.<anonymous> (node_modules/axe-playwright/dist/reporter/defaultTerminalReporter.js:47:41)

  console.log
    ✅ No accessibility violations in: Components/ProgressBar

      at log (.storybook/test-runner.ts:38:15)

  console.log
    No accessibility violations detected!

      at DefaultTerminalReporter.<anonymous> (node_modules/axe-playwright/dist/reporter/defaultTerminalReporter.js:47:41)

  console.log
    ✅ No accessibility violations in: Components/ProgressBar

      at log (.storybook/test-runner.ts:38:15)

  console.log
    ┌─────────┬─────────────────┬────────────┬────────────────────────────────────────────────────────┬───────┐
    │ (index) │ id              │ impact     │ description                                            │ nodes │
    ├─────────┼─────────────────┼────────────┼────────────────────────────────────────────────────────┼───────┤
    │ 0       │ 'heading-order' │ 'moderate' │ 'Ensure the order of headings is semantically correct' │ 1     │
    └─────────┴─────────────────┴────────────┴────────────────────────────────────────────────────────┴───────┘

      at DefaultTerminalReporter.<anonymous> (node_modules/axe-playwright/dist/reporter/defaultTerminalReporter.js:31:25)

  console.log
    ┌─────────┬──────────┬─────────────────────────────────────────────────────────────────────────────────┬────────────┐
    │ (index) │ target   │ html                                                                            │ violations │
    ├─────────┼──────────┼─────────────────────────────────────────────────────────────────────────────────┼────────────┤
    │ 0       │ '["h4"]' │ '<h4 class="sc-iCfMpq cBrxeS" style="margin-bottom: 8px;">ARIA Attributes</h4>' │ '[0]'      │
    └─────────┴──────────┴─────────────────────────────────────────────────────────────────────────────────┴────────────┘

      at DefaultTerminalReporter.<anonymous> (node_modules/axe-playwright/dist/reporter/defaultTerminalReporter.js:43:29)

  console.log
    No accessibility violations detected!

      at DefaultTerminalReporter.<anonymous> (node_modules/axe-playwright/dist/reporter/defaultTerminalReporter.js:47:41)

  console.log
    ✅ No accessibility violations in: Components/ProgressBar

      at log (.storybook/test-runner.ts:38:15)

FAIL browser: chromium src/ProgressBar/ProgressBar.stories.tsx
  Components/ProgressBar
    Default
      ✕ smoke-test (195 ms)
    AllSizes
      ✕ smoke-test (103 ms)
    AllTypes
      ✕ smoke-test (97 ms)
    ProgressValues
      ✓ smoke-test (107 ms)
    LoadingState
      ✓ smoke-test (117 ms)
    ErrorState
      ✓ smoke-test (89 ms)
    DisabledState
      ✕ smoke-test (67 ms)
    WithoutLabel
      ✓ smoke-test (78 ms)
    CustomLabel
      ✕ smoke-test (72 ms)
    AnimatedProgress
      ✓ smoke-test (86 ms)
    ForwardRefUsage
      ✓ smoke-test (79 ms)
    PolymorphicAs
      ✓ smoke-test (89 ms)
    CustomStyling
      ✓ smoke-test (91 ms)
    AccessibilityFeatures
      ✕ smoke-test (87 ms)
    RealWorldExamples
      ✓ smoke-test (123 ms)

  ● Components/ProgressBar › Default › smoke-test

    page.evaluate: Error: Axe is already running. Use `await axe.run()` to wait for the previous run to finish before starting a new run.

      at assert (packages/components/http:/localhost:6007/packages/components/node_modules/.cache/storybook/1c3385a5d25e538d10b518b310c74d3ca2690b6aaffeadccd74da79736171f86/sb-vite/deps/axe-core.js?v=b3da04b4:7427:19)
      at Object.run4 [as run] (packages/components/http:/localhost:6007/packages/components/node_modules/.cache/storybook/1c3385a5d25e538d10b518b310c74d3ca2690b6aaffeadccd74da79736171f86/sb-vite/deps/axe-core.js?v=b3da04b4:29739:13)
      at eval (eval at evaluate (:311:30)packages/components/, <anonymous>:2:27)
      at UtilityScript.evaluate (packages/components/<anonymous>:313:16)
      at UtilityScript.<anonymous> (packages/components/<anonymous>:1:44)
      at node_modules/axe-playwright/dist/index.js:74:31
      at node_modules/axe-playwright/dist/index.js:31:71
      at Object.<anonymous>.__awaiter (node_modules/axe-playwright/dist/index.js:27:12)
      at getAxeResults (node_modules/axe-playwright/dist/index.js:73:51)
      at node_modules/axe-playwright/dist/index.js:87:52
      at node_modules/axe-playwright/dist/index.js:31:71
      at Object.<anonymous>.__awaiter (node_modules/axe-playwright/dist/index.js:27:12)
      at getViolations (node_modules/axe-playwright/dist/index.js:86:51)
      at postVisit (.storybook/test-runner.ts:20:43)

  ● Components/ProgressBar › AllSizes › smoke-test

    assert.strictEqual(received, expected)

    Expected value to strictly be equal to:
      0
    Received:
      1

    Message:
      1 accessibility violation was detected

    1 !== 0

      at testResultDependsOnViolations (node_modules/axe-playwright/dist/utils.js:16:26)
      at node_modules/axe-playwright/dist/index.js:143:51
      at fulfilled (node_modules/axe-playwright/dist/index.js:28:58)

  ● Components/ProgressBar › AllTypes › smoke-test

    assert.strictEqual(received, expected)

    Expected value to strictly be equal to:
      0
    Received:
      1

    Message:
      1 accessibility violation was detected

    1 !== 0

      at testResultDependsOnViolations (node_modules/axe-playwright/dist/utils.js:16:26)
      at node_modules/axe-playwright/dist/index.js:143:51
      at fulfilled (node_modules/axe-playwright/dist/index.js:28:58)

  ● Components/ProgressBar › DisabledState › smoke-test

    assert.strictEqual(received, expected)

    Expected value to strictly be equal to:
      0
    Received:
      1

    Message:
      1 accessibility violation was detected

    1 !== 0

      at testResultDependsOnViolations (node_modules/axe-playwright/dist/utils.js:16:26)
      at node_modules/axe-playwright/dist/index.js:143:51
      at fulfilled (node_modules/axe-playwright/dist/index.js:28:58)

  ● Components/ProgressBar › CustomLabel › smoke-test

    assert.strictEqual(received, expected)

    Expected value to strictly be equal to:
      0
    Received:
      1

    Message:
      1 accessibility violation was detected

    1 !== 0

      at testResultDependsOnViolations (node_modules/axe-playwright/dist/utils.js:16:26)
      at node_modules/axe-playwright/dist/index.js:143:51
      at fulfilled (node_modules/axe-playwright/dist/index.js:28:58)

  ● Components/ProgressBar › AccessibilityFeatures › smoke-test

    assert.strictEqual(received, expected)

    Expected value to strictly be equal to:
      0
    Received:
      1

    Message:
      1 accessibility violation was detected

    1 !== 0

      at testResultDependsOnViolations (node_modules/axe-playwright/dist/utils.js:16:26)
      at node_modules/axe-playwright/dist/index.js:143:51
      at fulfilled (node_modules/axe-playwright/dist/index.js:28:58)

  console.log
    ┌─────────┬────────────────────────┬────────────┬─────────────────────────────────────────────────────────────────────────────────────┬───────┐
    │ (index) │ id                     │ impact     │ description                                                                         │ nodes │
    ├─────────┼────────────────────────┼────────────┼─────────────────────────────────────────────────────────────────────────────────────┼───────┤
    │ 0       │ 'aria-required-parent' │ 'critical' │ 'Ensure elements with an ARIA role that require parent roles are contained by them' │ 1     │
    └─────────┴────────────────────────┴────────────┴─────────────────────────────────────────────────────────────────────────────────────┴───────┘

      at DefaultTerminalReporter.<anonymous> (node_modules/axe-playwright/dist/reporter/defaultTerminalReporter.js:31:25)

  console.log
    ┌─────────┬──────────────────┬────────────────────────────────────────────────────────────────────────────────────────────────────────────────────────────────────────────────────────────────────────────────────────────────────┬────────────┐
    │ (index) │ target           │ html                                                                                                                                                                                               │ violations │
    ├─────────┼──────────────────┼────────────────────────────────────────────────────────────────────────────────────────────────────────────────────────────────────────────────────────────────────────────────────────────────────┼────────────┤
    │ 0       │ '[".sc-gsDLFA"]' │ '<button aria-selected="false" aria-disabled="false" role="tab" tabindex="-1" class="sc-gsDLFA kueair"><span class="sc-dkPvMp eVqSPU"><span class="sc-bdvvNz hVYJcL">Label</span></span></button>' │ '[0]'      │
    └─────────┴──────────────────┴────────────────────────────────────────────────────────────────────────────────────────────────────────────────────────────────────────────────────────────────────────────────────────────────────┴────────────┘

      at DefaultTerminalReporter.<anonymous> (node_modules/axe-playwright/dist/reporter/defaultTerminalReporter.js:43:29)

  console.log
    ┌─────────┬────────────────────────┬────────────┬─────────────────────────────────────────────────────────────────────────────────────┬───────┐
    │ (index) │ id                     │ impact     │ description                                                                         │ nodes │
    ├─────────┼────────────────────────┼────────────┼─────────────────────────────────────────────────────────────────────────────────────┼───────┤
    │ 0       │ 'aria-required-parent' │ 'critical' │ 'Ensure elements with an ARIA role that require parent roles are contained by them' │ 9     │
    └─────────┴────────────────────────┴────────────┴─────────────────────────────────────────────────────────────────────────────────────┴───────┘

      at DefaultTerminalReporter.<anonymous> (node_modules/axe-playwright/dist/reporter/defaultTerminalReporter.js:31:25)

  console.log
    ┌─────────┬──────────────────────────────────────────────────────┬──────────────────────────────────────────────────────────────────────────────────────────────────────────┬────────────┐
    │ (index) │ target                                               │ html                                                                                                     │ violations │
    ├─────────┼──────────────────────────────────────────────────────┼──────────────────────────────────────────────────────────────────────────────────────────────────────────┼────────────┤
    │ 0       │ '[".kueair.sc-gsDLFA[role=\\"tab\\"]:nth-child(1)"]' │ '<button aria-selected="false" aria-disabled="false" role="tab" tabindex="-1" class="sc-gsDLFA kueair">' │ '[0]'      │
    │ 1       │ '[".lehWhk"]'                                        │ '<button aria-selected="true" aria-disabled="false" role="tab" tabindex="0" class="sc-gsDLFA lehWhk">'   │ '[0]'      │
    │ 2       │ '[".kueair.sc-gsDLFA[role=\\"tab\\"]:nth-child(3)"]' │ '<button aria-selected="false" aria-disabled="false" role="tab" tabindex="-1" class="sc-gsDLFA kueair">' │ '[0]'      │
    │ 3       │ '[".fAmNab.sc-gsDLFA[role=\\"tab\\"]:nth-child(1)"]' │ '<button aria-selected="false" aria-disabled="false" role="tab" tabindex="-1" class="sc-gsDLFA fAmNab">' │ '[0]'      │
    │ 4       │ '[".duZPuw"]'                                        │ '<button aria-selected="true" aria-disabled="false" role="tab" tabindex="0" class="sc-gsDLFA duZPuw">'   │ '[0]'      │
    │ 5       │ '[".fAmNab.sc-gsDLFA[role=\\"tab\\"]:nth-child(3)"]' │ '<button aria-selected="false" aria-disabled="false" role="tab" tabindex="-1" class="sc-gsDLFA fAmNab">' │ '[0]'      │
    │ 6       │ '[".gRxcag.sc-gsDLFA[role=\\"tab\\"]:nth-child(1)"]' │ '<button aria-selected="false" aria-disabled="false" role="tab" tabindex="-1" class="sc-gsDLFA gRxcag">' │ '[0]'      │
    │ 7       │ '[".fTdNar"]'                                        │ '<button aria-selected="true" aria-disabled="false" role="tab" tabindex="0" class="sc-gsDLFA fTdNar">'   │ '[0]'      │
    │ 8       │ '[".gRxcag.sc-gsDLFA[role=\\"tab\\"]:nth-child(3)"]' │ '<button aria-selected="false" aria-disabled="false" role="tab" tabindex="-1" class="sc-gsDLFA gRxcag">' │ '[0]'      │
    └─────────┴──────────────────────────────────────────────────────┴──────────────────────────────────────────────────────────────────────────────────────────────────────────┴────────────┘

      at DefaultTerminalReporter.<anonymous> (node_modules/axe-playwright/dist/reporter/defaultTerminalReporter.js:43:29)

  console.log
    ┌─────────┬────────────────────────┬────────────┬─────────────────────────────────────────────────────────────────────────────────────┬───────┐
    │ (index) │ id                     │ impact     │ description                                                                         │ nodes │
    ├─────────┼────────────────────────┼────────────┼─────────────────────────────────────────────────────────────────────────────────────┼───────┤
    │ 0       │ 'aria-required-parent' │ 'critical' │ 'Ensure elements with an ARIA role that require parent roles are contained by them' │ 5     │
    └─────────┴────────────────────────┴────────────┴─────────────────────────────────────────────────────────────────────────────────────┴───────┘

      at DefaultTerminalReporter.<anonymous> (node_modules/axe-playwright/dist/reporter/defaultTerminalReporter.js:31:25)

  console.log
    ┌─────────┬────────────────────────────────────────────────────────────┬─────────────────────────────────────────────────────────────────────────────────────────────────────────────────────┬────────────┐
    │ (index) │ target                                                     │ html                                                                                                                │ violations │
    ├─────────┼────────────────────────────────────────────────────────────┼─────────────────────────────────────────────────────────────────────────────────────────────────────────────────────┼────────────┤
    │ 0       │ '["div:nth-child(1) > .kueair.sc-gsDLFA[role=\\"tab\\"]"]' │ '<button aria-selected="false" aria-disabled="false" role="tab" tabindex="-1" class="sc-gsDLFA kueair">'            │ '[0]'      │
    │ 1       │ '[".lehWhk"]'                                              │ '<button aria-selected="true" aria-disabled="false" role="tab" tabindex="0" class="sc-gsDLFA lehWhk">'              │ '[0]'      │
    │ 2       │ '[".iXiMMQ"]'                                              │ '<button disabled="" aria-selected="false" aria-disabled="true" role="tab" tabindex="-1" class="sc-gsDLFA iXiMMQ">' │ '[0]'      │
    │ 3       │ '["div:nth-child(4) > .kueair.sc-gsDLFA[role=\\"tab\\"]"]' │ '<button aria-selected="false" aria-disabled="false" role="tab" tabindex="-1" class="sc-gsDLFA kueair">'            │ '[0]'      │
    │ 4       │ '["div:nth-child(5) > .kueair.sc-gsDLFA[role=\\"tab\\"]"]' │ '<button aria-selected="false" aria-disabled="false" role="tab" tabindex="-1" class="sc-gsDLFA kueair">'            │ '[0]'      │
    └─────────┴────────────────────────────────────────────────────────────┴─────────────────────────────────────────────────────────────────────────────────────────────────────────────────────┴────────────┘

      at DefaultTerminalReporter.<anonymous> (node_modules/axe-playwright/dist/reporter/defaultTerminalReporter.js:43:29)

  console.log
    ┌─────────┬────────────────────────┬────────────┬─────────────────────────────────────────────────────────────────────────────────────┬───────┐
    │ (index) │ id                     │ impact     │ description                                                                         │ nodes │
    ├─────────┼────────────────────────┼────────────┼─────────────────────────────────────────────────────────────────────────────────────┼───────┤
    │ 0       │ 'aria-required-parent' │ 'critical' │ 'Ensure elements with an ARIA role that require parent roles are contained by them' │ 4     │
    └─────────┴────────────────────────┴────────────┴─────────────────────────────────────────────────────────────────────────────────────┴───────┘

      at DefaultTerminalReporter.<anonymous> (node_modules/axe-playwright/dist/reporter/defaultTerminalReporter.js:31:25)

  console.log
    ┌─────────┬────────────────────────────────────────────────────────────┬─────────────────────────────────────────────────────────────────────────────────────────────────────────────────────────────────────────────────────────────────────────────────────────────────────────┬────────────┐
    │ (index) │ target                                                     │ html                                                                                                                                                                                                    │ violations │
    ├─────────┼────────────────────────────────────────────────────────────┼─────────────────────────────────────────────────────────────────────────────────────────────────────────────────────────────────────────────────────────────────────────────────────────────────────────┼────────────┤
    │ 0       │ '["div:nth-child(1) > .sc-gsDLFA.kueair[role=\\"tab\\"]"]' │ '<button aria-selected="false" aria-disabled="false" role="tab" tabindex="-1" class="sc-gsDLFA kueair">'                                                                                                │ '[0]'      │
    │ 1       │ '["div:nth-child(2) > .sc-gsDLFA.kueair[role=\\"tab\\"]"]' │ '<button aria-selected="false" aria-disabled="false" role="tab" tabindex="-1" class="sc-gsDLFA kueair">'                                                                                                │ '[0]'      │
    │ 2       │ '["div:nth-child(3) > .sc-gsDLFA.kueair[role=\\"tab\\"]"]' │ '<button aria-selected="false" aria-disabled="false" role="tab" tabindex="-1" class="sc-gsDLFA kueair">'                                                                                                │ '[0]'      │
    │ 3       │ '["div:nth-child(4) > .sc-gsDLFA.kueair[role=\\"tab\\"]"]' │ '<button aria-selected="false" aria-disabled="false" role="tab" tabindex="-1" class="sc-gsDLFA kueair"><span class="sc-dkPvMp eVqSPU"><span class="sc-bdvvNz hVYJcL">Label Only</span></span></button>' │ '[0]'      │
    └─────────┴────────────────────────────────────────────────────────────┴─────────────────────────────────────────────────────────────────────────────────────────────────────────────────────────────────────────────────────────────────────────────────────────────────────────┴────────────┘

      at DefaultTerminalReporter.<anonymous> (node_modules/axe-playwright/dist/reporter/defaultTerminalReporter.js:43:29)

  console.log
    No accessibility violations detected!

      at DefaultTerminalReporter.<anonymous> (node_modules/axe-playwright/dist/reporter/defaultTerminalReporter.js:47:41)

  console.log
    ✅ No accessibility violations in: Components/SegmentController

      at log (.storybook/test-runner.ts:38:15)

  console.log
    No accessibility violations detected!

      at DefaultTerminalReporter.<anonymous> (node_modules/axe-playwright/dist/reporter/defaultTerminalReporter.js:47:41)

  console.log
    ✅ No accessibility violations in: Components/SegmentController

      at log (.storybook/test-runner.ts:38:15)

  console.log
    No accessibility violations detected!

      at DefaultTerminalReporter.<anonymous> (node_modules/axe-playwright/dist/reporter/defaultTerminalReporter.js:47:41)

  console.log
    ✅ No accessibility violations in: Components/SegmentController

      at log (.storybook/test-runner.ts:38:15)

  console.log
    ┌─────────┬────────────────────────┬────────────┬─────────────────────────────────────────────────────────────────────────────────────┬───────┐
    │ (index) │ id                     │ impact     │ description                                                                         │ nodes │
    ├─────────┼────────────────────────┼────────────┼─────────────────────────────────────────────────────────────────────────────────────┼───────┤
    │ 0       │ 'aria-required-parent' │ 'critical' │ 'Ensure elements with an ARIA role that require parent roles are contained by them' │ 2     │
    └─────────┴────────────────────────┴────────────┴─────────────────────────────────────────────────────────────────────────────────────┴───────┘

      at DefaultTerminalReporter.<anonymous> (node_modules/axe-playwright/dist/reporter/defaultTerminalReporter.js:31:25)

  console.log
    ┌─────────┬────────────────────────────────────────────────────────────┬──────────────────────────────────────────────────────────────────────────────────────────────────────────────────────┬────────────┐
    │ (index) │ target                                                     │ html                                                                                                                 │ violations │
    ├─────────┼────────────────────────────────────────────────────────────┼──────────────────────────────────────────────────────────────────────────────────────────────────────────────────────┼────────────┤
    │ 0       │ '["a[href$=\\"#section1\\"]"]'                             │ '<a aria-selected="false" aria-disabled="false" role="tab" tabindex="-1" href="#section1" class="sc-gsDLFA kueair">' │ '[0]'      │
    │ 1       │ '["div:nth-child(2) > .sc-gsDLFA.kueair[role=\\"tab\\"]"]' │ '<div aria-selected="false" aria-disabled="false" role="tab" tabindex="-1" class="sc-gsDLFA kueair">'                │ '[0]'      │
    └─────────┴────────────────────────────────────────────────────────────┴──────────────────────────────────────────────────────────────────────────────────────────────────────────────────────┴────────────┘

      at DefaultTerminalReporter.<anonymous> (node_modules/axe-playwright/dist/reporter/defaultTerminalReporter.js:43:29)

  console.log
    ┌─────────┬────────────────────────┬────────────┬─────────────────────────────────────────────────────────────────────────────────────┬───────┐
    │ (index) │ id                     │ impact     │ description                                                                         │ nodes │
    ├─────────┼────────────────────────┼────────────┼─────────────────────────────────────────────────────────────────────────────────────┼───────┤
    │ 0       │ 'aria-required-parent' │ 'critical' │ 'Ensure elements with an ARIA role that require parent roles are contained by them' │ 1     │
    └─────────┴────────────────────────┴────────────┴─────────────────────────────────────────────────────────────────────────────────────┴───────┘

      at DefaultTerminalReporter.<anonymous> (node_modules/axe-playwright/dist/reporter/defaultTerminalReporter.js:31:25)

  console.log
    ┌─────────┬───────────────────────┬─────────────────────────────────────────────────────────────────────────────────────────────────────────────────────────────────────────────────────────────────────┬────────────┐
    │ (index) │ target                │ html                                                                                                                                                                │ violations │
    ├─────────┼───────────────────────┼─────────────────────────────────────────────────────────────────────────────────────────────────────────────────────────────────────────────────────────────────────┼────────────┤
    │ 0       │ '[".custom-segment"]' │ '<button class="sc-gsDLFA kueair custom-segment" aria-selected="false" aria-disabled="false" role="tab" tabindex="-1" style="border: 2px dashed rgb(80, 9, 181);">' │ '[0]'      │
    └─────────┴───────────────────────┴─────────────────────────────────────────────────────────────────────────────────────────────────────────────────────────────────────────────────────────────────────┴────────────┘

      at DefaultTerminalReporter.<anonymous> (node_modules/axe-playwright/dist/reporter/defaultTerminalReporter.js:43:29)

  console.log
    No accessibility violations detected!

      at DefaultTerminalReporter.<anonymous> (node_modules/axe-playwright/dist/reporter/defaultTerminalReporter.js:47:41)

  console.log
    ✅ No accessibility violations in: Components/SegmentController

      at log (.storybook/test-runner.ts:38:15)

  console.log
    No accessibility violations detected!

      at DefaultTerminalReporter.<anonymous> (node_modules/axe-playwright/dist/reporter/defaultTerminalReporter.js:47:41)

  console.log
    ✅ No accessibility violations in: Components/SegmentController

      at log (.storybook/test-runner.ts:38:15)

FAIL browser: chromium src/SegmentController/SegmentController.stories.tsx
  Components/SegmentController
    Default
      ✕ smoke-test (234 ms)
    AllSizes
      ✕ smoke-test (147 ms)
    AllStates
      ✕ smoke-test (93 ms)
    WithIcons
      ✕ smoke-test (81 ms)
    SegmentGroup
      ✓ smoke-test (135 ms)
    KeyboardNavigation
      ✓ smoke-test (110 ms)
    DisabledGroup
      ✓ smoke-test (100 ms)
    PolymorphicAs
      ✕ smoke-test (67 ms)
    CustomStyling
      ✕ smoke-test (73 ms)
    WidthControl
      ✓ smoke-test (148 ms)
    HorizontalScroll
      ✓ smoke-test (155 ms)

  ● Components/SegmentController › Default › smoke-test

    assert.strictEqual(received, expected)

    Expected value to strictly be equal to:
      0
    Received:
      1

    Message:
      1 accessibility violation was detected

    1 !== 0

      at testResultDependsOnViolations (node_modules/axe-playwright/dist/utils.js:16:26)
      at node_modules/axe-playwright/dist/index.js:143:51
      at fulfilled (node_modules/axe-playwright/dist/index.js:28:58)

  ● Components/SegmentController › AllSizes › smoke-test

    assert.strictEqual(received, expected)

    Expected value to strictly be equal to:
      0
    Received:
      1

    Message:
      1 accessibility violation was detected

    1 !== 0

      at testResultDependsOnViolations (node_modules/axe-playwright/dist/utils.js:16:26)
      at node_modules/axe-playwright/dist/index.js:143:51
      at fulfilled (node_modules/axe-playwright/dist/index.js:28:58)

  ● Components/SegmentController › AllStates › smoke-test

    assert.strictEqual(received, expected)

    Expected value to strictly be equal to:
      0
    Received:
      1

    Message:
      1 accessibility violation was detected

    1 !== 0

      at testResultDependsOnViolations (node_modules/axe-playwright/dist/utils.js:16:26)
      at node_modules/axe-playwright/dist/index.js:143:51
      at fulfilled (node_modules/axe-playwright/dist/index.js:28:58)

  ● Components/SegmentController › WithIcons › smoke-test

    assert.strictEqual(received, expected)

    Expected value to strictly be equal to:
      0
    Received:
      1

    Message:
      1 accessibility violation was detected

    1 !== 0

      at testResultDependsOnViolations (node_modules/axe-playwright/dist/utils.js:16:26)
      at node_modules/axe-playwright/dist/index.js:143:51
      at fulfilled (node_modules/axe-playwright/dist/index.js:28:58)

  ● Components/SegmentController › PolymorphicAs › smoke-test

    assert.strictEqual(received, expected)

    Expected value to strictly be equal to:
      0
    Received:
      1

    Message:
      1 accessibility violation was detected

    1 !== 0

      at testResultDependsOnViolations (node_modules/axe-playwright/dist/utils.js:16:26)
      at node_modules/axe-playwright/dist/index.js:143:51
      at fulfilled (node_modules/axe-playwright/dist/index.js:28:58)

  ● Components/SegmentController › CustomStyling › smoke-test

    assert.strictEqual(received, expected)

    Expected value to strictly be equal to:
      0
    Received:
      1

    Message:
      1 accessibility violation was detected

    1 !== 0

      at testResultDependsOnViolations (node_modules/axe-playwright/dist/utils.js:16:26)
      at node_modules/axe-playwright/dist/index.js:143:51
      at fulfilled (node_modules/axe-playwright/dist/index.js:28:58)

  console.log
    No accessibility violations detected!

      at DefaultTerminalReporter.<anonymous> (node_modules/axe-playwright/dist/reporter/defaultTerminalReporter.js:47:41)

  console.log
    No accessibility violations detected!

      at DefaultTerminalReporter.<anonymous> (node_modules/axe-playwright/dist/reporter/defaultTerminalReporter.js:47:41)

  console.log
    ✅ No accessibility violations in: Components/Textarea

      at log (.storybook/test-runner.ts:38:15)

  console.log
    No accessibility violations detected!

      at DefaultTerminalReporter.<anonymous> (node_modules/axe-playwright/dist/reporter/defaultTerminalReporter.js:47:41)

  console.log
    ✅ No accessibility violations in: Components/Textarea

      at log (.storybook/test-runner.ts:38:15)

  console.log
    No accessibility violations detected!

      at DefaultTerminalReporter.<anonymous> (node_modules/axe-playwright/dist/reporter/defaultTerminalReporter.js:47:41)

  console.log
    ✅ No accessibility violations in: Components/Textarea

      at log (.storybook/test-runner.ts:38:15)

  console.log
    No accessibility violations detected!

      at DefaultTerminalReporter.<anonymous> (node_modules/axe-playwright/dist/reporter/defaultTerminalReporter.js:47:41)

  console.log
    ✅ No accessibility violations in: Components/Textarea

      at log (.storybook/test-runner.ts:38:15)

  console.log
    No accessibility violations detected!

      at DefaultTerminalReporter.<anonymous> (node_modules/axe-playwright/dist/reporter/defaultTerminalReporter.js:47:41)

  console.log
    ✅ No accessibility violations in: Components/Textarea

      at log (.storybook/test-runner.ts:38:15)

  console.log
    No accessibility violations detected!

      at DefaultTerminalReporter.<anonymous> (node_modules/axe-playwright/dist/reporter/defaultTerminalReporter.js:47:41)

  console.log
    ✅ No accessibility violations in: Components/Textarea

      at log (.storybook/test-runner.ts:38:15)

  console.log
    No accessibility violations detected!

      at DefaultTerminalReporter.<anonymous> (node_modules/axe-playwright/dist/reporter/defaultTerminalReporter.js:47:41)

  console.log
    ✅ No accessibility violations in: Components/Textarea

      at log (.storybook/test-runner.ts:38:15)

  console.log
    No accessibility violations detected!

      at DefaultTerminalReporter.<anonymous> (node_modules/axe-playwright/dist/reporter/defaultTerminalReporter.js:47:41)

  console.log
    ✅ No accessibility violations in: Components/Textarea

      at log (.storybook/test-runner.ts:38:15)

  console.log
    No accessibility violations detected!

      at DefaultTerminalReporter.<anonymous> (node_modules/axe-playwright/dist/reporter/defaultTerminalReporter.js:47:41)

  console.log
    ✅ No accessibility violations in: Components/Textarea

      at log (.storybook/test-runner.ts:38:15)

  console.log
    No accessibility violations detected!

      at DefaultTerminalReporter.<anonymous> (node_modules/axe-playwright/dist/reporter/defaultTerminalReporter.js:47:41)

  console.log
    ✅ No accessibility violations in: Components/Textarea

      at log (.storybook/test-runner.ts:38:15)

  console.log
    No accessibility violations detected!

      at DefaultTerminalReporter.<anonymous> (node_modules/axe-playwright/dist/reporter/defaultTerminalReporter.js:47:41)

  console.log
    ✅ No accessibility violations in: Components/Textarea

      at log (.storybook/test-runner.ts:38:15)

  console.log
    No accessibility violations detected!

      at DefaultTerminalReporter.<anonymous> (node_modules/axe-playwright/dist/reporter/defaultTerminalReporter.js:47:41)

  console.log
    ✅ No accessibility violations in: Components/Textarea

      at log (.storybook/test-runner.ts:38:15)

  console.log
    No accessibility violations detected!

      at DefaultTerminalReporter.<anonymous> (node_modules/axe-playwright/dist/reporter/defaultTerminalReporter.js:47:41)

  console.log
    ✅ No accessibility violations in: Components/Textarea

      at log (.storybook/test-runner.ts:38:15)

  console.log
    ┌─────────┬─────────────────┬────────────┬────────────────────────────────────────────────────────┬───────┐
    │ (index) │ id              │ impact     │ description                                            │ nodes │
    ├─────────┼─────────────────┼────────────┼────────────────────────────────────────────────────────┼───────┤
    │ 0       │ 'heading-order' │ 'moderate' │ 'Ensure the order of headings is semantically correct' │ 1     │
    └─────────┴─────────────────┴────────────┴────────────────────────────────────────────────────────┴───────┘

      at DefaultTerminalReporter.<anonymous> (node_modules/axe-playwright/dist/reporter/defaultTerminalReporter.js:31:25)

  console.log
    ┌─────────┬─────────────────────────────┬───────────────────────────────────────────────────────────────────────────────────────────┬────────────┐
    │ (index) │ target                      │ html                                                                                      │ violations │
    ├─────────┼─────────────────────────────┼───────────────────────────────────────────────────────────────────────────────────────────┼────────────┤
    │ 0       │ '["div:nth-child(1) > h4"]' │ '<h4 class="sc-kDTkih dtVUen" style="margin-bottom: 12px;">✅ API &amp; Composition</h4>' │ '[0]'      │
    └─────────┴─────────────────────────────┴───────────────────────────────────────────────────────────────────────────────────────────┴────────────┘

      at DefaultTerminalReporter.<anonymous> (node_modules/axe-playwright/dist/reporter/defaultTerminalReporter.js:43:29)

FAIL browser: chromium src/Textarea/Textarea.stories.tsx
  Components/Textarea
    Default
      ✕ smoke-test (219 ms)
    Filled
      ✓ smoke-test (87 ms)
    FilledUneditable
      ✓ smoke-test (80 ms)
    WithError
      ✓ smoke-test (77 ms)
    WithLeadingIcon
      ✓ smoke-test (80 ms)
    Required
      ✓ smoke-test (77 ms)
    Disabled
      ✓ smoke-test (72 ms)
    FullWidth
      ✓ smoke-test (74 ms)
    NonResizable
      ✓ smoke-test (72 ms)
    LargeTextarea
      ✓ smoke-test (72 ms)
    LoadingState
      ✓ smoke-test (102 ms)
    EmptyState
      ✓ smoke-test (88 ms)
    EventCallbacks
      ✓ smoke-test (94 ms)
    ClassNameOverrides
      ✓ smoke-test (127 ms)
    ComponentMaturity
      ✕ smoke-test (97 ms)

  ● Components/Textarea › Default › smoke-test

    page.evaluate: Error: Axe is already running. Use `await axe.run()` to wait for the previous run to finish before starting a new run.

      at assert (packages/components/http:/localhost:6007/packages/components/node_modules/.cache/storybook/1c3385a5d25e538d10b518b310c74d3ca2690b6aaffeadccd74da79736171f86/sb-vite/deps/axe-core.js?v=b3da04b4:7427:19)
      at Object.run4 [as run] (packages/components/http:/localhost:6007/packages/components/node_modules/.cache/storybook/1c3385a5d25e538d10b518b310c74d3ca2690b6aaffeadccd74da79736171f86/sb-vite/deps/axe-core.js?v=b3da04b4:29739:13)
      at eval (eval at evaluate (:311:30)packages/components/, <anonymous>:2:27)
      at UtilityScript.evaluate (packages/components/<anonymous>:313:16)
      at UtilityScript.<anonymous> (packages/components/<anonymous>:1:44)
      at node_modules/axe-playwright/dist/index.js:74:31
      at node_modules/axe-playwright/dist/index.js:31:71
      at Object.<anonymous>.__awaiter (node_modules/axe-playwright/dist/index.js:27:12)
      at getAxeResults (node_modules/axe-playwright/dist/index.js:73:51)
      at node_modules/axe-playwright/dist/index.js:87:52
      at node_modules/axe-playwright/dist/index.js:31:71
      at Object.<anonymous>.__awaiter (node_modules/axe-playwright/dist/index.js:27:12)
      at getViolations (node_modules/axe-playwright/dist/index.js:86:51)
      at postVisit (.storybook/test-runner.ts:20:43)

  ● Components/Textarea › ComponentMaturity › smoke-test

    assert.strictEqual(received, expected)

    Expected value to strictly be equal to:
      0
    Received:
      1

    Message:
      1 accessibility violation was detected

    1 !== 0

      at testResultDependsOnViolations (node_modules/axe-playwright/dist/utils.js:16:26)
      at node_modules/axe-playwright/dist/index.js:143:51
      at fulfilled (node_modules/axe-playwright/dist/index.js:28:58)

  console.log
    No accessibility violations detected!

      at DefaultTerminalReporter.<anonymous> (node_modules/axe-playwright/dist/reporter/defaultTerminalReporter.js:47:41)

  console.log
    ┌─────────┬─────────────────────┬────────────┬─────────────────────────────────────────────────────────┬───────┐
    │ (index) │ id                  │ impact     │ description                                             │ nodes │
    ├─────────┼─────────────────────┼────────────┼─────────────────────────────────────────────────────────┼───────┤
    │ 0       │ 'aria-allowed-attr' │ 'critical' │ "Ensure an element's role supports its ARIA attributes" │ 3     │
    └─────────┴─────────────────────┴────────────┴─────────────────────────────────────────────────────────┴───────┘

      at DefaultTerminalReporter.<anonymous> (node_modules/axe-playwright/dist/reporter/defaultTerminalReporter.js:31:25)

  console.log
    ┌─────────┬───────────────┬──────────────────────────────────────────────────────────────────────────────────────────────────────────────────────────────────────────────────────────────────────┬────────────┐
    │ (index) │ target        │ html                                                                                                                                                                 │ violations │
    ├─────────┼───────────────┼──────────────────────────────────────────────────────────────────────────────────────────────────────────────────────────────────────────────────────────────────────┼────────────┤
    │ 0       │ '[".bdwDaY"]' │ '<div aria-disabled="false" aria-busy="false" aria-invalid="false" aria-pressed="false" class="sc-bdvvNz bdwDaY"><span class="sc-gsDLFA euVvCw">Small</span></div>'  │ '[0]'      │
    │ 1       │ '[".dByWan"]' │ '<div aria-disabled="false" aria-busy="false" aria-invalid="false" aria-pressed="false" class="sc-bdvvNz dByWan"><span class="sc-gsDLFA euVvCw">Medium</span></div>' │ '[0]'      │
    │ 2       │ '[".fQdXYu"]' │ '<div aria-disabled="false" aria-busy="false" aria-invalid="false" aria-pressed="false" class="sc-bdvvNz fQdXYu"><span class="sc-gsDLFA euVvCw">Large</span></div>'  │ '[0]'      │
    └─────────┴───────────────┴──────────────────────────────────────────────────────────────────────────────────────────────────────────────────────────────────────────────────────────────────────┴────────────┘

      at DefaultTerminalReporter.<anonymous> (node_modules/axe-playwright/dist/reporter/defaultTerminalReporter.js:43:29)

  console.log
    ┌─────────┬─────────────────────┬────────────┬─────────────────────────────────────────────────────────┬───────┐
    │ (index) │ id                  │ impact     │ description                                             │ nodes │
    ├─────────┼─────────────────────┼────────────┼─────────────────────────────────────────────────────────┼───────┤
    │ 0       │ 'aria-allowed-attr' │ 'critical' │ "Ensure an element's role supports its ARIA attributes" │ 5     │
    └─────────┴─────────────────────┴────────────┴─────────────────────────────────────────────────────────┴───────┘

      at DefaultTerminalReporter.<anonymous> (node_modules/axe-playwright/dist/reporter/defaultTerminalReporter.js:31:25)

  console.log
    ┌─────────┬───────────────┬───────────────────────────────────────────────────────────────────────────────────────────────────────────────────────────────────────────────────────────────────────┬────────────┐
    │ (index) │ target        │ html                                                                                                                                                                  │ violations │
    ├─────────┼───────────────┼───────────────────────────────────────────────────────────────────────────────────────────────────────────────────────────────────────────────────────────────────────┼────────────┤
    │ 0       │ '[".bdwDaY"]' │ '<div aria-disabled="false" aria-busy="false" aria-invalid="false" aria-pressed="false" class="sc-bdvvNz bdwDaY"><span class="sc-gsDLFA euVvCw">Default</span></div>' │ '[0]'      │
    │ 1       │ '[".kPGeUy"]' │ '<div aria-disabled="false" aria-busy="false" aria-invalid="false" aria-pressed="false" class="sc-bdvvNz kPGeUy"><span class="sc-gsDLFA euVvCw">Success</span></div>' │ '[0]'      │
    │ 2       │ '[".ettbsO"]' │ '<div aria-disabled="false" aria-busy="false" aria-invalid="false" aria-pressed="false" class="sc-bdvvNz ettbsO"><span class="sc-gsDLFA euVvCw">Warning</span></div>' │ '[0]'      │
    │ 3       │ '[".fTeKYo"]' │ '<div aria-disabled="false" aria-busy="false" aria-invalid="false" aria-pressed="false" class="sc-bdvvNz fTeKYo"><span class="sc-gsDLFA euVvCw">Error</span></div>'   │ '[0]'      │
    │ 4       │ '[".cSmuBW"]' │ '<div aria-disabled="false" aria-busy="false" aria-invalid="false" aria-pressed="false" class="sc-bdvvNz cSmuBW"><span class="sc-gsDLFA euVvCw">Neutral</span></div>' │ '[0]'      │
    └─────────┴───────────────┴───────────────────────────────────────────────────────────────────────────────────────────────────────────────────────────────────────────────────────────────────────┴────────────┘

      at DefaultTerminalReporter.<anonymous> (node_modules/axe-playwright/dist/reporter/defaultTerminalReporter.js:43:29)

  console.log
    ┌─────────┬─────────────────────┬────────────┬──────────────────────────────────────────────────────────────────────────────────────────────────────────────────┬───────┐
    │ (index) │ id                  │ impact     │ description                                                                                                      │ nodes │
    ├─────────┼─────────────────────┼────────────┼──────────────────────────────────────────────────────────────────────────────────────────────────────────────────┼───────┤
    │ 0       │ 'aria-allowed-attr' │ 'critical' │ "Ensure an element's role supports its ARIA attributes"                                                          │ 5     │
    │ 1       │ 'color-contrast'    │ 'serious'  │ 'Ensure the contrast between foreground and background colors meets WCAG 2 AA minimum contrast ratio thresholds' │ 2     │
    └─────────┴─────────────────────┴────────────┴──────────────────────────────────────────────────────────────────────────────────────────────────────────────────┴───────┘

      at DefaultTerminalReporter.<anonymous> (node_modules/axe-playwright/dist/reporter/defaultTerminalReporter.js:31:25)

  console.log
    ┌─────────┬───────────────────────────────────┬───────────────────────────────────────────────────────────────────────────────────────────────────────────────────────────────────────────────────────────────────────┬────────────┐
    │ (index) │ target                            │ html                                                                                                                                                                  │ violations │
    ├─────────┼───────────────────────────────────┼───────────────────────────────────────────────────────────────────────────────────────────────────────────────────────────────────────────────────────────────────────┼────────────┤
    │ 0       │ '[".kqVBJt"]'                     │ '<div aria-disabled="false" aria-busy="false" aria-invalid="false" aria-pressed="false" class="sc-bdvvNz kqVBJt"><span class="sc-gsDLFA euVvCw">Default</span></div>' │ '[0]'      │
    │ 1       │ '[".bZUlRR"]'                     │ '<div aria-disabled="false" aria-busy="false" aria-invalid="false" aria-pressed="false" class="sc-bdvvNz bZUlRR"><span class="sc-gsDLFA euVvCw">Success</span></div>' │ '[0]'      │
    │ 2       │ '[".comYQq"]'                     │ '<div aria-disabled="false" aria-busy="false" aria-invalid="false" aria-pressed="false" class="sc-bdvvNz comYQq"><span class="sc-gsDLFA euVvCw">Warning</span></div>' │ '[0]'      │
    │ 3       │ '[".kEKEbd"]'                     │ '<div aria-disabled="false" aria-busy="false" aria-invalid="false" aria-pressed="false" class="sc-bdvvNz kEKEbd"><span class="sc-gsDLFA euVvCw">Error</span></div>'   │ '[0]'      │
    │ 4       │ '[".eDtQfY"]'                     │ '<div aria-disabled="false" aria-busy="false" aria-invalid="false" aria-pressed="false" class="sc-bdvvNz eDtQfY"><span class="sc-gsDLFA euVvCw">Neutral</span></div>' │ '[0]'      │
    │ 5       │ '[".bZUlRR > .sc-gsDLFA.euVvCw"]' │ '<span class="sc-gsDLFA euVvCw">Success</span>'                                                                                                                       │ '[1]'      │
    │ 6       │ '[".comYQq > .sc-gsDLFA.euVvCw"]' │ '<span class="sc-gsDLFA euVvCw">Warning</span>'                                                                                                                       │ '[1]'      │
    └─────────┴───────────────────────────────────┴───────────────────────────────────────────────────────────────────────────────────────────────────────────────────────────────────────────────────────────────────────┴────────────┘

      at DefaultTerminalReporter.<anonymous> (node_modules/axe-playwright/dist/reporter/defaultTerminalReporter.js:43:29)

  console.log
    ┌─────────┬─────────────────────┬────────────┬─────────────────────────────────────────────────────────┬───────┐
    │ (index) │ id                  │ impact     │ description                                             │ nodes │
    ├─────────┼─────────────────────┼────────────┼─────────────────────────────────────────────────────────┼───────┤
    │ 0       │ 'aria-allowed-attr' │ 'critical' │ "Ensure an element's role supports its ARIA attributes" │ 3     │
    └─────────┴─────────────────────┴────────────┴─────────────────────────────────────────────────────────┴───────┘

      at DefaultTerminalReporter.<anonymous> (node_modules/axe-playwright/dist/reporter/defaultTerminalReporter.js:31:25)

  console.log
    ┌─────────┬──────────────────────────────────────┬────────────────────────────────────────────────────────────────────────────────────────────────────────────────────┬────────────┐
    │ (index) │ target                               │ html                                                                                                               │ violations │
    ├─────────┼──────────────────────────────────────┼────────────────────────────────────────────────────────────────────────────────────────────────────────────────────┼────────────┤
    │ 0       │ '[".sc-bdvvNz.bdwDaY:nth-child(1)"]' │ '<div aria-disabled="false" aria-busy="false" aria-invalid="false" aria-pressed="false" class="sc-bdvvNz bdwDaY">' │ '[0]'      │
    │ 1       │ '[".sc-bdvvNz.bdwDaY:nth-child(2)"]' │ '<div aria-disabled="false" aria-busy="false" aria-invalid="false" aria-pressed="false" class="sc-bdvvNz bdwDaY">' │ '[0]'      │
    │ 2       │ '[".sc-bdvvNz.bdwDaY:nth-child(3)"]' │ '<div aria-disabled="false" aria-busy="false" aria-invalid="false" aria-pressed="false" class="sc-bdvvNz bdwDaY">' │ '[0]'      │
    └─────────┴──────────────────────────────────────┴────────────────────────────────────────────────────────────────────────────────────────────────────────────────────┴────────────┘

      at DefaultTerminalReporter.<anonymous> (node_modules/axe-playwright/dist/reporter/defaultTerminalReporter.js:43:29)

  console.log
    ┌─────────┬─────────────────────┬────────────┬─────────────────────────────────────────────────────────┬───────┐
    │ (index) │ id                  │ impact     │ description                                             │ nodes │
    ├─────────┼─────────────────────┼────────────┼─────────────────────────────────────────────────────────┼───────┤
    │ 0       │ 'aria-allowed-attr' │ 'critical' │ "Ensure an element's role supports its ARIA attributes" │ 4     │
    └─────────┴─────────────────────┴────────────┴─────────────────────────────────────────────────────────┴───────┘

      at DefaultTerminalReporter.<anonymous> (node_modules/axe-playwright/dist/reporter/defaultTerminalReporter.js:31:25)

  console.log
    ┌─────────┬──────────────────────────────────────┬────────────────────────────────────────────────────────────────────────────────────────────────────────────────────┬────────────┐
    │ (index) │ target                               │ html                                                                                                               │ violations │
    ├─────────┼──────────────────────────────────────┼────────────────────────────────────────────────────────────────────────────────────────────────────────────────────┼────────────┤
    │ 0       │ '[".sc-bdvvNz.bdwDaY:nth-child(1)"]' │ '<div aria-disabled="false" aria-busy="false" aria-invalid="false" aria-pressed="false" class="sc-bdvvNz bdwDaY">' │ '[0]'      │
    │ 1       │ '[".sc-bdvvNz.bdwDaY:nth-child(2)"]' │ '<div aria-disabled="false" aria-busy="false" aria-invalid="false" aria-pressed="false" class="sc-bdvvNz bdwDaY">' │ '[0]'      │
    │ 2       │ '[".sc-bdvvNz.bdwDaY:nth-child(3)"]' │ '<div aria-disabled="false" aria-busy="false" aria-invalid="false" aria-pressed="false" class="sc-bdvvNz bdwDaY">' │ '[0]'      │
    │ 3       │ '[".sc-bdvvNz.bdwDaY:nth-child(4)"]' │ '<div aria-disabled="false" aria-busy="false" aria-invalid="false" aria-pressed="false" class="sc-bdvvNz bdwDaY">' │ '[0]'      │
    └─────────┴──────────────────────────────────────┴────────────────────────────────────────────────────────────────────────────────────────────────────────────────────┴────────────┘

      at DefaultTerminalReporter.<anonymous> (node_modules/axe-playwright/dist/reporter/defaultTerminalReporter.js:43:29)

  console.log
    No accessibility violations detected!

      at DefaultTerminalReporter.<anonymous> (node_modules/axe-playwright/dist/reporter/defaultTerminalReporter.js:47:41)

  console.log
    ✅ No accessibility violations in: Components/Chip

      at log (.storybook/test-runner.ts:38:15)

  console.log
    ┌─────────┬────────────────────────┬────────────┬───────────────────────────────────────────────────────────────────┬───────┐
    │ (index) │ id                     │ impact     │ description                                                       │ nodes │
    ├─────────┼────────────────────────┼────────────┼───────────────────────────────────────────────────────────────────┼───────┤
    │ 0       │ 'aria-allowed-attr'    │ 'critical' │ "Ensure an element's role supports its ARIA attributes"           │ 4     │
    │ 1       │ 'aria-prohibited-attr' │ 'serious'  │ "Ensure ARIA attributes are not prohibited for an element's role" │ 4     │
    └─────────┴────────────────────────┴────────────┴───────────────────────────────────────────────────────────────────┴───────┘

      at DefaultTerminalReporter.<anonymous> (node_modules/axe-playwright/dist/reporter/defaultTerminalReporter.js:31:25)

  console.log
    ┌─────────┬─────────────────────────────────────────────────────────────┬────────────────────────────────────────────────────────────────────────────────────────────────────────────────────────────────────────────────────────────────────────────────────────────────────────────────────────────────────────────────────────────────────────────────┬────────────┐
    │ (index) │ target                                                      │ html                                                                                                                                                                                                                                                                           │ violations │
    ├─────────┼─────────────────────────────────────────────────────────────┼────────────────────────────────────────────────────────────────────────────────────────────────────────────────────────────────────────────────────────────────────────────────────────────────────────────────────────────────────────────────────────────────────────────────┼────────────┤
    │ 0       │ '[".bdwDaY"]'                                               │ '<div aria-disabled="true" aria-busy="true" aria-invalid="false" aria-pressed="false" class="sc-bdvvNz bdwDaY">'                                                                                                                                                               │ '[0]'      │
    │ 1       │ '[".kqVBJt"]'                                               │ '<div aria-disabled="true" aria-busy="true" aria-invalid="false" aria-pressed="false" class="sc-bdvvNz kqVBJt">'                                                                                                                                                               │ '[0]'      │
    │ 2       │ '[".jdTVIN"]'                                               │ '<div aria-disabled="true" aria-busy="true" aria-invalid="false" aria-pressed="false" class="sc-bdvvNz jdTVIN">'                                                                                                                                                               │ '[0]'      │
    │ 3       │ '[".iCRdDo"]'                                               │ '<div aria-disabled="true" aria-busy="true" aria-invalid="false" aria-pressed="false" class="sc-bdvvNz iCRdDo">'                                                                                                                                                               │ '[0]'      │
    │ 4       │ '[".bdwDaY > .sc-eCIkhf.klAqKb[aria-label=\\"Loading\\"]"]' │ '<span aria-label="Loading" class="sc-eCIkhf klAqKb"><svg viewBox="0 0 16 16" fill="none" xmlns="http://www.w3.org/2000/svg"><circle cx="8" cy="8" r="6" stroke="currentColor" stroke-width="2" stroke-linecap="round" stroke-dasharray="10 20"></circle></svg></span>'        │ '[1]'      │
    │ 5       │ '["span[aria-label=\\"Uploading file\\"]"]'                 │ '<span aria-label="Uploading file" class="sc-eCIkhf klAqKb"><svg viewBox="0 0 16 16" fill="none" xmlns="http://www.w3.org/2000/svg"><circle cx="8" cy="8" r="6" stroke="currentColor" stroke-width="2" stroke-linecap="round" stroke-dasharray="10 20"></circle></svg></span>' │ '[1]'      │
    │ 6       │ '[".jdTVIN > .sc-eCIkhf.klAqKb[aria-label=\\"Loading\\"]"]' │ '<span aria-label="Loading" class="sc-eCIkhf klAqKb"><svg viewBox="0 0 16 16" fill="none" xmlns="http://www.w3.org/2000/svg"><circle cx="8" cy="8" r="6" stroke="currentColor" stroke-width="2" stroke-linecap="round" stroke-dasharray="10 20"></circle></svg></span>'        │ '[1]'      │
    │ 7       │ '[".iCRdDo > .sc-eCIkhf.klAqKb[aria-label=\\"Loading\\"]"]' │ '<span aria-label="Loading" class="sc-eCIkhf klAqKb"><svg viewBox="0 0 16 16" fill="none" xmlns="http://www.w3.org/2000/svg"><circle cx="8" cy="8" r="6" stroke="currentColor" stroke-width="2" stroke-linecap="round" stroke-dasharray="10 20"></circle></svg></span>'        │ '[1]'      │
    └─────────┴─────────────────────────────────────────────────────────────┴────────────────────────────────────────────────────────────────────────────────────────────────────────────────────────────────────────────────────────────────────────────────────────────────────────────────────────────────────────────────────────────────────────────────┴────────────┘

      at DefaultTerminalReporter.<anonymous> (node_modules/axe-playwright/dist/reporter/defaultTerminalReporter.js:43:29)

  console.log
    ┌─────────┬────────────────────────┬────────────┬───────────────────────────────────────────────────────────────────┬───────┐
    │ (index) │ id                     │ impact     │ description                                                       │ nodes │
    ├─────────┼────────────────────────┼────────────┼───────────────────────────────────────────────────────────────────┼───────┤
    │ 0       │ 'aria-allowed-attr'    │ 'critical' │ "Ensure an element's role supports its ARIA attributes"           │ 4     │
    │ 1       │ 'aria-prohibited-attr' │ 'serious'  │ "Ensure ARIA attributes are not prohibited for an element's role" │ 4     │
    └─────────┴────────────────────────┴────────────┴───────────────────────────────────────────────────────────────────┴───────┘

      at DefaultTerminalReporter.<anonymous> (node_modules/axe-playwright/dist/reporter/defaultTerminalReporter.js:31:25)

  console.log
    ┌─────────┬─────────────────────────────────────────────────────────────────────────────────────────────────────────────────────┬────────────────────────────────────────────────────────────────────────────────────────────────────────────────────────────────────────────────────────────────────────────────────────────────────────────────────────────────────────────────────────┬────────────┐
    │ (index) │ target                                                                                                              │ html                                                                                                                                                                                                                                                   │ violations │
    ├─────────┼─────────────────────────────────────────────────────────────────────────────────────────────────────────────────────┼────────────────────────────────────────────────────────────────────────────────────────────────────────────────────────────────────────────────────────────────────────────────────────────────────────────────────────────────────────────────────────┼────────────┤
    │ 0       │ '[".fbDikH.sc-bdvvNz[aria-describedby=\\"chip-error\\"]:nth-child(1)"]'                                             │ '<div aria-disabled="false" aria-busy="false" aria-invalid="true" aria-pressed="false" aria-describedby="chip-error" class="sc-bdvvNz fbDikH">'                                                                                                        │ '[0]'      │
    │ 1       │ '[".fbDikH.sc-bdvvNz[aria-describedby=\\"chip-error\\"]:nth-child(2)"]'                                             │ '<div aria-disabled="false" aria-busy="false" aria-invalid="true" aria-pressed="false" aria-describedby="chip-error" class="sc-bdvvNz fbDikH">'                                                                                                        │ '[0]'      │
    │ 2       │ '[".eFdaLI"]'                                                                                                       │ '<div aria-disabled="false" aria-busy="false" aria-invalid="true" aria-pressed="false" aria-describedby="chip-error" class="sc-bdvvNz eFdaLI">'                                                                                                        │ '[0]'      │
    │ 3       │ '[".euOKXZ"]'                                                                                                       │ '<div aria-disabled="false" aria-busy="false" aria-invalid="true" aria-pressed="false" aria-describedby="chip-error" class="sc-bdvvNz euOKXZ">'                                                                                                        │ '[0]'      │
    │ 4       │ '[".fbDikH.sc-bdvvNz[aria-describedby=\\"chip-error\\"]:nth-child(1) > .sc-jRQzZg.ciyBkF[aria-label=\\"Error\\"]"]' │ '<span aria-label="Error" class="sc-jRQzZg ciyBkF"><svg viewBox="0 0 16 16" fill="currentColor" xmlns="http://www.w3.org/2000/svg"><path d="M8 1C4.13 1 1 4.13 1 8s3.13 7 7 7 7-3.13 7-7-3.13-7-7-7zm1 10H7V9h2v2zm0-3H7V5h2v3z"></path></svg></span>' │ '[1]'      │
    │ 5       │ '[".fbDikH.sc-bdvvNz[aria-describedby=\\"chip-error\\"]:nth-child(2) > .sc-jRQzZg.ciyBkF[aria-label=\\"Error\\"]"]' │ '<span aria-label="Error" class="sc-jRQzZg ciyBkF"><svg viewBox="0 0 16 16" fill="currentColor" xmlns="http://www.w3.org/2000/svg"><path d="M8 1C4.13 1 1 4.13 1 8s3.13 7 7 7 7-3.13 7-7-3.13-7-7-7zm1 10H7V9h2v2zm0-3H7V5h2v3z"></path></svg></span>' │ '[1]'      │
    │ 6       │ '[".eFdaLI > .sc-jRQzZg.ciyBkF[aria-label=\\"Error\\"]"]'                                                           │ '<span aria-label="Error" class="sc-jRQzZg ciyBkF"><svg viewBox="0 0 16 16" fill="currentColor" xmlns="http://www.w3.org/2000/svg"><path d="M8 1C4.13 1 1 4.13 1 8s3.13 7 7 7 7-3.13 7-7-3.13-7-7-7zm1 10H7V9h2v2zm0-3H7V5h2v3z"></path></svg></span>' │ '[1]'      │
    │ 7       │ '[".euOKXZ > .sc-jRQzZg.ciyBkF[aria-label=\\"Error\\"]"]'                                                           │ '<span aria-label="Error" class="sc-jRQzZg ciyBkF"><svg viewBox="0 0 16 16" fill="currentColor" xmlns="http://www.w3.org/2000/svg"><path d="M8 1C4.13 1 1 4.13 1 8s3.13 7 7 7 7-3.13 7-7-3.13-7-7-7zm1 10H7V9h2v2zm0-3H7V5h2v3z"></path></svg></span>' │ '[1]'      │
    └─────────┴─────────────────────────────────────────────────────────────────────────────────────────────────────────────────────┴────────────────────────────────────────────────────────────────────────────────────────────────────────────────────────────────────────────────────────────────────────────────────────────────────────────────────────────────────────────────────────┴────────────┘

      at DefaultTerminalReporter.<anonymous> (node_modules/axe-playwright/dist/reporter/defaultTerminalReporter.js:43:29)

  console.log
    ┌─────────┬─────────────────────┬────────────┬─────────────────────────────────────────────────────────┬───────┐
    │ (index) │ id                  │ impact     │ description                                             │ nodes │
    ├─────────┼─────────────────────┼────────────┼─────────────────────────────────────────────────────────┼───────┤
    │ 0       │ 'aria-allowed-attr' │ 'critical' │ "Ensure an element's role supports its ARIA attributes" │ 4     │
    └─────────┴─────────────────────┴────────────┴─────────────────────────────────────────────────────────┴───────┘

      at DefaultTerminalReporter.<anonymous> (node_modules/axe-playwright/dist/reporter/defaultTerminalReporter.js:31:25)

  console.log
    ┌─────────┬──────────────────────────────────────┬───────────────────────────────────────────────────────────────────────────────────────────────────────────────────────────────────────────────────────────────────────┬────────────┐
    │ (index) │ target                               │ html                                                                                                                                                                  │ violations │
    ├─────────┼──────────────────────────────────────┼───────────────────────────────────────────────────────────────────────────────────────────────────────────────────────────────────────────────────────────────────────┼────────────┤
    │ 0       │ '[".cgzLBN.sc-bdvvNz:nth-child(1)"]' │ '<div aria-disabled="true" aria-busy="false" aria-invalid="false" aria-pressed="false" class="sc-bdvvNz cgzLBN"><span class="sc-gsDLFA euVvCw">Disabled</span></div>' │ '[0]'      │
    │ 1       │ '[".iryGyo"]'                        │ '<div aria-disabled="true" aria-busy="false" aria-invalid="false" aria-pressed="false" class="sc-bdvvNz iryGyo"><span class="sc-gsDLFA euVvCw">Disabled</span></div>' │ '[0]'      │
    │ 2       │ '[".cgzLBN.sc-bdvvNz:nth-child(3)"]' │ '<div aria-disabled="true" aria-busy="false" aria-invalid="false" aria-pressed="false" class="sc-bdvvNz cgzLBN">'                                                     │ '[0]'      │
    │ 3       │ '[".cgzLBN.sc-bdvvNz:nth-child(4)"]' │ '<div aria-disabled="true" aria-busy="false" aria-invalid="false" aria-pressed="false" class="sc-bdvvNz cgzLBN">'                                                     │ '[0]'      │
    └─────────┴──────────────────────────────────────┴───────────────────────────────────────────────────────────────────────────────────────────────────────────────────────────────────────────────────────────────────────┴────────────┘

      at DefaultTerminalReporter.<anonymous> (node_modules/axe-playwright/dist/reporter/defaultTerminalReporter.js:43:29)

  console.log
    ┌─────────┬─────────────────────┬────────────┬──────────────────────────────────────────────────────────────────────────────────────────────────────────────────┬───────┐
    │ (index) │ id                  │ impact     │ description                                                                                                      │ nodes │
    ├─────────┼─────────────────────┼────────────┼──────────────────────────────────────────────────────────────────────────────────────────────────────────────────┼───────┤
    │ 0       │ 'aria-allowed-attr' │ 'critical' │ "Ensure an element's role supports its ARIA attributes"                                                          │ 4     │
    │ 1       │ 'color-contrast'    │ 'serious'  │ 'Ensure the contrast between foreground and background colors meets WCAG 2 AA minimum contrast ratio thresholds' │ 1     │
    └─────────┴─────────────────────┴────────────┴──────────────────────────────────────────────────────────────────────────────────────────────────────────────────┴───────┘

      at DefaultTerminalReporter.<anonymous> (node_modules/axe-playwright/dist/reporter/defaultTerminalReporter.js:31:25)

  console.log
    ┌─────────┬───────────────────────────────────┬─────────────────────────────────────────────────────────────────────────────────────────────────────────────────────────────────────────────────────────────────────┬────────────┐
    │ (index) │ target                            │ html                                                                                                                                                                │ violations │
    ├─────────┼───────────────────────────────────┼─────────────────────────────────────────────────────────────────────────────────────────────────────────────────────────────────────────────────────────────────────┼────────────┤
    │ 0       │ '[".dyCOPE"]'                     │ '<div aria-disabled="false" aria-busy="false" aria-invalid="false" aria-pressed="true" class="sc-bdvvNz dyCOPE"><span class="sc-gsDLFA euVvCw">Active</span></div>' │ '[0]'      │
    │ 1       │ '[".keaRsc"]'                     │ '<div aria-disabled="false" aria-busy="false" aria-invalid="false" aria-pressed="true" class="sc-bdvvNz keaRsc"><span class="sc-gsDLFA euVvCw">Active</span></div>' │ '[0]'      │
    │ 2       │ '[".cBawcr"]'                     │ '<div aria-disabled="false" aria-busy="false" aria-invalid="false" aria-pressed="true" class="sc-bdvvNz cBawcr"><span class="sc-gsDLFA euVvCw">Active</span></div>' │ '[0]'      │
    │ 3       │ '[".hwjWtT"]'                     │ '<div aria-disabled="false" aria-busy="false" aria-invalid="false" aria-pressed="true" class="sc-bdvvNz hwjWtT"><span class="sc-gsDLFA euVvCw">Active</span></div>' │ '[0]'      │
    │ 4       │ '[".hwjWtT > .sc-gsDLFA.euVvCw"]' │ '<span class="sc-gsDLFA euVvCw">Active</span>'                                                                                                                      │ '[1]'      │
    └─────────┴───────────────────────────────────┴─────────────────────────────────────────────────────────────────────────────────────────────────────────────────────────────────────────────────────────────────────┴────────────┘

      at DefaultTerminalReporter.<anonymous> (node_modules/axe-playwright/dist/reporter/defaultTerminalReporter.js:43:29)

  console.log
    ┌─────────┬─────────────────────┬────────────┬─────────────────────────────────────────────────────────┬───────┐
    │ (index) │ id                  │ impact     │ description                                             │ nodes │
    ├─────────┼─────────────────────┼────────────┼─────────────────────────────────────────────────────────┼───────┤
    │ 0       │ 'aria-allowed-attr' │ 'critical' │ "Ensure an element's role supports its ARIA attributes" │ 3     │
    └─────────┴─────────────────────┴────────────┴─────────────────────────────────────────────────────────┴───────┘

      at DefaultTerminalReporter.<anonymous> (node_modules/axe-playwright/dist/reporter/defaultTerminalReporter.js:31:25)

  console.log
    ┌─────────┬──────────────────────────────────────┬─────────────────────────────────────────────────────────────────────────────────────────────────────────────────────────────────────────────────────────────────────────────────────────────────────────────────────────────────────────┬────────────┐
    │ (index) │ target                               │ html                                                                                                                                                                                                                                    │ violations │
    ├─────────┼──────────────────────────────────────┼─────────────────────────────────────────────────────────────────────────────────────────────────────────────────────────────────────────────────────────────────────────────────────────────────────────────────────────────────────────┼────────────┤
    │ 0       │ '[".sc-bdvvNz.bdwDaY:nth-child(1)"]' │ '<div aria-disabled="false" aria-busy="false" aria-invalid="false" aria-pressed="false" class="sc-bdvvNz bdwDaY"><span class="sc-gsDLFA euVvCw"><strong style="text-transform: uppercase;">Custom Label</strong></span></div>'          │ '[0]'      │
    │ 1       │ '[".sc-bdvvNz.bdwDaY:nth-child(2)"]' │ '<div aria-disabled="false" aria-busy="false" aria-invalid="false" aria-pressed="false" class="sc-bdvvNz bdwDaY">'                                                                                                                      │ '[0]'      │
    │ 2       │ '[".sc-bdvvNz.bdwDaY:nth-child(3)"]' │ '<div aria-disabled="false" aria-busy="false" aria-invalid="false" aria-pressed="false" class="sc-bdvvNz bdwDaY"><span class="sc-dkPvMp iuPsuh"><span>⭐</span></span><span class="sc-gsDLFA euVvCw"><em>Both Custom</em></span></div>' │ '[0]'      │
    └─────────┴──────────────────────────────────────┴─────────────────────────────────────────────────────────────────────────────────────────────────────────────────────────────────────────────────────────────────────────────────────────────────────────────────────────────────────────┴────────────┘

      at DefaultTerminalReporter.<anonymous> (node_modules/axe-playwright/dist/reporter/defaultTerminalReporter.js:43:29)

  console.log
    ┌─────────┬─────────────────────┬────────────┬─────────────────────────────────────────────────────────┬───────┐
    │ (index) │ id                  │ impact     │ description                                             │ nodes │
    ├─────────┼─────────────────────┼────────────┼─────────────────────────────────────────────────────────┼───────┤
    │ 0       │ 'aria-allowed-attr' │ 'critical' │ "Ensure an element's role supports its ARIA attributes" │ 1     │
    └─────────┴─────────────────────┴────────────┴─────────────────────────────────────────────────────────┴───────┘

      at DefaultTerminalReporter.<anonymous> (node_modules/axe-playwright/dist/reporter/defaultTerminalReporter.js:31:25)

  console.log
    ┌─────────┬───────────────┬──────────────────────────────────────────────────────────────────────────────────────────────────────────────────────────────────────────────────────────────────────┬────────────┐
    │ (index) │ target        │ html                                                                                                                                                                 │ violations │
    ├─────────┼───────────────┼──────────────────────────────────────────────────────────────────────────────────────────────────────────────────────────────────────────────────────────────────────┼────────────┤
    │ 0       │ '[".bdwDaY"]' │ '<span aria-disabled="false" aria-busy="false" aria-invalid="false" aria-pressed="false" class="sc-bdvvNz bdwDaY"><span class="sc-gsDLFA euVvCw">Span</span></span>' │ '[0]'      │
    └─────────┴───────────────┴──────────────────────────────────────────────────────────────────────────────────────────────────────────────────────────────────────────────────────────────────────┴────────────┘

      at DefaultTerminalReporter.<anonymous> (node_modules/axe-playwright/dist/reporter/defaultTerminalReporter.js:43:29)

  console.log
    No accessibility violations detected!

      at DefaultTerminalReporter.<anonymous> (node_modules/axe-playwright/dist/reporter/defaultTerminalReporter.js:47:41)

  console.log
    ✅ No accessibility violations in: Components/Chip

      at log (.storybook/test-runner.ts:38:15)

  console.log
    ┌─────────┬────────────────────────┬────────────┬───────────────────────────────────────────────────────────────────┬───────┐
    │ (index) │ id                     │ impact     │ description                                                       │ nodes │
    ├─────────┼────────────────────────┼────────────┼───────────────────────────────────────────────────────────────────┼───────┤
    │ 0       │ 'aria-allowed-attr'    │ 'critical' │ "Ensure an element's role supports its ARIA attributes"           │ 3     │
    │ 1       │ 'aria-prohibited-attr' │ 'serious'  │ "Ensure ARIA attributes are not prohibited for an element's role" │ 2     │
    └─────────┴────────────────────────┴────────────┴───────────────────────────────────────────────────────────────────┴───────┘

      at DefaultTerminalReporter.<anonymous> (node_modules/axe-playwright/dist/reporter/defaultTerminalReporter.js:31:25)

  console.log
    ┌─────────┬───────────────────────────────────────────────────┬─────────────────────────────────────────────────────────────────────────────────────────────────────────────────────────────────────────────────────────────────────────────────────────────────────────────────────────────────────────────────────────────────────────────────────────┬────────────┐
    │ (index) │ target                                            │ html                                                                                                                                                                                                                                                                                    │ violations │
    ├─────────┼───────────────────────────────────────────────────┼─────────────────────────────────────────────────────────────────────────────────────────────────────────────────────────────────────────────────────────────────────────────────────────────────────────────────────────────────────────────────────────────────────────────────────────┼────────────┤
    │ 0       │ '["div[aria-label=\\"Delete item from list\\"]"]' │ '<div aria-label="Delete item from list" aria-disabled="false" aria-busy="false" aria-invalid="false" aria-pressed="false" class="sc-bdvvNz bdwDaY">'                                                                                                                                   │ '[0]'      │
    │ 1       │ '["div:nth-child(3) > div > .bdwDaY.sc-bdvvNz"]'  │ '<div aria-disabled="true" aria-busy="true" aria-invalid="false" aria-pressed="false" class="sc-bdvvNz bdwDaY">'                                                                                                                                                                        │ '[0]'      │
    │ 2       │ '[".fbDikH"]'                                     │ '<div aria-disabled="false" aria-busy="false" aria-invalid="true" aria-pressed="false" aria-describedby="chip-error" class="sc-bdvvNz fbDikH">'                                                                                                                                         │ '[0]'      │
    │ 3       │ '[".sc-eCIkhf"]'                                  │ '<span aria-label="Processing your request" class="sc-eCIkhf klAqKb"><svg viewBox="0 0 16 16" fill="none" xmlns="http://www.w3.org/2000/svg"><circle cx="8" cy="8" r="6" stroke="currentColor" stroke-width="2" stroke-linecap="round" stroke-dasharray="10 20"></circle></svg></span>' │ '[1]'      │
    │ 4       │ '[".sc-jRQzZg"]'                                  │ '<span aria-label="Error" class="sc-jRQzZg ciyBkF"><svg viewBox="0 0 16 16" fill="currentColor" xmlns="http://www.w3.org/2000/svg"><path d="M8 1C4.13 1 1 4.13 1 8s3.13 7 7 7 7-3.13 7-7-3.13-7-7-7zm1 10H7V9h2v2zm0-3H7V5h2v3z"></path></svg></span>'                                  │ '[1]'      │
    └─────────┴───────────────────────────────────────────────────┴─────────────────────────────────────────────────────────────────────────────────────────────────────────────────────────────────────────────────────────────────────────────────────────────────────────────────────────────────────────────────────────────────────────────────────────┴────────────┘

      at DefaultTerminalReporter.<anonymous> (node_modules/axe-playwright/dist/reporter/defaultTerminalReporter.js:43:29)

  console.log
    ┌─────────┬─────────────────────┬────────────┬─────────────────────────────────────────────────────────┬───────┐
    │ (index) │ id                  │ impact     │ description                                             │ nodes │
    ├─────────┼─────────────────────┼────────────┼─────────────────────────────────────────────────────────┼───────┤
    │ 0       │ 'aria-allowed-attr' │ 'critical' │ "Ensure an element's role supports its ARIA attributes" │ 8     │
    └─────────┴─────────────────────┴────────────┴─────────────────────────────────────────────────────────┴───────┘

      at DefaultTerminalReporter.<anonymous> (node_modules/axe-playwright/dist/reporter/defaultTerminalReporter.js:31:25)

  console.log
    ┌─────────┬───────────────┬────────────────────────────────────────────────────────────────────────────────────────────────────────────────────────────────────────────────────────────────────────────────────┬────────────┐
    │ (index) │ target        │ html                                                                                                                                                                               │ violations │
    ├─────────┼───────────────┼────────────────────────────────────────────────────────────────────────────────────────────────────────────────────────────────────────────────────────────────────────────────────┼────────────┤
    │ 0       │ '[".gsZHRO"]' │ '<div aria-disabled="false" aria-busy="false" aria-invalid="false" aria-pressed="false" class="sc-bdvvNz gsZHRO"><span class="sc-gsDLFA euVvCw">100px</span></div>'                │ '[0]'      │
    │ 1       │ '[".ghBpuX"]' │ '<div aria-disabled="false" aria-busy="false" aria-invalid="false" aria-pressed="false" class="sc-bdvvNz ghBpuX"><span class="sc-gsDLFA euVvCw">150px</span></div>'                │ '[0]'      │
    │ 2       │ '[".gcTweN"]' │ '<div aria-disabled="false" aria-busy="false" aria-invalid="false" aria-pressed="false" class="sc-bdvvNz gcTweN"><span class="sc-gsDLFA euVvCw">200px</span></div>'                │ '[0]'      │
    │ 3       │ '[".cBmolX"]' │ '<div aria-disabled="false" aria-busy="false" aria-invalid="false" aria-pressed="false" class="sc-bdvvNz cBmolX"><span class="sc-gsDLFA euVvCw">50% width</span></div>'            │ '[0]'      │
    │ 4       │ '[".cofii"]'  │ '<div aria-disabled="false" aria-busy="false" aria-invalid="false" aria-pressed="false" class="sc-bdvvNz cofii"><span class="sc-gsDLFA euVvCw">min(90vw, 200px)</span></div>'      │ '[0]'      │
    │ 5       │ '[".gwGztY"]' │ '<div aria-disabled="false" aria-busy="false" aria-invalid="false" aria-pressed="false" class="sc-bdvvNz gwGztY"><span class="sc-gsDLFA euVvCw">Max 150px</span></div>'            │ '[0]'      │
    │ 6       │ '[".ihirwW"]' │ '<div aria-disabled="false" aria-busy="false" aria-invalid="false" aria-pressed="false" class="sc-bdvvNz ihirwW"><span class="sc-gsDLFA euVvCw">Min 200px</span></div>'            │ '[0]'      │
    │ 7       │ '[".gGxrjC"]' │ '<div aria-disabled="false" aria-busy="false" aria-invalid="false" aria-pressed="false" class="sc-bdvvNz gGxrjC"><span class="sc-gsDLFA euVvCw">Min 100px, Max 300px</span></div>' │ '[0]'      │
    └─────────┴───────────────┴────────────────────────────────────────────────────────────────────────────────────────────────────────────────────────────────────────────────────────────────────────────────────┴────────────┘

      at DefaultTerminalReporter.<anonymous> (node_modules/axe-playwright/dist/reporter/defaultTerminalReporter.js:43:29)

  console.log
    ┌─────────┬─────────────────────┬────────────┬─────────────────────────────────────────────────────────┬───────┐
    │ (index) │ id                  │ impact     │ description                                             │ nodes │
    ├─────────┼─────────────────────┼────────────┼─────────────────────────────────────────────────────────┼───────┤
    │ 0       │ 'aria-allowed-attr' │ 'critical' │ "Ensure an element's role supports its ARIA attributes" │ 3     │
    └─────────┴─────────────────────┴────────────┴─────────────────────────────────────────────────────────┴───────┘

      at DefaultTerminalReporter.<anonymous> (node_modules/axe-playwright/dist/reporter/defaultTerminalReporter.js:31:25)

  console.log
    ┌─────────┬───────────────────────────────────────────────────────────────┬────────────────────────────────────────────────────────────────────────────────────────────────────────────────────────────────────────────────────────────────────────────────────────────────────────────────────────────────┬────────────┐
    │ (index) │ target                                                        │ html                                                                                                                                                                                                                           │ violations │
    ├─────────┼───────────────────────────────────────────────────────────────┼────────────────────────────────────────────────────────────────────────────────────────────────────────────────────────────────────────────────────────────────────────────────────────────────────────────────────────────────┼────────────┤
    │ 0       │ '["div:nth-child(1) > div > .sc-bdvvNz.bdwDaY:nth-child(1)"]' │ '<div aria-disabled="false" aria-busy="false" aria-invalid="false" aria-pressed="false" class="sc-bdvvNz bdwDaY" style="box-shadow: rgba(0, 0, 0, 0.1) 0px 4px 8px;"><span class="sc-gsDLFA euVvCw">Custom Style</span></div>' │ '[0]'      │
    │ 1       │ '[".sc-bdvvNz.bdwDaY:nth-child(2)"]'                          │ '<div aria-disabled="false" aria-busy="false" aria-invalid="false" aria-pressed="false" class="sc-bdvvNz bdwDaY" style="font-weight: bold;"><span class="sc-gsDLFA euVvCw custom-label">Custom Label</span></div>'             │ '[0]'      │
    │ 2       │ '[".custom-chip"]'                                            │ '<div class="sc-bdvvNz bdwDaY custom-chip" aria-disabled="false" aria-busy="false" aria-invalid="false" aria-pressed="false">'                                                                                                 │ '[0]'      │
    └─────────┴───────────────────────────────────────────────────────────────┴────────────────────────────────────────────────────────────────────────────────────────────────────────────────────────────────────────────────────────────────────────────────────────────────────────────────────────────────┴────────────┘

      at DefaultTerminalReporter.<anonymous> (node_modules/axe-playwright/dist/reporter/defaultTerminalReporter.js:43:29)

FAIL browser: chromium src/Chip/Chip.stories.tsx
  Components/Chip
    Playground
      ✕ smoke-test (187 ms)
    Sizes
      ✕ smoke-test (75 ms)
    FilledVariants
      ✕ smoke-test (73 ms)
    OutlinedVariants
      ✕ smoke-test (74 ms)
    WithIcons
      ✕ smoke-test (73 ms)
    Removable
      ✕ smoke-test (76 ms)
    Clickable
      ✓ smoke-test (100 ms)
    LoadingState
      ✕ smoke-test (70 ms)
    ErrorState
      ✕ smoke-test (71 ms)
    DisabledState
      ✕ smoke-test (65 ms)
    ActiveState
      ✕ smoke-test (67 ms)
    CustomSlots
      ✕ smoke-test (79 ms)
    PolymorphicAs
      ✕ smoke-test (78 ms)
    WithForwardRef
      ✓ smoke-test (76 ms)
    AccessibilityExample
      ✕ smoke-test (86 ms)
    WidthControl
      ✕ smoke-test (84 ms)
    CustomizationExample
      ✕ smoke-test (75 ms)

  ● Components/Chip › Playground › smoke-test

    page.evaluate: Error: Axe is already running. Use `await axe.run()` to wait for the previous run to finish before starting a new run.

      at assert (packages/components/http:/localhost:6007/packages/components/node_modules/.cache/storybook/1c3385a5d25e538d10b518b310c74d3ca2690b6aaffeadccd74da79736171f86/sb-vite/deps/axe-core.js?v=b3da04b4:7427:19)
      at Object.run4 [as run] (packages/components/http:/localhost:6007/packages/components/node_modules/.cache/storybook/1c3385a5d25e538d10b518b310c74d3ca2690b6aaffeadccd74da79736171f86/sb-vite/deps/axe-core.js?v=b3da04b4:29739:13)
      at eval (eval at evaluate (:311:30)packages/components/, <anonymous>:2:27)
      at UtilityScript.evaluate (packages/components/<anonymous>:313:16)
      at UtilityScript.<anonymous> (packages/components/<anonymous>:1:44)
      at node_modules/axe-playwright/dist/index.js:74:31
      at node_modules/axe-playwright/dist/index.js:31:71
      at Object.<anonymous>.__awaiter (node_modules/axe-playwright/dist/index.js:27:12)
      at getAxeResults (node_modules/axe-playwright/dist/index.js:73:51)
      at node_modules/axe-playwright/dist/index.js:87:52
      at node_modules/axe-playwright/dist/index.js:31:71
      at Object.<anonymous>.__awaiter (node_modules/axe-playwright/dist/index.js:27:12)
      at getViolations (node_modules/axe-playwright/dist/index.js:86:51)
      at postVisit (.storybook/test-runner.ts:20:43)

  ● Components/Chip › Sizes › smoke-test

    assert.strictEqual(received, expected)

    Expected value to strictly be equal to:
      0
    Received:
      1

    Message:
      1 accessibility violation was detected

    1 !== 0

      at testResultDependsOnViolations (node_modules/axe-playwright/dist/utils.js:16:26)
      at node_modules/axe-playwright/dist/index.js:143:51
      at fulfilled (node_modules/axe-playwright/dist/index.js:28:58)

  ● Components/Chip › FilledVariants › smoke-test

    assert.strictEqual(received, expected)

    Expected value to strictly be equal to:
      0
    Received:
      1

    Message:
      1 accessibility violation was detected

    1 !== 0

      at testResultDependsOnViolations (node_modules/axe-playwright/dist/utils.js:16:26)
      at node_modules/axe-playwright/dist/index.js:143:51
      at fulfilled (node_modules/axe-playwright/dist/index.js:28:58)

  ● Components/Chip › OutlinedVariants › smoke-test

    assert.strictEqual(received, expected)

    Expected value to strictly be equal to:
      0
    Received:
      2

    Message:
      2 accessibility violations were detected

    2 !== 0

      at testResultDependsOnViolations (node_modules/axe-playwright/dist/utils.js:16:26)
      at node_modules/axe-playwright/dist/index.js:143:51
      at fulfilled (node_modules/axe-playwright/dist/index.js:28:58)

  ● Components/Chip › WithIcons › smoke-test

    assert.strictEqual(received, expected)

    Expected value to strictly be equal to:
      0
    Received:
      1

    Message:
      1 accessibility violation was detected

    1 !== 0

      at testResultDependsOnViolations (node_modules/axe-playwright/dist/utils.js:16:26)
      at node_modules/axe-playwright/dist/index.js:143:51
      at fulfilled (node_modules/axe-playwright/dist/index.js:28:58)

  ● Components/Chip › Removable › smoke-test

    assert.strictEqual(received, expected)

    Expected value to strictly be equal to:
      0
    Received:
      1

    Message:
      1 accessibility violation was detected

    1 !== 0

      at testResultDependsOnViolations (node_modules/axe-playwright/dist/utils.js:16:26)
      at node_modules/axe-playwright/dist/index.js:143:51
      at fulfilled (node_modules/axe-playwright/dist/index.js:28:58)

  ● Components/Chip › LoadingState › smoke-test

    assert.strictEqual(received, expected)

    Expected value to strictly be equal to:
      0
    Received:
      2

    Message:
      2 accessibility violations were detected

    2 !== 0

      at testResultDependsOnViolations (node_modules/axe-playwright/dist/utils.js:16:26)
      at node_modules/axe-playwright/dist/index.js:143:51
      at fulfilled (node_modules/axe-playwright/dist/index.js:28:58)

  ● Components/Chip › ErrorState › smoke-test

    assert.strictEqual(received, expected)

    Expected value to strictly be equal to:
      0
    Received:
      2

    Message:
      2 accessibility violations were detected

    2 !== 0

      at testResultDependsOnViolations (node_modules/axe-playwright/dist/utils.js:16:26)
      at node_modules/axe-playwright/dist/index.js:143:51
      at fulfilled (node_modules/axe-playwright/dist/index.js:28:58)

  ● Components/Chip › DisabledState › smoke-test

    assert.strictEqual(received, expected)

    Expected value to strictly be equal to:
      0
    Received:
      1

    Message:
      1 accessibility violation was detected

    1 !== 0

      at testResultDependsOnViolations (node_modules/axe-playwright/dist/utils.js:16:26)
      at node_modules/axe-playwright/dist/index.js:143:51
      at fulfilled (node_modules/axe-playwright/dist/index.js:28:58)

  ● Components/Chip › ActiveState › smoke-test

    assert.strictEqual(received, expected)

    Expected value to strictly be equal to:
      0
    Received:
      2

    Message:
      2 accessibility violations were detected

    2 !== 0

      at testResultDependsOnViolations (node_modules/axe-playwright/dist/utils.js:16:26)
      at node_modules/axe-playwright/dist/index.js:143:51
      at fulfilled (node_modules/axe-playwright/dist/index.js:28:58)

  ● Components/Chip › CustomSlots › smoke-test

    assert.strictEqual(received, expected)

    Expected value to strictly be equal to:
      0
    Received:
      1

    Message:
      1 accessibility violation was detected

    1 !== 0

      at testResultDependsOnViolations (node_modules/axe-playwright/dist/utils.js:16:26)
      at node_modules/axe-playwright/dist/index.js:143:51
      at fulfilled (node_modules/axe-playwright/dist/index.js:28:58)

  ● Components/Chip › PolymorphicAs › smoke-test

    assert.strictEqual(received, expected)

    Expected value to strictly be equal to:
      0
    Received:
      1

    Message:
      1 accessibility violation was detected

    1 !== 0

      at testResultDependsOnViolations (node_modules/axe-playwright/dist/utils.js:16:26)
      at node_modules/axe-playwright/dist/index.js:143:51
      at fulfilled (node_modules/axe-playwright/dist/index.js:28:58)

  ● Components/Chip › AccessibilityExample › smoke-test

    assert.strictEqual(received, expected)

    Expected value to strictly be equal to:
      0
    Received:
      2

    Message:
      2 accessibility violations were detected

    2 !== 0

      at testResultDependsOnViolations (node_modules/axe-playwright/dist/utils.js:16:26)
      at node_modules/axe-playwright/dist/index.js:143:51
      at fulfilled (node_modules/axe-playwright/dist/index.js:28:58)

  ● Components/Chip › WidthControl › smoke-test

    assert.strictEqual(received, expected)

    Expected value to strictly be equal to:
      0
    Received:
      1

    Message:
      1 accessibility violation was detected

    1 !== 0

      at testResultDependsOnViolations (node_modules/axe-playwright/dist/utils.js:16:26)
      at node_modules/axe-playwright/dist/index.js:143:51
      at fulfilled (node_modules/axe-playwright/dist/index.js:28:58)

  ● Components/Chip › CustomizationExample › smoke-test

    assert.strictEqual(received, expected)

    Expected value to strictly be equal to:
      0
    Received:
      1

    Message:
      1 accessibility violation was detected

    1 !== 0

      at testResultDependsOnViolations (node_modules/axe-playwright/dist/utils.js:16:26)
      at node_modules/axe-playwright/dist/index.js:143:51
      at fulfilled (node_modules/axe-playwright/dist/index.js:28:58)

  console.log
    No accessibility violations detected!

      at DefaultTerminalReporter.<anonymous> (node_modules/axe-playwright/dist/reporter/defaultTerminalReporter.js:47:41)

  console.log
    No accessibility violations detected!

      at DefaultTerminalReporter.<anonymous> (node_modules/axe-playwright/dist/reporter/defaultTerminalReporter.js:47:41)

  console.log
    ✅ No accessibility violations in: Data Visualization/DonutChart

      at log (.storybook/test-runner.ts:38:15)

  console.log
    No accessibility violations detected!

      at DefaultTerminalReporter.<anonymous> (node_modules/axe-playwright/dist/reporter/defaultTerminalReporter.js:47:41)

  console.log
    ✅ No accessibility violations in: Data Visualization/DonutChart

      at log (.storybook/test-runner.ts:38:15)

  console.log
    No accessibility violations detected!

      at DefaultTerminalReporter.<anonymous> (node_modules/axe-playwright/dist/reporter/defaultTerminalReporter.js:47:41)

  console.log
    ✅ No accessibility violations in: Data Visualization/DonutChart

      at log (.storybook/test-runner.ts:38:15)

  console.log
    No accessibility violations detected!

      at DefaultTerminalReporter.<anonymous> (node_modules/axe-playwright/dist/reporter/defaultTerminalReporter.js:47:41)

  console.log
    ✅ No accessibility violations in: Data Visualization/DonutChart

      at log (.storybook/test-runner.ts:38:15)

  console.log
    No accessibility violations detected!

      at DefaultTerminalReporter.<anonymous> (node_modules/axe-playwright/dist/reporter/defaultTerminalReporter.js:47:41)

  console.log
    ✅ No accessibility violations in: Data Visualization/DonutChart

      at log (.storybook/test-runner.ts:38:15)

  console.log
    No accessibility violations detected!

      at DefaultTerminalReporter.<anonymous> (node_modules/axe-playwright/dist/reporter/defaultTerminalReporter.js:47:41)

  console.log
    ✅ No accessibility violations in: Data Visualization/DonutChart

      at log (.storybook/test-runner.ts:38:15)

  console.log
    No accessibility violations detected!

      at DefaultTerminalReporter.<anonymous> (node_modules/axe-playwright/dist/reporter/defaultTerminalReporter.js:47:41)

  console.log
    ✅ No accessibility violations in: Data Visualization/DonutChart

      at log (.storybook/test-runner.ts:38:15)

  console.log
    No accessibility violations detected!

      at DefaultTerminalReporter.<anonymous> (node_modules/axe-playwright/dist/reporter/defaultTerminalReporter.js:47:41)

  console.log
    ✅ No accessibility violations in: Data Visualization/DonutChart

      at log (.storybook/test-runner.ts:38:15)

  console.log
    No accessibility violations detected!

      at DefaultTerminalReporter.<anonymous> (node_modules/axe-playwright/dist/reporter/defaultTerminalReporter.js:47:41)

  console.log
    ✅ No accessibility violations in: Data Visualization/DonutChart

      at log (.storybook/test-runner.ts:38:15)

  console.log
    No accessibility violations detected!

      at DefaultTerminalReporter.<anonymous> (node_modules/axe-playwright/dist/reporter/defaultTerminalReporter.js:47:41)

  console.log
    ✅ No accessibility violations in: Data Visualization/DonutChart

      at log (.storybook/test-runner.ts:38:15)

  console.log
    No accessibility violations detected!

      at DefaultTerminalReporter.<anonymous> (node_modules/axe-playwright/dist/reporter/defaultTerminalReporter.js:47:41)

  console.log
    ✅ No accessibility violations in: Data Visualization/DonutChart

      at log (.storybook/test-runner.ts:38:15)

FAIL browser: chromium src/DonutChart/DonutChart.stories.tsx
  Data Visualization/DonutChart
    TwoMetrics
      ✕ smoke-test (272 ms)
    ThreeMetrics
      ✓ smoke-test (101 ms)
    FourMetrics
      ✓ smoke-test (98 ms)
    FiveMetrics
      ✓ smoke-test (95 ms)
    SixMetrics
      ✓ smoke-test (98 ms)
    HorizontalLayout
      ✓ smoke-test (87 ms)
    WithoutCenterValue
      ✓ smoke-test (100 ms)
    WithoutTitle
      ✓ smoke-test (96 ms)
    WithoutInfoIcon
      ✓ smoke-test (84 ms)
    CustomSize
      ✓ smoke-test (95 ms)
    Interactive
      ✓ smoke-test (96 ms)
    InCard
      ✓ smoke-test (118 ms)

  ● Data Visualization/DonutChart › TwoMetrics › smoke-test

    page.evaluate: Error: Axe is already running. Use `await axe.run()` to wait for the previous run to finish before starting a new run.

      at assert (packages/components/http:/localhost:6007/packages/components/node_modules/.cache/storybook/1c3385a5d25e538d10b518b310c74d3ca2690b6aaffeadccd74da79736171f86/sb-vite/deps/axe-core.js?v=b3da04b4:7427:19)
      at Object.run4 [as run] (packages/components/http:/localhost:6007/packages/components/node_modules/.cache/storybook/1c3385a5d25e538d10b518b310c74d3ca2690b6aaffeadccd74da79736171f86/sb-vite/deps/axe-core.js?v=b3da04b4:29739:13)
      at eval (eval at evaluate (:311:30)packages/components/, <anonymous>:2:27)
      at UtilityScript.evaluate (packages/components/<anonymous>:313:16)
      at UtilityScript.<anonymous> (packages/components/<anonymous>:1:44)
      at node_modules/axe-playwright/dist/index.js:74:31
      at node_modules/axe-playwright/dist/index.js:31:71
      at Object.<anonymous>.__awaiter (node_modules/axe-playwright/dist/index.js:27:12)
      at getAxeResults (node_modules/axe-playwright/dist/index.js:73:51)
      at node_modules/axe-playwright/dist/index.js:87:52
      at node_modules/axe-playwright/dist/index.js:31:71
      at Object.<anonymous>.__awaiter (node_modules/axe-playwright/dist/index.js:27:12)
      at getViolations (node_modules/axe-playwright/dist/index.js:86:51)
      at postVisit (.storybook/test-runner.ts:20:43)

  console.log
    ┌─────────┬────────────────────────┬────────────┬──────────────────────────────────────────────────────────────────────────────────────────────────────────────────┬───────┐
    │ (index) │ id                     │ impact     │ description                                                                                                      │ nodes │
    ├─────────┼────────────────────────┼────────────┼──────────────────────────────────────────────────────────────────────────────────────────────────────────────────┼───────┤
    │ 0       │ 'aria-allowed-attr'    │ 'critical' │ "Ensure an element's role supports its ARIA attributes"                                                          │ 1     │
    │ 1       │ 'aria-required-parent' │ 'critical' │ 'Ensure elements with an ARIA role that require parent roles are contained by them'                              │ 1     │
    │ 2       │ 'color-contrast'       │ 'serious'  │ 'Ensure the contrast between foreground and background colors meets WCAG 2 AA minimum contrast ratio thresholds' │ 1     │
    └─────────┴────────────────────────┴────────────┴──────────────────────────────────────────────────────────────────────────────────────────────────────────────────┴───────┘

      at DefaultTerminalReporter.<anonymous> (node_modules/axe-playwright/dist/reporter/defaultTerminalReporter.js:31:25)

  console.log
    ┌─────────┬───────────────────────────────┬────────────────────────────────────────────────────────────────────────────────────────────────────────────────────────────────────────────────────────────────────────────────────────────────┬────────────┐
    │ (index) │ target                        │ html                                                                                                                                                                                           │ violations │
    ├─────────┼───────────────────────────────┼────────────────────────────────────────────────────────────────────────────────────────────────────────────────────────────────────────────────────────────────────────────────────────────────┼────────────┤
    │ 0       │ '["#menu-item-\\\\:r0\\\\:"]' │ '<div role="menuitem" tabindex="-1" aria-selected="false" aria-disabled="false" id="menu-item-:r0:" class="sc-gsDLFA kPgZxm">'                                                                 │ '[0,1]'    │
    │ 1       │ '[".sc-bdvvNz"]'              │ '<p class="sc-bdvvNz jGopIc" style="color: rgb(255, 255, 255); text-align: left; white-space: nowrap; overflow: hidden; text-overflow: ellipsis; min-width: 0px; flex: 1 1 0%;">Dashboard</p>' │ '[2]'      │
    └─────────┴───────────────────────────────┴────────────────────────────────────────────────────────────────────────────────────────────────────────────────────────────────────────────────────────────────────────────────────────────────┴────────────┘

      at DefaultTerminalReporter.<anonymous> (node_modules/axe-playwright/dist/reporter/defaultTerminalReporter.js:43:29)

  console.log
    ┌─────────┬────────────────────────┬────────────┬─────────────────────────────────────────────────────────────────────────────────────┬───────┐
    │ (index) │ id                     │ impact     │ description                                                                         │ nodes │
    ├─────────┼────────────────────────┼────────────┼─────────────────────────────────────────────────────────────────────────────────────┼───────┤
    │ 0       │ 'aria-allowed-attr'    │ 'critical' │ "Ensure an element's role supports its ARIA attributes"                             │ 5     │
    │ 1       │ 'aria-required-parent' │ 'critical' │ 'Ensure elements with an ARIA role that require parent roles are contained by them' │ 8     │
    └─────────┴────────────────────────┴────────────┴─────────────────────────────────────────────────────────────────────────────────────┴───────┘

      at DefaultTerminalReporter.<anonymous> (node_modules/axe-playwright/dist/reporter/defaultTerminalReporter.js:31:25)

  console.log
    ┌─────────┬───────────────────────────────┬────────────────────────────────────────────────────────────────────────────────────────────────────────────────────────────────────────────────────────────────────────────────────────────────────────────────────────────┬────────────┐
    │ (index) │ target                        │ html                                                                                                                                                                                                                       │ violations │
    ├─────────┼───────────────────────────────┼────────────────────────────────────────────────────────────────────────────────────────────────────────────────────────────────────────────────────────────────────────────────────────────────────────────────────────────┼────────────┤
    │ 0       │ '["#menu-item-\\\\:r1\\\\:"]' │ '<div role="menuitem" tabindex="-1" aria-selected="false" aria-disabled="false" id="menu-item-:r1:" class="sc-gsDLFA kPgZxm">'                                                                                             │ '[0,1]'    │
    │ 1       │ '["#menu-item-\\\\:r2\\\\:"]' │ '<div role="menuitem" tabindex="0" aria-selected="true" aria-disabled="false" id="menu-item-:r2:" class="sc-gsDLFA gWfAta">'                                                                                               │ '[0,1]'    │
    │ 2       │ '["#menu-item-\\\\:r3\\\\:"]' │ '<div role="menuitem" tabindex="-1" aria-selected="false" aria-disabled="false" id="menu-item-:r3:" class="sc-gsDLFA kPgZxm">'                                                                                             │ '[0,1]'    │
    │ 3       │ '["#menu-item-\\\\:r4\\\\:"]' │ '<div role="menuitem" tabindex="-1" aria-selected="false" aria-disabled="false" id="menu-item-:r4:" class="sc-gsDLFA kPgZxm">'                                                                                             │ '[0,1]'    │
    │ 4       │ '["#menu-item-\\\\:r5\\\\:"]' │ '<div role="menuitem" tabindex="-1" aria-selected="false" aria-disabled="true" id="menu-item-:r5:" class="sc-gsDLFA gkJyca">'                                                                                              │ '[0,1]'    │
    │ 5       │ '["#menu-item-\\\\:r6\\\\:"]' │ '<div role="menuitem" aria-busy="true" aria-disabled="true" aria-label="Loading" id="menu-item-:r6:" class="sc-gsDLFA gkJyca">'                                                                                            │ '[1]'      │
    │ 6       │ '["#menu-item-\\\\:r7\\\\:"]' │ '<div role="menuitem" aria-disabled="true" aria-label="No items available" id="menu-item-:r7:" class="sc-gsDLFA gkJyca"><span class="sc-bdvvNz gewkxt" style="color: rgb(163, 163, 163);">No items available</span></div>' │ '[1]'      │
    │ 7       │ '["#menu-item-\\\\:r8\\\\:"]' │ '<div role="menuitem" aria-disabled="true" aria-invalid="true" aria-label="Failed to load menu item" id="menu-item-:r8:" class="sc-gsDLFA gkJyca">'                                                                        │ '[1]'      │
    └─────────┴───────────────────────────────┴────────────────────────────────────────────────────────────────────────────────────────────────────────────────────────────────────────────────────────────────────────────────────────────────────────────────────────────┴────────────┘

      at DefaultTerminalReporter.<anonymous> (node_modules/axe-playwright/dist/reporter/defaultTerminalReporter.js:43:29)

  console.log
    ┌─────────┬────────────────────────┬────────────┬─────────────────────────────────────────────────────────────────────────────────────┬───────┐
    │ (index) │ id                     │ impact     │ description                                                                         │ nodes │
    ├─────────┼────────────────────────┼────────────┼─────────────────────────────────────────────────────────────────────────────────────┼───────┤
    │ 0       │ 'aria-allowed-attr'    │ 'critical' │ "Ensure an element's role supports its ARIA attributes"                             │ 4     │
    │ 1       │ 'aria-required-parent' │ 'critical' │ 'Ensure elements with an ARIA role that require parent roles are contained by them' │ 4     │
    └─────────┴────────────────────────┴────────────┴─────────────────────────────────────────────────────────────────────────────────────┴───────┘

      at DefaultTerminalReporter.<anonymous> (node_modules/axe-playwright/dist/reporter/defaultTerminalReporter.js:31:25)

  console.log
    ┌─────────┬───────────────────────────────┬────────────────────────────────────────────────────────────────────────────────────────────────────────────────────────────────┬────────────┐
    │ (index) │ target                        │ html                                                                                                                           │ violations │
    ├─────────┼───────────────────────────────┼────────────────────────────────────────────────────────────────────────────────────────────────────────────────────────────────┼────────────┤
    │ 0       │ '["#menu-item-\\\\:r9\\\\:"]' │ '<div role="menuitem" tabindex="0" aria-selected="true" aria-disabled="false" id="menu-item-:r9:" class="sc-gsDLFA gWfAta">'   │ '[0,1]'    │
    │ 1       │ '["#menu-item-\\\\:ra\\\\:"]' │ '<div role="menuitem" tabindex="-1" aria-selected="false" aria-disabled="false" id="menu-item-:ra:" class="sc-gsDLFA kPgZxm">' │ '[0,1]'    │
    │ 2       │ '["#menu-item-\\\\:rb\\\\:"]' │ '<div role="menuitem" tabindex="-1" aria-selected="false" aria-disabled="false" id="menu-item-:rb:" class="sc-gsDLFA kPgZxm">' │ '[0,1]'    │
    │ 3       │ '["#menu-item-\\\\:rc\\\\:"]' │ '<div role="menuitem" tabindex="-1" aria-selected="false" aria-disabled="false" id="menu-item-:rc:" class="sc-gsDLFA kPgZxm">' │ '[0,1]'    │
    └─────────┴───────────────────────────────┴────────────────────────────────────────────────────────────────────────────────────────────────────────────────────────────────┴────────────┘

      at DefaultTerminalReporter.<anonymous> (node_modules/axe-playwright/dist/reporter/defaultTerminalReporter.js:43:29)

  console.log
    ┌─────────┬────────────────────────┬────────────┬─────────────────────────────────────────────────────────────────────────────────────┬───────┐
    │ (index) │ id                     │ impact     │ description                                                                         │ nodes │
    ├─────────┼────────────────────────┼────────────┼─────────────────────────────────────────────────────────────────────────────────────┼───────┤
    │ 0       │ 'aria-allowed-attr'    │ 'critical' │ "Ensure an element's role supports its ARIA attributes"                             │ 5     │
    │ 1       │ 'aria-required-parent' │ 'critical' │ 'Ensure elements with an ARIA role that require parent roles are contained by them' │ 5     │
    └─────────┴────────────────────────┴────────────┴─────────────────────────────────────────────────────────────────────────────────────┴───────┘

      at DefaultTerminalReporter.<anonymous> (node_modules/axe-playwright/dist/reporter/defaultTerminalReporter.js:31:25)

  console.log
    ┌─────────┬───────────────────────────────┬────────────────────────────────────────────────────────────────────────────────────────────────────────────────────────────────┬────────────┐
    │ (index) │ target                        │ html                                                                                                                           │ violations │
    ├─────────┼───────────────────────────────┼────────────────────────────────────────────────────────────────────────────────────────────────────────────────────────────────┼────────────┤
    │ 0       │ '["#menu-item-\\\\:rd\\\\:"]' │ '<div role="menuitem" tabindex="0" aria-selected="true" aria-disabled="false" id="menu-item-:rd:" class="sc-gsDLFA YSrKL">'    │ '[0,1]'    │
    │ 1       │ '["#menu-item-\\\\:re\\\\:"]' │ '<div role="menuitem" tabindex="-1" aria-selected="false" aria-disabled="false" id="menu-item-:re:" class="sc-gsDLFA iwuuzr">' │ '[0,1]'    │
    │ 2       │ '["#menu-item-\\\\:rf\\\\:"]' │ '<div role="menuitem" tabindex="-1" aria-selected="false" aria-disabled="false" id="menu-item-:rf:" class="sc-gsDLFA iwuuzr">' │ '[0,1]'    │
    │ 3       │ '["#menu-item-\\\\:rg\\\\:"]' │ '<div role="menuitem" tabindex="-1" aria-selected="false" aria-disabled="false" id="menu-item-:rg:" class="sc-gsDLFA iwuuzr">' │ '[0,1]'    │
    │ 4       │ '["#menu-item-\\\\:rh\\\\:"]' │ '<div role="menuitem" tabindex="-1" aria-selected="false" aria-disabled="false" id="menu-item-:rh:" class="sc-gsDLFA iwuuzr">' │ '[0,1]'    │
    └─────────┴───────────────────────────────┴────────────────────────────────────────────────────────────────────────────────────────────────────────────────────────────────┴────────────┘

      at DefaultTerminalReporter.<anonymous> (node_modules/axe-playwright/dist/reporter/defaultTerminalReporter.js:43:29)

  console.log
    ┌─────────┬────────────────────────┬────────────┬─────────────────────────────────────────────────────────────────────────────────────┬───────┐
    │ (index) │ id                     │ impact     │ description                                                                         │ nodes │
    ├─────────┼────────────────────────┼────────────┼─────────────────────────────────────────────────────────────────────────────────────┼───────┤
    │ 0       │ 'aria-allowed-attr'    │ 'critical' │ "Ensure an element's role supports its ARIA attributes"                             │ 5     │
    │ 1       │ 'aria-required-parent' │ 'critical' │ 'Ensure elements with an ARIA role that require parent roles are contained by them' │ 5     │
    └─────────┴────────────────────────┴────────────┴─────────────────────────────────────────────────────────────────────────────────────┴───────┘

      at DefaultTerminalReporter.<anonymous> (node_modules/axe-playwright/dist/reporter/defaultTerminalReporter.js:31:25)

  console.log
    ┌─────────┬───────────────────────────────┬───────────────────────────────────────────────────────────────────────────────────────────────────────────────────────────────────────────────────────────┬────────────┐
    │ (index) │ target                        │ html                                                                                                                                                      │ violations │
    ├─────────┼───────────────────────────────┼───────────────────────────────────────────────────────────────────────────────────────────────────────────────────────────────────────────────────────────┼────────────┤
    │ 0       │ '["#menu-item-\\\\:ri\\\\:"]' │ '<div role="menuitem" tabindex="0" aria-selected="true" aria-disabled="false" aria-label="Home" id="menu-item-:ri:" class="sc-gsDLFA czDZUA">'            │ '[0,1]'    │
    │ 1       │ '["#menu-item-\\\\:rj\\\\:"]' │ '<div role="menuitem" tabindex="-1" aria-selected="false" aria-disabled="false" aria-label="Dashboard" id="menu-item-:rj:" class="sc-gsDLFA hVcAaI">'     │ '[0,1]'    │
    │ 2       │ '["#menu-item-\\\\:rk\\\\:"]' │ '<div role="menuitem" tabindex="-1" aria-selected="false" aria-disabled="false" aria-label="Settings" id="menu-item-:rk:" class="sc-gsDLFA hVcAaI">'      │ '[0,1]'    │
    │ 3       │ '["#menu-item-\\\\:rl\\\\:"]' │ '<div role="menuitem" tabindex="-1" aria-selected="false" aria-disabled="false" aria-label="Profile" id="menu-item-:rl:" class="sc-gsDLFA hVcAaI">'       │ '[0,1]'    │
    │ 4       │ '["#menu-item-\\\\:rm\\\\:"]' │ '<div role="menuitem" tabindex="-1" aria-selected="false" aria-disabled="false" aria-label="Notifications" id="menu-item-:rm:" class="sc-gsDLFA hVcAaI">' │ '[0,1]'    │
    └─────────┴───────────────────────────────┴───────────────────────────────────────────────────────────────────────────────────────────────────────────────────────────────────────────────────────────┴────────────┘

      at DefaultTerminalReporter.<anonymous> (node_modules/axe-playwright/dist/reporter/defaultTerminalReporter.js:43:29)

  console.log
    ┌─────────┬────────────────────────┬────────────┬──────────────────────────────────────────────────────────────────────────────────────────────────────────────────┬───────┐
    │ (index) │ id                     │ impact     │ description                                                                                                      │ nodes │
    ├─────────┼────────────────────────┼────────────┼──────────────────────────────────────────────────────────────────────────────────────────────────────────────────┼───────┤
    │ 0       │ 'aria-allowed-attr'    │ 'critical' │ "Ensure an element's role supports its ARIA attributes"                                                          │ 1     │
    │ 1       │ 'aria-required-parent' │ 'critical' │ 'Ensure elements with an ARIA role that require parent roles are contained by them'                              │ 1     │
    │ 2       │ 'color-contrast'       │ 'serious'  │ 'Ensure the contrast between foreground and background colors meets WCAG 2 AA minimum contrast ratio thresholds' │ 1     │
    └─────────┴────────────────────────┴────────────┴──────────────────────────────────────────────────────────────────────────────────────────────────────────────────┴───────┘

      at DefaultTerminalReporter.<anonymous> (node_modules/axe-playwright/dist/reporter/defaultTerminalReporter.js:31:25)

  console.log
    ┌─────────┬───────────────────────────────┬─────────────────────────────────────────────────────────────────────────────────────────────────────────────────────────────────────────────────────────────────────────────────────────────┬────────────┐
    │ (index) │ target                        │ html                                                                                                                                                                                        │ violations │
    ├─────────┼───────────────────────────────┼─────────────────────────────────────────────────────────────────────────────────────────────────────────────────────────────────────────────────────────────────────────────────────────────┼────────────┤
    │ 0       │ '["#menu-item-\\\\:rn\\\\:"]' │ '<div role="menuitem" tabindex="0" aria-selected="true" aria-disabled="false" id="menu-item-:rn:" class="sc-gsDLFA dGpmHl">'                                                                │ '[0,1]'    │
    │ 1       │ '[".sc-bdvvNz"]'              │ '<p class="sc-bdvvNz lkXWkq" style="color: rgb(26, 26, 26); text-align: left; white-space: nowrap; overflow: hidden; text-overflow: ellipsis; min-width: 0px; flex: 1 1 0%;">Dashboard</p>' │ '[2]'      │
    └─────────┴───────────────────────────────┴─────────────────────────────────────────────────────────────────────────────────────────────────────────────────────────────────────────────────────────────────────────────────────────────┴────────────┘

      at DefaultTerminalReporter.<anonymous> (node_modules/axe-playwright/dist/reporter/defaultTerminalReporter.js:43:29)

  console.log
    ┌─────────┬────────────────────────┬────────────┬─────────────────────────────────────────────────────────────────────────────────────┬───────┐
    │ (index) │ id                     │ impact     │ description                                                                         │ nodes │
    ├─────────┼────────────────────────┼────────────┼─────────────────────────────────────────────────────────────────────────────────────┼───────┤
    │ 0       │ 'aria-allowed-attr'    │ 'critical' │ "Ensure an element's role supports its ARIA attributes"                             │ 3     │
    │ 1       │ 'aria-required-parent' │ 'critical' │ 'Ensure elements with an ARIA role that require parent roles are contained by them' │ 3     │
    └─────────┴────────────────────────┴────────────┴─────────────────────────────────────────────────────────────────────────────────────┴───────┘

      at DefaultTerminalReporter.<anonymous> (node_modules/axe-playwright/dist/reporter/defaultTerminalReporter.js:31:25)

  console.log
    ┌─────────┬───────────────────────────────┬────────────────────────────────────────────────────────────────────────────────────────────────────────────────────────────────┬────────────┐
    │ (index) │ target                        │ html                                                                                                                           │ violations │
    ├─────────┼───────────────────────────────┼────────────────────────────────────────────────────────────────────────────────────────────────────────────────────────────────┼────────────┤
    │ 0       │ '["#menu-item-\\\\:ro\\\\:"]' │ '<div role="menuitem" tabindex="-1" aria-selected="false" aria-disabled="false" id="menu-item-:ro:" class="sc-gsDLFA kPgZxm">' │ '[0,1]'    │
    │ 1       │ '["#menu-item-\\\\:rp\\\\:"]' │ '<div role="menuitem" tabindex="-1" aria-selected="false" aria-disabled="false" id="menu-item-:rp:" class="sc-gsDLFA kPgZxm">' │ '[0,1]'    │
    │ 2       │ '["#menu-item-\\\\:rq\\\\:"]' │ '<div role="menuitem" tabindex="-1" aria-selected="false" aria-disabled="false" id="menu-item-:rq:" class="sc-gsDLFA kPgZxm">' │ '[0,1]'    │
    └─────────┴───────────────────────────────┴────────────────────────────────────────────────────────────────────────────────────────────────────────────────────────────────┴────────────┘

      at DefaultTerminalReporter.<anonymous> (node_modules/axe-playwright/dist/reporter/defaultTerminalReporter.js:43:29)

  console.log
    ┌─────────┬────────────────────────┬────────────┬─────────────────────────────────────────────────────────────────────────────────────┬───────┐
    │ (index) │ id                     │ impact     │ description                                                                         │ nodes │
    ├─────────┼────────────────────────┼────────────┼─────────────────────────────────────────────────────────────────────────────────────┼───────┤
    │ 0       │ 'aria-allowed-attr'    │ 'critical' │ "Ensure an element's role supports its ARIA attributes"                             │ 4     │
    │ 1       │ 'aria-required-parent' │ 'critical' │ 'Ensure elements with an ARIA role that require parent roles are contained by them' │ 4     │
    └─────────┴────────────────────────┴────────────┴─────────────────────────────────────────────────────────────────────────────────────┴───────┘

      at DefaultTerminalReporter.<anonymous> (node_modules/axe-playwright/dist/reporter/defaultTerminalReporter.js:31:25)

  console.log
    ┌─────────┬───────────────────────────────┬────────────────────────────────────────────────────────────────────────────────────────────────────────────────────────────────┬────────────┐
    │ (index) │ target                        │ html                                                                                                                           │ violations │
    ├─────────┼───────────────────────────────┼────────────────────────────────────────────────────────────────────────────────────────────────────────────────────────────────┼────────────┤
    │ 0       │ '["#menu-item-\\\\:rr\\\\:"]' │ '<div role="menuitem" tabindex="0" aria-selected="true" aria-disabled="false" id="menu-item-:rr:" class="sc-gsDLFA gWfAta">'   │ '[0,1]'    │
    │ 1       │ '["#menu-item-\\\\:rs\\\\:"]' │ '<div role="menuitem" tabindex="-1" aria-selected="false" aria-disabled="false" id="menu-item-:rs:" class="sc-gsDLFA kPgZxm">' │ '[0,1]'    │
    │ 2       │ '["#menu-item-\\\\:rt\\\\:"]' │ '<div role="menuitem" tabindex="-1" aria-selected="false" aria-disabled="false" id="menu-item-:rt:" class="sc-gsDLFA kPgZxm">' │ '[0,1]'    │
    │ 3       │ '["#menu-item-\\\\:ru\\\\:"]' │ '<div role="menuitem" tabindex="-1" aria-selected="false" aria-disabled="false" id="menu-item-:ru:" class="sc-gsDLFA kPgZxm">' │ '[0,1]'    │
    └─────────┴───────────────────────────────┴────────────────────────────────────────────────────────────────────────────────────────────────────────────────────────────────┴────────────┘

      at DefaultTerminalReporter.<anonymous> (node_modules/axe-playwright/dist/reporter/defaultTerminalReporter.js:43:29)

  console.log
    ┌─────────┬────────────────────────┬────────────┬─────────────────────────────────────────────────────────────────────────────────────┬───────┐
    │ (index) │ id                     │ impact     │ description                                                                         │ nodes │
    ├─────────┼────────────────────────┼────────────┼─────────────────────────────────────────────────────────────────────────────────────┼───────┤
    │ 0       │ 'aria-allowed-attr'    │ 'critical' │ "Ensure an element's role supports its ARIA attributes"                             │ 2     │
    │ 1       │ 'aria-required-parent' │ 'critical' │ 'Ensure elements with an ARIA role that require parent roles are contained by them' │ 2     │
    └─────────┴────────────────────────┴────────────┴─────────────────────────────────────────────────────────────────────────────────────┴───────┘

      at DefaultTerminalReporter.<anonymous> (node_modules/axe-playwright/dist/reporter/defaultTerminalReporter.js:31:25)

  console.log
    ┌─────────┬────────────────────────────────┬─────────────────────────────────────────────────────────────────────────────────────────────────────────────────────────────────┬────────────┐
    │ (index) │ target                         │ html                                                                                                                            │ violations │
    ├─────────┼────────────────────────────────┼─────────────────────────────────────────────────────────────────────────────────────────────────────────────────────────────────┼────────────┤
    │ 0       │ '["#menu-item-\\\\:rv\\\\:"]'  │ '<div role="menuitem" tabindex="0" aria-selected="true" aria-disabled="false" id="menu-item-:rv:" class="sc-gsDLFA gWfAta">'    │ '[0,1]'    │
    │ 1       │ '["#menu-item-\\\\:r10\\\\:"]' │ '<div role="menuitem" tabindex="-1" aria-selected="false" aria-disabled="false" id="menu-item-:r10:" class="sc-gsDLFA kPgZxm">' │ '[0,1]'    │
    └─────────┴────────────────────────────────┴─────────────────────────────────────────────────────────────────────────────────────────────────────────────────────────────────┴────────────┘

      at DefaultTerminalReporter.<anonymous> (node_modules/axe-playwright/dist/reporter/defaultTerminalReporter.js:43:29)

  console.log
    ┌─────────┬────────────────────────┬────────────┬──────────────────────────────────────────────────────────────────────────────────────────────────────────────────┬───────┐
    │ (index) │ id                     │ impact     │ description                                                                                                      │ nodes │
    ├─────────┼────────────────────────┼────────────┼──────────────────────────────────────────────────────────────────────────────────────────────────────────────────┼───────┤
    │ 0       │ 'aria-allowed-attr'    │ 'critical' │ "Ensure an element's role supports its ARIA attributes"                                                          │ 1     │
    │ 1       │ 'aria-required-parent' │ 'critical' │ 'Ensure elements with an ARIA role that require parent roles are contained by them'                              │ 1     │
    │ 2       │ 'color-contrast'       │ 'serious'  │ 'Ensure the contrast between foreground and background colors meets WCAG 2 AA minimum contrast ratio thresholds' │ 1     │
    └─────────┴────────────────────────┴────────────┴──────────────────────────────────────────────────────────────────────────────────────────────────────────────────┴───────┘

      at DefaultTerminalReporter.<anonymous> (node_modules/axe-playwright/dist/reporter/defaultTerminalReporter.js:31:25)

  console.log
    ┌─────────┬────────────────────────────────┬─────────────────────────────────────────────────────────────────────────────────────────────────────────────────────────────────┬────────────┐
    │ (index) │ target                         │ html                                                                                                                            │ violations │
    ├─────────┼────────────────────────────────┼─────────────────────────────────────────────────────────────────────────────────────────────────────────────────────────────────┼────────────┤
    │ 0       │ '["#menu-item-\\\\:r11\\\\:"]' │ '<div role="menuitem" tabindex="-1" aria-selected="false" aria-disabled="false" id="menu-item-:r11:" class="sc-gsDLFA kPgZxm">' │ '[0,1]'    │
    │ 1       │ '[".gewkxt"]'                  │ '<span class="sc-bdvvNz gewkxt">Interact with the menu item to see events</span>'                                               │ '[2]'      │
    └─────────┴────────────────────────────────┴─────────────────────────────────────────────────────────────────────────────────────────────────────────────────────────────────┴────────────┘

      at DefaultTerminalReporter.<anonymous> (node_modules/axe-playwright/dist/reporter/defaultTerminalReporter.js:43:29)

  console.log
    ┌─────────┬────────────────────────┬────────────┬────────────────────────────────────────────────────────────────────────────────────────────────────────────────────────────────────────────────────────┬───────┐
    │ (index) │ id                     │ impact     │ description                                                                                                                                            │ nodes │
    ├─────────┼────────────────────────┼────────────┼────────────────────────────────────────────────────────────────────────────────────────────────────────────────────────────────────────────────────────┼───────┤
    │ 0       │ 'aria-allowed-attr'    │ 'critical' │ "Ensure an element's role supports its ARIA attributes"                                                                                                │ 2     │
    │ 1       │ 'aria-required-parent' │ 'critical' │ 'Ensure elements with an ARIA role that require parent roles are contained by them'                                                                    │ 2     │
    │ 2       │ 'color-contrast'       │ 'serious'  │ 'Ensure the contrast between foreground and background colors meets WCAG 2 AA minimum contrast ratio thresholds'                                       │ 1     │
    │ 3       │ 'nested-interactive'   │ 'serious'  │ 'Ensure interactive controls are not nested as they are not always announced by screen readers or can cause focus problems for assistive technologies' │ 1     │
    └─────────┴────────────────────────┴────────────┴────────────────────────────────────────────────────────────────────────────────────────────────────────────────────────────────────────────────────────┴───────┘

      at DefaultTerminalReporter.<anonymous> (node_modules/axe-playwright/dist/reporter/defaultTerminalReporter.js:31:25)

  console.log
    ┌─────────┬────────────────────────────────────────────────────┬─────────────────────────────────────────────────────────────────────────────────────────────────────────────────────────────────────────────────────────────────────────────────────────────────────┬────────────┐
    │ (index) │ target                                             │ html                                                                                                                                                                                                │ violations │
    ├─────────┼────────────────────────────────────────────────────┼─────────────────────────────────────────────────────────────────────────────────────────────────────────────────────────────────────────────────────────────────────────────────────────────────────┼────────────┤
    │ 0       │ '["#menu-item-\\\\:r12\\\\:"]'                     │ '<div role="menuitem" tabindex="-1" aria-selected="false" aria-disabled="false" id="menu-item-:r12:" class="sc-gsDLFA kPgZxm">'                                                                     │ '[0,1]'    │
    │ 1       │ '["#menu-item-\\\\:r13\\\\:"]'                     │ '<div role="menuitem" tabindex="-1" aria-selected="false" aria-disabled="false" id="menu-item-:r13:" class="sc-gsDLFA kPgZxm">'                                                                     │ '[0,1]'    │
    │ 2       │ '["#menu-item-\\\\:r12\\\\: > .sc-bdvvNz.jGopIc"]' │ '<p class="sc-bdvvNz jGopIc" style="color: rgb(255, 255, 255); text-align: left; white-space: nowrap; overflow: hidden; text-overflow: ellipsis; min-width: 0px; flex: 1 1 0%;">Button Element</p>' │ '[2]'      │
    │ 3       │ '[".sc-iCfMpq.jeXzLO:nth-child(1)"]'               │ '<button class="sc-iCfMpq jeXzLO">'                                                                                                                                                                 │ '[3]'      │
    └─────────┴────────────────────────────────────────────────────┴─────────────────────────────────────────────────────────────────────────────────────────────────────────────────────────────────────────────────────────────────────────────────────────────────────┴────────────┘

      at DefaultTerminalReporter.<anonymous> (node_modules/axe-playwright/dist/reporter/defaultTerminalReporter.js:43:29)

  console.log
    ┌─────────┬────────────────────────┬────────────┬─────────────────────────────────────────────────────────────────────────────────────┬───────┐
    │ (index) │ id                     │ impact     │ description                                                                         │ nodes │
    ├─────────┼────────────────────────┼────────────┼─────────────────────────────────────────────────────────────────────────────────────┼───────┤
    │ 0       │ 'aria-allowed-attr'    │ 'critical' │ "Ensure an element's role supports its ARIA attributes"                             │ 1     │
    │ 1       │ 'aria-required-parent' │ 'critical' │ 'Ensure elements with an ARIA role that require parent roles are contained by them' │ 1     │
    └─────────┴────────────────────────┴────────────┴─────────────────────────────────────────────────────────────────────────────────────┴───────┘

      at DefaultTerminalReporter.<anonymous> (node_modules/axe-playwright/dist/reporter/defaultTerminalReporter.js:31:25)

  console.log
    ┌─────────┬────────────────────────────────┬──────────────────────────────────────────────────────────────────────────────────────────────────────────────────────────────────────────────────────┬────────────┐
    │ (index) │ target                         │ html                                                                                                                                                 │ violations │
    ├─────────┼────────────────────────────────┼──────────────────────────────────────────────────────────────────────────────────────────────────────────────────────────────────────────────────────┼────────────┤
    │ 0       │ '["#menu-item-\\\\:r14\\\\:"]' │ '<div role="menuitem" tabindex="-1" aria-selected="false" aria-disabled="false" aria-haspopup="menu" id="menu-item-:r14:" class="sc-gsDLFA kPgZxm">' │ '[0,1]'    │
    └─────────┴────────────────────────────────┴──────────────────────────────────────────────────────────────────────────────────────────────────────────────────────────────────────────────────────┴────────────┘

      at DefaultTerminalReporter.<anonymous> (node_modules/axe-playwright/dist/reporter/defaultTerminalReporter.js:43:29)

  console.log
    ┌─────────┬────────────────────────┬────────────┬─────────────────────────────────────────────────────────────────────────────────────┬───────┐
    │ (index) │ id                     │ impact     │ description                                                                         │ nodes │
    ├─────────┼────────────────────────┼────────────┼─────────────────────────────────────────────────────────────────────────────────────┼───────┤
    │ 0       │ 'aria-allowed-attr'    │ 'critical' │ "Ensure an element's role supports its ARIA attributes"                             │ 1     │
    │ 1       │ 'aria-required-parent' │ 'critical' │ 'Ensure elements with an ARIA role that require parent roles are contained by them' │ 1     │
    └─────────┴────────────────────────┴────────────┴─────────────────────────────────────────────────────────────────────────────────────┴───────┘

      at DefaultTerminalReporter.<anonymous> (node_modules/axe-playwright/dist/reporter/defaultTerminalReporter.js:31:25)

  console.log
    ┌─────────┬────────────────────────────────┬──────────────────────────────────────────────────────────────────────────────────────────────────────────────────────────────────────────────────────┬────────────┐
    │ (index) │ target                         │ html                                                                                                                                                 │ violations │
    ├─────────┼────────────────────────────────┼──────────────────────────────────────────────────────────────────────────────────────────────────────────────────────────────────────────────────────┼────────────┤
    │ 0       │ '["#menu-item-\\\\:r15\\\\:"]' │ '<div role="menuitem" tabindex="-1" aria-selected="false" aria-disabled="false" aria-haspopup="menu" id="menu-item-:r15:" class="sc-gsDLFA kPgZxm">' │ '[0,1]'    │
    └─────────┴────────────────────────────────┴──────────────────────────────────────────────────────────────────────────────────────────────────────────────────────────────────────────────────────┴────────────┘

      at DefaultTerminalReporter.<anonymous> (node_modules/axe-playwright/dist/reporter/defaultTerminalReporter.js:43:29)

FAIL browser: chromium src/MenuItem/MenuItem.stories.tsx
  Components/MenuItem
    Playground
      ✕ smoke-test (152 ms)
    AllStates
      ✕ smoke-test (130 ms)
    HorizontalTopHeader
      ✕ smoke-test (85 ms)
    VerticalSideNav
      ✕ smoke-test (81 ms)
    VerticalCollapsed
      ✕ smoke-test (68 ms)
    LightMode
      ✕ smoke-test (61 ms)
    WithNotificationIndicator
      ✕ smoke-test (71 ms)
    KeyboardNavigation
      ✕ smoke-test (72 ms)
    CustomStyling
      ✕ smoke-test (64 ms)
    WithEventCallbacks
      ✕ smoke-test (61 ms)
    PolymorphicAs
      ✕ smoke-test (63 ms)
    NestedMenu
      ✕ smoke-test (61 ms)
    NestedMenuClick
      ✕ smoke-test (62 ms)

  ● Components/MenuItem › Playground › smoke-test

    assert.strictEqual(received, expected)

    Expected value to strictly be equal to:
      0
    Received:
      3

    Message:
      3 accessibility violations were detected

    3 !== 0

      at testResultDependsOnViolations (node_modules/axe-playwright/dist/utils.js:16:26)
      at node_modules/axe-playwright/dist/index.js:143:51
      at fulfilled (node_modules/axe-playwright/dist/index.js:28:58)

  ● Components/MenuItem › AllStates › smoke-test

    assert.strictEqual(received, expected)

    Expected value to strictly be equal to:
      0
    Received:
      2

    Message:
      2 accessibility violations were detected

    2 !== 0

      at testResultDependsOnViolations (node_modules/axe-playwright/dist/utils.js:16:26)
      at node_modules/axe-playwright/dist/index.js:143:51
      at fulfilled (node_modules/axe-playwright/dist/index.js:28:58)

  ● Components/MenuItem › HorizontalTopHeader › smoke-test

    assert.strictEqual(received, expected)

    Expected value to strictly be equal to:
      0
    Received:
      2

    Message:
      2 accessibility violations were detected

    2 !== 0

      at testResultDependsOnViolations (node_modules/axe-playwright/dist/utils.js:16:26)
      at node_modules/axe-playwright/dist/index.js:143:51
      at fulfilled (node_modules/axe-playwright/dist/index.js:28:58)

  ● Components/MenuItem › VerticalSideNav › smoke-test

    assert.strictEqual(received, expected)

    Expected value to strictly be equal to:
      0
    Received:
      2

    Message:
      2 accessibility violations were detected

    2 !== 0

      at testResultDependsOnViolations (node_modules/axe-playwright/dist/utils.js:16:26)
      at node_modules/axe-playwright/dist/index.js:143:51
      at fulfilled (node_modules/axe-playwright/dist/index.js:28:58)

  ● Components/MenuItem › VerticalCollapsed › smoke-test

    assert.strictEqual(received, expected)

    Expected value to strictly be equal to:
      0
    Received:
      2

    Message:
      2 accessibility violations were detected

    2 !== 0

      at testResultDependsOnViolations (node_modules/axe-playwright/dist/utils.js:16:26)
      at node_modules/axe-playwright/dist/index.js:143:51
      at fulfilled (node_modules/axe-playwright/dist/index.js:28:58)

  ● Components/MenuItem › LightMode › smoke-test

    assert.strictEqual(received, expected)

    Expected value to strictly be equal to:
      0
    Received:
      3

    Message:
      3 accessibility violations were detected

    3 !== 0

      at testResultDependsOnViolations (node_modules/axe-playwright/dist/utils.js:16:26)
      at node_modules/axe-playwright/dist/index.js:143:51
      at fulfilled (node_modules/axe-playwright/dist/index.js:28:58)

  ● Components/MenuItem › WithNotificationIndicator › smoke-test

    assert.strictEqual(received, expected)

    Expected value to strictly be equal to:
      0
    Received:
      2

    Message:
      2 accessibility violations were detected

    2 !== 0

      at testResultDependsOnViolations (node_modules/axe-playwright/dist/utils.js:16:26)
      at node_modules/axe-playwright/dist/index.js:143:51
      at fulfilled (node_modules/axe-playwright/dist/index.js:28:58)

  ● Components/MenuItem › KeyboardNavigation › smoke-test

    assert.strictEqual(received, expected)

    Expected value to strictly be equal to:
      0
    Received:
      2

    Message:
      2 accessibility violations were detected

    2 !== 0

      at testResultDependsOnViolations (node_modules/axe-playwright/dist/utils.js:16:26)
      at node_modules/axe-playwright/dist/index.js:143:51
      at fulfilled (node_modules/axe-playwright/dist/index.js:28:58)

  ● Components/MenuItem › CustomStyling › smoke-test

    assert.strictEqual(received, expected)

    Expected value to strictly be equal to:
      0
    Received:
      2

    Message:
      2 accessibility violations were detected

    2 !== 0

      at testResultDependsOnViolations (node_modules/axe-playwright/dist/utils.js:16:26)
      at node_modules/axe-playwright/dist/index.js:143:51
      at fulfilled (node_modules/axe-playwright/dist/index.js:28:58)

  ● Components/MenuItem › WithEventCallbacks › smoke-test

    assert.strictEqual(received, expected)

    Expected value to strictly be equal to:
      0
    Received:
      3

    Message:
      3 accessibility violations were detected

    3 !== 0

      at testResultDependsOnViolations (node_modules/axe-playwright/dist/utils.js:16:26)
      at node_modules/axe-playwright/dist/index.js:143:51
      at fulfilled (node_modules/axe-playwright/dist/index.js:28:58)

  ● Components/MenuItem › PolymorphicAs › smoke-test

    assert.strictEqual(received, expected)

    Expected value to strictly be equal to:
      0
    Received:
      4

    Message:
      4 accessibility violations were detected

    4 !== 0

      at testResultDependsOnViolations (node_modules/axe-playwright/dist/utils.js:16:26)
      at node_modules/axe-playwright/dist/index.js:143:51
      at fulfilled (node_modules/axe-playwright/dist/index.js:28:58)

  ● Components/MenuItem › NestedMenu › smoke-test

    assert.strictEqual(received, expected)

    Expected value to strictly be equal to:
      0
    Received:
      2

    Message:
      2 accessibility violations were detected

    2 !== 0

      at testResultDependsOnViolations (node_modules/axe-playwright/dist/utils.js:16:26)
      at node_modules/axe-playwright/dist/index.js:143:51
      at fulfilled (node_modules/axe-playwright/dist/index.js:28:58)

  ● Components/MenuItem › NestedMenuClick › smoke-test

    assert.strictEqual(received, expected)

    Expected value to strictly be equal to:
      0
    Received:
      2

    Message:
      2 accessibility violations were detected

    2 !== 0

      at testResultDependsOnViolations (node_modules/axe-playwright/dist/utils.js:16:26)
      at node_modules/axe-playwright/dist/index.js:143:51
      at fulfilled (node_modules/axe-playwright/dist/index.js:28:58)

  console.log
    No accessibility violations detected!

      at DefaultTerminalReporter.<anonymous> (node_modules/axe-playwright/dist/reporter/defaultTerminalReporter.js:47:41)

  console.log
    No accessibility violations detected!

      at DefaultTerminalReporter.<anonymous> (node_modules/axe-playwright/dist/reporter/defaultTerminalReporter.js:47:41)

  console.log
    ✅ No accessibility violations in: Components/InlineMessage

      at log (.storybook/test-runner.ts:38:15)

  console.log
    No accessibility violations detected!

      at DefaultTerminalReporter.<anonymous> (node_modules/axe-playwright/dist/reporter/defaultTerminalReporter.js:47:41)

  console.log
    ✅ No accessibility violations in: Components/InlineMessage

      at log (.storybook/test-runner.ts:38:15)

  console.log
    No accessibility violations detected!

      at DefaultTerminalReporter.<anonymous> (node_modules/axe-playwright/dist/reporter/defaultTerminalReporter.js:47:41)

  console.log
    ✅ No accessibility violations in: Components/InlineMessage

      at log (.storybook/test-runner.ts:38:15)

  console.log
    No accessibility violations detected!

      at DefaultTerminalReporter.<anonymous> (node_modules/axe-playwright/dist/reporter/defaultTerminalReporter.js:47:41)

  console.log
    ✅ No accessibility violations in: Components/InlineMessage

      at log (.storybook/test-runner.ts:38:15)

  console.log
    No accessibility violations detected!

      at DefaultTerminalReporter.<anonymous> (node_modules/axe-playwright/dist/reporter/defaultTerminalReporter.js:47:41)

  console.log
    ✅ No accessibility violations in: Components/InlineMessage

      at log (.storybook/test-runner.ts:38:15)

  console.log
    No accessibility violations detected!

      at DefaultTerminalReporter.<anonymous> (node_modules/axe-playwright/dist/reporter/defaultTerminalReporter.js:47:41)

  console.log
    ✅ No accessibility violations in: Components/InlineMessage

      at log (.storybook/test-runner.ts:38:15)

  console.log
    No accessibility violations detected!

      at DefaultTerminalReporter.<anonymous> (node_modules/axe-playwright/dist/reporter/defaultTerminalReporter.js:47:41)

  console.log
    ✅ No accessibility violations in: Components/InlineMessage

      at log (.storybook/test-runner.ts:38:15)

  console.log
    No accessibility violations detected!

      at DefaultTerminalReporter.<anonymous> (node_modules/axe-playwright/dist/reporter/defaultTerminalReporter.js:47:41)

  console.log
    ✅ No accessibility violations in: Components/InlineMessage

      at log (.storybook/test-runner.ts:38:15)

  console.log
    No accessibility violations detected!

      at DefaultTerminalReporter.<anonymous> (node_modules/axe-playwright/dist/reporter/defaultTerminalReporter.js:47:41)

  console.log
    ✅ No accessibility violations in: Components/InlineMessage

      at log (.storybook/test-runner.ts:38:15)

FAIL browser: chromium src/InlineMessage/InlineMessage.stories.tsx
  Components/InlineMessage
    Playground
      ✕ smoke-test (201 ms)
    WarningSubdued
      ✓ smoke-test (114 ms)
    SuccessSubdued
      ✓ smoke-test (132 ms)
    ErrorSubdued
      ✓ smoke-test (90 ms)
    InfoSubdued
      ✓ smoke-test (86 ms)
    WarningAccentBorder
      ✓ smoke-test (84 ms)
    SuccessAccentBorder
      ✓ smoke-test (81 ms)
    ErrorAccentBorder
      ✓ smoke-test (80 ms)
    InfoAccentBorder
      ✓ smoke-test (78 ms)
    AllVariants
      ✓ smoke-test (194 ms)

  ● Components/InlineMessage › Playground › smoke-test

    page.evaluate: Error: Axe is already running. Use `await axe.run()` to wait for the previous run to finish before starting a new run.

      at assert (packages/components/http:/localhost:6007/packages/components/node_modules/.cache/storybook/1c3385a5d25e538d10b518b310c74d3ca2690b6aaffeadccd74da79736171f86/sb-vite/deps/axe-core.js?v=b3da04b4:7427:19)
      at Object.run4 [as run] (packages/components/http:/localhost:6007/packages/components/node_modules/.cache/storybook/1c3385a5d25e538d10b518b310c74d3ca2690b6aaffeadccd74da79736171f86/sb-vite/deps/axe-core.js?v=b3da04b4:29739:13)
      at eval (eval at evaluate (:311:30)packages/components/, <anonymous>:2:27)
      at UtilityScript.evaluate (packages/components/<anonymous>:313:16)
      at UtilityScript.<anonymous> (packages/components/<anonymous>:1:44)
      at node_modules/axe-playwright/dist/index.js:74:31
      at node_modules/axe-playwright/dist/index.js:31:71
      at Object.<anonymous>.__awaiter (node_modules/axe-playwright/dist/index.js:27:12)
      at getAxeResults (node_modules/axe-playwright/dist/index.js:73:51)
      at node_modules/axe-playwright/dist/index.js:87:52
      at node_modules/axe-playwright/dist/index.js:31:71
      at Object.<anonymous>.__awaiter (node_modules/axe-playwright/dist/index.js:27:12)
      at getViolations (node_modules/axe-playwright/dist/index.js:86:51)
      at postVisit (.storybook/test-runner.ts:20:43)

  console.log
    ┌─────────┬────────────────────────┬────────────┬──────────────────────────────────────────────────────────────────────────────────────────────────────────────────┬───────┐
    │ (index) │ id                     │ impact     │ description                                                                                                      │ nodes │
    ├─────────┼────────────────────────┼────────────┼──────────────────────────────────────────────────────────────────────────────────────────────────────────────────┼───────┤
    │ 0       │ 'aria-allowed-attr'    │ 'critical' │ "Ensure an element's role supports its ARIA attributes"                                                          │ 5     │
    │ 1       │ 'aria-required-parent' │ 'critical' │ 'Ensure elements with an ARIA role that require parent roles are contained by them'                              │ 5     │
    │ 2       │ 'color-contrast'       │ 'serious'  │ 'Ensure the contrast between foreground and background colors meets WCAG 2 AA minimum contrast ratio thresholds' │ 4     │
    └─────────┴────────────────────────┴────────────┴──────────────────────────────────────────────────────────────────────────────────────────────────────────────────┴───────┘

      at DefaultTerminalReporter.<anonymous> (node_modules/axe-playwright/dist/reporter/defaultTerminalReporter.js:31:25)

  console.log
    ┌─────────┬───────────────────────────────┬────────────────────────────────────────────────────────────────────────────────────────────────────────────────────────────────┬────────────┐
    │ (index) │ target                        │ html                                                                                                                           │ violations │
    ├─────────┼───────────────────────────────┼────────────────────────────────────────────────────────────────────────────────────────────────────────────────────────────────┼────────────┤
    │ 0       │ '["#menu-item-\\\\:r0\\\\:"]' │ '<div role="menuitem" tabindex="0" aria-selected="true" aria-disabled="false" id="menu-item-:r0:" class="sc-bBHyYg bzFgyw">'   │ '[0,1]'    │
    │ 1       │ '["#menu-item-\\\\:r1\\\\:"]' │ '<div role="menuitem" tabindex="-1" aria-selected="false" aria-disabled="false" id="menu-item-:r1:" class="sc-bBHyYg kptuuM">' │ '[0,1]'    │
    │ 2       │ '["#menu-item-\\\\:r2\\\\:"]' │ '<div role="menuitem" tabindex="-1" aria-selected="false" aria-disabled="false" id="menu-item-:r2:" class="sc-bBHyYg kptuuM">' │ '[0,1]'    │
    │ 3       │ '["#menu-item-\\\\:r3\\\\:"]' │ '<div role="menuitem" tabindex="-1" aria-selected="false" aria-disabled="false" id="menu-item-:r3:" class="sc-bBHyYg kptuuM">' │ '[0,1]'    │
    │ 4       │ '["#menu-item-\\\\:r4\\\\:"]' │ '<div role="menuitem" tabindex="-1" aria-selected="false" aria-disabled="false" id="menu-item-:r4:" class="sc-bBHyYg fPuCep">' │ '[0,1]'    │
    │ 5       │ '["a[href=\\"/\\"]"]'         │ '<a href="/" class="sc-khQezX judsBH">Home</a>'                                                                                │ '[2]'      │
    │ 6       │ '["a[href$=\\"flex\\"]"]'     │ '<a href="/flex" class="sc-khQezX judsBH">Flex Tests</a>'                                                                      │ '[2]'      │
    │ 7       │ '[".sc-gSQItk"]'              │ '<p class="sc-gSQItk jatJSG">Test how the layout handles lots of content with flex positioning</p>'                            │ '[2]'      │
    │ 8       │ '[".sc-iNGEii"]'              │ '<div class="sc-iNGEii fYXtZQ">Last Updated on Sept 23, 2024</div>'                                                            │ '[2]'      │
    └─────────┴───────────────────────────────┴────────────────────────────────────────────────────────────────────────────────────────────────────────────────────────────────┴────────────┘

      at DefaultTerminalReporter.<anonymous> (node_modules/axe-playwright/dist/reporter/defaultTerminalReporter.js:43:29)

  console.log
    ┌─────────┬────────────────────────┬────────────┬──────────────────────────────────────────────────────────────────────────────────────────────────────────────────┬───────┐
    │ (index) │ id                     │ impact     │ description                                                                                                      │ nodes │
    ├─────────┼────────────────────────┼────────────┼──────────────────────────────────────────────────────────────────────────────────────────────────────────────────┼───────┤
    │ 0       │ 'aria-allowed-attr'    │ 'critical' │ "Ensure an element's role supports its ARIA attributes"                                                          │ 1     │
    │ 1       │ 'aria-required-parent' │ 'critical' │ 'Ensure elements with an ARIA role that require parent roles are contained by them'                              │ 1     │
    │ 2       │ 'color-contrast'       │ 'serious'  │ 'Ensure the contrast between foreground and background colors meets WCAG 2 AA minimum contrast ratio thresholds' │ 3     │
    └─────────┴────────────────────────┴────────────┴──────────────────────────────────────────────────────────────────────────────────────────────────────────────────┴───────┘

      at DefaultTerminalReporter.<anonymous> (node_modules/axe-playwright/dist/reporter/defaultTerminalReporter.js:31:25)

  console.log
    ┌─────────┬───────────────────────────────┬──────────────────────────────────────────────────────────────────────────────────────────────────────────────────────────────┬────────────┐
    │ (index) │ target                        │ html                                                                                                                         │ violations │
    ├─────────┼───────────────────────────────┼──────────────────────────────────────────────────────────────────────────────────────────────────────────────────────────────┼────────────┤
    │ 0       │ '["#menu-item-\\\\:r5\\\\:"]' │ '<div role="menuitem" tabindex="0" aria-selected="true" aria-disabled="false" id="menu-item-:r5:" class="sc-bBHyYg bzFgyw">' │ '[0,1]'    │
    │ 1       │ '[".judsBH"]'                 │ '<a href="/" class="sc-khQezX judsBH">Home</a>'                                                                              │ '[2]'      │
    │ 2       │ '[".sc-gSQItk"]'              │ '<p class="sc-gSQItk jatJSG">Test how footer behaves with minimal content</p>'                                               │ '[2]'      │
    │ 3       │ '[".sc-iNGEii"]'              │ '<div class="sc-iNGEii fYXtZQ">Last Updated on Sept 23, 2024</div>'                                                          │ '[2]'      │
    └─────────┴───────────────────────────────┴──────────────────────────────────────────────────────────────────────────────────────────────────────────────────────────────┴────────────┘

      at DefaultTerminalReporter.<anonymous> (node_modules/axe-playwright/dist/reporter/defaultTerminalReporter.js:43:29)

  console.log
    ┌─────────┬────────────────────────┬────────────┬──────────────────────────────────────────────────────────────────────────────────────────────────────────────────┬───────┐
    │ (index) │ id                     │ impact     │ description                                                                                                      │ nodes │
    ├─────────┼────────────────────────┼────────────┼──────────────────────────────────────────────────────────────────────────────────────────────────────────────────┼───────┤
    │ 0       │ 'aria-allowed-attr'    │ 'critical' │ "Ensure an element's role supports its ARIA attributes"                                                          │ 2     │
    │ 1       │ 'aria-required-parent' │ 'critical' │ 'Ensure elements with an ARIA role that require parent roles are contained by them'                              │ 2     │
    │ 2       │ 'color-contrast'       │ 'serious'  │ 'Ensure the contrast between foreground and background colors meets WCAG 2 AA minimum contrast ratio thresholds' │ 3     │
    └─────────┴────────────────────────┴────────────┴──────────────────────────────────────────────────────────────────────────────────────────────────────────────────┴───────┘

      at DefaultTerminalReporter.<anonymous> (node_modules/axe-playwright/dist/reporter/defaultTerminalReporter.js:31:25)

  console.log
    ┌─────────┬───────────────────────────────┬────────────────────────────────────────────────────────────────────────────────────────────────────────────────────────────────┬────────────┐
    │ (index) │ target                        │ html                                                                                                                           │ violations │
    ├─────────┼───────────────────────────────┼────────────────────────────────────────────────────────────────────────────────────────────────────────────────────────────────┼────────────┤
    │ 0       │ '["#menu-item-\\\\:r6\\\\:"]' │ '<div role="menuitem" tabindex="-1" aria-selected="false" aria-disabled="false" id="menu-item-:r6:" class="sc-bBHyYg jsYVWS">' │ '[0,1]'    │
    │ 1       │ '["#menu-item-\\\\:r7\\\\:"]' │ '<div role="menuitem" tabindex="-1" aria-selected="false" aria-disabled="false" id="menu-item-:r7:" class="sc-bBHyYg jsYVWS">' │ '[0,1]'    │
    │ 2       │ '[".judsBH"]'                 │ '<a href="/" class="sc-khQezX judsBH">Home</a>'                                                                                │ '[2]'      │
    │ 3       │ '[".sc-gSQItk"]'              │ '<p class="sc-gSQItk jatJSG">Test topbar-only variant with flex positioning</p>'                                               │ '[2]'      │
    │ 4       │ '[".sc-iNGEii"]'              │ '<div class="sc-iNGEii fYXtZQ">Last Updated on Sept 23, 2024</div>'                                                            │ '[2]'      │
    └─────────┴───────────────────────────────┴────────────────────────────────────────────────────────────────────────────────────────────────────────────────────────────────┴────────────┘

      at DefaultTerminalReporter.<anonymous> (node_modules/axe-playwright/dist/reporter/defaultTerminalReporter.js:43:29)

  console.log
    ┌─────────┬────────────────────────┬────────────┬──────────────────────────────────────────────────────────────────────────────────────────────────────────────────┬───────┐
    │ (index) │ id                     │ impact     │ description                                                                                                      │ nodes │
    ├─────────┼────────────────────────┼────────────┼──────────────────────────────────────────────────────────────────────────────────────────────────────────────────┼───────┤
    │ 0       │ 'aria-allowed-attr'    │ 'critical' │ "Ensure an element's role supports its ARIA attributes"                                                          │ 3     │
    │ 1       │ 'aria-required-parent' │ 'critical' │ 'Ensure elements with an ARIA role that require parent roles are contained by them'                              │ 3     │
    │ 2       │ 'color-contrast'       │ 'serious'  │ 'Ensure the contrast between foreground and background colors meets WCAG 2 AA minimum contrast ratio thresholds' │ 3     │
    └─────────┴────────────────────────┴────────────┴──────────────────────────────────────────────────────────────────────────────────────────────────────────────────┴───────┘

      at DefaultTerminalReporter.<anonymous> (node_modules/axe-playwright/dist/reporter/defaultTerminalReporter.js:31:25)

  console.log
    ┌─────────┬───────────────────────────────┬────────────────────────────────────────────────────────────────────────────────────────────────────────────────────────────────┬────────────┐
    │ (index) │ target                        │ html                                                                                                                           │ violations │
    ├─────────┼───────────────────────────────┼────────────────────────────────────────────────────────────────────────────────────────────────────────────────────────────────┼────────────┤
    │ 0       │ '["#menu-item-\\\\:r8\\\\:"]' │ '<div role="menuitem" tabindex="0" aria-selected="true" aria-disabled="false" id="menu-item-:r8:" class="sc-bBHyYg bzFgyw">'   │ '[0,1]'    │
    │ 1       │ '["#menu-item-\\\\:r9\\\\:"]' │ '<div role="menuitem" tabindex="-1" aria-selected="false" aria-disabled="false" id="menu-item-:r9:" class="sc-bBHyYg kptuuM">' │ '[0,1]'    │
    │ 2       │ '["#menu-item-\\\\:ra\\\\:"]' │ '<div role="menuitem" tabindex="-1" aria-selected="false" aria-disabled="false" id="menu-item-:ra:" class="sc-bBHyYg kptuuM">' │ '[0,1]'    │
    │ 3       │ '[".judsBH"]'                 │ '<a href="/" class="sc-khQezX judsBH">Home</a>'                                                                                │ '[2]'      │
    │ 4       │ '[".sc-gSQItk"]'              │ '<p class="sc-gSQItk jatJSG">Test sidebar-only variant with flex positioning</p>'                                              │ '[2]'      │
    │ 5       │ '[".sc-iNGEii"]'              │ '<div class="sc-iNGEii fYXtZQ">Last Updated on Sept 23, 2024</div>'                                                            │ '[2]'      │
    └─────────┴───────────────────────────────┴────────────────────────────────────────────────────────────────────────────────────────────────────────────────────────────────┴────────────┘

      at DefaultTerminalReporter.<anonymous> (node_modules/axe-playwright/dist/reporter/defaultTerminalReporter.js:43:29)

  console.log
    ┌─────────┬────────────────────────┬────────────┬──────────────────────────────────────────────────────────────────────────────────────────────────────────────────┬───────┐
    │ (index) │ id                     │ impact     │ description                                                                                                      │ nodes │
    ├─────────┼────────────────────────┼────────────┼──────────────────────────────────────────────────────────────────────────────────────────────────────────────────┼───────┤
    │ 0       │ 'aria-allowed-attr'    │ 'critical' │ "Ensure an element's role supports its ARIA attributes"                                                          │ 1     │
    │ 1       │ 'aria-required-parent' │ 'critical' │ 'Ensure elements with an ARIA role that require parent roles are contained by them'                              │ 1     │
    │ 2       │ 'color-contrast'       │ 'serious'  │ 'Ensure the contrast between foreground and background colors meets WCAG 2 AA minimum contrast ratio thresholds' │ 3     │
    └─────────┴────────────────────────┴────────────┴──────────────────────────────────────────────────────────────────────────────────────────────────────────────────┴───────┘

      at DefaultTerminalReporter.<anonymous> (node_modules/axe-playwright/dist/reporter/defaultTerminalReporter.js:31:25)

  console.log
    ┌─────────┬───────────────────────────────┬──────────────────────────────────────────────────────────────────────────────────────────────────────────────────────────────┬────────────┐
    │ (index) │ target                        │ html                                                                                                                         │ violations │
    ├─────────┼───────────────────────────────┼──────────────────────────────────────────────────────────────────────────────────────────────────────────────────────────────┼────────────┤
    │ 0       │ '["#menu-item-\\\\:rb\\\\:"]' │ '<div role="menuitem" tabindex="0" aria-selected="true" aria-disabled="false" id="menu-item-:rb:" class="sc-bBHyYg bzFgyw">' │ '[0,1]'    │
    │ 1       │ '[".judsBH"]'                 │ '<a href="/" class="sc-khQezX judsBH">Home</a>'                                                                              │ '[2]'      │
    │ 2       │ '[".sc-gSQItk"]'              │ '<p class="sc-gSQItk jatJSG">Test how layout handles dynamic content height changes</p>'                                     │ '[2]'      │
    │ 3       │ '[".sc-iNGEii"]'              │ '<div class="sc-iNGEii fYXtZQ">Last Updated on Sept 23, 2024</div>'                                                          │ '[2]'      │
    └─────────┴───────────────────────────────┴──────────────────────────────────────────────────────────────────────────────────────────────────────────────────────────────┴────────────┘

      at DefaultTerminalReporter.<anonymous> (node_modules/axe-playwright/dist/reporter/defaultTerminalReporter.js:43:29)

FAIL browser: chromium src/PageLayout/FlexLayoutTest.stories.tsx
  Templates/PageLayout/Flex Layout Tests
    ScrollableContent
      ✕ smoke-test (229 ms)
    MinimalContent
      ✕ smoke-test (151 ms)
    TopbarOnlyFlexTest
      ✕ smoke-test (115 ms)
    SidebarOnlyFlexTest
      ✕ smoke-test (107 ms)
    DynamicHeightTest
      ✕ smoke-test (112 ms)

  ● Templates/PageLayout/Flex Layout Tests › ScrollableContent › smoke-test

    assert.strictEqual(received, expected)

    Expected value to strictly be equal to:
      0
    Received:
      3

    Message:
      3 accessibility violations were detected

    3 !== 0

      at testResultDependsOnViolations (node_modules/axe-playwright/dist/utils.js:16:26)
      at node_modules/axe-playwright/dist/index.js:143:51
      at fulfilled (node_modules/axe-playwright/dist/index.js:28:58)

  ● Templates/PageLayout/Flex Layout Tests › MinimalContent › smoke-test

    assert.strictEqual(received, expected)

    Expected value to strictly be equal to:
      0
    Received:
      3

    Message:
      3 accessibility violations were detected

    3 !== 0

      at testResultDependsOnViolations (node_modules/axe-playwright/dist/utils.js:16:26)
      at node_modules/axe-playwright/dist/index.js:143:51
      at fulfilled (node_modules/axe-playwright/dist/index.js:28:58)

  ● Templates/PageLayout/Flex Layout Tests › TopbarOnlyFlexTest › smoke-test

    assert.strictEqual(received, expected)

    Expected value to strictly be equal to:
      0
    Received:
      3

    Message:
      3 accessibility violations were detected

    3 !== 0

      at testResultDependsOnViolations (node_modules/axe-playwright/dist/utils.js:16:26)
      at node_modules/axe-playwright/dist/index.js:143:51
      at fulfilled (node_modules/axe-playwright/dist/index.js:28:58)

  ● Templates/PageLayout/Flex Layout Tests › SidebarOnlyFlexTest › smoke-test

    assert.strictEqual(received, expected)

    Expected value to strictly be equal to:
      0
    Received:
      3

    Message:
      3 accessibility violations were detected

    3 !== 0

      at testResultDependsOnViolations (node_modules/axe-playwright/dist/utils.js:16:26)
      at node_modules/axe-playwright/dist/index.js:143:51
      at fulfilled (node_modules/axe-playwright/dist/index.js:28:58)

  ● Templates/PageLayout/Flex Layout Tests › DynamicHeightTest › smoke-test

    assert.strictEqual(received, expected)

    Expected value to strictly be equal to:
      0
    Received:
      3

    Message:
      3 accessibility violations were detected

    3 !== 0

      at testResultDependsOnViolations (node_modules/axe-playwright/dist/utils.js:16:26)
      at node_modules/axe-playwright/dist/index.js:143:51
      at fulfilled (node_modules/axe-playwright/dist/index.js:28:58)

  console.log
    No accessibility violations detected!

      at DefaultTerminalReporter.<anonymous> (node_modules/axe-playwright/dist/reporter/defaultTerminalReporter.js:47:41)

  console.log
    ┌─────────┬─────────────────────────┬───────────┬──────────────────────────────────────────────────────────────────────────────────────────────────────────────────┬───────┐
    │ (index) │ id                      │ impact    │ description                                                                                                      │ nodes │
    ├─────────┼─────────────────────────┼───────────┼──────────────────────────────────────────────────────────────────────────────────────────────────────────────────┼───────┤
    │ 0       │ 'aria-conditional-attr' │ 'serious' │ "Ensure ARIA attributes are used as described in the specification of the element's role"                        │ 1     │
    │ 1       │ 'color-contrast'        │ 'serious' │ 'Ensure the contrast between foreground and background colors meets WCAG 2 AA minimum contrast ratio thresholds' │ 1     │
    └─────────┴─────────────────────────┴───────────┴──────────────────────────────────────────────────────────────────────────────────────────────────────────────────┴───────┘

      at DefaultTerminalReporter.<anonymous> (node_modules/axe-playwright/dist/reporter/defaultTerminalReporter.js:31:25)

  console.log
    ┌─────────┬─────────────────────────────────────────────────────────┬─────────────────────────────────────────────────────────────────────────────────────────────────────────────────────────────────────────────────────────────┬────────────┐
    │ (index) │ target                                                  │ html                                                                                                                                                        │ violations │
    ├─────────┼─────────────────────────────────────────────────────────┼─────────────────────────────────────────────────────────────────────────────────────────────────────────────────────────────────────────────────────────────┼────────────┤
    │ 0       │ '["#\\\\:r2\\\\:"]'                                     │ '<input id=":r2:" name="states" aria-checked="true" aria-disabled="false" aria-invalid="false" type="radio" class="sc-hKwAaq iESgxK" value="2" checked="">' │ '[0]'      │
    │ 1       │ '[".sc-gsDLFA.elskT:nth-child(6) > .gewkxt.sc-bdvvNz"]' │ '<span class="sc-bdvvNz gewkxt" style="color: rgb(163, 163, 163);">No options available</span>'                                                             │ '[1]'      │
    └─────────┴─────────────────────────────────────────────────────────┴─────────────────────────────────────────────────────────────────────────────────────────────────────────────────────────────────────────────────────────────┴────────────┘

      at DefaultTerminalReporter.<anonymous> (node_modules/axe-playwright/dist/reporter/defaultTerminalReporter.js:43:29)

  console.log
    No accessibility violations detected!

      at DefaultTerminalReporter.<anonymous> (node_modules/axe-playwright/dist/reporter/defaultTerminalReporter.js:47:41)

  console.log
    ✅ No accessibility violations in: Components/RadioButton

      at log (.storybook/test-runner.ts:38:15)

  console.log
    No accessibility violations detected!

      at DefaultTerminalReporter.<anonymous> (node_modules/axe-playwright/dist/reporter/defaultTerminalReporter.js:47:41)

  console.log
    ✅ No accessibility violations in: Components/RadioButton

      at log (.storybook/test-runner.ts:38:15)

  console.log
    ┌─────────┬──────────────────┬───────────┬──────────────────────────────────────────────────────────────────────────────────────────────────────────────────┬───────┐
    │ (index) │ id               │ impact    │ description                                                                                                      │ nodes │
    ├─────────┼──────────────────┼───────────┼──────────────────────────────────────────────────────────────────────────────────────────────────────────────────┼───────┤
    │ 0       │ 'color-contrast' │ 'serious' │ 'Ensure the contrast between foreground and background colors meets WCAG 2 AA minimum contrast ratio thresholds' │ 2     │
    └─────────┴──────────────────┴───────────┴──────────────────────────────────────────────────────────────────────────────────────────────────────────────────┴───────┘

      at DefaultTerminalReporter.<anonymous> (node_modules/axe-playwright/dist/reporter/defaultTerminalReporter.js:31:25)

  console.log
    ┌─────────┬─────────────────────────────────────────────────────────┬─────────────────────────────────────────────────────────────────────────────────────────────────┬────────────┐
    │ (index) │ target                                                  │ html                                                                                            │ violations │
    ├─────────┼─────────────────────────────────────────────────────────┼─────────────────────────────────────────────────────────────────────────────────────────────────┼────────────┤
    │ 0       │ '[".sc-gsDLFA.elskT:nth-child(1) > .sc-bdvvNz.gewkxt"]' │ '<span class="sc-bdvvNz gewkxt" style="color: rgb(163, 163, 163);">No options available</span>' │ '[0]'      │
    │ 1       │ '[".sc-gsDLFA.elskT:nth-child(2) > .sc-bdvvNz.gewkxt"]' │ '<span class="sc-bdvvNz gewkxt" style="color: rgb(163, 163, 163);">All options selected</span>' │ '[0]'      │
    └─────────┴─────────────────────────────────────────────────────────┴─────────────────────────────────────────────────────────────────────────────────────────────────┴────────────┘

      at DefaultTerminalReporter.<anonymous> (node_modules/axe-playwright/dist/reporter/defaultTerminalReporter.js:43:29)

  console.log
    No accessibility violations detected!

      at DefaultTerminalReporter.<anonymous> (node_modules/axe-playwright/dist/reporter/defaultTerminalReporter.js:47:41)

  console.log
    ✅ No accessibility violations in: Components/RadioButton

      at log (.storybook/test-runner.ts:38:15)

  console.log
    No accessibility violations detected!

      at DefaultTerminalReporter.<anonymous> (node_modules/axe-playwright/dist/reporter/defaultTerminalReporter.js:47:41)

  console.log
    ✅ No accessibility violations in: Components/RadioButton

      at log (.storybook/test-runner.ts:38:15)

  console.log
    No accessibility violations detected!

      at DefaultTerminalReporter.<anonymous> (node_modules/axe-playwright/dist/reporter/defaultTerminalReporter.js:47:41)

  console.log
    ✅ No accessibility violations in: Components/RadioButton

      at log (.storybook/test-runner.ts:38:15)

  console.log
    ┌─────────┬──────────────────┬───────────┬──────────────────────────────────────────────────────────────────────────────────────────────────────────────────┬───────┐
    │ (index) │ id               │ impact    │ description                                                                                                      │ nodes │
    ├─────────┼──────────────────┼───────────┼──────────────────────────────────────────────────────────────────────────────────────────────────────────────────┼───────┤
    │ 0       │ 'color-contrast' │ 'serious' │ 'Ensure the contrast between foreground and background colors meets WCAG 2 AA minimum contrast ratio thresholds' │ 1     │
    └─────────┴──────────────────┴───────────┴──────────────────────────────────────────────────────────────────────────────────────────────────────────────────┴───────┘

      at DefaultTerminalReporter.<anonymous> (node_modules/axe-playwright/dist/reporter/defaultTerminalReporter.js:31:25)

  console.log
    ┌─────────┬────────────────────────────────────────────┬───────────────────────────────────────────────────────────────────────────────────────────────────────────────────────────┬────────────┐
    │ (index) │ target                                     │ html                                                                                                                      │ violations │
    ├─────────┼────────────────────────────────────────────┼───────────────────────────────────────────────────────────────────────────────────────────────────────────────────────────┼────────────┤
    │ 0       │ '["div:nth-child(2) > .gewkxt.sc-bdvvNz"]' │ '<span class="sc-bdvvNz gewkxt" style="color: rgb(163, 163, 163);">No events yet. Interact with the radio button.</span>' │ '[0]'      │
    └─────────┴────────────────────────────────────────────┴───────────────────────────────────────────────────────────────────────────────────────────────────────────────────────────┴────────────┘

      at DefaultTerminalReporter.<anonymous> (node_modules/axe-playwright/dist/reporter/defaultTerminalReporter.js:43:29)

  console.log
    No accessibility violations detected!

      at DefaultTerminalReporter.<anonymous> (node_modules/axe-playwright/dist/reporter/defaultTerminalReporter.js:47:41)

  console.log
    ✅ No accessibility violations in: Components/RadioButton

      at log (.storybook/test-runner.ts:38:15)

  console.log
    No accessibility violations detected!

      at DefaultTerminalReporter.<anonymous> (node_modules/axe-playwright/dist/reporter/defaultTerminalReporter.js:47:41)

  console.log
    ✅ No accessibility violations in: Components/RadioButton

      at log (.storybook/test-runner.ts:38:15)

  console.log
    No accessibility violations detected!

      at DefaultTerminalReporter.<anonymous> (node_modules/axe-playwright/dist/reporter/defaultTerminalReporter.js:47:41)

  console.log
    ✅ No accessibility violations in: Components/RadioButton

      at log (.storybook/test-runner.ts:38:15)

FAIL browser: chromium src/RadioButton/RadioButton.stories.tsx
  Components/RadioButton
    Playground
      ✕ smoke-test (190 ms)
    AllStates
      ✕ smoke-test (94 ms)
    Sizes
      ✓ smoke-test (136 ms)
    LoadingState
      ✓ smoke-test (77 ms)
    EmptyState
      ✕ smoke-test (64 ms)
    ErrorState
      ✓ smoke-test (75 ms)
    WithTrailingIcon
      ✓ smoke-test (96 ms)
    RadioGroup
      ✓ smoke-test (96 ms)
    WithEventCallbacks
      ✕ smoke-test (64 ms)
    CustomLabel
      ✓ smoke-test (90 ms)
    PolymorphicAs
      ✓ smoke-test (79 ms)
    FormExample
      ✓ smoke-test (91 ms)

  ● Components/RadioButton › Playground › smoke-test

    page.evaluate: Error: Axe is already running. Use `await axe.run()` to wait for the previous run to finish before starting a new run.

      at assert (packages/components/http:/localhost:6007/packages/components/node_modules/.cache/storybook/1c3385a5d25e538d10b518b310c74d3ca2690b6aaffeadccd74da79736171f86/sb-vite/deps/axe-core.js?v=b3da04b4:7427:19)
      at Object.run4 [as run] (packages/components/http:/localhost:6007/packages/components/node_modules/.cache/storybook/1c3385a5d25e538d10b518b310c74d3ca2690b6aaffeadccd74da79736171f86/sb-vite/deps/axe-core.js?v=b3da04b4:29739:13)
      at eval (eval at evaluate (:311:30)packages/components/, <anonymous>:2:27)
      at UtilityScript.evaluate (packages/components/<anonymous>:313:16)
      at UtilityScript.<anonymous> (packages/components/<anonymous>:1:44)
      at node_modules/axe-playwright/dist/index.js:74:31
      at node_modules/axe-playwright/dist/index.js:31:71
      at Object.<anonymous>.__awaiter (node_modules/axe-playwright/dist/index.js:27:12)
      at getAxeResults (node_modules/axe-playwright/dist/index.js:73:51)
      at node_modules/axe-playwright/dist/index.js:87:52
      at node_modules/axe-playwright/dist/index.js:31:71
      at Object.<anonymous>.__awaiter (node_modules/axe-playwright/dist/index.js:27:12)
      at getViolations (node_modules/axe-playwright/dist/index.js:86:51)
      at postVisit (.storybook/test-runner.ts:20:43)

  ● Components/RadioButton › AllStates › smoke-test

    assert.strictEqual(received, expected)

    Expected value to strictly be equal to:
      0
    Received:
      2

    Message:
      2 accessibility violations were detected

    2 !== 0

      at testResultDependsOnViolations (node_modules/axe-playwright/dist/utils.js:16:26)
      at node_modules/axe-playwright/dist/index.js:143:51
      at fulfilled (node_modules/axe-playwright/dist/index.js:28:58)

  ● Components/RadioButton › EmptyState › smoke-test

    assert.strictEqual(received, expected)

    Expected value to strictly be equal to:
      0
    Received:
      1

    Message:
      1 accessibility violation was detected

    1 !== 0

      at testResultDependsOnViolations (node_modules/axe-playwright/dist/utils.js:16:26)
      at node_modules/axe-playwright/dist/index.js:143:51
      at fulfilled (node_modules/axe-playwright/dist/index.js:28:58)

  ● Components/RadioButton › WithEventCallbacks › smoke-test

    assert.strictEqual(received, expected)

    Expected value to strictly be equal to:
      0
    Received:
      1

    Message:
      1 accessibility violation was detected

    1 !== 0

      at testResultDependsOnViolations (node_modules/axe-playwright/dist/utils.js:16:26)
      at node_modules/axe-playwright/dist/index.js:143:51
      at fulfilled (node_modules/axe-playwright/dist/index.js:28:58)

  console.log
    No accessibility violations detected!

      at DefaultTerminalReporter.<anonymous> (node_modules/axe-playwright/dist/reporter/defaultTerminalReporter.js:47:41)

  console.log
    ┌─────────┬──────────────────┬───────────┬──────────────────────────────────────────────────────────────────────────────────────────────────────────────────┬───────┐
    │ (index) │ id               │ impact    │ description                                                                                                      │ nodes │
    ├─────────┼──────────────────┼───────────┼──────────────────────────────────────────────────────────────────────────────────────────────────────────────────┼───────┤
    │ 0       │ 'color-contrast' │ 'serious' │ 'Ensure the contrast between foreground and background colors meets WCAG 2 AA minimum contrast ratio thresholds' │ 1     │
    └─────────┴──────────────────┴───────────┴──────────────────────────────────────────────────────────────────────────────────────────────────────────────────┴───────┘

      at DefaultTerminalReporter.<anonymous> (node_modules/axe-playwright/dist/reporter/defaultTerminalReporter.js:31:25)

  console.log
    ┌─────────┬──────────────────────────────────────────────────────────┬─────────────────────────────────────────────────────────────────────────────────────────────────┬────────────┐
    │ (index) │ target                                                   │ html                                                                                            │ violations │
    ├─────────┼──────────────────────────────────────────────────────────┼─────────────────────────────────────────────────────────────────────────────────────────────────┼────────────┤
    │ 0       │ '[".sc-gsDLFA.kkrOCR:nth-child(6) > .gewkxt.sc-bdvvNz"]' │ '<span class="sc-bdvvNz gewkxt" style="color: rgb(163, 163, 163);">No options available</span>' │ '[0]'      │
    └─────────┴──────────────────────────────────────────────────────────┴─────────────────────────────────────────────────────────────────────────────────────────────────┴────────────┘

      at DefaultTerminalReporter.<anonymous> (node_modules/axe-playwright/dist/reporter/defaultTerminalReporter.js:43:29)

  console.log
    No accessibility violations detected!

      at DefaultTerminalReporter.<anonymous> (node_modules/axe-playwright/dist/reporter/defaultTerminalReporter.js:47:41)

  console.log
    ✅ No accessibility violations in: Components/Toggle

      at log (.storybook/test-runner.ts:38:15)

  console.log
    No accessibility violations detected!

      at DefaultTerminalReporter.<anonymous> (node_modules/axe-playwright/dist/reporter/defaultTerminalReporter.js:47:41)

  console.log
    ✅ No accessibility violations in: Components/Toggle

      at log (.storybook/test-runner.ts:38:15)

  console.log
    ┌─────────┬──────────────────┬───────────┬──────────────────────────────────────────────────────────────────────────────────────────────────────────────────┬───────┐
    │ (index) │ id               │ impact    │ description                                                                                                      │ nodes │
    ├─────────┼──────────────────┼───────────┼──────────────────────────────────────────────────────────────────────────────────────────────────────────────────┼───────┤
    │ 0       │ 'color-contrast' │ 'serious' │ 'Ensure the contrast between foreground and background colors meets WCAG 2 AA minimum contrast ratio thresholds' │ 2     │
    └─────────┴──────────────────┴───────────┴──────────────────────────────────────────────────────────────────────────────────────────────────────────────────┴───────┘

      at DefaultTerminalReporter.<anonymous> (node_modules/axe-playwright/dist/reporter/defaultTerminalReporter.js:31:25)

  console.log
    ┌─────────┬──────────────────────────────────────────────────────────┬─────────────────────────────────────────────────────────────────────────────────────────────────┬────────────┐
    │ (index) │ target                                                   │ html                                                                                            │ violations │
    ├─────────┼──────────────────────────────────────────────────────────┼─────────────────────────────────────────────────────────────────────────────────────────────────┼────────────┤
    │ 0       │ '[".sc-gsDLFA.kkrOCR:nth-child(1) > .sc-bdvvNz.gewkxt"]' │ '<span class="sc-bdvvNz gewkxt" style="color: rgb(163, 163, 163);">No options available</span>' │ '[0]'      │
    │ 1       │ '[".sc-gsDLFA.kkrOCR:nth-child(2) > .sc-bdvvNz.gewkxt"]' │ '<span class="sc-bdvvNz gewkxt" style="color: rgb(163, 163, 163);">All options selected</span>' │ '[0]'      │
    └─────────┴──────────────────────────────────────────────────────────┴─────────────────────────────────────────────────────────────────────────────────────────────────┴────────────┘

      at DefaultTerminalReporter.<anonymous> (node_modules/axe-playwright/dist/reporter/defaultTerminalReporter.js:43:29)

  console.log
    No accessibility violations detected!

      at DefaultTerminalReporter.<anonymous> (node_modules/axe-playwright/dist/reporter/defaultTerminalReporter.js:47:41)

  console.log
    ✅ No accessibility violations in: Components/Toggle

      at log (.storybook/test-runner.ts:38:15)

  console.log
    No accessibility violations detected!

      at DefaultTerminalReporter.<anonymous> (node_modules/axe-playwright/dist/reporter/defaultTerminalReporter.js:47:41)

  console.log
    ✅ No accessibility violations in: Components/Toggle

      at log (.storybook/test-runner.ts:38:15)

  console.log
    No accessibility violations detected!

      at DefaultTerminalReporter.<anonymous> (node_modules/axe-playwright/dist/reporter/defaultTerminalReporter.js:47:41)

  console.log
    ✅ No accessibility violations in: Components/Toggle

      at log (.storybook/test-runner.ts:38:15)

  console.log
    ┌─────────┬──────────────────┬───────────┬──────────────────────────────────────────────────────────────────────────────────────────────────────────────────┬───────┐
    │ (index) │ id               │ impact    │ description                                                                                                      │ nodes │
    ├─────────┼──────────────────┼───────────┼──────────────────────────────────────────────────────────────────────────────────────────────────────────────────┼───────┤
    │ 0       │ 'color-contrast' │ 'serious' │ 'Ensure the contrast between foreground and background colors meets WCAG 2 AA minimum contrast ratio thresholds' │ 1     │
    └─────────┴──────────────────┴───────────┴──────────────────────────────────────────────────────────────────────────────────────────────────────────────────┴───────┘

      at DefaultTerminalReporter.<anonymous> (node_modules/axe-playwright/dist/reporter/defaultTerminalReporter.js:31:25)

  console.log
    ┌─────────┬────────────────────────────────────────────┬────────────────────────────────────────────────────────────────────────────────────────────────────────────────────────────┬────────────┐
    │ (index) │ target                                     │ html                                                                                                                       │ violations │
    ├─────────┼────────────────────────────────────────────┼────────────────────────────────────────────────────────────────────────────────────────────────────────────────────────────┼────────────┤
    │ 0       │ '["div:nth-child(2) > .gewkxt.sc-bdvvNz"]' │ '<span class="sc-bdvvNz gewkxt" style="color: rgb(163, 163, 163);">No events yet. Interact with the toggle button.</span>' │ '[0]'      │
    └─────────┴────────────────────────────────────────────┴────────────────────────────────────────────────────────────────────────────────────────────────────────────────────────────┴────────────┘

      at DefaultTerminalReporter.<anonymous> (node_modules/axe-playwright/dist/reporter/defaultTerminalReporter.js:43:29)

  console.log
    No accessibility violations detected!

      at DefaultTerminalReporter.<anonymous> (node_modules/axe-playwright/dist/reporter/defaultTerminalReporter.js:47:41)

  console.log
    ✅ No accessibility violations in: Components/Toggle

      at log (.storybook/test-runner.ts:38:15)

  console.log
    No accessibility violations detected!

      at DefaultTerminalReporter.<anonymous> (node_modules/axe-playwright/dist/reporter/defaultTerminalReporter.js:47:41)

  console.log
    ✅ No accessibility violations in: Components/Toggle

      at log (.storybook/test-runner.ts:38:15)

  console.log
    No accessibility violations detected!

      at DefaultTerminalReporter.<anonymous> (node_modules/axe-playwright/dist/reporter/defaultTerminalReporter.js:47:41)

  console.log
    ✅ No accessibility violations in: Components/Toggle

      at log (.storybook/test-runner.ts:38:15)

FAIL browser: chromium src/Toggle/Toggle.stories.tsx
  Components/Toggle
    Playground
      ✕ smoke-test (193 ms)
    AllStates
      ✕ smoke-test (101 ms)
    Sizes
      ✓ smoke-test (116 ms)
    LoadingState
      ✓ smoke-test (77 ms)
    EmptyState
      ✕ smoke-test (62 ms)
    ErrorState
      ✓ smoke-test (74 ms)
    WithTrailingIcon
      ✓ smoke-test (93 ms)
    RadioGroup
      ✓ smoke-test (102 ms)
    WithEventCallbacks
      ✕ smoke-test (63 ms)
    CustomLabel
      ✓ smoke-test (87 ms)
    PolymorphicAs
      ✓ smoke-test (83 ms)
    FormExample
      ✓ smoke-test (91 ms)

  ● Components/Toggle › Playground › smoke-test

    page.evaluate: Error: Axe is already running. Use `await axe.run()` to wait for the previous run to finish before starting a new run.

      at assert (packages/components/http:/localhost:6007/packages/components/node_modules/.cache/storybook/1c3385a5d25e538d10b518b310c74d3ca2690b6aaffeadccd74da79736171f86/sb-vite/deps/axe-core.js?v=b3da04b4:7427:19)
      at Object.run4 [as run] (packages/components/http:/localhost:6007/packages/components/node_modules/.cache/storybook/1c3385a5d25e538d10b518b310c74d3ca2690b6aaffeadccd74da79736171f86/sb-vite/deps/axe-core.js?v=b3da04b4:29739:13)
      at eval (eval at evaluate (:311:30)packages/components/, <anonymous>:2:27)
      at UtilityScript.evaluate (packages/components/<anonymous>:313:16)
      at UtilityScript.<anonymous> (packages/components/<anonymous>:1:44)
      at node_modules/axe-playwright/dist/index.js:74:31
      at node_modules/axe-playwright/dist/index.js:31:71
      at Object.<anonymous>.__awaiter (node_modules/axe-playwright/dist/index.js:27:12)
      at getAxeResults (node_modules/axe-playwright/dist/index.js:73:51)
      at node_modules/axe-playwright/dist/index.js:87:52
      at node_modules/axe-playwright/dist/index.js:31:71
      at Object.<anonymous>.__awaiter (node_modules/axe-playwright/dist/index.js:27:12)
      at getViolations (node_modules/axe-playwright/dist/index.js:86:51)
      at postVisit (.storybook/test-runner.ts:20:43)

  ● Components/Toggle › AllStates › smoke-test

    assert.strictEqual(received, expected)

    Expected value to strictly be equal to:
      0
    Received:
      1

    Message:
      1 accessibility violation was detected

    1 !== 0

      at testResultDependsOnViolations (node_modules/axe-playwright/dist/utils.js:16:26)
      at node_modules/axe-playwright/dist/index.js:143:51
      at fulfilled (node_modules/axe-playwright/dist/index.js:28:58)

  ● Components/Toggle › EmptyState › smoke-test

    assert.strictEqual(received, expected)

    Expected value to strictly be equal to:
      0
    Received:
      1

    Message:
      1 accessibility violation was detected

    1 !== 0

      at testResultDependsOnViolations (node_modules/axe-playwright/dist/utils.js:16:26)
      at node_modules/axe-playwright/dist/index.js:143:51
      at fulfilled (node_modules/axe-playwright/dist/index.js:28:58)

  ● Components/Toggle › WithEventCallbacks › smoke-test

    assert.strictEqual(received, expected)

    Expected value to strictly be equal to:
      0
    Received:
      1

    Message:
      1 accessibility violation was detected

    1 !== 0

      at testResultDependsOnViolations (node_modules/axe-playwright/dist/utils.js:16:26)
      at node_modules/axe-playwright/dist/index.js:143:51
      at fulfilled (node_modules/axe-playwright/dist/index.js:28:58)

  console.log
    ┌─────────┬──────────────────┬───────────┬──────────────────────────────────────────────────────────────────────────────────────────────────────────────────┬───────┐
    │ (index) │ id               │ impact    │ description                                                                                                      │ nodes │
    ├─────────┼──────────────────┼───────────┼──────────────────────────────────────────────────────────────────────────────────────────────────────────────────┼───────┤
    │ 0       │ 'color-contrast' │ 'serious' │ 'Ensure the contrast between foreground and background colors meets WCAG 2 AA minimum contrast ratio thresholds' │ 1     │
    └─────────┴──────────────────┴───────────┴──────────────────────────────────────────────────────────────────────────────────────────────────────────────────┴───────┘

      at DefaultTerminalReporter.<anonymous> (node_modules/axe-playwright/dist/reporter/defaultTerminalReporter.js:31:25)

  console.log
    ┌─────────┬──────────────────┬────────────────────────────────────────────────┬────────────┐
    │ (index) │ target           │ html                                           │ violations │
    ├─────────┼──────────────────┼────────────────────────────────────────────────┼────────────┤
    │ 0       │ '[".sc-gKckfV"]' │ '<div class="sc-gKckfV gcTbGL">Hover Me</div>' │ '[0]'      │
    └─────────┴──────────────────┴────────────────────────────────────────────────┴────────────┘

      at DefaultTerminalReporter.<anonymous> (node_modules/axe-playwright/dist/reporter/defaultTerminalReporter.js:43:29)

  console.log
    No accessibility violations detected!

      at DefaultTerminalReporter.<anonymous> (node_modules/axe-playwright/dist/reporter/defaultTerminalReporter.js:47:41)

  console.log
    ✅ No accessibility violations in: Components/Tooltip

      at log (.storybook/test-runner.ts:38:15)

  console.log
    No accessibility violations detected!

      at DefaultTerminalReporter.<anonymous> (node_modules/axe-playwright/dist/reporter/defaultTerminalReporter.js:47:41)

  console.log
    ✅ No accessibility violations in: Components/Tooltip

      at log (.storybook/test-runner.ts:38:15)

  console.log
    No accessibility violations detected!

      at DefaultTerminalReporter.<anonymous> (node_modules/axe-playwright/dist/reporter/defaultTerminalReporter.js:47:41)

  console.log
    ✅ No accessibility violations in: Components/Tooltip

      at log (.storybook/test-runner.ts:38:15)

  console.log
    No accessibility violations detected!

      at DefaultTerminalReporter.<anonymous> (node_modules/axe-playwright/dist/reporter/defaultTerminalReporter.js:47:41)

  console.log
    ✅ No accessibility violations in: Components/Tooltip

      at log (.storybook/test-runner.ts:38:15)

  console.log
    ┌─────────┬──────────────────┬───────────┬──────────────────────────────────────────────────────────────────────────────────────────────────────────────────┬───────┐
    │ (index) │ id               │ impact    │ description                                                                                                      │ nodes │
    ├─────────┼──────────────────┼───────────┼──────────────────────────────────────────────────────────────────────────────────────────────────────────────────┼───────┤
    │ 0       │ 'color-contrast' │ 'serious' │ 'Ensure the contrast between foreground and background colors meets WCAG 2 AA minimum contrast ratio thresholds' │ 1     │
    └─────────┴──────────────────┴───────────┴──────────────────────────────────────────────────────────────────────────────────────────────────────────────────┴───────┘

      at DefaultTerminalReporter.<anonymous> (node_modules/axe-playwright/dist/reporter/defaultTerminalReporter.js:31:25)

  console.log
    ┌─────────┬──────────────────┬──────────────────────────────────────────────────────────────────────────────────┬────────────┐
    │ (index) │ target           │ html                                                                             │ violations │
    ├─────────┼──────────────────┼──────────────────────────────────────────────────────────────────────────────────┼────────────┤
    │ 0       │ '[".sc-gKckfV"]' │ '<div class="sc-gKckfV gcTbGL" style="width: 100px; height: 100px;">Chart</div>' │ '[0]'      │
    └─────────┴──────────────────┴──────────────────────────────────────────────────────────────────────────────────┴────────────┘

      at DefaultTerminalReporter.<anonymous> (node_modules/axe-playwright/dist/reporter/defaultTerminalReporter.js:43:29)

  console.log
    No accessibility violations detected!

      at DefaultTerminalReporter.<anonymous> (node_modules/axe-playwright/dist/reporter/defaultTerminalReporter.js:47:41)

  console.log
    ✅ No accessibility violations in: Components/Tooltip

      at log (.storybook/test-runner.ts:38:15)

  console.log
    No accessibility violations detected!

      at DefaultTerminalReporter.<anonymous> (node_modules/axe-playwright/dist/reporter/defaultTerminalReporter.js:47:41)

  console.log
    ✅ No accessibility violations in: Components/Tooltip

      at log (.storybook/test-runner.ts:38:15)

  console.log
    No accessibility violations detected!

      at DefaultTerminalReporter.<anonymous> (node_modules/axe-playwright/dist/reporter/defaultTerminalReporter.js:47:41)

  console.log
    ✅ No accessibility violations in: Components/Tooltip

      at log (.storybook/test-runner.ts:38:15)

  console.log
    No accessibility violations detected!

      at DefaultTerminalReporter.<anonymous> (node_modules/axe-playwright/dist/reporter/defaultTerminalReporter.js:47:41)

  console.log
    ✅ No accessibility violations in: Components/Tooltip

      at log (.storybook/test-runner.ts:38:15)

  console.log
    No accessibility violations detected!

      at DefaultTerminalReporter.<anonymous> (node_modules/axe-playwright/dist/reporter/defaultTerminalReporter.js:47:41)

  console.log
    ✅ No accessibility violations in: Components/Tooltip

      at log (.storybook/test-runner.ts:38:15)

  console.log
    No accessibility violations detected!

      at DefaultTerminalReporter.<anonymous> (node_modules/axe-playwright/dist/reporter/defaultTerminalReporter.js:47:41)

  console.log
    ✅ No accessibility violations in: Components/Tooltip

      at log (.storybook/test-runner.ts:38:15)

  console.log
    No accessibility violations detected!

      at DefaultTerminalReporter.<anonymous> (node_modules/axe-playwright/dist/reporter/defaultTerminalReporter.js:47:41)

  console.log
    ✅ No accessibility violations in: Components/Tooltip

      at log (.storybook/test-runner.ts:38:15)

  console.log
    No accessibility violations detected!

      at DefaultTerminalReporter.<anonymous> (node_modules/axe-playwright/dist/reporter/defaultTerminalReporter.js:47:41)

  console.log
    ✅ No accessibility violations in: Components/Tooltip

      at log (.storybook/test-runner.ts:38:15)

FAIL browser: chromium src/Tooltip/Tooltip.stories.tsx
  Components/Tooltip
    DefaultVariant
      ✕ smoke-test (140 ms)
    PointerTop
      ✓ smoke-test (104 ms)
    PointerBottom
      ✓ smoke-test (71 ms)
    PointerLeft
      ✓ smoke-test (70 ms)
    PointerRight
      ✓ smoke-test (68 ms)
    VariantComparison
      ✕ smoke-test (78 ms)
    AlwaysVisible
      ✓ smoke-test (87 ms)
    PointerAlwaysVisible
      ✓ smoke-test (84 ms)
    LoadingState
      ✓ smoke-test (66 ms)
    EmptyState
      ✓ smoke-test (65 ms)
    ErrorState
      ✓ smoke-test (65 ms)
    DisabledState
      ✓ smoke-test (66 ms)
    CustomMaxWidth
      ✓ smoke-test (94 ms)
    WithEventCallbacks
      ✓ smoke-test (84 ms)

  ● Components/Tooltip › DefaultVariant › smoke-test

    assert.strictEqual(received, expected)

    Expected value to strictly be equal to:
      0
    Received:
      1

    Message:
      1 accessibility violation was detected

    1 !== 0

      at testResultDependsOnViolations (node_modules/axe-playwright/dist/utils.js:16:26)
      at node_modules/axe-playwright/dist/index.js:143:51
      at fulfilled (node_modules/axe-playwright/dist/index.js:28:58)

  ● Components/Tooltip › VariantComparison › smoke-test

    assert.strictEqual(received, expected)

    Expected value to strictly be equal to:
      0
    Received:
      1

    Message:
      1 accessibility violation was detected

    1 !== 0

      at testResultDependsOnViolations (node_modules/axe-playwright/dist/utils.js:16:26)
      at node_modules/axe-playwright/dist/index.js:143:51
      at fulfilled (node_modules/axe-playwright/dist/index.js:28:58)

  console.log
    ┌─────────┬────────────────────────┬────────────┬──────────────────────────────────────────────────────────────────────────────────────────────────────────────────┬───────┐
    │ (index) │ id                     │ impact     │ description                                                                                                      │ nodes │
    ├─────────┼────────────────────────┼────────────┼──────────────────────────────────────────────────────────────────────────────────────────────────────────────────┼───────┤
    │ 0       │ 'aria-allowed-attr'    │ 'critical' │ "Ensure an element's role supports its ARIA attributes"                                                          │ 3     │
    │ 1       │ 'aria-required-parent' │ 'critical' │ 'Ensure elements with an ARIA role that require parent roles are contained by them'                              │ 3     │
    │ 2       │ 'color-contrast'       │ 'serious'  │ 'Ensure the contrast between foreground and background colors meets WCAG 2 AA minimum contrast ratio thresholds' │ 3     │
    └─────────┴────────────────────────┴────────────┴──────────────────────────────────────────────────────────────────────────────────────────────────────────────────┴───────┘

      at DefaultTerminalReporter.<anonymous> (node_modules/axe-playwright/dist/reporter/defaultTerminalReporter.js:31:25)

  console.log
    ┌─────────┬───────────────────────────────┬────────────────────────────────────────────────────────────────────────────────────────────────────────────────────────────────┬────────────┐
    │ (index) │ target                        │ html                                                                                                                           │ violations │
    ├─────────┼───────────────────────────────┼────────────────────────────────────────────────────────────────────────────────────────────────────────────────────────────────┼────────────┤
    │ 0       │ '["#menu-item-\\\\:r0\\\\:"]' │ '<div role="menuitem" tabindex="0" aria-selected="true" aria-disabled="false" id="menu-item-:r0:" class="sc-bBHyYg jmZxwG">'   │ '[0,1]'    │
    │ 1       │ '["#menu-item-\\\\:r1\\\\:"]' │ '<div role="menuitem" tabindex="-1" aria-selected="false" aria-disabled="false" id="menu-item-:r1:" class="sc-bBHyYg jsYVWS">' │ '[0,1]'    │
    │ 2       │ '["#menu-item-\\\\:r2\\\\:"]' │ '<div role="menuitem" tabindex="-1" aria-selected="false" aria-disabled="false" id="menu-item-:r2:" class="sc-bBHyYg jsYVWS">' │ '[0,1]'    │
    │ 3       │ '[".judsBH"]'                 │ '<a href="/" class="sc-khQezX judsBH">Home</a>'                                                                                │ '[2]'      │
    │ 4       │ '[".sc-gSQItk"]'              │ '<p class="sc-gSQItk jatJSG">Overview of your application metrics and data</p>'                                                │ '[2]'      │
    │ 5       │ '[".sc-iNGEii"]'              │ '<div class="sc-iNGEii fYXtZQ">Last Updated on Sept 23, 2024</div>'                                                            │ '[2]'      │
    └─────────┴───────────────────────────────┴────────────────────────────────────────────────────────────────────────────────────────────────────────────────────────────────┴────────────┘

      at DefaultTerminalReporter.<anonymous> (node_modules/axe-playwright/dist/reporter/defaultTerminalReporter.js:43:29)

  console.log
    ┌─────────┬────────────────────────┬────────────┬──────────────────────────────────────────────────────────────────────────────────────────────────────────────────┬───────┐
    │ (index) │ id                     │ impact     │ description                                                                                                      │ nodes │
    ├─────────┼────────────────────────┼────────────┼──────────────────────────────────────────────────────────────────────────────────────────────────────────────────┼───────┤
    │ 0       │ 'aria-allowed-attr'    │ 'critical' │ "Ensure an element's role supports its ARIA attributes"                                                          │ 6     │
    │ 1       │ 'aria-required-parent' │ 'critical' │ 'Ensure elements with an ARIA role that require parent roles are contained by them'                              │ 6     │
    │ 2       │ 'color-contrast'       │ 'serious'  │ 'Ensure the contrast between foreground and background colors meets WCAG 2 AA minimum contrast ratio thresholds' │ 3     │
    └─────────┴────────────────────────┴────────────┴──────────────────────────────────────────────────────────────────────────────────────────────────────────────────┴───────┘

      at DefaultTerminalReporter.<anonymous> (node_modules/axe-playwright/dist/reporter/defaultTerminalReporter.js:31:25)

  console.log
    ┌─────────┬───────────────────────────────┬────────────────────────────────────────────────────────────────────────────────────────────────────────────────────────────────┬────────────┐
    │ (index) │ target                        │ html                                                                                                                           │ violations │
    ├─────────┼───────────────────────────────┼────────────────────────────────────────────────────────────────────────────────────────────────────────────────────────────────┼────────────┤
    │ 0       │ '["#menu-item-\\\\:r3\\\\:"]' │ '<div role="menuitem" tabindex="-1" aria-selected="false" aria-disabled="false" id="menu-item-:r3:" class="sc-bBHyYg kptuuM">' │ '[0,1]'    │
    │ 1       │ '["#menu-item-\\\\:r4\\\\:"]' │ '<div role="menuitem" tabindex="0" aria-selected="true" aria-disabled="false" id="menu-item-:r4:" class="sc-bBHyYg bzFgyw">'   │ '[0,1]'    │
    │ 2       │ '["#menu-item-\\\\:r5\\\\:"]' │ '<div role="menuitem" tabindex="-1" aria-selected="false" aria-disabled="false" id="menu-item-:r5:" class="sc-bBHyYg kptuuM">' │ '[0,1]'    │
    │ 3       │ '["#menu-item-\\\\:r6\\\\:"]' │ '<div role="menuitem" tabindex="-1" aria-selected="false" aria-disabled="false" id="menu-item-:r6:" class="sc-bBHyYg kptuuM">' │ '[0,1]'    │
    │ 4       │ '["#menu-item-\\\\:r7\\\\:"]' │ '<div role="menuitem" tabindex="-1" aria-selected="false" aria-disabled="false" id="menu-item-:r7:" class="sc-bBHyYg kptuuM">' │ '[0,1]'    │
    │ 5       │ '["#menu-item-\\\\:r8\\\\:"]' │ '<div role="menuitem" tabindex="-1" aria-selected="false" aria-disabled="false" id="menu-item-:r8:" class="sc-bBHyYg kptuuM">' │ '[0,1]'    │
    │ 6       │ '[".judsBH"]'                 │ '<a href="/" class="sc-khQezX judsBH">Home</a>'                                                                                │ '[2]'      │
    │ 7       │ '[".sc-gSQItk"]'              │ '<p class="sc-gSQItk jatJSG">Manage and configure your services</p>'                                                           │ '[2]'      │
    │ 8       │ '[".sc-iNGEii"]'              │ '<div class="sc-iNGEii fYXtZQ">Last Updated on Sept 23, 2024</div>'                                                            │ '[2]'      │
    └─────────┴───────────────────────────────┴────────────────────────────────────────────────────────────────────────────────────────────────────────────────────────────────┴────────────┘

      at DefaultTerminalReporter.<anonymous> (node_modules/axe-playwright/dist/reporter/defaultTerminalReporter.js:43:29)

  console.log
    ┌─────────┬────────────────────────┬────────────┬──────────────────────────────────────────────────────────────────────────────────────────────────────────────────┬───────┐
    │ (index) │ id                     │ impact     │ description                                                                                                      │ nodes │
    ├─────────┼────────────────────────┼────────────┼──────────────────────────────────────────────────────────────────────────────────────────────────────────────────┼───────┤
    │ 0       │ 'aria-allowed-attr'    │ 'critical' │ "Ensure an element's role supports its ARIA attributes"                                                          │ 7     │
    │ 1       │ 'aria-required-parent' │ 'critical' │ 'Ensure elements with an ARIA role that require parent roles are contained by them'                              │ 7     │
    │ 2       │ 'color-contrast'       │ 'serious'  │ 'Ensure the contrast between foreground and background colors meets WCAG 2 AA minimum contrast ratio thresholds' │ 3     │
    └─────────┴────────────────────────┴────────────┴──────────────────────────────────────────────────────────────────────────────────────────────────────────────────┴───────┘

      at DefaultTerminalReporter.<anonymous> (node_modules/axe-playwright/dist/reporter/defaultTerminalReporter.js:31:25)

  console.log
    ┌─────────┬───────────────────────────────┬────────────────────────────────────────────────────────────────────────────────────────────────────────────────────────────────┬────────────┐
    │ (index) │ target                        │ html                                                                                                                           │ violations │
    ├─────────┼───────────────────────────────┼────────────────────────────────────────────────────────────────────────────────────────────────────────────────────────────────┼────────────┤
    │ 0       │ '["#menu-item-\\\\:r9\\\\:"]' │ '<div role="menuitem" tabindex="-1" aria-selected="false" aria-disabled="false" id="menu-item-:r9:" class="sc-bBHyYg kptuuM">' │ '[0,1]'    │
    │ 1       │ '["#menu-item-\\\\:ra\\\\:"]' │ '<div role="menuitem" tabindex="-1" aria-selected="false" aria-disabled="false" id="menu-item-:ra:" class="sc-bBHyYg kptuuM">' │ '[0,1]'    │
    │ 2       │ '["#menu-item-\\\\:rb\\\\:"]' │ '<div role="menuitem" tabindex="0" aria-selected="true" aria-disabled="false" id="menu-item-:rb:" class="sc-bBHyYg bzFgyw">'   │ '[0,1]'    │
    │ 3       │ '["#menu-item-\\\\:rc\\\\:"]' │ '<div role="menuitem" tabindex="-1" aria-selected="false" aria-disabled="false" id="menu-item-:rc:" class="sc-bBHyYg kptuuM">' │ '[0,1]'    │
    │ 4       │ '["#menu-item-\\\\:rd\\\\:"]' │ '<div role="menuitem" tabindex="-1" aria-selected="false" aria-disabled="false" id="menu-item-:rd:" class="sc-bBHyYg kptuuM">' │ '[0,1]'    │
    │ 5       │ '["#menu-item-\\\\:re\\\\:"]' │ '<div role="menuitem" tabindex="-1" aria-selected="false" aria-disabled="false" id="menu-item-:re:" class="sc-bBHyYg fPuCep">' │ '[0,1]'    │
    │ 6       │ '["#menu-item-\\\\:rf\\\\:"]' │ '<div role="menuitem" tabindex="-1" aria-selected="false" aria-disabled="false" id="menu-item-:rf:" class="sc-bBHyYg fPuCep">' │ '[0,1]'    │
    │ 7       │ '[".judsBH"]'                 │ '<a href="/" class="sc-khQezX judsBH">Home</a>'                                                                                │ '[2]'      │
    │ 8       │ '[".sc-gSQItk"]'              │ '<p class="sc-gSQItk jatJSG">Configure your application preferences and options</p>'                                           │ '[2]'      │
    │ 9       │ '[".sc-iNGEii"]'              │ '<div class="sc-iNGEii fYXtZQ">Last Updated on Sept 23, 2024</div>'                                                            │ '[2]'      │
    └─────────┴───────────────────────────────┴────────────────────────────────────────────────────────────────────────────────────────────────────────────────────────────────┴────────────┘

      at DefaultTerminalReporter.<anonymous> (node_modules/axe-playwright/dist/reporter/defaultTerminalReporter.js:43:29)

  console.log
    ┌─────────┬──────────────────┬───────────┬──────────────────────────────────────────────────────────────────────────────────────────────────────────────────┬───────┐
    │ (index) │ id               │ impact    │ description                                                                                                      │ nodes │
    ├─────────┼──────────────────┼───────────┼──────────────────────────────────────────────────────────────────────────────────────────────────────────────────┼───────┤
    │ 0       │ 'color-contrast' │ 'serious' │ 'Ensure the contrast between foreground and background colors meets WCAG 2 AA minimum contrast ratio thresholds' │ 2     │
    └─────────┴──────────────────┴───────────┴──────────────────────────────────────────────────────────────────────────────────────────────────────────────────┴───────┘

      at DefaultTerminalReporter.<anonymous> (node_modules/axe-playwright/dist/reporter/defaultTerminalReporter.js:31:25)

  console.log
    ┌─────────┬──────────────────┬─────────────────────────────────────────────────────────────────────┬────────────┐
    │ (index) │ target           │ html                                                                │ violations │
    ├─────────┼──────────────────┼─────────────────────────────────────────────────────────────────────┼────────────┤
    │ 0       │ '[".judsBH"]'    │ '<span class="sc-khQezX judsBH">Home</span>'                        │ '[0]'      │
    │ 1       │ '[".sc-iNGEii"]' │ '<div class="sc-iNGEii fYXtZQ">Last Updated on Sept 23, 2024</div>' │ '[0]'      │
    └─────────┴──────────────────┴─────────────────────────────────────────────────────────────────────┴────────────┘

      at DefaultTerminalReporter.<anonymous> (node_modules/axe-playwright/dist/reporter/defaultTerminalReporter.js:43:29)

  console.log
    ┌─────────┬────────────────────────┬────────────┬──────────────────────────────────────────────────────────────────────────────────────────────────────────────────┬───────┐
    │ (index) │ id                     │ impact     │ description                                                                                                      │ nodes │
    ├─────────┼────────────────────────┼────────────┼──────────────────────────────────────────────────────────────────────────────────────────────────────────────────┼───────┤
    │ 0       │ 'aria-allowed-attr'    │ 'critical' │ "Ensure an element's role supports its ARIA attributes"                                                          │ 2     │
    │ 1       │ 'aria-required-parent' │ 'critical' │ 'Ensure elements with an ARIA role that require parent roles are contained by them'                              │ 2     │
    │ 2       │ 'color-contrast'       │ 'serious'  │ 'Ensure the contrast between foreground and background colors meets WCAG 2 AA minimum contrast ratio thresholds' │ 3     │
    │ 3       │ 'heading-order'        │ 'moderate' │ 'Ensure the order of headings is semantically correct'                                                           │ 1     │
    └─────────┴────────────────────────┴────────────┴──────────────────────────────────────────────────────────────────────────────────────────────────────────────────┴───────┘

      at DefaultTerminalReporter.<anonymous> (node_modules/axe-playwright/dist/reporter/defaultTerminalReporter.js:31:25)

  console.log
    ┌─────────┬───────────────────────────────┬────────────────────────────────────────────────────────────────────────────────────────────────────────────────────────────────┬────────────┐
    │ (index) │ target                        │ html                                                                                                                           │ violations │
    ├─────────┼───────────────────────────────┼────────────────────────────────────────────────────────────────────────────────────────────────────────────────────────────────┼────────────┤
    │ 0       │ '["#menu-item-\\\\:rg\\\\:"]' │ '<div role="menuitem" tabindex="0" aria-selected="true" aria-disabled="false" id="menu-item-:rg:" class="sc-bBHyYg bzFgyw">'   │ '[0,1]'    │
    │ 1       │ '["#menu-item-\\\\:rh\\\\:"]' │ '<div role="menuitem" tabindex="-1" aria-selected="false" aria-disabled="false" id="menu-item-:rh:" class="sc-bBHyYg kptuuM">' │ '[0,1]'    │
    │ 2       │ '[".judsBH"]'                 │ '<a href="/" class="sc-khQezX judsBH">Home</a>'                                                                                │ '[2]'      │
    │ 3       │ '[".sc-gSQItk"]'              │ '<p class="sc-gSQItk jatJSG">Custom grid layout example</p>'                                                                   │ '[2]'      │
    │ 4       │ '[".sc-iNGEii"]'              │ '<div class="sc-iNGEii fYXtZQ">Last Updated on Sept 23, 2024</div>'                                                            │ '[2]'      │
    │ 5       │ '["div:nth-child(1) > h3"]'   │ '<h3 style="margin-top: 0px;">Card 1</h3>'                                                                                     │ '[3]'      │
    └─────────┴───────────────────────────────┴────────────────────────────────────────────────────────────────────────────────────────────────────────────────────────────────┴────────────┘

      at DefaultTerminalReporter.<anonymous> (node_modules/axe-playwright/dist/reporter/defaultTerminalReporter.js:43:29)

  console.log
    ┌─────────┬────────────────────────┬────────────┬──────────────────────────────────────────────────────────────────────────────────────────────────────────────────┬───────┐
    │ (index) │ id                     │ impact     │ description                                                                                                      │ nodes │
    ├─────────┼────────────────────────┼────────────┼──────────────────────────────────────────────────────────────────────────────────────────────────────────────────┼───────┤
    │ 0       │ 'aria-allowed-attr'    │ 'critical' │ "Ensure an element's role supports its ARIA attributes"                                                          │ 5     │
    │ 1       │ 'aria-required-parent' │ 'critical' │ 'Ensure elements with an ARIA role that require parent roles are contained by them'                              │ 5     │
    │ 2       │ 'color-contrast'       │ 'serious'  │ 'Ensure the contrast between foreground and background colors meets WCAG 2 AA minimum contrast ratio thresholds' │ 3     │
    │ 3       │ 'heading-order'        │ 'moderate' │ 'Ensure the order of headings is semantically correct'                                                           │ 1     │
    └─────────┴────────────────────────┴────────────┴──────────────────────────────────────────────────────────────────────────────────────────────────────────────────┴───────┘

      at DefaultTerminalReporter.<anonymous> (node_modules/axe-playwright/dist/reporter/defaultTerminalReporter.js:31:25)

  console.log
    ┌─────────┬───────────────────────────────┬────────────────────────────────────────────────────────────────────────────────────────────────────────────────────────────────┬────────────┐
    │ (index) │ target                        │ html                                                                                                                           │ violations │
    ├─────────┼───────────────────────────────┼────────────────────────────────────────────────────────────────────────────────────────────────────────────────────────────────┼────────────┤
    │ 0       │ '["#menu-item-\\\\:ri\\\\:"]' │ '<div role="menuitem" tabindex="0" aria-selected="true" aria-disabled="false" id="menu-item-:ri:" class="sc-bBHyYg bzFgyw">'   │ '[0,1]'    │
    │ 1       │ '["#menu-item-\\\\:rj\\\\:"]' │ '<div role="menuitem" tabindex="-1" aria-selected="false" aria-disabled="false" id="menu-item-:rj:" class="sc-bBHyYg kptuuM">' │ '[0,1]'    │
    │ 2       │ '["#menu-item-\\\\:rk\\\\:"]' │ '<div role="menuitem" tabindex="-1" aria-selected="false" aria-disabled="false" id="menu-item-:rk:" class="sc-bBHyYg kptuuM">' │ '[0,1]'    │
    │ 3       │ '["#menu-item-\\\\:rl\\\\:"]' │ '<div role="menuitem" tabindex="-1" aria-selected="false" aria-disabled="false" id="menu-item-:rl:" class="sc-bBHyYg fPuCep">' │ '[0,1]'    │
    │ 4       │ '["#menu-item-\\\\:rm\\\\:"]' │ '<div role="menuitem" tabindex="-1" aria-selected="false" aria-disabled="false" id="menu-item-:rm:" class="sc-bBHyYg fPuCep">' │ '[0,1]'    │
    │ 5       │ '[".judsBH"]'                 │ '<a href="/" class="sc-khQezX judsBH">Home</a>'                                                                                │ '[2]'      │
    │ 6       │ '[".sc-gSQItk"]'              │ '<p class="sc-gSQItk jatJSG">Test all the new interactive features</p>'                                                        │ '[2]'      │
    │ 7       │ '[".sc-iNGEii"]'              │ '<div class="sc-iNGEii fYXtZQ">Last Updated on Sept 23, 2024</div>'                                                            │ '[2]'      │
    │ 8       │ '["h3"]'                      │ '<h3 style="margin-top: 0px;">🎯 Test the New Features:</h3>'                                                                  │ '[3]'      │
    └─────────┴───────────────────────────────┴────────────────────────────────────────────────────────────────────────────────────────────────────────────────────────────────┴────────────┘

      at DefaultTerminalReporter.<anonymous> (node_modules/axe-playwright/dist/reporter/defaultTerminalReporter.js:43:29)

  console.log
    ┌─────────┬────────────────────────┬────────────┬──────────────────────────────────────────────────────────────────────────────────────────────────────────────────┬───────┐
    │ (index) │ id                     │ impact     │ description                                                                                                      │ nodes │
    ├─────────┼────────────────────────┼────────────┼──────────────────────────────────────────────────────────────────────────────────────────────────────────────────┼───────┤
    │ 0       │ 'aria-allowed-attr'    │ 'critical' │ "Ensure an element's role supports its ARIA attributes"                                                          │ 2     │
    │ 1       │ 'aria-required-parent' │ 'critical' │ 'Ensure elements with an ARIA role that require parent roles are contained by them'                              │ 2     │
    │ 2       │ 'color-contrast'       │ 'serious'  │ 'Ensure the contrast between foreground and background colors meets WCAG 2 AA minimum contrast ratio thresholds' │ 3     │
    │ 3       │ 'heading-order'        │ 'moderate' │ 'Ensure the order of headings is semantically correct'                                                           │ 1     │
    └─────────┴────────────────────────┴────────────┴──────────────────────────────────────────────────────────────────────────────────────────────────────────────────┴───────┘

      at DefaultTerminalReporter.<anonymous> (node_modules/axe-playwright/dist/reporter/defaultTerminalReporter.js:31:25)

  console.log
    ┌─────────┬───────────────────────────────┬────────────────────────────────────────────────────────────────────────────────────────────────────────────────────────────────┬────────────┐
    │ (index) │ target                        │ html                                                                                                                           │ violations │
    ├─────────┼───────────────────────────────┼────────────────────────────────────────────────────────────────────────────────────────────────────────────────────────────────┼────────────┤
    │ 0       │ '["#menu-item-\\\\:rn\\\\:"]' │ '<div role="menuitem" tabindex="0" aria-selected="true" aria-disabled="false" id="menu-item-:rn:" class="sc-bBHyYg bzFgyw">'   │ '[0,1]'    │
    │ 1       │ '["#menu-item-\\\\:ro\\\\:"]' │ '<div role="menuitem" tabindex="-1" aria-selected="false" aria-disabled="false" id="menu-item-:ro:" class="sc-bBHyYg kptuuM">' │ '[0,1]'    │
    │ 2       │ '[".judsBH"]'                 │ '<a href="/" class="sc-khQezX judsBH">Home</a>'                                                                                │ '[2]'      │
    │ 3       │ '[".sc-gSQItk"]'              │ '<p class="sc-gSQItk jatJSG">Sidebar expands only when clicking the toggle button</p>'                                         │ '[2]'      │
    │ 4       │ '[".sc-iNGEii"]'              │ '<div class="sc-iNGEii fYXtZQ">Last Updated on Sept 23, 2024</div>'                                                            │ '[2]'      │
    │ 5       │ '["h3"]'                      │ '<h3>Button-Only Mode</h3>'                                                                                                    │ '[3]'      │
    └─────────┴───────────────────────────────┴────────────────────────────────────────────────────────────────────────────────────────────────────────────────────────────────┴────────────┘

      at DefaultTerminalReporter.<anonymous> (node_modules/axe-playwright/dist/reporter/defaultTerminalReporter.js:43:29)

  console.log
    ┌─────────┬────────────────────────┬────────────┬──────────────────────────────────────────────────────────────────────────────────────────────────────────────────┬───────┐
    │ (index) │ id                     │ impact     │ description                                                                                                      │ nodes │
    ├─────────┼────────────────────────┼────────────┼──────────────────────────────────────────────────────────────────────────────────────────────────────────────────┼───────┤
    │ 0       │ 'aria-allowed-attr'    │ 'critical' │ "Ensure an element's role supports its ARIA attributes"                                                          │ 2     │
    │ 1       │ 'aria-required-parent' │ 'critical' │ 'Ensure elements with an ARIA role that require parent roles are contained by them'                              │ 2     │
    │ 2       │ 'color-contrast'       │ 'serious'  │ 'Ensure the contrast between foreground and background colors meets WCAG 2 AA minimum contrast ratio thresholds' │ 3     │
    │ 3       │ 'heading-order'        │ 'moderate' │ 'Ensure the order of headings is semantically correct'                                                           │ 1     │
    └─────────┴────────────────────────┴────────────┴──────────────────────────────────────────────────────────────────────────────────────────────────────────────────┴───────┘

      at DefaultTerminalReporter.<anonymous> (node_modules/axe-playwright/dist/reporter/defaultTerminalReporter.js:31:25)

  console.log
    ┌─────────┬───────────────────────────────┬────────────────────────────────────────────────────────────────────────────────────────────────────────────────────────────────┬────────────┐
    │ (index) │ target                        │ html                                                                                                                           │ violations │
    ├─────────┼───────────────────────────────┼────────────────────────────────────────────────────────────────────────────────────────────────────────────────────────────────┼────────────┤
    │ 0       │ '["#menu-item-\\\\:rp\\\\:"]' │ '<div role="menuitem" tabindex="0" aria-selected="true" aria-disabled="false" id="menu-item-:rp:" class="sc-bBHyYg bzFgyw">'   │ '[0,1]'    │
    │ 1       │ '["#menu-item-\\\\:rq\\\\:"]' │ '<div role="menuitem" tabindex="-1" aria-selected="false" aria-disabled="false" id="menu-item-:rq:" class="sc-bBHyYg kptuuM">' │ '[0,1]'    │
    │ 2       │ '[".judsBH"]'                 │ '<a href="/" class="sc-khQezX judsBH">Home</a>'                                                                                │ '[2]'      │
    │ 3       │ '[".sc-gSQItk"]'              │ '<p class="sc-gSQItk jatJSG">Toggle button with small size (24px)</p>'                                                         │ '[2]'      │
    │ 4       │ '[".sc-iNGEii"]'              │ '<div class="sc-iNGEii fYXtZQ">Last Updated on Sept 23, 2024</div>'                                                            │ '[2]'      │
    │ 5       │ '["h3"]'                      │ '<h3>Small Toggle Button (24px)</h3>'                                                                                          │ '[3]'      │
    └─────────┴───────────────────────────────┴────────────────────────────────────────────────────────────────────────────────────────────────────────────────────────────────┴────────────┘

      at DefaultTerminalReporter.<anonymous> (node_modules/axe-playwright/dist/reporter/defaultTerminalReporter.js:43:29)

FAIL browser: chromium src/PageLayout/PageLayout.stories.tsx
  Templates/PageLayout
    TopBarOnly
      ✕ smoke-test (183 ms)
    SideBarOnly
      ✕ smoke-test (161 ms)
    TopBarAndSideBar
      ✕ smoke-test (120 ms)
    Minimal
      ✕ smoke-test (77 ms)
    CustomContentLayout
      ✕ smoke-test (95 ms)
    InteractiveFeaturesDemo
      ✕ smoke-test (139 ms)
    ButtonExpandMode
      ✕ smoke-test (91 ms)
    SmallToggleButton
      ✕ smoke-test (86 ms)

  ● Templates/PageLayout › TopBarOnly › smoke-test

    assert.strictEqual(received, expected)

    Expected value to strictly be equal to:
      0
    Received:
      3

    Message:
      3 accessibility violations were detected

    3 !== 0

      at testResultDependsOnViolations (node_modules/axe-playwright/dist/utils.js:16:26)
      at node_modules/axe-playwright/dist/index.js:143:51
      at fulfilled (node_modules/axe-playwright/dist/index.js:28:58)

  ● Templates/PageLayout › SideBarOnly › smoke-test

    assert.strictEqual(received, expected)

    Expected value to strictly be equal to:
      0
    Received:
      3

    Message:
      3 accessibility violations were detected

    3 !== 0

      at testResultDependsOnViolations (node_modules/axe-playwright/dist/utils.js:16:26)
      at node_modules/axe-playwright/dist/index.js:143:51
      at fulfilled (node_modules/axe-playwright/dist/index.js:28:58)

  ● Templates/PageLayout › TopBarAndSideBar › smoke-test

    assert.strictEqual(received, expected)

    Expected value to strictly be equal to:
      0
    Received:
      3

    Message:
      3 accessibility violations were detected

    3 !== 0

      at testResultDependsOnViolations (node_modules/axe-playwright/dist/utils.js:16:26)
      at node_modules/axe-playwright/dist/index.js:143:51
      at fulfilled (node_modules/axe-playwright/dist/index.js:28:58)

  ● Templates/PageLayout › Minimal › smoke-test

    assert.strictEqual(received, expected)

    Expected value to strictly be equal to:
      0
    Received:
      1

    Message:
      1 accessibility violation was detected

    1 !== 0

      at testResultDependsOnViolations (node_modules/axe-playwright/dist/utils.js:16:26)
      at node_modules/axe-playwright/dist/index.js:143:51
      at fulfilled (node_modules/axe-playwright/dist/index.js:28:58)

  ● Templates/PageLayout › CustomContentLayout › smoke-test

    assert.strictEqual(received, expected)

    Expected value to strictly be equal to:
      0
    Received:
      4

    Message:
      4 accessibility violations were detected

    4 !== 0

      at testResultDependsOnViolations (node_modules/axe-playwright/dist/utils.js:16:26)
      at node_modules/axe-playwright/dist/index.js:143:51
      at fulfilled (node_modules/axe-playwright/dist/index.js:28:58)

  ● Templates/PageLayout › InteractiveFeaturesDemo › smoke-test

    assert.strictEqual(received, expected)

    Expected value to strictly be equal to:
      0
    Received:
      4

    Message:
      4 accessibility violations were detected

    4 !== 0

      at testResultDependsOnViolations (node_modules/axe-playwright/dist/utils.js:16:26)
      at node_modules/axe-playwright/dist/index.js:143:51
      at fulfilled (node_modules/axe-playwright/dist/index.js:28:58)

  ● Templates/PageLayout › ButtonExpandMode › smoke-test

    assert.strictEqual(received, expected)

    Expected value to strictly be equal to:
      0
    Received:
      4

    Message:
      4 accessibility violations were detected

    4 !== 0

      at testResultDependsOnViolations (node_modules/axe-playwright/dist/utils.js:16:26)
      at node_modules/axe-playwright/dist/index.js:143:51
      at fulfilled (node_modules/axe-playwright/dist/index.js:28:58)

  ● Templates/PageLayout › SmallToggleButton › smoke-test

    assert.strictEqual(received, expected)

    Expected value to strictly be equal to:
      0
    Received:
      4

    Message:
      4 accessibility violations were detected

    4 !== 0

      at testResultDependsOnViolations (node_modules/axe-playwright/dist/utils.js:16:26)
      at node_modules/axe-playwright/dist/index.js:143:51
      at fulfilled (node_modules/axe-playwright/dist/index.js:28:58)

  console.log
    No accessibility violations detected!

      at DefaultTerminalReporter.<anonymous> (node_modules/axe-playwright/dist/reporter/defaultTerminalReporter.js:47:41)

  console.log
    No accessibility violations detected!

      at DefaultTerminalReporter.<anonymous> (node_modules/axe-playwright/dist/reporter/defaultTerminalReporter.js:47:41)

  console.log
    ✅ No accessibility violations in: Components/Toast

      at log (.storybook/test-runner.ts:38:15)

  console.log
    No accessibility violations detected!

      at DefaultTerminalReporter.<anonymous> (node_modules/axe-playwright/dist/reporter/defaultTerminalReporter.js:47:41)

  console.log
    ✅ No accessibility violations in: Components/Toast

      at log (.storybook/test-runner.ts:38:15)

  console.log
    No accessibility violations detected!

      at DefaultTerminalReporter.<anonymous> (node_modules/axe-playwright/dist/reporter/defaultTerminalReporter.js:47:41)

  console.log
    ✅ No accessibility violations in: Components/Toast

      at log (.storybook/test-runner.ts:38:15)

  console.log
    No accessibility violations detected!

      at DefaultTerminalReporter.<anonymous> (node_modules/axe-playwright/dist/reporter/defaultTerminalReporter.js:47:41)

  console.log
    ✅ No accessibility violations in: Components/Toast

      at log (.storybook/test-runner.ts:38:15)

  console.log
    No accessibility violations detected!

      at DefaultTerminalReporter.<anonymous> (node_modules/axe-playwright/dist/reporter/defaultTerminalReporter.js:47:41)

  console.log
    ✅ No accessibility violations in: Components/Toast

      at log (.storybook/test-runner.ts:38:15)

  console.log
    No accessibility violations detected!

      at DefaultTerminalReporter.<anonymous> (node_modules/axe-playwright/dist/reporter/defaultTerminalReporter.js:47:41)

  console.log
    ✅ No accessibility violations in: Components/Toast

      at log (.storybook/test-runner.ts:38:15)

  console.log
    No accessibility violations detected!

      at DefaultTerminalReporter.<anonymous> (node_modules/axe-playwright/dist/reporter/defaultTerminalReporter.js:47:41)

  console.log
    ✅ No accessibility violations in: Components/Toast

      at log (.storybook/test-runner.ts:38:15)

  console.log
    No accessibility violations detected!

      at DefaultTerminalReporter.<anonymous> (node_modules/axe-playwright/dist/reporter/defaultTerminalReporter.js:47:41)

  console.log
    ✅ No accessibility violations in: Components/Toast

      at log (.storybook/test-runner.ts:38:15)

  console.log
    No accessibility violations detected!

      at DefaultTerminalReporter.<anonymous> (node_modules/axe-playwright/dist/reporter/defaultTerminalReporter.js:47:41)

  console.log
    ✅ No accessibility violations in: Components/Toast

      at log (.storybook/test-runner.ts:38:15)

FAIL browser: chromium src/Toast/Toast.stories.tsx
  Components/Toast
    Playground
      ✕ smoke-test (188 ms)
    WarningDefault
      ✓ smoke-test (85 ms)
    SuccessDefault
      ✓ smoke-test (85 ms)
    ErrorDefault
      ✓ smoke-test (79 ms)
    InfoDefault
      ✓ smoke-test (76 ms)
    WarningSubdued
      ✓ smoke-test (75 ms)
    SuccessSubdued
      ✓ smoke-test (80 ms)
    ErrorSubdued
      ✓ smoke-test (76 ms)
    InfoSubdued
      ✓ smoke-test (75 ms)
    AllVariants
      ✓ smoke-test (162 ms)

  ● Components/Toast › Playground › smoke-test

    page.evaluate: Error: Axe is already running. Use `await axe.run()` to wait for the previous run to finish before starting a new run.

      at assert (packages/components/http:/localhost:6007/packages/components/node_modules/.cache/storybook/1c3385a5d25e538d10b518b310c74d3ca2690b6aaffeadccd74da79736171f86/sb-vite/deps/axe-core.js?v=b3da04b4:7427:19)
      at Object.run4 [as run] (packages/components/http:/localhost:6007/packages/components/node_modules/.cache/storybook/1c3385a5d25e538d10b518b310c74d3ca2690b6aaffeadccd74da79736171f86/sb-vite/deps/axe-core.js?v=b3da04b4:29739:13)
      at eval (eval at evaluate (:311:30)packages/components/, <anonymous>:2:27)
      at UtilityScript.evaluate (packages/components/<anonymous>:313:16)
      at UtilityScript.<anonymous> (packages/components/<anonymous>:1:44)
      at node_modules/axe-playwright/dist/index.js:74:31
      at node_modules/axe-playwright/dist/index.js:31:71
      at Object.<anonymous>.__awaiter (node_modules/axe-playwright/dist/index.js:27:12)
      at getAxeResults (node_modules/axe-playwright/dist/index.js:73:51)
      at node_modules/axe-playwright/dist/index.js:87:52
      at node_modules/axe-playwright/dist/index.js:31:71
      at Object.<anonymous>.__awaiter (node_modules/axe-playwright/dist/index.js:27:12)
      at getViolations (node_modules/axe-playwright/dist/index.js:86:51)
      at postVisit (.storybook/test-runner.ts:20:43)

  console.log
    No accessibility violations detected!

      at DefaultTerminalReporter.<anonymous> (node_modules/axe-playwright/dist/reporter/defaultTerminalReporter.js:47:41)

  console.log
    No accessibility violations detected!

      at DefaultTerminalReporter.<anonymous> (node_modules/axe-playwright/dist/reporter/defaultTerminalReporter.js:47:41)

  console.log
    ✅ No accessibility violations in: Components/Avatar

      at log (.storybook/test-runner.ts:38:15)

  console.log
    ┌─────────┬──────────────────┬───────────┬──────────────────────────────────────────────────────────────────────────────────────────────────────────────────┬───────┐
    │ (index) │ id               │ impact    │ description                                                                                                      │ nodes │
    ├─────────┼──────────────────┼───────────┼──────────────────────────────────────────────────────────────────────────────────────────────────────────────────┼───────┤
    │ 0       │ 'color-contrast' │ 'serious' │ 'Ensure the contrast between foreground and background colors meets WCAG 2 AA minimum contrast ratio thresholds' │ 17    │
    └─────────┴──────────────────┴───────────┴──────────────────────────────────────────────────────────────────────────────────────────────────────────────────┴───────┘

      at DefaultTerminalReporter.<anonymous> (node_modules/axe-playwright/dist/reporter/defaultTerminalReporter.js:31:25)

  console.log
    ┌─────────┬───────────────────────────────────┬────────────────────────────────────────────┬────────────┐
    │ (index) │ target                            │ html                                       │ violations │
    ├─────────┼───────────────────────────────────┼────────────────────────────────────────────┼────────────┤
    │ 0       │ '[".lifuNz > .loKYpC.sc-dkPvMp"]' │ '<span class="sc-dkPvMp loKYpC">AA</span>' │ '[0]'      │
    │ 1       │ '[".eLhbjH > .gWvmBY.sc-dkPvMp"]' │ '<span class="sc-dkPvMp gWvmBY">AA</span>' │ '[0]'      │
    │ 2       │ '[".kGvpee > .jaTAfL.sc-dkPvMp"]' │ '<span class="sc-dkPvMp jaTAfL">AA</span>' │ '[0]'      │
    │ 3       │ '[".fnHkZi > .loKYpC.sc-dkPvMp"]' │ '<span class="sc-dkPvMp loKYpC">AA</span>' │ '[0]'      │
    │ 4       │ '[".ayEVy > .gWvmBY.sc-dkPvMp"]'  │ '<span class="sc-dkPvMp gWvmBY">AA</span>' │ '[0]'      │
    │ 5       │ '[".kfJfDN > .jaTAfL.sc-dkPvMp"]' │ '<span class="sc-dkPvMp jaTAfL">AA</span>' │ '[0]'      │
    │ 6       │ '[".iHHJRV > .loKYpC.sc-dkPvMp"]' │ '<span class="sc-dkPvMp loKYpC">AA</span>' │ '[0]'      │
    │ 7       │ '[".iwkgnx > .gWvmBY.sc-dkPvMp"]' │ '<span class="sc-dkPvMp gWvmBY">AA</span>' │ '[0]'      │
    │ 8       │ '[".UqDGc > .jaTAfL.sc-dkPvMp"]'  │ '<span class="sc-dkPvMp jaTAfL">AA</span>' │ '[0]'      │
    │ 9       │ '[".iCqNGI > .loKYpC.sc-dkPvMp"]' │ '<span class="sc-dkPvMp loKYpC">AA</span>' │ '[0]'      │
    │ 10      │ '[".kAnnOI > .gWvmBY.sc-dkPvMp"]' │ '<span class="sc-dkPvMp gWvmBY">AA</span>' │ '[0]'      │
    │ 11      │ '[".YBFsS > .jaTAfL.sc-dkPvMp"]'  │ '<span class="sc-dkPvMp jaTAfL">AA</span>' │ '[0]'      │
    │ 12      │ '[".gVjkMS > .loKYpC.sc-dkPvMp"]' │ '<span class="sc-dkPvMp loKYpC">AA</span>' │ '[0]'      │
    │ 13      │ '[".cIaEJi > .gWvmBY.sc-dkPvMp"]' │ '<span class="sc-dkPvMp gWvmBY">AA</span>' │ '[0]'      │
    │ 14      │ '[".gemIlU > .jaTAfL.sc-dkPvMp"]' │ '<span class="sc-dkPvMp jaTAfL">AA</span>' │ '[0]'      │
    │ 15      │ '[".brbpwI > .loKYpC.sc-dkPvMp"]' │ '<span class="sc-dkPvMp loKYpC">AA</span>' │ '[0]'      │
    │ 16      │ '[".euNIVE > .gWvmBY.sc-dkPvMp"]' │ '<span class="sc-dkPvMp gWvmBY">AA</span>' │ '[0]'      │
    └─────────┴───────────────────────────────────┴────────────────────────────────────────────┴────────────┘

      at DefaultTerminalReporter.<anonymous> (node_modules/axe-playwright/dist/reporter/defaultTerminalReporter.js:43:29)

  console.log
    No accessibility violations detected!

      at DefaultTerminalReporter.<anonymous> (node_modules/axe-playwright/dist/reporter/defaultTerminalReporter.js:47:41)

  console.log
    ✅ No accessibility violations in: Components/Avatar

      at log (.storybook/test-runner.ts:38:15)

  console.log
    ┌─────────┬──────────────────┬───────────┬──────────────────────────────────────────────────────────────────────────────────────────────────────────────────┬───────┐
    │ (index) │ id               │ impact    │ description                                                                                                      │ nodes │
    ├─────────┼──────────────────┼───────────┼──────────────────────────────────────────────────────────────────────────────────────────────────────────────────┼───────┤
    │ 0       │ 'color-contrast' │ 'serious' │ 'Ensure the contrast between foreground and background colors meets WCAG 2 AA minimum contrast ratio thresholds' │ 3     │
    └─────────┴──────────────────┴───────────┴──────────────────────────────────────────────────────────────────────────────────────────────────────────────────┴───────┘

      at DefaultTerminalReporter.<anonymous> (node_modules/axe-playwright/dist/reporter/defaultTerminalReporter.js:31:25)

  console.log
    ┌─────────┬───────────────┬────────────────────────────────────────────┬────────────┐
    │ (index) │ target        │ html                                       │ violations │
    ├─────────┼───────────────┼────────────────────────────────────────────┼────────────┤
    │ 0       │ '[".bBUBYI"]' │ '<span class="sc-dkPvMp bBUBYI">AA</span>' │ '[0]'      │
    │ 1       │ '[".bNcyst"]' │ '<span class="sc-dkPvMp bNcyst">AA</span>' │ '[0]'      │
    │ 2       │ '[".hHHVVH"]' │ '<span class="sc-dkPvMp hHHVVH">AA</span>' │ '[0]'      │
    └─────────┴───────────────┴────────────────────────────────────────────┴────────────┘

      at DefaultTerminalReporter.<anonymous> (node_modules/axe-playwright/dist/reporter/defaultTerminalReporter.js:43:29)

  console.log
    ┌─────────┬──────────────────┬───────────┬──────────────────────────────────────────────────────────────────────────────────────────────────────────────────┬───────┐
    │ (index) │ id               │ impact    │ description                                                                                                      │ nodes │
    ├─────────┼──────────────────┼───────────┼──────────────────────────────────────────────────────────────────────────────────────────────────────────────────┼───────┤
    │ 0       │ 'color-contrast' │ 'serious' │ 'Ensure the contrast between foreground and background colors meets WCAG 2 AA minimum contrast ratio thresholds' │ 2     │
    └─────────┴──────────────────┴───────────┴──────────────────────────────────────────────────────────────────────────────────────────────────────────────────┴───────┘

      at DefaultTerminalReporter.<anonymous> (node_modules/axe-playwright/dist/reporter/defaultTerminalReporter.js:31:25)

  console.log
    ┌─────────┬───────────────┬────────────────────────────────────────────┬────────────┐
    │ (index) │ target        │ html                                       │ violations │
    ├─────────┼───────────────┼────────────────────────────────────────────┼────────────┤
    │ 0       │ '[".loKYpC"]' │ '<span class="sc-dkPvMp loKYpC">SM</span>' │ '[0]'      │
    │ 1       │ '[".gWvmBY"]' │ '<span class="sc-dkPvMp gWvmBY">AB</span>' │ '[0]'      │
    └─────────┴───────────────┴────────────────────────────────────────────┴────────────┘

      at DefaultTerminalReporter.<anonymous> (node_modules/axe-playwright/dist/reporter/defaultTerminalReporter.js:43:29)

  console.log
    No accessibility violations detected!

      at DefaultTerminalReporter.<anonymous> (node_modules/axe-playwright/dist/reporter/defaultTerminalReporter.js:47:41)

  console.log
    ✅ No accessibility violations in: Components/Avatar

      at log (.storybook/test-runner.ts:38:15)

  console.log
    ┌─────────┬──────────────────┬───────────┬──────────────────────────────────────────────────────────────────────────────────────────────────────────────────┬───────┐
    │ (index) │ id               │ impact    │ description                                                                                                      │ nodes │
    ├─────────┼──────────────────┼───────────┼──────────────────────────────────────────────────────────────────────────────────────────────────────────────────┼───────┤
    │ 0       │ 'color-contrast' │ 'serious' │ 'Ensure the contrast between foreground and background colors meets WCAG 2 AA minimum contrast ratio thresholds' │ 1     │
    └─────────┴──────────────────┴───────────┴──────────────────────────────────────────────────────────────────────────────────────────────────────────────────┴───────┘

      at DefaultTerminalReporter.<anonymous> (node_modules/axe-playwright/dist/reporter/defaultTerminalReporter.js:31:25)

  console.log
    ┌─────────┬──────────────────┬────────────────────────────────────────────┬────────────┐
    │ (index) │ target           │ html                                       │ violations │
    ├─────────┼──────────────────┼────────────────────────────────────────────┼────────────┤
    │ 0       │ '[".sc-dkPvMp"]' │ '<span class="sc-dkPvMp loKYpC">JD</span>' │ '[0]'      │
    └─────────┴──────────────────┴────────────────────────────────────────────┴────────────┘

      at DefaultTerminalReporter.<anonymous> (node_modules/axe-playwright/dist/reporter/defaultTerminalReporter.js:43:29)

  console.log
    ┌─────────┬──────────────────┬───────────┬──────────────────────────────────────────────────────────────────────────────────────────────────────────────────┬───────┐
    │ (index) │ id               │ impact    │ description                                                                                                      │ nodes │
    ├─────────┼──────────────────┼───────────┼──────────────────────────────────────────────────────────────────────────────────────────────────────────────────┼───────┤
    │ 0       │ 'color-contrast' │ 'serious' │ 'Ensure the contrast between foreground and background colors meets WCAG 2 AA minimum contrast ratio thresholds' │ 1     │
    └─────────┴──────────────────┴───────────┴──────────────────────────────────────────────────────────────────────────────────────────────────────────────────┴───────┘

      at DefaultTerminalReporter.<anonymous> (node_modules/axe-playwright/dist/reporter/defaultTerminalReporter.js:31:25)

  console.log
    ┌─────────┬──────────────────┬────────────────────────────────────────────┬────────────┐
    │ (index) │ target           │ html                                       │ violations │
    ├─────────┼──────────────────┼────────────────────────────────────────────┼────────────┤
    │ 0       │ '[".sc-dkPvMp"]' │ '<span class="sc-dkPvMp gWvmBY">SM</span>' │ '[0]'      │
    └─────────┴──────────────────┴────────────────────────────────────────────┴────────────┘

      at DefaultTerminalReporter.<anonymous> (node_modules/axe-playwright/dist/reporter/defaultTerminalReporter.js:43:29)

  console.log
    ┌─────────┬──────────────────┬───────────┬──────────────────────────────────────────────────────────────────────────────────────────────────────────────────┬───────┐
    │ (index) │ id               │ impact    │ description                                                                                                      │ nodes │
    ├─────────┼──────────────────┼───────────┼──────────────────────────────────────────────────────────────────────────────────────────────────────────────────┼───────┤
    │ 0       │ 'color-contrast' │ 'serious' │ 'Ensure the contrast between foreground and background colors meets WCAG 2 AA minimum contrast ratio thresholds' │ 1     │
    └─────────┴──────────────────┴───────────┴──────────────────────────────────────────────────────────────────────────────────────────────────────────────────┴───────┘

      at DefaultTerminalReporter.<anonymous> (node_modules/axe-playwright/dist/reporter/defaultTerminalReporter.js:31:25)

  console.log
    ┌─────────┬──────────────────┬────────────────────────────────────────────┬────────────┐
    │ (index) │ target           │ html                                       │ violations │
    ├─────────┼──────────────────┼────────────────────────────────────────────┼────────────┤
    │ 0       │ '[".sc-dkPvMp"]' │ '<span class="sc-dkPvMp loKYpC">AS</span>' │ '[0]'      │
    └─────────┴──────────────────┴────────────────────────────────────────────┴────────────┘

      at DefaultTerminalReporter.<anonymous> (node_modules/axe-playwright/dist/reporter/defaultTerminalReporter.js:43:29)

FAIL browser: chromium src/Avatar/Avatar.stories.tsx
  Components/Avatar
    Default
      ✕ smoke-test (177 ms)
    AllSizes
      ✓ smoke-test (87 ms)
    AllColors
      ✕ smoke-test (109 ms)
    WithImages
      ✓ smoke-test (90 ms)
    Disabled
      ✕ smoke-test (72 ms)
    CustomInitials
      ✕ smoke-test (64 ms)
    LargeSize
      ✓ smoke-test (69 ms)
    MediumSize
      ✕ smoke-test (59 ms)
    SmallSize
      ✕ smoke-test (61 ms)
    Clickable
      ✕ smoke-test (60 ms)

  ● Components/Avatar › Default › smoke-test

    page.evaluate: Error: Axe is already running. Use `await axe.run()` to wait for the previous run to finish before starting a new run.

      at assert (packages/components/http:/localhost:6007/packages/components/node_modules/.cache/storybook/1c3385a5d25e538d10b518b310c74d3ca2690b6aaffeadccd74da79736171f86/sb-vite/deps/axe-core.js?v=b3da04b4:7427:19)
      at Object.run4 [as run] (packages/components/http:/localhost:6007/packages/components/node_modules/.cache/storybook/1c3385a5d25e538d10b518b310c74d3ca2690b6aaffeadccd74da79736171f86/sb-vite/deps/axe-core.js?v=b3da04b4:29739:13)
      at eval (eval at evaluate (:311:30)packages/components/, <anonymous>:2:27)
      at UtilityScript.evaluate (packages/components/<anonymous>:313:16)
      at UtilityScript.<anonymous> (packages/components/<anonymous>:1:44)
      at node_modules/axe-playwright/dist/index.js:74:31
      at node_modules/axe-playwright/dist/index.js:31:71
      at Object.<anonymous>.__awaiter (node_modules/axe-playwright/dist/index.js:27:12)
      at getAxeResults (node_modules/axe-playwright/dist/index.js:73:51)
      at node_modules/axe-playwright/dist/index.js:87:52
      at node_modules/axe-playwright/dist/index.js:31:71
      at Object.<anonymous>.__awaiter (node_modules/axe-playwright/dist/index.js:27:12)
      at getViolations (node_modules/axe-playwright/dist/index.js:86:51)
      at postVisit (.storybook/test-runner.ts:20:43)

  ● Components/Avatar › AllColors › smoke-test

    assert.strictEqual(received, expected)

    Expected value to strictly be equal to:
      0
    Received:
      1

    Message:
      1 accessibility violation was detected

    1 !== 0

      at testResultDependsOnViolations (node_modules/axe-playwright/dist/utils.js:16:26)
      at node_modules/axe-playwright/dist/index.js:143:51
      at fulfilled (node_modules/axe-playwright/dist/index.js:28:58)

  ● Components/Avatar › Disabled › smoke-test

    assert.strictEqual(received, expected)

    Expected value to strictly be equal to:
      0
    Received:
      1

    Message:
      1 accessibility violation was detected

    1 !== 0

      at testResultDependsOnViolations (node_modules/axe-playwright/dist/utils.js:16:26)
      at node_modules/axe-playwright/dist/index.js:143:51
      at fulfilled (node_modules/axe-playwright/dist/index.js:28:58)

  ● Components/Avatar › CustomInitials › smoke-test

    assert.strictEqual(received, expected)

    Expected value to strictly be equal to:
      0
    Received:
      1

    Message:
      1 accessibility violation was detected

    1 !== 0

      at testResultDependsOnViolations (node_modules/axe-playwright/dist/utils.js:16:26)
      at node_modules/axe-playwright/dist/index.js:143:51
      at fulfilled (node_modules/axe-playwright/dist/index.js:28:58)

  ● Components/Avatar › MediumSize › smoke-test

    assert.strictEqual(received, expected)

    Expected value to strictly be equal to:
      0
    Received:
      1

    Message:
      1 accessibility violation was detected

    1 !== 0

      at testResultDependsOnViolations (node_modules/axe-playwright/dist/utils.js:16:26)
      at node_modules/axe-playwright/dist/index.js:143:51
      at fulfilled (node_modules/axe-playwright/dist/index.js:28:58)

  ● Components/Avatar › SmallSize › smoke-test

    assert.strictEqual(received, expected)

    Expected value to strictly be equal to:
      0
    Received:
      1

    Message:
      1 accessibility violation was detected

    1 !== 0

      at testResultDependsOnViolations (node_modules/axe-playwright/dist/utils.js:16:26)
      at node_modules/axe-playwright/dist/index.js:143:51
      at fulfilled (node_modules/axe-playwright/dist/index.js:28:58)

  ● Components/Avatar › Clickable › smoke-test

    assert.strictEqual(received, expected)

    Expected value to strictly be equal to:
      0
    Received:
      1

    Message:
      1 accessibility violation was detected

    1 !== 0

      at testResultDependsOnViolations (node_modules/axe-playwright/dist/utils.js:16:26)
      at node_modules/axe-playwright/dist/index.js:143:51
      at fulfilled (node_modules/axe-playwright/dist/index.js:28:58)

  console.log
    ┌─────────┬──────────────────┬───────────┬──────────────────────────────────────────────────────────────────────────────────────────────────────────────────┬───────┐
    │ (index) │ id               │ impact    │ description                                                                                                      │ nodes │
    ├─────────┼──────────────────┼───────────┼──────────────────────────────────────────────────────────────────────────────────────────────────────────────────┼───────┤
    │ 0       │ 'color-contrast' │ 'serious' │ 'Ensure the contrast between foreground and background colors meets WCAG 2 AA minimum contrast ratio thresholds' │ 1     │
    └─────────┴──────────────────┴───────────┴──────────────────────────────────────────────────────────────────────────────────────────────────────────────────┴───────┘

      at DefaultTerminalReporter.<anonymous> (node_modules/axe-playwright/dist/reporter/defaultTerminalReporter.js:31:25)

  console.log
    ┌─────────┬──────────────────┬────────────────────────────────────────────────────────────────────┬────────────┐
    │ (index) │ target           │ html                                                               │ violations │
    ├─────────┼──────────────────┼────────────────────────────────────────────────────────────────────┼────────────┤
    │ 0       │ '[".sc-gsDLFA"]' │ '<div class="sc-gsDLFA Djgyi">Last Updated on Sept 23, 2024</div>' │ '[0]'      │
    └─────────┴──────────────────┴────────────────────────────────────────────────────────────────────┴────────────┘

      at DefaultTerminalReporter.<anonymous> (node_modules/axe-playwright/dist/reporter/defaultTerminalReporter.js:43:29)

  console.log
    ┌─────────┬──────────────────┬───────────┬──────────────────────────────────────────────────────────────────────────────────────────────────────────────────┬───────┐
    │ (index) │ id               │ impact    │ description                                                                                                      │ nodes │
    ├─────────┼──────────────────┼───────────┼──────────────────────────────────────────────────────────────────────────────────────────────────────────────────┼───────┤
    │ 0       │ 'color-contrast' │ 'serious' │ 'Ensure the contrast between foreground and background colors meets WCAG 2 AA minimum contrast ratio thresholds' │ 1     │
    └─────────┴──────────────────┴───────────┴──────────────────────────────────────────────────────────────────────────────────────────────────────────────────┴───────┘

      at DefaultTerminalReporter.<anonymous> (node_modules/axe-playwright/dist/reporter/defaultTerminalReporter.js:31:25)

  console.log
    ┌─────────┬──────────────────┬──────────────────────────────────────────────────────────────────┬────────────┐
    │ (index) │ target           │ html                                                             │ violations │
    ├─────────┼──────────────────┼──────────────────────────────────────────────────────────────────┼────────────┤
    │ 0       │ '[".sc-gsDLFA"]' │ '<div class="sc-gsDLFA Djgyi">Last Updated on May 7, 2026</div>' │ '[0]'      │
    └─────────┴──────────────────┴──────────────────────────────────────────────────────────────────┴────────────┘

      at DefaultTerminalReporter.<anonymous> (node_modules/axe-playwright/dist/reporter/defaultTerminalReporter.js:43:29)

  console.log
    ┌─────────┬──────────────────┬───────────┬──────────────────────────────────────────────────────────────────────────────────────────────────────────────────┬───────┐
    │ (index) │ id               │ impact    │ description                                                                                                      │ nodes │
    ├─────────┼──────────────────┼───────────┼──────────────────────────────────────────────────────────────────────────────────────────────────────────────────┼───────┤
    │ 0       │ 'color-contrast' │ 'serious' │ 'Ensure the contrast between foreground and background colors meets WCAG 2 AA minimum contrast ratio thresholds' │ 1     │
    └─────────┴──────────────────┴───────────┴──────────────────────────────────────────────────────────────────────────────────────────────────────────────────┴───────┘

      at DefaultTerminalReporter.<anonymous> (node_modules/axe-playwright/dist/reporter/defaultTerminalReporter.js:31:25)

  console.log
    ┌─────────┬──────────────────┬────────────────────────────────────────────────────────────┬────────────┐
    │ (index) │ target           │ html                                                       │ violations │
    ├─────────┼──────────────────┼────────────────────────────────────────────────────────────┼────────────┤
    │ 0       │ '[".sc-gsDLFA"]' │ '<div class="sc-gsDLFA Djgyi">Last Updated on Today</div>' │ '[0]'      │
    └─────────┴──────────────────┴────────────────────────────────────────────────────────────┴────────────┘

      at DefaultTerminalReporter.<anonymous> (node_modules/axe-playwright/dist/reporter/defaultTerminalReporter.js:43:29)

  console.log
    No accessibility violations detected!

      at DefaultTerminalReporter.<anonymous> (node_modules/axe-playwright/dist/reporter/defaultTerminalReporter.js:47:41)

  console.log
    ✅ No accessibility violations in: Components/Footer

      at log (.storybook/test-runner.ts:38:15)

  console.log
    No accessibility violations detected!

      at DefaultTerminalReporter.<anonymous> (node_modules/axe-playwright/dist/reporter/defaultTerminalReporter.js:47:41)

  console.log
    ✅ No accessibility violations in: Components/Footer

      at log (.storybook/test-runner.ts:38:15)

  console.log
    No accessibility violations detected!

      at DefaultTerminalReporter.<anonymous> (node_modules/axe-playwright/dist/reporter/defaultTerminalReporter.js:47:41)

  console.log
    ✅ No accessibility violations in: Components/Footer

      at log (.storybook/test-runner.ts:38:15)

  console.log
    ┌─────────┬──────────────────┬───────────┬──────────────────────────────────────────────────────────────────────────────────────────────────────────────────┬───────┐
    │ (index) │ id               │ impact    │ description                                                                                                      │ nodes │
    ├─────────┼──────────────────┼───────────┼──────────────────────────────────────────────────────────────────────────────────────────────────────────────────┼───────┤
    │ 0       │ 'color-contrast' │ 'serious' │ 'Ensure the contrast between foreground and background colors meets WCAG 2 AA minimum contrast ratio thresholds' │ 1     │
    └─────────┴──────────────────┴───────────┴──────────────────────────────────────────────────────────────────────────────────────────────────────────────────┴───────┘

      at DefaultTerminalReporter.<anonymous> (node_modules/axe-playwright/dist/reporter/defaultTerminalReporter.js:31:25)

  console.log
    ┌─────────┬──────────────────┬────────────────────────────────────────────────────────────────────┬────────────┐
    │ (index) │ target           │ html                                                               │ violations │
    ├─────────┼──────────────────┼────────────────────────────────────────────────────────────────────┼────────────┤
    │ 0       │ '[".sc-gsDLFA"]' │ '<div class="sc-gsDLFA Djgyi">Last Updated on Sept 23, 2024</div>' │ '[0]'      │
    └─────────┴──────────────────┴────────────────────────────────────────────────────────────────────┴────────────┘

      at DefaultTerminalReporter.<anonymous> (node_modules/axe-playwright/dist/reporter/defaultTerminalReporter.js:43:29)

  console.log
    ┌─────────┬──────────────────┬───────────┬──────────────────────────────────────────────────────────────────────────────────────────────────────────────────┬───────┐
    │ (index) │ id               │ impact    │ description                                                                                                      │ nodes │
    ├─────────┼──────────────────┼───────────┼──────────────────────────────────────────────────────────────────────────────────────────────────────────────────┼───────┤
    │ 0       │ 'color-contrast' │ 'serious' │ 'Ensure the contrast between foreground and background colors meets WCAG 2 AA minimum contrast ratio thresholds' │ 1     │
    └─────────┴──────────────────┴───────────┴──────────────────────────────────────────────────────────────────────────────────────────────────────────────────┴───────┘

      at DefaultTerminalReporter.<anonymous> (node_modules/axe-playwright/dist/reporter/defaultTerminalReporter.js:31:25)

  console.log
    ┌─────────┬──────────────────┬────────────────────────────────────────────────────────────────────┬────────────┐
    │ (index) │ target           │ html                                                               │ violations │
    ├─────────┼──────────────────┼────────────────────────────────────────────────────────────────────┼────────────┤
    │ 0       │ '[".sc-gsDLFA"]' │ '<div class="sc-gsDLFA Djgyi">Last Updated on Sept 23, 2024</div>' │ '[0]'      │
    └─────────┴──────────────────┴────────────────────────────────────────────────────────────────────┴────────────┘

      at DefaultTerminalReporter.<anonymous> (node_modules/axe-playwright/dist/reporter/defaultTerminalReporter.js:43:29)

  console.log
    No accessibility violations detected!

      at DefaultTerminalReporter.<anonymous> (node_modules/axe-playwright/dist/reporter/defaultTerminalReporter.js:47:41)

  console.log
    ✅ No accessibility violations in: Components/Footer

      at log (.storybook/test-runner.ts:38:15)

  console.log
    ┌─────────┬──────────────────┬───────────┬──────────────────────────────────────────────────────────────────────────────────────────────────────────────────┬───────┐
    │ (index) │ id               │ impact    │ description                                                                                                      │ nodes │
    ├─────────┼──────────────────┼───────────┼──────────────────────────────────────────────────────────────────────────────────────────────────────────────────┼───────┤
    │ 0       │ 'color-contrast' │ 'serious' │ 'Ensure the contrast between foreground and background colors meets WCAG 2 AA minimum contrast ratio thresholds' │ 1     │
    └─────────┴──────────────────┴───────────┴──────────────────────────────────────────────────────────────────────────────────────────────────────────────────┴───────┘

      at DefaultTerminalReporter.<anonymous> (node_modules/axe-playwright/dist/reporter/defaultTerminalReporter.js:31:25)

  console.log
    ┌─────────┬──────────────────┬────────────────────────────────────────────────────────────────────┬────────────┐
    │ (index) │ target           │ html                                                               │ violations │
    ├─────────┼──────────────────┼────────────────────────────────────────────────────────────────────┼────────────┤
    │ 0       │ '[".sc-gsDLFA"]' │ '<div class="sc-gsDLFA Djgyi">Last Updated on July 20, 2026</div>' │ '[0]'      │
    └─────────┴──────────────────┴────────────────────────────────────────────────────────────────────┴────────────┘

      at DefaultTerminalReporter.<anonymous> (node_modules/axe-playwright/dist/reporter/defaultTerminalReporter.js:43:29)

FAIL browser: chromium src/Footer/Footer.stories.tsx
  Components/Footer
    Default
      ✕ smoke-test (147 ms)
    CustomDate
      ✕ smoke-test (100 ms)
    BetaVersion
      ✕ smoke-test (70 ms)
    OnlyVersion
      ✓ smoke-test (75 ms)
    OnlyFeedback
      ✓ smoke-test (71 ms)
    VersionAndFeedback
      ✓ smoke-test (89 ms)
    WithCustomContentBefore
      ✕ smoke-test (65 ms)
    WithCustomContentAfter
      ✕ smoke-test (71 ms)
    CustomContentOnly
      ✓ smoke-test (84 ms)
    FullyCustomized
      ✕ smoke-test (78 ms)

  ● Components/Footer › Default › smoke-test

    assert.strictEqual(received, expected)

    Expected value to strictly be equal to:
      0
    Received:
      1

    Message:
      1 accessibility violation was detected

    1 !== 0

      at testResultDependsOnViolations (node_modules/axe-playwright/dist/utils.js:16:26)
      at node_modules/axe-playwright/dist/index.js:143:51
      at fulfilled (node_modules/axe-playwright/dist/index.js:28:58)

  ● Components/Footer › CustomDate › smoke-test

    assert.strictEqual(received, expected)

    Expected value to strictly be equal to:
      0
    Received:
      1

    Message:
      1 accessibility violation was detected

    1 !== 0

      at testResultDependsOnViolations (node_modules/axe-playwright/dist/utils.js:16:26)
      at node_modules/axe-playwright/dist/index.js:143:51
      at fulfilled (node_modules/axe-playwright/dist/index.js:28:58)

  ● Components/Footer › BetaVersion › smoke-test

    assert.strictEqual(received, expected)

    Expected value to strictly be equal to:
      0
    Received:
      1

    Message:
      1 accessibility violation was detected

    1 !== 0

      at testResultDependsOnViolations (node_modules/axe-playwright/dist/utils.js:16:26)
      at node_modules/axe-playwright/dist/index.js:143:51
      at fulfilled (node_modules/axe-playwright/dist/index.js:28:58)

  ● Components/Footer › WithCustomContentBefore › smoke-test

    assert.strictEqual(received, expected)

    Expected value to strictly be equal to:
      0
    Received:
      1

    Message:
      1 accessibility violation was detected

    1 !== 0

      at testResultDependsOnViolations (node_modules/axe-playwright/dist/utils.js:16:26)
      at node_modules/axe-playwright/dist/index.js:143:51
      at fulfilled (node_modules/axe-playwright/dist/index.js:28:58)

  ● Components/Footer › WithCustomContentAfter › smoke-test

    assert.strictEqual(received, expected)

    Expected value to strictly be equal to:
      0
    Received:
      1

    Message:
      1 accessibility violation was detected

    1 !== 0

      at testResultDependsOnViolations (node_modules/axe-playwright/dist/utils.js:16:26)
      at node_modules/axe-playwright/dist/index.js:143:51
      at fulfilled (node_modules/axe-playwright/dist/index.js:28:58)

  ● Components/Footer › FullyCustomized › smoke-test

    assert.strictEqual(received, expected)

    Expected value to strictly be equal to:
      0
    Received:
      1

    Message:
      1 accessibility violation was detected

    1 !== 0

      at testResultDependsOnViolations (node_modules/axe-playwright/dist/utils.js:16:26)
      at node_modules/axe-playwright/dist/index.js:143:51
      at fulfilled (node_modules/axe-playwright/dist/index.js:28:58)

  console.log
    ┌─────────┬───────────────┬────────────┬────────────────────────────────────────────────┬───────┐
    │ (index) │ id            │ impact     │ description                                    │ nodes │
    ├─────────┼───────────────┼────────────┼────────────────────────────────────────────────┼───────┤
    │ 0       │ 'button-name' │ 'critical' │ 'Ensure buttons have discernible text'         │ 4     │
    │ 1       │ 'select-name' │ 'critical' │ 'Ensure select element has an accessible name' │ 1     │
    └─────────┴───────────────┴────────────┴────────────────────────────────────────────────┴───────┘

      at DefaultTerminalReporter.<anonymous> (node_modules/axe-playwright/dist/reporter/defaultTerminalReporter.js:31:25)

  console.log
    ┌─────────┬─────────────────────────────────────────────────────────┬────────────────────────────────────────────────────────────────────────────────────────────────────────────────────────────────────────────────────────────────────────┬────────────┐
    │ (index) │ target                                                  │ html                                                                                                                                                                   │ violations │
    ├─────────┼─────────────────────────────────────────────────────────┼────────────────────────────────────────────────────────────────────────────────────────────────────────────────────────────────────────────────────────────────────────┼────────────┤
    │ 0       │ '[".cuRhJM.sc-caiKUm[type=\\"button\\"]:nth-child(1)"]' │ '<button disabled="" type="button" aria-busy="false" aria-invalid="false" aria-disabled="true" class="sc-caiKUm cuRhJM">'                                              │ '[0]'      │
    │ 1       │ '[".cuRhJM.sc-caiKUm[type=\\"button\\"]:nth-child(2)"]' │ '<button disabled="" type="button" aria-busy="false" aria-invalid="false" aria-disabled="true" class="sc-caiKUm cuRhJM">'                                              │ '[0]'      │
    │ 2       │ '[".cuRhJM.sc-caiKUm[type=\\"button\\"]:nth-child(4)"]' │ '<button disabled="" type="button" aria-busy="false" aria-invalid="false" aria-disabled="true" class="sc-caiKUm cuRhJM">'                                              │ '[0]'      │
    │ 3       │ '[".cuRhJM.sc-caiKUm[type=\\"button\\"]:nth-child(5)"]' │ '<button disabled="" type="button" aria-busy="false" aria-invalid="false" aria-disabled="true" class="sc-caiKUm cuRhJM">'                                              │ '[0]'      │
    │ 4       │ '["select"]'                                            │ '<select class="sc-hUpbJy gMhOFT"><option value="10">10</option><option value="25">25</option><option value="50">50</option><option value="100">100</option></select>' │ '[1]'      │
    └─────────┴─────────────────────────────────────────────────────────┴────────────────────────────────────────────────────────────────────────────────────────────────────────────────────────────────────────────────────────────────────────┴────────────┘

      at DefaultTerminalReporter.<anonymous> (node_modules/axe-playwright/dist/reporter/defaultTerminalReporter.js:43:29)

  console.log
    ┌─────────┬───────────────┬────────────┬────────────────────────────────────────────────┬───────┐
    │ (index) │ id            │ impact     │ description                                    │ nodes │
    ├─────────┼───────────────┼────────────┼────────────────────────────────────────────────┼───────┤
    │ 0       │ 'button-name' │ 'critical' │ 'Ensure buttons have discernible text'         │ 4     │
    │ 1       │ 'select-name' │ 'critical' │ 'Ensure select element has an accessible name' │ 1     │
    └─────────┴───────────────┴────────────┴────────────────────────────────────────────────┴───────┘

      at DefaultTerminalReporter.<anonymous> (node_modules/axe-playwright/dist/reporter/defaultTerminalReporter.js:31:25)

  console.log
    ┌─────────┬─────────────────────────────────────────────────────────┬────────────────────────────────────────────────────────────────────────────────────────────────────────────────────────────────────────────────────────────────────────┬────────────┐
    │ (index) │ target                                                  │ html                                                                                                                                                                   │ violations │
    ├─────────┼─────────────────────────────────────────────────────────┼────────────────────────────────────────────────────────────────────────────────────────────────────────────────────────────────────────────────────────────────────────┼────────────┤
    │ 0       │ '[".cuRhJM.sc-caiKUm[type=\\"button\\"]:nth-child(1)"]' │ '<button disabled="" type="button" aria-busy="false" aria-invalid="false" aria-disabled="true" class="sc-caiKUm cuRhJM">'                                              │ '[0]'      │
    │ 1       │ '[".cuRhJM.sc-caiKUm[type=\\"button\\"]:nth-child(2)"]' │ '<button disabled="" type="button" aria-busy="false" aria-invalid="false" aria-disabled="true" class="sc-caiKUm cuRhJM">'                                              │ '[0]'      │
    │ 2       │ '[".cuRhJM.sc-caiKUm[type=\\"button\\"]:nth-child(4)"]' │ '<button disabled="" type="button" aria-busy="false" aria-invalid="false" aria-disabled="true" class="sc-caiKUm cuRhJM">'                                              │ '[0]'      │
    │ 3       │ '[".cuRhJM.sc-caiKUm[type=\\"button\\"]:nth-child(5)"]' │ '<button disabled="" type="button" aria-busy="false" aria-invalid="false" aria-disabled="true" class="sc-caiKUm cuRhJM">'                                              │ '[0]'      │
    │ 4       │ '["select"]'                                            │ '<select class="sc-hUpbJy gMhOFT"><option value="10">10</option><option value="25">25</option><option value="50">50</option><option value="100">100</option></select>' │ '[1]'      │
    └─────────┴─────────────────────────────────────────────────────────┴────────────────────────────────────────────────────────────────────────────────────────────────────────────────────────────────────────────────────────────────────────┴────────────┘

      at DefaultTerminalReporter.<anonymous> (node_modules/axe-playwright/dist/reporter/defaultTerminalReporter.js:43:29)

  console.log
    ┌─────────┬───────────────┬────────────┬────────────────────────────────────────────────┬───────┐
    │ (index) │ id            │ impact     │ description                                    │ nodes │
    ├─────────┼───────────────┼────────────┼────────────────────────────────────────────────┼───────┤
    │ 0       │ 'button-name' │ 'critical' │ 'Ensure buttons have discernible text'         │ 4     │
    │ 1       │ 'select-name' │ 'critical' │ 'Ensure select element has an accessible name' │ 1     │
    └─────────┴───────────────┴────────────┴────────────────────────────────────────────────┴───────┘

      at DefaultTerminalReporter.<anonymous> (node_modules/axe-playwright/dist/reporter/defaultTerminalReporter.js:31:25)

  console.log
    ┌─────────┬─────────────────────────────────────────────────────────┬────────────────────────────────────────────────────────────────────────────────────────────────────────────────────────────────────────────────────────────────────────┬────────────┐
    │ (index) │ target                                                  │ html                                                                                                                                                                   │ violations │
    ├─────────┼─────────────────────────────────────────────────────────┼────────────────────────────────────────────────────────────────────────────────────────────────────────────────────────────────────────────────────────────────────────┼────────────┤
    │ 0       │ '[".cuRhJM.sc-caiKUm[type=\\"button\\"]:nth-child(1)"]' │ '<button disabled="" type="button" aria-busy="false" aria-invalid="false" aria-disabled="true" class="sc-caiKUm cuRhJM">'                                              │ '[0]'      │
    │ 1       │ '[".cuRhJM.sc-caiKUm[type=\\"button\\"]:nth-child(2)"]' │ '<button disabled="" type="button" aria-busy="false" aria-invalid="false" aria-disabled="true" class="sc-caiKUm cuRhJM">'                                              │ '[0]'      │
    │ 2       │ '[".cuRhJM.sc-caiKUm[type=\\"button\\"]:nth-child(4)"]' │ '<button disabled="" type="button" aria-busy="false" aria-invalid="false" aria-disabled="true" class="sc-caiKUm cuRhJM">'                                              │ '[0]'      │
    │ 3       │ '[".cuRhJM.sc-caiKUm[type=\\"button\\"]:nth-child(5)"]' │ '<button disabled="" type="button" aria-busy="false" aria-invalid="false" aria-disabled="true" class="sc-caiKUm cuRhJM">'                                              │ '[0]'      │
    │ 4       │ '["select"]'                                            │ '<select class="sc-hUpbJy gMhOFT"><option value="10">10</option><option value="25">25</option><option value="50">50</option><option value="100">100</option></select>' │ '[1]'      │
    └─────────┴─────────────────────────────────────────────────────────┴────────────────────────────────────────────────────────────────────────────────────────────────────────────────────────────────────────────────────────────────────────┴────────────┘

      at DefaultTerminalReporter.<anonymous> (node_modules/axe-playwright/dist/reporter/defaultTerminalReporter.js:43:29)

  console.log
    ┌─────────┬───────────────┬────────────┬────────────────────────────────────────────────┬───────┐
    │ (index) │ id            │ impact     │ description                                    │ nodes │
    ├─────────┼───────────────┼────────────┼────────────────────────────────────────────────┼───────┤
    │ 0       │ 'button-name' │ 'critical' │ 'Ensure buttons have discernible text'         │ 4     │
    │ 1       │ 'select-name' │ 'critical' │ 'Ensure select element has an accessible name' │ 1     │
    └─────────┴───────────────┴────────────┴────────────────────────────────────────────────┴───────┘

      at DefaultTerminalReporter.<anonymous> (node_modules/axe-playwright/dist/reporter/defaultTerminalReporter.js:31:25)

  console.log
    ┌─────────┬─────────────────────────────────────────────────────────┬────────────────────────────────────────────────────────────────────────────────────────────────────────────────────────────────────────────────────────────────────────┬────────────┐
    │ (index) │ target                                                  │ html                                                                                                                                                                   │ violations │
    ├─────────┼─────────────────────────────────────────────────────────┼────────────────────────────────────────────────────────────────────────────────────────────────────────────────────────────────────────────────────────────────────────┼────────────┤
    │ 0       │ '[".cuRhJM.sc-caiKUm[type=\\"button\\"]:nth-child(1)"]' │ '<button disabled="" type="button" aria-busy="false" aria-invalid="false" aria-disabled="true" class="sc-caiKUm cuRhJM">'                                              │ '[0]'      │
    │ 1       │ '[".cuRhJM.sc-caiKUm[type=\\"button\\"]:nth-child(2)"]' │ '<button disabled="" type="button" aria-busy="false" aria-invalid="false" aria-disabled="true" class="sc-caiKUm cuRhJM">'                                              │ '[0]'      │
    │ 2       │ '[".cuRhJM.sc-caiKUm[type=\\"button\\"]:nth-child(4)"]' │ '<button disabled="" type="button" aria-busy="false" aria-invalid="false" aria-disabled="true" class="sc-caiKUm cuRhJM">'                                              │ '[0]'      │
    │ 3       │ '[".cuRhJM.sc-caiKUm[type=\\"button\\"]:nth-child(5)"]' │ '<button disabled="" type="button" aria-busy="false" aria-invalid="false" aria-disabled="true" class="sc-caiKUm cuRhJM">'                                              │ '[0]'      │
    │ 4       │ '["select"]'                                            │ '<select class="sc-hUpbJy gMhOFT"><option value="10">10</option><option value="25">25</option><option value="50">50</option><option value="100">100</option></select>' │ '[1]'      │
    └─────────┴─────────────────────────────────────────────────────────┴────────────────────────────────────────────────────────────────────────────────────────────────────────────────────────────────────────────────────────────────────────┴────────────┘

      at DefaultTerminalReporter.<anonymous> (node_modules/axe-playwright/dist/reporter/defaultTerminalReporter.js:43:29)

FAIL browser: chromium src/Table/Table.WidthTest.stories.tsx
  Components/Table/Width Constraints Test
    WithWidthConstraints
      ✕ smoke-test (406 ms)
    WithNarrowColumns
      ✕ smoke-test (201 ms)
    WithWideColumns
      ✕ smoke-test (115 ms)
    WithMixedWidths
      ✕ smoke-test (163 ms)

  ● Components/Table/Width Constraints Test › WithWidthConstraints › smoke-test

    assert.strictEqual(received, expected)

    Expected value to strictly be equal to:
      0
    Received:
      2

    Message:
      2 accessibility violations were detected

    2 !== 0

      at testResultDependsOnViolations (node_modules/axe-playwright/dist/utils.js:16:26)
      at node_modules/axe-playwright/dist/index.js:143:51
      at fulfilled (node_modules/axe-playwright/dist/index.js:28:58)

  ● Components/Table/Width Constraints Test › WithNarrowColumns › smoke-test

    assert.strictEqual(received, expected)

    Expected value to strictly be equal to:
      0
    Received:
      2

    Message:
      2 accessibility violations were detected

    2 !== 0

      at testResultDependsOnViolations (node_modules/axe-playwright/dist/utils.js:16:26)
      at node_modules/axe-playwright/dist/index.js:143:51
      at fulfilled (node_modules/axe-playwright/dist/index.js:28:58)

  ● Components/Table/Width Constraints Test › WithWideColumns › smoke-test

    assert.strictEqual(received, expected)

    Expected value to strictly be equal to:
      0
    Received:
      2

    Message:
      2 accessibility violations were detected

    2 !== 0

      at testResultDependsOnViolations (node_modules/axe-playwright/dist/utils.js:16:26)
      at node_modules/axe-playwright/dist/index.js:143:51
      at fulfilled (node_modules/axe-playwright/dist/index.js:28:58)

  ● Components/Table/Width Constraints Test › WithMixedWidths › smoke-test

    assert.strictEqual(received, expected)

    Expected value to strictly be equal to:
      0
    Received:
      2

    Message:
      2 accessibility violations were detected

    2 !== 0

      at testResultDependsOnViolations (node_modules/axe-playwright/dist/utils.js:16:26)
      at node_modules/axe-playwright/dist/index.js:143:51
      at fulfilled (node_modules/axe-playwright/dist/index.js:28:58)

  console.log
    No accessibility violations detected!

      at DefaultTerminalReporter.<anonymous> (node_modules/axe-playwright/dist/reporter/defaultTerminalReporter.js:47:41)

  console.log
    No accessibility violations detected!

      at DefaultTerminalReporter.<anonymous> (node_modules/axe-playwright/dist/reporter/defaultTerminalReporter.js:47:41)

  console.log
    ✅ No accessibility violations in: Components/Drawer

      at log (.storybook/test-runner.ts:38:15)

  console.log
    No accessibility violations detected!

      at DefaultTerminalReporter.<anonymous> (node_modules/axe-playwright/dist/reporter/defaultTerminalReporter.js:47:41)

  console.log
    ✅ No accessibility violations in: Components/Drawer

      at log (.storybook/test-runner.ts:38:15)

  console.log
    No accessibility violations detected!

      at DefaultTerminalReporter.<anonymous> (node_modules/axe-playwright/dist/reporter/defaultTerminalReporter.js:47:41)

  console.log
    ✅ No accessibility violations in: Components/Drawer

      at log (.storybook/test-runner.ts:38:15)

  console.log
    No accessibility violations detected!

      at DefaultTerminalReporter.<anonymous> (node_modules/axe-playwright/dist/reporter/defaultTerminalReporter.js:47:41)

  console.log
    ✅ No accessibility violations in: Components/Drawer

      at log (.storybook/test-runner.ts:38:15)

  console.log
    No accessibility violations detected!

      at DefaultTerminalReporter.<anonymous> (node_modules/axe-playwright/dist/reporter/defaultTerminalReporter.js:47:41)

  console.log
    ✅ No accessibility violations in: Components/Drawer

      at log (.storybook/test-runner.ts:38:15)

  console.log
    No accessibility violations detected!

      at DefaultTerminalReporter.<anonymous> (node_modules/axe-playwright/dist/reporter/defaultTerminalReporter.js:47:41)

  console.log
    ✅ No accessibility violations in: Components/Drawer

      at log (.storybook/test-runner.ts:38:15)

FAIL browser: chromium src/Drawer/Drawer.stories.tsx
  Components/Drawer
    Default
      ✕ smoke-test (217 ms)
    LeftPosition
      ✓ smoke-test (76 ms)
    WithForm
      ✓ smoke-test (70 ms)
    NoReset
      ✓ smoke-test (71 ms)
    ScrollableContent
      ✓ smoke-test (71 ms)
    NarrowDrawer
      ✓ smoke-test (69 ms)
    WideDrawer
      ✓ smoke-test (86 ms)

  ● Components/Drawer › Default › smoke-test

    page.evaluate: Error: Axe is already running. Use `await axe.run()` to wait for the previous run to finish before starting a new run.

      at assert (packages/components/http:/localhost:6007/packages/components/node_modules/.cache/storybook/1c3385a5d25e538d10b518b310c74d3ca2690b6aaffeadccd74da79736171f86/sb-vite/deps/axe-core.js?v=b3da04b4:7427:19)
      at Object.run4 [as run] (packages/components/http:/localhost:6007/packages/components/node_modules/.cache/storybook/1c3385a5d25e538d10b518b310c74d3ca2690b6aaffeadccd74da79736171f86/sb-vite/deps/axe-core.js?v=b3da04b4:29739:13)
      at eval (eval at evaluate (:311:30)packages/components/, <anonymous>:2:27)
      at UtilityScript.evaluate (packages/components/<anonymous>:313:16)
      at UtilityScript.<anonymous> (packages/components/<anonymous>:1:44)
      at node_modules/axe-playwright/dist/index.js:74:31
      at node_modules/axe-playwright/dist/index.js:31:71
      at Object.<anonymous>.__awaiter (node_modules/axe-playwright/dist/index.js:27:12)
      at getAxeResults (node_modules/axe-playwright/dist/index.js:73:51)
      at node_modules/axe-playwright/dist/index.js:87:52
      at node_modules/axe-playwright/dist/index.js:31:71
      at Object.<anonymous>.__awaiter (node_modules/axe-playwright/dist/index.js:27:12)
      at getViolations (node_modules/axe-playwright/dist/index.js:86:51)
      at postVisit (.storybook/test-runner.ts:20:43)

  console.log
    No accessibility violations detected!

      at DefaultTerminalReporter.<anonymous> (node_modules/axe-playwright/dist/reporter/defaultTerminalReporter.js:47:41)

  console.log
    No accessibility violations detected!

      at DefaultTerminalReporter.<anonymous> (node_modules/axe-playwright/dist/reporter/defaultTerminalReporter.js:47:41)

  console.log
    ✅ No accessibility violations in: Components/HelpingText

      at log (.storybook/test-runner.ts:38:15)

  console.log
    ┌─────────┬──────────────────┬───────────┬──────────────────────────────────────────────────────────────────────────────────────────────────────────────────┬───────┐
    │ (index) │ id               │ impact    │ description                                                                                                      │ nodes │
    ├─────────┼──────────────────┼───────────┼──────────────────────────────────────────────────────────────────────────────────────────────────────────────────┼───────┤
    │ 0       │ 'color-contrast' │ 'serious' │ 'Ensure the contrast between foreground and background colors meets WCAG 2 AA minimum contrast ratio thresholds' │ 1     │
    └─────────┴──────────────────┴───────────┴──────────────────────────────────────────────────────────────────────────────────────────────────────────────────┴───────┘

      at DefaultTerminalReporter.<anonymous> (node_modules/axe-playwright/dist/reporter/defaultTerminalReporter.js:31:25)

  console.log
    ┌─────────┬──────────────────┬─────────────────────────────────────────────────────────────┬────────────┐
    │ (index) │ target           │ html                                                        │ violations │
    ├─────────┼──────────────────┼─────────────────────────────────────────────────────────────┼────────────┤
    │ 0       │ '[".sc-dkPvMp"]' │ '<p class="sc-dkPvMp bZfRJL">This is a warning message</p>' │ '[0]'      │
    └─────────┴──────────────────┴─────────────────────────────────────────────────────────────┴────────────┘

      at DefaultTerminalReporter.<anonymous> (node_modules/axe-playwright/dist/reporter/defaultTerminalReporter.js:43:29)

  console.log
    No accessibility violations detected!

      at DefaultTerminalReporter.<anonymous> (node_modules/axe-playwright/dist/reporter/defaultTerminalReporter.js:47:41)

  console.log
    ✅ No accessibility violations in: Components/HelpingText

      at log (.storybook/test-runner.ts:38:15)

  console.log
    No accessibility violations detected!

      at DefaultTerminalReporter.<anonymous> (node_modules/axe-playwright/dist/reporter/defaultTerminalReporter.js:47:41)

  console.log
    ✅ No accessibility violations in: Components/HelpingText

      at log (.storybook/test-runner.ts:38:15)

  console.log
    No accessibility violations detected!

      at DefaultTerminalReporter.<anonymous> (node_modules/axe-playwright/dist/reporter/defaultTerminalReporter.js:47:41)

  console.log
    ✅ No accessibility violations in: Components/HelpingText

      at log (.storybook/test-runner.ts:38:15)

  console.log
    ┌─────────┬──────────────────┬───────────┬──────────────────────────────────────────────────────────────────────────────────────────────────────────────────┬───────┐
    │ (index) │ id               │ impact    │ description                                                                                                      │ nodes │
    ├─────────┼──────────────────┼───────────┼──────────────────────────────────────────────────────────────────────────────────────────────────────────────────┼───────┤
    │ 0       │ 'color-contrast' │ 'serious' │ 'Ensure the contrast between foreground and background colors meets WCAG 2 AA minimum contrast ratio thresholds' │ 1     │
    └─────────┴──────────────────┴───────────┴──────────────────────────────────────────────────────────────────────────────────────────────────────────────────┴───────┘

      at DefaultTerminalReporter.<anonymous> (node_modules/axe-playwright/dist/reporter/defaultTerminalReporter.js:31:25)

  console.log
    ┌─────────┬───────────────┬───────────────────────────────────────────────────┬────────────┐
    │ (index) │ target        │ html                                              │ violations │
    ├─────────┼───────────────┼───────────────────────────────────────────────────┼────────────┤
    │ 0       │ '[".bZfRJL"]' │ '<p class="sc-dkPvMp bZfRJL">Warning message</p>' │ '[0]'      │
    └─────────┴───────────────┴───────────────────────────────────────────────────┴────────────┘

      at DefaultTerminalReporter.<anonymous> (node_modules/axe-playwright/dist/reporter/defaultTerminalReporter.js:43:29)

  console.log
    ┌─────────┬──────────────────┬───────────┬──────────────────────────────────────────────────────────────────────────────────────────────────────────────────┬───────┐
    │ (index) │ id               │ impact    │ description                                                                                                      │ nodes │
    ├─────────┼──────────────────┼───────────┼──────────────────────────────────────────────────────────────────────────────────────────────────────────────────┼───────┤
    │ 0       │ 'color-contrast' │ 'serious' │ 'Ensure the contrast between foreground and background colors meets WCAG 2 AA minimum contrast ratio thresholds' │ 1     │
    └─────────┴──────────────────┴───────────┴──────────────────────────────────────────────────────────────────────────────────────────────────────────────────┴───────┘

      at DefaultTerminalReporter.<anonymous> (node_modules/axe-playwright/dist/reporter/defaultTerminalReporter.js:31:25)

  console.log
    ┌─────────┬───────────────┬───────────────────────────────────────────────────┬────────────┐
    │ (index) │ target        │ html                                              │ violations │
    ├─────────┼───────────────┼───────────────────────────────────────────────────┼────────────┤
    │ 0       │ '[".bZfRJL"]' │ '<p class="sc-dkPvMp bZfRJL">Warning message</p>' │ '[0]'      │
    └─────────┴───────────────┴───────────────────────────────────────────────────┴────────────┘

      at DefaultTerminalReporter.<anonymous> (node_modules/axe-playwright/dist/reporter/defaultTerminalReporter.js:43:29)

FAIL browser: chromium src/HelpingText/HelpingText.stories.tsx
  Components/HelpingText
    Default
      ✕ smoke-test (177 ms)
    Informational
      ✓ smoke-test (80 ms)
    Warning
      ✕ smoke-test (62 ms)
    Error
      ✓ smoke-test (69 ms)
    WithoutIcon
      ✓ smoke-test (69 ms)
    LargeSize
      ✓ smoke-test (68 ms)
    AllStates
      ✕ smoke-test (67 ms)
    AllStatesWithoutIcons
      ✕ smoke-test (62 ms)

  ● Components/HelpingText › Default › smoke-test

    page.evaluate: Error: Axe is already running. Use `await axe.run()` to wait for the previous run to finish before starting a new run.

      at assert (packages/components/http:/localhost:6007/packages/components/node_modules/.cache/storybook/1c3385a5d25e538d10b518b310c74d3ca2690b6aaffeadccd74da79736171f86/sb-vite/deps/axe-core.js?v=b3da04b4:7427:19)
      at Object.run4 [as run] (packages/components/http:/localhost:6007/packages/components/node_modules/.cache/storybook/1c3385a5d25e538d10b518b310c74d3ca2690b6aaffeadccd74da79736171f86/sb-vite/deps/axe-core.js?v=b3da04b4:29739:13)
      at eval (eval at evaluate (:311:30)packages/components/, <anonymous>:2:27)
      at UtilityScript.evaluate (packages/components/<anonymous>:313:16)
      at UtilityScript.<anonymous> (packages/components/<anonymous>:1:44)
      at node_modules/axe-playwright/dist/index.js:74:31
      at node_modules/axe-playwright/dist/index.js:31:71
      at Object.<anonymous>.__awaiter (node_modules/axe-playwright/dist/index.js:27:12)
      at getAxeResults (node_modules/axe-playwright/dist/index.js:73:51)
      at node_modules/axe-playwright/dist/index.js:87:52
      at node_modules/axe-playwright/dist/index.js:31:71
      at Object.<anonymous>.__awaiter (node_modules/axe-playwright/dist/index.js:27:12)
      at getViolations (node_modules/axe-playwright/dist/index.js:86:51)
      at postVisit (.storybook/test-runner.ts:20:43)

  ● Components/HelpingText › Warning › smoke-test

    assert.strictEqual(received, expected)

    Expected value to strictly be equal to:
      0
    Received:
      1

    Message:
      1 accessibility violation was detected

    1 !== 0

      at testResultDependsOnViolations (node_modules/axe-playwright/dist/utils.js:16:26)
      at node_modules/axe-playwright/dist/index.js:143:51
      at fulfilled (node_modules/axe-playwright/dist/index.js:28:58)

  ● Components/HelpingText › AllStates › smoke-test

    assert.strictEqual(received, expected)

    Expected value to strictly be equal to:
      0
    Received:
      1

    Message:
      1 accessibility violation was detected

    1 !== 0

      at testResultDependsOnViolations (node_modules/axe-playwright/dist/utils.js:16:26)
      at node_modules/axe-playwright/dist/index.js:143:51
      at fulfilled (node_modules/axe-playwright/dist/index.js:28:58)

  ● Components/HelpingText › AllStatesWithoutIcons › smoke-test

    assert.strictEqual(received, expected)

    Expected value to strictly be equal to:
      0
    Received:
      1

    Message:
      1 accessibility violation was detected

    1 !== 0

      at testResultDependsOnViolations (node_modules/axe-playwright/dist/utils.js:16:26)
      at node_modules/axe-playwright/dist/index.js:143:51
      at fulfilled (node_modules/axe-playwright/dist/index.js:28:58)

  console.log
    ┌─────────┬───────────────┬────────────┬────────────────────────────────────────────────┬───────┐
    │ (index) │ id            │ impact     │ description                                    │ nodes │
    ├─────────┼───────────────┼────────────┼────────────────────────────────────────────────┼───────┤
    │ 0       │ 'button-name' │ 'critical' │ 'Ensure buttons have discernible text'         │ 4     │
    │ 1       │ 'select-name' │ 'critical' │ 'Ensure select element has an accessible name' │ 1     │
    └─────────┴───────────────┴────────────┴────────────────────────────────────────────────┴───────┘

      at DefaultTerminalReporter.<anonymous> (node_modules/axe-playwright/dist/reporter/defaultTerminalReporter.js:31:25)

  console.log
    ┌─────────┬──────────────────────────────────────────────────────────┬────────────────────────────────────────────────────────────────────────────────────────────────────────────────────────────────────────────────────────────────────────┬────────────┐
    │ (index) │ target                                                   │ html                                                                                                                                                                   │ violations │
    ├─────────┼──────────────────────────────────────────────────────────┼────────────────────────────────────────────────────────────────────────────────────────────────────────────────────────────────────────────────────────────────────────┼────────────┤
    │ 0       │ '[".cVDdyR.sc-kDTkih[type=\\"button\\"]:nth-child(1)"]'  │ '<button disabled="" type="button" aria-busy="false" aria-invalid="false" aria-disabled="true" class="sc-kDTkih cVDdyR">'                                              │ '[0]'      │
    │ 1       │ '[".cVDdyR.sc-kDTkih[type=\\"button\\"]:nth-child(2)"]'  │ '<button disabled="" type="button" aria-busy="false" aria-invalid="false" aria-disabled="true" class="sc-kDTkih cVDdyR">'                                              │ '[0]'      │
    │ 2       │ '[".eGqmMi.sc-kDTkih[type=\\"button\\"]:nth-child(9)"]'  │ '<button type="button" aria-busy="false" aria-invalid="false" aria-disabled="false" class="sc-kDTkih eGqmMi">'                                                         │ '[0]'      │
    │ 3       │ '[".eGqmMi.sc-kDTkih[type=\\"button\\"]:nth-child(10)"]' │ '<button type="button" aria-busy="false" aria-invalid="false" aria-disabled="false" class="sc-kDTkih eGqmMi">'                                                         │ '[0]'      │
    │ 4       │ '["select"]'                                             │ '<select class="sc-gKckfV gBJIVf"><option value="10">10</option><option value="25">25</option><option value="50">50</option><option value="100">100</option></select>' │ '[1]'      │
    └─────────┴──────────────────────────────────────────────────────────┴────────────────────────────────────────────────────────────────────────────────────────────────────────────────────────────────────────────────────────────────────────┴────────────┘

      at DefaultTerminalReporter.<anonymous> (node_modules/axe-playwright/dist/reporter/defaultTerminalReporter.js:43:29)

  console.log
    ┌─────────┬───────────────┬────────────┬────────────────────────────────────────────────┬───────┐
    │ (index) │ id            │ impact     │ description                                    │ nodes │
    ├─────────┼───────────────┼────────────┼────────────────────────────────────────────────┼───────┤
    │ 0       │ 'button-name' │ 'critical' │ 'Ensure buttons have discernible text'         │ 4     │
    │ 1       │ 'select-name' │ 'critical' │ 'Ensure select element has an accessible name' │ 1     │
    └─────────┴───────────────┴────────────┴────────────────────────────────────────────────┴───────┘

      at DefaultTerminalReporter.<anonymous> (node_modules/axe-playwright/dist/reporter/defaultTerminalReporter.js:31:25)

  console.log
    ┌─────────┬──────────────────────────────────────────────────────────┬────────────────────────────────────────────────────────────────────────────────────────────────────────────────────────────────────────────────────────────────────────┬────────────┐
    │ (index) │ target                                                   │ html                                                                                                                                                                   │ violations │
    ├─────────┼──────────────────────────────────────────────────────────┼────────────────────────────────────────────────────────────────────────────────────────────────────────────────────────────────────────────────────────────────────────┼────────────┤
    │ 0       │ '[".cVDdyR.sc-kDTkih[type=\\"button\\"]:nth-child(1)"]'  │ '<button disabled="" type="button" aria-busy="false" aria-invalid="false" aria-disabled="true" class="sc-kDTkih cVDdyR">'                                              │ '[0]'      │
    │ 1       │ '[".cVDdyR.sc-kDTkih[type=\\"button\\"]:nth-child(2)"]'  │ '<button disabled="" type="button" aria-busy="false" aria-invalid="false" aria-disabled="true" class="sc-kDTkih cVDdyR">'                                              │ '[0]'      │
    │ 2       │ '[".eGqmMi.sc-kDTkih[type=\\"button\\"]:nth-child(9)"]'  │ '<button type="button" aria-busy="false" aria-invalid="false" aria-disabled="false" class="sc-kDTkih eGqmMi">'                                                         │ '[0]'      │
    │ 3       │ '[".eGqmMi.sc-kDTkih[type=\\"button\\"]:nth-child(10)"]' │ '<button type="button" aria-busy="false" aria-invalid="false" aria-disabled="false" class="sc-kDTkih eGqmMi">'                                                         │ '[0]'      │
    │ 4       │ '["select"]'                                             │ '<select class="sc-gKckfV gBJIVf"><option value="10">10</option><option value="25">25</option><option value="50">50</option><option value="100">100</option></select>' │ '[1]'      │
    └─────────┴──────────────────────────────────────────────────────────┴────────────────────────────────────────────────────────────────────────────────────────────────────────────────────────────────────────────────────────────────────────┴────────────┘

      at DefaultTerminalReporter.<anonymous> (node_modules/axe-playwright/dist/reporter/defaultTerminalReporter.js:43:29)

  console.log
    ┌─────────┬───────────────┬────────────┬────────────────────────────────────────────────┬───────┐
    │ (index) │ id            │ impact     │ description                                    │ nodes │
    ├─────────┼───────────────┼────────────┼────────────────────────────────────────────────┼───────┤
    │ 0       │ 'button-name' │ 'critical' │ 'Ensure buttons have discernible text'         │ 4     │
    │ 1       │ 'select-name' │ 'critical' │ 'Ensure select element has an accessible name' │ 1     │
    └─────────┴───────────────┴────────────┴────────────────────────────────────────────────┴───────┘

      at DefaultTerminalReporter.<anonymous> (node_modules/axe-playwright/dist/reporter/defaultTerminalReporter.js:31:25)

  console.log
    ┌─────────┬──────────────────────────────────────────────────────────┬────────────────────────────────────────────────────────────────────────────────────────────────────────────────────────────────────────────────────────────────────────┬────────────┐
    │ (index) │ target                                                   │ html                                                                                                                                                                   │ violations │
    ├─────────┼──────────────────────────────────────────────────────────┼────────────────────────────────────────────────────────────────────────────────────────────────────────────────────────────────────────────────────────────────────────┼────────────┤
    │ 0       │ '[".eGqmMi.sc-kDTkih[type=\\"button\\"]:nth-child(1)"]'  │ '<button type="button" aria-busy="false" aria-invalid="false" aria-disabled="false" class="sc-kDTkih eGqmMi">'                                                         │ '[0]'      │
    │ 1       │ '[".eGqmMi.sc-kDTkih[type=\\"button\\"]:nth-child(2)"]'  │ '<button type="button" aria-busy="false" aria-invalid="false" aria-disabled="false" class="sc-kDTkih eGqmMi">'                                                         │ '[0]'      │
    │ 2       │ '[".eGqmMi.sc-kDTkih[type=\\"button\\"]:nth-child(10)"]' │ '<button type="button" aria-busy="false" aria-invalid="false" aria-disabled="false" class="sc-kDTkih eGqmMi">'                                                         │ '[0]'      │
    │ 3       │ '[".eGqmMi.sc-kDTkih[type=\\"button\\"]:nth-child(11)"]' │ '<button type="button" aria-busy="false" aria-invalid="false" aria-disabled="false" class="sc-kDTkih eGqmMi">'                                                         │ '[0]'      │
    │ 4       │ '["select"]'                                             │ '<select class="sc-gKckfV gBJIVf"><option value="10">10</option><option value="25">25</option><option value="50">50</option><option value="100">100</option></select>' │ '[1]'      │
    └─────────┴──────────────────────────────────────────────────────────┴────────────────────────────────────────────────────────────────────────────────────────────────────────────────────────────────────────────────────────────────────────┴────────────┘

      at DefaultTerminalReporter.<anonymous> (node_modules/axe-playwright/dist/reporter/defaultTerminalReporter.js:43:29)

  console.log
    ┌─────────┬───────────────┬────────────┬────────────────────────────────────────────────┬───────┐
    │ (index) │ id            │ impact     │ description                                    │ nodes │
    ├─────────┼───────────────┼────────────┼────────────────────────────────────────────────┼───────┤
    │ 0       │ 'button-name' │ 'critical' │ 'Ensure buttons have discernible text'         │ 4     │
    │ 1       │ 'select-name' │ 'critical' │ 'Ensure select element has an accessible name' │ 1     │
    └─────────┴───────────────┴────────────┴────────────────────────────────────────────────┴───────┘

      at DefaultTerminalReporter.<anonymous> (node_modules/axe-playwright/dist/reporter/defaultTerminalReporter.js:31:25)

  console.log
    ┌─────────┬──────────────────────────────────────────────────────────┬────────────────────────────────────────────────────────────────────────────────────────────────────────────────────────────────────────────────────────────────────────┬────────────┐
    │ (index) │ target                                                   │ html                                                                                                                                                                   │ violations │
    ├─────────┼──────────────────────────────────────────────────────────┼────────────────────────────────────────────────────────────────────────────────────────────────────────────────────────────────────────────────────────────────────────┼────────────┤
    │ 0       │ '[".eGqmMi.sc-kDTkih[type=\\"button\\"]:nth-child(1)"]'  │ '<button type="button" aria-busy="false" aria-invalid="false" aria-disabled="false" class="sc-kDTkih eGqmMi">'                                                         │ '[0]'      │
    │ 1       │ '[".eGqmMi.sc-kDTkih[type=\\"button\\"]:nth-child(2)"]'  │ '<button type="button" aria-busy="false" aria-invalid="false" aria-disabled="false" class="sc-kDTkih eGqmMi">'                                                         │ '[0]'      │
    │ 2       │ '[".cVDdyR.sc-kDTkih[type=\\"button\\"]:nth-child(9)"]'  │ '<button disabled="" type="button" aria-busy="false" aria-invalid="false" aria-disabled="true" class="sc-kDTkih cVDdyR">'                                              │ '[0]'      │
    │ 3       │ '[".cVDdyR.sc-kDTkih[type=\\"button\\"]:nth-child(10)"]' │ '<button disabled="" type="button" aria-busy="false" aria-invalid="false" aria-disabled="true" class="sc-kDTkih cVDdyR">'                                              │ '[0]'      │
    │ 4       │ '["select"]'                                             │ '<select class="sc-gKckfV gBJIVf"><option value="10">10</option><option value="25">25</option><option value="50">50</option><option value="100">100</option></select>' │ '[1]'      │
    └─────────┴──────────────────────────────────────────────────────────┴────────────────────────────────────────────────────────────────────────────────────────────────────────────────────────────────────────────────────────────────────────┴────────────┘

      at DefaultTerminalReporter.<anonymous> (node_modules/axe-playwright/dist/reporter/defaultTerminalReporter.js:43:29)

  console.log
    ┌─────────┬───────────────┬────────────┬────────────────────────────────────────────────┬───────┐
    │ (index) │ id            │ impact     │ description                                    │ nodes │
    ├─────────┼───────────────┼────────────┼────────────────────────────────────────────────┼───────┤
    │ 0       │ 'button-name' │ 'critical' │ 'Ensure buttons have discernible text'         │ 4     │
    │ 1       │ 'select-name' │ 'critical' │ 'Ensure select element has an accessible name' │ 1     │
    └─────────┴───────────────┴────────────┴────────────────────────────────────────────────┴───────┘

      at DefaultTerminalReporter.<anonymous> (node_modules/axe-playwright/dist/reporter/defaultTerminalReporter.js:31:25)

  console.log
    ┌─────────┬─────────────────────────────────────────────────────────┬────────────────────────────────────────────────────────────────────────────────────────────────────────────────────────────────────────────────────────────────────────┬────────────┐
    │ (index) │ target                                                  │ html                                                                                                                                                                   │ violations │
    ├─────────┼─────────────────────────────────────────────────────────┼────────────────────────────────────────────────────────────────────────────────────────────────────────────────────────────────────────────────────────────────────────┼────────────┤
    │ 0       │ '[".eGqmMi.sc-kDTkih[type=\\"button\\"]:nth-child(1)"]' │ '<button type="button" aria-busy="false" aria-invalid="false" aria-disabled="false" class="sc-kDTkih eGqmMi">'                                                         │ '[0]'      │
    │ 1       │ '[".eGqmMi.sc-kDTkih[type=\\"button\\"]:nth-child(2)"]' │ '<button type="button" aria-busy="false" aria-invalid="false" aria-disabled="false" class="sc-kDTkih eGqmMi">'                                                         │ '[0]'      │
    │ 2       │ '[".eGqmMi.sc-kDTkih[type=\\"button\\"]:nth-child(6)"]' │ '<button type="button" aria-busy="false" aria-invalid="false" aria-disabled="false" class="sc-kDTkih eGqmMi">'                                                         │ '[0]'      │
    │ 3       │ '[".eGqmMi.sc-kDTkih[type=\\"button\\"]:nth-child(7)"]' │ '<button type="button" aria-busy="false" aria-invalid="false" aria-disabled="false" class="sc-kDTkih eGqmMi">'                                                         │ '[0]'      │
    │ 4       │ '["select"]'                                            │ '<select class="sc-gKckfV gBJIVf"><option value="10">10</option><option value="25">25</option><option value="50">50</option><option value="100">100</option></select>' │ '[1]'      │
    └─────────┴─────────────────────────────────────────────────────────┴────────────────────────────────────────────────────────────────────────────────────────────────────────────────────────────────────────────────────────────────────────┴────────────┘

      at DefaultTerminalReporter.<anonymous> (node_modules/axe-playwright/dist/reporter/defaultTerminalReporter.js:43:29)

  console.log
    ┌─────────┬───────────────┬────────────┬────────────────────────────────────────────────┬───────┐
    │ (index) │ id            │ impact     │ description                                    │ nodes │
    ├─────────┼───────────────┼────────────┼────────────────────────────────────────────────┼───────┤
    │ 0       │ 'button-name' │ 'critical' │ 'Ensure buttons have discernible text'         │ 4     │
    │ 1       │ 'select-name' │ 'critical' │ 'Ensure select element has an accessible name' │ 1     │
    └─────────┴───────────────┴────────────┴────────────────────────────────────────────────┴───────┘

      at DefaultTerminalReporter.<anonymous> (node_modules/axe-playwright/dist/reporter/defaultTerminalReporter.js:31:25)

  console.log
    ┌─────────┬──────────────────────────────────────────────────────────┬────────────────────────────────────────────────────────────────────────────────────────────────────────────────────────────────────────────────────────────────────────┬────────────┐
    │ (index) │ target                                                   │ html                                                                                                                                                                   │ violations │
    ├─────────┼──────────────────────────────────────────────────────────┼────────────────────────────────────────────────────────────────────────────────────────────────────────────────────────────────────────────────────────────────────────┼────────────┤
    │ 0       │ '[".eGqmMi.sc-kDTkih[type=\\"button\\"]:nth-child(1)"]'  │ '<button type="button" aria-busy="false" aria-invalid="false" aria-disabled="false" class="sc-kDTkih eGqmMi">'                                                         │ '[0]'      │
    │ 1       │ '[".eGqmMi.sc-kDTkih[type=\\"button\\"]:nth-child(2)"]'  │ '<button type="button" aria-busy="false" aria-invalid="false" aria-disabled="false" class="sc-kDTkih eGqmMi">'                                                         │ '[0]'      │
    │ 2       │ '[".eGqmMi.sc-kDTkih[type=\\"button\\"]:nth-child(10)"]' │ '<button type="button" aria-busy="false" aria-invalid="false" aria-disabled="false" class="sc-kDTkih eGqmMi">'                                                         │ '[0]'      │
    │ 3       │ '[".eGqmMi.sc-kDTkih[type=\\"button\\"]:nth-child(11)"]' │ '<button type="button" aria-busy="false" aria-invalid="false" aria-disabled="false" class="sc-kDTkih eGqmMi">'                                                         │ '[0]'      │
    │ 4       │ '["select"]'                                             │ '<select class="sc-gKckfV gBJIVf"><option value="10">10</option><option value="25">25</option><option value="50">50</option><option value="100">100</option></select>' │ '[1]'      │
    └─────────┴──────────────────────────────────────────────────────────┴────────────────────────────────────────────────────────────────────────────────────────────────────────────────────────────────────────────────────────────────────────┴────────────┘

      at DefaultTerminalReporter.<anonymous> (node_modules/axe-playwright/dist/reporter/defaultTerminalReporter.js:43:29)

  console.log
    ┌─────────┬───────────────┬────────────┬────────────────────────────────────────────────┬───────┐
    │ (index) │ id            │ impact     │ description                                    │ nodes │
    ├─────────┼───────────────┼────────────┼────────────────────────────────────────────────┼───────┤
    │ 0       │ 'button-name' │ 'critical' │ 'Ensure buttons have discernible text'         │ 4     │
    │ 1       │ 'select-name' │ 'critical' │ 'Ensure select element has an accessible name' │ 1     │
    └─────────┴───────────────┴────────────┴────────────────────────────────────────────────┴───────┘

      at DefaultTerminalReporter.<anonymous> (node_modules/axe-playwright/dist/reporter/defaultTerminalReporter.js:31:25)

  console.log
    ┌─────────┬─────────────────────────────────────────────────────────┬────────────────────────────────────────────────────────────────────────────────────────────────────────────────────────────────────────────────────────────────────────┬────────────┐
    │ (index) │ target                                                  │ html                                                                                                                                                                   │ violations │
    ├─────────┼─────────────────────────────────────────────────────────┼────────────────────────────────────────────────────────────────────────────────────────────────────────────────────────────────────────────────────────────────────────┼────────────┤
    │ 0       │ '[".cVDdyR.sc-kDTkih[type=\\"button\\"]:nth-child(1)"]' │ '<button disabled="" type="button" aria-busy="false" aria-invalid="false" aria-disabled="true" class="sc-kDTkih cVDdyR">'                                              │ '[0]'      │
    │ 1       │ '[".cVDdyR.sc-kDTkih[type=\\"button\\"]:nth-child(2)"]' │ '<button disabled="" type="button" aria-busy="false" aria-invalid="false" aria-disabled="true" class="sc-kDTkih cVDdyR">'                                              │ '[0]'      │
    │ 2       │ '[".eGqmMi.sc-kDTkih[type=\\"button\\"]:nth-child(8)"]' │ '<button type="button" aria-busy="false" aria-invalid="false" aria-disabled="false" class="sc-kDTkih eGqmMi">'                                                         │ '[0]'      │
    │ 3       │ '[".eGqmMi.sc-kDTkih[type=\\"button\\"]:nth-child(9)"]' │ '<button type="button" aria-busy="false" aria-invalid="false" aria-disabled="false" class="sc-kDTkih eGqmMi">'                                                         │ '[0]'      │
    │ 4       │ '["select"]'                                            │ '<select class="sc-gKckfV gBJIVf"><option value="10">10</option><option value="25">25</option><option value="50">50</option><option value="100">100</option></select>' │ '[1]'      │
    └─────────┴─────────────────────────────────────────────────────────┴────────────────────────────────────────────────────────────────────────────────────────────────────────────────────────────────────────────────────────────────────────┴────────────┘

      at DefaultTerminalReporter.<anonymous> (node_modules/axe-playwright/dist/reporter/defaultTerminalReporter.js:43:29)

FAIL browser: chromium src/Pagination/Pagination.stories.tsx
  Components/Pagination
    Default
      ✕ smoke-test (169 ms)
    FirstPage
      ✕ smoke-test (115 ms)
    MiddlePage
      ✕ smoke-test (83 ms)
    LastPage
      ✕ smoke-test (83 ms)
    FewPages
      ✕ smoke-test (78 ms)
    ManyPages
      ✕ smoke-test (78 ms)
    WithCustomItemsPerPage
      ✕ smoke-test (76 ms)

  ● Components/Pagination › Default › smoke-test

    assert.strictEqual(received, expected)

    Expected value to strictly be equal to:
      0
    Received:
      2

    Message:
      2 accessibility violations were detected

    2 !== 0

      at testResultDependsOnViolations (node_modules/axe-playwright/dist/utils.js:16:26)
      at node_modules/axe-playwright/dist/index.js:143:51
      at fulfilled (node_modules/axe-playwright/dist/index.js:28:58)

  ● Components/Pagination › FirstPage › smoke-test

    assert.strictEqual(received, expected)

    Expected value to strictly be equal to:
      0
    Received:
      2

    Message:
      2 accessibility violations were detected

    2 !== 0

      at testResultDependsOnViolations (node_modules/axe-playwright/dist/utils.js:16:26)
      at node_modules/axe-playwright/dist/index.js:143:51
      at fulfilled (node_modules/axe-playwright/dist/index.js:28:58)

  ● Components/Pagination › MiddlePage › smoke-test

    assert.strictEqual(received, expected)

    Expected value to strictly be equal to:
      0
    Received:
      2

    Message:
      2 accessibility violations were detected

    2 !== 0

      at testResultDependsOnViolations (node_modules/axe-playwright/dist/utils.js:16:26)
      at node_modules/axe-playwright/dist/index.js:143:51
      at fulfilled (node_modules/axe-playwright/dist/index.js:28:58)

  ● Components/Pagination › LastPage › smoke-test

    assert.strictEqual(received, expected)

    Expected value to strictly be equal to:
      0
    Received:
      2

    Message:
      2 accessibility violations were detected

    2 !== 0

      at testResultDependsOnViolations (node_modules/axe-playwright/dist/utils.js:16:26)
      at node_modules/axe-playwright/dist/index.js:143:51
      at fulfilled (node_modules/axe-playwright/dist/index.js:28:58)

  ● Components/Pagination › FewPages › smoke-test

    assert.strictEqual(received, expected)

    Expected value to strictly be equal to:
      0
    Received:
      2

    Message:
      2 accessibility violations were detected

    2 !== 0

      at testResultDependsOnViolations (node_modules/axe-playwright/dist/utils.js:16:26)
      at node_modules/axe-playwright/dist/index.js:143:51
      at fulfilled (node_modules/axe-playwright/dist/index.js:28:58)

  ● Components/Pagination › ManyPages › smoke-test

    assert.strictEqual(received, expected)

    Expected value to strictly be equal to:
      0
    Received:
      2

    Message:
      2 accessibility violations were detected

    2 !== 0

      at testResultDependsOnViolations (node_modules/axe-playwright/dist/utils.js:16:26)
      at node_modules/axe-playwright/dist/index.js:143:51
      at fulfilled (node_modules/axe-playwright/dist/index.js:28:58)

  ● Components/Pagination › WithCustomItemsPerPage › smoke-test

    assert.strictEqual(received, expected)

    Expected value to strictly be equal to:
      0
    Received:
      2

    Message:
      2 accessibility violations were detected

    2 !== 0

      at testResultDependsOnViolations (node_modules/axe-playwright/dist/utils.js:16:26)
      at node_modules/axe-playwright/dist/index.js:143:51
      at fulfilled (node_modules/axe-playwright/dist/index.js:28:58)

  console.log
    No accessibility violations detected!

      at DefaultTerminalReporter.<anonymous> (node_modules/axe-playwright/dist/reporter/defaultTerminalReporter.js:47:41)

  console.log
    No accessibility violations detected!

      at DefaultTerminalReporter.<anonymous> (node_modules/axe-playwright/dist/reporter/defaultTerminalReporter.js:47:41)

  console.log
    ✅ No accessibility violations in: Data Visualization/ChartTooltip

      at log (.storybook/test-runner.ts:38:15)

  console.log
    No accessibility violations detected!

      at DefaultTerminalReporter.<anonymous> (node_modules/axe-playwright/dist/reporter/defaultTerminalReporter.js:47:41)

  console.log
    ✅ No accessibility violations in: Data Visualization/ChartTooltip

      at log (.storybook/test-runner.ts:38:15)

  console.log
    ┌─────────┬──────────────────┬───────────┬──────────────────────────────────────────────────────────────────────────────────────────────────────────────────┬───────┐
    │ (index) │ id               │ impact    │ description                                                                                                      │ nodes │
    ├─────────┼──────────────────┼───────────┼──────────────────────────────────────────────────────────────────────────────────────────────────────────────────┼───────┤
    │ 0       │ 'color-contrast' │ 'serious' │ 'Ensure the contrast between foreground and background colors meets WCAG 2 AA minimum contrast ratio thresholds' │ 2     │
    └─────────┴──────────────────┴───────────┴──────────────────────────────────────────────────────────────────────────────────────────────────────────────────┴───────┘

      at DefaultTerminalReporter.<anonymous> (node_modules/axe-playwright/dist/reporter/defaultTerminalReporter.js:31:25)

  console.log
    ┌─────────┬──────────────────────────────────────┬────────────────────────────────────────────────────────────────────────────────────────┬────────────┐
    │ (index) │ target                               │ html                                                                                   │ violations │
    ├─────────┼──────────────────────────────────────┼────────────────────────────────────────────────────────────────────────────────────────┼────────────┤
    │ 0       │ '[".sc-gKckfV.gIsCZW:nth-child(1)"]' │ '<div class="sc-gKckfV gIsCZW">Segment A</div>'                                        │ '[0]'      │
    │ 1       │ '[".sc-gKckfV.gIsCZW:nth-child(2)"]' │ '<div class="sc-gKckfV gIsCZW" style="background: rgb(26, 194, 193);">Segment B</div>' │ '[0]'      │
    └─────────┴──────────────────────────────────────┴────────────────────────────────────────────────────────────────────────────────────────┴────────────┘

      at DefaultTerminalReporter.<anonymous> (node_modules/axe-playwright/dist/reporter/defaultTerminalReporter.js:43:29)

  console.log
    No accessibility violations detected!

      at DefaultTerminalReporter.<anonymous> (node_modules/axe-playwright/dist/reporter/defaultTerminalReporter.js:47:41)

  console.log
    ✅ No accessibility violations in: Data Visualization/ChartTooltip

      at log (.storybook/test-runner.ts:38:15)

  console.log
    No accessibility violations detected!

      at DefaultTerminalReporter.<anonymous> (node_modules/axe-playwright/dist/reporter/defaultTerminalReporter.js:47:41)

  console.log
    ✅ No accessibility violations in: Data Visualization/ChartTooltip

      at log (.storybook/test-runner.ts:38:15)

FAIL browser: chromium src/ChartTooltip/ChartTooltip.stories.tsx
  Data Visualization/ChartTooltip
    Basic
      ✕ smoke-test (177 ms)
    WithDescription
      ✓ smoke-test (72 ms)
    InfoIconTooltip
      ✓ smoke-test (70 ms)
    ChartSegmentHover
      ✕ smoke-test (59 ms)
    LongText
      ✓ smoke-test (67 ms)
    AlwaysVisible
      ✓ smoke-test (72 ms)

  ● Data Visualization/ChartTooltip › Basic › smoke-test

    page.evaluate: Error: Axe is already running. Use `await axe.run()` to wait for the previous run to finish before starting a new run.

      at assert (packages/components/http:/localhost:6007/packages/components/node_modules/.cache/storybook/1c3385a5d25e538d10b518b310c74d3ca2690b6aaffeadccd74da79736171f86/sb-vite/deps/axe-core.js?v=b3da04b4:7427:19)
      at Object.run4 [as run] (packages/components/http:/localhost:6007/packages/components/node_modules/.cache/storybook/1c3385a5d25e538d10b518b310c74d3ca2690b6aaffeadccd74da79736171f86/sb-vite/deps/axe-core.js?v=b3da04b4:29739:13)
      at eval (eval at evaluate (:311:30)packages/components/, <anonymous>:2:27)
      at UtilityScript.evaluate (packages/components/<anonymous>:313:16)
      at UtilityScript.<anonymous> (packages/components/<anonymous>:1:44)
      at node_modules/axe-playwright/dist/index.js:74:31
      at node_modules/axe-playwright/dist/index.js:31:71
      at Object.<anonymous>.__awaiter (node_modules/axe-playwright/dist/index.js:27:12)
      at getAxeResults (node_modules/axe-playwright/dist/index.js:73:51)
      at node_modules/axe-playwright/dist/index.js:87:52
      at node_modules/axe-playwright/dist/index.js:31:71
      at Object.<anonymous>.__awaiter (node_modules/axe-playwright/dist/index.js:27:12)
      at getViolations (node_modules/axe-playwright/dist/index.js:86:51)
      at postVisit (.storybook/test-runner.ts:20:43)

  ● Data Visualization/ChartTooltip › ChartSegmentHover › smoke-test

    assert.strictEqual(received, expected)

    Expected value to strictly be equal to:
      0
    Received:
      1

    Message:
      1 accessibility violation was detected

    1 !== 0

      at testResultDependsOnViolations (node_modules/axe-playwright/dist/utils.js:16:26)
      at node_modules/axe-playwright/dist/index.js:143:51
      at fulfilled (node_modules/axe-playwright/dist/index.js:28:58)

  console.log
    No accessibility violations detected!

      at DefaultTerminalReporter.<anonymous> (node_modules/axe-playwright/dist/reporter/defaultTerminalReporter.js:47:41)

  console.log
    No accessibility violations detected!

      at DefaultTerminalReporter.<anonymous> (node_modules/axe-playwright/dist/reporter/defaultTerminalReporter.js:47:41)

  console.log
    ✅ No accessibility violations in: Design Tokens/Borders & Shadows

      at log (.storybook/test-runner.ts:38:15)

  console.log
    No accessibility violations detected!

      at DefaultTerminalReporter.<anonymous> (node_modules/axe-playwright/dist/reporter/defaultTerminalReporter.js:47:41)

  console.log
    ✅ No accessibility violations in: Design Tokens/Borders & Shadows

      at log (.storybook/test-runner.ts:38:15)

FAIL browser: chromium src/DesignTokens/Borders.stories.tsx
  Design Tokens/Borders & Shadows
    BorderRadius
      ✕ smoke-test (201 ms)
    BorderWidths
      ✓ smoke-test (116 ms)
    Shadows
      ✓ smoke-test (135 ms)

  ● Design Tokens/Borders & Shadows › BorderRadius › smoke-test

    page.evaluate: Error: Axe is already running. Use `await axe.run()` to wait for the previous run to finish before starting a new run.

      at assert (packages/components/http:/localhost:6007/packages/components/node_modules/.cache/storybook/1c3385a5d25e538d10b518b310c74d3ca2690b6aaffeadccd74da79736171f86/sb-vite/deps/axe-core.js?v=b3da04b4:7427:19)
      at Object.run4 [as run] (packages/components/http:/localhost:6007/packages/components/node_modules/.cache/storybook/1c3385a5d25e538d10b518b310c74d3ca2690b6aaffeadccd74da79736171f86/sb-vite/deps/axe-core.js?v=b3da04b4:29739:13)
      at eval (eval at evaluate (:311:30)packages/components/, <anonymous>:2:27)
      at UtilityScript.evaluate (packages/components/<anonymous>:313:16)
      at UtilityScript.<anonymous> (packages/components/<anonymous>:1:44)
      at node_modules/axe-playwright/dist/index.js:74:31
      at node_modules/axe-playwright/dist/index.js:31:71
      at Object.<anonymous>.__awaiter (node_modules/axe-playwright/dist/index.js:27:12)
      at getAxeResults (node_modules/axe-playwright/dist/index.js:73:51)
      at node_modules/axe-playwright/dist/index.js:87:52
      at node_modules/axe-playwright/dist/index.js:31:71
      at Object.<anonymous>.__awaiter (node_modules/axe-playwright/dist/index.js:27:12)
      at getViolations (node_modules/axe-playwright/dist/index.js:86:51)
      at postVisit (.storybook/test-runner.ts:20:43)

  console.log
    ┌─────────┬────────────────────────┬────────────┬─────────────────────────────────────────────────────────────────────────────────────┬───────┐
    │ (index) │ id                     │ impact     │ description                                                                         │ nodes │
    ├─────────┼────────────────────────┼────────────┼─────────────────────────────────────────────────────────────────────────────────────┼───────┤
    │ 0       │ 'aria-allowed-attr'    │ 'critical' │ "Ensure an element's role supports its ARIA attributes"                             │ 2     │
    │ 1       │ 'aria-required-parent' │ 'critical' │ 'Ensure elements with an ARIA role that require parent roles are contained by them' │ 2     │
    └─────────┴────────────────────────┴────────────┴─────────────────────────────────────────────────────────────────────────────────────┴───────┘

      at DefaultTerminalReporter.<anonymous> (node_modules/axe-playwright/dist/reporter/defaultTerminalReporter.js:31:25)

  console.log
    ┌─────────┬───────────────────────────────┬────────────────────────────────────────────────────────────────────────────────────────────────────────────────────────────────┬────────────┐
    │ (index) │ target                        │ html                                                                                                                           │ violations │
    ├─────────┼───────────────────────────────┼────────────────────────────────────────────────────────────────────────────────────────────────────────────────────────────────┼────────────┤
    │ 0       │ '["#menu-item-\\\\:r0\\\\:"]' │ '<div role="menuitem" tabindex="0" aria-selected="true" aria-disabled="false" id="menu-item-:r0:" class="sc-kDTkih gIMqug">'   │ '[0,1]'    │
    │ 1       │ '["#menu-item-\\\\:r1\\\\:"]' │ '<div role="menuitem" tabindex="-1" aria-selected="false" aria-disabled="false" id="menu-item-:r1:" class="sc-kDTkih inHeIA">' │ '[0,1]'    │
    └─────────┴───────────────────────────────┴────────────────────────────────────────────────────────────────────────────────────────────────────────────────────────────────┴────────────┘

      at DefaultTerminalReporter.<anonymous> (node_modules/axe-playwright/dist/reporter/defaultTerminalReporter.js:43:29)

  console.log
    ┌─────────┬────────────────────────┬────────────┬─────────────────────────────────────────────────────────────────────────────────────┬───────┐
    │ (index) │ id                     │ impact     │ description                                                                         │ nodes │
    ├─────────┼────────────────────────┼────────────┼─────────────────────────────────────────────────────────────────────────────────────┼───────┤
    │ 0       │ 'aria-allowed-attr'    │ 'critical' │ "Ensure an element's role supports its ARIA attributes"                             │ 2     │
    │ 1       │ 'aria-required-parent' │ 'critical' │ 'Ensure elements with an ARIA role that require parent roles are contained by them' │ 2     │
    └─────────┴────────────────────────┴────────────┴─────────────────────────────────────────────────────────────────────────────────────┴───────┘

      at DefaultTerminalReporter.<anonymous> (node_modules/axe-playwright/dist/reporter/defaultTerminalReporter.js:31:25)

  console.log
    ┌─────────┬───────────────────────────────┬────────────────────────────────────────────────────────────────────────────────────────────────────────────────────────────────┬────────────┐
    │ (index) │ target                        │ html                                                                                                                           │ violations │
    ├─────────┼───────────────────────────────┼────────────────────────────────────────────────────────────────────────────────────────────────────────────────────────────────┼────────────┤
    │ 0       │ '["#menu-item-\\\\:r2\\\\:"]' │ '<div role="menuitem" tabindex="0" aria-selected="true" aria-disabled="false" id="menu-item-:r2:" class="sc-kDTkih ecSkvX">'   │ '[0,1]'    │
    │ 1       │ '["#menu-item-\\\\:r3\\\\:"]' │ '<div role="menuitem" tabindex="-1" aria-selected="false" aria-disabled="false" id="menu-item-:r3:" class="sc-kDTkih ckMZSH">' │ '[0,1]'    │
    └─────────┴───────────────────────────────┴────────────────────────────────────────────────────────────────────────────────────────────────────────────────────────────────┴────────────┘

      at DefaultTerminalReporter.<anonymous> (node_modules/axe-playwright/dist/reporter/defaultTerminalReporter.js:43:29)

  console.log
    ┌─────────┬────────────────────────┬────────────┬─────────────────────────────────────────────────────────────────────────────────────┬───────┐
    │ (index) │ id                     │ impact     │ description                                                                         │ nodes │
    ├─────────┼────────────────────────┼────────────┼─────────────────────────────────────────────────────────────────────────────────────┼───────┤
    │ 0       │ 'aria-allowed-attr'    │ 'critical' │ "Ensure an element's role supports its ARIA attributes"                             │ 2     │
    │ 1       │ 'aria-required-parent' │ 'critical' │ 'Ensure elements with an ARIA role that require parent roles are contained by them' │ 2     │
    └─────────┴────────────────────────┴────────────┴─────────────────────────────────────────────────────────────────────────────────────┴───────┘

      at DefaultTerminalReporter.<anonymous> (node_modules/axe-playwright/dist/reporter/defaultTerminalReporter.js:31:25)

  console.log
    ┌─────────┬───────────────────────────────┬────────────────────────────────────────────────────────────────────────────────────────────────────────────────────────────────┬────────────┐
    │ (index) │ target                        │ html                                                                                                                           │ violations │
    ├─────────┼───────────────────────────────┼────────────────────────────────────────────────────────────────────────────────────────────────────────────────────────────────┼────────────┤
    │ 0       │ '["#menu-item-\\\\:r4\\\\:"]' │ '<div role="menuitem" tabindex="0" aria-selected="true" aria-disabled="false" id="menu-item-:r4:" class="sc-kDTkih gIMqug">'   │ '[0,1]'    │
    │ 1       │ '["#menu-item-\\\\:r5\\\\:"]' │ '<div role="menuitem" tabindex="-1" aria-selected="false" aria-disabled="false" id="menu-item-:r5:" class="sc-kDTkih inHeIA">' │ '[0,1]'    │
    └─────────┴───────────────────────────────┴────────────────────────────────────────────────────────────────────────────────────────────────────────────────────────────────┴────────────┘

      at DefaultTerminalReporter.<anonymous> (node_modules/axe-playwright/dist/reporter/defaultTerminalReporter.js:43:29)

  console.log
    No accessibility violations detected!

      at DefaultTerminalReporter.<anonymous> (node_modules/axe-playwright/dist/reporter/defaultTerminalReporter.js:47:41)

  console.log
    ✅ No accessibility violations in: Components/TopHeader

      at log (.storybook/test-runner.ts:38:15)

  console.log
    No accessibility violations detected!

      at DefaultTerminalReporter.<anonymous> (node_modules/axe-playwright/dist/reporter/defaultTerminalReporter.js:47:41)

  console.log
    ✅ No accessibility violations in: Components/TopHeader

      at log (.storybook/test-runner.ts:38:15)

FAIL browser: chromium src/TopHeader/TopHeader.stories.tsx
  Components/TopHeader
    DarkMode
      ✕ smoke-test (190 ms)
    LightMode
      ✕ smoke-test (112 ms)
    WithoutLogo
      ✕ smoke-test (75 ms)
    WithoutMenuItems
      ✓ smoke-test (78 ms)
    MinimalHeader
      ✓ smoke-test (76 ms)

  ● Components/TopHeader › DarkMode › smoke-test

    assert.strictEqual(received, expected)

    Expected value to strictly be equal to:
      0
    Received:
      2

    Message:
      2 accessibility violations were detected

    2 !== 0

      at testResultDependsOnViolations (node_modules/axe-playwright/dist/utils.js:16:26)
      at node_modules/axe-playwright/dist/index.js:143:51
      at fulfilled (node_modules/axe-playwright/dist/index.js:28:58)

  ● Components/TopHeader › LightMode › smoke-test

    assert.strictEqual(received, expected)

    Expected value to strictly be equal to:
      0
    Received:
      2

    Message:
      2 accessibility violations were detected

    2 !== 0

      at testResultDependsOnViolations (node_modules/axe-playwright/dist/utils.js:16:26)
      at node_modules/axe-playwright/dist/index.js:143:51
      at fulfilled (node_modules/axe-playwright/dist/index.js:28:58)

  ● Components/TopHeader › WithoutLogo › smoke-test

    assert.strictEqual(received, expected)

    Expected value to strictly be equal to:
      0
    Received:
      2

    Message:
      2 accessibility violations were detected

    2 !== 0

      at testResultDependsOnViolations (node_modules/axe-playwright/dist/utils.js:16:26)
      at node_modules/axe-playwright/dist/index.js:143:51
      at fulfilled (node_modules/axe-playwright/dist/index.js:28:58)

  console.log
    No accessibility violations detected!

      at DefaultTerminalReporter.<anonymous> (node_modules/axe-playwright/dist/reporter/defaultTerminalReporter.js:47:41)

  console.log
    No accessibility violations detected!

      at DefaultTerminalReporter.<anonymous> (node_modules/axe-playwright/dist/reporter/defaultTerminalReporter.js:47:41)

  console.log
    ✅ No accessibility violations in: Components/Brand

      at log (.storybook/test-runner.ts:38:15)

  console.log
    No accessibility violations detected!

      at DefaultTerminalReporter.<anonymous> (node_modules/axe-playwright/dist/reporter/defaultTerminalReporter.js:47:41)

  console.log
    ✅ No accessibility violations in: Components/Brand

      at log (.storybook/test-runner.ts:38:15)

  console.log
    No accessibility violations detected!

      at DefaultTerminalReporter.<anonymous> (node_modules/axe-playwright/dist/reporter/defaultTerminalReporter.js:47:41)

  console.log
    ✅ No accessibility violations in: Components/Brand

      at log (.storybook/test-runner.ts:38:15)

  console.log
    No accessibility violations detected!

      at DefaultTerminalReporter.<anonymous> (node_modules/axe-playwright/dist/reporter/defaultTerminalReporter.js:47:41)

  console.log
    ✅ No accessibility violations in: Components/Brand

      at log (.storybook/test-runner.ts:38:15)

  console.log
    No accessibility violations detected!

      at DefaultTerminalReporter.<anonymous> (node_modules/axe-playwright/dist/reporter/defaultTerminalReporter.js:47:41)

  console.log
    ✅ No accessibility violations in: Components/Brand

      at log (.storybook/test-runner.ts:38:15)

FAIL browser: chromium src/Brand/Brand.stories.tsx
  Components/Brand
    CarelonLogo
      ✕ smoke-test (169 ms)
    CarelonSymbol
      ✓ smoke-test (71 ms)
    ElevanceLogo
      ✓ smoke-test (73 ms)
    ElevanceSymbol
      ✓ smoke-test (64 ms)
    CustomLogo
      ✓ smoke-test (64 ms)
    CustomLogoWithPadding
      ✓ smoke-test (63 ms)

  ● Components/Brand › CarelonLogo › smoke-test

    page.evaluate: Error: Axe is already running. Use `await axe.run()` to wait for the previous run to finish before starting a new run.

      at assert (packages/components/http:/localhost:6007/packages/components/node_modules/.cache/storybook/1c3385a5d25e538d10b518b310c74d3ca2690b6aaffeadccd74da79736171f86/sb-vite/deps/axe-core.js?v=b3da04b4:7427:19)
      at Object.run4 [as run] (packages/components/http:/localhost:6007/packages/components/node_modules/.cache/storybook/1c3385a5d25e538d10b518b310c74d3ca2690b6aaffeadccd74da79736171f86/sb-vite/deps/axe-core.js?v=b3da04b4:29739:13)
      at eval (eval at evaluate (:311:30)packages/components/, <anonymous>:2:27)
      at UtilityScript.evaluate (packages/components/<anonymous>:313:16)
      at UtilityScript.<anonymous> (packages/components/<anonymous>:1:44)
      at node_modules/axe-playwright/dist/index.js:74:31
      at node_modules/axe-playwright/dist/index.js:31:71
      at Object.<anonymous>.__awaiter (node_modules/axe-playwright/dist/index.js:27:12)
      at getAxeResults (node_modules/axe-playwright/dist/index.js:73:51)
      at node_modules/axe-playwright/dist/index.js:87:52
      at node_modules/axe-playwright/dist/index.js:31:71
      at Object.<anonymous>.__awaiter (node_modules/axe-playwright/dist/index.js:27:12)
      at getViolations (node_modules/axe-playwright/dist/index.js:86:51)
      at postVisit (.storybook/test-runner.ts:20:43)

  console.log
    No accessibility violations detected!

      at DefaultTerminalReporter.<anonymous> (node_modules/axe-playwright/dist/reporter/defaultTerminalReporter.js:47:41)

FAIL browser: chromium src/DesignTokens/Icons.stories.tsx
  Design Tokens/Icons
    AllIcons
      ✕ smoke-test (234 ms)

  ● Design Tokens/Icons › AllIcons › smoke-test

    page.evaluate: Error: Axe is already running. Use `await axe.run()` to wait for the previous run to finish before starting a new run.

      at assert (packages/components/http:/localhost:6007/packages/components/node_modules/.cache/storybook/1c3385a5d25e538d10b518b310c74d3ca2690b6aaffeadccd74da79736171f86/sb-vite/deps/axe-core.js?v=b3da04b4:7427:19)
      at Object.run4 [as run] (packages/components/http:/localhost:6007/packages/components/node_modules/.cache/storybook/1c3385a5d25e538d10b518b310c74d3ca2690b6aaffeadccd74da79736171f86/sb-vite/deps/axe-core.js?v=b3da04b4:29739:13)
      at eval (eval at evaluate (:311:30)packages/components/, <anonymous>:2:27)
      at UtilityScript.evaluate (packages/components/<anonymous>:313:16)
      at UtilityScript.<anonymous> (packages/components/<anonymous>:1:44)
      at node_modules/axe-playwright/dist/index.js:74:31
      at node_modules/axe-playwright/dist/index.js:31:71
      at Object.<anonymous>.__awaiter (node_modules/axe-playwright/dist/index.js:27:12)
      at getAxeResults (node_modules/axe-playwright/dist/index.js:73:51)
      at node_modules/axe-playwright/dist/index.js:87:52
      at node_modules/axe-playwright/dist/index.js:31:71
      at Object.<anonymous>.__awaiter (node_modules/axe-playwright/dist/index.js:27:12)
      at getViolations (node_modules/axe-playwright/dist/index.js:86:51)
      at postVisit (.storybook/test-runner.ts:20:43)

  console.log
    No accessibility violations detected!

      at DefaultTerminalReporter.<anonymous> (node_modules/axe-playwright/dist/reporter/defaultTerminalReporter.js:47:41)

FAIL browser: chromium src/DesignTokens/Spacing.stories.tsx
  Design Tokens/Spacing
    AllSpacingTokens
      ✕ smoke-test (374 ms)

  ● Design Tokens/Spacing › AllSpacingTokens › smoke-test

    page.evaluate: Error: Axe is already running. Use `await axe.run()` to wait for the previous run to finish before starting a new run.

      at assert (packages/components/http:/localhost:6007/packages/components/node_modules/.cache/storybook/1c3385a5d25e538d10b518b310c74d3ca2690b6aaffeadccd74da79736171f86/sb-vite/deps/axe-core.js?v=b3da04b4:7427:19)
      at Object.run4 [as run] (packages/components/http:/localhost:6007/packages/components/node_modules/.cache/storybook/1c3385a5d25e538d10b518b310c74d3ca2690b6aaffeadccd74da79736171f86/sb-vite/deps/axe-core.js?v=b3da04b4:29739:13)
      at eval (eval at evaluate (:311:30)packages/components/, <anonymous>:2:27)
      at UtilityScript.evaluate (packages/components/<anonymous>:313:16)
      at UtilityScript.<anonymous> (packages/components/<anonymous>:1:44)
      at node_modules/axe-playwright/dist/index.js:74:31
      at node_modules/axe-playwright/dist/index.js:31:71
      at Object.<anonymous>.__awaiter (node_modules/axe-playwright/dist/index.js:27:12)
      at getAxeResults (node_modules/axe-playwright/dist/index.js:73:51)
      at node_modules/axe-playwright/dist/index.js:87:52
      at node_modules/axe-playwright/dist/index.js:31:71
      at Object.<anonymous>.__awaiter (node_modules/axe-playwright/dist/index.js:27:12)
      at getViolations (node_modules/axe-playwright/dist/index.js:86:51)
      at postVisit (.storybook/test-runner.ts:20:43)

  console.log
    ┌─────────┬──────────────────┬───────────┬──────────────────────────────────────────────────────────────────────────────────────────────────────────────────┬───────┐
    │ (index) │ id               │ impact    │ description                                                                                                      │ nodes │
    ├─────────┼──────────────────┼───────────┼──────────────────────────────────────────────────────────────────────────────────────────────────────────────────┼───────┤
    │ 0       │ 'color-contrast' │ 'serious' │ 'Ensure the contrast between foreground and background colors meets WCAG 2 AA minimum contrast ratio thresholds' │ 3     │
    └─────────┴──────────────────┴───────────┴──────────────────────────────────────────────────────────────────────────────────────────────────────────────────┴───────┘

      at DefaultTerminalReporter.<anonymous> (node_modules/axe-playwright/dist/reporter/defaultTerminalReporter.js:31:25)

  console.log
    ┌─────────┬──────────────────────────────────┬────────────────────────────────────────────────────────────────────────────┬────────────┐
    │ (index) │ target                           │ html                                                                       │ violations │
    ├─────────┼──────────────────────────────────┼────────────────────────────────────────────────────────────────────────────┼────────────┤
    │ 0       │ '["a[href=\\"/\\"]"]'            │ '<a href="/" class="sc-gsDLFA eKmIAR">Home</a>'                            │ '[0]'      │
    │ 1       │ '["a[href$=\\"products\\"]"]'    │ '<a href="/products" class="sc-gsDLFA eKmIAR">Products</a>'                │ '[0]'      │
    │ 2       │ '["a[href$=\\"electronics\\"]"]' │ '<a href="/products/electronics" class="sc-gsDLFA eKmIAR">Electronics</a>' │ '[0]'      │
    └─────────┴──────────────────────────────────┴────────────────────────────────────────────────────────────────────────────┴────────────┘

      at DefaultTerminalReporter.<anonymous> (node_modules/axe-playwright/dist/reporter/defaultTerminalReporter.js:43:29)

  console.log
    ┌─────────┬──────────────────┬───────────┬──────────────────────────────────────────────────────────────────────────────────────────────────────────────────┬───────┐
    │ (index) │ id               │ impact    │ description                                                                                                      │ nodes │
    ├─────────┼──────────────────┼───────────┼──────────────────────────────────────────────────────────────────────────────────────────────────────────────────┼───────┤
    │ 0       │ 'color-contrast' │ 'serious' │ 'Ensure the contrast between foreground and background colors meets WCAG 2 AA minimum contrast ratio thresholds' │ 3     │
    └─────────┴──────────────────┴───────────┴──────────────────────────────────────────────────────────────────────────────────────────────────────────────────┴───────┘

      at DefaultTerminalReporter.<anonymous> (node_modules/axe-playwright/dist/reporter/defaultTerminalReporter.js:31:25)

  console.log
    ┌─────────┬──────────────────────────────────┬────────────────────────────────────────────────────────────────────────────┬────────────┐
    │ (index) │ target                           │ html                                                                       │ violations │
    ├─────────┼──────────────────────────────────┼────────────────────────────────────────────────────────────────────────────┼────────────┤
    │ 0       │ '["a[href=\\"/\\"]"]'            │ '<a href="/" class="sc-gsDLFA eKmIAR">Home</a>'                            │ '[0]'      │
    │ 1       │ '["a[href$=\\"products\\"]"]'    │ '<a href="/products" class="sc-gsDLFA eKmIAR">Products</a>'                │ '[0]'      │
    │ 2       │ '["a[href$=\\"electronics\\"]"]' │ '<a href="/products/electronics" class="sc-gsDLFA eKmIAR">Electronics</a>' │ '[0]'      │
    └─────────┴──────────────────────────────────┴────────────────────────────────────────────────────────────────────────────┴────────────┘

      at DefaultTerminalReporter.<anonymous> (node_modules/axe-playwright/dist/reporter/defaultTerminalReporter.js:43:29)

  console.log
    ┌─────────┬──────────────────┬───────────┬──────────────────────────────────────────────────────────────────────────────────────────────────────────────────┬───────┐
    │ (index) │ id               │ impact    │ description                                                                                                      │ nodes │
    ├─────────┼──────────────────┼───────────┼──────────────────────────────────────────────────────────────────────────────────────────────────────────────────┼───────┤
    │ 0       │ 'color-contrast' │ 'serious' │ 'Ensure the contrast between foreground and background colors meets WCAG 2 AA minimum contrast ratio thresholds' │ 1     │
    └─────────┴──────────────────┴───────────┴──────────────────────────────────────────────────────────────────────────────────────────────────────────────────┴───────┘

      at DefaultTerminalReporter.<anonymous> (node_modules/axe-playwright/dist/reporter/defaultTerminalReporter.js:31:25)

  console.log
    ┌─────────┬───────────────┬─────────────────────────────────────────────────┬────────────┐
    │ (index) │ target        │ html                                            │ violations │
    ├─────────┼───────────────┼─────────────────────────────────────────────────┼────────────┤
    │ 0       │ '[".eKmIAR"]' │ '<a href="/" class="sc-gsDLFA eKmIAR">Home</a>' │ '[0]'      │
    └─────────┴───────────────┴─────────────────────────────────────────────────┴────────────┘

      at DefaultTerminalReporter.<anonymous> (node_modules/axe-playwright/dist/reporter/defaultTerminalReporter.js:43:29)

  console.log
    ┌─────────┬──────────────────┬───────────┬──────────────────────────────────────────────────────────────────────────────────────────────────────────────────┬───────┐
    │ (index) │ id               │ impact    │ description                                                                                                      │ nodes │
    ├─────────┼──────────────────┼───────────┼──────────────────────────────────────────────────────────────────────────────────────────────────────────────────┼───────┤
    │ 0       │ 'color-contrast' │ 'serious' │ 'Ensure the contrast between foreground and background colors meets WCAG 2 AA minimum contrast ratio thresholds' │ 5     │
    └─────────┴──────────────────┴───────────┴──────────────────────────────────────────────────────────────────────────────────────────────────────────────────┴───────┘

      at DefaultTerminalReporter.<anonymous> (node_modules/axe-playwright/dist/reporter/defaultTerminalReporter.js:31:25)

  console.log
    ┌─────────┬──────────────────────────────────────┬──────────────────────────────────────────────────────────────────────────────────────────┬────────────┐
    │ (index) │ target                               │ html                                                                                     │ violations │
    ├─────────┼──────────────────────────────────────┼──────────────────────────────────────────────────────────────────────────────────────────┼────────────┤
    │ 0       │ '["a[href=\\"/\\"]"]'                │ '<a href="/" class="sc-gsDLFA eKmIAR">Home</a>'                                          │ '[0]'      │
    │ 1       │ '["a[href$=\\"products\\"]"]'        │ '<a href="/products" class="sc-gsDLFA eKmIAR">Products</a>'                              │ '[0]'      │
    │ 2       │ '["a[href$=\\"electronics\\"]"]'     │ '<a href="/products/electronics" class="sc-gsDLFA eKmIAR">Electronics</a>'               │ '[0]'      │
    │ 3       │ '[".eKmIAR.sc-gsDLFA:nth-child(7)"]' │ '<a href="/products/electronics/computers" class="sc-gsDLFA eKmIAR">Computers</a>'       │ '[0]'      │
    │ 4       │ '[".eKmIAR.sc-gsDLFA:nth-child(9)"]' │ '<a href="/products/electronics/computers/laptops" class="sc-gsDLFA eKmIAR">Laptops</a>' │ '[0]'      │
    └─────────┴──────────────────────────────────────┴──────────────────────────────────────────────────────────────────────────────────────────┴────────────┘

      at DefaultTerminalReporter.<anonymous> (node_modules/axe-playwright/dist/reporter/defaultTerminalReporter.js:43:29)

  console.log
    ┌─────────┬──────────────────┬───────────┬──────────────────────────────────────────────────────────────────────────────────────────────────────────────────┬───────┐
    │ (index) │ id               │ impact    │ description                                                                                                      │ nodes │
    ├─────────┼──────────────────┼───────────┼──────────────────────────────────────────────────────────────────────────────────────────────────────────────────┼───────┤
    │ 0       │ 'color-contrast' │ 'serious' │ 'Ensure the contrast between foreground and background colors meets WCAG 2 AA minimum contrast ratio thresholds' │ 2     │
    └─────────┴──────────────────┴───────────┴──────────────────────────────────────────────────────────────────────────────────────────────────────────────────┴───────┘

      at DefaultTerminalReporter.<anonymous> (node_modules/axe-playwright/dist/reporter/defaultTerminalReporter.js:31:25)

  console.log
    ┌─────────┬──────────────────────────────────────┬──────────────────────────────────────────────────┬────────────┐
    │ (index) │ target                               │ html                                             │ violations │
    ├─────────┼──────────────────────────────────────┼──────────────────────────────────────────────────┼────────────┤
    │ 0       │ '[".eKmIAR.sc-gsDLFA:nth-child(1)"]' │ '<span class="sc-gsDLFA eKmIAR">Home</span>'     │ '[0]'      │
    │ 1       │ '[".eKmIAR.sc-gsDLFA:nth-child(3)"]' │ '<span class="sc-gsDLFA eKmIAR">Products</span>' │ '[0]'      │
    └─────────┴──────────────────────────────────────┴──────────────────────────────────────────────────┴────────────┘

      at DefaultTerminalReporter.<anonymous> (node_modules/axe-playwright/dist/reporter/defaultTerminalReporter.js:43:29)

  console.log
    No accessibility violations detected!

      at DefaultTerminalReporter.<anonymous> (node_modules/axe-playwright/dist/reporter/defaultTerminalReporter.js:47:41)

  console.log
    ✅ No accessibility violations in: Components/Breadcrumbs

      at log (.storybook/test-runner.ts:38:15)

FAIL browser: chromium src/Breadcrumbs/Breadcrumbs.stories.tsx
  Components/Breadcrumbs
    Default
      ✕ smoke-test (143 ms)
    WithArrowSeparator
      ✕ smoke-test (102 ms)
    ShortPath
      ✕ smoke-test (64 ms)
    LongPath
      ✕ smoke-test (71 ms)
    WithClickHandlers
      ✕ smoke-test (62 ms)
    SingleItem
      ✓ smoke-test (73 ms)

  ● Components/Breadcrumbs › Default › smoke-test

    assert.strictEqual(received, expected)

    Expected value to strictly be equal to:
      0
    Received:
      1

    Message:
      1 accessibility violation was detected

    1 !== 0

      at testResultDependsOnViolations (node_modules/axe-playwright/dist/utils.js:16:26)
      at node_modules/axe-playwright/dist/index.js:143:51
      at fulfilled (node_modules/axe-playwright/dist/index.js:28:58)

  ● Components/Breadcrumbs › WithArrowSeparator › smoke-test

    assert.strictEqual(received, expected)

    Expected value to strictly be equal to:
      0
    Received:
      1

    Message:
      1 accessibility violation was detected

    1 !== 0

      at testResultDependsOnViolations (node_modules/axe-playwright/dist/utils.js:16:26)
      at node_modules/axe-playwright/dist/index.js:143:51
      at fulfilled (node_modules/axe-playwright/dist/index.js:28:58)

  ● Components/Breadcrumbs › ShortPath › smoke-test

    assert.strictEqual(received, expected)

    Expected value to strictly be equal to:
      0
    Received:
      1

    Message:
      1 accessibility violation was detected

    1 !== 0

      at testResultDependsOnViolations (node_modules/axe-playwright/dist/utils.js:16:26)
      at node_modules/axe-playwright/dist/index.js:143:51
      at fulfilled (node_modules/axe-playwright/dist/index.js:28:58)

  ● Components/Breadcrumbs › LongPath › smoke-test

    assert.strictEqual(received, expected)

    Expected value to strictly be equal to:
      0
    Received:
      1

    Message:
      1 accessibility violation was detected

    1 !== 0

      at testResultDependsOnViolations (node_modules/axe-playwright/dist/utils.js:16:26)
      at node_modules/axe-playwright/dist/index.js:143:51
      at fulfilled (node_modules/axe-playwright/dist/index.js:28:58)

  ● Components/Breadcrumbs › WithClickHandlers › smoke-test

    assert.strictEqual(received, expected)

    Expected value to strictly be equal to:
      0
    Received:
      1

    Message:
      1 accessibility violation was detected

    1 !== 0

      at testResultDependsOnViolations (node_modules/axe-playwright/dist/utils.js:16:26)
      at node_modules/axe-playwright/dist/index.js:143:51
      at fulfilled (node_modules/axe-playwright/dist/index.js:28:58)

  console.log
    No accessibility violations detected!

      at DefaultTerminalReporter.<anonymous> (node_modules/axe-playwright/dist/reporter/defaultTerminalReporter.js:47:41)

  console.log
    No accessibility violations detected!

      at DefaultTerminalReporter.<anonymous> (node_modules/axe-playwright/dist/reporter/defaultTerminalReporter.js:47:41)

  console.log
    ✅ No accessibility violations in: Design Tokens/Colors

      at log (.storybook/test-runner.ts:38:15)

FAIL browser: chromium src/DesignTokens/Colors.stories.tsx
  Design Tokens/Colors
    CarelonColors
      ✕ smoke-test (491 ms)
    ElevanceColors
      ✓ smoke-test (793 ms)

  ● Design Tokens/Colors › CarelonColors › smoke-test

    page.evaluate: Error: Axe is already running. Use `await axe.run()` to wait for the previous run to finish before starting a new run.

      at assert (packages/components/http:/localhost:6007/packages/components/node_modules/.cache/storybook/1c3385a5d25e538d10b518b310c74d3ca2690b6aaffeadccd74da79736171f86/sb-vite/deps/axe-core.js?v=b3da04b4:7427:19)
      at Object.run4 [as run] (packages/components/http:/localhost:6007/packages/components/node_modules/.cache/storybook/1c3385a5d25e538d10b518b310c74d3ca2690b6aaffeadccd74da79736171f86/sb-vite/deps/axe-core.js?v=b3da04b4:29739:13)
      at eval (eval at evaluate (:311:30)packages/components/, <anonymous>:2:27)
      at UtilityScript.evaluate (packages/components/<anonymous>:313:16)
      at UtilityScript.<anonymous> (packages/components/<anonymous>:1:44)
      at node_modules/axe-playwright/dist/index.js:74:31
      at node_modules/axe-playwright/dist/index.js:31:71
      at Object.<anonymous>.__awaiter (node_modules/axe-playwright/dist/index.js:27:12)
      at getAxeResults (node_modules/axe-playwright/dist/index.js:73:51)
      at node_modules/axe-playwright/dist/index.js:87:52
      at node_modules/axe-playwright/dist/index.js:31:71
      at Object.<anonymous>.__awaiter (node_modules/axe-playwright/dist/index.js:27:12)
      at getViolations (node_modules/axe-playwright/dist/index.js:86:51)
      at postVisit (.storybook/test-runner.ts:20:43)

FAIL browser: chromium src/Table/TableComponent.stories.tsx (302.915 s)
  Components/Table
    Complete
      ✕ smoke-test (30003 ms)
    FixedHeaderScroll
      ✕ smoke-test (30001 ms)
    Loading
      ✕ smoke-test (2475 ms)
    CustomToolbar
      ✕ smoke-test (29976 ms)
    ServerSideSorting
      ✕ smoke-test (29997 ms)
    Empty
      ✕ smoke-test (30000 ms)
    ErrorState
      ✕ smoke-test (30002 ms)
    LoadingState
      ✕ smoke-test (30002 ms)
    WithForwardRef
      ✕ smoke-test (30001 ms)
    ColumnWidthControl
      ✕ smoke-test (30001 ms)
    PolymorphicAs
      ✕ smoke-test (30001 ms)

  ● Components/Table › Complete › smoke-test

    SB_PREVIEW_API_0006 (StoryIndexFetchError): Error fetching `/index.json`:

    Unable to index ./src/Table/EnhancedTable.stories.tsx:
      SyntaxError: Expecting Unicode escape sequence \uXXXX. (1467:15)

      at constructor (node_modules/@storybook/core/dist/babel/index.cjs:134900:15)
      at Nv.raise (node_modules/@storybook/core/dist/babel/index.cjs:137217:54)
      at Nv.readWord1 (node_modules/@storybook/core/dist/babel/index.cjs:137193:18)
      at Nv.readWord (node_modules/@storybook/core/dist/babel/index.cjs:137205:20)
      at Nv.getTokenFromCode (node_modules/@storybook/core/dist/babel/index.cjs:137028:16)
      at Nv.getTokenFromCode (node_modules/@storybook/core/dist/babel/index.cjs:139696:13)
      at Nv.getTokenFromCode (node_modules/@storybook/core/dist/babel/index.cjs:141547:13)
      at Nv.nextToken (node_modules/@storybook/core/dist/babel/index.cjs:136654:12)
      at Nv.next (node_modules/@storybook/core/dist/babel/index.cjs:136586:62)
      at Nv.eat (node_modules/@storybook/core/dist/babel/index.cjs:136589:36)
      at Nv.parseObjectProperty (node_modules/@storybook/core/dist/babel/index.cjs:142655:34)
      at Nv.parseObjPropValue (node_modules/@storybook/core/dist/babel/index.cjs:142671:61)
      at Nv.parseObjPropValue (node_modules/@storybook/core/dist/babel/index.cjs:141367:49)
      at Nv.parsePropertyDefinition (node_modules/@storybook/core/dist/babel/index.cjs:142632:19)
      at Nv.parseObjectLike (node_modules/@storybook/core/dist/babel/index.cjs:142596:57)
      at Nv.parseExprAtom (node_modules/@storybook/core/dist/babel/index.cjs:142302:23)
      at Nv.parseExprAtom (node_modules/@storybook/core/dist/babel/index.cjs:139667:45)
      at Nv.parseExprSubscripts (node_modules/@storybook/core/dist/babel/index.cjs:142149:78)
      at Nv.parseUpdate (node_modules/@storybook/core/dist/babel/index.cjs:142139:45)
      at Nv.parseMaybeUnary (node_modules/@storybook/core/dist/babel/index.cjs:142124:20)
      at Nv.parseMaybeUnary (node_modules/@storybook/core/dist/babel/index.cjs:141419:93)
      at Nv.parseMaybeUnaryOrPrivate (node_modules/@storybook/core/dist/babel/index.cjs:142032:63)
      at Nv.parseExprOps (node_modules/@storybook/core/dist/babel/index.cjs:142035:78)
      at Nv.parseMaybeConditional (node_modules/@storybook/core/dist/babel/index.cjs:142020:78)
      at Nv.parseMaybeAssign (node_modules/@storybook/core/dist/babel/index.cjs:142004:20)
      at Nv.parseMaybeAssign (node_modules/@storybook/core/dist/babel/index.cjs:141392:22)
      at node_modules/@storybook/core/dist/babel/index.cjs:141986:41
      at Nv.allowInAnd (node_modules/@storybook/core/dist/babel/index.cjs:142978:14)
      at Nv.parseMaybeAssignAllowIn (node_modules/@storybook/core/dist/babel/index.cjs:141986:19)
      at Nv.parseObjectProperty (node_modules/@storybook/core/dist/babel/index.cjs:142656:81)
      at Nv.parseObjPropValue (node_modules/@storybook/core/dist/babel/index.cjs:142671:61)
      at Nv.parseObjPropValue (node_modules/@storybook/core/dist/babel/index.cjs:141367:49)
      at Nv.parsePropertyDefinition (node_modules/@storybook/core/dist/babel/index.cjs:142632:19)
      at Nv.parseObjectLike (node_modules/@storybook/core/dist/babel/index.cjs:142596:57)
      at Nv.parseExprAtom (node_modules/@storybook/core/dist/babel/index.cjs:142302:23)
      at Nv.parseExprAtom (node_modules/@storybook/core/dist/babel/index.cjs:139667:45)
      at Nv.parseExprSubscripts (node_modules/@storybook/core/dist/babel/index.cjs:142149:78)
      at Nv.parseUpdate (node_modules/@storybook/core/dist/babel/index.cjs:142139:45)
      at Nv.parseMaybeUnary (node_modules/@storybook/core/dist/babel/index.cjs:142124:20)
      at Nv.parseMaybeUnary (node_modules/@storybook/core/dist/babel/index.cjs:141419:93)
      at Nv.parseMaybeUnaryOrPrivate (node_modules/@storybook/core/dist/babel/index.cjs:142032:63)
      at Nv.parseExprOps (node_modules/@storybook/core/dist/babel/index.cjs:142035:78)
      at Nv.parseMaybeConditional (node_modules/@storybook/core/dist/babel/index.cjs:142020:78)
      at Nv.parseMaybeAssign (node_modules/@storybook/core/dist/babel/index.cjs:142004:20)
      at Nv.parseMaybeAssign (node_modules/@storybook/core/dist/babel/index.cjs:141392:22)
      at node_modules/@storybook/core/dist/babel/index.cjs:141986:41
      at Nv.allowInAnd (node_modules/@storybook/core/dist/babel/index.cjs:142978:14)
      at Nv.parseMaybeAssignAllowIn (node_modules/@storybook/core/dist/babel/index.cjs:141986:19)
      at Nv.parseObjectProperty (node_modules/@storybook/core/dist/babel/index.cjs:142656:81)
      at Nv.parseObjPropValue (node_modules/@storybook/core/dist/babel/index.cjs:142671:61)
      If you are in development, this likely indicates a problem with your Storybook process,
      check the terminal for errors.
      If you are in a deployed Storybook, there may have been an issue deploying the full Storybook
      build.
      at constructor (node_modules/@storybook/core/dist/babel/index.cjs:134900:15)
      at Nv.raise (node_modules/@storybook/core/dist/babel/index.cjs:137217:54)
      at Nv.readWord1 (node_modules/@storybook/core/dist/babel/index.cjs:137193:18)
      at Nv.readWord (node_modules/@storybook/core/dist/babel/index.cjs:137205:20)
      at Nv.getTokenFromCode (node_modules/@storybook/core/dist/babel/index.cjs:137028:16)
      at Nv.getTokenFromCode (node_modules/@storybook/core/dist/babel/index.cjs:139696:13)
      at Nv.getTokenFromCode (node_modules/@storybook/core/dist/babel/index.cjs:141547:13)
      at Nv.nextToken (node_modules/@storybook/core/dist/babel/index.cjs:136654:12)
      at Nv.next (node_modules/@storybook/core/dist/babel/index.cjs:136586:62)
      at Nv.eat (node_modules/@storybook/core/dist/babel/index.cjs:136589:36)
      at Nv.parseObjectProperty (node_modules/@storybook/core/dist/babel/index.cjs:142655:34)
      at Nv.parseObjPropValue (node_modules/@storybook/core/dist/babel/index.cjs:142671:61)
      at Nv.parseObjPropValue (node_modules/@storybook/core/dist/babel/index.cjs:141367:49)
      at Nv.parsePropertyDefinition (node_modules/@storybook/core/dist/babel/index.cjs:142632:19)
      at Nv.parseObjectLike (node_modules/@storybook/core/dist/babel/index.cjs:142596:57)
      at Nv.parseExprAtom (node_modules/@storybook/core/dist/babel/index.cjs:142302:23)
      at Nv.parseExprAtom (node_modules/@storybook/core/dist/babel/index.cjs:139667:45)
      at Nv.parseExprSubscripts (node_modules/@storybook/core/dist/babel/index.cjs:142149:78)
      at Nv.parseUpdate (node_modules/@storybook/core/dist/babel/index.cjs:142139:45)
      at Nv.parseMaybeUnary (node_modules/@storybook/core/dist/babel/index.cjs:142124:20)
      at Nv.parseMaybeUnary (node_modules/@storybook/core/dist/babel/index.cjs:141419:93)
      at Nv.parseMaybeUnaryOrPrivate (node_modules/@storybook/core/dist/babel/index.cjs:142032:63)
      at Nv.parseExprOps (node_modules/@storybook/core/dist/babel/index.cjs:142035:78)
      at Nv.parseMaybeConditional (node_modules/@storybook/core/dist/babel/index.cjs:142020:78)
      at Nv.parseMaybeAssign (node_modules/@storybook/core/dist/babel/index.cjs:142004:20)
      at Nv.parseMaybeAssign (node_modules/@storybook/core/dist/babel/index.cjs:141392:22)
      at node_modules/@storybook/core/dist/babel/index.cjs:141986:41
      at Nv.allowInAnd (node_modules/@storybook/core/dist/babel/index.cjs:142978:14)
      at Nv.parseMaybeAssignAllowIn (node_modules/@storybook/core/dist/babel/index.cjs:141986:19)
      at Nv.parseObjectProperty (node_modules/@storybook/core/dist/babel/index.cjs:142656:81)
      at Nv.parseObjPropValue (node_modules/@storybook/core/dist/babel/index.cjs:142671:61)
      at Nv.parseObjPropValue (node_modules/@storybook/core/dist/babel/index.cjs:141367:49)
      at Nv.parsePropertyDefinition (node_modules/@storybook/core/dist/babel/index.cjs:142632:19)
      at Nv.parseObjectLike (node_modules/@storybook/core/dist/babel/index.cjs:142596:57)
      at Nv.parseExprAtom (node_modules/@storybook/core/dist/babel/index.cjs:142302:23)
      at Nv.parseExprAtom (node_modules/@storybook/core/dist/babel/index.cjs:139667:45)
      at Nv.parseExprSubscripts (node_modules/@storybook/core/dist/babel/index.cjs:142149:78)
      at Nv.parseUpdate (node_modules/@storybook/core/dist/babel/index.cjs:142139:45)
      at Nv.parseMaybeUnary (node_modules/@storybook/core/dist/babel/index.cjs:142124:20)
      at Nv.parseMaybeUnary (node_modules/@storybook/core/dist/babel/index.cjs:141419:93)
      at Nv.parseMaybeUnaryOrPrivate (node_modules/@storybook/core/dist/babel/index.cjs:142032:63)
      at Nv.parseExprOps (node_modules/@storybook/core/dist/babel/index.cjs:142035:78)
      at Nv.parseMaybeConditional (node_modules/@storybook/core/dist/babel/index.cjs:142020:78)
      at Nv.parseMaybeAssign (node_modules/@storybook/core/dist/babel/index.cjs:142004:20)
      at Nv.parseMaybeAssign (node_modules/@storybook/core/dist/babel/index.cjs:141392:22)
      at node_modules/@storybook/core/dist/babel/index.cjs:141986:41
      at Nv.allowInAnd (node_modules/@storybook/core/dist/babel/index.cjs:142978:14)
      at Nv.parseMaybeAssignAllowIn (node_modules/@storybook/core/dist/babel/index.cjs:141986:19)
      at Nv.parseObjectProperty (node_modules/@storybook/core/dist/babel/index.cjs:142656:81)
      at Nv.parseObjPropValue (node_modules/@storybook/core/dist/babel/index.cjs:142671:61)
      If you are in development, this likely indicates a problem with your Storybook process,
      check the terminal for errors.
      If you are in a deployed Storybook, there may have been an issue deploying the full Storybook
      build.
      at ns2.getStoryIndexFromServer (packages/components/http:/localhost:6007/packages/components/node_modules/.cache/storybook/1c3385a5d25e538d10b518b310c74d3ca2690b6aaffeadccd74da79736171f86/sb-vite/deps/storybook_internal_preview_runtime.js?v=b3da04b4:8624:11)
      at async ns2.initializeWithProjectAnnotations (packages/components/http:/localhost:6007/packages/components/node_modules/.cache/storybook/1c3385a5d25e538d10b518b310c74d3ca2690b6aaffeadccd74da79736171f86/sb-vite/deps/storybook_internal_preview_runtime.js?v=b3da04b4:8606:15)
      at async ns2.initialize (packages/components/http:/localhost:6007/packages/components/node_modules/.cache/storybook/1c3385a5d25e538d10b518b310c74d3ca2690b6aaffeadccd74da79736171f86/sb-vite/deps/storybook_internal_preview_runtime.js?v=b3da04b4:8581:39)

  ● Components/Table › Complete › smoke-test

    SB_PREVIEW_API_0006 (StoryIndexFetchError): Error fetching `/index.json`:

    Unable to index ./src/Table/EnhancedTable.stories.tsx:
      SyntaxError: Expecting Unicode escape sequence \uXXXX. (1467:15)

      at constructor (node_modules/@storybook/core/dist/babel/index.cjs:134900:15)
      at Nv.raise (node_modules/@storybook/core/dist/babel/index.cjs:137217:54)
      at Nv.readWord1 (node_modules/@storybook/core/dist/babel/index.cjs:137193:18)
      at Nv.readWord (node_modules/@storybook/core/dist/babel/index.cjs:137205:20)
      at Nv.getTokenFromCode (node_modules/@storybook/core/dist/babel/index.cjs:137028:16)
      at Nv.getTokenFromCode (node_modules/@storybook/core/dist/babel/index.cjs:139696:13)
      at Nv.getTokenFromCode (node_modules/@storybook/core/dist/babel/index.cjs:141547:13)
      at Nv.nextToken (node_modules/@storybook/core/dist/babel/index.cjs:136654:12)
      at Nv.next (node_modules/@storybook/core/dist/babel/index.cjs:136586:62)
      at Nv.eat (node_modules/@storybook/core/dist/babel/index.cjs:136589:36)
      at Nv.parseObjectProperty (node_modules/@storybook/core/dist/babel/index.cjs:142655:34)
      at Nv.parseObjPropValue (node_modules/@storybook/core/dist/babel/index.cjs:142671:61)
      at Nv.parseObjPropValue (node_modules/@storybook/core/dist/babel/index.cjs:141367:49)
      at Nv.parsePropertyDefinition (node_modules/@storybook/core/dist/babel/index.cjs:142632:19)
      at Nv.parseObjectLike (node_modules/@storybook/core/dist/babel/index.cjs:142596:57)
      at Nv.parseExprAtom (node_modules/@storybook/core/dist/babel/index.cjs:142302:23)
      at Nv.parseExprAtom (node_modules/@storybook/core/dist/babel/index.cjs:139667:45)
      at Nv.parseExprSubscripts (node_modules/@storybook/core/dist/babel/index.cjs:142149:78)
      at Nv.parseUpdate (node_modules/@storybook/core/dist/babel/index.cjs:142139:45)
      at Nv.parseMaybeUnary (node_modules/@storybook/core/dist/babel/index.cjs:142124:20)
      at Nv.parseMaybeUnary (node_modules/@storybook/core/dist/babel/index.cjs:141419:93)
      at Nv.parseMaybeUnaryOrPrivate (node_modules/@storybook/core/dist/babel/index.cjs:142032:63)
      at Nv.parseExprOps (node_modules/@storybook/core/dist/babel/index.cjs:142035:78)
      at Nv.parseMaybeConditional (node_modules/@storybook/core/dist/babel/index.cjs:142020:78)
      at Nv.parseMaybeAssign (node_modules/@storybook/core/dist/babel/index.cjs:142004:20)
      at Nv.parseMaybeAssign (node_modules/@storybook/core/dist/babel/index.cjs:141392:22)
      at node_modules/@storybook/core/dist/babel/index.cjs:141986:41
      at Nv.allowInAnd (node_modules/@storybook/core/dist/babel/index.cjs:142978:14)
      at Nv.parseMaybeAssignAllowIn (node_modules/@storybook/core/dist/babel/index.cjs:141986:19)
      at Nv.parseObjectProperty (node_modules/@storybook/core/dist/babel/index.cjs:142656:81)
      at Nv.parseObjPropValue (node_modules/@storybook/core/dist/babel/index.cjs:142671:61)
      at Nv.parseObjPropValue (node_modules/@storybook/core/dist/babel/index.cjs:141367:49)
      at Nv.parsePropertyDefinition (node_modules/@storybook/core/dist/babel/index.cjs:142632:19)
      at Nv.parseObjectLike (node_modules/@storybook/core/dist/babel/index.cjs:142596:57)
      at Nv.parseExprAtom (node_modules/@storybook/core/dist/babel/index.cjs:142302:23)
      at Nv.parseExprAtom (node_modules/@storybook/core/dist/babel/index.cjs:139667:45)
      at Nv.parseExprSubscripts (node_modules/@storybook/core/dist/babel/index.cjs:142149:78)
      at Nv.parseUpdate (node_modules/@storybook/core/dist/babel/index.cjs:142139:45)
      at Nv.parseMaybeUnary (node_modules/@storybook/core/dist/babel/index.cjs:142124:20)
      at Nv.parseMaybeUnary (node_modules/@storybook/core/dist/babel/index.cjs:141419:93)
      at Nv.parseMaybeUnaryOrPrivate (node_modules/@storybook/core/dist/babel/index.cjs:142032:63)
      at Nv.parseExprOps (node_modules/@storybook/core/dist/babel/index.cjs:142035:78)
      at Nv.parseMaybeConditional (node_modules/@storybook/core/dist/babel/index.cjs:142020:78)
      at Nv.parseMaybeAssign (node_modules/@storybook/core/dist/babel/index.cjs:142004:20)
      at Nv.parseMaybeAssign (node_modules/@storybook/core/dist/babel/index.cjs:141392:22)
      at node_modules/@storybook/core/dist/babel/index.cjs:141986:41
      at Nv.allowInAnd (node_modules/@storybook/core/dist/babel/index.cjs:142978:14)
      at Nv.parseMaybeAssignAllowIn (node_modules/@storybook/core/dist/babel/index.cjs:141986:19)
      at Nv.parseObjectProperty (node_modules/@storybook/core/dist/babel/index.cjs:142656:81)
      at Nv.parseObjPropValue (node_modules/@storybook/core/dist/babel/index.cjs:142671:61)
      If you are in development, this likely indicates a problem with your Storybook process,
      check the terminal for errors.
      If you are in a deployed Storybook, there may have been an issue deploying the full Storybook
      build.
      at constructor (node_modules/@storybook/core/dist/babel/index.cjs:134900:15)
      at Nv.raise (node_modules/@storybook/core/dist/babel/index.cjs:137217:54)
      at Nv.readWord1 (node_modules/@storybook/core/dist/babel/index.cjs:137193:18)
      at Nv.readWord (node_modules/@storybook/core/dist/babel/index.cjs:137205:20)
      at Nv.getTokenFromCode (node_modules/@storybook/core/dist/babel/index.cjs:137028:16)
      at Nv.getTokenFromCode (node_modules/@storybook/core/dist/babel/index.cjs:139696:13)
      at Nv.getTokenFromCode (node_modules/@storybook/core/dist/babel/index.cjs:141547:13)
      at Nv.nextToken (node_modules/@storybook/core/dist/babel/index.cjs:136654:12)
      at Nv.next (node_modules/@storybook/core/dist/babel/index.cjs:136586:62)
      at Nv.eat (node_modules/@storybook/core/dist/babel/index.cjs:136589:36)
      at Nv.parseObjectProperty (node_modules/@storybook/core/dist/babel/index.cjs:142655:34)
      at Nv.parseObjPropValue (node_modules/@storybook/core/dist/babel/index.cjs:142671:61)
      at Nv.parseObjPropValue (node_modules/@storybook/core/dist/babel/index.cjs:141367:49)
      at Nv.parsePropertyDefinition (node_modules/@storybook/core/dist/babel/index.cjs:142632:19)
      at Nv.parseObjectLike (node_modules/@storybook/core/dist/babel/index.cjs:142596:57)
      at Nv.parseExprAtom (node_modules/@storybook/core/dist/babel/index.cjs:142302:23)
      at Nv.parseExprAtom (node_modules/@storybook/core/dist/babel/index.cjs:139667:45)
      at Nv.parseExprSubscripts (node_modules/@storybook/core/dist/babel/index.cjs:142149:78)
      at Nv.parseUpdate (node_modules/@storybook/core/dist/babel/index.cjs:142139:45)
      at Nv.parseMaybeUnary (node_modules/@storybook/core/dist/babel/index.cjs:142124:20)
      at Nv.parseMaybeUnary (node_modules/@storybook/core/dist/babel/index.cjs:141419:93)
      at Nv.parseMaybeUnaryOrPrivate (node_modules/@storybook/core/dist/babel/index.cjs:142032:63)
      at Nv.parseExprOps (node_modules/@storybook/core/dist/babel/index.cjs:142035:78)
      at Nv.parseMaybeConditional (node_modules/@storybook/core/dist/babel/index.cjs:142020:78)
      at Nv.parseMaybeAssign (node_modules/@storybook/core/dist/babel/index.cjs:142004:20)
      at Nv.parseMaybeAssign (node_modules/@storybook/core/dist/babel/index.cjs:141392:22)
      at node_modules/@storybook/core/dist/babel/index.cjs:141986:41
      at Nv.allowInAnd (node_modules/@storybook/core/dist/babel/index.cjs:142978:14)
      at Nv.parseMaybeAssignAllowIn (node_modules/@storybook/core/dist/babel/index.cjs:141986:19)
      at Nv.parseObjectProperty (node_modules/@storybook/core/dist/babel/index.cjs:142656:81)
      at Nv.parseObjPropValue (node_modules/@storybook/core/dist/babel/index.cjs:142671:61)
      at Nv.parseObjPropValue (node_modules/@storybook/core/dist/babel/index.cjs:141367:49)
      at Nv.parsePropertyDefinition (node_modules/@storybook/core/dist/babel/index.cjs:142632:19)
      at Nv.parseObjectLike (node_modules/@storybook/core/dist/babel/index.cjs:142596:57)
      at Nv.parseExprAtom (node_modules/@storybook/core/dist/babel/index.cjs:142302:23)
      at Nv.parseExprAtom (node_modules/@storybook/core/dist/babel/index.cjs:139667:45)
      at Nv.parseExprSubscripts (node_modules/@storybook/core/dist/babel/index.cjs:142149:78)
      at Nv.parseUpdate (node_modules/@storybook/core/dist/babel/index.cjs:142139:45)
      at Nv.parseMaybeUnary (node_modules/@storybook/core/dist/babel/index.cjs:142124:20)
      at Nv.parseMaybeUnary (node_modules/@storybook/core/dist/babel/index.cjs:141419:93)
      at Nv.parseMaybeUnaryOrPrivate (node_modules/@storybook/core/dist/babel/index.cjs:142032:63)
      at Nv.parseExprOps (node_modules/@storybook/core/dist/babel/index.cjs:142035:78)
      at Nv.parseMaybeConditional (node_modules/@storybook/core/dist/babel/index.cjs:142020:78)
      at Nv.parseMaybeAssign (node_modules/@storybook/core/dist/babel/index.cjs:142004:20)
      at Nv.parseMaybeAssign (node_modules/@storybook/core/dist/babel/index.cjs:141392:22)
      at node_modules/@storybook/core/dist/babel/index.cjs:141986:41
      at Nv.allowInAnd (node_modules/@storybook/core/dist/babel/index.cjs:142978:14)
      at Nv.parseMaybeAssignAllowIn (node_modules/@storybook/core/dist/babel/index.cjs:141986:19)
      at Nv.parseObjectProperty (node_modules/@storybook/core/dist/babel/index.cjs:142656:81)
      at Nv.parseObjPropValue (node_modules/@storybook/core/dist/babel/index.cjs:142671:61)
      If you are in development, this likely indicates a problem with your Storybook process,
      check the terminal for errors.
      If you are in a deployed Storybook, there may have been an issue deploying the full Storybook
      build.
      at ns2.getStoryIndexFromServer (packages/components/http:/localhost:6007/packages/components/node_modules/.cache/storybook/1c3385a5d25e538d10b518b310c74d3ca2690b6aaffeadccd74da79736171f86/sb-vite/deps/storybook_internal_preview_runtime.js?v=b3da04b4:8624:11)
      at async ns2.initializeWithProjectAnnotations (packages/components/http:/localhost:6007/packages/components/node_modules/.cache/storybook/1c3385a5d25e538d10b518b310c74d3ca2690b6aaffeadccd74da79736171f86/sb-vite/deps/storybook_internal_preview_runtime.js?v=b3da04b4:8606:15)
      at async ns2.initialize (packages/components/http:/localhost:6007/packages/components/node_modules/.cache/storybook/1c3385a5d25e538d10b518b310c74d3ca2690b6aaffeadccd74da79736171f86/sb-vite/deps/storybook_internal_preview_runtime.js?v=b3da04b4:8581:39)

  ● Components/Table › Complete › smoke-test

    thrown: "Exceeded timeout of 30000 ms for a test.
    Add a timeout value to this test to increase the timeout, if this is a long-running test. See https://jestjs.io/docs/api#testname-fn-timeout."

      128 |     avatar: 'https://i.pravatar.cc/32?img=5',
      129 |   },
    > 130 |   {
          |    ^
      131 |     id: '6',
      132 |     name: 'Frank Miller',
      133 |     email: 'frank.miller@company.com',

      at packages/components/src/Table/TableComponent.stories.tsx:130:13
      at packages/components/src/Table/TableComponent.stories.tsx:129:9
      at Object.<anonymous> (packages/components/src/Table/TableComponent.stories.tsx:128:5)

  ● Components/Table › FixedHeaderScroll › smoke-test

    SB_PREVIEW_API_0006 (StoryIndexFetchError): Error fetching `/index.json`:

    Unable to index ./src/Table/EnhancedTable.stories.tsx:
      SyntaxError: Expecting Unicode escape sequence \uXXXX. (1467:15)

      at constructor (node_modules/@storybook/core/dist/babel/index.cjs:134900:15)
      at Nv.raise (node_modules/@storybook/core/dist/babel/index.cjs:137217:54)
      at Nv.readWord1 (node_modules/@storybook/core/dist/babel/index.cjs:137193:18)
      at Nv.readWord (node_modules/@storybook/core/dist/babel/index.cjs:137205:20)
      at Nv.getTokenFromCode (node_modules/@storybook/core/dist/babel/index.cjs:137028:16)
      at Nv.getTokenFromCode (node_modules/@storybook/core/dist/babel/index.cjs:139696:13)
      at Nv.getTokenFromCode (node_modules/@storybook/core/dist/babel/index.cjs:141547:13)
      at Nv.nextToken (node_modules/@storybook/core/dist/babel/index.cjs:136654:12)
      at Nv.next (node_modules/@storybook/core/dist/babel/index.cjs:136586:62)
      at Nv.eat (node_modules/@storybook/core/dist/babel/index.cjs:136589:36)
      at Nv.parseObjectProperty (node_modules/@storybook/core/dist/babel/index.cjs:142655:34)
      at Nv.parseObjPropValue (node_modules/@storybook/core/dist/babel/index.cjs:142671:61)
      at Nv.parseObjPropValue (node_modules/@storybook/core/dist/babel/index.cjs:141367:49)
      at Nv.parsePropertyDefinition (node_modules/@storybook/core/dist/babel/index.cjs:142632:19)
      at Nv.parseObjectLike (node_modules/@storybook/core/dist/babel/index.cjs:142596:57)
      at Nv.parseExprAtom (node_modules/@storybook/core/dist/babel/index.cjs:142302:23)
      at Nv.parseExprAtom (node_modules/@storybook/core/dist/babel/index.cjs:139667:45)
      at Nv.parseExprSubscripts (node_modules/@storybook/core/dist/babel/index.cjs:142149:78)
      at Nv.parseUpdate (node_modules/@storybook/core/dist/babel/index.cjs:142139:45)
      at Nv.parseMaybeUnary (node_modules/@storybook/core/dist/babel/index.cjs:142124:20)
      at Nv.parseMaybeUnary (node_modules/@storybook/core/dist/babel/index.cjs:141419:93)
      at Nv.parseMaybeUnaryOrPrivate (node_modules/@storybook/core/dist/babel/index.cjs:142032:63)
      at Nv.parseExprOps (node_modules/@storybook/core/dist/babel/index.cjs:142035:78)
      at Nv.parseMaybeConditional (node_modules/@storybook/core/dist/babel/index.cjs:142020:78)
      at Nv.parseMaybeAssign (node_modules/@storybook/core/dist/babel/index.cjs:142004:20)
      at Nv.parseMaybeAssign (node_modules/@storybook/core/dist/babel/index.cjs:141392:22)
      at node_modules/@storybook/core/dist/babel/index.cjs:141986:41
      at Nv.allowInAnd (node_modules/@storybook/core/dist/babel/index.cjs:142978:14)
      at Nv.parseMaybeAssignAllowIn (node_modules/@storybook/core/dist/babel/index.cjs:141986:19)
      at Nv.parseObjectProperty (node_modules/@storybook/core/dist/babel/index.cjs:142656:81)
      at Nv.parseObjPropValue (node_modules/@storybook/core/dist/babel/index.cjs:142671:61)
      at Nv.parseObjPropValue (node_modules/@storybook/core/dist/babel/index.cjs:141367:49)
      at Nv.parsePropertyDefinition (node_modules/@storybook/core/dist/babel/index.cjs:142632:19)
      at Nv.parseObjectLike (node_modules/@storybook/core/dist/babel/index.cjs:142596:57)
      at Nv.parseExprAtom (node_modules/@storybook/core/dist/babel/index.cjs:142302:23)
      at Nv.parseExprAtom (node_modules/@storybook/core/dist/babel/index.cjs:139667:45)
      at Nv.parseExprSubscripts (node_modules/@storybook/core/dist/babel/index.cjs:142149:78)
      at Nv.parseUpdate (node_modules/@storybook/core/dist/babel/index.cjs:142139:45)
      at Nv.parseMaybeUnary (node_modules/@storybook/core/dist/babel/index.cjs:142124:20)
      at Nv.parseMaybeUnary (node_modules/@storybook/core/dist/babel/index.cjs:141419:93)
      at Nv.parseMaybeUnaryOrPrivate (node_modules/@storybook/core/dist/babel/index.cjs:142032:63)
      at Nv.parseExprOps (node_modules/@storybook/core/dist/babel/index.cjs:142035:78)
      at Nv.parseMaybeConditional (node_modules/@storybook/core/dist/babel/index.cjs:142020:78)
      at Nv.parseMaybeAssign (node_modules/@storybook/core/dist/babel/index.cjs:142004:20)
      at Nv.parseMaybeAssign (node_modules/@storybook/core/dist/babel/index.cjs:141392:22)
      at node_modules/@storybook/core/dist/babel/index.cjs:141986:41
      at Nv.allowInAnd (node_modules/@storybook/core/dist/babel/index.cjs:142978:14)
      at Nv.parseMaybeAssignAllowIn (node_modules/@storybook/core/dist/babel/index.cjs:141986:19)
      at Nv.parseObjectProperty (node_modules/@storybook/core/dist/babel/index.cjs:142656:81)
      at Nv.parseObjPropValue (node_modules/@storybook/core/dist/babel/index.cjs:142671:61)
      If you are in development, this likely indicates a problem with your Storybook process,
      check the terminal for errors.
      If you are in a deployed Storybook, there may have been an issue deploying the full Storybook
      build.
      at constructor (node_modules/@storybook/core/dist/babel/index.cjs:134900:15)
      at Nv.raise (node_modules/@storybook/core/dist/babel/index.cjs:137217:54)
      at Nv.readWord1 (node_modules/@storybook/core/dist/babel/index.cjs:137193:18)
      at Nv.readWord (node_modules/@storybook/core/dist/babel/index.cjs:137205:20)
      at Nv.getTokenFromCode (node_modules/@storybook/core/dist/babel/index.cjs:137028:16)
      at Nv.getTokenFromCode (node_modules/@storybook/core/dist/babel/index.cjs:139696:13)
      at Nv.getTokenFromCode (node_modules/@storybook/core/dist/babel/index.cjs:141547:13)
      at Nv.nextToken (node_modules/@storybook/core/dist/babel/index.cjs:136654:12)
      at Nv.next (node_modules/@storybook/core/dist/babel/index.cjs:136586:62)
      at Nv.eat (node_modules/@storybook/core/dist/babel/index.cjs:136589:36)
      at Nv.parseObjectProperty (node_modules/@storybook/core/dist/babel/index.cjs:142655:34)
      at Nv.parseObjPropValue (node_modules/@storybook/core/dist/babel/index.cjs:142671:61)
      at Nv.parseObjPropValue (node_modules/@storybook/core/dist/babel/index.cjs:141367:49)
      at Nv.parsePropertyDefinition (node_modules/@storybook/core/dist/babel/index.cjs:142632:19)
      at Nv.parseObjectLike (node_modules/@storybook/core/dist/babel/index.cjs:142596:57)
      at Nv.parseExprAtom (node_modules/@storybook/core/dist/babel/index.cjs:142302:23)
      at Nv.parseExprAtom (node_modules/@storybook/core/dist/babel/index.cjs:139667:45)
      at Nv.parseExprSubscripts (node_modules/@storybook/core/dist/babel/index.cjs:142149:78)
      at Nv.parseUpdate (node_modules/@storybook/core/dist/babel/index.cjs:142139:45)
      at Nv.parseMaybeUnary (node_modules/@storybook/core/dist/babel/index.cjs:142124:20)
      at Nv.parseMaybeUnary (node_modules/@storybook/core/dist/babel/index.cjs:141419:93)
      at Nv.parseMaybeUnaryOrPrivate (node_modules/@storybook/core/dist/babel/index.cjs:142032:63)
      at Nv.parseExprOps (node_modules/@storybook/core/dist/babel/index.cjs:142035:78)
      at Nv.parseMaybeConditional (node_modules/@storybook/core/dist/babel/index.cjs:142020:78)
      at Nv.parseMaybeAssign (node_modules/@storybook/core/dist/babel/index.cjs:142004:20)
      at Nv.parseMaybeAssign (node_modules/@storybook/core/dist/babel/index.cjs:141392:22)
      at node_modules/@storybook/core/dist/babel/index.cjs:141986:41
      at Nv.allowInAnd (node_modules/@storybook/core/dist/babel/index.cjs:142978:14)
      at Nv.parseMaybeAssignAllowIn (node_modules/@storybook/core/dist/babel/index.cjs:141986:19)
      at Nv.parseObjectProperty (node_modules/@storybook/core/dist/babel/index.cjs:142656:81)
      at Nv.parseObjPropValue (node_modules/@storybook/core/dist/babel/index.cjs:142671:61)
      at Nv.parseObjPropValue (node_modules/@storybook/core/dist/babel/index.cjs:141367:49)
      at Nv.parsePropertyDefinition (node_modules/@storybook/core/dist/babel/index.cjs:142632:19)
      at Nv.parseObjectLike (node_modules/@storybook/core/dist/babel/index.cjs:142596:57)
      at Nv.parseExprAtom (node_modules/@storybook/core/dist/babel/index.cjs:142302:23)
      at Nv.parseExprAtom (node_modules/@storybook/core/dist/babel/index.cjs:139667:45)
      at Nv.parseExprSubscripts (node_modules/@storybook/core/dist/babel/index.cjs:142149:78)
      at Nv.parseUpdate (node_modules/@storybook/core/dist/babel/index.cjs:142139:45)
      at Nv.parseMaybeUnary (node_modules/@storybook/core/dist/babel/index.cjs:142124:20)
      at Nv.parseMaybeUnary (node_modules/@storybook/core/dist/babel/index.cjs:141419:93)
      at Nv.parseMaybeUnaryOrPrivate (node_modules/@storybook/core/dist/babel/index.cjs:142032:63)
      at Nv.parseExprOps (node_modules/@storybook/core/dist/babel/index.cjs:142035:78)
      at Nv.parseMaybeConditional (node_modules/@storybook/core/dist/babel/index.cjs:142020:78)
      at Nv.parseMaybeAssign (node_modules/@storybook/core/dist/babel/index.cjs:142004:20)
      at Nv.parseMaybeAssign (node_modules/@storybook/core/dist/babel/index.cjs:141392:22)
      at node_modules/@storybook/core/dist/babel/index.cjs:141986:41
      at Nv.allowInAnd (node_modules/@storybook/core/dist/babel/index.cjs:142978:14)
      at Nv.parseMaybeAssignAllowIn (node_modules/@storybook/core/dist/babel/index.cjs:141986:19)
      at Nv.parseObjectProperty (node_modules/@storybook/core/dist/babel/index.cjs:142656:81)
      at Nv.parseObjPropValue (node_modules/@storybook/core/dist/babel/index.cjs:142671:61)
      If you are in development, this likely indicates a problem with your Storybook process,
      check the terminal for errors.
      If you are in a deployed Storybook, there may have been an issue deploying the full Storybook
      build.
      at ns2.getStoryIndexFromServer (packages/components/http:/localhost:6007/packages/components/node_modules/.cache/storybook/1c3385a5d25e538d10b518b310c74d3ca2690b6aaffeadccd74da79736171f86/sb-vite/deps/storybook_internal_preview_runtime.js?v=b3da04b4:8624:11)
      at async ns2.initializeWithProjectAnnotations (packages/components/http:/localhost:6007/packages/components/node_modules/.cache/storybook/1c3385a5d25e538d10b518b310c74d3ca2690b6aaffeadccd74da79736171f86/sb-vite/deps/storybook_internal_preview_runtime.js?v=b3da04b4:8606:15)
      at async ns2.initialize (packages/components/http:/localhost:6007/packages/components/node_modules/.cache/storybook/1c3385a5d25e538d10b518b310c74d3ca2690b6aaffeadccd74da79736171f86/sb-vite/deps/storybook_internal_preview_runtime.js?v=b3da04b4:8581:39)

  ● Components/Table › FixedHeaderScroll › smoke-test

    SB_PREVIEW_API_0006 (StoryIndexFetchError): Error fetching `/index.json`:

    Unable to index ./src/Table/EnhancedTable.stories.tsx:
      SyntaxError: Unterminated template. (1467:15)

      at constructor (node_modules/@storybook/core/dist/babel/index.cjs:134900:15)
      at Nv.raise (node_modules/@storybook/core/dist/babel/index.cjs:137217:54)
      at Object.unterminated (node_modules/@storybook/core/dist/babel/index.cjs:136577:22)
      at readStringContents (node_modules/@storybook/core/dist/babel/index.cjs:136355:11)
      at Nv.readTemplateToken (node_modules/@storybook/core/dist/babel/index.cjs:137173:11)
      at Nv.getTokenFromCode (node_modules/@storybook/core/dist/babel/index.cjs:136958:16)
      at Nv.getTokenFromCode (node_modules/@storybook/core/dist/babel/index.cjs:139696:13)
      at Nv.getTokenFromCode (node_modules/@storybook/core/dist/babel/index.cjs:141547:13)
      at Nv.nextToken (node_modules/@storybook/core/dist/babel/index.cjs:136654:12)
      at Nv.next (node_modules/@storybook/core/dist/babel/index.cjs:136586:62)
      at Nv.eat (node_modules/@storybook/core/dist/babel/index.cjs:136589:36)
      at Nv.parseObjectProperty (node_modules/@storybook/core/dist/babel/index.cjs:142655:34)
      at Nv.parseObjPropValue (node_modules/@storybook/core/dist/babel/index.cjs:142671:61)
      at Nv.parseObjPropValue (node_modules/@storybook/core/dist/babel/index.cjs:141367:49)
      at Nv.parsePropertyDefinition (node_modules/@storybook/core/dist/babel/index.cjs:142632:19)
      at Nv.parseObjectLike (node_modules/@storybook/core/dist/babel/index.cjs:142596:57)
      at Nv.parseExprAtom (node_modules/@storybook/core/dist/babel/index.cjs:142302:23)
      at Nv.parseExprAtom (node_modules/@storybook/core/dist/babel/index.cjs:139667:45)
      at Nv.parseExprSubscripts (node_modules/@storybook/core/dist/babel/index.cjs:142149:78)
      at Nv.parseUpdate (node_modules/@storybook/core/dist/babel/index.cjs:142139:45)
      at Nv.parseMaybeUnary (node_modules/@storybook/core/dist/babel/index.cjs:142124:20)
      at Nv.parseMaybeUnary (node_modules/@storybook/core/dist/babel/index.cjs:141419:93)
      at Nv.parseMaybeUnaryOrPrivate (node_modules/@storybook/core/dist/babel/index.cjs:142032:63)
      at Nv.parseExprOps (node_modules/@storybook/core/dist/babel/index.cjs:142035:78)
      at Nv.parseMaybeConditional (node_modules/@storybook/core/dist/babel/index.cjs:142020:78)
      at Nv.parseMaybeAssign (node_modules/@storybook/core/dist/babel/index.cjs:142004:20)
      at Nv.parseMaybeAssign (node_modules/@storybook/core/dist/babel/index.cjs:141392:22)
      at node_modules/@storybook/core/dist/babel/index.cjs:141986:41
      at Nv.allowInAnd (node_modules/@storybook/core/dist/babel/index.cjs:142978:14)
      at Nv.parseMaybeAssignAllowIn (node_modules/@storybook/core/dist/babel/index.cjs:141986:19)
      at Nv.parseObjectProperty (node_modules/@storybook/core/dist/babel/index.cjs:142656:81)
      at Nv.parseObjPropValue (node_modules/@storybook/core/dist/babel/index.cjs:142671:61)
      at Nv.parseObjPropValue (node_modules/@storybook/core/dist/babel/index.cjs:141367:49)
      at Nv.parsePropertyDefinition (node_modules/@storybook/core/dist/babel/index.cjs:142632:19)
      at Nv.parseObjectLike (node_modules/@storybook/core/dist/babel/index.cjs:142596:57)
      at Nv.parseExprAtom (node_modules/@storybook/core/dist/babel/index.cjs:142302:23)
      at Nv.parseExprAtom (node_modules/@storybook/core/dist/babel/index.cjs:139667:45)
      at Nv.parseExprSubscripts (node_modules/@storybook/core/dist/babel/index.cjs:142149:78)
      at Nv.parseUpdate (node_modules/@storybook/core/dist/babel/index.cjs:142139:45)
      at Nv.parseMaybeUnary (node_modules/@storybook/core/dist/babel/index.cjs:142124:20)
      at Nv.parseMaybeUnary (node_modules/@storybook/core/dist/babel/index.cjs:141419:93)
      at Nv.parseMaybeUnaryOrPrivate (node_modules/@storybook/core/dist/babel/index.cjs:142032:63)
      at Nv.parseExprOps (node_modules/@storybook/core/dist/babel/index.cjs:142035:78)
      at Nv.parseMaybeConditional (node_modules/@storybook/core/dist/babel/index.cjs:142020:78)
      at Nv.parseMaybeAssign (node_modules/@storybook/core/dist/babel/index.cjs:142004:20)
      at Nv.parseMaybeAssign (node_modules/@storybook/core/dist/babel/index.cjs:141392:22)
      at node_modules/@storybook/core/dist/babel/index.cjs:141986:41
      at Nv.allowInAnd (node_modules/@storybook/core/dist/babel/index.cjs:142978:14)
      at Nv.parseMaybeAssignAllowIn (node_modules/@storybook/core/dist/babel/index.cjs:141986:19)
      at Nv.parseObjectProperty (node_modules/@storybook/core/dist/babel/index.cjs:142656:81)
      If you are in development, this likely indicates a problem with your Storybook process,
      check the terminal for errors.
      If you are in a deployed Storybook, there may have been an issue deploying the full Storybook
      build.
      at constructor (node_modules/@storybook/core/dist/babel/index.cjs:134900:15)
      at Nv.raise (node_modules/@storybook/core/dist/babel/index.cjs:137217:54)
      at Object.unterminated (node_modules/@storybook/core/dist/babel/index.cjs:136577:22)
      at readStringContents (node_modules/@storybook/core/dist/babel/index.cjs:136355:11)
      at Nv.readTemplateToken (node_modules/@storybook/core/dist/babel/index.cjs:137173:11)
      at Nv.getTokenFromCode (node_modules/@storybook/core/dist/babel/index.cjs:136958:16)
      at Nv.getTokenFromCode (node_modules/@storybook/core/dist/babel/index.cjs:139696:13)
      at Nv.getTokenFromCode (node_modules/@storybook/core/dist/babel/index.cjs:141547:13)
      at Nv.nextToken (node_modules/@storybook/core/dist/babel/index.cjs:136654:12)
      at Nv.next (node_modules/@storybook/core/dist/babel/index.cjs:136586:62)
      at Nv.eat (node_modules/@storybook/core/dist/babel/index.cjs:136589:36)
      at Nv.parseObjectProperty (node_modules/@storybook/core/dist/babel/index.cjs:142655:34)
      at Nv.parseObjPropValue (node_modules/@storybook/core/dist/babel/index.cjs:142671:61)
      at Nv.parseObjPropValue (node_modules/@storybook/core/dist/babel/index.cjs:141367:49)
      at Nv.parsePropertyDefinition (node_modules/@storybook/core/dist/babel/index.cjs:142632:19)
      at Nv.parseObjectLike (node_modules/@storybook/core/dist/babel/index.cjs:142596:57)
      at Nv.parseExprAtom (node_modules/@storybook/core/dist/babel/index.cjs:142302:23)
      at Nv.parseExprAtom (node_modules/@storybook/core/dist/babel/index.cjs:139667:45)
      at Nv.parseExprSubscripts (node_modules/@storybook/core/dist/babel/index.cjs:142149:78)
      at Nv.parseUpdate (node_modules/@storybook/core/dist/babel/index.cjs:142139:45)
      at Nv.parseMaybeUnary (node_modules/@storybook/core/dist/babel/index.cjs:142124:20)
      at Nv.parseMaybeUnary (node_modules/@storybook/core/dist/babel/index.cjs:141419:93)
      at Nv.parseMaybeUnaryOrPrivate (node_modules/@storybook/core/dist/babel/index.cjs:142032:63)
      at Nv.parseExprOps (node_modules/@storybook/core/dist/babel/index.cjs:142035:78)
      at Nv.parseMaybeConditional (node_modules/@storybook/core/dist/babel/index.cjs:142020:78)
      at Nv.parseMaybeAssign (node_modules/@storybook/core/dist/babel/index.cjs:142004:20)
      at Nv.parseMaybeAssign (node_modules/@storybook/core/dist/babel/index.cjs:141392:22)
      at node_modules/@storybook/core/dist/babel/index.cjs:141986:41
      at Nv.allowInAnd (node_modules/@storybook/core/dist/babel/index.cjs:142978:14)
      at Nv.parseMaybeAssignAllowIn (node_modules/@storybook/core/dist/babel/index.cjs:141986:19)
      at Nv.parseObjectProperty (node_modules/@storybook/core/dist/babel/index.cjs:142656:81)
      at Nv.parseObjPropValue (node_modules/@storybook/core/dist/babel/index.cjs:142671:61)
      at Nv.parseObjPropValue (node_modules/@storybook/core/dist/babel/index.cjs:141367:49)
      at Nv.parsePropertyDefinition (node_modules/@storybook/core/dist/babel/index.cjs:142632:19)
      at Nv.parseObjectLike (node_modules/@storybook/core/dist/babel/index.cjs:142596:57)
      at Nv.parseExprAtom (node_modules/@storybook/core/dist/babel/index.cjs:142302:23)
      at Nv.parseExprAtom (node_modules/@storybook/core/dist/babel/index.cjs:139667:45)
      at Nv.parseExprSubscripts (node_modules/@storybook/core/dist/babel/index.cjs:142149:78)
      at Nv.parseUpdate (node_modules/@storybook/core/dist/babel/index.cjs:142139:45)
      at Nv.parseMaybeUnary (node_modules/@storybook/core/dist/babel/index.cjs:142124:20)
      at Nv.parseMaybeUnary (node_modules/@storybook/core/dist/babel/index.cjs:141419:93)
      at Nv.parseMaybeUnaryOrPrivate (node_modules/@storybook/core/dist/babel/index.cjs:142032:63)
      at Nv.parseExprOps (node_modules/@storybook/core/dist/babel/index.cjs:142035:78)
      at Nv.parseMaybeConditional (node_modules/@storybook/core/dist/babel/index.cjs:142020:78)
      at Nv.parseMaybeAssign (node_modules/@storybook/core/dist/babel/index.cjs:142004:20)
      at Nv.parseMaybeAssign (node_modules/@storybook/core/dist/babel/index.cjs:141392:22)
      at node_modules/@storybook/core/dist/babel/index.cjs:141986:41
      at Nv.allowInAnd (node_modules/@storybook/core/dist/babel/index.cjs:142978:14)
      at Nv.parseMaybeAssignAllowIn (node_modules/@storybook/core/dist/babel/index.cjs:141986:19)
      at Nv.parseObjectProperty (node_modules/@storybook/core/dist/babel/index.cjs:142656:81)
      If you are in development, this likely indicates a problem with your Storybook process,
      check the terminal for errors.
      If you are in a deployed Storybook, there may have been an issue deploying the full Storybook
      build.
      at ns2.getStoryIndexFromServer (packages/components/http:/localhost:6007/packages/components/node_modules/.cache/storybook/1c3385a5d25e538d10b518b310c74d3ca2690b6aaffeadccd74da79736171f86/sb-vite/deps/storybook_internal_preview_runtime.js?v=b3da04b4:8624:11)
      at async ns2.onStoryIndexChanged (packages/components/http:/localhost:6007/packages/components/node_modules/.cache/storybook/1c3385a5d25e538d10b518b310c74d3ca2690b6aaffeadccd74da79736171f86/sb-vite/deps/storybook_internal_preview_runtime.js?v=b3da04b4:8664:17)

  ● Components/Table › FixedHeaderScroll › smoke-test

    SB_PREVIEW_API_0006 (StoryIndexFetchError): Error fetching `/index.json`:

    Unable to index ./src/Table/EnhancedTable.stories.tsx:
      SyntaxError: Unterminated template. (1467:15)

      at constructor (node_modules/@storybook/core/dist/babel/index.cjs:134900:15)
      at Nv.raise (node_modules/@storybook/core/dist/babel/index.cjs:137217:54)
      at Object.unterminated (node_modules/@storybook/core/dist/babel/index.cjs:136577:22)
      at readStringContents (node_modules/@storybook/core/dist/babel/index.cjs:136355:11)
      at Nv.readTemplateToken (node_modules/@storybook/core/dist/babel/index.cjs:137173:11)
      at Nv.getTokenFromCode (node_modules/@storybook/core/dist/babel/index.cjs:136958:16)
      at Nv.getTokenFromCode (node_modules/@storybook/core/dist/babel/index.cjs:139696:13)
      at Nv.getTokenFromCode (node_modules/@storybook/core/dist/babel/index.cjs:141547:13)
      at Nv.nextToken (node_modules/@storybook/core/dist/babel/index.cjs:136654:12)
      at Nv.next (node_modules/@storybook/core/dist/babel/index.cjs:136586:62)
      at Nv.eat (node_modules/@storybook/core/dist/babel/index.cjs:136589:36)
      at Nv.parseObjectProperty (node_modules/@storybook/core/dist/babel/index.cjs:142655:34)
      at Nv.parseObjPropValue (node_modules/@storybook/core/dist/babel/index.cjs:142671:61)
      at Nv.parseObjPropValue (node_modules/@storybook/core/dist/babel/index.cjs:141367:49)
      at Nv.parsePropertyDefinition (node_modules/@storybook/core/dist/babel/index.cjs:142632:19)
      at Nv.parseObjectLike (node_modules/@storybook/core/dist/babel/index.cjs:142596:57)
      at Nv.parseExprAtom (node_modules/@storybook/core/dist/babel/index.cjs:142302:23)
      at Nv.parseExprAtom (node_modules/@storybook/core/dist/babel/index.cjs:139667:45)
      at Nv.parseExprSubscripts (node_modules/@storybook/core/dist/babel/index.cjs:142149:78)
      at Nv.parseUpdate (node_modules/@storybook/core/dist/babel/index.cjs:142139:45)
      at Nv.parseMaybeUnary (node_modules/@storybook/core/dist/babel/index.cjs:142124:20)
      at Nv.parseMaybeUnary (node_modules/@storybook/core/dist/babel/index.cjs:141419:93)
      at Nv.parseMaybeUnaryOrPrivate (node_modules/@storybook/core/dist/babel/index.cjs:142032:63)
      at Nv.parseExprOps (node_modules/@storybook/core/dist/babel/index.cjs:142035:78)
      at Nv.parseMaybeConditional (node_modules/@storybook/core/dist/babel/index.cjs:142020:78)
      at Nv.parseMaybeAssign (node_modules/@storybook/core/dist/babel/index.cjs:142004:20)
      at Nv.parseMaybeAssign (node_modules/@storybook/core/dist/babel/index.cjs:141392:22)
      at node_modules/@storybook/core/dist/babel/index.cjs:141986:41
      at Nv.allowInAnd (node_modules/@storybook/core/dist/babel/index.cjs:142978:14)
      at Nv.parseMaybeAssignAllowIn (node_modules/@storybook/core/dist/babel/index.cjs:141986:19)
      at Nv.parseObjectProperty (node_modules/@storybook/core/dist/babel/index.cjs:142656:81)
      at Nv.parseObjPropValue (node_modules/@storybook/core/dist/babel/index.cjs:142671:61)
      at Nv.parseObjPropValue (node_modules/@storybook/core/dist/babel/index.cjs:141367:49)
      at Nv.parsePropertyDefinition (node_modules/@storybook/core/dist/babel/index.cjs:142632:19)
      at Nv.parseObjectLike (node_modules/@storybook/core/dist/babel/index.cjs:142596:57)
      at Nv.parseExprAtom (node_modules/@storybook/core/dist/babel/index.cjs:142302:23)
      at Nv.parseExprAtom (node_modules/@storybook/core/dist/babel/index.cjs:139667:45)
      at Nv.parseExprSubscripts (node_modules/@storybook/core/dist/babel/index.cjs:142149:78)
      at Nv.parseUpdate (node_modules/@storybook/core/dist/babel/index.cjs:142139:45)
      at Nv.parseMaybeUnary (node_modules/@storybook/core/dist/babel/index.cjs:142124:20)
      at Nv.parseMaybeUnary (node_modules/@storybook/core/dist/babel/index.cjs:141419:93)
      at Nv.parseMaybeUnaryOrPrivate (node_modules/@storybook/core/dist/babel/index.cjs:142032:63)
      at Nv.parseExprOps (node_modules/@storybook/core/dist/babel/index.cjs:142035:78)
      at Nv.parseMaybeConditional (node_modules/@storybook/core/dist/babel/index.cjs:142020:78)
      at Nv.parseMaybeAssign (node_modules/@storybook/core/dist/babel/index.cjs:142004:20)
      at Nv.parseMaybeAssign (node_modules/@storybook/core/dist/babel/index.cjs:141392:22)
      at node_modules/@storybook/core/dist/babel/index.cjs:141986:41
      at Nv.allowInAnd (node_modules/@storybook/core/dist/babel/index.cjs:142978:14)
      at Nv.parseMaybeAssignAllowIn (node_modules/@storybook/core/dist/babel/index.cjs:141986:19)
      at Nv.parseObjectProperty (node_modules/@storybook/core/dist/babel/index.cjs:142656:81)
      If you are in development, this likely indicates a problem with your Storybook process,
      check the terminal for errors.
      If you are in a deployed Storybook, there may have been an issue deploying the full Storybook
      build.
      at constructor (node_modules/@storybook/core/dist/babel/index.cjs:134900:15)
      at Nv.raise (node_modules/@storybook/core/dist/babel/index.cjs:137217:54)
      at Object.unterminated (node_modules/@storybook/core/dist/babel/index.cjs:136577:22)
      at readStringContents (node_modules/@storybook/core/dist/babel/index.cjs:136355:11)
      at Nv.readTemplateToken (node_modules/@storybook/core/dist/babel/index.cjs:137173:11)
      at Nv.getTokenFromCode (node_modules/@storybook/core/dist/babel/index.cjs:136958:16)
      at Nv.getTokenFromCode (node_modules/@storybook/core/dist/babel/index.cjs:139696:13)
      at Nv.getTokenFromCode (node_modules/@storybook/core/dist/babel/index.cjs:141547:13)
      at Nv.nextToken (node_modules/@storybook/core/dist/babel/index.cjs:136654:12)
      at Nv.next (node_modules/@storybook/core/dist/babel/index.cjs:136586:62)
      at Nv.eat (node_modules/@storybook/core/dist/babel/index.cjs:136589:36)
      at Nv.parseObjectProperty (node_modules/@storybook/core/dist/babel/index.cjs:142655:34)
      at Nv.parseObjPropValue (node_modules/@storybook/core/dist/babel/index.cjs:142671:61)
      at Nv.parseObjPropValue (node_modules/@storybook/core/dist/babel/index.cjs:141367:49)
      at Nv.parsePropertyDefinition (node_modules/@storybook/core/dist/babel/index.cjs:142632:19)
      at Nv.parseObjectLike (node_modules/@storybook/core/dist/babel/index.cjs:142596:57)
      at Nv.parseExprAtom (node_modules/@storybook/core/dist/babel/index.cjs:142302:23)
      at Nv.parseExprAtom (node_modules/@storybook/core/dist/babel/index.cjs:139667:45)
      at Nv.parseExprSubscripts (node_modules/@storybook/core/dist/babel/index.cjs:142149:78)
      at Nv.parseUpdate (node_modules/@storybook/core/dist/babel/index.cjs:142139:45)
      at Nv.parseMaybeUnary (node_modules/@storybook/core/dist/babel/index.cjs:142124:20)
      at Nv.parseMaybeUnary (node_modules/@storybook/core/dist/babel/index.cjs:141419:93)
      at Nv.parseMaybeUnaryOrPrivate (node_modules/@storybook/core/dist/babel/index.cjs:142032:63)
      at Nv.parseExprOps (node_modules/@storybook/core/dist/babel/index.cjs:142035:78)
      at Nv.parseMaybeConditional (node_modules/@storybook/core/dist/babel/index.cjs:142020:78)
      at Nv.parseMaybeAssign (node_modules/@storybook/core/dist/babel/index.cjs:142004:20)
      at Nv.parseMaybeAssign (node_modules/@storybook/core/dist/babel/index.cjs:141392:22)
      at node_modules/@storybook/core/dist/babel/index.cjs:141986:41
      at Nv.allowInAnd (node_modules/@storybook/core/dist/babel/index.cjs:142978:14)
      at Nv.parseMaybeAssignAllowIn (node_modules/@storybook/core/dist/babel/index.cjs:141986:19)
      at Nv.parseObjectProperty (node_modules/@storybook/core/dist/babel/index.cjs:142656:81)
      at Nv.parseObjPropValue (node_modules/@storybook/core/dist/babel/index.cjs:142671:61)
      at Nv.parseObjPropValue (node_modules/@storybook/core/dist/babel/index.cjs:141367:49)
      at Nv.parsePropertyDefinition (node_modules/@storybook/core/dist/babel/index.cjs:142632:19)
      at Nv.parseObjectLike (node_modules/@storybook/core/dist/babel/index.cjs:142596:57)
      at Nv.parseExprAtom (node_modules/@storybook/core/dist/babel/index.cjs:142302:23)
      at Nv.parseExprAtom (node_modules/@storybook/core/dist/babel/index.cjs:139667:45)
      at Nv.parseExprSubscripts (node_modules/@storybook/core/dist/babel/index.cjs:142149:78)
      at Nv.parseUpdate (node_modules/@storybook/core/dist/babel/index.cjs:142139:45)
      at Nv.parseMaybeUnary (node_modules/@storybook/core/dist/babel/index.cjs:142124:20)
      at Nv.parseMaybeUnary (node_modules/@storybook/core/dist/babel/index.cjs:141419:93)
      at Nv.parseMaybeUnaryOrPrivate (node_modules/@storybook/core/dist/babel/index.cjs:142032:63)
      at Nv.parseExprOps (node_modules/@storybook/core/dist/babel/index.cjs:142035:78)
      at Nv.parseMaybeConditional (node_modules/@storybook/core/dist/babel/index.cjs:142020:78)
      at Nv.parseMaybeAssign (node_modules/@storybook/core/dist/babel/index.cjs:142004:20)
      at Nv.parseMaybeAssign (node_modules/@storybook/core/dist/babel/index.cjs:141392:22)
      at node_modules/@storybook/core/dist/babel/index.cjs:141986:41
      at Nv.allowInAnd (node_modules/@storybook/core/dist/babel/index.cjs:142978:14)
      at Nv.parseMaybeAssignAllowIn (node_modules/@storybook/core/dist/babel/index.cjs:141986:19)
      at Nv.parseObjectProperty (node_modules/@storybook/core/dist/babel/index.cjs:142656:81)
      If you are in development, this likely indicates a problem with your Storybook process,
      check the terminal for errors.
      If you are in a deployed Storybook, there may have been an issue deploying the full Storybook
      build.
      at ns2.getStoryIndexFromServer (packages/components/http:/localhost:6007/packages/components/node_modules/.cache/storybook/1c3385a5d25e538d10b518b310c74d3ca2690b6aaffeadccd74da79736171f86/sb-vite/deps/storybook_internal_preview_runtime.js?v=b3da04b4:8624:11)
      at async ns2.onStoryIndexChanged (packages/components/http:/localhost:6007/packages/components/node_modules/.cache/storybook/1c3385a5d25e538d10b518b310c74d3ca2690b6aaffeadccd74da79736171f86/sb-vite/deps/storybook_internal_preview_runtime.js?v=b3da04b4:8664:17)

  ● Components/Table › FixedHeaderScroll › smoke-test

    SB_PREVIEW_API_0005 (CalledPreviewMethodBeforeInitializationError): Called `Preview.onStoriesChanged()` before initialization.

    The preview needs to load the story index before most methods can be called. If you want
    to call `onStoriesChanged`, try `await preview.initializationPromise;` first.

    If you didn't call the above code, then likely it was called by an addon that needs to
    do the above.

      at ns2.onStoriesChanged (packages/components/http:/localhost:6007/packages/components/node_modules/.cache/storybook/1c3385a5d25e538d10b518b310c74d3ca2690b6aaffeadccd74da79736171f86/sb-vite/deps/storybook_internal_preview_runtime.js?v=b3da04b4:8680:13)
      at ns2.onStoriesChanged (packages/components/http:/localhost:6007/packages/components/node_modules/.cache/storybook/1c3385a5d25e538d10b518b310c74d3ca2690b6aaffeadccd74da79736171f86/sb-vite/deps/storybook_internal_preview_runtime.js?v=b3da04b4:9171:17)
      at packages/components/http:/localhost:6007/@id/__x00__virtual:/@storybook/builder-vite/vite-app.js:39:35
      at packages/components/http:/localhost:6007/@vite/client:36:52
      at packages/components/http:/localhost:6007/@vite/client:213:11
      at packages/components/http:/localhost:6007/@vite/client:186:58
          at Array.forEach (<anonymous>)
      at HMRClient.queueUpdate (packages/components/http:/localhost:6007/@vite/client:186:36)
          at async Promise.all (index 0)
      at async handleMessage (packages/components/http:/localhost:6007/@vite/client:927:7)

  ● Components/Table › FixedHeaderScroll › smoke-test

    thrown: "Exceeded timeout of 30000 ms for a test.
    Add a timeout value to this test to increase the timeout, if this is a long-running test. See https://jestjs.io/docs/api#testname-fn-timeout."

      275 |     department: 'Support',
      276 |     status: 'Active',
    > 277 |     salary: 85000,
          |             ^
      278 |     avatar: 'https://i.pravatar.cc/32?img=20',
      279 |   },
      280 | ];

      at packages/components/src/Table/TableComponent.stories.tsx:277:13
      at packages/components/src/Table/TableComponent.stories.tsx:276:9
      at Object.<anonymous> (packages/components/src/Table/TableComponent.stories.tsx:128:5)

  ● Components/Table › Loading › smoke-test

    SB_PREVIEW_API_0006 (StoryIndexFetchError): Error fetching `/index.json`:

    Unable to index ./src/Table/EnhancedTable.stories.tsx:
      SyntaxError: Expecting Unicode escape sequence \uXXXX. (1467:15)

      at constructor (node_modules/@storybook/core/dist/babel/index.cjs:134900:15)
      at Nv.raise (node_modules/@storybook/core/dist/babel/index.cjs:137217:54)
      at Nv.readWord1 (node_modules/@storybook/core/dist/babel/index.cjs:137193:18)
      at Nv.readWord (node_modules/@storybook/core/dist/babel/index.cjs:137205:20)
      at Nv.getTokenFromCode (node_modules/@storybook/core/dist/babel/index.cjs:137028:16)
      at Nv.getTokenFromCode (node_modules/@storybook/core/dist/babel/index.cjs:139696:13)
      at Nv.getTokenFromCode (node_modules/@storybook/core/dist/babel/index.cjs:141547:13)
      at Nv.nextToken (node_modules/@storybook/core/dist/babel/index.cjs:136654:12)
      at Nv.next (node_modules/@storybook/core/dist/babel/index.cjs:136586:62)
      at Nv.eat (node_modules/@storybook/core/dist/babel/index.cjs:136589:36)
      at Nv.parseObjectProperty (node_modules/@storybook/core/dist/babel/index.cjs:142655:34)
      at Nv.parseObjPropValue (node_modules/@storybook/core/dist/babel/index.cjs:142671:61)
      at Nv.parseObjPropValue (node_modules/@storybook/core/dist/babel/index.cjs:141367:49)
      at Nv.parsePropertyDefinition (node_modules/@storybook/core/dist/babel/index.cjs:142632:19)
      at Nv.parseObjectLike (node_modules/@storybook/core/dist/babel/index.cjs:142596:57)
      at Nv.parseExprAtom (node_modules/@storybook/core/dist/babel/index.cjs:142302:23)
      at Nv.parseExprAtom (node_modules/@storybook/core/dist/babel/index.cjs:139667:45)
      at Nv.parseExprSubscripts (node_modules/@storybook/core/dist/babel/index.cjs:142149:78)
      at Nv.parseUpdate (node_modules/@storybook/core/dist/babel/index.cjs:142139:45)
      at Nv.parseMaybeUnary (node_modules/@storybook/core/dist/babel/index.cjs:142124:20)
      at Nv.parseMaybeUnary (node_modules/@storybook/core/dist/babel/index.cjs:141419:93)
      at Nv.parseMaybeUnaryOrPrivate (node_modules/@storybook/core/dist/babel/index.cjs:142032:63)
      at Nv.parseExprOps (node_modules/@storybook/core/dist/babel/index.cjs:142035:78)
      at Nv.parseMaybeConditional (node_modules/@storybook/core/dist/babel/index.cjs:142020:78)
      at Nv.parseMaybeAssign (node_modules/@storybook/core/dist/babel/index.cjs:142004:20)
      at Nv.parseMaybeAssign (node_modules/@storybook/core/dist/babel/index.cjs:141392:22)
      at node_modules/@storybook/core/dist/babel/index.cjs:141986:41
      at Nv.allowInAnd (node_modules/@storybook/core/dist/babel/index.cjs:142978:14)
      at Nv.parseMaybeAssignAllowIn (node_modules/@storybook/core/dist/babel/index.cjs:141986:19)
      at Nv.parseObjectProperty (node_modules/@storybook/core/dist/babel/index.cjs:142656:81)
      at Nv.parseObjPropValue (node_modules/@storybook/core/dist/babel/index.cjs:142671:61)
      at Nv.parseObjPropValue (node_modules/@storybook/core/dist/babel/index.cjs:141367:49)
      at Nv.parsePropertyDefinition (node_modules/@storybook/core/dist/babel/index.cjs:142632:19)
      at Nv.parseObjectLike (node_modules/@storybook/core/dist/babel/index.cjs:142596:57)
      at Nv.parseExprAtom (node_modules/@storybook/core/dist/babel/index.cjs:142302:23)
      at Nv.parseExprAtom (node_modules/@storybook/core/dist/babel/index.cjs:139667:45)
      at Nv.parseExprSubscripts (node_modules/@storybook/core/dist/babel/index.cjs:142149:78)
      at Nv.parseUpdate (node_modules/@storybook/core/dist/babel/index.cjs:142139:45)
      at Nv.parseMaybeUnary (node_modules/@storybook/core/dist/babel/index.cjs:142124:20)
      at Nv.parseMaybeUnary (node_modules/@storybook/core/dist/babel/index.cjs:141419:93)
      at Nv.parseMaybeUnaryOrPrivate (node_modules/@storybook/core/dist/babel/index.cjs:142032:63)
      at Nv.parseExprOps (node_modules/@storybook/core/dist/babel/index.cjs:142035:78)
      at Nv.parseMaybeConditional (node_modules/@storybook/core/dist/babel/index.cjs:142020:78)
      at Nv.parseMaybeAssign (node_modules/@storybook/core/dist/babel/index.cjs:142004:20)
      at Nv.parseMaybeAssign (node_modules/@storybook/core/dist/babel/index.cjs:141392:22)
      at node_modules/@storybook/core/dist/babel/index.cjs:141986:41
      at Nv.allowInAnd (node_modules/@storybook/core/dist/babel/index.cjs:142978:14)
      at Nv.parseMaybeAssignAllowIn (node_modules/@storybook/core/dist/babel/index.cjs:141986:19)
      at Nv.parseObjectProperty (node_modules/@storybook/core/dist/babel/index.cjs:142656:81)
      at Nv.parseObjPropValue (node_modules/@storybook/core/dist/babel/index.cjs:142671:61)
      If you are in development, this likely indicates a problem with your Storybook process,
      check the terminal for errors.
      If you are in a deployed Storybook, there may have been an issue deploying the full Storybook
      build.
      at constructor (node_modules/@storybook/core/dist/babel/index.cjs:134900:15)
      at Nv.raise (node_modules/@storybook/core/dist/babel/index.cjs:137217:54)
      at Nv.readWord1 (node_modules/@storybook/core/dist/babel/index.cjs:137193:18)
      at Nv.readWord (node_modules/@storybook/core/dist/babel/index.cjs:137205:20)
      at Nv.getTokenFromCode (node_modules/@storybook/core/dist/babel/index.cjs:137028:16)
      at Nv.getTokenFromCode (node_modules/@storybook/core/dist/babel/index.cjs:139696:13)
      at Nv.getTokenFromCode (node_modules/@storybook/core/dist/babel/index.cjs:141547:13)
      at Nv.nextToken (node_modules/@storybook/core/dist/babel/index.cjs:136654:12)
      at Nv.next (node_modules/@storybook/core/dist/babel/index.cjs:136586:62)
      at Nv.eat (node_modules/@storybook/core/dist/babel/index.cjs:136589:36)
      at Nv.parseObjectProperty (node_modules/@storybook/core/dist/babel/index.cjs:142655:34)
      at Nv.parseObjPropValue (node_modules/@storybook/core/dist/babel/index.cjs:142671:61)
      at Nv.parseObjPropValue (node_modules/@storybook/core/dist/babel/index.cjs:141367:49)
      at Nv.parsePropertyDefinition (node_modules/@storybook/core/dist/babel/index.cjs:142632:19)
      at Nv.parseObjectLike (node_modules/@storybook/core/dist/babel/index.cjs:142596:57)
      at Nv.parseExprAtom (node_modules/@storybook/core/dist/babel/index.cjs:142302:23)
      at Nv.parseExprAtom (node_modules/@storybook/core/dist/babel/index.cjs:139667:45)
      at Nv.parseExprSubscripts (node_modules/@storybook/core/dist/babel/index.cjs:142149:78)
      at Nv.parseUpdate (node_modules/@storybook/core/dist/babel/index.cjs:142139:45)
      at Nv.parseMaybeUnary (node_modules/@storybook/core/dist/babel/index.cjs:142124:20)
      at Nv.parseMaybeUnary (node_modules/@storybook/core/dist/babel/index.cjs:141419:93)
      at Nv.parseMaybeUnaryOrPrivate (node_modules/@storybook/core/dist/babel/index.cjs:142032:63)
      at Nv.parseExprOps (node_modules/@storybook/core/dist/babel/index.cjs:142035:78)
      at Nv.parseMaybeConditional (node_modules/@storybook/core/dist/babel/index.cjs:142020:78)
      at Nv.parseMaybeAssign (node_modules/@storybook/core/dist/babel/index.cjs:142004:20)
      at Nv.parseMaybeAssign (node_modules/@storybook/core/dist/babel/index.cjs:141392:22)
      at node_modules/@storybook/core/dist/babel/index.cjs:141986:41
      at Nv.allowInAnd (node_modules/@storybook/core/dist/babel/index.cjs:142978:14)
      at Nv.parseMaybeAssignAllowIn (node_modules/@storybook/core/dist/babel/index.cjs:141986:19)
      at Nv.parseObjectProperty (node_modules/@storybook/core/dist/babel/index.cjs:142656:81)
      at Nv.parseObjPropValue (node_modules/@storybook/core/dist/babel/index.cjs:142671:61)
      at Nv.parseObjPropValue (node_modules/@storybook/core/dist/babel/index.cjs:141367:49)
      at Nv.parsePropertyDefinition (node_modules/@storybook/core/dist/babel/index.cjs:142632:19)
      at Nv.parseObjectLike (node_modules/@storybook/core/dist/babel/index.cjs:142596:57)
      at Nv.parseExprAtom (node_modules/@storybook/core/dist/babel/index.cjs:142302:23)
      at Nv.parseExprAtom (node_modules/@storybook/core/dist/babel/index.cjs:139667:45)
      at Nv.parseExprSubscripts (node_modules/@storybook/core/dist/babel/index.cjs:142149:78)
      at Nv.parseUpdate (node_modules/@storybook/core/dist/babel/index.cjs:142139:45)
      at Nv.parseMaybeUnary (node_modules/@storybook/core/dist/babel/index.cjs:142124:20)
      at Nv.parseMaybeUnary (node_modules/@storybook/core/dist/babel/index.cjs:141419:93)
      at Nv.parseMaybeUnaryOrPrivate (node_modules/@storybook/core/dist/babel/index.cjs:142032:63)
      at Nv.parseExprOps (node_modules/@storybook/core/dist/babel/index.cjs:142035:78)
      at Nv.parseMaybeConditional (node_modules/@storybook/core/dist/babel/index.cjs:142020:78)
      at Nv.parseMaybeAssign (node_modules/@storybook/core/dist/babel/index.cjs:142004:20)
      at Nv.parseMaybeAssign (node_modules/@storybook/core/dist/babel/index.cjs:141392:22)
      at node_modules/@storybook/core/dist/babel/index.cjs:141986:41
      at Nv.allowInAnd (node_modules/@storybook/core/dist/babel/index.cjs:142978:14)
      at Nv.parseMaybeAssignAllowIn (node_modules/@storybook/core/dist/babel/index.cjs:141986:19)
      at Nv.parseObjectProperty (node_modules/@storybook/core/dist/babel/index.cjs:142656:81)
      at Nv.parseObjPropValue (node_modules/@storybook/core/dist/babel/index.cjs:142671:61)
      If you are in development, this likely indicates a problem with your Storybook process,
      check the terminal for errors.
      If you are in a deployed Storybook, there may have been an issue deploying the full Storybook
      build.
      at ns2.getStoryIndexFromServer (packages/components/http:/localhost:6007/packages/components/node_modules/.cache/storybook/1c3385a5d25e538d10b518b310c74d3ca2690b6aaffeadccd74da79736171f86/sb-vite/deps/storybook_internal_preview_runtime.js?v=b3da04b4:8624:11)
      at async ns2.initializeWithProjectAnnotations (packages/components/http:/localhost:6007/packages/components/node_modules/.cache/storybook/1c3385a5d25e538d10b518b310c74d3ca2690b6aaffeadccd74da79736171f86/sb-vite/deps/storybook_internal_preview_runtime.js?v=b3da04b4:8606:15)
      at async ns2.initialize (packages/components/http:/localhost:6007/packages/components/node_modules/.cache/storybook/1c3385a5d25e538d10b518b310c74d3ca2690b6aaffeadccd74da79736171f86/sb-vite/deps/storybook_internal_preview_runtime.js?v=b3da04b4:8581:39)

  ● Components/Table › Loading › smoke-test

    page.evaluate: Error: Axe is already running. Use `await axe.run()` to wait for the previous run to finish before starting a new run.

      at E (eval at <anonymous> (eval at evaluate (:311:30))packages/components/, <anonymous>:12:93952)
      at axe.run (eval at <anonymous> (eval at evaluate (:311:30))packages/components/, <anonymous>:12:473583)
      at eval (eval at evaluate (:311:30)packages/components/, <anonymous>:2:27)
      at UtilityScript.evaluate (packages/components/<anonymous>:313:16)
      at UtilityScript.<anonymous> (packages/components/<anonymous>:1:44)
      at node_modules/axe-playwright/dist/index.js:74:31
      at node_modules/axe-playwright/dist/index.js:31:71
      at Object.<anonymous>.__awaiter (node_modules/axe-playwright/dist/index.js:27:12)
      at getAxeResults (node_modules/axe-playwright/dist/index.js:73:51)
      at node_modules/axe-playwright/dist/index.js:87:52
      at node_modules/axe-playwright/dist/index.js:31:71
      at Object.<anonymous>.__awaiter (node_modules/axe-playwright/dist/index.js:27:12)
      at getViolations (node_modules/axe-playwright/dist/index.js:86:51)
      at node_modules/axe-playwright/dist/index.js:111:56
      at node_modules/axe-playwright/dist/index.js:31:71
      at Object.<anonymous>.__awaiter (node_modules/axe-playwright/dist/index.js:27:12)
      at checkA11y (node_modules/axe-playwright/dist/index.js:109:42)
      at postVisit (.storybook/test-runner.ts:13:20)
      at packages/components/src/Table/TableComponent.stories.tsx:470:68
      at step (packages/components/src/Table/TableComponent.stories.tsx:110:23)
      at Object.<anonymous> (packages/components/src/Table/TableComponent.stories.tsx:51:20)
      at asyncGeneratorStep (packages/components/src/Table/TableComponent.stories.tsx:4:28)
      at _next (packages/components/src/Table/TableComponent.stories.tsx:19:17)

  ● Components/Table › CustomToolbar › smoke-test

    SB_PREVIEW_API_0006 (StoryIndexFetchError): Error fetching `/index.json`:

    Unable to index ./src/Table/EnhancedTable.stories.tsx:
      SyntaxError: Expecting Unicode escape sequence \uXXXX. (1467:15)

      at constructor (node_modules/@storybook/core/dist/babel/index.cjs:134900:15)
      at Nv.raise (node_modules/@storybook/core/dist/babel/index.cjs:137217:54)
      at Nv.readWord1 (node_modules/@storybook/core/dist/babel/index.cjs:137193:18)
      at Nv.readWord (node_modules/@storybook/core/dist/babel/index.cjs:137205:20)
      at Nv.getTokenFromCode (node_modules/@storybook/core/dist/babel/index.cjs:137028:16)
      at Nv.getTokenFromCode (node_modules/@storybook/core/dist/babel/index.cjs:139696:13)
      at Nv.getTokenFromCode (node_modules/@storybook/core/dist/babel/index.cjs:141547:13)
      at Nv.nextToken (node_modules/@storybook/core/dist/babel/index.cjs:136654:12)
      at Nv.next (node_modules/@storybook/core/dist/babel/index.cjs:136586:62)
      at Nv.eat (node_modules/@storybook/core/dist/babel/index.cjs:136589:36)
      at Nv.parseObjectProperty (node_modules/@storybook/core/dist/babel/index.cjs:142655:34)
      at Nv.parseObjPropValue (node_modules/@storybook/core/dist/babel/index.cjs:142671:61)
      at Nv.parseObjPropValue (node_modules/@storybook/core/dist/babel/index.cjs:141367:49)
      at Nv.parsePropertyDefinition (node_modules/@storybook/core/dist/babel/index.cjs:142632:19)
      at Nv.parseObjectLike (node_modules/@storybook/core/dist/babel/index.cjs:142596:57)
      at Nv.parseExprAtom (node_modules/@storybook/core/dist/babel/index.cjs:142302:23)
      at Nv.parseExprAtom (node_modules/@storybook/core/dist/babel/index.cjs:139667:45)
      at Nv.parseExprSubscripts (node_modules/@storybook/core/dist/babel/index.cjs:142149:78)
      at Nv.parseUpdate (node_modules/@storybook/core/dist/babel/index.cjs:142139:45)
      at Nv.parseMaybeUnary (node_modules/@storybook/core/dist/babel/index.cjs:142124:20)
      at Nv.parseMaybeUnary (node_modules/@storybook/core/dist/babel/index.cjs:141419:93)
      at Nv.parseMaybeUnaryOrPrivate (node_modules/@storybook/core/dist/babel/index.cjs:142032:63)
      at Nv.parseExprOps (node_modules/@storybook/core/dist/babel/index.cjs:142035:78)
      at Nv.parseMaybeConditional (node_modules/@storybook/core/dist/babel/index.cjs:142020:78)
      at Nv.parseMaybeAssign (node_modules/@storybook/core/dist/babel/index.cjs:142004:20)
      at Nv.parseMaybeAssign (node_modules/@storybook/core/dist/babel/index.cjs:141392:22)
      at node_modules/@storybook/core/dist/babel/index.cjs:141986:41
      at Nv.allowInAnd (node_modules/@storybook/core/dist/babel/index.cjs:142978:14)
      at Nv.parseMaybeAssignAllowIn (node_modules/@storybook/core/dist/babel/index.cjs:141986:19)
      at Nv.parseObjectProperty (node_modules/@storybook/core/dist/babel/index.cjs:142656:81)
      at Nv.parseObjPropValue (node_modules/@storybook/core/dist/babel/index.cjs:142671:61)
      at Nv.parseObjPropValue (node_modules/@storybook/core/dist/babel/index.cjs:141367:49)
      at Nv.parsePropertyDefinition (node_modules/@storybook/core/dist/babel/index.cjs:142632:19)
      at Nv.parseObjectLike (node_modules/@storybook/core/dist/babel/index.cjs:142596:57)
      at Nv.parseExprAtom (node_modules/@storybook/core/dist/babel/index.cjs:142302:23)
      at Nv.parseExprAtom (node_modules/@storybook/core/dist/babel/index.cjs:139667:45)
      at Nv.parseExprSubscripts (node_modules/@storybook/core/dist/babel/index.cjs:142149:78)
      at Nv.parseUpdate (node_modules/@storybook/core/dist/babel/index.cjs:142139:45)
      at Nv.parseMaybeUnary (node_modules/@storybook/core/dist/babel/index.cjs:142124:20)
      at Nv.parseMaybeUnary (node_modules/@storybook/core/dist/babel/index.cjs:141419:93)
      at Nv.parseMaybeUnaryOrPrivate (node_modules/@storybook/core/dist/babel/index.cjs:142032:63)
      at Nv.parseExprOps (node_modules/@storybook/core/dist/babel/index.cjs:142035:78)
      at Nv.parseMaybeConditional (node_modules/@storybook/core/dist/babel/index.cjs:142020:78)
      at Nv.parseMaybeAssign (node_modules/@storybook/core/dist/babel/index.cjs:142004:20)
      at Nv.parseMaybeAssign (node_modules/@storybook/core/dist/babel/index.cjs:141392:22)
      at node_modules/@storybook/core/dist/babel/index.cjs:141986:41
      at Nv.allowInAnd (node_modules/@storybook/core/dist/babel/index.cjs:142978:14)
      at Nv.parseMaybeAssignAllowIn (node_modules/@storybook/core/dist/babel/index.cjs:141986:19)
      at Nv.parseObjectProperty (node_modules/@storybook/core/dist/babel/index.cjs:142656:81)
      at Nv.parseObjPropValue (node_modules/@storybook/core/dist/babel/index.cjs:142671:61)
      If you are in development, this likely indicates a problem with your Storybook process,
      check the terminal for errors.
      If you are in a deployed Storybook, there may have been an issue deploying the full Storybook
      build.
      at constructor (node_modules/@storybook/core/dist/babel/index.cjs:134900:15)
      at Nv.raise (node_modules/@storybook/core/dist/babel/index.cjs:137217:54)
      at Nv.readWord1 (node_modules/@storybook/core/dist/babel/index.cjs:137193:18)
      at Nv.readWord (node_modules/@storybook/core/dist/babel/index.cjs:137205:20)
      at Nv.getTokenFromCode (node_modules/@storybook/core/dist/babel/index.cjs:137028:16)
      at Nv.getTokenFromCode (node_modules/@storybook/core/dist/babel/index.cjs:139696:13)
      at Nv.getTokenFromCode (node_modules/@storybook/core/dist/babel/index.cjs:141547:13)
      at Nv.nextToken (node_modules/@storybook/core/dist/babel/index.cjs:136654:12)
      at Nv.next (node_modules/@storybook/core/dist/babel/index.cjs:136586:62)
      at Nv.eat (node_modules/@storybook/core/dist/babel/index.cjs:136589:36)
      at Nv.parseObjectProperty (node_modules/@storybook/core/dist/babel/index.cjs:142655:34)
      at Nv.parseObjPropValue (node_modules/@storybook/core/dist/babel/index.cjs:142671:61)
      at Nv.parseObjPropValue (node_modules/@storybook/core/dist/babel/index.cjs:141367:49)
      at Nv.parsePropertyDefinition (node_modules/@storybook/core/dist/babel/index.cjs:142632:19)
      at Nv.parseObjectLike (node_modules/@storybook/core/dist/babel/index.cjs:142596:57)
      at Nv.parseExprAtom (node_modules/@storybook/core/dist/babel/index.cjs:142302:23)
      at Nv.parseExprAtom (node_modules/@storybook/core/dist/babel/index.cjs:139667:45)
      at Nv.parseExprSubscripts (node_modules/@storybook/core/dist/babel/index.cjs:142149:78)
      at Nv.parseUpdate (node_modules/@storybook/core/dist/babel/index.cjs:142139:45)
      at Nv.parseMaybeUnary (node_modules/@storybook/core/dist/babel/index.cjs:142124:20)
      at Nv.parseMaybeUnary (node_modules/@storybook/core/dist/babel/index.cjs:141419:93)
      at Nv.parseMaybeUnaryOrPrivate (node_modules/@storybook/core/dist/babel/index.cjs:142032:63)
      at Nv.parseExprOps (node_modules/@storybook/core/dist/babel/index.cjs:142035:78)
      at Nv.parseMaybeConditional (node_modules/@storybook/core/dist/babel/index.cjs:142020:78)
      at Nv.parseMaybeAssign (node_modules/@storybook/core/dist/babel/index.cjs:142004:20)
      at Nv.parseMaybeAssign (node_modules/@storybook/core/dist/babel/index.cjs:141392:22)
      at node_modules/@storybook/core/dist/babel/index.cjs:141986:41
      at Nv.allowInAnd (node_modules/@storybook/core/dist/babel/index.cjs:142978:14)
      at Nv.parseMaybeAssignAllowIn (node_modules/@storybook/core/dist/babel/index.cjs:141986:19)
      at Nv.parseObjectProperty (node_modules/@storybook/core/dist/babel/index.cjs:142656:81)
      at Nv.parseObjPropValue (node_modules/@storybook/core/dist/babel/index.cjs:142671:61)
      at Nv.parseObjPropValue (node_modules/@storybook/core/dist/babel/index.cjs:141367:49)
      at Nv.parsePropertyDefinition (node_modules/@storybook/core/dist/babel/index.cjs:142632:19)
      at Nv.parseObjectLike (node_modules/@storybook/core/dist/babel/index.cjs:142596:57)
      at Nv.parseExprAtom (node_modules/@storybook/core/dist/babel/index.cjs:142302:23)
      at Nv.parseExprAtom (node_modules/@storybook/core/dist/babel/index.cjs:139667:45)
      at Nv.parseExprSubscripts (node_modules/@storybook/core/dist/babel/index.cjs:142149:78)
      at Nv.parseUpdate (node_modules/@storybook/core/dist/babel/index.cjs:142139:45)
      at Nv.parseMaybeUnary (node_modules/@storybook/core/dist/babel/index.cjs:142124:20)
      at Nv.parseMaybeUnary (node_modules/@storybook/core/dist/babel/index.cjs:141419:93)
      at Nv.parseMaybeUnaryOrPrivate (node_modules/@storybook/core/dist/babel/index.cjs:142032:63)
      at Nv.parseExprOps (node_modules/@storybook/core/dist/babel/index.cjs:142035:78)
      at Nv.parseMaybeConditional (node_modules/@storybook/core/dist/babel/index.cjs:142020:78)
      at Nv.parseMaybeAssign (node_modules/@storybook/core/dist/babel/index.cjs:142004:20)
      at Nv.parseMaybeAssign (node_modules/@storybook/core/dist/babel/index.cjs:141392:22)
      at node_modules/@storybook/core/dist/babel/index.cjs:141986:41
      at Nv.allowInAnd (node_modules/@storybook/core/dist/babel/index.cjs:142978:14)
      at Nv.parseMaybeAssignAllowIn (node_modules/@storybook/core/dist/babel/index.cjs:141986:19)
      at Nv.parseObjectProperty (node_modules/@storybook/core/dist/babel/index.cjs:142656:81)
      at Nv.parseObjPropValue (node_modules/@storybook/core/dist/babel/index.cjs:142671:61)
      If you are in development, this likely indicates a problem with your Storybook process,
      check the terminal for errors.
      If you are in a deployed Storybook, there may have been an issue deploying the full Storybook
      build.
      at ns2.getStoryIndexFromServer (packages/components/http:/localhost:6007/packages/components/node_modules/.cache/storybook/1c3385a5d25e538d10b518b310c74d3ca2690b6aaffeadccd74da79736171f86/sb-vite/deps/storybook_internal_preview_runtime.js?v=b3da04b4:8624:11)
      at async ns2.initializeWithProjectAnnotations (packages/components/http:/localhost:6007/packages/components/node_modules/.cache/storybook/1c3385a5d25e538d10b518b310c74d3ca2690b6aaffeadccd74da79736171f86/sb-vite/deps/storybook_internal_preview_runtime.js?v=b3da04b4:8606:15)
      at async ns2.initialize (packages/components/http:/localhost:6007/packages/components/node_modules/.cache/storybook/1c3385a5d25e538d10b518b310c74d3ca2690b6aaffeadccd74da79736171f86/sb-vite/deps/storybook_internal_preview_runtime.js?v=b3da04b4:8581:39)

  ● Components/Table › CustomToolbar › smoke-test

    thrown: "Exceeded timeout of 30000 ms for a test.
    Add a timeout value to this test to increase the timeout, if this is a long-running test. See https://jestjs.io/docs/api#testname-fn-timeout."

      569 |               leadingIcon={<Icon name="FilterAlt" size="medium" />}
      570 |               onClick={() => console.log('Filter clicked')}
    > 571 |               aria-label="Filter"
          |             ^
      572 |             >
      573 |               Filter
      574 |             </Button>

      at packages/components/src/Table/TableComponent.stories.tsx:571:13
      at packages/components/src/Table/TableComponent.stories.tsx:570:9
      at Object.<anonymous> (packages/components/src/Table/TableComponent.stories.tsx:128:5)

  ● Components/Table › ServerSideSorting › smoke-test

    SB_PREVIEW_API_0006 (StoryIndexFetchError): Error fetching `/index.json`:

    Unable to index ./src/Table/EnhancedTable.stories.tsx:
      SyntaxError: Expecting Unicode escape sequence \uXXXX. (1467:15)

      at constructor (node_modules/@storybook/core/dist/babel/index.cjs:134900:15)
      at Nv.raise (node_modules/@storybook/core/dist/babel/index.cjs:137217:54)
      at Nv.readWord1 (node_modules/@storybook/core/dist/babel/index.cjs:137193:18)
      at Nv.readWord (node_modules/@storybook/core/dist/babel/index.cjs:137205:20)
      at Nv.getTokenFromCode (node_modules/@storybook/core/dist/babel/index.cjs:137028:16)
      at Nv.getTokenFromCode (node_modules/@storybook/core/dist/babel/index.cjs:139696:13)
      at Nv.getTokenFromCode (node_modules/@storybook/core/dist/babel/index.cjs:141547:13)
      at Nv.nextToken (node_modules/@storybook/core/dist/babel/index.cjs:136654:12)
      at Nv.next (node_modules/@storybook/core/dist/babel/index.cjs:136586:62)
      at Nv.eat (node_modules/@storybook/core/dist/babel/index.cjs:136589:36)
      at Nv.parseObjectProperty (node_modules/@storybook/core/dist/babel/index.cjs:142655:34)
      at Nv.parseObjPropValue (node_modules/@storybook/core/dist/babel/index.cjs:142671:61)
      at Nv.parseObjPropValue (node_modules/@storybook/core/dist/babel/index.cjs:141367:49)
      at Nv.parsePropertyDefinition (node_modules/@storybook/core/dist/babel/index.cjs:142632:19)
      at Nv.parseObjectLike (node_modules/@storybook/core/dist/babel/index.cjs:142596:57)
      at Nv.parseExprAtom (node_modules/@storybook/core/dist/babel/index.cjs:142302:23)
      at Nv.parseExprAtom (node_modules/@storybook/core/dist/babel/index.cjs:139667:45)
      at Nv.parseExprSubscripts (node_modules/@storybook/core/dist/babel/index.cjs:142149:78)
      at Nv.parseUpdate (node_modules/@storybook/core/dist/babel/index.cjs:142139:45)
      at Nv.parseMaybeUnary (node_modules/@storybook/core/dist/babel/index.cjs:142124:20)
      at Nv.parseMaybeUnary (node_modules/@storybook/core/dist/babel/index.cjs:141419:93)
      at Nv.parseMaybeUnaryOrPrivate (node_modules/@storybook/core/dist/babel/index.cjs:142032:63)
      at Nv.parseExprOps (node_modules/@storybook/core/dist/babel/index.cjs:142035:78)
      at Nv.parseMaybeConditional (node_modules/@storybook/core/dist/babel/index.cjs:142020:78)
      at Nv.parseMaybeAssign (node_modules/@storybook/core/dist/babel/index.cjs:142004:20)
      at Nv.parseMaybeAssign (node_modules/@storybook/core/dist/babel/index.cjs:141392:22)
      at node_modules/@storybook/core/dist/babel/index.cjs:141986:41
      at Nv.allowInAnd (node_modules/@storybook/core/dist/babel/index.cjs:142978:14)
      at Nv.parseMaybeAssignAllowIn (node_modules/@storybook/core/dist/babel/index.cjs:141986:19)
      at Nv.parseObjectProperty (node_modules/@storybook/core/dist/babel/index.cjs:142656:81)
      at Nv.parseObjPropValue (node_modules/@storybook/core/dist/babel/index.cjs:142671:61)
      at Nv.parseObjPropValue (node_modules/@storybook/core/dist/babel/index.cjs:141367:49)
      at Nv.parsePropertyDefinition (node_modules/@storybook/core/dist/babel/index.cjs:142632:19)
      at Nv.parseObjectLike (node_modules/@storybook/core/dist/babel/index.cjs:142596:57)
      at Nv.parseExprAtom (node_modules/@storybook/core/dist/babel/index.cjs:142302:23)
      at Nv.parseExprAtom (node_modules/@storybook/core/dist/babel/index.cjs:139667:45)
      at Nv.parseExprSubscripts (node_modules/@storybook/core/dist/babel/index.cjs:142149:78)
      at Nv.parseUpdate (node_modules/@storybook/core/dist/babel/index.cjs:142139:45)
      at Nv.parseMaybeUnary (node_modules/@storybook/core/dist/babel/index.cjs:142124:20)
      at Nv.parseMaybeUnary (node_modules/@storybook/core/dist/babel/index.cjs:141419:93)
      at Nv.parseMaybeUnaryOrPrivate (node_modules/@storybook/core/dist/babel/index.cjs:142032:63)
      at Nv.parseExprOps (node_modules/@storybook/core/dist/babel/index.cjs:142035:78)
      at Nv.parseMaybeConditional (node_modules/@storybook/core/dist/babel/index.cjs:142020:78)
      at Nv.parseMaybeAssign (node_modules/@storybook/core/dist/babel/index.cjs:142004:20)
      at Nv.parseMaybeAssign (node_modules/@storybook/core/dist/babel/index.cjs:141392:22)
      at node_modules/@storybook/core/dist/babel/index.cjs:141986:41
      at Nv.allowInAnd (node_modules/@storybook/core/dist/babel/index.cjs:142978:14)
      at Nv.parseMaybeAssignAllowIn (node_modules/@storybook/core/dist/babel/index.cjs:141986:19)
      at Nv.parseObjectProperty (node_modules/@storybook/core/dist/babel/index.cjs:142656:81)
      at Nv.parseObjPropValue (node_modules/@storybook/core/dist/babel/index.cjs:142671:61)
      If you are in development, this likely indicates a problem with your Storybook process,
      check the terminal for errors.
      If you are in a deployed Storybook, there may have been an issue deploying the full Storybook
      build.
      at constructor (node_modules/@storybook/core/dist/babel/index.cjs:134900:15)
      at Nv.raise (node_modules/@storybook/core/dist/babel/index.cjs:137217:54)
      at Nv.readWord1 (node_modules/@storybook/core/dist/babel/index.cjs:137193:18)
      at Nv.readWord (node_modules/@storybook/core/dist/babel/index.cjs:137205:20)
      at Nv.getTokenFromCode (node_modules/@storybook/core/dist/babel/index.cjs:137028:16)
      at Nv.getTokenFromCode (node_modules/@storybook/core/dist/babel/index.cjs:139696:13)
      at Nv.getTokenFromCode (node_modules/@storybook/core/dist/babel/index.cjs:141547:13)
      at Nv.nextToken (node_modules/@storybook/core/dist/babel/index.cjs:136654:12)
      at Nv.next (node_modules/@storybook/core/dist/babel/index.cjs:136586:62)
      at Nv.eat (node_modules/@storybook/core/dist/babel/index.cjs:136589:36)
      at Nv.parseObjectProperty (node_modules/@storybook/core/dist/babel/index.cjs:142655:34)
      at Nv.parseObjPropValue (node_modules/@storybook/core/dist/babel/index.cjs:142671:61)
      at Nv.parseObjPropValue (node_modules/@storybook/core/dist/babel/index.cjs:141367:49)
      at Nv.parsePropertyDefinition (node_modules/@storybook/core/dist/babel/index.cjs:142632:19)
      at Nv.parseObjectLike (node_modules/@storybook/core/dist/babel/index.cjs:142596:57)
      at Nv.parseExprAtom (node_modules/@storybook/core/dist/babel/index.cjs:142302:23)
      at Nv.parseExprAtom (node_modules/@storybook/core/dist/babel/index.cjs:139667:45)
      at Nv.parseExprSubscripts (node_modules/@storybook/core/dist/babel/index.cjs:142149:78)
      at Nv.parseUpdate (node_modules/@storybook/core/dist/babel/index.cjs:142139:45)
      at Nv.parseMaybeUnary (node_modules/@storybook/core/dist/babel/index.cjs:142124:20)
      at Nv.parseMaybeUnary (node_modules/@storybook/core/dist/babel/index.cjs:141419:93)
      at Nv.parseMaybeUnaryOrPrivate (node_modules/@storybook/core/dist/babel/index.cjs:142032:63)
      at Nv.parseExprOps (node_modules/@storybook/core/dist/babel/index.cjs:142035:78)
      at Nv.parseMaybeConditional (node_modules/@storybook/core/dist/babel/index.cjs:142020:78)
      at Nv.parseMaybeAssign (node_modules/@storybook/core/dist/babel/index.cjs:142004:20)
      at Nv.parseMaybeAssign (node_modules/@storybook/core/dist/babel/index.cjs:141392:22)
      at node_modules/@storybook/core/dist/babel/index.cjs:141986:41
      at Nv.allowInAnd (node_modules/@storybook/core/dist/babel/index.cjs:142978:14)
      at Nv.parseMaybeAssignAllowIn (node_modules/@storybook/core/dist/babel/index.cjs:141986:19)
      at Nv.parseObjectProperty (node_modules/@storybook/core/dist/babel/index.cjs:142656:81)
      at Nv.parseObjPropValue (node_modules/@storybook/core/dist/babel/index.cjs:142671:61)
      at Nv.parseObjPropValue (node_modules/@storybook/core/dist/babel/index.cjs:141367:49)
      at Nv.parsePropertyDefinition (node_modules/@storybook/core/dist/babel/index.cjs:142632:19)
      at Nv.parseObjectLike (node_modules/@storybook/core/dist/babel/index.cjs:142596:57)
      at Nv.parseExprAtom (node_modules/@storybook/core/dist/babel/index.cjs:142302:23)
      at Nv.parseExprAtom (node_modules/@storybook/core/dist/babel/index.cjs:139667:45)
      at Nv.parseExprSubscripts (node_modules/@storybook/core/dist/babel/index.cjs:142149:78)
      at Nv.parseUpdate (node_modules/@storybook/core/dist/babel/index.cjs:142139:45)
      at Nv.parseMaybeUnary (node_modules/@storybook/core/dist/babel/index.cjs:142124:20)
      at Nv.parseMaybeUnary (node_modules/@storybook/core/dist/babel/index.cjs:141419:93)
      at Nv.parseMaybeUnaryOrPrivate (node_modules/@storybook/core/dist/babel/index.cjs:142032:63)
      at Nv.parseExprOps (node_modules/@storybook/core/dist/babel/index.cjs:142035:78)
      at Nv.parseMaybeConditional (node_modules/@storybook/core/dist/babel/index.cjs:142020:78)
      at Nv.parseMaybeAssign (node_modules/@storybook/core/dist/babel/index.cjs:142004:20)
      at Nv.parseMaybeAssign (node_modules/@storybook/core/dist/babel/index.cjs:141392:22)
      at node_modules/@storybook/core/dist/babel/index.cjs:141986:41
      at Nv.allowInAnd (node_modules/@storybook/core/dist/babel/index.cjs:142978:14)
      at Nv.parseMaybeAssignAllowIn (node_modules/@storybook/core/dist/babel/index.cjs:141986:19)
      at Nv.parseObjectProperty (node_modules/@storybook/core/dist/babel/index.cjs:142656:81)
      at Nv.parseObjPropValue (node_modules/@storybook/core/dist/babel/index.cjs:142671:61)
      If you are in development, this likely indicates a problem with your Storybook process,
      check the terminal for errors.
      If you are in a deployed Storybook, there may have been an issue deploying the full Storybook
      build.
      at ns2.getStoryIndexFromServer (packages/components/http:/localhost:6007/packages/components/node_modules/.cache/storybook/1c3385a5d25e538d10b518b310c74d3ca2690b6aaffeadccd74da79736171f86/sb-vite/deps/storybook_internal_preview_runtime.js?v=b3da04b4:8624:11)
      at async ns2.initializeWithProjectAnnotations (packages/components/http:/localhost:6007/packages/components/node_modules/.cache/storybook/1c3385a5d25e538d10b518b310c74d3ca2690b6aaffeadccd74da79736171f86/sb-vite/deps/storybook_internal_preview_runtime.js?v=b3da04b4:8606:15)
      at async ns2.initialize (packages/components/http:/localhost:6007/packages/components/node_modules/.cache/storybook/1c3385a5d25e538d10b518b310c74d3ca2690b6aaffeadccd74da79736171f86/sb-vite/deps/storybook_internal_preview_runtime.js?v=b3da04b4:8581:39)

  ● Components/Table › ServerSideSorting › smoke-test

    thrown: "Exceeded timeout of 30000 ms for a test.
    Add a timeout value to this test to increase the timeout, if this is a long-running test. See https://jestjs.io/docs/api#testname-fn-timeout."

      716 |         story: 'Table in loading state. Shows skeleton rows while data is being fetched.',
      717 |       },
    > 718 |     },
          |       ^
      719 |   },
      720 | };
      721 |

      at packages/components/src/Table/TableComponent.stories.tsx:718:13
      at packages/components/src/Table/TableComponent.stories.tsx:717:9
      at Object.<anonymous> (packages/components/src/Table/TableComponent.stories.tsx:128:5)

  ● Components/Table › Empty › smoke-test

    SB_PREVIEW_API_0006 (StoryIndexFetchError): Error fetching `/index.json`:

    Unable to index ./src/Table/EnhancedTable.stories.tsx:
      SyntaxError: Expecting Unicode escape sequence \uXXXX. (1467:15)

      at constructor (node_modules/@storybook/core/dist/babel/index.cjs:134900:15)
      at Nv.raise (node_modules/@storybook/core/dist/babel/index.cjs:137217:54)
      at Nv.readWord1 (node_modules/@storybook/core/dist/babel/index.cjs:137193:18)
      at Nv.readWord (node_modules/@storybook/core/dist/babel/index.cjs:137205:20)
      at Nv.getTokenFromCode (node_modules/@storybook/core/dist/babel/index.cjs:137028:16)
      at Nv.getTokenFromCode (node_modules/@storybook/core/dist/babel/index.cjs:139696:13)
      at Nv.getTokenFromCode (node_modules/@storybook/core/dist/babel/index.cjs:141547:13)
      at Nv.nextToken (node_modules/@storybook/core/dist/babel/index.cjs:136654:12)
      at Nv.next (node_modules/@storybook/core/dist/babel/index.cjs:136586:62)
      at Nv.eat (node_modules/@storybook/core/dist/babel/index.cjs:136589:36)
      at Nv.parseObjectProperty (node_modules/@storybook/core/dist/babel/index.cjs:142655:34)
      at Nv.parseObjPropValue (node_modules/@storybook/core/dist/babel/index.cjs:142671:61)
      at Nv.parseObjPropValue (node_modules/@storybook/core/dist/babel/index.cjs:141367:49)
      at Nv.parsePropertyDefinition (node_modules/@storybook/core/dist/babel/index.cjs:142632:19)
      at Nv.parseObjectLike (node_modules/@storybook/core/dist/babel/index.cjs:142596:57)
      at Nv.parseExprAtom (node_modules/@storybook/core/dist/babel/index.cjs:142302:23)
      at Nv.parseExprAtom (node_modules/@storybook/core/dist/babel/index.cjs:139667:45)
      at Nv.parseExprSubscripts (node_modules/@storybook/core/dist/babel/index.cjs:142149:78)
      at Nv.parseUpdate (node_modules/@storybook/core/dist/babel/index.cjs:142139:45)
      at Nv.parseMaybeUnary (node_modules/@storybook/core/dist/babel/index.cjs:142124:20)
      at Nv.parseMaybeUnary (node_modules/@storybook/core/dist/babel/index.cjs:141419:93)
      at Nv.parseMaybeUnaryOrPrivate (node_modules/@storybook/core/dist/babel/index.cjs:142032:63)
      at Nv.parseExprOps (node_modules/@storybook/core/dist/babel/index.cjs:142035:78)
      at Nv.parseMaybeConditional (node_modules/@storybook/core/dist/babel/index.cjs:142020:78)
      at Nv.parseMaybeAssign (node_modules/@storybook/core/dist/babel/index.cjs:142004:20)
      at Nv.parseMaybeAssign (node_modules/@storybook/core/dist/babel/index.cjs:141392:22)
      at node_modules/@storybook/core/dist/babel/index.cjs:141986:41
      at Nv.allowInAnd (node_modules/@storybook/core/dist/babel/index.cjs:142978:14)
      at Nv.parseMaybeAssignAllowIn (node_modules/@storybook/core/dist/babel/index.cjs:141986:19)
      at Nv.parseObjectProperty (node_modules/@storybook/core/dist/babel/index.cjs:142656:81)
      at Nv.parseObjPropValue (node_modules/@storybook/core/dist/babel/index.cjs:142671:61)
      at Nv.parseObjPropValue (node_modules/@storybook/core/dist/babel/index.cjs:141367:49)
      at Nv.parsePropertyDefinition (node_modules/@storybook/core/dist/babel/index.cjs:142632:19)
      at Nv.parseObjectLike (node_modules/@storybook/core/dist/babel/index.cjs:142596:57)
      at Nv.parseExprAtom (node_modules/@storybook/core/dist/babel/index.cjs:142302:23)
      at Nv.parseExprAtom (node_modules/@storybook/core/dist/babel/index.cjs:139667:45)
      at Nv.parseExprSubscripts (node_modules/@storybook/core/dist/babel/index.cjs:142149:78)
      at Nv.parseUpdate (node_modules/@storybook/core/dist/babel/index.cjs:142139:45)
      at Nv.parseMaybeUnary (node_modules/@storybook/core/dist/babel/index.cjs:142124:20)
      at Nv.parseMaybeUnary (node_modules/@storybook/core/dist/babel/index.cjs:141419:93)
      at Nv.parseMaybeUnaryOrPrivate (node_modules/@storybook/core/dist/babel/index.cjs:142032:63)
      at Nv.parseExprOps (node_modules/@storybook/core/dist/babel/index.cjs:142035:78)
      at Nv.parseMaybeConditional (node_modules/@storybook/core/dist/babel/index.cjs:142020:78)
      at Nv.parseMaybeAssign (node_modules/@storybook/core/dist/babel/index.cjs:142004:20)
      at Nv.parseMaybeAssign (node_modules/@storybook/core/dist/babel/index.cjs:141392:22)
      at node_modules/@storybook/core/dist/babel/index.cjs:141986:41
      at Nv.allowInAnd (node_modules/@storybook/core/dist/babel/index.cjs:142978:14)
      at Nv.parseMaybeAssignAllowIn (node_modules/@storybook/core/dist/babel/index.cjs:141986:19)
      at Nv.parseObjectProperty (node_modules/@storybook/core/dist/babel/index.cjs:142656:81)
      at Nv.parseObjPropValue (node_modules/@storybook/core/dist/babel/index.cjs:142671:61)
      If you are in development, this likely indicates a problem with your Storybook process,
      check the terminal for errors.
      If you are in a deployed Storybook, there may have been an issue deploying the full Storybook
      build.
      at constructor (node_modules/@storybook/core/dist/babel/index.cjs:134900:15)
      at Nv.raise (node_modules/@storybook/core/dist/babel/index.cjs:137217:54)
      at Nv.readWord1 (node_modules/@storybook/core/dist/babel/index.cjs:137193:18)
      at Nv.readWord (node_modules/@storybook/core/dist/babel/index.cjs:137205:20)
      at Nv.getTokenFromCode (node_modules/@storybook/core/dist/babel/index.cjs:137028:16)
      at Nv.getTokenFromCode (node_modules/@storybook/core/dist/babel/index.cjs:139696:13)
      at Nv.getTokenFromCode (node_modules/@storybook/core/dist/babel/index.cjs:141547:13)
      at Nv.nextToken (node_modules/@storybook/core/dist/babel/index.cjs:136654:12)
      at Nv.next (node_modules/@storybook/core/dist/babel/index.cjs:136586:62)
      at Nv.eat (node_modules/@storybook/core/dist/babel/index.cjs:136589:36)
      at Nv.parseObjectProperty (node_modules/@storybook/core/dist/babel/index.cjs:142655:34)
      at Nv.parseObjPropValue (node_modules/@storybook/core/dist/babel/index.cjs:142671:61)
      at Nv.parseObjPropValue (node_modules/@storybook/core/dist/babel/index.cjs:141367:49)
      at Nv.parsePropertyDefinition (node_modules/@storybook/core/dist/babel/index.cjs:142632:19)
      at Nv.parseObjectLike (node_modules/@storybook/core/dist/babel/index.cjs:142596:57)
      at Nv.parseExprAtom (node_modules/@storybook/core/dist/babel/index.cjs:142302:23)
      at Nv.parseExprAtom (node_modules/@storybook/core/dist/babel/index.cjs:139667:45)
      at Nv.parseExprSubscripts (node_modules/@storybook/core/dist/babel/index.cjs:142149:78)
      at Nv.parseUpdate (node_modules/@storybook/core/dist/babel/index.cjs:142139:45)
      at Nv.parseMaybeUnary (node_modules/@storybook/core/dist/babel/index.cjs:142124:20)
      at Nv.parseMaybeUnary (node_modules/@storybook/core/dist/babel/index.cjs:141419:93)
      at Nv.parseMaybeUnaryOrPrivate (node_modules/@storybook/core/dist/babel/index.cjs:142032:63)
      at Nv.parseExprOps (node_modules/@storybook/core/dist/babel/index.cjs:142035:78)
      at Nv.parseMaybeConditional (node_modules/@storybook/core/dist/babel/index.cjs:142020:78)
      at Nv.parseMaybeAssign (node_modules/@storybook/core/dist/babel/index.cjs:142004:20)
      at Nv.parseMaybeAssign (node_modules/@storybook/core/dist/babel/index.cjs:141392:22)
      at node_modules/@storybook/core/dist/babel/index.cjs:141986:41
      at Nv.allowInAnd (node_modules/@storybook/core/dist/babel/index.cjs:142978:14)
      at Nv.parseMaybeAssignAllowIn (node_modules/@storybook/core/dist/babel/index.cjs:141986:19)
      at Nv.parseObjectProperty (node_modules/@storybook/core/dist/babel/index.cjs:142656:81)
      at Nv.parseObjPropValue (node_modules/@storybook/core/dist/babel/index.cjs:142671:61)
      at Nv.parseObjPropValue (node_modules/@storybook/core/dist/babel/index.cjs:141367:49)
      at Nv.parsePropertyDefinition (node_modules/@storybook/core/dist/babel/index.cjs:142632:19)
      at Nv.parseObjectLike (node_modules/@storybook/core/dist/babel/index.cjs:142596:57)
      at Nv.parseExprAtom (node_modules/@storybook/core/dist/babel/index.cjs:142302:23)
      at Nv.parseExprAtom (node_modules/@storybook/core/dist/babel/index.cjs:139667:45)
      at Nv.parseExprSubscripts (node_modules/@storybook/core/dist/babel/index.cjs:142149:78)
      at Nv.parseUpdate (node_modules/@storybook/core/dist/babel/index.cjs:142139:45)
      at Nv.parseMaybeUnary (node_modules/@storybook/core/dist/babel/index.cjs:142124:20)
      at Nv.parseMaybeUnary (node_modules/@storybook/core/dist/babel/index.cjs:141419:93)
      at Nv.parseMaybeUnaryOrPrivate (node_modules/@storybook/core/dist/babel/index.cjs:142032:63)
      at Nv.parseExprOps (node_modules/@storybook/core/dist/babel/index.cjs:142035:78)
      at Nv.parseMaybeConditional (node_modules/@storybook/core/dist/babel/index.cjs:142020:78)
      at Nv.parseMaybeAssign (node_modules/@storybook/core/dist/babel/index.cjs:142004:20)
      at Nv.parseMaybeAssign (node_modules/@storybook/core/dist/babel/index.cjs:141392:22)
      at node_modules/@storybook/core/dist/babel/index.cjs:141986:41
      at Nv.allowInAnd (node_modules/@storybook/core/dist/babel/index.cjs:142978:14)
      at Nv.parseMaybeAssignAllowIn (node_modules/@storybook/core/dist/babel/index.cjs:141986:19)
      at Nv.parseObjectProperty (node_modules/@storybook/core/dist/babel/index.cjs:142656:81)
      at Nv.parseObjPropValue (node_modules/@storybook/core/dist/babel/index.cjs:142671:61)
      If you are in development, this likely indicates a problem with your Storybook process,
      check the terminal for errors.
      If you are in a deployed Storybook, there may have been an issue deploying the full Storybook
      build.
      at ns2.getStoryIndexFromServer (packages/components/http:/localhost:6007/packages/components/node_modules/.cache/storybook/1c3385a5d25e538d10b518b310c74d3ca2690b6aaffeadccd74da79736171f86/sb-vite/deps/storybook_internal_preview_runtime.js?v=b3da04b4:8624:11)
      at async ns2.initializeWithProjectAnnotations (packages/components/http:/localhost:6007/packages/components/node_modules/.cache/storybook/1c3385a5d25e538d10b518b310c74d3ca2690b6aaffeadccd74da79736171f86/sb-vite/deps/storybook_internal_preview_runtime.js?v=b3da04b4:8606:15)
      at async ns2.initialize (packages/components/http:/localhost:6007/packages/components/node_modules/.cache/storybook/1c3385a5d25e538d10b518b310c74d3ca2690b6aaffeadccd74da79736171f86/sb-vite/deps/storybook_internal_preview_runtime.js?v=b3da04b4:8581:39)

  ● Components/Table › Empty › smoke-test

    thrown: "Exceeded timeout of 30000 ms for a test.
    Add a timeout value to this test to increase the timeout, if this is a long-running test. See https://jestjs.io/docs/api#testname-fn-timeout."

      863 | **Width Properties:**
      864 | - \`width\` - Sets the initial/preferred width
    > 865 | - \`minWidth\` - Prevents column from shrinking below this value
          |             ^
      866 | - \`maxWidth\` - Prevents column from growing above this value
      867 |
      868 | **Use Cases:**

      at packages/components/src/Table/TableComponent.stories.tsx:865:13
      at packages/components/src/Table/TableComponent.stories.tsx:864:9
      at Object.<anonymous> (packages/components/src/Table/TableComponent.stories.tsx:128:5)

  ● Components/Table › ErrorState › smoke-test

    SB_PREVIEW_API_0006 (StoryIndexFetchError): Error fetching `/index.json`:

    Unable to index ./src/Table/EnhancedTable.stories.tsx:
      SyntaxError: Expecting Unicode escape sequence \uXXXX. (1467:15)

      at constructor (node_modules/@storybook/core/dist/babel/index.cjs:134900:15)
      at Nv.raise (node_modules/@storybook/core/dist/babel/index.cjs:137217:54)
      at Nv.readWord1 (node_modules/@storybook/core/dist/babel/index.cjs:137193:18)
      at Nv.readWord (node_modules/@storybook/core/dist/babel/index.cjs:137205:20)
      at Nv.getTokenFromCode (node_modules/@storybook/core/dist/babel/index.cjs:137028:16)
      at Nv.getTokenFromCode (node_modules/@storybook/core/dist/babel/index.cjs:139696:13)
      at Nv.getTokenFromCode (node_modules/@storybook/core/dist/babel/index.cjs:141547:13)
      at Nv.nextToken (node_modules/@storybook/core/dist/babel/index.cjs:136654:12)
      at Nv.next (node_modules/@storybook/core/dist/babel/index.cjs:136586:62)
      at Nv.eat (node_modules/@storybook/core/dist/babel/index.cjs:136589:36)
      at Nv.parseObjectProperty (node_modules/@storybook/core/dist/babel/index.cjs:142655:34)
      at Nv.parseObjPropValue (node_modules/@storybook/core/dist/babel/index.cjs:142671:61)
      at Nv.parseObjPropValue (node_modules/@storybook/core/dist/babel/index.cjs:141367:49)
      at Nv.parsePropertyDefinition (node_modules/@storybook/core/dist/babel/index.cjs:142632:19)
      at Nv.parseObjectLike (node_modules/@storybook/core/dist/babel/index.cjs:142596:57)
      at Nv.parseExprAtom (node_modules/@storybook/core/dist/babel/index.cjs:142302:23)
      at Nv.parseExprAtom (node_modules/@storybook/core/dist/babel/index.cjs:139667:45)
      at Nv.parseExprSubscripts (node_modules/@storybook/core/dist/babel/index.cjs:142149:78)
      at Nv.parseUpdate (node_modules/@storybook/core/dist/babel/index.cjs:142139:45)
      at Nv.parseMaybeUnary (node_modules/@storybook/core/dist/babel/index.cjs:142124:20)
      at Nv.parseMaybeUnary (node_modules/@storybook/core/dist/babel/index.cjs:141419:93)
      at Nv.parseMaybeUnaryOrPrivate (node_modules/@storybook/core/dist/babel/index.cjs:142032:63)
      at Nv.parseExprOps (node_modules/@storybook/core/dist/babel/index.cjs:142035:78)
      at Nv.parseMaybeConditional (node_modules/@storybook/core/dist/babel/index.cjs:142020:78)
      at Nv.parseMaybeAssign (node_modules/@storybook/core/dist/babel/index.cjs:142004:20)
      at Nv.parseMaybeAssign (node_modules/@storybook/core/dist/babel/index.cjs:141392:22)
      at node_modules/@storybook/core/dist/babel/index.cjs:141986:41
      at Nv.allowInAnd (node_modules/@storybook/core/dist/babel/index.cjs:142978:14)
      at Nv.parseMaybeAssignAllowIn (node_modules/@storybook/core/dist/babel/index.cjs:141986:19)
      at Nv.parseObjectProperty (node_modules/@storybook/core/dist/babel/index.cjs:142656:81)
      at Nv.parseObjPropValue (node_modules/@storybook/core/dist/babel/index.cjs:142671:61)
      at Nv.parseObjPropValue (node_modules/@storybook/core/dist/babel/index.cjs:141367:49)
      at Nv.parsePropertyDefinition (node_modules/@storybook/core/dist/babel/index.cjs:142632:19)
      at Nv.parseObjectLike (node_modules/@storybook/core/dist/babel/index.cjs:142596:57)
      at Nv.parseExprAtom (node_modules/@storybook/core/dist/babel/index.cjs:142302:23)
      at Nv.parseExprAtom (node_modules/@storybook/core/dist/babel/index.cjs:139667:45)
      at Nv.parseExprSubscripts (node_modules/@storybook/core/dist/babel/index.cjs:142149:78)
      at Nv.parseUpdate (node_modules/@storybook/core/dist/babel/index.cjs:142139:45)
      at Nv.parseMaybeUnary (node_modules/@storybook/core/dist/babel/index.cjs:142124:20)
      at Nv.parseMaybeUnary (node_modules/@storybook/core/dist/babel/index.cjs:141419:93)
      at Nv.parseMaybeUnaryOrPrivate (node_modules/@storybook/core/dist/babel/index.cjs:142032:63)
      at Nv.parseExprOps (node_modules/@storybook/core/dist/babel/index.cjs:142035:78)
      at Nv.parseMaybeConditional (node_modules/@storybook/core/dist/babel/index.cjs:142020:78)
      at Nv.parseMaybeAssign (node_modules/@storybook/core/dist/babel/index.cjs:142004:20)
      at Nv.parseMaybeAssign (node_modules/@storybook/core/dist/babel/index.cjs:141392:22)
      at node_modules/@storybook/core/dist/babel/index.cjs:141986:41
      at Nv.allowInAnd (node_modules/@storybook/core/dist/babel/index.cjs:142978:14)
      at Nv.parseMaybeAssignAllowIn (node_modules/@storybook/core/dist/babel/index.cjs:141986:19)
      at Nv.parseObjectProperty (node_modules/@storybook/core/dist/babel/index.cjs:142656:81)
      at Nv.parseObjPropValue (node_modules/@storybook/core/dist/babel/index.cjs:142671:61)
      If you are in development, this likely indicates a problem with your Storybook process,
      check the terminal for errors.
      If you are in a deployed Storybook, there may have been an issue deploying the full Storybook
      build.
      at constructor (node_modules/@storybook/core/dist/babel/index.cjs:134900:15)
      at Nv.raise (node_modules/@storybook/core/dist/babel/index.cjs:137217:54)
      at Nv.readWord1 (node_modules/@storybook/core/dist/babel/index.cjs:137193:18)
      at Nv.readWord (node_modules/@storybook/core/dist/babel/index.cjs:137205:20)
      at Nv.getTokenFromCode (node_modules/@storybook/core/dist/babel/index.cjs:137028:16)
      at Nv.getTokenFromCode (node_modules/@storybook/core/dist/babel/index.cjs:139696:13)
      at Nv.getTokenFromCode (node_modules/@storybook/core/dist/babel/index.cjs:141547:13)
      at Nv.nextToken (node_modules/@storybook/core/dist/babel/index.cjs:136654:12)
      at Nv.next (node_modules/@storybook/core/dist/babel/index.cjs:136586:62)
      at Nv.eat (node_modules/@storybook/core/dist/babel/index.cjs:136589:36)
      at Nv.parseObjectProperty (node_modules/@storybook/core/dist/babel/index.cjs:142655:34)
      at Nv.parseObjPropValue (node_modules/@storybook/core/dist/babel/index.cjs:142671:61)
      at Nv.parseObjPropValue (node_modules/@storybook/core/dist/babel/index.cjs:141367:49)
      at Nv.parsePropertyDefinition (node_modules/@storybook/core/dist/babel/index.cjs:142632:19)
      at Nv.parseObjectLike (node_modules/@storybook/core/dist/babel/index.cjs:142596:57)
      at Nv.parseExprAtom (node_modules/@storybook/core/dist/babel/index.cjs:142302:23)
      at Nv.parseExprAtom (node_modules/@storybook/core/dist/babel/index.cjs:139667:45)
      at Nv.parseExprSubscripts (node_modules/@storybook/core/dist/babel/index.cjs:142149:78)
      at Nv.parseUpdate (node_modules/@storybook/core/dist/babel/index.cjs:142139:45)
      at Nv.parseMaybeUnary (node_modules/@storybook/core/dist/babel/index.cjs:142124:20)
      at Nv.parseMaybeUnary (node_modules/@storybook/core/dist/babel/index.cjs:141419:93)
      at Nv.parseMaybeUnaryOrPrivate (node_modules/@storybook/core/dist/babel/index.cjs:142032:63)
      at Nv.parseExprOps (node_modules/@storybook/core/dist/babel/index.cjs:142035:78)
      at Nv.parseMaybeConditional (node_modules/@storybook/core/dist/babel/index.cjs:142020:78)
      at Nv.parseMaybeAssign (node_modules/@storybook/core/dist/babel/index.cjs:142004:20)
      at Nv.parseMaybeAssign (node_modules/@storybook/core/dist/babel/index.cjs:141392:22)
      at node_modules/@storybook/core/dist/babel/index.cjs:141986:41
      at Nv.allowInAnd (node_modules/@storybook/core/dist/babel/index.cjs:142978:14)
      at Nv.parseMaybeAssignAllowIn (node_modules/@storybook/core/dist/babel/index.cjs:141986:19)
      at Nv.parseObjectProperty (node_modules/@storybook/core/dist/babel/index.cjs:142656:81)
      at Nv.parseObjPropValue (node_modules/@storybook/core/dist/babel/index.cjs:142671:61)
      at Nv.parseObjPropValue (node_modules/@storybook/core/dist/babel/index.cjs:141367:49)
      at Nv.parsePropertyDefinition (node_modules/@storybook/core/dist/babel/index.cjs:142632:19)
      at Nv.parseObjectLike (node_modules/@storybook/core/dist/babel/index.cjs:142596:57)
      at Nv.parseExprAtom (node_modules/@storybook/core/dist/babel/index.cjs:142302:23)
      at Nv.parseExprAtom (node_modules/@storybook/core/dist/babel/index.cjs:139667:45)
      at Nv.parseExprSubscripts (node_modules/@storybook/core/dist/babel/index.cjs:142149:78)
      at Nv.parseUpdate (node_modules/@storybook/core/dist/babel/index.cjs:142139:45)
      at Nv.parseMaybeUnary (node_modules/@storybook/core/dist/babel/index.cjs:142124:20)
      at Nv.parseMaybeUnary (node_modules/@storybook/core/dist/babel/index.cjs:141419:93)
      at Nv.parseMaybeUnaryOrPrivate (node_modules/@storybook/core/dist/babel/index.cjs:142032:63)
      at Nv.parseExprOps (node_modules/@storybook/core/dist/babel/index.cjs:142035:78)
      at Nv.parseMaybeConditional (node_modules/@storybook/core/dist/babel/index.cjs:142020:78)
      at Nv.parseMaybeAssign (node_modules/@storybook/core/dist/babel/index.cjs:142004:20)
      at Nv.parseMaybeAssign (node_modules/@storybook/core/dist/babel/index.cjs:141392:22)
      at node_modules/@storybook/core/dist/babel/index.cjs:141986:41
      at Nv.allowInAnd (node_modules/@storybook/core/dist/babel/index.cjs:142978:14)
      at Nv.parseMaybeAssignAllowIn (node_modules/@storybook/core/dist/babel/index.cjs:141986:19)
      at Nv.parseObjectProperty (node_modules/@storybook/core/dist/babel/index.cjs:142656:81)
      at Nv.parseObjPropValue (node_modules/@storybook/core/dist/babel/index.cjs:142671:61)
      If you are in development, this likely indicates a problem with your Storybook process,
      check the terminal for errors.
      If you are in a deployed Storybook, there may have been an issue deploying the full Storybook
      build.
      at ns2.getStoryIndexFromServer (packages/components/http:/localhost:6007/packages/components/node_modules/.cache/storybook/1c3385a5d25e538d10b518b310c74d3ca2690b6aaffeadccd74da79736171f86/sb-vite/deps/storybook_internal_preview_runtime.js?v=b3da04b4:8624:11)
      at async ns2.initializeWithProjectAnnotations (packages/components/http:/localhost:6007/packages/components/node_modules/.cache/storybook/1c3385a5d25e538d10b518b310c74d3ca2690b6aaffeadccd74da79736171f86/sb-vite/deps/storybook_internal_preview_runtime.js?v=b3da04b4:8606:15)
      at async ns2.initialize (packages/components/http:/localhost:6007/packages/components/node_modules/.cache/storybook/1c3385a5d25e538d10b518b310c74d3ca2690b6aaffeadccd74da79736171f86/sb-vite/deps/storybook_internal_preview_runtime.js?v=b3da04b4:8581:39)

  ● Components/Table › ErrorState › smoke-test

    thrown: "Exceeded timeout of 30000 ms for a test.
    Add a timeout value to this test to increase the timeout, if this is a long-running test. See https://jestjs.io/docs/api#testname-fn-timeout."



      at packages/components/src/Table/TableComponent.stories.tsx:1012:13
      at packages/components/src/Table/TableComponent.stories.tsx:1011:9
      at Object.<anonymous> (packages/components/src/Table/TableComponent.stories.tsx:128:5)

  ● Components/Table › LoadingState › smoke-test

    SB_PREVIEW_API_0006 (StoryIndexFetchError): Error fetching `/index.json`:

    Unable to index ./src/Table/EnhancedTable.stories.tsx:
      SyntaxError: Expecting Unicode escape sequence \uXXXX. (1467:15)

      at constructor (node_modules/@storybook/core/dist/babel/index.cjs:134900:15)
      at Nv.raise (node_modules/@storybook/core/dist/babel/index.cjs:137217:54)
      at Nv.readWord1 (node_modules/@storybook/core/dist/babel/index.cjs:137193:18)
      at Nv.readWord (node_modules/@storybook/core/dist/babel/index.cjs:137205:20)
      at Nv.getTokenFromCode (node_modules/@storybook/core/dist/babel/index.cjs:137028:16)
      at Nv.getTokenFromCode (node_modules/@storybook/core/dist/babel/index.cjs:139696:13)
      at Nv.getTokenFromCode (node_modules/@storybook/core/dist/babel/index.cjs:141547:13)
      at Nv.nextToken (node_modules/@storybook/core/dist/babel/index.cjs:136654:12)
      at Nv.next (node_modules/@storybook/core/dist/babel/index.cjs:136586:62)
      at Nv.eat (node_modules/@storybook/core/dist/babel/index.cjs:136589:36)
      at Nv.parseObjectProperty (node_modules/@storybook/core/dist/babel/index.cjs:142655:34)
      at Nv.parseObjPropValue (node_modules/@storybook/core/dist/babel/index.cjs:142671:61)
      at Nv.parseObjPropValue (node_modules/@storybook/core/dist/babel/index.cjs:141367:49)
      at Nv.parsePropertyDefinition (node_modules/@storybook/core/dist/babel/index.cjs:142632:19)
      at Nv.parseObjectLike (node_modules/@storybook/core/dist/babel/index.cjs:142596:57)
      at Nv.parseExprAtom (node_modules/@storybook/core/dist/babel/index.cjs:142302:23)
      at Nv.parseExprAtom (node_modules/@storybook/core/dist/babel/index.cjs:139667:45)
      at Nv.parseExprSubscripts (node_modules/@storybook/core/dist/babel/index.cjs:142149:78)
      at Nv.parseUpdate (node_modules/@storybook/core/dist/babel/index.cjs:142139:45)
      at Nv.parseMaybeUnary (node_modules/@storybook/core/dist/babel/index.cjs:142124:20)
      at Nv.parseMaybeUnary (node_modules/@storybook/core/dist/babel/index.cjs:141419:93)
      at Nv.parseMaybeUnaryOrPrivate (node_modules/@storybook/core/dist/babel/index.cjs:142032:63)
      at Nv.parseExprOps (node_modules/@storybook/core/dist/babel/index.cjs:142035:78)
      at Nv.parseMaybeConditional (node_modules/@storybook/core/dist/babel/index.cjs:142020:78)
      at Nv.parseMaybeAssign (node_modules/@storybook/core/dist/babel/index.cjs:142004:20)
      at Nv.parseMaybeAssign (node_modules/@storybook/core/dist/babel/index.cjs:141392:22)
      at node_modules/@storybook/core/dist/babel/index.cjs:141986:41
      at Nv.allowInAnd (node_modules/@storybook/core/dist/babel/index.cjs:142978:14)
      at Nv.parseMaybeAssignAllowIn (node_modules/@storybook/core/dist/babel/index.cjs:141986:19)
      at Nv.parseObjectProperty (node_modules/@storybook/core/dist/babel/index.cjs:142656:81)
      at Nv.parseObjPropValue (node_modules/@storybook/core/dist/babel/index.cjs:142671:61)
      at Nv.parseObjPropValue (node_modules/@storybook/core/dist/babel/index.cjs:141367:49)
      at Nv.parsePropertyDefinition (node_modules/@storybook/core/dist/babel/index.cjs:142632:19)
      at Nv.parseObjectLike (node_modules/@storybook/core/dist/babel/index.cjs:142596:57)
      at Nv.parseExprAtom (node_modules/@storybook/core/dist/babel/index.cjs:142302:23)
      at Nv.parseExprAtom (node_modules/@storybook/core/dist/babel/index.cjs:139667:45)
      at Nv.parseExprSubscripts (node_modules/@storybook/core/dist/babel/index.cjs:142149:78)
      at Nv.parseUpdate (node_modules/@storybook/core/dist/babel/index.cjs:142139:45)
      at Nv.parseMaybeUnary (node_modules/@storybook/core/dist/babel/index.cjs:142124:20)
      at Nv.parseMaybeUnary (node_modules/@storybook/core/dist/babel/index.cjs:141419:93)
      at Nv.parseMaybeUnaryOrPrivate (node_modules/@storybook/core/dist/babel/index.cjs:142032:63)
      at Nv.parseExprOps (node_modules/@storybook/core/dist/babel/index.cjs:142035:78)
      at Nv.parseMaybeConditional (node_modules/@storybook/core/dist/babel/index.cjs:142020:78)
      at Nv.parseMaybeAssign (node_modules/@storybook/core/dist/babel/index.cjs:142004:20)
      at Nv.parseMaybeAssign (node_modules/@storybook/core/dist/babel/index.cjs:141392:22)
      at node_modules/@storybook/core/dist/babel/index.cjs:141986:41
      at Nv.allowInAnd (node_modules/@storybook/core/dist/babel/index.cjs:142978:14)
      at Nv.parseMaybeAssignAllowIn (node_modules/@storybook/core/dist/babel/index.cjs:141986:19)
      at Nv.parseObjectProperty (node_modules/@storybook/core/dist/babel/index.cjs:142656:81)
      at Nv.parseObjPropValue (node_modules/@storybook/core/dist/babel/index.cjs:142671:61)
      If you are in development, this likely indicates a problem with your Storybook process,
      check the terminal for errors.
      If you are in a deployed Storybook, there may have been an issue deploying the full Storybook
      build.
      at constructor (node_modules/@storybook/core/dist/babel/index.cjs:134900:15)
      at Nv.raise (node_modules/@storybook/core/dist/babel/index.cjs:137217:54)
      at Nv.readWord1 (node_modules/@storybook/core/dist/babel/index.cjs:137193:18)
      at Nv.readWord (node_modules/@storybook/core/dist/babel/index.cjs:137205:20)
      at Nv.getTokenFromCode (node_modules/@storybook/core/dist/babel/index.cjs:137028:16)
      at Nv.getTokenFromCode (node_modules/@storybook/core/dist/babel/index.cjs:139696:13)
      at Nv.getTokenFromCode (node_modules/@storybook/core/dist/babel/index.cjs:141547:13)
      at Nv.nextToken (node_modules/@storybook/core/dist/babel/index.cjs:136654:12)
      at Nv.next (node_modules/@storybook/core/dist/babel/index.cjs:136586:62)
      at Nv.eat (node_modules/@storybook/core/dist/babel/index.cjs:136589:36)
      at Nv.parseObjectProperty (node_modules/@storybook/core/dist/babel/index.cjs:142655:34)
      at Nv.parseObjPropValue (node_modules/@storybook/core/dist/babel/index.cjs:142671:61)
      at Nv.parseObjPropValue (node_modules/@storybook/core/dist/babel/index.cjs:141367:49)
      at Nv.parsePropertyDefinition (node_modules/@storybook/core/dist/babel/index.cjs:142632:19)
      at Nv.parseObjectLike (node_modules/@storybook/core/dist/babel/index.cjs:142596:57)
      at Nv.parseExprAtom (node_modules/@storybook/core/dist/babel/index.cjs:142302:23)
      at Nv.parseExprAtom (node_modules/@storybook/core/dist/babel/index.cjs:139667:45)
      at Nv.parseExprSubscripts (node_modules/@storybook/core/dist/babel/index.cjs:142149:78)
      at Nv.parseUpdate (node_modules/@storybook/core/dist/babel/index.cjs:142139:45)
      at Nv.parseMaybeUnary (node_modules/@storybook/core/dist/babel/index.cjs:142124:20)
      at Nv.parseMaybeUnary (node_modules/@storybook/core/dist/babel/index.cjs:141419:93)
      at Nv.parseMaybeUnaryOrPrivate (node_modules/@storybook/core/dist/babel/index.cjs:142032:63)
      at Nv.parseExprOps (node_modules/@storybook/core/dist/babel/index.cjs:142035:78)
      at Nv.parseMaybeConditional (node_modules/@storybook/core/dist/babel/index.cjs:142020:78)
      at Nv.parseMaybeAssign (node_modules/@storybook/core/dist/babel/index.cjs:142004:20)
      at Nv.parseMaybeAssign (node_modules/@storybook/core/dist/babel/index.cjs:141392:22)
      at node_modules/@storybook/core/dist/babel/index.cjs:141986:41
      at Nv.allowInAnd (node_modules/@storybook/core/dist/babel/index.cjs:142978:14)
      at Nv.parseMaybeAssignAllowIn (node_modules/@storybook/core/dist/babel/index.cjs:141986:19)
      at Nv.parseObjectProperty (node_modules/@storybook/core/dist/babel/index.cjs:142656:81)
      at Nv.parseObjPropValue (node_modules/@storybook/core/dist/babel/index.cjs:142671:61)
      at Nv.parseObjPropValue (node_modules/@storybook/core/dist/babel/index.cjs:141367:49)
      at Nv.parsePropertyDefinition (node_modules/@storybook/core/dist/babel/index.cjs:142632:19)
      at Nv.parseObjectLike (node_modules/@storybook/core/dist/babel/index.cjs:142596:57)
      at Nv.parseExprAtom (node_modules/@storybook/core/dist/babel/index.cjs:142302:23)
      at Nv.parseExprAtom (node_modules/@storybook/core/dist/babel/index.cjs:139667:45)
      at Nv.parseExprSubscripts (node_modules/@storybook/core/dist/babel/index.cjs:142149:78)
      at Nv.parseUpdate (node_modules/@storybook/core/dist/babel/index.cjs:142139:45)
      at Nv.parseMaybeUnary (node_modules/@storybook/core/dist/babel/index.cjs:142124:20)
      at Nv.parseMaybeUnary (node_modules/@storybook/core/dist/babel/index.cjs:141419:93)
      at Nv.parseMaybeUnaryOrPrivate (node_modules/@storybook/core/dist/babel/index.cjs:142032:63)
      at Nv.parseExprOps (node_modules/@storybook/core/dist/babel/index.cjs:142035:78)
      at Nv.parseMaybeConditional (node_modules/@storybook/core/dist/babel/index.cjs:142020:78)
      at Nv.parseMaybeAssign (node_modules/@storybook/core/dist/babel/index.cjs:142004:20)
      at Nv.parseMaybeAssign (node_modules/@storybook/core/dist/babel/index.cjs:141392:22)
      at node_modules/@storybook/core/dist/babel/index.cjs:141986:41
      at Nv.allowInAnd (node_modules/@storybook/core/dist/babel/index.cjs:142978:14)
      at Nv.parseMaybeAssignAllowIn (node_modules/@storybook/core/dist/babel/index.cjs:141986:19)
      at Nv.parseObjectProperty (node_modules/@storybook/core/dist/babel/index.cjs:142656:81)
      at Nv.parseObjPropValue (node_modules/@storybook/core/dist/babel/index.cjs:142671:61)
      If you are in development, this likely indicates a problem with your Storybook process,
      check the terminal for errors.
      If you are in a deployed Storybook, there may have been an issue deploying the full Storybook
      build.
      at ns2.getStoryIndexFromServer (packages/components/http:/localhost:6007/packages/components/node_modules/.cache/storybook/1c3385a5d25e538d10b518b310c74d3ca2690b6aaffeadccd74da79736171f86/sb-vite/deps/storybook_internal_preview_runtime.js?v=b3da04b4:8624:11)
      at async ns2.initializeWithProjectAnnotations (packages/components/http:/localhost:6007/packages/components/node_modules/.cache/storybook/1c3385a5d25e538d10b518b310c74d3ca2690b6aaffeadccd74da79736171f86/sb-vite/deps/storybook_internal_preview_runtime.js?v=b3da04b4:8606:15)
      at async ns2.initialize (packages/components/http:/localhost:6007/packages/components/node_modules/.cache/storybook/1c3385a5d25e538d10b518b310c74d3ca2690b6aaffeadccd74da79736171f86/sb-vite/deps/storybook_internal_preview_runtime.js?v=b3da04b4:8581:39)

  ● Components/Table › LoadingState › smoke-test

    thrown: "Exceeded timeout of 30000 ms for a test.
    Add a timeout value to this test to increase the timeout, if this is a long-running test. See https://jestjs.io/docs/api#testname-fn-timeout."



      at packages/components/src/Table/TableComponent.stories.tsx:1159:13
      at packages/components/src/Table/TableComponent.stories.tsx:1158:9
      at Object.<anonymous> (packages/components/src/Table/TableComponent.stories.tsx:128:5)

  ● Components/Table › WithForwardRef › smoke-test

    SB_PREVIEW_API_0006 (StoryIndexFetchError): Error fetching `/index.json`:

    Unable to index ./src/Table/EnhancedTable.stories.tsx:
      SyntaxError: Expecting Unicode escape sequence \uXXXX. (1467:15)

      at constructor (node_modules/@storybook/core/dist/babel/index.cjs:134900:15)
      at Nv.raise (node_modules/@storybook/core/dist/babel/index.cjs:137217:54)
      at Nv.readWord1 (node_modules/@storybook/core/dist/babel/index.cjs:137193:18)
      at Nv.readWord (node_modules/@storybook/core/dist/babel/index.cjs:137205:20)
      at Nv.getTokenFromCode (node_modules/@storybook/core/dist/babel/index.cjs:137028:16)
      at Nv.getTokenFromCode (node_modules/@storybook/core/dist/babel/index.cjs:139696:13)
      at Nv.getTokenFromCode (node_modules/@storybook/core/dist/babel/index.cjs:141547:13)
      at Nv.nextToken (node_modules/@storybook/core/dist/babel/index.cjs:136654:12)
      at Nv.next (node_modules/@storybook/core/dist/babel/index.cjs:136586:62)
      at Nv.eat (node_modules/@storybook/core/dist/babel/index.cjs:136589:36)
      at Nv.parseObjectProperty (node_modules/@storybook/core/dist/babel/index.cjs:142655:34)
      at Nv.parseObjPropValue (node_modules/@storybook/core/dist/babel/index.cjs:142671:61)
      at Nv.parseObjPropValue (node_modules/@storybook/core/dist/babel/index.cjs:141367:49)
      at Nv.parsePropertyDefinition (node_modules/@storybook/core/dist/babel/index.cjs:142632:19)
      at Nv.parseObjectLike (node_modules/@storybook/core/dist/babel/index.cjs:142596:57)
      at Nv.parseExprAtom (node_modules/@storybook/core/dist/babel/index.cjs:142302:23)
      at Nv.parseExprAtom (node_modules/@storybook/core/dist/babel/index.cjs:139667:45)
      at Nv.parseExprSubscripts (node_modules/@storybook/core/dist/babel/index.cjs:142149:78)
      at Nv.parseUpdate (node_modules/@storybook/core/dist/babel/index.cjs:142139:45)
      at Nv.parseMaybeUnary (node_modules/@storybook/core/dist/babel/index.cjs:142124:20)
      at Nv.parseMaybeUnary (node_modules/@storybook/core/dist/babel/index.cjs:141419:93)
      at Nv.parseMaybeUnaryOrPrivate (node_modules/@storybook/core/dist/babel/index.cjs:142032:63)
      at Nv.parseExprOps (node_modules/@storybook/core/dist/babel/index.cjs:142035:78)
      at Nv.parseMaybeConditional (node_modules/@storybook/core/dist/babel/index.cjs:142020:78)
      at Nv.parseMaybeAssign (node_modules/@storybook/core/dist/babel/index.cjs:142004:20)
      at Nv.parseMaybeAssign (node_modules/@storybook/core/dist/babel/index.cjs:141392:22)
      at node_modules/@storybook/core/dist/babel/index.cjs:141986:41
      at Nv.allowInAnd (node_modules/@storybook/core/dist/babel/index.cjs:142978:14)
      at Nv.parseMaybeAssignAllowIn (node_modules/@storybook/core/dist/babel/index.cjs:141986:19)
      at Nv.parseObjectProperty (node_modules/@storybook/core/dist/babel/index.cjs:142656:81)
      at Nv.parseObjPropValue (node_modules/@storybook/core/dist/babel/index.cjs:142671:61)
      at Nv.parseObjPropValue (node_modules/@storybook/core/dist/babel/index.cjs:141367:49)
      at Nv.parsePropertyDefinition (node_modules/@storybook/core/dist/babel/index.cjs:142632:19)
      at Nv.parseObjectLike (node_modules/@storybook/core/dist/babel/index.cjs:142596:57)
      at Nv.parseExprAtom (node_modules/@storybook/core/dist/babel/index.cjs:142302:23)
      at Nv.parseExprAtom (node_modules/@storybook/core/dist/babel/index.cjs:139667:45)
      at Nv.parseExprSubscripts (node_modules/@storybook/core/dist/babel/index.cjs:142149:78)
      at Nv.parseUpdate (node_modules/@storybook/core/dist/babel/index.cjs:142139:45)
      at Nv.parseMaybeUnary (node_modules/@storybook/core/dist/babel/index.cjs:142124:20)
      at Nv.parseMaybeUnary (node_modules/@storybook/core/dist/babel/index.cjs:141419:93)
      at Nv.parseMaybeUnaryOrPrivate (node_modules/@storybook/core/dist/babel/index.cjs:142032:63)
      at Nv.parseExprOps (node_modules/@storybook/core/dist/babel/index.cjs:142035:78)
      at Nv.parseMaybeConditional (node_modules/@storybook/core/dist/babel/index.cjs:142020:78)
      at Nv.parseMaybeAssign (node_modules/@storybook/core/dist/babel/index.cjs:142004:20)
      at Nv.parseMaybeAssign (node_modules/@storybook/core/dist/babel/index.cjs:141392:22)
      at node_modules/@storybook/core/dist/babel/index.cjs:141986:41
      at Nv.allowInAnd (node_modules/@storybook/core/dist/babel/index.cjs:142978:14)
      at Nv.parseMaybeAssignAllowIn (node_modules/@storybook/core/dist/babel/index.cjs:141986:19)
      at Nv.parseObjectProperty (node_modules/@storybook/core/dist/babel/index.cjs:142656:81)
      at Nv.parseObjPropValue (node_modules/@storybook/core/dist/babel/index.cjs:142671:61)
      If you are in development, this likely indicates a problem with your Storybook process,
      check the terminal for errors.
      If you are in a deployed Storybook, there may have been an issue deploying the full Storybook
      build.
      at constructor (node_modules/@storybook/core/dist/babel/index.cjs:134900:15)
      at Nv.raise (node_modules/@storybook/core/dist/babel/index.cjs:137217:54)
      at Nv.readWord1 (node_modules/@storybook/core/dist/babel/index.cjs:137193:18)
      at Nv.readWord (node_modules/@storybook/core/dist/babel/index.cjs:137205:20)
      at Nv.getTokenFromCode (node_modules/@storybook/core/dist/babel/index.cjs:137028:16)
      at Nv.getTokenFromCode (node_modules/@storybook/core/dist/babel/index.cjs:139696:13)
      at Nv.getTokenFromCode (node_modules/@storybook/core/dist/babel/index.cjs:141547:13)
      at Nv.nextToken (node_modules/@storybook/core/dist/babel/index.cjs:136654:12)
      at Nv.next (node_modules/@storybook/core/dist/babel/index.cjs:136586:62)
      at Nv.eat (node_modules/@storybook/core/dist/babel/index.cjs:136589:36)
      at Nv.parseObjectProperty (node_modules/@storybook/core/dist/babel/index.cjs:142655:34)
      at Nv.parseObjPropValue (node_modules/@storybook/core/dist/babel/index.cjs:142671:61)
      at Nv.parseObjPropValue (node_modules/@storybook/core/dist/babel/index.cjs:141367:49)
      at Nv.parsePropertyDefinition (node_modules/@storybook/core/dist/babel/index.cjs:142632:19)
      at Nv.parseObjectLike (node_modules/@storybook/core/dist/babel/index.cjs:142596:57)
      at Nv.parseExprAtom (node_modules/@storybook/core/dist/babel/index.cjs:142302:23)
      at Nv.parseExprAtom (node_modules/@storybook/core/dist/babel/index.cjs:139667:45)
      at Nv.parseExprSubscripts (node_modules/@storybook/core/dist/babel/index.cjs:142149:78)
      at Nv.parseUpdate (node_modules/@storybook/core/dist/babel/index.cjs:142139:45)
      at Nv.parseMaybeUnary (node_modules/@storybook/core/dist/babel/index.cjs:142124:20)
      at Nv.parseMaybeUnary (node_modules/@storybook/core/dist/babel/index.cjs:141419:93)
      at Nv.parseMaybeUnaryOrPrivate (node_modules/@storybook/core/dist/babel/index.cjs:142032:63)
      at Nv.parseExprOps (node_modules/@storybook/core/dist/babel/index.cjs:142035:78)
      at Nv.parseMaybeConditional (node_modules/@storybook/core/dist/babel/index.cjs:142020:78)
      at Nv.parseMaybeAssign (node_modules/@storybook/core/dist/babel/index.cjs:142004:20)
      at Nv.parseMaybeAssign (node_modules/@storybook/core/dist/babel/index.cjs:141392:22)
      at node_modules/@storybook/core/dist/babel/index.cjs:141986:41
      at Nv.allowInAnd (node_modules/@storybook/core/dist/babel/index.cjs:142978:14)
      at Nv.parseMaybeAssignAllowIn (node_modules/@storybook/core/dist/babel/index.cjs:141986:19)
      at Nv.parseObjectProperty (node_modules/@storybook/core/dist/babel/index.cjs:142656:81)
      at Nv.parseObjPropValue (node_modules/@storybook/core/dist/babel/index.cjs:142671:61)
      at Nv.parseObjPropValue (node_modules/@storybook/core/dist/babel/index.cjs:141367:49)
      at Nv.parsePropertyDefinition (node_modules/@storybook/core/dist/babel/index.cjs:142632:19)
      at Nv.parseObjectLike (node_modules/@storybook/core/dist/babel/index.cjs:142596:57)
      at Nv.parseExprAtom (node_modules/@storybook/core/dist/babel/index.cjs:142302:23)
      at Nv.parseExprAtom (node_modules/@storybook/core/dist/babel/index.cjs:139667:45)
      at Nv.parseExprSubscripts (node_modules/@storybook/core/dist/babel/index.cjs:142149:78)
      at Nv.parseUpdate (node_modules/@storybook/core/dist/babel/index.cjs:142139:45)
      at Nv.parseMaybeUnary (node_modules/@storybook/core/dist/babel/index.cjs:142124:20)
      at Nv.parseMaybeUnary (node_modules/@storybook/core/dist/babel/index.cjs:141419:93)
      at Nv.parseMaybeUnaryOrPrivate (node_modules/@storybook/core/dist/babel/index.cjs:142032:63)
      at Nv.parseExprOps (node_modules/@storybook/core/dist/babel/index.cjs:142035:78)
      at Nv.parseMaybeConditional (node_modules/@storybook/core/dist/babel/index.cjs:142020:78)
      at Nv.parseMaybeAssign (node_modules/@storybook/core/dist/babel/index.cjs:142004:20)
      at Nv.parseMaybeAssign (node_modules/@storybook/core/dist/babel/index.cjs:141392:22)
      at node_modules/@storybook/core/dist/babel/index.cjs:141986:41
      at Nv.allowInAnd (node_modules/@storybook/core/dist/babel/index.cjs:142978:14)
      at Nv.parseMaybeAssignAllowIn (node_modules/@storybook/core/dist/babel/index.cjs:141986:19)
      at Nv.parseObjectProperty (node_modules/@storybook/core/dist/babel/index.cjs:142656:81)
      at Nv.parseObjPropValue (node_modules/@storybook/core/dist/babel/index.cjs:142671:61)
      If you are in development, this likely indicates a problem with your Storybook process,
      check the terminal for errors.
      If you are in a deployed Storybook, there may have been an issue deploying the full Storybook
      build.
      at ns2.getStoryIndexFromServer (packages/components/http:/localhost:6007/packages/components/node_modules/.cache/storybook/1c3385a5d25e538d10b518b310c74d3ca2690b6aaffeadccd74da79736171f86/sb-vite/deps/storybook_internal_preview_runtime.js?v=b3da04b4:8624:11)
      at async ns2.initializeWithProjectAnnotations (packages/components/http:/localhost:6007/packages/components/node_modules/.cache/storybook/1c3385a5d25e538d10b518b310c74d3ca2690b6aaffeadccd74da79736171f86/sb-vite/deps/storybook_internal_preview_runtime.js?v=b3da04b4:8606:15)
      at async ns2.initialize (packages/components/http:/localhost:6007/packages/components/node_modules/.cache/storybook/1c3385a5d25e538d10b518b310c74d3ca2690b6aaffeadccd74da79736171f86/sb-vite/deps/storybook_internal_preview_runtime.js?v=b3da04b4:8581:39)

  ● Components/Table › WithForwardRef › smoke-test

    thrown: "Exceeded timeout of 30000 ms for a test.
    Add a timeout value to this test to increase the timeout, if this is a long-running test. See https://jestjs.io/docs/api#testname-fn-timeout."



      at packages/components/src/Table/TableComponent.stories.tsx:1306:13
      at packages/components/src/Table/TableComponent.stories.tsx:1305:9
      at Object.<anonymous> (packages/components/src/Table/TableComponent.stories.tsx:128:5)

  ● Components/Table › ColumnWidthControl › smoke-test

    SB_PREVIEW_API_0006 (StoryIndexFetchError): Error fetching `/index.json`:

    Unable to index ./src/Table/EnhancedTable.stories.tsx:
      SyntaxError: Expecting Unicode escape sequence \uXXXX. (1467:15)

      at constructor (node_modules/@storybook/core/dist/babel/index.cjs:134900:15)
      at Nv.raise (node_modules/@storybook/core/dist/babel/index.cjs:137217:54)
      at Nv.readWord1 (node_modules/@storybook/core/dist/babel/index.cjs:137193:18)
      at Nv.readWord (node_modules/@storybook/core/dist/babel/index.cjs:137205:20)
      at Nv.getTokenFromCode (node_modules/@storybook/core/dist/babel/index.cjs:137028:16)
      at Nv.getTokenFromCode (node_modules/@storybook/core/dist/babel/index.cjs:139696:13)
      at Nv.getTokenFromCode (node_modules/@storybook/core/dist/babel/index.cjs:141547:13)
      at Nv.nextToken (node_modules/@storybook/core/dist/babel/index.cjs:136654:12)
      at Nv.next (node_modules/@storybook/core/dist/babel/index.cjs:136586:62)
      at Nv.eat (node_modules/@storybook/core/dist/babel/index.cjs:136589:36)
      at Nv.parseObjectProperty (node_modules/@storybook/core/dist/babel/index.cjs:142655:34)
      at Nv.parseObjPropValue (node_modules/@storybook/core/dist/babel/index.cjs:142671:61)
      at Nv.parseObjPropValue (node_modules/@storybook/core/dist/babel/index.cjs:141367:49)
      at Nv.parsePropertyDefinition (node_modules/@storybook/core/dist/babel/index.cjs:142632:19)
      at Nv.parseObjectLike (node_modules/@storybook/core/dist/babel/index.cjs:142596:57)
      at Nv.parseExprAtom (node_modules/@storybook/core/dist/babel/index.cjs:142302:23)
      at Nv.parseExprAtom (node_modules/@storybook/core/dist/babel/index.cjs:139667:45)
      at Nv.parseExprSubscripts (node_modules/@storybook/core/dist/babel/index.cjs:142149:78)
      at Nv.parseUpdate (node_modules/@storybook/core/dist/babel/index.cjs:142139:45)
      at Nv.parseMaybeUnary (node_modules/@storybook/core/dist/babel/index.cjs:142124:20)
      at Nv.parseMaybeUnary (node_modules/@storybook/core/dist/babel/index.cjs:141419:93)
      at Nv.parseMaybeUnaryOrPrivate (node_modules/@storybook/core/dist/babel/index.cjs:142032:63)
      at Nv.parseExprOps (node_modules/@storybook/core/dist/babel/index.cjs:142035:78)
      at Nv.parseMaybeConditional (node_modules/@storybook/core/dist/babel/index.cjs:142020:78)
      at Nv.parseMaybeAssign (node_modules/@storybook/core/dist/babel/index.cjs:142004:20)
      at Nv.parseMaybeAssign (node_modules/@storybook/core/dist/babel/index.cjs:141392:22)
      at node_modules/@storybook/core/dist/babel/index.cjs:141986:41
      at Nv.allowInAnd (node_modules/@storybook/core/dist/babel/index.cjs:142978:14)
      at Nv.parseMaybeAssignAllowIn (node_modules/@storybook/core/dist/babel/index.cjs:141986:19)
      at Nv.parseObjectProperty (node_modules/@storybook/core/dist/babel/index.cjs:142656:81)
      at Nv.parseObjPropValue (node_modules/@storybook/core/dist/babel/index.cjs:142671:61)
      at Nv.parseObjPropValue (node_modules/@storybook/core/dist/babel/index.cjs:141367:49)
      at Nv.parsePropertyDefinition (node_modules/@storybook/core/dist/babel/index.cjs:142632:19)
      at Nv.parseObjectLike (node_modules/@storybook/core/dist/babel/index.cjs:142596:57)
      at Nv.parseExprAtom (node_modules/@storybook/core/dist/babel/index.cjs:142302:23)
      at Nv.parseExprAtom (node_modules/@storybook/core/dist/babel/index.cjs:139667:45)
      at Nv.parseExprSubscripts (node_modules/@storybook/core/dist/babel/index.cjs:142149:78)
      at Nv.parseUpdate (node_modules/@storybook/core/dist/babel/index.cjs:142139:45)
      at Nv.parseMaybeUnary (node_modules/@storybook/core/dist/babel/index.cjs:142124:20)
      at Nv.parseMaybeUnary (node_modules/@storybook/core/dist/babel/index.cjs:141419:93)
      at Nv.parseMaybeUnaryOrPrivate (node_modules/@storybook/core/dist/babel/index.cjs:142032:63)
      at Nv.parseExprOps (node_modules/@storybook/core/dist/babel/index.cjs:142035:78)
      at Nv.parseMaybeConditional (node_modules/@storybook/core/dist/babel/index.cjs:142020:78)
      at Nv.parseMaybeAssign (node_modules/@storybook/core/dist/babel/index.cjs:142004:20)
      at Nv.parseMaybeAssign (node_modules/@storybook/core/dist/babel/index.cjs:141392:22)
      at node_modules/@storybook/core/dist/babel/index.cjs:141986:41
      at Nv.allowInAnd (node_modules/@storybook/core/dist/babel/index.cjs:142978:14)
      at Nv.parseMaybeAssignAllowIn (node_modules/@storybook/core/dist/babel/index.cjs:141986:19)
      at Nv.parseObjectProperty (node_modules/@storybook/core/dist/babel/index.cjs:142656:81)
      at Nv.parseObjPropValue (node_modules/@storybook/core/dist/babel/index.cjs:142671:61)
      If you are in development, this likely indicates a problem with your Storybook process,
      check the terminal for errors.
      If you are in a deployed Storybook, there may have been an issue deploying the full Storybook
      build.
      at constructor (node_modules/@storybook/core/dist/babel/index.cjs:134900:15)
      at Nv.raise (node_modules/@storybook/core/dist/babel/index.cjs:137217:54)
      at Nv.readWord1 (node_modules/@storybook/core/dist/babel/index.cjs:137193:18)
      at Nv.readWord (node_modules/@storybook/core/dist/babel/index.cjs:137205:20)
      at Nv.getTokenFromCode (node_modules/@storybook/core/dist/babel/index.cjs:137028:16)
      at Nv.getTokenFromCode (node_modules/@storybook/core/dist/babel/index.cjs:139696:13)
      at Nv.getTokenFromCode (node_modules/@storybook/core/dist/babel/index.cjs:141547:13)
      at Nv.nextToken (node_modules/@storybook/core/dist/babel/index.cjs:136654:12)
      at Nv.next (node_modules/@storybook/core/dist/babel/index.cjs:136586:62)
      at Nv.eat (node_modules/@storybook/core/dist/babel/index.cjs:136589:36)
      at Nv.parseObjectProperty (node_modules/@storybook/core/dist/babel/index.cjs:142655:34)
      at Nv.parseObjPropValue (node_modules/@storybook/core/dist/babel/index.cjs:142671:61)
      at Nv.parseObjPropValue (node_modules/@storybook/core/dist/babel/index.cjs:141367:49)
      at Nv.parsePropertyDefinition (node_modules/@storybook/core/dist/babel/index.cjs:142632:19)
      at Nv.parseObjectLike (node_modules/@storybook/core/dist/babel/index.cjs:142596:57)
      at Nv.parseExprAtom (node_modules/@storybook/core/dist/babel/index.cjs:142302:23)
      at Nv.parseExprAtom (node_modules/@storybook/core/dist/babel/index.cjs:139667:45)
      at Nv.parseExprSubscripts (node_modules/@storybook/core/dist/babel/index.cjs:142149:78)
      at Nv.parseUpdate (node_modules/@storybook/core/dist/babel/index.cjs:142139:45)
      at Nv.parseMaybeUnary (node_modules/@storybook/core/dist/babel/index.cjs:142124:20)
      at Nv.parseMaybeUnary (node_modules/@storybook/core/dist/babel/index.cjs:141419:93)
      at Nv.parseMaybeUnaryOrPrivate (node_modules/@storybook/core/dist/babel/index.cjs:142032:63)
      at Nv.parseExprOps (node_modules/@storybook/core/dist/babel/index.cjs:142035:78)
      at Nv.parseMaybeConditional (node_modules/@storybook/core/dist/babel/index.cjs:142020:78)
      at Nv.parseMaybeAssign (node_modules/@storybook/core/dist/babel/index.cjs:142004:20)
      at Nv.parseMaybeAssign (node_modules/@storybook/core/dist/babel/index.cjs:141392:22)
      at node_modules/@storybook/core/dist/babel/index.cjs:141986:41
      at Nv.allowInAnd (node_modules/@storybook/core/dist/babel/index.cjs:142978:14)
      at Nv.parseMaybeAssignAllowIn (node_modules/@storybook/core/dist/babel/index.cjs:141986:19)
      at Nv.parseObjectProperty (node_modules/@storybook/core/dist/babel/index.cjs:142656:81)
      at Nv.parseObjPropValue (node_modules/@storybook/core/dist/babel/index.cjs:142671:61)
      at Nv.parseObjPropValue (node_modules/@storybook/core/dist/babel/index.cjs:141367:49)
      at Nv.parsePropertyDefinition (node_modules/@storybook/core/dist/babel/index.cjs:142632:19)
      at Nv.parseObjectLike (node_modules/@storybook/core/dist/babel/index.cjs:142596:57)
      at Nv.parseExprAtom (node_modules/@storybook/core/dist/babel/index.cjs:142302:23)
      at Nv.parseExprAtom (node_modules/@storybook/core/dist/babel/index.cjs:139667:45)
      at Nv.parseExprSubscripts (node_modules/@storybook/core/dist/babel/index.cjs:142149:78)
      at Nv.parseUpdate (node_modules/@storybook/core/dist/babel/index.cjs:142139:45)
      at Nv.parseMaybeUnary (node_modules/@storybook/core/dist/babel/index.cjs:142124:20)
      at Nv.parseMaybeUnary (node_modules/@storybook/core/dist/babel/index.cjs:141419:93)
      at Nv.parseMaybeUnaryOrPrivate (node_modules/@storybook/core/dist/babel/index.cjs:142032:63)
      at Nv.parseExprOps (node_modules/@storybook/core/dist/babel/index.cjs:142035:78)
      at Nv.parseMaybeConditional (node_modules/@storybook/core/dist/babel/index.cjs:142020:78)
      at Nv.parseMaybeAssign (node_modules/@storybook/core/dist/babel/index.cjs:142004:20)
      at Nv.parseMaybeAssign (node_modules/@storybook/core/dist/babel/index.cjs:141392:22)
      at node_modules/@storybook/core/dist/babel/index.cjs:141986:41
      at Nv.allowInAnd (node_modules/@storybook/core/dist/babel/index.cjs:142978:14)
      at Nv.parseMaybeAssignAllowIn (node_modules/@storybook/core/dist/babel/index.cjs:141986:19)
      at Nv.parseObjectProperty (node_modules/@storybook/core/dist/babel/index.cjs:142656:81)
      at Nv.parseObjPropValue (node_modules/@storybook/core/dist/babel/index.cjs:142671:61)
      If you are in development, this likely indicates a problem with your Storybook process,
      check the terminal for errors.
      If you are in a deployed Storybook, there may have been an issue deploying the full Storybook
      build.
      at ns2.getStoryIndexFromServer (packages/components/http:/localhost:6007/packages/components/node_modules/.cache/storybook/1c3385a5d25e538d10b518b310c74d3ca2690b6aaffeadccd74da79736171f86/sb-vite/deps/storybook_internal_preview_runtime.js?v=b3da04b4:8624:11)
      at async ns2.initializeWithProjectAnnotations (packages/components/http:/localhost:6007/packages/components/node_modules/.cache/storybook/1c3385a5d25e538d10b518b310c74d3ca2690b6aaffeadccd74da79736171f86/sb-vite/deps/storybook_internal_preview_runtime.js?v=b3da04b4:8606:15)
      at async ns2.initialize (packages/components/http:/localhost:6007/packages/components/node_modules/.cache/storybook/1c3385a5d25e538d10b518b310c74d3ca2690b6aaffeadccd74da79736171f86/sb-vite/deps/storybook_internal_preview_runtime.js?v=b3da04b4:8581:39)

  ● Components/Table › ColumnWidthControl › smoke-test

    thrown: "Exceeded timeout of 30000 ms for a test.
    Add a timeout value to this test to increase the timeout, if this is a long-running test. See https://jestjs.io/docs/api#testname-fn-timeout."



      at packages/components/src/Table/TableComponent.stories.tsx:1453:13
      at packages/components/src/Table/TableComponent.stories.tsx:1452:9
      at Object.<anonymous> (packages/components/src/Table/TableComponent.stories.tsx:128:5)

  ● Components/Table › PolymorphicAs › smoke-test

    SB_PREVIEW_API_0006 (StoryIndexFetchError): Error fetching `/index.json`:

    Unable to index ./src/Table/EnhancedTable.stories.tsx:
      SyntaxError: Expecting Unicode escape sequence \uXXXX. (1467:15)

      at constructor (node_modules/@storybook/core/dist/babel/index.cjs:134900:15)
      at Nv.raise (node_modules/@storybook/core/dist/babel/index.cjs:137217:54)
      at Nv.readWord1 (node_modules/@storybook/core/dist/babel/index.cjs:137193:18)
      at Nv.readWord (node_modules/@storybook/core/dist/babel/index.cjs:137205:20)
      at Nv.getTokenFromCode (node_modules/@storybook/core/dist/babel/index.cjs:137028:16)
      at Nv.getTokenFromCode (node_modules/@storybook/core/dist/babel/index.cjs:139696:13)
      at Nv.getTokenFromCode (node_modules/@storybook/core/dist/babel/index.cjs:141547:13)
      at Nv.nextToken (node_modules/@storybook/core/dist/babel/index.cjs:136654:12)
      at Nv.next (node_modules/@storybook/core/dist/babel/index.cjs:136586:62)
      at Nv.eat (node_modules/@storybook/core/dist/babel/index.cjs:136589:36)
      at Nv.parseObjectProperty (node_modules/@storybook/core/dist/babel/index.cjs:142655:34)
      at Nv.parseObjPropValue (node_modules/@storybook/core/dist/babel/index.cjs:142671:61)
      at Nv.parseObjPropValue (node_modules/@storybook/core/dist/babel/index.cjs:141367:49)
      at Nv.parsePropertyDefinition (node_modules/@storybook/core/dist/babel/index.cjs:142632:19)
      at Nv.parseObjectLike (node_modules/@storybook/core/dist/babel/index.cjs:142596:57)
      at Nv.parseExprAtom (node_modules/@storybook/core/dist/babel/index.cjs:142302:23)
      at Nv.parseExprAtom (node_modules/@storybook/core/dist/babel/index.cjs:139667:45)
      at Nv.parseExprSubscripts (node_modules/@storybook/core/dist/babel/index.cjs:142149:78)
      at Nv.parseUpdate (node_modules/@storybook/core/dist/babel/index.cjs:142139:45)
      at Nv.parseMaybeUnary (node_modules/@storybook/core/dist/babel/index.cjs:142124:20)
      at Nv.parseMaybeUnary (node_modules/@storybook/core/dist/babel/index.cjs:141419:93)
      at Nv.parseMaybeUnaryOrPrivate (node_modules/@storybook/core/dist/babel/index.cjs:142032:63)
      at Nv.parseExprOps (node_modules/@storybook/core/dist/babel/index.cjs:142035:78)
      at Nv.parseMaybeConditional (node_modules/@storybook/core/dist/babel/index.cjs:142020:78)
      at Nv.parseMaybeAssign (node_modules/@storybook/core/dist/babel/index.cjs:142004:20)
      at Nv.parseMaybeAssign (node_modules/@storybook/core/dist/babel/index.cjs:141392:22)
      at node_modules/@storybook/core/dist/babel/index.cjs:141986:41
      at Nv.allowInAnd (node_modules/@storybook/core/dist/babel/index.cjs:142978:14)
      at Nv.parseMaybeAssignAllowIn (node_modules/@storybook/core/dist/babel/index.cjs:141986:19)
      at Nv.parseObjectProperty (node_modules/@storybook/core/dist/babel/index.cjs:142656:81)
      at Nv.parseObjPropValue (node_modules/@storybook/core/dist/babel/index.cjs:142671:61)
      at Nv.parseObjPropValue (node_modules/@storybook/core/dist/babel/index.cjs:141367:49)
      at Nv.parsePropertyDefinition (node_modules/@storybook/core/dist/babel/index.cjs:142632:19)
      at Nv.parseObjectLike (node_modules/@storybook/core/dist/babel/index.cjs:142596:57)
      at Nv.parseExprAtom (node_modules/@storybook/core/dist/babel/index.cjs:142302:23)
      at Nv.parseExprAtom (node_modules/@storybook/core/dist/babel/index.cjs:139667:45)
      at Nv.parseExprSubscripts (node_modules/@storybook/core/dist/babel/index.cjs:142149:78)
      at Nv.parseUpdate (node_modules/@storybook/core/dist/babel/index.cjs:142139:45)
      at Nv.parseMaybeUnary (node_modules/@storybook/core/dist/babel/index.cjs:142124:20)
      at Nv.parseMaybeUnary (node_modules/@storybook/core/dist/babel/index.cjs:141419:93)
      at Nv.parseMaybeUnaryOrPrivate (node_modules/@storybook/core/dist/babel/index.cjs:142032:63)
      at Nv.parseExprOps (node_modules/@storybook/core/dist/babel/index.cjs:142035:78)
      at Nv.parseMaybeConditional (node_modules/@storybook/core/dist/babel/index.cjs:142020:78)
      at Nv.parseMaybeAssign (node_modules/@storybook/core/dist/babel/index.cjs:142004:20)
      at Nv.parseMaybeAssign (node_modules/@storybook/core/dist/babel/index.cjs:141392:22)
      at node_modules/@storybook/core/dist/babel/index.cjs:141986:41
      at Nv.allowInAnd (node_modules/@storybook/core/dist/babel/index.cjs:142978:14)
      at Nv.parseMaybeAssignAllowIn (node_modules/@storybook/core/dist/babel/index.cjs:141986:19)
      at Nv.parseObjectProperty (node_modules/@storybook/core/dist/babel/index.cjs:142656:81)
      at Nv.parseObjPropValue (node_modules/@storybook/core/dist/babel/index.cjs:142671:61)
      If you are in development, this likely indicates a problem with your Storybook process,
      check the terminal for errors.
      If you are in a deployed Storybook, there may have been an issue deploying the full Storybook
      build.
      at constructor (node_modules/@storybook/core/dist/babel/index.cjs:134900:15)
      at Nv.raise (node_modules/@storybook/core/dist/babel/index.cjs:137217:54)
      at Nv.readWord1 (node_modules/@storybook/core/dist/babel/index.cjs:137193:18)
      at Nv.readWord (node_modules/@storybook/core/dist/babel/index.cjs:137205:20)
      at Nv.getTokenFromCode (node_modules/@storybook/core/dist/babel/index.cjs:137028:16)
      at Nv.getTokenFromCode (node_modules/@storybook/core/dist/babel/index.cjs:139696:13)
      at Nv.getTokenFromCode (node_modules/@storybook/core/dist/babel/index.cjs:141547:13)
      at Nv.nextToken (node_modules/@storybook/core/dist/babel/index.cjs:136654:12)
      at Nv.next (node_modules/@storybook/core/dist/babel/index.cjs:136586:62)
      at Nv.eat (node_modules/@storybook/core/dist/babel/index.cjs:136589:36)
      at Nv.parseObjectProperty (node_modules/@storybook/core/dist/babel/index.cjs:142655:34)
      at Nv.parseObjPropValue (node_modules/@storybook/core/dist/babel/index.cjs:142671:61)
      at Nv.parseObjPropValue (node_modules/@storybook/core/dist/babel/index.cjs:141367:49)
      at Nv.parsePropertyDefinition (node_modules/@storybook/core/dist/babel/index.cjs:142632:19)
      at Nv.parseObjectLike (node_modules/@storybook/core/dist/babel/index.cjs:142596:57)
      at Nv.parseExprAtom (node_modules/@storybook/core/dist/babel/index.cjs:142302:23)
      at Nv.parseExprAtom (node_modules/@storybook/core/dist/babel/index.cjs:139667:45)
      at Nv.parseExprSubscripts (node_modules/@storybook/core/dist/babel/index.cjs:142149:78)
      at Nv.parseUpdate (node_modules/@storybook/core/dist/babel/index.cjs:142139:45)
      at Nv.parseMaybeUnary (node_modules/@storybook/core/dist/babel/index.cjs:142124:20)
      at Nv.parseMaybeUnary (node_modules/@storybook/core/dist/babel/index.cjs:141419:93)
      at Nv.parseMaybeUnaryOrPrivate (node_modules/@storybook/core/dist/babel/index.cjs:142032:63)
      at Nv.parseExprOps (node_modules/@storybook/core/dist/babel/index.cjs:142035:78)
      at Nv.parseMaybeConditional (node_modules/@storybook/core/dist/babel/index.cjs:142020:78)
      at Nv.parseMaybeAssign (node_modules/@storybook/core/dist/babel/index.cjs:142004:20)
      at Nv.parseMaybeAssign (node_modules/@storybook/core/dist/babel/index.cjs:141392:22)
      at node_modules/@storybook/core/dist/babel/index.cjs:141986:41
      at Nv.allowInAnd (node_modules/@storybook/core/dist/babel/index.cjs:142978:14)
      at Nv.parseMaybeAssignAllowIn (node_modules/@storybook/core/dist/babel/index.cjs:141986:19)
      at Nv.parseObjectProperty (node_modules/@storybook/core/dist/babel/index.cjs:142656:81)
      at Nv.parseObjPropValue (node_modules/@storybook/core/dist/babel/index.cjs:142671:61)
      at Nv.parseObjPropValue (node_modules/@storybook/core/dist/babel/index.cjs:141367:49)
      at Nv.parsePropertyDefinition (node_modules/@storybook/core/dist/babel/index.cjs:142632:19)
      at Nv.parseObjectLike (node_modules/@storybook/core/dist/babel/index.cjs:142596:57)
      at Nv.parseExprAtom (node_modules/@storybook/core/dist/babel/index.cjs:142302:23)
      at Nv.parseExprAtom (node_modules/@storybook/core/dist/babel/index.cjs:139667:45)
      at Nv.parseExprSubscripts (node_modules/@storybook/core/dist/babel/index.cjs:142149:78)
      at Nv.parseUpdate (node_modules/@storybook/core/dist/babel/index.cjs:142139:45)
      at Nv.parseMaybeUnary (node_modules/@storybook/core/dist/babel/index.cjs:142124:20)
      at Nv.parseMaybeUnary (node_modules/@storybook/core/dist/babel/index.cjs:141419:93)
      at Nv.parseMaybeUnaryOrPrivate (node_modules/@storybook/core/dist/babel/index.cjs:142032:63)
      at Nv.parseExprOps (node_modules/@storybook/core/dist/babel/index.cjs:142035:78)
      at Nv.parseMaybeConditional (node_modules/@storybook/core/dist/babel/index.cjs:142020:78)
      at Nv.parseMaybeAssign (node_modules/@storybook/core/dist/babel/index.cjs:142004:20)
      at Nv.parseMaybeAssign (node_modules/@storybook/core/dist/babel/index.cjs:141392:22)
      at node_modules/@storybook/core/dist/babel/index.cjs:141986:41
      at Nv.allowInAnd (node_modules/@storybook/core/dist/babel/index.cjs:142978:14)
      at Nv.parseMaybeAssignAllowIn (node_modules/@storybook/core/dist/babel/index.cjs:141986:19)
      at Nv.parseObjectProperty (node_modules/@storybook/core/dist/babel/index.cjs:142656:81)
      at Nv.parseObjPropValue (node_modules/@storybook/core/dist/babel/index.cjs:142671:61)
      If you are in development, this likely indicates a problem with your Storybook process,
      check the terminal for errors.
      If you are in a deployed Storybook, there may have been an issue deploying the full Storybook
      build.
      at ns2.getStoryIndexFromServer (packages/components/http:/localhost:6007/packages/components/node_modules/.cache/storybook/1c3385a5d25e538d10b518b310c74d3ca2690b6aaffeadccd74da79736171f86/sb-vite/deps/storybook_internal_preview_runtime.js?v=b3da04b4:8624:11)
      at async ns2.initializeWithProjectAnnotations (packages/components/http:/localhost:6007/packages/components/node_modules/.cache/storybook/1c3385a5d25e538d10b518b310c74d3ca2690b6aaffeadccd74da79736171f86/sb-vite/deps/storybook_internal_preview_runtime.js?v=b3da04b4:8606:15)
      at async ns2.initialize (packages/components/http:/localhost:6007/packages/components/node_modules/.cache/storybook/1c3385a5d25e538d10b518b310c74d3ca2690b6aaffeadccd74da79736171f86/sb-vite/deps/storybook_internal_preview_runtime.js?v=b3da04b4:8581:39)

  ● Components/Table › PolymorphicAs › smoke-test

    thrown: "Exceeded timeout of 30000 ms for a test.
    Add a timeout value to this test to increase the timeout, if this is a long-running test. See https://jestjs.io/docs/api#testname-fn-timeout."



      at packages/components/src/Table/TableComponent.stories.tsx:1600:13
      at packages/components/src/Table/TableComponent.stories.tsx:1599:9
      at Object.<anonymous> (packages/components/src/Table/TableComponent.stories.tsx:128:5)

FAIL browser: chromium src/SideNavigation/SideNavigation.stories.tsx (363.666 s)
  Components/SideNavigation
    Default
      ✕ smoke-test (30005 ms)
    WithNotifications
      ✕ smoke-test (30001 ms)
    WithoutUser
      ✕ smoke-test (2278 ms)
    WithClickHandlers
      ✕ smoke-test (29976 ms)
    MultipleGroups
      ✕ smoke-test (29997 ms)
    WithActiveState
      ✕ smoke-test (30000 ms)
    PinnedState
      ✕ smoke-test (30001 ms)
    WithAvatarImage
      ✕ smoke-test (30002 ms)
    WithManyItems
      ✕ smoke-test (30002 ms)
    CompleteExample
      ✕ smoke-test (30002 ms)
    WithNestedMenus
      ✕ smoke-test (30000 ms)
    CustomLogo
      ✕ smoke-test (30003 ms)
    TextTruncation
      ✕ smoke-test (30002 ms)

  ● Components/SideNavigation › Default › smoke-test

    SB_PREVIEW_API_0006 (StoryIndexFetchError): Error fetching `/index.json`:

    Unable to index ./src/Table/EnhancedTable.stories.tsx:
      SyntaxError: Expecting Unicode escape sequence \uXXXX. (1467:15)

      at constructor (node_modules/@storybook/core/dist/babel/index.cjs:134900:15)
      at Nv.raise (node_modules/@storybook/core/dist/babel/index.cjs:137217:54)
      at Nv.readWord1 (node_modules/@storybook/core/dist/babel/index.cjs:137193:18)
      at Nv.readWord (node_modules/@storybook/core/dist/babel/index.cjs:137205:20)
      at Nv.getTokenFromCode (node_modules/@storybook/core/dist/babel/index.cjs:137028:16)
      at Nv.getTokenFromCode (node_modules/@storybook/core/dist/babel/index.cjs:139696:13)
      at Nv.getTokenFromCode (node_modules/@storybook/core/dist/babel/index.cjs:141547:13)
      at Nv.nextToken (node_modules/@storybook/core/dist/babel/index.cjs:136654:12)
      at Nv.next (node_modules/@storybook/core/dist/babel/index.cjs:136586:62)
      at Nv.eat (node_modules/@storybook/core/dist/babel/index.cjs:136589:36)
      at Nv.parseObjectProperty (node_modules/@storybook/core/dist/babel/index.cjs:142655:34)
      at Nv.parseObjPropValue (node_modules/@storybook/core/dist/babel/index.cjs:142671:61)
      at Nv.parseObjPropValue (node_modules/@storybook/core/dist/babel/index.cjs:141367:49)
      at Nv.parsePropertyDefinition (node_modules/@storybook/core/dist/babel/index.cjs:142632:19)
      at Nv.parseObjectLike (node_modules/@storybook/core/dist/babel/index.cjs:142596:57)
      at Nv.parseExprAtom (node_modules/@storybook/core/dist/babel/index.cjs:142302:23)
      at Nv.parseExprAtom (node_modules/@storybook/core/dist/babel/index.cjs:139667:45)
      at Nv.parseExprSubscripts (node_modules/@storybook/core/dist/babel/index.cjs:142149:78)
      at Nv.parseUpdate (node_modules/@storybook/core/dist/babel/index.cjs:142139:45)
      at Nv.parseMaybeUnary (node_modules/@storybook/core/dist/babel/index.cjs:142124:20)
      at Nv.parseMaybeUnary (node_modules/@storybook/core/dist/babel/index.cjs:141419:93)
      at Nv.parseMaybeUnaryOrPrivate (node_modules/@storybook/core/dist/babel/index.cjs:142032:63)
      at Nv.parseExprOps (node_modules/@storybook/core/dist/babel/index.cjs:142035:78)
      at Nv.parseMaybeConditional (node_modules/@storybook/core/dist/babel/index.cjs:142020:78)
      at Nv.parseMaybeAssign (node_modules/@storybook/core/dist/babel/index.cjs:142004:20)
      at Nv.parseMaybeAssign (node_modules/@storybook/core/dist/babel/index.cjs:141392:22)
      at node_modules/@storybook/core/dist/babel/index.cjs:141986:41
      at Nv.allowInAnd (node_modules/@storybook/core/dist/babel/index.cjs:142978:14)
      at Nv.parseMaybeAssignAllowIn (node_modules/@storybook/core/dist/babel/index.cjs:141986:19)
      at Nv.parseObjectProperty (node_modules/@storybook/core/dist/babel/index.cjs:142656:81)
      at Nv.parseObjPropValue (node_modules/@storybook/core/dist/babel/index.cjs:142671:61)
      at Nv.parseObjPropValue (node_modules/@storybook/core/dist/babel/index.cjs:141367:49)
      at Nv.parsePropertyDefinition (node_modules/@storybook/core/dist/babel/index.cjs:142632:19)
      at Nv.parseObjectLike (node_modules/@storybook/core/dist/babel/index.cjs:142596:57)
      at Nv.parseExprAtom (node_modules/@storybook/core/dist/babel/index.cjs:142302:23)
      at Nv.parseExprAtom (node_modules/@storybook/core/dist/babel/index.cjs:139667:45)
      at Nv.parseExprSubscripts (node_modules/@storybook/core/dist/babel/index.cjs:142149:78)
      at Nv.parseUpdate (node_modules/@storybook/core/dist/babel/index.cjs:142139:45)
      at Nv.parseMaybeUnary (node_modules/@storybook/core/dist/babel/index.cjs:142124:20)
      at Nv.parseMaybeUnary (node_modules/@storybook/core/dist/babel/index.cjs:141419:93)
      at Nv.parseMaybeUnaryOrPrivate (node_modules/@storybook/core/dist/babel/index.cjs:142032:63)
      at Nv.parseExprOps (node_modules/@storybook/core/dist/babel/index.cjs:142035:78)
      at Nv.parseMaybeConditional (node_modules/@storybook/core/dist/babel/index.cjs:142020:78)
      at Nv.parseMaybeAssign (node_modules/@storybook/core/dist/babel/index.cjs:142004:20)
      at Nv.parseMaybeAssign (node_modules/@storybook/core/dist/babel/index.cjs:141392:22)
      at node_modules/@storybook/core/dist/babel/index.cjs:141986:41
      at Nv.allowInAnd (node_modules/@storybook/core/dist/babel/index.cjs:142978:14)
      at Nv.parseMaybeAssignAllowIn (node_modules/@storybook/core/dist/babel/index.cjs:141986:19)
      at Nv.parseObjectProperty (node_modules/@storybook/core/dist/babel/index.cjs:142656:81)
      at Nv.parseObjPropValue (node_modules/@storybook/core/dist/babel/index.cjs:142671:61)
      If you are in development, this likely indicates a problem with your Storybook process,
      check the terminal for errors.
      If you are in a deployed Storybook, there may have been an issue deploying the full Storybook
      build.
      at constructor (node_modules/@storybook/core/dist/babel/index.cjs:134900:15)
      at Nv.raise (node_modules/@storybook/core/dist/babel/index.cjs:137217:54)
      at Nv.readWord1 (node_modules/@storybook/core/dist/babel/index.cjs:137193:18)
      at Nv.readWord (node_modules/@storybook/core/dist/babel/index.cjs:137205:20)
      at Nv.getTokenFromCode (node_modules/@storybook/core/dist/babel/index.cjs:137028:16)
      at Nv.getTokenFromCode (node_modules/@storybook/core/dist/babel/index.cjs:139696:13)
      at Nv.getTokenFromCode (node_modules/@storybook/core/dist/babel/index.cjs:141547:13)
      at Nv.nextToken (node_modules/@storybook/core/dist/babel/index.cjs:136654:12)
      at Nv.next (node_modules/@storybook/core/dist/babel/index.cjs:136586:62)
      at Nv.eat (node_modules/@storybook/core/dist/babel/index.cjs:136589:36)
      at Nv.parseObjectProperty (node_modules/@storybook/core/dist/babel/index.cjs:142655:34)
      at Nv.parseObjPropValue (node_modules/@storybook/core/dist/babel/index.cjs:142671:61)
      at Nv.parseObjPropValue (node_modules/@storybook/core/dist/babel/index.cjs:141367:49)
      at Nv.parsePropertyDefinition (node_modules/@storybook/core/dist/babel/index.cjs:142632:19)
      at Nv.parseObjectLike (node_modules/@storybook/core/dist/babel/index.cjs:142596:57)
      at Nv.parseExprAtom (node_modules/@storybook/core/dist/babel/index.cjs:142302:23)
      at Nv.parseExprAtom (node_modules/@storybook/core/dist/babel/index.cjs:139667:45)
      at Nv.parseExprSubscripts (node_modules/@storybook/core/dist/babel/index.cjs:142149:78)
      at Nv.parseUpdate (node_modules/@storybook/core/dist/babel/index.cjs:142139:45)
      at Nv.parseMaybeUnary (node_modules/@storybook/core/dist/babel/index.cjs:142124:20)
      at Nv.parseMaybeUnary (node_modules/@storybook/core/dist/babel/index.cjs:141419:93)
      at Nv.parseMaybeUnaryOrPrivate (node_modules/@storybook/core/dist/babel/index.cjs:142032:63)
      at Nv.parseExprOps (node_modules/@storybook/core/dist/babel/index.cjs:142035:78)
      at Nv.parseMaybeConditional (node_modules/@storybook/core/dist/babel/index.cjs:142020:78)
      at Nv.parseMaybeAssign (node_modules/@storybook/core/dist/babel/index.cjs:142004:20)
      at Nv.parseMaybeAssign (node_modules/@storybook/core/dist/babel/index.cjs:141392:22)
      at node_modules/@storybook/core/dist/babel/index.cjs:141986:41
      at Nv.allowInAnd (node_modules/@storybook/core/dist/babel/index.cjs:142978:14)
      at Nv.parseMaybeAssignAllowIn (node_modules/@storybook/core/dist/babel/index.cjs:141986:19)
      at Nv.parseObjectProperty (node_modules/@storybook/core/dist/babel/index.cjs:142656:81)
      at Nv.parseObjPropValue (node_modules/@storybook/core/dist/babel/index.cjs:142671:61)
      at Nv.parseObjPropValue (node_modules/@storybook/core/dist/babel/index.cjs:141367:49)
      at Nv.parsePropertyDefinition (node_modules/@storybook/core/dist/babel/index.cjs:142632:19)
      at Nv.parseObjectLike (node_modules/@storybook/core/dist/babel/index.cjs:142596:57)
      at Nv.parseExprAtom (node_modules/@storybook/core/dist/babel/index.cjs:142302:23)
      at Nv.parseExprAtom (node_modules/@storybook/core/dist/babel/index.cjs:139667:45)
      at Nv.parseExprSubscripts (node_modules/@storybook/core/dist/babel/index.cjs:142149:78)
      at Nv.parseUpdate (node_modules/@storybook/core/dist/babel/index.cjs:142139:45)
      at Nv.parseMaybeUnary (node_modules/@storybook/core/dist/babel/index.cjs:142124:20)
      at Nv.parseMaybeUnary (node_modules/@storybook/core/dist/babel/index.cjs:141419:93)
      at Nv.parseMaybeUnaryOrPrivate (node_modules/@storybook/core/dist/babel/index.cjs:142032:63)
      at Nv.parseExprOps (node_modules/@storybook/core/dist/babel/index.cjs:142035:78)
      at Nv.parseMaybeConditional (node_modules/@storybook/core/dist/babel/index.cjs:142020:78)
      at Nv.parseMaybeAssign (node_modules/@storybook/core/dist/babel/index.cjs:142004:20)
      at Nv.parseMaybeAssign (node_modules/@storybook/core/dist/babel/index.cjs:141392:22)
      at node_modules/@storybook/core/dist/babel/index.cjs:141986:41
      at Nv.allowInAnd (node_modules/@storybook/core/dist/babel/index.cjs:142978:14)
      at Nv.parseMaybeAssignAllowIn (node_modules/@storybook/core/dist/babel/index.cjs:141986:19)
      at Nv.parseObjectProperty (node_modules/@storybook/core/dist/babel/index.cjs:142656:81)
      at Nv.parseObjPropValue (node_modules/@storybook/core/dist/babel/index.cjs:142671:61)
      If you are in development, this likely indicates a problem with your Storybook process,
      check the terminal for errors.
      If you are in a deployed Storybook, there may have been an issue deploying the full Storybook
      build.
      at ns2.getStoryIndexFromServer (packages/components/http:/localhost:6007/packages/components/node_modules/.cache/storybook/1c3385a5d25e538d10b518b310c74d3ca2690b6aaffeadccd74da79736171f86/sb-vite/deps/storybook_internal_preview_runtime.js?v=b3da04b4:8624:11)
      at async ns2.initializeWithProjectAnnotations (packages/components/http:/localhost:6007/packages/components/node_modules/.cache/storybook/1c3385a5d25e538d10b518b310c74d3ca2690b6aaffeadccd74da79736171f86/sb-vite/deps/storybook_internal_preview_runtime.js?v=b3da04b4:8606:15)
      at async ns2.initialize (packages/components/http:/localhost:6007/packages/components/node_modules/.cache/storybook/1c3385a5d25e538d10b518b310c74d3ca2690b6aaffeadccd74da79736171f86/sb-vite/deps/storybook_internal_preview_runtime.js?v=b3da04b4:8581:39)

  ● Components/SideNavigation › Default › smoke-test

    SB_PREVIEW_API_0006 (StoryIndexFetchError): Error fetching `/index.json`:

    Unable to index ./src/Table/EnhancedTable.stories.tsx:
      SyntaxError: Expecting Unicode escape sequence \uXXXX. (1467:15)

      at constructor (node_modules/@storybook/core/dist/babel/index.cjs:134900:15)
      at Nv.raise (node_modules/@storybook/core/dist/babel/index.cjs:137217:54)
      at Nv.readWord1 (node_modules/@storybook/core/dist/babel/index.cjs:137193:18)
      at Nv.readWord (node_modules/@storybook/core/dist/babel/index.cjs:137205:20)
      at Nv.getTokenFromCode (node_modules/@storybook/core/dist/babel/index.cjs:137028:16)
      at Nv.getTokenFromCode (node_modules/@storybook/core/dist/babel/index.cjs:139696:13)
      at Nv.getTokenFromCode (node_modules/@storybook/core/dist/babel/index.cjs:141547:13)
      at Nv.nextToken (node_modules/@storybook/core/dist/babel/index.cjs:136654:12)
      at Nv.next (node_modules/@storybook/core/dist/babel/index.cjs:136586:62)
      at Nv.eat (node_modules/@storybook/core/dist/babel/index.cjs:136589:36)
      at Nv.parseObjectProperty (node_modules/@storybook/core/dist/babel/index.cjs:142655:34)
      at Nv.parseObjPropValue (node_modules/@storybook/core/dist/babel/index.cjs:142671:61)
      at Nv.parseObjPropValue (node_modules/@storybook/core/dist/babel/index.cjs:141367:49)
      at Nv.parsePropertyDefinition (node_modules/@storybook/core/dist/babel/index.cjs:142632:19)
      at Nv.parseObjectLike (node_modules/@storybook/core/dist/babel/index.cjs:142596:57)
      at Nv.parseExprAtom (node_modules/@storybook/core/dist/babel/index.cjs:142302:23)
      at Nv.parseExprAtom (node_modules/@storybook/core/dist/babel/index.cjs:139667:45)
      at Nv.parseExprSubscripts (node_modules/@storybook/core/dist/babel/index.cjs:142149:78)
      at Nv.parseUpdate (node_modules/@storybook/core/dist/babel/index.cjs:142139:45)
      at Nv.parseMaybeUnary (node_modules/@storybook/core/dist/babel/index.cjs:142124:20)
      at Nv.parseMaybeUnary (node_modules/@storybook/core/dist/babel/index.cjs:141419:93)
      at Nv.parseMaybeUnaryOrPrivate (node_modules/@storybook/core/dist/babel/index.cjs:142032:63)
      at Nv.parseExprOps (node_modules/@storybook/core/dist/babel/index.cjs:142035:78)
      at Nv.parseMaybeConditional (node_modules/@storybook/core/dist/babel/index.cjs:142020:78)
      at Nv.parseMaybeAssign (node_modules/@storybook/core/dist/babel/index.cjs:142004:20)
      at Nv.parseMaybeAssign (node_modules/@storybook/core/dist/babel/index.cjs:141392:22)
      at node_modules/@storybook/core/dist/babel/index.cjs:141986:41
      at Nv.allowInAnd (node_modules/@storybook/core/dist/babel/index.cjs:142978:14)
      at Nv.parseMaybeAssignAllowIn (node_modules/@storybook/core/dist/babel/index.cjs:141986:19)
      at Nv.parseObjectProperty (node_modules/@storybook/core/dist/babel/index.cjs:142656:81)
      at Nv.parseObjPropValue (node_modules/@storybook/core/dist/babel/index.cjs:142671:61)
      at Nv.parseObjPropValue (node_modules/@storybook/core/dist/babel/index.cjs:141367:49)
      at Nv.parsePropertyDefinition (node_modules/@storybook/core/dist/babel/index.cjs:142632:19)
      at Nv.parseObjectLike (node_modules/@storybook/core/dist/babel/index.cjs:142596:57)
      at Nv.parseExprAtom (node_modules/@storybook/core/dist/babel/index.cjs:142302:23)
      at Nv.parseExprAtom (node_modules/@storybook/core/dist/babel/index.cjs:139667:45)
      at Nv.parseExprSubscripts (node_modules/@storybook/core/dist/babel/index.cjs:142149:78)
      at Nv.parseUpdate (node_modules/@storybook/core/dist/babel/index.cjs:142139:45)
      at Nv.parseMaybeUnary (node_modules/@storybook/core/dist/babel/index.cjs:142124:20)
      at Nv.parseMaybeUnary (node_modules/@storybook/core/dist/babel/index.cjs:141419:93)
      at Nv.parseMaybeUnaryOrPrivate (node_modules/@storybook/core/dist/babel/index.cjs:142032:63)
      at Nv.parseExprOps (node_modules/@storybook/core/dist/babel/index.cjs:142035:78)
      at Nv.parseMaybeConditional (node_modules/@storybook/core/dist/babel/index.cjs:142020:78)
      at Nv.parseMaybeAssign (node_modules/@storybook/core/dist/babel/index.cjs:142004:20)
      at Nv.parseMaybeAssign (node_modules/@storybook/core/dist/babel/index.cjs:141392:22)
      at node_modules/@storybook/core/dist/babel/index.cjs:141986:41
      at Nv.allowInAnd (node_modules/@storybook/core/dist/babel/index.cjs:142978:14)
      at Nv.parseMaybeAssignAllowIn (node_modules/@storybook/core/dist/babel/index.cjs:141986:19)
      at Nv.parseObjectProperty (node_modules/@storybook/core/dist/babel/index.cjs:142656:81)
      at Nv.parseObjPropValue (node_modules/@storybook/core/dist/babel/index.cjs:142671:61)
      If you are in development, this likely indicates a problem with your Storybook process,
      check the terminal for errors.
      If you are in a deployed Storybook, there may have been an issue deploying the full Storybook
      build.
      at constructor (node_modules/@storybook/core/dist/babel/index.cjs:134900:15)
      at Nv.raise (node_modules/@storybook/core/dist/babel/index.cjs:137217:54)
      at Nv.readWord1 (node_modules/@storybook/core/dist/babel/index.cjs:137193:18)
      at Nv.readWord (node_modules/@storybook/core/dist/babel/index.cjs:137205:20)
      at Nv.getTokenFromCode (node_modules/@storybook/core/dist/babel/index.cjs:137028:16)
      at Nv.getTokenFromCode (node_modules/@storybook/core/dist/babel/index.cjs:139696:13)
      at Nv.getTokenFromCode (node_modules/@storybook/core/dist/babel/index.cjs:141547:13)
      at Nv.nextToken (node_modules/@storybook/core/dist/babel/index.cjs:136654:12)
      at Nv.next (node_modules/@storybook/core/dist/babel/index.cjs:136586:62)
      at Nv.eat (node_modules/@storybook/core/dist/babel/index.cjs:136589:36)
      at Nv.parseObjectProperty (node_modules/@storybook/core/dist/babel/index.cjs:142655:34)
      at Nv.parseObjPropValue (node_modules/@storybook/core/dist/babel/index.cjs:142671:61)
      at Nv.parseObjPropValue (node_modules/@storybook/core/dist/babel/index.cjs:141367:49)
      at Nv.parsePropertyDefinition (node_modules/@storybook/core/dist/babel/index.cjs:142632:19)
      at Nv.parseObjectLike (node_modules/@storybook/core/dist/babel/index.cjs:142596:57)
      at Nv.parseExprAtom (node_modules/@storybook/core/dist/babel/index.cjs:142302:23)
      at Nv.parseExprAtom (node_modules/@storybook/core/dist/babel/index.cjs:139667:45)
      at Nv.parseExprSubscripts (node_modules/@storybook/core/dist/babel/index.cjs:142149:78)
      at Nv.parseUpdate (node_modules/@storybook/core/dist/babel/index.cjs:142139:45)
      at Nv.parseMaybeUnary (node_modules/@storybook/core/dist/babel/index.cjs:142124:20)
      at Nv.parseMaybeUnary (node_modules/@storybook/core/dist/babel/index.cjs:141419:93)
      at Nv.parseMaybeUnaryOrPrivate (node_modules/@storybook/core/dist/babel/index.cjs:142032:63)
      at Nv.parseExprOps (node_modules/@storybook/core/dist/babel/index.cjs:142035:78)
      at Nv.parseMaybeConditional (node_modules/@storybook/core/dist/babel/index.cjs:142020:78)
      at Nv.parseMaybeAssign (node_modules/@storybook/core/dist/babel/index.cjs:142004:20)
      at Nv.parseMaybeAssign (node_modules/@storybook/core/dist/babel/index.cjs:141392:22)
      at node_modules/@storybook/core/dist/babel/index.cjs:141986:41
      at Nv.allowInAnd (node_modules/@storybook/core/dist/babel/index.cjs:142978:14)
      at Nv.parseMaybeAssignAllowIn (node_modules/@storybook/core/dist/babel/index.cjs:141986:19)
      at Nv.parseObjectProperty (node_modules/@storybook/core/dist/babel/index.cjs:142656:81)
      at Nv.parseObjPropValue (node_modules/@storybook/core/dist/babel/index.cjs:142671:61)
      at Nv.parseObjPropValue (node_modules/@storybook/core/dist/babel/index.cjs:141367:49)
      at Nv.parsePropertyDefinition (node_modules/@storybook/core/dist/babel/index.cjs:142632:19)
      at Nv.parseObjectLike (node_modules/@storybook/core/dist/babel/index.cjs:142596:57)
      at Nv.parseExprAtom (node_modules/@storybook/core/dist/babel/index.cjs:142302:23)
      at Nv.parseExprAtom (node_modules/@storybook/core/dist/babel/index.cjs:139667:45)
      at Nv.parseExprSubscripts (node_modules/@storybook/core/dist/babel/index.cjs:142149:78)
      at Nv.parseUpdate (node_modules/@storybook/core/dist/babel/index.cjs:142139:45)
      at Nv.parseMaybeUnary (node_modules/@storybook/core/dist/babel/index.cjs:142124:20)
      at Nv.parseMaybeUnary (node_modules/@storybook/core/dist/babel/index.cjs:141419:93)
      at Nv.parseMaybeUnaryOrPrivate (node_modules/@storybook/core/dist/babel/index.cjs:142032:63)
      at Nv.parseExprOps (node_modules/@storybook/core/dist/babel/index.cjs:142035:78)
      at Nv.parseMaybeConditional (node_modules/@storybook/core/dist/babel/index.cjs:142020:78)
      at Nv.parseMaybeAssign (node_modules/@storybook/core/dist/babel/index.cjs:142004:20)
      at Nv.parseMaybeAssign (node_modules/@storybook/core/dist/babel/index.cjs:141392:22)
      at node_modules/@storybook/core/dist/babel/index.cjs:141986:41
      at Nv.allowInAnd (node_modules/@storybook/core/dist/babel/index.cjs:142978:14)
      at Nv.parseMaybeAssignAllowIn (node_modules/@storybook/core/dist/babel/index.cjs:141986:19)
      at Nv.parseObjectProperty (node_modules/@storybook/core/dist/babel/index.cjs:142656:81)
      at Nv.parseObjPropValue (node_modules/@storybook/core/dist/babel/index.cjs:142671:61)
      If you are in development, this likely indicates a problem with your Storybook process,
      check the terminal for errors.
      If you are in a deployed Storybook, there may have been an issue deploying the full Storybook
      build.
      at ns2.getStoryIndexFromServer (packages/components/http:/localhost:6007/packages/components/node_modules/.cache/storybook/1c3385a5d25e538d10b518b310c74d3ca2690b6aaffeadccd74da79736171f86/sb-vite/deps/storybook_internal_preview_runtime.js?v=b3da04b4:8624:11)
      at async ns2.initializeWithProjectAnnotations (packages/components/http:/localhost:6007/packages/components/node_modules/.cache/storybook/1c3385a5d25e538d10b518b310c74d3ca2690b6aaffeadccd74da79736171f86/sb-vite/deps/storybook_internal_preview_runtime.js?v=b3da04b4:8606:15)
      at async ns2.initialize (packages/components/http:/localhost:6007/packages/components/node_modules/.cache/storybook/1c3385a5d25e538d10b518b310c74d3ca2690b6aaffeadccd74da79736171f86/sb-vite/deps/storybook_internal_preview_runtime.js?v=b3da04b4:8581:39)

  ● Components/SideNavigation › Default › smoke-test

    thrown: "Exceeded timeout of 30000 ms for a test.
    Add a timeout value to this test to increase the timeout, if this is a long-running test. See https://jestjs.io/docs/api#testname-fn-timeout."

      128 | ];
      129 | \`\`\``,
    > 130 |       },
          |         ^
      131 |     },
      132 |   },
      133 |   tags: ['autodocs'],

      at packages/components/src/SideNavigation/SideNavigation.stories.tsx:130:13
      at packages/components/src/SideNavigation/SideNavigation.stories.tsx:129:9
      at Object.<anonymous> (packages/components/src/SideNavigation/SideNavigation.stories.tsx:128:5)

  ● Components/SideNavigation › WithNotifications › smoke-test

    SB_PREVIEW_API_0006 (StoryIndexFetchError): Error fetching `/index.json`:

    Unable to index ./src/Table/EnhancedTable.stories.tsx:
      SyntaxError: Expecting Unicode escape sequence \uXXXX. (1467:15)

      at constructor (node_modules/@storybook/core/dist/babel/index.cjs:134900:15)
      at Nv.raise (node_modules/@storybook/core/dist/babel/index.cjs:137217:54)
      at Nv.readWord1 (node_modules/@storybook/core/dist/babel/index.cjs:137193:18)
      at Nv.readWord (node_modules/@storybook/core/dist/babel/index.cjs:137205:20)
      at Nv.getTokenFromCode (node_modules/@storybook/core/dist/babel/index.cjs:137028:16)
      at Nv.getTokenFromCode (node_modules/@storybook/core/dist/babel/index.cjs:139696:13)
      at Nv.getTokenFromCode (node_modules/@storybook/core/dist/babel/index.cjs:141547:13)
      at Nv.nextToken (node_modules/@storybook/core/dist/babel/index.cjs:136654:12)
      at Nv.next (node_modules/@storybook/core/dist/babel/index.cjs:136586:62)
      at Nv.eat (node_modules/@storybook/core/dist/babel/index.cjs:136589:36)
      at Nv.parseObjectProperty (node_modules/@storybook/core/dist/babel/index.cjs:142655:34)
      at Nv.parseObjPropValue (node_modules/@storybook/core/dist/babel/index.cjs:142671:61)
      at Nv.parseObjPropValue (node_modules/@storybook/core/dist/babel/index.cjs:141367:49)
      at Nv.parsePropertyDefinition (node_modules/@storybook/core/dist/babel/index.cjs:142632:19)
      at Nv.parseObjectLike (node_modules/@storybook/core/dist/babel/index.cjs:142596:57)
      at Nv.parseExprAtom (node_modules/@storybook/core/dist/babel/index.cjs:142302:23)
      at Nv.parseExprAtom (node_modules/@storybook/core/dist/babel/index.cjs:139667:45)
      at Nv.parseExprSubscripts (node_modules/@storybook/core/dist/babel/index.cjs:142149:78)
      at Nv.parseUpdate (node_modules/@storybook/core/dist/babel/index.cjs:142139:45)
      at Nv.parseMaybeUnary (node_modules/@storybook/core/dist/babel/index.cjs:142124:20)
      at Nv.parseMaybeUnary (node_modules/@storybook/core/dist/babel/index.cjs:141419:93)
      at Nv.parseMaybeUnaryOrPrivate (node_modules/@storybook/core/dist/babel/index.cjs:142032:63)
      at Nv.parseExprOps (node_modules/@storybook/core/dist/babel/index.cjs:142035:78)
      at Nv.parseMaybeConditional (node_modules/@storybook/core/dist/babel/index.cjs:142020:78)
      at Nv.parseMaybeAssign (node_modules/@storybook/core/dist/babel/index.cjs:142004:20)
      at Nv.parseMaybeAssign (node_modules/@storybook/core/dist/babel/index.cjs:141392:22)
      at node_modules/@storybook/core/dist/babel/index.cjs:141986:41
      at Nv.allowInAnd (node_modules/@storybook/core/dist/babel/index.cjs:142978:14)
      at Nv.parseMaybeAssignAllowIn (node_modules/@storybook/core/dist/babel/index.cjs:141986:19)
      at Nv.parseObjectProperty (node_modules/@storybook/core/dist/babel/index.cjs:142656:81)
      at Nv.parseObjPropValue (node_modules/@storybook/core/dist/babel/index.cjs:142671:61)
      at Nv.parseObjPropValue (node_modules/@storybook/core/dist/babel/index.cjs:141367:49)
      at Nv.parsePropertyDefinition (node_modules/@storybook/core/dist/babel/index.cjs:142632:19)
      at Nv.parseObjectLike (node_modules/@storybook/core/dist/babel/index.cjs:142596:57)
      at Nv.parseExprAtom (node_modules/@storybook/core/dist/babel/index.cjs:142302:23)
      at Nv.parseExprAtom (node_modules/@storybook/core/dist/babel/index.cjs:139667:45)
      at Nv.parseExprSubscripts (node_modules/@storybook/core/dist/babel/index.cjs:142149:78)
      at Nv.parseUpdate (node_modules/@storybook/core/dist/babel/index.cjs:142139:45)
      at Nv.parseMaybeUnary (node_modules/@storybook/core/dist/babel/index.cjs:142124:20)
      at Nv.parseMaybeUnary (node_modules/@storybook/core/dist/babel/index.cjs:141419:93)
      at Nv.parseMaybeUnaryOrPrivate (node_modules/@storybook/core/dist/babel/index.cjs:142032:63)
      at Nv.parseExprOps (node_modules/@storybook/core/dist/babel/index.cjs:142035:78)
      at Nv.parseMaybeConditional (node_modules/@storybook/core/dist/babel/index.cjs:142020:78)
      at Nv.parseMaybeAssign (node_modules/@storybook/core/dist/babel/index.cjs:142004:20)
      at Nv.parseMaybeAssign (node_modules/@storybook/core/dist/babel/index.cjs:141392:22)
      at node_modules/@storybook/core/dist/babel/index.cjs:141986:41
      at Nv.allowInAnd (node_modules/@storybook/core/dist/babel/index.cjs:142978:14)
      at Nv.parseMaybeAssignAllowIn (node_modules/@storybook/core/dist/babel/index.cjs:141986:19)
      at Nv.parseObjectProperty (node_modules/@storybook/core/dist/babel/index.cjs:142656:81)
      at Nv.parseObjPropValue (node_modules/@storybook/core/dist/babel/index.cjs:142671:61)
      If you are in development, this likely indicates a problem with your Storybook process,
      check the terminal for errors.
      If you are in a deployed Storybook, there may have been an issue deploying the full Storybook
      build.
      at constructor (node_modules/@storybook/core/dist/babel/index.cjs:134900:15)
      at Nv.raise (node_modules/@storybook/core/dist/babel/index.cjs:137217:54)
      at Nv.readWord1 (node_modules/@storybook/core/dist/babel/index.cjs:137193:18)
      at Nv.readWord (node_modules/@storybook/core/dist/babel/index.cjs:137205:20)
      at Nv.getTokenFromCode (node_modules/@storybook/core/dist/babel/index.cjs:137028:16)
      at Nv.getTokenFromCode (node_modules/@storybook/core/dist/babel/index.cjs:139696:13)
      at Nv.getTokenFromCode (node_modules/@storybook/core/dist/babel/index.cjs:141547:13)
      at Nv.nextToken (node_modules/@storybook/core/dist/babel/index.cjs:136654:12)
      at Nv.next (node_modules/@storybook/core/dist/babel/index.cjs:136586:62)
      at Nv.eat (node_modules/@storybook/core/dist/babel/index.cjs:136589:36)
      at Nv.parseObjectProperty (node_modules/@storybook/core/dist/babel/index.cjs:142655:34)
      at Nv.parseObjPropValue (node_modules/@storybook/core/dist/babel/index.cjs:142671:61)
      at Nv.parseObjPropValue (node_modules/@storybook/core/dist/babel/index.cjs:141367:49)
      at Nv.parsePropertyDefinition (node_modules/@storybook/core/dist/babel/index.cjs:142632:19)
      at Nv.parseObjectLike (node_modules/@storybook/core/dist/babel/index.cjs:142596:57)
      at Nv.parseExprAtom (node_modules/@storybook/core/dist/babel/index.cjs:142302:23)
      at Nv.parseExprAtom (node_modules/@storybook/core/dist/babel/index.cjs:139667:45)
      at Nv.parseExprSubscripts (node_modules/@storybook/core/dist/babel/index.cjs:142149:78)
      at Nv.parseUpdate (node_modules/@storybook/core/dist/babel/index.cjs:142139:45)
      at Nv.parseMaybeUnary (node_modules/@storybook/core/dist/babel/index.cjs:142124:20)
      at Nv.parseMaybeUnary (node_modules/@storybook/core/dist/babel/index.cjs:141419:93)
      at Nv.parseMaybeUnaryOrPrivate (node_modules/@storybook/core/dist/babel/index.cjs:142032:63)
      at Nv.parseExprOps (node_modules/@storybook/core/dist/babel/index.cjs:142035:78)
      at Nv.parseMaybeConditional (node_modules/@storybook/core/dist/babel/index.cjs:142020:78)
      at Nv.parseMaybeAssign (node_modules/@storybook/core/dist/babel/index.cjs:142004:20)
      at Nv.parseMaybeAssign (node_modules/@storybook/core/dist/babel/index.cjs:141392:22)
      at node_modules/@storybook/core/dist/babel/index.cjs:141986:41
      at Nv.allowInAnd (node_modules/@storybook/core/dist/babel/index.cjs:142978:14)
      at Nv.parseMaybeAssignAllowIn (node_modules/@storybook/core/dist/babel/index.cjs:141986:19)
      at Nv.parseObjectProperty (node_modules/@storybook/core/dist/babel/index.cjs:142656:81)
      at Nv.parseObjPropValue (node_modules/@storybook/core/dist/babel/index.cjs:142671:61)
      at Nv.parseObjPropValue (node_modules/@storybook/core/dist/babel/index.cjs:141367:49)
      at Nv.parsePropertyDefinition (node_modules/@storybook/core/dist/babel/index.cjs:142632:19)
      at Nv.parseObjectLike (node_modules/@storybook/core/dist/babel/index.cjs:142596:57)
      at Nv.parseExprAtom (node_modules/@storybook/core/dist/babel/index.cjs:142302:23)
      at Nv.parseExprAtom (node_modules/@storybook/core/dist/babel/index.cjs:139667:45)
      at Nv.parseExprSubscripts (node_modules/@storybook/core/dist/babel/index.cjs:142149:78)
      at Nv.parseUpdate (node_modules/@storybook/core/dist/babel/index.cjs:142139:45)
      at Nv.parseMaybeUnary (node_modules/@storybook/core/dist/babel/index.cjs:142124:20)
      at Nv.parseMaybeUnary (node_modules/@storybook/core/dist/babel/index.cjs:141419:93)
      at Nv.parseMaybeUnaryOrPrivate (node_modules/@storybook/core/dist/babel/index.cjs:142032:63)
      at Nv.parseExprOps (node_modules/@storybook/core/dist/babel/index.cjs:142035:78)
      at Nv.parseMaybeConditional (node_modules/@storybook/core/dist/babel/index.cjs:142020:78)
      at Nv.parseMaybeAssign (node_modules/@storybook/core/dist/babel/index.cjs:142004:20)
      at Nv.parseMaybeAssign (node_modules/@storybook/core/dist/babel/index.cjs:141392:22)
      at node_modules/@storybook/core/dist/babel/index.cjs:141986:41
      at Nv.allowInAnd (node_modules/@storybook/core/dist/babel/index.cjs:142978:14)
      at Nv.parseMaybeAssignAllowIn (node_modules/@storybook/core/dist/babel/index.cjs:141986:19)
      at Nv.parseObjectProperty (node_modules/@storybook/core/dist/babel/index.cjs:142656:81)
      at Nv.parseObjPropValue (node_modules/@storybook/core/dist/babel/index.cjs:142671:61)
      If you are in development, this likely indicates a problem with your Storybook process,
      check the terminal for errors.
      If you are in a deployed Storybook, there may have been an issue deploying the full Storybook
      build.
      at ns2.getStoryIndexFromServer (packages/components/http:/localhost:6007/packages/components/node_modules/.cache/storybook/1c3385a5d25e538d10b518b310c74d3ca2690b6aaffeadccd74da79736171f86/sb-vite/deps/storybook_internal_preview_runtime.js?v=b3da04b4:8624:11)
      at async ns2.initializeWithProjectAnnotations (packages/components/http:/localhost:6007/packages/components/node_modules/.cache/storybook/1c3385a5d25e538d10b518b310c74d3ca2690b6aaffeadccd74da79736171f86/sb-vite/deps/storybook_internal_preview_runtime.js?v=b3da04b4:8606:15)
      at async ns2.initialize (packages/components/http:/localhost:6007/packages/components/node_modules/.cache/storybook/1c3385a5d25e538d10b518b310c74d3ca2690b6aaffeadccd74da79736171f86/sb-vite/deps/storybook_internal_preview_runtime.js?v=b3da04b4:8581:39)

  ● Components/SideNavigation › WithNotifications › smoke-test

    SB_PREVIEW_API_0006 (StoryIndexFetchError): Error fetching `/index.json`:

    Unable to index ./src/Table/EnhancedTable.stories.tsx:
      SyntaxError: Unterminated template. (1467:15)

      at constructor (node_modules/@storybook/core/dist/babel/index.cjs:134900:15)
      at Nv.raise (node_modules/@storybook/core/dist/babel/index.cjs:137217:54)
      at Object.unterminated (node_modules/@storybook/core/dist/babel/index.cjs:136577:22)
      at readStringContents (node_modules/@storybook/core/dist/babel/index.cjs:136355:11)
      at Nv.readTemplateToken (node_modules/@storybook/core/dist/babel/index.cjs:137173:11)
      at Nv.getTokenFromCode (node_modules/@storybook/core/dist/babel/index.cjs:136958:16)
      at Nv.getTokenFromCode (node_modules/@storybook/core/dist/babel/index.cjs:139696:13)
      at Nv.getTokenFromCode (node_modules/@storybook/core/dist/babel/index.cjs:141547:13)
      at Nv.nextToken (node_modules/@storybook/core/dist/babel/index.cjs:136654:12)
      at Nv.next (node_modules/@storybook/core/dist/babel/index.cjs:136586:62)
      at Nv.eat (node_modules/@storybook/core/dist/babel/index.cjs:136589:36)
      at Nv.parseObjectProperty (node_modules/@storybook/core/dist/babel/index.cjs:142655:34)
      at Nv.parseObjPropValue (node_modules/@storybook/core/dist/babel/index.cjs:142671:61)
      at Nv.parseObjPropValue (node_modules/@storybook/core/dist/babel/index.cjs:141367:49)
      at Nv.parsePropertyDefinition (node_modules/@storybook/core/dist/babel/index.cjs:142632:19)
      at Nv.parseObjectLike (node_modules/@storybook/core/dist/babel/index.cjs:142596:57)
      at Nv.parseExprAtom (node_modules/@storybook/core/dist/babel/index.cjs:142302:23)
      at Nv.parseExprAtom (node_modules/@storybook/core/dist/babel/index.cjs:139667:45)
      at Nv.parseExprSubscripts (node_modules/@storybook/core/dist/babel/index.cjs:142149:78)
      at Nv.parseUpdate (node_modules/@storybook/core/dist/babel/index.cjs:142139:45)
      at Nv.parseMaybeUnary (node_modules/@storybook/core/dist/babel/index.cjs:142124:20)
      at Nv.parseMaybeUnary (node_modules/@storybook/core/dist/babel/index.cjs:141419:93)
      at Nv.parseMaybeUnaryOrPrivate (node_modules/@storybook/core/dist/babel/index.cjs:142032:63)
      at Nv.parseExprOps (node_modules/@storybook/core/dist/babel/index.cjs:142035:78)
      at Nv.parseMaybeConditional (node_modules/@storybook/core/dist/babel/index.cjs:142020:78)
      at Nv.parseMaybeAssign (node_modules/@storybook/core/dist/babel/index.cjs:142004:20)
      at Nv.parseMaybeAssign (node_modules/@storybook/core/dist/babel/index.cjs:141392:22)
      at node_modules/@storybook/core/dist/babel/index.cjs:141986:41
      at Nv.allowInAnd (node_modules/@storybook/core/dist/babel/index.cjs:142978:14)
      at Nv.parseMaybeAssignAllowIn (node_modules/@storybook/core/dist/babel/index.cjs:141986:19)
      at Nv.parseObjectProperty (node_modules/@storybook/core/dist/babel/index.cjs:142656:81)
      at Nv.parseObjPropValue (node_modules/@storybook/core/dist/babel/index.cjs:142671:61)
      at Nv.parseObjPropValue (node_modules/@storybook/core/dist/babel/index.cjs:141367:49)
      at Nv.parsePropertyDefinition (node_modules/@storybook/core/dist/babel/index.cjs:142632:19)
      at Nv.parseObjectLike (node_modules/@storybook/core/dist/babel/index.cjs:142596:57)
      at Nv.parseExprAtom (node_modules/@storybook/core/dist/babel/index.cjs:142302:23)
      at Nv.parseExprAtom (node_modules/@storybook/core/dist/babel/index.cjs:139667:45)
      at Nv.parseExprSubscripts (node_modules/@storybook/core/dist/babel/index.cjs:142149:78)
      at Nv.parseUpdate (node_modules/@storybook/core/dist/babel/index.cjs:142139:45)
      at Nv.parseMaybeUnary (node_modules/@storybook/core/dist/babel/index.cjs:142124:20)
      at Nv.parseMaybeUnary (node_modules/@storybook/core/dist/babel/index.cjs:141419:93)
      at Nv.parseMaybeUnaryOrPrivate (node_modules/@storybook/core/dist/babel/index.cjs:142032:63)
      at Nv.parseExprOps (node_modules/@storybook/core/dist/babel/index.cjs:142035:78)
      at Nv.parseMaybeConditional (node_modules/@storybook/core/dist/babel/index.cjs:142020:78)
      at Nv.parseMaybeAssign (node_modules/@storybook/core/dist/babel/index.cjs:142004:20)
      at Nv.parseMaybeAssign (node_modules/@storybook/core/dist/babel/index.cjs:141392:22)
      at node_modules/@storybook/core/dist/babel/index.cjs:141986:41
      at Nv.allowInAnd (node_modules/@storybook/core/dist/babel/index.cjs:142978:14)
      at Nv.parseMaybeAssignAllowIn (node_modules/@storybook/core/dist/babel/index.cjs:141986:19)
      at Nv.parseObjectProperty (node_modules/@storybook/core/dist/babel/index.cjs:142656:81)
      If you are in development, this likely indicates a problem with your Storybook process,
      check the terminal for errors.
      If you are in a deployed Storybook, there may have been an issue deploying the full Storybook
      build.
      at constructor (node_modules/@storybook/core/dist/babel/index.cjs:134900:15)
      at Nv.raise (node_modules/@storybook/core/dist/babel/index.cjs:137217:54)
      at Object.unterminated (node_modules/@storybook/core/dist/babel/index.cjs:136577:22)
      at readStringContents (node_modules/@storybook/core/dist/babel/index.cjs:136355:11)
      at Nv.readTemplateToken (node_modules/@storybook/core/dist/babel/index.cjs:137173:11)
      at Nv.getTokenFromCode (node_modules/@storybook/core/dist/babel/index.cjs:136958:16)
      at Nv.getTokenFromCode (node_modules/@storybook/core/dist/babel/index.cjs:139696:13)
      at Nv.getTokenFromCode (node_modules/@storybook/core/dist/babel/index.cjs:141547:13)
      at Nv.nextToken (node_modules/@storybook/core/dist/babel/index.cjs:136654:12)
      at Nv.next (node_modules/@storybook/core/dist/babel/index.cjs:136586:62)
      at Nv.eat (node_modules/@storybook/core/dist/babel/index.cjs:136589:36)
      at Nv.parseObjectProperty (node_modules/@storybook/core/dist/babel/index.cjs:142655:34)
      at Nv.parseObjPropValue (node_modules/@storybook/core/dist/babel/index.cjs:142671:61)
      at Nv.parseObjPropValue (node_modules/@storybook/core/dist/babel/index.cjs:141367:49)
      at Nv.parsePropertyDefinition (node_modules/@storybook/core/dist/babel/index.cjs:142632:19)
      at Nv.parseObjectLike (node_modules/@storybook/core/dist/babel/index.cjs:142596:57)
      at Nv.parseExprAtom (node_modules/@storybook/core/dist/babel/index.cjs:142302:23)
      at Nv.parseExprAtom (node_modules/@storybook/core/dist/babel/index.cjs:139667:45)
      at Nv.parseExprSubscripts (node_modules/@storybook/core/dist/babel/index.cjs:142149:78)
      at Nv.parseUpdate (node_modules/@storybook/core/dist/babel/index.cjs:142139:45)
      at Nv.parseMaybeUnary (node_modules/@storybook/core/dist/babel/index.cjs:142124:20)
      at Nv.parseMaybeUnary (node_modules/@storybook/core/dist/babel/index.cjs:141419:93)
      at Nv.parseMaybeUnaryOrPrivate (node_modules/@storybook/core/dist/babel/index.cjs:142032:63)
      at Nv.parseExprOps (node_modules/@storybook/core/dist/babel/index.cjs:142035:78)
      at Nv.parseMaybeConditional (node_modules/@storybook/core/dist/babel/index.cjs:142020:78)
      at Nv.parseMaybeAssign (node_modules/@storybook/core/dist/babel/index.cjs:142004:20)
      at Nv.parseMaybeAssign (node_modules/@storybook/core/dist/babel/index.cjs:141392:22)
      at node_modules/@storybook/core/dist/babel/index.cjs:141986:41
      at Nv.allowInAnd (node_modules/@storybook/core/dist/babel/index.cjs:142978:14)
      at Nv.parseMaybeAssignAllowIn (node_modules/@storybook/core/dist/babel/index.cjs:141986:19)
      at Nv.parseObjectProperty (node_modules/@storybook/core/dist/babel/index.cjs:142656:81)
      at Nv.parseObjPropValue (node_modules/@storybook/core/dist/babel/index.cjs:142671:61)
      at Nv.parseObjPropValue (node_modules/@storybook/core/dist/babel/index.cjs:141367:49)
      at Nv.parsePropertyDefinition (node_modules/@storybook/core/dist/babel/index.cjs:142632:19)
      at Nv.parseObjectLike (node_modules/@storybook/core/dist/babel/index.cjs:142596:57)
      at Nv.parseExprAtom (node_modules/@storybook/core/dist/babel/index.cjs:142302:23)
      at Nv.parseExprAtom (node_modules/@storybook/core/dist/babel/index.cjs:139667:45)
      at Nv.parseExprSubscripts (node_modules/@storybook/core/dist/babel/index.cjs:142149:78)
      at Nv.parseUpdate (node_modules/@storybook/core/dist/babel/index.cjs:142139:45)
      at Nv.parseMaybeUnary (node_modules/@storybook/core/dist/babel/index.cjs:142124:20)
      at Nv.parseMaybeUnary (node_modules/@storybook/core/dist/babel/index.cjs:141419:93)
      at Nv.parseMaybeUnaryOrPrivate (node_modules/@storybook/core/dist/babel/index.cjs:142032:63)
      at Nv.parseExprOps (node_modules/@storybook/core/dist/babel/index.cjs:142035:78)
      at Nv.parseMaybeConditional (node_modules/@storybook/core/dist/babel/index.cjs:142020:78)
      at Nv.parseMaybeAssign (node_modules/@storybook/core/dist/babel/index.cjs:142004:20)
      at Nv.parseMaybeAssign (node_modules/@storybook/core/dist/babel/index.cjs:141392:22)
      at node_modules/@storybook/core/dist/babel/index.cjs:141986:41
      at Nv.allowInAnd (node_modules/@storybook/core/dist/babel/index.cjs:142978:14)
      at Nv.parseMaybeAssignAllowIn (node_modules/@storybook/core/dist/babel/index.cjs:141986:19)
      at Nv.parseObjectProperty (node_modules/@storybook/core/dist/babel/index.cjs:142656:81)
      If you are in development, this likely indicates a problem with your Storybook process,
      check the terminal for errors.
      If you are in a deployed Storybook, there may have been an issue deploying the full Storybook
      build.
      at ns2.getStoryIndexFromServer (packages/components/http:/localhost:6007/packages/components/node_modules/.cache/storybook/1c3385a5d25e538d10b518b310c74d3ca2690b6aaffeadccd74da79736171f86/sb-vite/deps/storybook_internal_preview_runtime.js?v=b3da04b4:8624:11)
      at async ns2.onStoryIndexChanged (packages/components/http:/localhost:6007/packages/components/node_modules/.cache/storybook/1c3385a5d25e538d10b518b310c74d3ca2690b6aaffeadccd74da79736171f86/sb-vite/deps/storybook_internal_preview_runtime.js?v=b3da04b4:8664:17)

  ● Components/SideNavigation › WithNotifications › smoke-test

    SB_PREVIEW_API_0006 (StoryIndexFetchError): Error fetching `/index.json`:

    Unable to index ./src/Table/EnhancedTable.stories.tsx:
      SyntaxError: Unterminated template. (1467:15)

      at constructor (node_modules/@storybook/core/dist/babel/index.cjs:134900:15)
      at Nv.raise (node_modules/@storybook/core/dist/babel/index.cjs:137217:54)
      at Object.unterminated (node_modules/@storybook/core/dist/babel/index.cjs:136577:22)
      at readStringContents (node_modules/@storybook/core/dist/babel/index.cjs:136355:11)
      at Nv.readTemplateToken (node_modules/@storybook/core/dist/babel/index.cjs:137173:11)
      at Nv.getTokenFromCode (node_modules/@storybook/core/dist/babel/index.cjs:136958:16)
      at Nv.getTokenFromCode (node_modules/@storybook/core/dist/babel/index.cjs:139696:13)
      at Nv.getTokenFromCode (node_modules/@storybook/core/dist/babel/index.cjs:141547:13)
      at Nv.nextToken (node_modules/@storybook/core/dist/babel/index.cjs:136654:12)
      at Nv.next (node_modules/@storybook/core/dist/babel/index.cjs:136586:62)
      at Nv.eat (node_modules/@storybook/core/dist/babel/index.cjs:136589:36)
      at Nv.parseObjectProperty (node_modules/@storybook/core/dist/babel/index.cjs:142655:34)
      at Nv.parseObjPropValue (node_modules/@storybook/core/dist/babel/index.cjs:142671:61)
      at Nv.parseObjPropValue (node_modules/@storybook/core/dist/babel/index.cjs:141367:49)
      at Nv.parsePropertyDefinition (node_modules/@storybook/core/dist/babel/index.cjs:142632:19)
      at Nv.parseObjectLike (node_modules/@storybook/core/dist/babel/index.cjs:142596:57)
      at Nv.parseExprAtom (node_modules/@storybook/core/dist/babel/index.cjs:142302:23)
      at Nv.parseExprAtom (node_modules/@storybook/core/dist/babel/index.cjs:139667:45)
      at Nv.parseExprSubscripts (node_modules/@storybook/core/dist/babel/index.cjs:142149:78)
      at Nv.parseUpdate (node_modules/@storybook/core/dist/babel/index.cjs:142139:45)
      at Nv.parseMaybeUnary (node_modules/@storybook/core/dist/babel/index.cjs:142124:20)
      at Nv.parseMaybeUnary (node_modules/@storybook/core/dist/babel/index.cjs:141419:93)
      at Nv.parseMaybeUnaryOrPrivate (node_modules/@storybook/core/dist/babel/index.cjs:142032:63)
      at Nv.parseExprOps (node_modules/@storybook/core/dist/babel/index.cjs:142035:78)
      at Nv.parseMaybeConditional (node_modules/@storybook/core/dist/babel/index.cjs:142020:78)
      at Nv.parseMaybeAssign (node_modules/@storybook/core/dist/babel/index.cjs:142004:20)
      at Nv.parseMaybeAssign (node_modules/@storybook/core/dist/babel/index.cjs:141392:22)
      at node_modules/@storybook/core/dist/babel/index.cjs:141986:41
      at Nv.allowInAnd (node_modules/@storybook/core/dist/babel/index.cjs:142978:14)
      at Nv.parseMaybeAssignAllowIn (node_modules/@storybook/core/dist/babel/index.cjs:141986:19)
      at Nv.parseObjectProperty (node_modules/@storybook/core/dist/babel/index.cjs:142656:81)
      at Nv.parseObjPropValue (node_modules/@storybook/core/dist/babel/index.cjs:142671:61)
      at Nv.parseObjPropValue (node_modules/@storybook/core/dist/babel/index.cjs:141367:49)
      at Nv.parsePropertyDefinition (node_modules/@storybook/core/dist/babel/index.cjs:142632:19)
      at Nv.parseObjectLike (node_modules/@storybook/core/dist/babel/index.cjs:142596:57)
      at Nv.parseExprAtom (node_modules/@storybook/core/dist/babel/index.cjs:142302:23)
      at Nv.parseExprAtom (node_modules/@storybook/core/dist/babel/index.cjs:139667:45)
      at Nv.parseExprSubscripts (node_modules/@storybook/core/dist/babel/index.cjs:142149:78)
      at Nv.parseUpdate (node_modules/@storybook/core/dist/babel/index.cjs:142139:45)
      at Nv.parseMaybeUnary (node_modules/@storybook/core/dist/babel/index.cjs:142124:20)
      at Nv.parseMaybeUnary (node_modules/@storybook/core/dist/babel/index.cjs:141419:93)
      at Nv.parseMaybeUnaryOrPrivate (node_modules/@storybook/core/dist/babel/index.cjs:142032:63)
      at Nv.parseExprOps (node_modules/@storybook/core/dist/babel/index.cjs:142035:78)
      at Nv.parseMaybeConditional (node_modules/@storybook/core/dist/babel/index.cjs:142020:78)
      at Nv.parseMaybeAssign (node_modules/@storybook/core/dist/babel/index.cjs:142004:20)
      at Nv.parseMaybeAssign (node_modules/@storybook/core/dist/babel/index.cjs:141392:22)
      at node_modules/@storybook/core/dist/babel/index.cjs:141986:41
      at Nv.allowInAnd (node_modules/@storybook/core/dist/babel/index.cjs:142978:14)
      at Nv.parseMaybeAssignAllowIn (node_modules/@storybook/core/dist/babel/index.cjs:141986:19)
      at Nv.parseObjectProperty (node_modules/@storybook/core/dist/babel/index.cjs:142656:81)
      If you are in development, this likely indicates a problem with your Storybook process,
      check the terminal for errors.
      If you are in a deployed Storybook, there may have been an issue deploying the full Storybook
      build.
      at constructor (node_modules/@storybook/core/dist/babel/index.cjs:134900:15)
      at Nv.raise (node_modules/@storybook/core/dist/babel/index.cjs:137217:54)
      at Object.unterminated (node_modules/@storybook/core/dist/babel/index.cjs:136577:22)
      at readStringContents (node_modules/@storybook/core/dist/babel/index.cjs:136355:11)
      at Nv.readTemplateToken (node_modules/@storybook/core/dist/babel/index.cjs:137173:11)
      at Nv.getTokenFromCode (node_modules/@storybook/core/dist/babel/index.cjs:136958:16)
      at Nv.getTokenFromCode (node_modules/@storybook/core/dist/babel/index.cjs:139696:13)
      at Nv.getTokenFromCode (node_modules/@storybook/core/dist/babel/index.cjs:141547:13)
      at Nv.nextToken (node_modules/@storybook/core/dist/babel/index.cjs:136654:12)
      at Nv.next (node_modules/@storybook/core/dist/babel/index.cjs:136586:62)
      at Nv.eat (node_modules/@storybook/core/dist/babel/index.cjs:136589:36)
      at Nv.parseObjectProperty (node_modules/@storybook/core/dist/babel/index.cjs:142655:34)
      at Nv.parseObjPropValue (node_modules/@storybook/core/dist/babel/index.cjs:142671:61)
      at Nv.parseObjPropValue (node_modules/@storybook/core/dist/babel/index.cjs:141367:49)
      at Nv.parsePropertyDefinition (node_modules/@storybook/core/dist/babel/index.cjs:142632:19)
      at Nv.parseObjectLike (node_modules/@storybook/core/dist/babel/index.cjs:142596:57)
      at Nv.parseExprAtom (node_modules/@storybook/core/dist/babel/index.cjs:142302:23)
      at Nv.parseExprAtom (node_modules/@storybook/core/dist/babel/index.cjs:139667:45)
      at Nv.parseExprSubscripts (node_modules/@storybook/core/dist/babel/index.cjs:142149:78)
      at Nv.parseUpdate (node_modules/@storybook/core/dist/babel/index.cjs:142139:45)
      at Nv.parseMaybeUnary (node_modules/@storybook/core/dist/babel/index.cjs:142124:20)
      at Nv.parseMaybeUnary (node_modules/@storybook/core/dist/babel/index.cjs:141419:93)
      at Nv.parseMaybeUnaryOrPrivate (node_modules/@storybook/core/dist/babel/index.cjs:142032:63)
      at Nv.parseExprOps (node_modules/@storybook/core/dist/babel/index.cjs:142035:78)
      at Nv.parseMaybeConditional (node_modules/@storybook/core/dist/babel/index.cjs:142020:78)
      at Nv.parseMaybeAssign (node_modules/@storybook/core/dist/babel/index.cjs:142004:20)
      at Nv.parseMaybeAssign (node_modules/@storybook/core/dist/babel/index.cjs:141392:22)
      at node_modules/@storybook/core/dist/babel/index.cjs:141986:41
      at Nv.allowInAnd (node_modules/@storybook/core/dist/babel/index.cjs:142978:14)
      at Nv.parseMaybeAssignAllowIn (node_modules/@storybook/core/dist/babel/index.cjs:141986:19)
      at Nv.parseObjectProperty (node_modules/@storybook/core/dist/babel/index.cjs:142656:81)
      at Nv.parseObjPropValue (node_modules/@storybook/core/dist/babel/index.cjs:142671:61)
      at Nv.parseObjPropValue (node_modules/@storybook/core/dist/babel/index.cjs:141367:49)
      at Nv.parsePropertyDefinition (node_modules/@storybook/core/dist/babel/index.cjs:142632:19)
      at Nv.parseObjectLike (node_modules/@storybook/core/dist/babel/index.cjs:142596:57)
      at Nv.parseExprAtom (node_modules/@storybook/core/dist/babel/index.cjs:142302:23)
      at Nv.parseExprAtom (node_modules/@storybook/core/dist/babel/index.cjs:139667:45)
      at Nv.parseExprSubscripts (node_modules/@storybook/core/dist/babel/index.cjs:142149:78)
      at Nv.parseUpdate (node_modules/@storybook/core/dist/babel/index.cjs:142139:45)
      at Nv.parseMaybeUnary (node_modules/@storybook/core/dist/babel/index.cjs:142124:20)
      at Nv.parseMaybeUnary (node_modules/@storybook/core/dist/babel/index.cjs:141419:93)
      at Nv.parseMaybeUnaryOrPrivate (node_modules/@storybook/core/dist/babel/index.cjs:142032:63)
      at Nv.parseExprOps (node_modules/@storybook/core/dist/babel/index.cjs:142035:78)
      at Nv.parseMaybeConditional (node_modules/@storybook/core/dist/babel/index.cjs:142020:78)
      at Nv.parseMaybeAssign (node_modules/@storybook/core/dist/babel/index.cjs:142004:20)
      at Nv.parseMaybeAssign (node_modules/@storybook/core/dist/babel/index.cjs:141392:22)
      at node_modules/@storybook/core/dist/babel/index.cjs:141986:41
      at Nv.allowInAnd (node_modules/@storybook/core/dist/babel/index.cjs:142978:14)
      at Nv.parseMaybeAssignAllowIn (node_modules/@storybook/core/dist/babel/index.cjs:141986:19)
      at Nv.parseObjectProperty (node_modules/@storybook/core/dist/babel/index.cjs:142656:81)
      If you are in development, this likely indicates a problem with your Storybook process,
      check the terminal for errors.
      If you are in a deployed Storybook, there may have been an issue deploying the full Storybook
      build.
      at ns2.getStoryIndexFromServer (packages/components/http:/localhost:6007/packages/components/node_modules/.cache/storybook/1c3385a5d25e538d10b518b310c74d3ca2690b6aaffeadccd74da79736171f86/sb-vite/deps/storybook_internal_preview_runtime.js?v=b3da04b4:8624:11)
      at async ns2.onStoryIndexChanged (packages/components/http:/localhost:6007/packages/components/node_modules/.cache/storybook/1c3385a5d25e538d10b518b310c74d3ca2690b6aaffeadccd74da79736171f86/sb-vite/deps/storybook_internal_preview_runtime.js?v=b3da04b4:8664:17)

  ● Components/SideNavigation › WithNotifications › smoke-test

    SB_PREVIEW_API_0005 (CalledPreviewMethodBeforeInitializationError): Called `Preview.onStoriesChanged()` before initialization.

    The preview needs to load the story index before most methods can be called. If you want
    to call `onStoriesChanged`, try `await preview.initializationPromise;` first.

    If you didn't call the above code, then likely it was called by an addon that needs to
    do the above.

      at ns2.onStoriesChanged (packages/components/http:/localhost:6007/packages/components/node_modules/.cache/storybook/1c3385a5d25e538d10b518b310c74d3ca2690b6aaffeadccd74da79736171f86/sb-vite/deps/storybook_internal_preview_runtime.js?v=b3da04b4:8680:13)
      at ns2.onStoriesChanged (packages/components/http:/localhost:6007/packages/components/node_modules/.cache/storybook/1c3385a5d25e538d10b518b310c74d3ca2690b6aaffeadccd74da79736171f86/sb-vite/deps/storybook_internal_preview_runtime.js?v=b3da04b4:9171:17)
      at packages/components/http:/localhost:6007/@id/__x00__virtual:/@storybook/builder-vite/vite-app.js:39:35
      at packages/components/http:/localhost:6007/@vite/client:36:52
      at packages/components/http:/localhost:6007/@vite/client:213:11
      at packages/components/http:/localhost:6007/@vite/client:186:58
          at Array.forEach (<anonymous>)
      at HMRClient.queueUpdate (packages/components/http:/localhost:6007/@vite/client:186:36)
          at async Promise.all (index 0)
      at async handleMessage (packages/components/http:/localhost:6007/@vite/client:927:7)

  ● Components/SideNavigation › WithNotifications › smoke-test

    thrown: "Exceeded timeout of 30000 ms for a test.
    Add a timeout value to this test to increase the timeout, if this is a long-running test. See https://jestjs.io/docs/api#testname-fn-timeout."

      275 |       },
      276 |       source: {
    > 277 |         transform: (_code: string, storyContext: any) => {
          |             ^
      278 |           const { args } = storyContext;
      279 |           const props = [];
      280 |           

      at packages/components/src/SideNavigation/SideNavigation.stories.tsx:277:13
      at packages/components/src/SideNavigation/SideNavigation.stories.tsx:276:9
      at Object.<anonymous> (packages/components/src/SideNavigation/SideNavigation.stories.tsx:128:5)

  ● Components/SideNavigation › WithoutUser › smoke-test

    SB_PREVIEW_API_0006 (StoryIndexFetchError): Error fetching `/index.json`:

    Unable to index ./src/Table/EnhancedTable.stories.tsx:
      SyntaxError: Expecting Unicode escape sequence \uXXXX. (1467:15)

      at constructor (node_modules/@storybook/core/dist/babel/index.cjs:134900:15)
      at Nv.raise (node_modules/@storybook/core/dist/babel/index.cjs:137217:54)
      at Nv.readWord1 (node_modules/@storybook/core/dist/babel/index.cjs:137193:18)
      at Nv.readWord (node_modules/@storybook/core/dist/babel/index.cjs:137205:20)
      at Nv.getTokenFromCode (node_modules/@storybook/core/dist/babel/index.cjs:137028:16)
      at Nv.getTokenFromCode (node_modules/@storybook/core/dist/babel/index.cjs:139696:13)
      at Nv.getTokenFromCode (node_modules/@storybook/core/dist/babel/index.cjs:141547:13)
      at Nv.nextToken (node_modules/@storybook/core/dist/babel/index.cjs:136654:12)
      at Nv.next (node_modules/@storybook/core/dist/babel/index.cjs:136586:62)
      at Nv.eat (node_modules/@storybook/core/dist/babel/index.cjs:136589:36)
      at Nv.parseObjectProperty (node_modules/@storybook/core/dist/babel/index.cjs:142655:34)
      at Nv.parseObjPropValue (node_modules/@storybook/core/dist/babel/index.cjs:142671:61)
      at Nv.parseObjPropValue (node_modules/@storybook/core/dist/babel/index.cjs:141367:49)
      at Nv.parsePropertyDefinition (node_modules/@storybook/core/dist/babel/index.cjs:142632:19)
      at Nv.parseObjectLike (node_modules/@storybook/core/dist/babel/index.cjs:142596:57)
      at Nv.parseExprAtom (node_modules/@storybook/core/dist/babel/index.cjs:142302:23)
      at Nv.parseExprAtom (node_modules/@storybook/core/dist/babel/index.cjs:139667:45)
      at Nv.parseExprSubscripts (node_modules/@storybook/core/dist/babel/index.cjs:142149:78)
      at Nv.parseUpdate (node_modules/@storybook/core/dist/babel/index.cjs:142139:45)
      at Nv.parseMaybeUnary (node_modules/@storybook/core/dist/babel/index.cjs:142124:20)
      at Nv.parseMaybeUnary (node_modules/@storybook/core/dist/babel/index.cjs:141419:93)
      at Nv.parseMaybeUnaryOrPrivate (node_modules/@storybook/core/dist/babel/index.cjs:142032:63)
      at Nv.parseExprOps (node_modules/@storybook/core/dist/babel/index.cjs:142035:78)
      at Nv.parseMaybeConditional (node_modules/@storybook/core/dist/babel/index.cjs:142020:78)
      at Nv.parseMaybeAssign (node_modules/@storybook/core/dist/babel/index.cjs:142004:20)
      at Nv.parseMaybeAssign (node_modules/@storybook/core/dist/babel/index.cjs:141392:22)
      at node_modules/@storybook/core/dist/babel/index.cjs:141986:41
      at Nv.allowInAnd (node_modules/@storybook/core/dist/babel/index.cjs:142978:14)
      at Nv.parseMaybeAssignAllowIn (node_modules/@storybook/core/dist/babel/index.cjs:141986:19)
      at Nv.parseObjectProperty (node_modules/@storybook/core/dist/babel/index.cjs:142656:81)
      at Nv.parseObjPropValue (node_modules/@storybook/core/dist/babel/index.cjs:142671:61)
      at Nv.parseObjPropValue (node_modules/@storybook/core/dist/babel/index.cjs:141367:49)
      at Nv.parsePropertyDefinition (node_modules/@storybook/core/dist/babel/index.cjs:142632:19)
      at Nv.parseObjectLike (node_modules/@storybook/core/dist/babel/index.cjs:142596:57)
      at Nv.parseExprAtom (node_modules/@storybook/core/dist/babel/index.cjs:142302:23)
      at Nv.parseExprAtom (node_modules/@storybook/core/dist/babel/index.cjs:139667:45)
      at Nv.parseExprSubscripts (node_modules/@storybook/core/dist/babel/index.cjs:142149:78)
      at Nv.parseUpdate (node_modules/@storybook/core/dist/babel/index.cjs:142139:45)
      at Nv.parseMaybeUnary (node_modules/@storybook/core/dist/babel/index.cjs:142124:20)
      at Nv.parseMaybeUnary (node_modules/@storybook/core/dist/babel/index.cjs:141419:93)
      at Nv.parseMaybeUnaryOrPrivate (node_modules/@storybook/core/dist/babel/index.cjs:142032:63)
      at Nv.parseExprOps (node_modules/@storybook/core/dist/babel/index.cjs:142035:78)
      at Nv.parseMaybeConditional (node_modules/@storybook/core/dist/babel/index.cjs:142020:78)
      at Nv.parseMaybeAssign (node_modules/@storybook/core/dist/babel/index.cjs:142004:20)
      at Nv.parseMaybeAssign (node_modules/@storybook/core/dist/babel/index.cjs:141392:22)
      at node_modules/@storybook/core/dist/babel/index.cjs:141986:41
      at Nv.allowInAnd (node_modules/@storybook/core/dist/babel/index.cjs:142978:14)
      at Nv.parseMaybeAssignAllowIn (node_modules/@storybook/core/dist/babel/index.cjs:141986:19)
      at Nv.parseObjectProperty (node_modules/@storybook/core/dist/babel/index.cjs:142656:81)
      at Nv.parseObjPropValue (node_modules/@storybook/core/dist/babel/index.cjs:142671:61)
      If you are in development, this likely indicates a problem with your Storybook process,
      check the terminal for errors.
      If you are in a deployed Storybook, there may have been an issue deploying the full Storybook
      build.
      at constructor (node_modules/@storybook/core/dist/babel/index.cjs:134900:15)
      at Nv.raise (node_modules/@storybook/core/dist/babel/index.cjs:137217:54)
      at Nv.readWord1 (node_modules/@storybook/core/dist/babel/index.cjs:137193:18)
      at Nv.readWord (node_modules/@storybook/core/dist/babel/index.cjs:137205:20)
      at Nv.getTokenFromCode (node_modules/@storybook/core/dist/babel/index.cjs:137028:16)
      at Nv.getTokenFromCode (node_modules/@storybook/core/dist/babel/index.cjs:139696:13)
      at Nv.getTokenFromCode (node_modules/@storybook/core/dist/babel/index.cjs:141547:13)
      at Nv.nextToken (node_modules/@storybook/core/dist/babel/index.cjs:136654:12)
      at Nv.next (node_modules/@storybook/core/dist/babel/index.cjs:136586:62)
      at Nv.eat (node_modules/@storybook/core/dist/babel/index.cjs:136589:36)
      at Nv.parseObjectProperty (node_modules/@storybook/core/dist/babel/index.cjs:142655:34)
      at Nv.parseObjPropValue (node_modules/@storybook/core/dist/babel/index.cjs:142671:61)
      at Nv.parseObjPropValue (node_modules/@storybook/core/dist/babel/index.cjs:141367:49)
      at Nv.parsePropertyDefinition (node_modules/@storybook/core/dist/babel/index.cjs:142632:19)
      at Nv.parseObjectLike (node_modules/@storybook/core/dist/babel/index.cjs:142596:57)
      at Nv.parseExprAtom (node_modules/@storybook/core/dist/babel/index.cjs:142302:23)
      at Nv.parseExprAtom (node_modules/@storybook/core/dist/babel/index.cjs:139667:45)
      at Nv.parseExprSubscripts (node_modules/@storybook/core/dist/babel/index.cjs:142149:78)
      at Nv.parseUpdate (node_modules/@storybook/core/dist/babel/index.cjs:142139:45)
      at Nv.parseMaybeUnary (node_modules/@storybook/core/dist/babel/index.cjs:142124:20)
      at Nv.parseMaybeUnary (node_modules/@storybook/core/dist/babel/index.cjs:141419:93)
      at Nv.parseMaybeUnaryOrPrivate (node_modules/@storybook/core/dist/babel/index.cjs:142032:63)
      at Nv.parseExprOps (node_modules/@storybook/core/dist/babel/index.cjs:142035:78)
      at Nv.parseMaybeConditional (node_modules/@storybook/core/dist/babel/index.cjs:142020:78)
      at Nv.parseMaybeAssign (node_modules/@storybook/core/dist/babel/index.cjs:142004:20)
      at Nv.parseMaybeAssign (node_modules/@storybook/core/dist/babel/index.cjs:141392:22)
      at node_modules/@storybook/core/dist/babel/index.cjs:141986:41
      at Nv.allowInAnd (node_modules/@storybook/core/dist/babel/index.cjs:142978:14)
      at Nv.parseMaybeAssignAllowIn (node_modules/@storybook/core/dist/babel/index.cjs:141986:19)
      at Nv.parseObjectProperty (node_modules/@storybook/core/dist/babel/index.cjs:142656:81)
      at Nv.parseObjPropValue (node_modules/@storybook/core/dist/babel/index.cjs:142671:61)
      at Nv.parseObjPropValue (node_modules/@storybook/core/dist/babel/index.cjs:141367:49)
      at Nv.parsePropertyDefinition (node_modules/@storybook/core/dist/babel/index.cjs:142632:19)
      at Nv.parseObjectLike (node_modules/@storybook/core/dist/babel/index.cjs:142596:57)
      at Nv.parseExprAtom (node_modules/@storybook/core/dist/babel/index.cjs:142302:23)
      at Nv.parseExprAtom (node_modules/@storybook/core/dist/babel/index.cjs:139667:45)
      at Nv.parseExprSubscripts (node_modules/@storybook/core/dist/babel/index.cjs:142149:78)
      at Nv.parseUpdate (node_modules/@storybook/core/dist/babel/index.cjs:142139:45)
      at Nv.parseMaybeUnary (node_modules/@storybook/core/dist/babel/index.cjs:142124:20)
      at Nv.parseMaybeUnary (node_modules/@storybook/core/dist/babel/index.cjs:141419:93)
      at Nv.parseMaybeUnaryOrPrivate (node_modules/@storybook/core/dist/babel/index.cjs:142032:63)
      at Nv.parseExprOps (node_modules/@storybook/core/dist/babel/index.cjs:142035:78)
      at Nv.parseMaybeConditional (node_modules/@storybook/core/dist/babel/index.cjs:142020:78)
      at Nv.parseMaybeAssign (node_modules/@storybook/core/dist/babel/index.cjs:142004:20)
      at Nv.parseMaybeAssign (node_modules/@storybook/core/dist/babel/index.cjs:141392:22)
      at node_modules/@storybook/core/dist/babel/index.cjs:141986:41
      at Nv.allowInAnd (node_modules/@storybook/core/dist/babel/index.cjs:142978:14)
      at Nv.parseMaybeAssignAllowIn (node_modules/@storybook/core/dist/babel/index.cjs:141986:19)
      at Nv.parseObjectProperty (node_modules/@storybook/core/dist/babel/index.cjs:142656:81)
      at Nv.parseObjPropValue (node_modules/@storybook/core/dist/babel/index.cjs:142671:61)
      If you are in development, this likely indicates a problem with your Storybook process,
      check the terminal for errors.
      If you are in a deployed Storybook, there may have been an issue deploying the full Storybook
      build.
      at ns2.getStoryIndexFromServer (packages/components/http:/localhost:6007/packages/components/node_modules/.cache/storybook/1c3385a5d25e538d10b518b310c74d3ca2690b6aaffeadccd74da79736171f86/sb-vite/deps/storybook_internal_preview_runtime.js?v=b3da04b4:8624:11)
      at async ns2.initializeWithProjectAnnotations (packages/components/http:/localhost:6007/packages/components/node_modules/.cache/storybook/1c3385a5d25e538d10b518b310c74d3ca2690b6aaffeadccd74da79736171f86/sb-vite/deps/storybook_internal_preview_runtime.js?v=b3da04b4:8606:15)
      at async ns2.initialize (packages/components/http:/localhost:6007/packages/components/node_modules/.cache/storybook/1c3385a5d25e538d10b518b310c74d3ca2690b6aaffeadccd74da79736171f86/sb-vite/deps/storybook_internal_preview_runtime.js?v=b3da04b4:8581:39)

  ● Components/SideNavigation › WithoutUser › smoke-test

    page.evaluate: Error: Axe is already running. Use `await axe.run()` to wait for the previous run to finish before starting a new run.

      at E (eval at <anonymous> (eval at evaluate (:311:30))packages/components/, <anonymous>:12:93952)
      at axe.run (eval at <anonymous> (eval at evaluate (:311:30))packages/components/, <anonymous>:12:473583)
      at eval (eval at evaluate (:311:30)packages/components/, <anonymous>:2:27)
      at UtilityScript.evaluate (packages/components/<anonymous>:313:16)
      at UtilityScript.<anonymous> (packages/components/<anonymous>:1:44)
      at node_modules/axe-playwright/dist/index.js:74:31
      at node_modules/axe-playwright/dist/index.js:31:71
      at Object.<anonymous>.__awaiter (node_modules/axe-playwright/dist/index.js:27:12)
      at getAxeResults (node_modules/axe-playwright/dist/index.js:73:51)
      at node_modules/axe-playwright/dist/index.js:87:52
      at node_modules/axe-playwright/dist/index.js:31:71
      at Object.<anonymous>.__awaiter (node_modules/axe-playwright/dist/index.js:27:12)
      at getViolations (node_modules/axe-playwright/dist/index.js:86:51)
      at node_modules/axe-playwright/dist/index.js:111:56
      at node_modules/axe-playwright/dist/index.js:31:71
      at Object.<anonymous>.__awaiter (node_modules/axe-playwright/dist/index.js:27:12)
      at checkA11y (node_modules/axe-playwright/dist/index.js:109:42)
      at postVisit (.storybook/test-runner.ts:13:20)
      at packages/components/src/SideNavigation/SideNavigation.stories.tsx:470:68
      at step (packages/components/src/SideNavigation/SideNavigation.stories.tsx:110:23)
      at Object.<anonymous> (packages/components/src/SideNavigation/SideNavigation.stories.tsx:51:20)
      at asyncGeneratorStep (packages/components/src/SideNavigation/SideNavigation.stories.tsx:4:28)
      at _next (packages/components/src/SideNavigation/SideNavigation.stories.tsx:19:17)

  ● Components/SideNavigation › WithClickHandlers › smoke-test

    SB_PREVIEW_API_0006 (StoryIndexFetchError): Error fetching `/index.json`:

    Unable to index ./src/Table/EnhancedTable.stories.tsx:
      SyntaxError: Expecting Unicode escape sequence \uXXXX. (1467:15)

      at constructor (node_modules/@storybook/core/dist/babel/index.cjs:134900:15)
      at Nv.raise (node_modules/@storybook/core/dist/babel/index.cjs:137217:54)
      at Nv.readWord1 (node_modules/@storybook/core/dist/babel/index.cjs:137193:18)
      at Nv.readWord (node_modules/@storybook/core/dist/babel/index.cjs:137205:20)
      at Nv.getTokenFromCode (node_modules/@storybook/core/dist/babel/index.cjs:137028:16)
      at Nv.getTokenFromCode (node_modules/@storybook/core/dist/babel/index.cjs:139696:13)
      at Nv.getTokenFromCode (node_modules/@storybook/core/dist/babel/index.cjs:141547:13)
      at Nv.nextToken (node_modules/@storybook/core/dist/babel/index.cjs:136654:12)
      at Nv.next (node_modules/@storybook/core/dist/babel/index.cjs:136586:62)
      at Nv.eat (node_modules/@storybook/core/dist/babel/index.cjs:136589:36)
      at Nv.parseObjectProperty (node_modules/@storybook/core/dist/babel/index.cjs:142655:34)
      at Nv.parseObjPropValue (node_modules/@storybook/core/dist/babel/index.cjs:142671:61)
      at Nv.parseObjPropValue (node_modules/@storybook/core/dist/babel/index.cjs:141367:49)
      at Nv.parsePropertyDefinition (node_modules/@storybook/core/dist/babel/index.cjs:142632:19)
      at Nv.parseObjectLike (node_modules/@storybook/core/dist/babel/index.cjs:142596:57)
      at Nv.parseExprAtom (node_modules/@storybook/core/dist/babel/index.cjs:142302:23)
      at Nv.parseExprAtom (node_modules/@storybook/core/dist/babel/index.cjs:139667:45)
      at Nv.parseExprSubscripts (node_modules/@storybook/core/dist/babel/index.cjs:142149:78)
      at Nv.parseUpdate (node_modules/@storybook/core/dist/babel/index.cjs:142139:45)
      at Nv.parseMaybeUnary (node_modules/@storybook/core/dist/babel/index.cjs:142124:20)
      at Nv.parseMaybeUnary (node_modules/@storybook/core/dist/babel/index.cjs:141419:93)
      at Nv.parseMaybeUnaryOrPrivate (node_modules/@storybook/core/dist/babel/index.cjs:142032:63)
      at Nv.parseExprOps (node_modules/@storybook/core/dist/babel/index.cjs:142035:78)
      at Nv.parseMaybeConditional (node_modules/@storybook/core/dist/babel/index.cjs:142020:78)
      at Nv.parseMaybeAssign (node_modules/@storybook/core/dist/babel/index.cjs:142004:20)
      at Nv.parseMaybeAssign (node_modules/@storybook/core/dist/babel/index.cjs:141392:22)
      at node_modules/@storybook/core/dist/babel/index.cjs:141986:41
      at Nv.allowInAnd (node_modules/@storybook/core/dist/babel/index.cjs:142978:14)
      at Nv.parseMaybeAssignAllowIn (node_modules/@storybook/core/dist/babel/index.cjs:141986:19)
      at Nv.parseObjectProperty (node_modules/@storybook/core/dist/babel/index.cjs:142656:81)
      at Nv.parseObjPropValue (node_modules/@storybook/core/dist/babel/index.cjs:142671:61)
      at Nv.parseObjPropValue (node_modules/@storybook/core/dist/babel/index.cjs:141367:49)
      at Nv.parsePropertyDefinition (node_modules/@storybook/core/dist/babel/index.cjs:142632:19)
      at Nv.parseObjectLike (node_modules/@storybook/core/dist/babel/index.cjs:142596:57)
      at Nv.parseExprAtom (node_modules/@storybook/core/dist/babel/index.cjs:142302:23)
      at Nv.parseExprAtom (node_modules/@storybook/core/dist/babel/index.cjs:139667:45)
      at Nv.parseExprSubscripts (node_modules/@storybook/core/dist/babel/index.cjs:142149:78)
      at Nv.parseUpdate (node_modules/@storybook/core/dist/babel/index.cjs:142139:45)
      at Nv.parseMaybeUnary (node_modules/@storybook/core/dist/babel/index.cjs:142124:20)
      at Nv.parseMaybeUnary (node_modules/@storybook/core/dist/babel/index.cjs:141419:93)
      at Nv.parseMaybeUnaryOrPrivate (node_modules/@storybook/core/dist/babel/index.cjs:142032:63)
      at Nv.parseExprOps (node_modules/@storybook/core/dist/babel/index.cjs:142035:78)
      at Nv.parseMaybeConditional (node_modules/@storybook/core/dist/babel/index.cjs:142020:78)
      at Nv.parseMaybeAssign (node_modules/@storybook/core/dist/babel/index.cjs:142004:20)
      at Nv.parseMaybeAssign (node_modules/@storybook/core/dist/babel/index.cjs:141392:22)
      at node_modules/@storybook/core/dist/babel/index.cjs:141986:41
      at Nv.allowInAnd (node_modules/@storybook/core/dist/babel/index.cjs:142978:14)
      at Nv.parseMaybeAssignAllowIn (node_modules/@storybook/core/dist/babel/index.cjs:141986:19)
      at Nv.parseObjectProperty (node_modules/@storybook/core/dist/babel/index.cjs:142656:81)
      at Nv.parseObjPropValue (node_modules/@storybook/core/dist/babel/index.cjs:142671:61)
      If you are in development, this likely indicates a problem with your Storybook process,
      check the terminal for errors.
      If you are in a deployed Storybook, there may have been an issue deploying the full Storybook
      build.
      at constructor (node_modules/@storybook/core/dist/babel/index.cjs:134900:15)
      at Nv.raise (node_modules/@storybook/core/dist/babel/index.cjs:137217:54)
      at Nv.readWord1 (node_modules/@storybook/core/dist/babel/index.cjs:137193:18)
      at Nv.readWord (node_modules/@storybook/core/dist/babel/index.cjs:137205:20)
      at Nv.getTokenFromCode (node_modules/@storybook/core/dist/babel/index.cjs:137028:16)
      at Nv.getTokenFromCode (node_modules/@storybook/core/dist/babel/index.cjs:139696:13)
      at Nv.getTokenFromCode (node_modules/@storybook/core/dist/babel/index.cjs:141547:13)
      at Nv.nextToken (node_modules/@storybook/core/dist/babel/index.cjs:136654:12)
      at Nv.next (node_modules/@storybook/core/dist/babel/index.cjs:136586:62)
      at Nv.eat (node_modules/@storybook/core/dist/babel/index.cjs:136589:36)
      at Nv.parseObjectProperty (node_modules/@storybook/core/dist/babel/index.cjs:142655:34)
      at Nv.parseObjPropValue (node_modules/@storybook/core/dist/babel/index.cjs:142671:61)
      at Nv.parseObjPropValue (node_modules/@storybook/core/dist/babel/index.cjs:141367:49)
      at Nv.parsePropertyDefinition (node_modules/@storybook/core/dist/babel/index.cjs:142632:19)
      at Nv.parseObjectLike (node_modules/@storybook/core/dist/babel/index.cjs:142596:57)
      at Nv.parseExprAtom (node_modules/@storybook/core/dist/babel/index.cjs:142302:23)
      at Nv.parseExprAtom (node_modules/@storybook/core/dist/babel/index.cjs:139667:45)
      at Nv.parseExprSubscripts (node_modules/@storybook/core/dist/babel/index.cjs:142149:78)
      at Nv.parseUpdate (node_modules/@storybook/core/dist/babel/index.cjs:142139:45)
      at Nv.parseMaybeUnary (node_modules/@storybook/core/dist/babel/index.cjs:142124:20)
      at Nv.parseMaybeUnary (node_modules/@storybook/core/dist/babel/index.cjs:141419:93)
      at Nv.parseMaybeUnaryOrPrivate (node_modules/@storybook/core/dist/babel/index.cjs:142032:63)
      at Nv.parseExprOps (node_modules/@storybook/core/dist/babel/index.cjs:142035:78)
      at Nv.parseMaybeConditional (node_modules/@storybook/core/dist/babel/index.cjs:142020:78)
      at Nv.parseMaybeAssign (node_modules/@storybook/core/dist/babel/index.cjs:142004:20)
      at Nv.parseMaybeAssign (node_modules/@storybook/core/dist/babel/index.cjs:141392:22)
      at node_modules/@storybook/core/dist/babel/index.cjs:141986:41
      at Nv.allowInAnd (node_modules/@storybook/core/dist/babel/index.cjs:142978:14)
      at Nv.parseMaybeAssignAllowIn (node_modules/@storybook/core/dist/babel/index.cjs:141986:19)
      at Nv.parseObjectProperty (node_modules/@storybook/core/dist/babel/index.cjs:142656:81)
      at Nv.parseObjPropValue (node_modules/@storybook/core/dist/babel/index.cjs:142671:61)
      at Nv.parseObjPropValue (node_modules/@storybook/core/dist/babel/index.cjs:141367:49)
      at Nv.parsePropertyDefinition (node_modules/@storybook/core/dist/babel/index.cjs:142632:19)
      at Nv.parseObjectLike (node_modules/@storybook/core/dist/babel/index.cjs:142596:57)
      at Nv.parseExprAtom (node_modules/@storybook/core/dist/babel/index.cjs:142302:23)
      at Nv.parseExprAtom (node_modules/@storybook/core/dist/babel/index.cjs:139667:45)
      at Nv.parseExprSubscripts (node_modules/@storybook/core/dist/babel/index.cjs:142149:78)
      at Nv.parseUpdate (node_modules/@storybook/core/dist/babel/index.cjs:142139:45)
      at Nv.parseMaybeUnary (node_modules/@storybook/core/dist/babel/index.cjs:142124:20)
      at Nv.parseMaybeUnary (node_modules/@storybook/core/dist/babel/index.cjs:141419:93)
      at Nv.parseMaybeUnaryOrPrivate (node_modules/@storybook/core/dist/babel/index.cjs:142032:63)
      at Nv.parseExprOps (node_modules/@storybook/core/dist/babel/index.cjs:142035:78)
      at Nv.parseMaybeConditional (node_modules/@storybook/core/dist/babel/index.cjs:142020:78)
      at Nv.parseMaybeAssign (node_modules/@storybook/core/dist/babel/index.cjs:142004:20)
      at Nv.parseMaybeAssign (node_modules/@storybook/core/dist/babel/index.cjs:141392:22)
      at node_modules/@storybook/core/dist/babel/index.cjs:141986:41
      at Nv.allowInAnd (node_modules/@storybook/core/dist/babel/index.cjs:142978:14)
      at Nv.parseMaybeAssignAllowIn (node_modules/@storybook/core/dist/babel/index.cjs:141986:19)
      at Nv.parseObjectProperty (node_modules/@storybook/core/dist/babel/index.cjs:142656:81)
      at Nv.parseObjPropValue (node_modules/@storybook/core/dist/babel/index.cjs:142671:61)
      If you are in development, this likely indicates a problem with your Storybook process,
      check the terminal for errors.
      If you are in a deployed Storybook, there may have been an issue deploying the full Storybook
      build.
      at ns2.getStoryIndexFromServer (packages/components/http:/localhost:6007/packages/components/node_modules/.cache/storybook/1c3385a5d25e538d10b518b310c74d3ca2690b6aaffeadccd74da79736171f86/sb-vite/deps/storybook_internal_preview_runtime.js?v=b3da04b4:8624:11)
      at async ns2.initializeWithProjectAnnotations (packages/components/http:/localhost:6007/packages/components/node_modules/.cache/storybook/1c3385a5d25e538d10b518b310c74d3ca2690b6aaffeadccd74da79736171f86/sb-vite/deps/storybook_internal_preview_runtime.js?v=b3da04b4:8606:15)
      at async ns2.initialize (packages/components/http:/localhost:6007/packages/components/node_modules/.cache/storybook/1c3385a5d25e538d10b518b310c74d3ca2690b6aaffeadccd74da79736171f86/sb-vite/deps/storybook_internal_preview_runtime.js?v=b3da04b4:8581:39)

  ● Components/SideNavigation › WithClickHandlers › smoke-test

    thrown: "Exceeded timeout of 30000 ms for a test.
    Add a timeout value to this test to increase the timeout, if this is a long-running test. See https://jestjs.io/docs/api#testname-fn-timeout."

      569 |     layout: 'fullscreen',
      570 |     docs: {
    > 571 |       description: {
          |             ^
      572 |         story: 'Sidebar with multiple navigation groups separated by dividers.',
      573 |       },
      574 |       story: {

      at packages/components/src/SideNavigation/SideNavigation.stories.tsx:571:13
      at packages/components/src/SideNavigation/SideNavigation.stories.tsx:570:9
      at Object.<anonymous> (packages/components/src/SideNavigation/SideNavigation.stories.tsx:128:5)

  ● Components/SideNavigation › MultipleGroups › smoke-test

    SB_PREVIEW_API_0006 (StoryIndexFetchError): Error fetching `/index.json`:

    Unable to index ./src/Table/EnhancedTable.stories.tsx:
      SyntaxError: Expecting Unicode escape sequence \uXXXX. (1467:15)

      at constructor (node_modules/@storybook/core/dist/babel/index.cjs:134900:15)
      at Nv.raise (node_modules/@storybook/core/dist/babel/index.cjs:137217:54)
      at Nv.readWord1 (node_modules/@storybook/core/dist/babel/index.cjs:137193:18)
      at Nv.readWord (node_modules/@storybook/core/dist/babel/index.cjs:137205:20)
      at Nv.getTokenFromCode (node_modules/@storybook/core/dist/babel/index.cjs:137028:16)
      at Nv.getTokenFromCode (node_modules/@storybook/core/dist/babel/index.cjs:139696:13)
      at Nv.getTokenFromCode (node_modules/@storybook/core/dist/babel/index.cjs:141547:13)
      at Nv.nextToken (node_modules/@storybook/core/dist/babel/index.cjs:136654:12)
      at Nv.next (node_modules/@storybook/core/dist/babel/index.cjs:136586:62)
      at Nv.eat (node_modules/@storybook/core/dist/babel/index.cjs:136589:36)
      at Nv.parseObjectProperty (node_modules/@storybook/core/dist/babel/index.cjs:142655:34)
      at Nv.parseObjPropValue (node_modules/@storybook/core/dist/babel/index.cjs:142671:61)
      at Nv.parseObjPropValue (node_modules/@storybook/core/dist/babel/index.cjs:141367:49)
      at Nv.parsePropertyDefinition (node_modules/@storybook/core/dist/babel/index.cjs:142632:19)
      at Nv.parseObjectLike (node_modules/@storybook/core/dist/babel/index.cjs:142596:57)
      at Nv.parseExprAtom (node_modules/@storybook/core/dist/babel/index.cjs:142302:23)
      at Nv.parseExprAtom (node_modules/@storybook/core/dist/babel/index.cjs:139667:45)
      at Nv.parseExprSubscripts (node_modules/@storybook/core/dist/babel/index.cjs:142149:78)
      at Nv.parseUpdate (node_modules/@storybook/core/dist/babel/index.cjs:142139:45)
      at Nv.parseMaybeUnary (node_modules/@storybook/core/dist/babel/index.cjs:142124:20)
      at Nv.parseMaybeUnary (node_modules/@storybook/core/dist/babel/index.cjs:141419:93)
      at Nv.parseMaybeUnaryOrPrivate (node_modules/@storybook/core/dist/babel/index.cjs:142032:63)
      at Nv.parseExprOps (node_modules/@storybook/core/dist/babel/index.cjs:142035:78)
      at Nv.parseMaybeConditional (node_modules/@storybook/core/dist/babel/index.cjs:142020:78)
      at Nv.parseMaybeAssign (node_modules/@storybook/core/dist/babel/index.cjs:142004:20)
      at Nv.parseMaybeAssign (node_modules/@storybook/core/dist/babel/index.cjs:141392:22)
      at node_modules/@storybook/core/dist/babel/index.cjs:141986:41
      at Nv.allowInAnd (node_modules/@storybook/core/dist/babel/index.cjs:142978:14)
      at Nv.parseMaybeAssignAllowIn (node_modules/@storybook/core/dist/babel/index.cjs:141986:19)
      at Nv.parseObjectProperty (node_modules/@storybook/core/dist/babel/index.cjs:142656:81)
      at Nv.parseObjPropValue (node_modules/@storybook/core/dist/babel/index.cjs:142671:61)
      at Nv.parseObjPropValue (node_modules/@storybook/core/dist/babel/index.cjs:141367:49)
      at Nv.parsePropertyDefinition (node_modules/@storybook/core/dist/babel/index.cjs:142632:19)
      at Nv.parseObjectLike (node_modules/@storybook/core/dist/babel/index.cjs:142596:57)
      at Nv.parseExprAtom (node_modules/@storybook/core/dist/babel/index.cjs:142302:23)
      at Nv.parseExprAtom (node_modules/@storybook/core/dist/babel/index.cjs:139667:45)
      at Nv.parseExprSubscripts (node_modules/@storybook/core/dist/babel/index.cjs:142149:78)
      at Nv.parseUpdate (node_modules/@storybook/core/dist/babel/index.cjs:142139:45)
      at Nv.parseMaybeUnary (node_modules/@storybook/core/dist/babel/index.cjs:142124:20)
      at Nv.parseMaybeUnary (node_modules/@storybook/core/dist/babel/index.cjs:141419:93)
      at Nv.parseMaybeUnaryOrPrivate (node_modules/@storybook/core/dist/babel/index.cjs:142032:63)
      at Nv.parseExprOps (node_modules/@storybook/core/dist/babel/index.cjs:142035:78)
      at Nv.parseMaybeConditional (node_modules/@storybook/core/dist/babel/index.cjs:142020:78)
      at Nv.parseMaybeAssign (node_modules/@storybook/core/dist/babel/index.cjs:142004:20)
      at Nv.parseMaybeAssign (node_modules/@storybook/core/dist/babel/index.cjs:141392:22)
      at node_modules/@storybook/core/dist/babel/index.cjs:141986:41
      at Nv.allowInAnd (node_modules/@storybook/core/dist/babel/index.cjs:142978:14)
      at Nv.parseMaybeAssignAllowIn (node_modules/@storybook/core/dist/babel/index.cjs:141986:19)
      at Nv.parseObjectProperty (node_modules/@storybook/core/dist/babel/index.cjs:142656:81)
      at Nv.parseObjPropValue (node_modules/@storybook/core/dist/babel/index.cjs:142671:61)
      If you are in development, this likely indicates a problem with your Storybook process,
      check the terminal for errors.
      If you are in a deployed Storybook, there may have been an issue deploying the full Storybook
      build.
      at constructor (node_modules/@storybook/core/dist/babel/index.cjs:134900:15)
      at Nv.raise (node_modules/@storybook/core/dist/babel/index.cjs:137217:54)
      at Nv.readWord1 (node_modules/@storybook/core/dist/babel/index.cjs:137193:18)
      at Nv.readWord (node_modules/@storybook/core/dist/babel/index.cjs:137205:20)
      at Nv.getTokenFromCode (node_modules/@storybook/core/dist/babel/index.cjs:137028:16)
      at Nv.getTokenFromCode (node_modules/@storybook/core/dist/babel/index.cjs:139696:13)
      at Nv.getTokenFromCode (node_modules/@storybook/core/dist/babel/index.cjs:141547:13)
      at Nv.nextToken (node_modules/@storybook/core/dist/babel/index.cjs:136654:12)
      at Nv.next (node_modules/@storybook/core/dist/babel/index.cjs:136586:62)
      at Nv.eat (node_modules/@storybook/core/dist/babel/index.cjs:136589:36)
      at Nv.parseObjectProperty (node_modules/@storybook/core/dist/babel/index.cjs:142655:34)
      at Nv.parseObjPropValue (node_modules/@storybook/core/dist/babel/index.cjs:142671:61)
      at Nv.parseObjPropValue (node_modules/@storybook/core/dist/babel/index.cjs:141367:49)
      at Nv.parsePropertyDefinition (node_modules/@storybook/core/dist/babel/index.cjs:142632:19)
      at Nv.parseObjectLike (node_modules/@storybook/core/dist/babel/index.cjs:142596:57)
      at Nv.parseExprAtom (node_modules/@storybook/core/dist/babel/index.cjs:142302:23)
      at Nv.parseExprAtom (node_modules/@storybook/core/dist/babel/index.cjs:139667:45)
      at Nv.parseExprSubscripts (node_modules/@storybook/core/dist/babel/index.cjs:142149:78)
      at Nv.parseUpdate (node_modules/@storybook/core/dist/babel/index.cjs:142139:45)
      at Nv.parseMaybeUnary (node_modules/@storybook/core/dist/babel/index.cjs:142124:20)
      at Nv.parseMaybeUnary (node_modules/@storybook/core/dist/babel/index.cjs:141419:93)
      at Nv.parseMaybeUnaryOrPrivate (node_modules/@storybook/core/dist/babel/index.cjs:142032:63)
      at Nv.parseExprOps (node_modules/@storybook/core/dist/babel/index.cjs:142035:78)
      at Nv.parseMaybeConditional (node_modules/@storybook/core/dist/babel/index.cjs:142020:78)
      at Nv.parseMaybeAssign (node_modules/@storybook/core/dist/babel/index.cjs:142004:20)
      at Nv.parseMaybeAssign (node_modules/@storybook/core/dist/babel/index.cjs:141392:22)
      at node_modules/@storybook/core/dist/babel/index.cjs:141986:41
      at Nv.allowInAnd (node_modules/@storybook/core/dist/babel/index.cjs:142978:14)
      at Nv.parseMaybeAssignAllowIn (node_modules/@storybook/core/dist/babel/index.cjs:141986:19)
      at Nv.parseObjectProperty (node_modules/@storybook/core/dist/babel/index.cjs:142656:81)
      at Nv.parseObjPropValue (node_modules/@storybook/core/dist/babel/index.cjs:142671:61)
      at Nv.parseObjPropValue (node_modules/@storybook/core/dist/babel/index.cjs:141367:49)
      at Nv.parsePropertyDefinition (node_modules/@storybook/core/dist/babel/index.cjs:142632:19)
      at Nv.parseObjectLike (node_modules/@storybook/core/dist/babel/index.cjs:142596:57)
      at Nv.parseExprAtom (node_modules/@storybook/core/dist/babel/index.cjs:142302:23)
      at Nv.parseExprAtom (node_modules/@storybook/core/dist/babel/index.cjs:139667:45)
      at Nv.parseExprSubscripts (node_modules/@storybook/core/dist/babel/index.cjs:142149:78)
      at Nv.parseUpdate (node_modules/@storybook/core/dist/babel/index.cjs:142139:45)
      at Nv.parseMaybeUnary (node_modules/@storybook/core/dist/babel/index.cjs:142124:20)
      at Nv.parseMaybeUnary (node_modules/@storybook/core/dist/babel/index.cjs:141419:93)
      at Nv.parseMaybeUnaryOrPrivate (node_modules/@storybook/core/dist/babel/index.cjs:142032:63)
      at Nv.parseExprOps (node_modules/@storybook/core/dist/babel/index.cjs:142035:78)
      at Nv.parseMaybeConditional (node_modules/@storybook/core/dist/babel/index.cjs:142020:78)
      at Nv.parseMaybeAssign (node_modules/@storybook/core/dist/babel/index.cjs:142004:20)
      at Nv.parseMaybeAssign (node_modules/@storybook/core/dist/babel/index.cjs:141392:22)
      at node_modules/@storybook/core/dist/babel/index.cjs:141986:41
      at Nv.allowInAnd (node_modules/@storybook/core/dist/babel/index.cjs:142978:14)
      at Nv.parseMaybeAssignAllowIn (node_modules/@storybook/core/dist/babel/index.cjs:141986:19)
      at Nv.parseObjectProperty (node_modules/@storybook/core/dist/babel/index.cjs:142656:81)
      at Nv.parseObjPropValue (node_modules/@storybook/core/dist/babel/index.cjs:142671:61)
      If you are in development, this likely indicates a problem with your Storybook process,
      check the terminal for errors.
      If you are in a deployed Storybook, there may have been an issue deploying the full Storybook
      build.
      at ns2.getStoryIndexFromServer (packages/components/http:/localhost:6007/packages/components/node_modules/.cache/storybook/1c3385a5d25e538d10b518b310c74d3ca2690b6aaffeadccd74da79736171f86/sb-vite/deps/storybook_internal_preview_runtime.js?v=b3da04b4:8624:11)
      at async ns2.initializeWithProjectAnnotations (packages/components/http:/localhost:6007/packages/components/node_modules/.cache/storybook/1c3385a5d25e538d10b518b310c74d3ca2690b6aaffeadccd74da79736171f86/sb-vite/deps/storybook_internal_preview_runtime.js?v=b3da04b4:8606:15)
      at async ns2.initialize (packages/components/http:/localhost:6007/packages/components/node_modules/.cache/storybook/1c3385a5d25e538d10b518b310c74d3ca2690b6aaffeadccd74da79736171f86/sb-vite/deps/storybook_internal_preview_runtime.js?v=b3da04b4:8581:39)

  ● Components/SideNavigation › MultipleGroups › smoke-test

    thrown: "Exceeded timeout of 30000 ms for a test.
    Add a timeout value to this test to increase the timeout, if this is a long-running test. See https://jestjs.io/docs/api#testname-fn-timeout."

      716 |   },
      717 | };
    > 718 |
          | ^
      719 | export const WithAvatarImage: Story = {
      720 |   args: {
      721 |     groups: sampleGroups,

      at packages/components/src/SideNavigation/SideNavigation.stories.tsx:718:13
      at packages/components/src/SideNavigation/SideNavigation.stories.tsx:717:9
      at Object.<anonymous> (packages/components/src/SideNavigation/SideNavigation.stories.tsx:128:5)

  ● Components/SideNavigation › WithActiveState › smoke-test

    SB_PREVIEW_API_0006 (StoryIndexFetchError): Error fetching `/index.json`:

    Unable to index ./src/Table/EnhancedTable.stories.tsx:
      SyntaxError: Expecting Unicode escape sequence \uXXXX. (1467:15)

      at constructor (node_modules/@storybook/core/dist/babel/index.cjs:134900:15)
      at Nv.raise (node_modules/@storybook/core/dist/babel/index.cjs:137217:54)
      at Nv.readWord1 (node_modules/@storybook/core/dist/babel/index.cjs:137193:18)
      at Nv.readWord (node_modules/@storybook/core/dist/babel/index.cjs:137205:20)
      at Nv.getTokenFromCode (node_modules/@storybook/core/dist/babel/index.cjs:137028:16)
      at Nv.getTokenFromCode (node_modules/@storybook/core/dist/babel/index.cjs:139696:13)
      at Nv.getTokenFromCode (node_modules/@storybook/core/dist/babel/index.cjs:141547:13)
      at Nv.nextToken (node_modules/@storybook/core/dist/babel/index.cjs:136654:12)
      at Nv.next (node_modules/@storybook/core/dist/babel/index.cjs:136586:62)
      at Nv.eat (node_modules/@storybook/core/dist/babel/index.cjs:136589:36)
      at Nv.parseObjectProperty (node_modules/@storybook/core/dist/babel/index.cjs:142655:34)
      at Nv.parseObjPropValue (node_modules/@storybook/core/dist/babel/index.cjs:142671:61)
      at Nv.parseObjPropValue (node_modules/@storybook/core/dist/babel/index.cjs:141367:49)
      at Nv.parsePropertyDefinition (node_modules/@storybook/core/dist/babel/index.cjs:142632:19)
      at Nv.parseObjectLike (node_modules/@storybook/core/dist/babel/index.cjs:142596:57)
      at Nv.parseExprAtom (node_modules/@storybook/core/dist/babel/index.cjs:142302:23)
      at Nv.parseExprAtom (node_modules/@storybook/core/dist/babel/index.cjs:139667:45)
      at Nv.parseExprSubscripts (node_modules/@storybook/core/dist/babel/index.cjs:142149:78)
      at Nv.parseUpdate (node_modules/@storybook/core/dist/babel/index.cjs:142139:45)
      at Nv.parseMaybeUnary (node_modules/@storybook/core/dist/babel/index.cjs:142124:20)
      at Nv.parseMaybeUnary (node_modules/@storybook/core/dist/babel/index.cjs:141419:93)
      at Nv.parseMaybeUnaryOrPrivate (node_modules/@storybook/core/dist/babel/index.cjs:142032:63)
      at Nv.parseExprOps (node_modules/@storybook/core/dist/babel/index.cjs:142035:78)
      at Nv.parseMaybeConditional (node_modules/@storybook/core/dist/babel/index.cjs:142020:78)
      at Nv.parseMaybeAssign (node_modules/@storybook/core/dist/babel/index.cjs:142004:20)
      at Nv.parseMaybeAssign (node_modules/@storybook/core/dist/babel/index.cjs:141392:22)
      at node_modules/@storybook/core/dist/babel/index.cjs:141986:41
      at Nv.allowInAnd (node_modules/@storybook/core/dist/babel/index.cjs:142978:14)
      at Nv.parseMaybeAssignAllowIn (node_modules/@storybook/core/dist/babel/index.cjs:141986:19)
      at Nv.parseObjectProperty (node_modules/@storybook/core/dist/babel/index.cjs:142656:81)
      at Nv.parseObjPropValue (node_modules/@storybook/core/dist/babel/index.cjs:142671:61)
      at Nv.parseObjPropValue (node_modules/@storybook/core/dist/babel/index.cjs:141367:49)
      at Nv.parsePropertyDefinition (node_modules/@storybook/core/dist/babel/index.cjs:142632:19)
      at Nv.parseObjectLike (node_modules/@storybook/core/dist/babel/index.cjs:142596:57)
      at Nv.parseExprAtom (node_modules/@storybook/core/dist/babel/index.cjs:142302:23)
      at Nv.parseExprAtom (node_modules/@storybook/core/dist/babel/index.cjs:139667:45)
      at Nv.parseExprSubscripts (node_modules/@storybook/core/dist/babel/index.cjs:142149:78)
      at Nv.parseUpdate (node_modules/@storybook/core/dist/babel/index.cjs:142139:45)
      at Nv.parseMaybeUnary (node_modules/@storybook/core/dist/babel/index.cjs:142124:20)
      at Nv.parseMaybeUnary (node_modules/@storybook/core/dist/babel/index.cjs:141419:93)
      at Nv.parseMaybeUnaryOrPrivate (node_modules/@storybook/core/dist/babel/index.cjs:142032:63)
      at Nv.parseExprOps (node_modules/@storybook/core/dist/babel/index.cjs:142035:78)
      at Nv.parseMaybeConditional (node_modules/@storybook/core/dist/babel/index.cjs:142020:78)
      at Nv.parseMaybeAssign (node_modules/@storybook/core/dist/babel/index.cjs:142004:20)
      at Nv.parseMaybeAssign (node_modules/@storybook/core/dist/babel/index.cjs:141392:22)
      at node_modules/@storybook/core/dist/babel/index.cjs:141986:41
      at Nv.allowInAnd (node_modules/@storybook/core/dist/babel/index.cjs:142978:14)
      at Nv.parseMaybeAssignAllowIn (node_modules/@storybook/core/dist/babel/index.cjs:141986:19)
      at Nv.parseObjectProperty (node_modules/@storybook/core/dist/babel/index.cjs:142656:81)
      at Nv.parseObjPropValue (node_modules/@storybook/core/dist/babel/index.cjs:142671:61)
      If you are in development, this likely indicates a problem with your Storybook process,
      check the terminal for errors.
      If you are in a deployed Storybook, there may have been an issue deploying the full Storybook
      build.
      at constructor (node_modules/@storybook/core/dist/babel/index.cjs:134900:15)
      at Nv.raise (node_modules/@storybook/core/dist/babel/index.cjs:137217:54)
      at Nv.readWord1 (node_modules/@storybook/core/dist/babel/index.cjs:137193:18)
      at Nv.readWord (node_modules/@storybook/core/dist/babel/index.cjs:137205:20)
      at Nv.getTokenFromCode (node_modules/@storybook/core/dist/babel/index.cjs:137028:16)
      at Nv.getTokenFromCode (node_modules/@storybook/core/dist/babel/index.cjs:139696:13)
      at Nv.getTokenFromCode (node_modules/@storybook/core/dist/babel/index.cjs:141547:13)
      at Nv.nextToken (node_modules/@storybook/core/dist/babel/index.cjs:136654:12)
      at Nv.next (node_modules/@storybook/core/dist/babel/index.cjs:136586:62)
      at Nv.eat (node_modules/@storybook/core/dist/babel/index.cjs:136589:36)
      at Nv.parseObjectProperty (node_modules/@storybook/core/dist/babel/index.cjs:142655:34)
      at Nv.parseObjPropValue (node_modules/@storybook/core/dist/babel/index.cjs:142671:61)
      at Nv.parseObjPropValue (node_modules/@storybook/core/dist/babel/index.cjs:141367:49)
      at Nv.parsePropertyDefinition (node_modules/@storybook/core/dist/babel/index.cjs:142632:19)
      at Nv.parseObjectLike (node_modules/@storybook/core/dist/babel/index.cjs:142596:57)
      at Nv.parseExprAtom (node_modules/@storybook/core/dist/babel/index.cjs:142302:23)
      at Nv.parseExprAtom (node_modules/@storybook/core/dist/babel/index.cjs:139667:45)
      at Nv.parseExprSubscripts (node_modules/@storybook/core/dist/babel/index.cjs:142149:78)
      at Nv.parseUpdate (node_modules/@storybook/core/dist/babel/index.cjs:142139:45)
      at Nv.parseMaybeUnary (node_modules/@storybook/core/dist/babel/index.cjs:142124:20)
      at Nv.parseMaybeUnary (node_modules/@storybook/core/dist/babel/index.cjs:141419:93)
      at Nv.parseMaybeUnaryOrPrivate (node_modules/@storybook/core/dist/babel/index.cjs:142032:63)
      at Nv.parseExprOps (node_modules/@storybook/core/dist/babel/index.cjs:142035:78)
      at Nv.parseMaybeConditional (node_modules/@storybook/core/dist/babel/index.cjs:142020:78)
      at Nv.parseMaybeAssign (node_modules/@storybook/core/dist/babel/index.cjs:142004:20)
      at Nv.parseMaybeAssign (node_modules/@storybook/core/dist/babel/index.cjs:141392:22)
      at node_modules/@storybook/core/dist/babel/index.cjs:141986:41
      at Nv.allowInAnd (node_modules/@storybook/core/dist/babel/index.cjs:142978:14)
      at Nv.parseMaybeAssignAllowIn (node_modules/@storybook/core/dist/babel/index.cjs:141986:19)
      at Nv.parseObjectProperty (node_modules/@storybook/core/dist/babel/index.cjs:142656:81)
      at Nv.parseObjPropValue (node_modules/@storybook/core/dist/babel/index.cjs:142671:61)
      at Nv.parseObjPropValue (node_modules/@storybook/core/dist/babel/index.cjs:141367:49)
      at Nv.parsePropertyDefinition (node_modules/@storybook/core/dist/babel/index.cjs:142632:19)
      at Nv.parseObjectLike (node_modules/@storybook/core/dist/babel/index.cjs:142596:57)
      at Nv.parseExprAtom (node_modules/@storybook/core/dist/babel/index.cjs:142302:23)
      at Nv.parseExprAtom (node_modules/@storybook/core/dist/babel/index.cjs:139667:45)
      at Nv.parseExprSubscripts (node_modules/@storybook/core/dist/babel/index.cjs:142149:78)
      at Nv.parseUpdate (node_modules/@storybook/core/dist/babel/index.cjs:142139:45)
      at Nv.parseMaybeUnary (node_modules/@storybook/core/dist/babel/index.cjs:142124:20)
      at Nv.parseMaybeUnary (node_modules/@storybook/core/dist/babel/index.cjs:141419:93)
      at Nv.parseMaybeUnaryOrPrivate (node_modules/@storybook/core/dist/babel/index.cjs:142032:63)
      at Nv.parseExprOps (node_modules/@storybook/core/dist/babel/index.cjs:142035:78)
      at Nv.parseMaybeConditional (node_modules/@storybook/core/dist/babel/index.cjs:142020:78)
      at Nv.parseMaybeAssign (node_modules/@storybook/core/dist/babel/index.cjs:142004:20)
      at Nv.parseMaybeAssign (node_modules/@storybook/core/dist/babel/index.cjs:141392:22)
      at node_modules/@storybook/core/dist/babel/index.cjs:141986:41
      at Nv.allowInAnd (node_modules/@storybook/core/dist/babel/index.cjs:142978:14)
      at Nv.parseMaybeAssignAllowIn (node_modules/@storybook/core/dist/babel/index.cjs:141986:19)
      at Nv.parseObjectProperty (node_modules/@storybook/core/dist/babel/index.cjs:142656:81)
      at Nv.parseObjPropValue (node_modules/@storybook/core/dist/babel/index.cjs:142671:61)
      If you are in development, this likely indicates a problem with your Storybook process,
      check the terminal for errors.
      If you are in a deployed Storybook, there may have been an issue deploying the full Storybook
      build.
      at ns2.getStoryIndexFromServer (packages/components/http:/localhost:6007/packages/components/node_modules/.cache/storybook/1c3385a5d25e538d10b518b310c74d3ca2690b6aaffeadccd74da79736171f86/sb-vite/deps/storybook_internal_preview_runtime.js?v=b3da04b4:8624:11)
      at async ns2.initializeWithProjectAnnotations (packages/components/http:/localhost:6007/packages/components/node_modules/.cache/storybook/1c3385a5d25e538d10b518b310c74d3ca2690b6aaffeadccd74da79736171f86/sb-vite/deps/storybook_internal_preview_runtime.js?v=b3da04b4:8606:15)
      at async ns2.initialize (packages/components/http:/localhost:6007/packages/components/node_modules/.cache/storybook/1c3385a5d25e538d10b518b310c74d3ca2690b6aaffeadccd74da79736171f86/sb-vite/deps/storybook_internal_preview_runtime.js?v=b3da04b4:8581:39)

  ● Components/SideNavigation › WithActiveState › smoke-test

    thrown: "Exceeded timeout of 30000 ms for a test.
    Add a timeout value to this test to increase the timeout, if this is a long-running test. See https://jestjs.io/docs/api#testname-fn-timeout."

      863 |         title: 'CONTENT',
      864 |         items: [
    > 865 |           {
          |            ^
      866 |             id: 'posts',
      867 |             label: 'Posts',
      868 |             icon: <Icon name="Edit" size="medium" />,

      at packages/components/src/SideNavigation/SideNavigation.stories.tsx:865:13
      at packages/components/src/SideNavigation/SideNavigation.stories.tsx:864:9
      at Object.<anonymous> (packages/components/src/SideNavigation/SideNavigation.stories.tsx:128:5)

  ● Components/SideNavigation › PinnedState › smoke-test

    SB_PREVIEW_API_0006 (StoryIndexFetchError): Error fetching `/index.json`:

    Unable to index ./src/Table/EnhancedTable.stories.tsx:
      SyntaxError: Expecting Unicode escape sequence \uXXXX. (1467:15)

      at constructor (node_modules/@storybook/core/dist/babel/index.cjs:134900:15)
      at Nv.raise (node_modules/@storybook/core/dist/babel/index.cjs:137217:54)
      at Nv.readWord1 (node_modules/@storybook/core/dist/babel/index.cjs:137193:18)
      at Nv.readWord (node_modules/@storybook/core/dist/babel/index.cjs:137205:20)
      at Nv.getTokenFromCode (node_modules/@storybook/core/dist/babel/index.cjs:137028:16)
      at Nv.getTokenFromCode (node_modules/@storybook/core/dist/babel/index.cjs:139696:13)
      at Nv.getTokenFromCode (node_modules/@storybook/core/dist/babel/index.cjs:141547:13)
      at Nv.nextToken (node_modules/@storybook/core/dist/babel/index.cjs:136654:12)
      at Nv.next (node_modules/@storybook/core/dist/babel/index.cjs:136586:62)
      at Nv.eat (node_modules/@storybook/core/dist/babel/index.cjs:136589:36)
      at Nv.parseObjectProperty (node_modules/@storybook/core/dist/babel/index.cjs:142655:34)
      at Nv.parseObjPropValue (node_modules/@storybook/core/dist/babel/index.cjs:142671:61)
      at Nv.parseObjPropValue (node_modules/@storybook/core/dist/babel/index.cjs:141367:49)
      at Nv.parsePropertyDefinition (node_modules/@storybook/core/dist/babel/index.cjs:142632:19)
      at Nv.parseObjectLike (node_modules/@storybook/core/dist/babel/index.cjs:142596:57)
      at Nv.parseExprAtom (node_modules/@storybook/core/dist/babel/index.cjs:142302:23)
      at Nv.parseExprAtom (node_modules/@storybook/core/dist/babel/index.cjs:139667:45)
      at Nv.parseExprSubscripts (node_modules/@storybook/core/dist/babel/index.cjs:142149:78)
      at Nv.parseUpdate (node_modules/@storybook/core/dist/babel/index.cjs:142139:45)
      at Nv.parseMaybeUnary (node_modules/@storybook/core/dist/babel/index.cjs:142124:20)
      at Nv.parseMaybeUnary (node_modules/@storybook/core/dist/babel/index.cjs:141419:93)
      at Nv.parseMaybeUnaryOrPrivate (node_modules/@storybook/core/dist/babel/index.cjs:142032:63)
      at Nv.parseExprOps (node_modules/@storybook/core/dist/babel/index.cjs:142035:78)
      at Nv.parseMaybeConditional (node_modules/@storybook/core/dist/babel/index.cjs:142020:78)
      at Nv.parseMaybeAssign (node_modules/@storybook/core/dist/babel/index.cjs:142004:20)
      at Nv.parseMaybeAssign (node_modules/@storybook/core/dist/babel/index.cjs:141392:22)
      at node_modules/@storybook/core/dist/babel/index.cjs:141986:41
      at Nv.allowInAnd (node_modules/@storybook/core/dist/babel/index.cjs:142978:14)
      at Nv.parseMaybeAssignAllowIn (node_modules/@storybook/core/dist/babel/index.cjs:141986:19)
      at Nv.parseObjectProperty (node_modules/@storybook/core/dist/babel/index.cjs:142656:81)
      at Nv.parseObjPropValue (node_modules/@storybook/core/dist/babel/index.cjs:142671:61)
      at Nv.parseObjPropValue (node_modules/@storybook/core/dist/babel/index.cjs:141367:49)
      at Nv.parsePropertyDefinition (node_modules/@storybook/core/dist/babel/index.cjs:142632:19)
      at Nv.parseObjectLike (node_modules/@storybook/core/dist/babel/index.cjs:142596:57)
      at Nv.parseExprAtom (node_modules/@storybook/core/dist/babel/index.cjs:142302:23)
      at Nv.parseExprAtom (node_modules/@storybook/core/dist/babel/index.cjs:139667:45)
      at Nv.parseExprSubscripts (node_modules/@storybook/core/dist/babel/index.cjs:142149:78)
      at Nv.parseUpdate (node_modules/@storybook/core/dist/babel/index.cjs:142139:45)
      at Nv.parseMaybeUnary (node_modules/@storybook/core/dist/babel/index.cjs:142124:20)
      at Nv.parseMaybeUnary (node_modules/@storybook/core/dist/babel/index.cjs:141419:93)
      at Nv.parseMaybeUnaryOrPrivate (node_modules/@storybook/core/dist/babel/index.cjs:142032:63)
      at Nv.parseExprOps (node_modules/@storybook/core/dist/babel/index.cjs:142035:78)
      at Nv.parseMaybeConditional (node_modules/@storybook/core/dist/babel/index.cjs:142020:78)
      at Nv.parseMaybeAssign (node_modules/@storybook/core/dist/babel/index.cjs:142004:20)
      at Nv.parseMaybeAssign (node_modules/@storybook/core/dist/babel/index.cjs:141392:22)
      at node_modules/@storybook/core/dist/babel/index.cjs:141986:41
      at Nv.allowInAnd (node_modules/@storybook/core/dist/babel/index.cjs:142978:14)
      at Nv.parseMaybeAssignAllowIn (node_modules/@storybook/core/dist/babel/index.cjs:141986:19)
      at Nv.parseObjectProperty (node_modules/@storybook/core/dist/babel/index.cjs:142656:81)
      at Nv.parseObjPropValue (node_modules/@storybook/core/dist/babel/index.cjs:142671:61)
      If you are in development, this likely indicates a problem with your Storybook process,
      check the terminal for errors.
      If you are in a deployed Storybook, there may have been an issue deploying the full Storybook
      build.
      at constructor (node_modules/@storybook/core/dist/babel/index.cjs:134900:15)
      at Nv.raise (node_modules/@storybook/core/dist/babel/index.cjs:137217:54)
      at Nv.readWord1 (node_modules/@storybook/core/dist/babel/index.cjs:137193:18)
      at Nv.readWord (node_modules/@storybook/core/dist/babel/index.cjs:137205:20)
      at Nv.getTokenFromCode (node_modules/@storybook/core/dist/babel/index.cjs:137028:16)
      at Nv.getTokenFromCode (node_modules/@storybook/core/dist/babel/index.cjs:139696:13)
      at Nv.getTokenFromCode (node_modules/@storybook/core/dist/babel/index.cjs:141547:13)
      at Nv.nextToken (node_modules/@storybook/core/dist/babel/index.cjs:136654:12)
      at Nv.next (node_modules/@storybook/core/dist/babel/index.cjs:136586:62)
      at Nv.eat (node_modules/@storybook/core/dist/babel/index.cjs:136589:36)
      at Nv.parseObjectProperty (node_modules/@storybook/core/dist/babel/index.cjs:142655:34)
      at Nv.parseObjPropValue (node_modules/@storybook/core/dist/babel/index.cjs:142671:61)
      at Nv.parseObjPropValue (node_modules/@storybook/core/dist/babel/index.cjs:141367:49)
      at Nv.parsePropertyDefinition (node_modules/@storybook/core/dist/babel/index.cjs:142632:19)
      at Nv.parseObjectLike (node_modules/@storybook/core/dist/babel/index.cjs:142596:57)
      at Nv.parseExprAtom (node_modules/@storybook/core/dist/babel/index.cjs:142302:23)
      at Nv.parseExprAtom (node_modules/@storybook/core/dist/babel/index.cjs:139667:45)
      at Nv.parseExprSubscripts (node_modules/@storybook/core/dist/babel/index.cjs:142149:78)
      at Nv.parseUpdate (node_modules/@storybook/core/dist/babel/index.cjs:142139:45)
      at Nv.parseMaybeUnary (node_modules/@storybook/core/dist/babel/index.cjs:142124:20)
      at Nv.parseMaybeUnary (node_modules/@storybook/core/dist/babel/index.cjs:141419:93)
      at Nv.parseMaybeUnaryOrPrivate (node_modules/@storybook/core/dist/babel/index.cjs:142032:63)
      at Nv.parseExprOps (node_modules/@storybook/core/dist/babel/index.cjs:142035:78)
      at Nv.parseMaybeConditional (node_modules/@storybook/core/dist/babel/index.cjs:142020:78)
      at Nv.parseMaybeAssign (node_modules/@storybook/core/dist/babel/index.cjs:142004:20)
      at Nv.parseMaybeAssign (node_modules/@storybook/core/dist/babel/index.cjs:141392:22)
      at node_modules/@storybook/core/dist/babel/index.cjs:141986:41
      at Nv.allowInAnd (node_modules/@storybook/core/dist/babel/index.cjs:142978:14)
      at Nv.parseMaybeAssignAllowIn (node_modules/@storybook/core/dist/babel/index.cjs:141986:19)
      at Nv.parseObjectProperty (node_modules/@storybook/core/dist/babel/index.cjs:142656:81)
      at Nv.parseObjPropValue (node_modules/@storybook/core/dist/babel/index.cjs:142671:61)
      at Nv.parseObjPropValue (node_modules/@storybook/core/dist/babel/index.cjs:141367:49)
      at Nv.parsePropertyDefinition (node_modules/@storybook/core/dist/babel/index.cjs:142632:19)
      at Nv.parseObjectLike (node_modules/@storybook/core/dist/babel/index.cjs:142596:57)
      at Nv.parseExprAtom (node_modules/@storybook/core/dist/babel/index.cjs:142302:23)
      at Nv.parseExprAtom (node_modules/@storybook/core/dist/babel/index.cjs:139667:45)
      at Nv.parseExprSubscripts (node_modules/@storybook/core/dist/babel/index.cjs:142149:78)
      at Nv.parseUpdate (node_modules/@storybook/core/dist/babel/index.cjs:142139:45)
      at Nv.parseMaybeUnary (node_modules/@storybook/core/dist/babel/index.cjs:142124:20)
      at Nv.parseMaybeUnary (node_modules/@storybook/core/dist/babel/index.cjs:141419:93)
      at Nv.parseMaybeUnaryOrPrivate (node_modules/@storybook/core/dist/babel/index.cjs:142032:63)
      at Nv.parseExprOps (node_modules/@storybook/core/dist/babel/index.cjs:142035:78)
      at Nv.parseMaybeConditional (node_modules/@storybook/core/dist/babel/index.cjs:142020:78)
      at Nv.parseMaybeAssign (node_modules/@storybook/core/dist/babel/index.cjs:142004:20)
      at Nv.parseMaybeAssign (node_modules/@storybook/core/dist/babel/index.cjs:141392:22)
      at node_modules/@storybook/core/dist/babel/index.cjs:141986:41
      at Nv.allowInAnd (node_modules/@storybook/core/dist/babel/index.cjs:142978:14)
      at Nv.parseMaybeAssignAllowIn (node_modules/@storybook/core/dist/babel/index.cjs:141986:19)
      at Nv.parseObjectProperty (node_modules/@storybook/core/dist/babel/index.cjs:142656:81)
      at Nv.parseObjPropValue (node_modules/@storybook/core/dist/babel/index.cjs:142671:61)
      If you are in development, this likely indicates a problem with your Storybook process,
      check the terminal for errors.
      If you are in a deployed Storybook, there may have been an issue deploying the full Storybook
      build.
      at ns2.getStoryIndexFromServer (packages/components/http:/localhost:6007/packages/components/node_modules/.cache/storybook/1c3385a5d25e538d10b518b310c74d3ca2690b6aaffeadccd74da79736171f86/sb-vite/deps/storybook_internal_preview_runtime.js?v=b3da04b4:8624:11)
      at async ns2.initializeWithProjectAnnotations (packages/components/http:/localhost:6007/packages/components/node_modules/.cache/storybook/1c3385a5d25e538d10b518b310c74d3ca2690b6aaffeadccd74da79736171f86/sb-vite/deps/storybook_internal_preview_runtime.js?v=b3da04b4:8606:15)
      at async ns2.initialize (packages/components/http:/localhost:6007/packages/components/node_modules/.cache/storybook/1c3385a5d25e538d10b518b310c74d3ca2690b6aaffeadccd74da79736171f86/sb-vite/deps/storybook_internal_preview_runtime.js?v=b3da04b4:8581:39)

  ● Components/SideNavigation › PinnedState › smoke-test

    thrown: "Exceeded timeout of 30000 ms for a test.
    Add a timeout value to this test to increase the timeout, if this is a long-running test. See https://jestjs.io/docs/api#testname-fn-timeout."

      1010 |       user={userProfile}
      1011 |       isPinned={isPinned}
    > 1012 |       onPinChange={(pinned) => setIsPinned(pinned)}
           |             ^
      1013 |       
      1014 |       // Expand mode: 'hover', 'button', or 'both'
      1015 |       expandMode="both"

      at packages/components/src/SideNavigation/SideNavigation.stories.tsx:1012:13
      at packages/components/src/SideNavigation/SideNavigation.stories.tsx:1011:9
      at Object.<anonymous> (packages/components/src/SideNavigation/SideNavigation.stories.tsx:128:5)

  ● Components/SideNavigation › WithAvatarImage › smoke-test

    SB_PREVIEW_API_0006 (StoryIndexFetchError): Error fetching `/index.json`:

    Unable to index ./src/Table/EnhancedTable.stories.tsx:
      SyntaxError: Expecting Unicode escape sequence \uXXXX. (1467:15)

      at constructor (node_modules/@storybook/core/dist/babel/index.cjs:134900:15)
      at Nv.raise (node_modules/@storybook/core/dist/babel/index.cjs:137217:54)
      at Nv.readWord1 (node_modules/@storybook/core/dist/babel/index.cjs:137193:18)
      at Nv.readWord (node_modules/@storybook/core/dist/babel/index.cjs:137205:20)
      at Nv.getTokenFromCode (node_modules/@storybook/core/dist/babel/index.cjs:137028:16)
      at Nv.getTokenFromCode (node_modules/@storybook/core/dist/babel/index.cjs:139696:13)
      at Nv.getTokenFromCode (node_modules/@storybook/core/dist/babel/index.cjs:141547:13)
      at Nv.nextToken (node_modules/@storybook/core/dist/babel/index.cjs:136654:12)
      at Nv.next (node_modules/@storybook/core/dist/babel/index.cjs:136586:62)
      at Nv.eat (node_modules/@storybook/core/dist/babel/index.cjs:136589:36)
      at Nv.parseObjectProperty (node_modules/@storybook/core/dist/babel/index.cjs:142655:34)
      at Nv.parseObjPropValue (node_modules/@storybook/core/dist/babel/index.cjs:142671:61)
      at Nv.parseObjPropValue (node_modules/@storybook/core/dist/babel/index.cjs:141367:49)
      at Nv.parsePropertyDefinition (node_modules/@storybook/core/dist/babel/index.cjs:142632:19)
      at Nv.parseObjectLike (node_modules/@storybook/core/dist/babel/index.cjs:142596:57)
      at Nv.parseExprAtom (node_modules/@storybook/core/dist/babel/index.cjs:142302:23)
      at Nv.parseExprAtom (node_modules/@storybook/core/dist/babel/index.cjs:139667:45)
      at Nv.parseExprSubscripts (node_modules/@storybook/core/dist/babel/index.cjs:142149:78)
      at Nv.parseUpdate (node_modules/@storybook/core/dist/babel/index.cjs:142139:45)
      at Nv.parseMaybeUnary (node_modules/@storybook/core/dist/babel/index.cjs:142124:20)
      at Nv.parseMaybeUnary (node_modules/@storybook/core/dist/babel/index.cjs:141419:93)
      at Nv.parseMaybeUnaryOrPrivate (node_modules/@storybook/core/dist/babel/index.cjs:142032:63)
      at Nv.parseExprOps (node_modules/@storybook/core/dist/babel/index.cjs:142035:78)
      at Nv.parseMaybeConditional (node_modules/@storybook/core/dist/babel/index.cjs:142020:78)
      at Nv.parseMaybeAssign (node_modules/@storybook/core/dist/babel/index.cjs:142004:20)
      at Nv.parseMaybeAssign (node_modules/@storybook/core/dist/babel/index.cjs:141392:22)
      at node_modules/@storybook/core/dist/babel/index.cjs:141986:41
      at Nv.allowInAnd (node_modules/@storybook/core/dist/babel/index.cjs:142978:14)
      at Nv.parseMaybeAssignAllowIn (node_modules/@storybook/core/dist/babel/index.cjs:141986:19)
      at Nv.parseObjectProperty (node_modules/@storybook/core/dist/babel/index.cjs:142656:81)
      at Nv.parseObjPropValue (node_modules/@storybook/core/dist/babel/index.cjs:142671:61)
      at Nv.parseObjPropValue (node_modules/@storybook/core/dist/babel/index.cjs:141367:49)
      at Nv.parsePropertyDefinition (node_modules/@storybook/core/dist/babel/index.cjs:142632:19)
      at Nv.parseObjectLike (node_modules/@storybook/core/dist/babel/index.cjs:142596:57)
      at Nv.parseExprAtom (node_modules/@storybook/core/dist/babel/index.cjs:142302:23)
      at Nv.parseExprAtom (node_modules/@storybook/core/dist/babel/index.cjs:139667:45)
      at Nv.parseExprSubscripts (node_modules/@storybook/core/dist/babel/index.cjs:142149:78)
      at Nv.parseUpdate (node_modules/@storybook/core/dist/babel/index.cjs:142139:45)
      at Nv.parseMaybeUnary (node_modules/@storybook/core/dist/babel/index.cjs:142124:20)
      at Nv.parseMaybeUnary (node_modules/@storybook/core/dist/babel/index.cjs:141419:93)
      at Nv.parseMaybeUnaryOrPrivate (node_modules/@storybook/core/dist/babel/index.cjs:142032:63)
      at Nv.parseExprOps (node_modules/@storybook/core/dist/babel/index.cjs:142035:78)
      at Nv.parseMaybeConditional (node_modules/@storybook/core/dist/babel/index.cjs:142020:78)
      at Nv.parseMaybeAssign (node_modules/@storybook/core/dist/babel/index.cjs:142004:20)
      at Nv.parseMaybeAssign (node_modules/@storybook/core/dist/babel/index.cjs:141392:22)
      at node_modules/@storybook/core/dist/babel/index.cjs:141986:41
      at Nv.allowInAnd (node_modules/@storybook/core/dist/babel/index.cjs:142978:14)
      at Nv.parseMaybeAssignAllowIn (node_modules/@storybook/core/dist/babel/index.cjs:141986:19)
      at Nv.parseObjectProperty (node_modules/@storybook/core/dist/babel/index.cjs:142656:81)
      at Nv.parseObjPropValue (node_modules/@storybook/core/dist/babel/index.cjs:142671:61)
      If you are in development, this likely indicates a problem with your Storybook process,
      check the terminal for errors.
      If you are in a deployed Storybook, there may have been an issue deploying the full Storybook
      build.
      at constructor (node_modules/@storybook/core/dist/babel/index.cjs:134900:15)
      at Nv.raise (node_modules/@storybook/core/dist/babel/index.cjs:137217:54)
      at Nv.readWord1 (node_modules/@storybook/core/dist/babel/index.cjs:137193:18)
      at Nv.readWord (node_modules/@storybook/core/dist/babel/index.cjs:137205:20)
      at Nv.getTokenFromCode (node_modules/@storybook/core/dist/babel/index.cjs:137028:16)
      at Nv.getTokenFromCode (node_modules/@storybook/core/dist/babel/index.cjs:139696:13)
      at Nv.getTokenFromCode (node_modules/@storybook/core/dist/babel/index.cjs:141547:13)
      at Nv.nextToken (node_modules/@storybook/core/dist/babel/index.cjs:136654:12)
      at Nv.next (node_modules/@storybook/core/dist/babel/index.cjs:136586:62)
      at Nv.eat (node_modules/@storybook/core/dist/babel/index.cjs:136589:36)
      at Nv.parseObjectProperty (node_modules/@storybook/core/dist/babel/index.cjs:142655:34)
      at Nv.parseObjPropValue (node_modules/@storybook/core/dist/babel/index.cjs:142671:61)
      at Nv.parseObjPropValue (node_modules/@storybook/core/dist/babel/index.cjs:141367:49)
      at Nv.parsePropertyDefinition (node_modules/@storybook/core/dist/babel/index.cjs:142632:19)
      at Nv.parseObjectLike (node_modules/@storybook/core/dist/babel/index.cjs:142596:57)
      at Nv.parseExprAtom (node_modules/@storybook/core/dist/babel/index.cjs:142302:23)
      at Nv.parseExprAtom (node_modules/@storybook/core/dist/babel/index.cjs:139667:45)
      at Nv.parseExprSubscripts (node_modules/@storybook/core/dist/babel/index.cjs:142149:78)
      at Nv.parseUpdate (node_modules/@storybook/core/dist/babel/index.cjs:142139:45)
      at Nv.parseMaybeUnary (node_modules/@storybook/core/dist/babel/index.cjs:142124:20)
      at Nv.parseMaybeUnary (node_modules/@storybook/core/dist/babel/index.cjs:141419:93)
      at Nv.parseMaybeUnaryOrPrivate (node_modules/@storybook/core/dist/babel/index.cjs:142032:63)
      at Nv.parseExprOps (node_modules/@storybook/core/dist/babel/index.cjs:142035:78)
      at Nv.parseMaybeConditional (node_modules/@storybook/core/dist/babel/index.cjs:142020:78)
      at Nv.parseMaybeAssign (node_modules/@storybook/core/dist/babel/index.cjs:142004:20)
      at Nv.parseMaybeAssign (node_modules/@storybook/core/dist/babel/index.cjs:141392:22)
      at node_modules/@storybook/core/dist/babel/index.cjs:141986:41
      at Nv.allowInAnd (node_modules/@storybook/core/dist/babel/index.cjs:142978:14)
      at Nv.parseMaybeAssignAllowIn (node_modules/@storybook/core/dist/babel/index.cjs:141986:19)
      at Nv.parseObjectProperty (node_modules/@storybook/core/dist/babel/index.cjs:142656:81)
      at Nv.parseObjPropValue (node_modules/@storybook/core/dist/babel/index.cjs:142671:61)
      at Nv.parseObjPropValue (node_modules/@storybook/core/dist/babel/index.cjs:141367:49)
      at Nv.parsePropertyDefinition (node_modules/@storybook/core/dist/babel/index.cjs:142632:19)
      at Nv.parseObjectLike (node_modules/@storybook/core/dist/babel/index.cjs:142596:57)
      at Nv.parseExprAtom (node_modules/@storybook/core/dist/babel/index.cjs:142302:23)
      at Nv.parseExprAtom (node_modules/@storybook/core/dist/babel/index.cjs:139667:45)
      at Nv.parseExprSubscripts (node_modules/@storybook/core/dist/babel/index.cjs:142149:78)
      at Nv.parseUpdate (node_modules/@storybook/core/dist/babel/index.cjs:142139:45)
      at Nv.parseMaybeUnary (node_modules/@storybook/core/dist/babel/index.cjs:142124:20)
      at Nv.parseMaybeUnary (node_modules/@storybook/core/dist/babel/index.cjs:141419:93)
      at Nv.parseMaybeUnaryOrPrivate (node_modules/@storybook/core/dist/babel/index.cjs:142032:63)
      at Nv.parseExprOps (node_modules/@storybook/core/dist/babel/index.cjs:142035:78)
      at Nv.parseMaybeConditional (node_modules/@storybook/core/dist/babel/index.cjs:142020:78)
      at Nv.parseMaybeAssign (node_modules/@storybook/core/dist/babel/index.cjs:142004:20)
      at Nv.parseMaybeAssign (node_modules/@storybook/core/dist/babel/index.cjs:141392:22)
      at node_modules/@storybook/core/dist/babel/index.cjs:141986:41
      at Nv.allowInAnd (node_modules/@storybook/core/dist/babel/index.cjs:142978:14)
      at Nv.parseMaybeAssignAllowIn (node_modules/@storybook/core/dist/babel/index.cjs:141986:19)
      at Nv.parseObjectProperty (node_modules/@storybook/core/dist/babel/index.cjs:142656:81)
      at Nv.parseObjPropValue (node_modules/@storybook/core/dist/babel/index.cjs:142671:61)
      If you are in development, this likely indicates a problem with your Storybook process,
      check the terminal for errors.
      If you are in a deployed Storybook, there may have been an issue deploying the full Storybook
      build.
      at ns2.getStoryIndexFromServer (packages/components/http:/localhost:6007/packages/components/node_modules/.cache/storybook/1c3385a5d25e538d10b518b310c74d3ca2690b6aaffeadccd74da79736171f86/sb-vite/deps/storybook_internal_preview_runtime.js?v=b3da04b4:8624:11)
      at async ns2.initializeWithProjectAnnotations (packages/components/http:/localhost:6007/packages/components/node_modules/.cache/storybook/1c3385a5d25e538d10b518b310c74d3ca2690b6aaffeadccd74da79736171f86/sb-vite/deps/storybook_internal_preview_runtime.js?v=b3da04b4:8606:15)
      at async ns2.initialize (packages/components/http:/localhost:6007/packages/components/node_modules/.cache/storybook/1c3385a5d25e538d10b518b310c74d3ca2690b6aaffeadccd74da79736171f86/sb-vite/deps/storybook_internal_preview_runtime.js?v=b3da04b4:8581:39)

  ● Components/SideNavigation › WithAvatarImage › smoke-test

    thrown: "Exceeded timeout of 30000 ms for a test.
    Add a timeout value to this test to increase the timeout, if this is a long-running test. See https://jestjs.io/docs/api#testname-fn-timeout."

      1157 |         ],
      1158 |       },
    > 1159 |     ],
           |       ^
      1160 |     user: sampleUser,
      1161 |   },
      1162 |   parameters: {

      at packages/components/src/SideNavigation/SideNavigation.stories.tsx:1159:13
      at packages/components/src/SideNavigation/SideNavigation.stories.tsx:1158:9
      at Object.<anonymous> (packages/components/src/SideNavigation/SideNavigation.stories.tsx:128:5)

  ● Components/SideNavigation › WithManyItems › smoke-test

    SB_PREVIEW_API_0006 (StoryIndexFetchError): Error fetching `/index.json`:

    Unable to index ./src/Table/EnhancedTable.stories.tsx:
      SyntaxError: Expecting Unicode escape sequence \uXXXX. (1467:15)

      at constructor (node_modules/@storybook/core/dist/babel/index.cjs:134900:15)
      at Nv.raise (node_modules/@storybook/core/dist/babel/index.cjs:137217:54)
      at Nv.readWord1 (node_modules/@storybook/core/dist/babel/index.cjs:137193:18)
      at Nv.readWord (node_modules/@storybook/core/dist/babel/index.cjs:137205:20)
      at Nv.getTokenFromCode (node_modules/@storybook/core/dist/babel/index.cjs:137028:16)
      at Nv.getTokenFromCode (node_modules/@storybook/core/dist/babel/index.cjs:139696:13)
      at Nv.getTokenFromCode (node_modules/@storybook/core/dist/babel/index.cjs:141547:13)
      at Nv.nextToken (node_modules/@storybook/core/dist/babel/index.cjs:136654:12)
      at Nv.next (node_modules/@storybook/core/dist/babel/index.cjs:136586:62)
      at Nv.eat (node_modules/@storybook/core/dist/babel/index.cjs:136589:36)
      at Nv.parseObjectProperty (node_modules/@storybook/core/dist/babel/index.cjs:142655:34)
      at Nv.parseObjPropValue (node_modules/@storybook/core/dist/babel/index.cjs:142671:61)
      at Nv.parseObjPropValue (node_modules/@storybook/core/dist/babel/index.cjs:141367:49)
      at Nv.parsePropertyDefinition (node_modules/@storybook/core/dist/babel/index.cjs:142632:19)
      at Nv.parseObjectLike (node_modules/@storybook/core/dist/babel/index.cjs:142596:57)
      at Nv.parseExprAtom (node_modules/@storybook/core/dist/babel/index.cjs:142302:23)
      at Nv.parseExprAtom (node_modules/@storybook/core/dist/babel/index.cjs:139667:45)
      at Nv.parseExprSubscripts (node_modules/@storybook/core/dist/babel/index.cjs:142149:78)
      at Nv.parseUpdate (node_modules/@storybook/core/dist/babel/index.cjs:142139:45)
      at Nv.parseMaybeUnary (node_modules/@storybook/core/dist/babel/index.cjs:142124:20)
      at Nv.parseMaybeUnary (node_modules/@storybook/core/dist/babel/index.cjs:141419:93)
      at Nv.parseMaybeUnaryOrPrivate (node_modules/@storybook/core/dist/babel/index.cjs:142032:63)
      at Nv.parseExprOps (node_modules/@storybook/core/dist/babel/index.cjs:142035:78)
      at Nv.parseMaybeConditional (node_modules/@storybook/core/dist/babel/index.cjs:142020:78)
      at Nv.parseMaybeAssign (node_modules/@storybook/core/dist/babel/index.cjs:142004:20)
      at Nv.parseMaybeAssign (node_modules/@storybook/core/dist/babel/index.cjs:141392:22)
      at node_modules/@storybook/core/dist/babel/index.cjs:141986:41
      at Nv.allowInAnd (node_modules/@storybook/core/dist/babel/index.cjs:142978:14)
      at Nv.parseMaybeAssignAllowIn (node_modules/@storybook/core/dist/babel/index.cjs:141986:19)
      at Nv.parseObjectProperty (node_modules/@storybook/core/dist/babel/index.cjs:142656:81)
      at Nv.parseObjPropValue (node_modules/@storybook/core/dist/babel/index.cjs:142671:61)
      at Nv.parseObjPropValue (node_modules/@storybook/core/dist/babel/index.cjs:141367:49)
      at Nv.parsePropertyDefinition (node_modules/@storybook/core/dist/babel/index.cjs:142632:19)
      at Nv.parseObjectLike (node_modules/@storybook/core/dist/babel/index.cjs:142596:57)
      at Nv.parseExprAtom (node_modules/@storybook/core/dist/babel/index.cjs:142302:23)
      at Nv.parseExprAtom (node_modules/@storybook/core/dist/babel/index.cjs:139667:45)
      at Nv.parseExprSubscripts (node_modules/@storybook/core/dist/babel/index.cjs:142149:78)
      at Nv.parseUpdate (node_modules/@storybook/core/dist/babel/index.cjs:142139:45)
      at Nv.parseMaybeUnary (node_modules/@storybook/core/dist/babel/index.cjs:142124:20)
      at Nv.parseMaybeUnary (node_modules/@storybook/core/dist/babel/index.cjs:141419:93)
      at Nv.parseMaybeUnaryOrPrivate (node_modules/@storybook/core/dist/babel/index.cjs:142032:63)
      at Nv.parseExprOps (node_modules/@storybook/core/dist/babel/index.cjs:142035:78)
      at Nv.parseMaybeConditional (node_modules/@storybook/core/dist/babel/index.cjs:142020:78)
      at Nv.parseMaybeAssign (node_modules/@storybook/core/dist/babel/index.cjs:142004:20)
      at Nv.parseMaybeAssign (node_modules/@storybook/core/dist/babel/index.cjs:141392:22)
      at node_modules/@storybook/core/dist/babel/index.cjs:141986:41
      at Nv.allowInAnd (node_modules/@storybook/core/dist/babel/index.cjs:142978:14)
      at Nv.parseMaybeAssignAllowIn (node_modules/@storybook/core/dist/babel/index.cjs:141986:19)
      at Nv.parseObjectProperty (node_modules/@storybook/core/dist/babel/index.cjs:142656:81)
      at Nv.parseObjPropValue (node_modules/@storybook/core/dist/babel/index.cjs:142671:61)
      If you are in development, this likely indicates a problem with your Storybook process,
      check the terminal for errors.
      If you are in a deployed Storybook, there may have been an issue deploying the full Storybook
      build.
      at constructor (node_modules/@storybook/core/dist/babel/index.cjs:134900:15)
      at Nv.raise (node_modules/@storybook/core/dist/babel/index.cjs:137217:54)
      at Nv.readWord1 (node_modules/@storybook/core/dist/babel/index.cjs:137193:18)
      at Nv.readWord (node_modules/@storybook/core/dist/babel/index.cjs:137205:20)
      at Nv.getTokenFromCode (node_modules/@storybook/core/dist/babel/index.cjs:137028:16)
      at Nv.getTokenFromCode (node_modules/@storybook/core/dist/babel/index.cjs:139696:13)
      at Nv.getTokenFromCode (node_modules/@storybook/core/dist/babel/index.cjs:141547:13)
      at Nv.nextToken (node_modules/@storybook/core/dist/babel/index.cjs:136654:12)
      at Nv.next (node_modules/@storybook/core/dist/babel/index.cjs:136586:62)
      at Nv.eat (node_modules/@storybook/core/dist/babel/index.cjs:136589:36)
      at Nv.parseObjectProperty (node_modules/@storybook/core/dist/babel/index.cjs:142655:34)
      at Nv.parseObjPropValue (node_modules/@storybook/core/dist/babel/index.cjs:142671:61)
      at Nv.parseObjPropValue (node_modules/@storybook/core/dist/babel/index.cjs:141367:49)
      at Nv.parsePropertyDefinition (node_modules/@storybook/core/dist/babel/index.cjs:142632:19)
      at Nv.parseObjectLike (node_modules/@storybook/core/dist/babel/index.cjs:142596:57)
      at Nv.parseExprAtom (node_modules/@storybook/core/dist/babel/index.cjs:142302:23)
      at Nv.parseExprAtom (node_modules/@storybook/core/dist/babel/index.cjs:139667:45)
      at Nv.parseExprSubscripts (node_modules/@storybook/core/dist/babel/index.cjs:142149:78)
      at Nv.parseUpdate (node_modules/@storybook/core/dist/babel/index.cjs:142139:45)
      at Nv.parseMaybeUnary (node_modules/@storybook/core/dist/babel/index.cjs:142124:20)
      at Nv.parseMaybeUnary (node_modules/@storybook/core/dist/babel/index.cjs:141419:93)
      at Nv.parseMaybeUnaryOrPrivate (node_modules/@storybook/core/dist/babel/index.cjs:142032:63)
      at Nv.parseExprOps (node_modules/@storybook/core/dist/babel/index.cjs:142035:78)
      at Nv.parseMaybeConditional (node_modules/@storybook/core/dist/babel/index.cjs:142020:78)
      at Nv.parseMaybeAssign (node_modules/@storybook/core/dist/babel/index.cjs:142004:20)
      at Nv.parseMaybeAssign (node_modules/@storybook/core/dist/babel/index.cjs:141392:22)
      at node_modules/@storybook/core/dist/babel/index.cjs:141986:41
      at Nv.allowInAnd (node_modules/@storybook/core/dist/babel/index.cjs:142978:14)
      at Nv.parseMaybeAssignAllowIn (node_modules/@storybook/core/dist/babel/index.cjs:141986:19)
      at Nv.parseObjectProperty (node_modules/@storybook/core/dist/babel/index.cjs:142656:81)
      at Nv.parseObjPropValue (node_modules/@storybook/core/dist/babel/index.cjs:142671:61)
      at Nv.parseObjPropValue (node_modules/@storybook/core/dist/babel/index.cjs:141367:49)
      at Nv.parsePropertyDefinition (node_modules/@storybook/core/dist/babel/index.cjs:142632:19)
      at Nv.parseObjectLike (node_modules/@storybook/core/dist/babel/index.cjs:142596:57)
      at Nv.parseExprAtom (node_modules/@storybook/core/dist/babel/index.cjs:142302:23)
      at Nv.parseExprAtom (node_modules/@storybook/core/dist/babel/index.cjs:139667:45)
      at Nv.parseExprSubscripts (node_modules/@storybook/core/dist/babel/index.cjs:142149:78)
      at Nv.parseUpdate (node_modules/@storybook/core/dist/babel/index.cjs:142139:45)
      at Nv.parseMaybeUnary (node_modules/@storybook/core/dist/babel/index.cjs:142124:20)
      at Nv.parseMaybeUnary (node_modules/@storybook/core/dist/babel/index.cjs:141419:93)
      at Nv.parseMaybeUnaryOrPrivate (node_modules/@storybook/core/dist/babel/index.cjs:142032:63)
      at Nv.parseExprOps (node_modules/@storybook/core/dist/babel/index.cjs:142035:78)
      at Nv.parseMaybeConditional (node_modules/@storybook/core/dist/babel/index.cjs:142020:78)
      at Nv.parseMaybeAssign (node_modules/@storybook/core/dist/babel/index.cjs:142004:20)
      at Nv.parseMaybeAssign (node_modules/@storybook/core/dist/babel/index.cjs:141392:22)
      at node_modules/@storybook/core/dist/babel/index.cjs:141986:41
      at Nv.allowInAnd (node_modules/@storybook/core/dist/babel/index.cjs:142978:14)
      at Nv.parseMaybeAssignAllowIn (node_modules/@storybook/core/dist/babel/index.cjs:141986:19)
      at Nv.parseObjectProperty (node_modules/@storybook/core/dist/babel/index.cjs:142656:81)
      at Nv.parseObjPropValue (node_modules/@storybook/core/dist/babel/index.cjs:142671:61)
      If you are in development, this likely indicates a problem with your Storybook process,
      check the terminal for errors.
      If you are in a deployed Storybook, there may have been an issue deploying the full Storybook
      build.
      at ns2.getStoryIndexFromServer (packages/components/http:/localhost:6007/packages/components/node_modules/.cache/storybook/1c3385a5d25e538d10b518b310c74d3ca2690b6aaffeadccd74da79736171f86/sb-vite/deps/storybook_internal_preview_runtime.js?v=b3da04b4:8624:11)
      at async ns2.initializeWithProjectAnnotations (packages/components/http:/localhost:6007/packages/components/node_modules/.cache/storybook/1c3385a5d25e538d10b518b310c74d3ca2690b6aaffeadccd74da79736171f86/sb-vite/deps/storybook_internal_preview_runtime.js?v=b3da04b4:8606:15)
      at async ns2.initialize (packages/components/http:/localhost:6007/packages/components/node_modules/.cache/storybook/1c3385a5d25e538d10b518b310c74d3ca2690b6aaffeadccd74da79736171f86/sb-vite/deps/storybook_internal_preview_runtime.js?v=b3da04b4:8581:39)

  ● Components/SideNavigation › WithManyItems › smoke-test

    thrown: "Exceeded timeout of 30000 ms for a test.
    Add a timeout value to this test to increase the timeout, if this is a long-running test. See https://jestjs.io/docs/api#testname-fn-timeout."

      1304 | };
      1305 |
    > 1306 | export const TextTruncation: Story = {
           |             ^
      1307 |   args: {
      1308 |     groups: [
      1309 |       {

      at packages/components/src/SideNavigation/SideNavigation.stories.tsx:1306:13
      at packages/components/src/SideNavigation/SideNavigation.stories.tsx:1305:9
      at Object.<anonymous> (packages/components/src/SideNavigation/SideNavigation.stories.tsx:128:5)

  ● Components/SideNavigation › CompleteExample › smoke-test

    SB_PREVIEW_API_0006 (StoryIndexFetchError): Error fetching `/index.json`:

    Unable to index ./src/Table/EnhancedTable.stories.tsx:
      SyntaxError: Expecting Unicode escape sequence \uXXXX. (1467:15)

      at constructor (node_modules/@storybook/core/dist/babel/index.cjs:134900:15)
      at Nv.raise (node_modules/@storybook/core/dist/babel/index.cjs:137217:54)
      at Nv.readWord1 (node_modules/@storybook/core/dist/babel/index.cjs:137193:18)
      at Nv.readWord (node_modules/@storybook/core/dist/babel/index.cjs:137205:20)
      at Nv.getTokenFromCode (node_modules/@storybook/core/dist/babel/index.cjs:137028:16)
      at Nv.getTokenFromCode (node_modules/@storybook/core/dist/babel/index.cjs:139696:13)
      at Nv.getTokenFromCode (node_modules/@storybook/core/dist/babel/index.cjs:141547:13)
      at Nv.nextToken (node_modules/@storybook/core/dist/babel/index.cjs:136654:12)
      at Nv.next (node_modules/@storybook/core/dist/babel/index.cjs:136586:62)
      at Nv.eat (node_modules/@storybook/core/dist/babel/index.cjs:136589:36)
      at Nv.parseObjectProperty (node_modules/@storybook/core/dist/babel/index.cjs:142655:34)
      at Nv.parseObjPropValue (node_modules/@storybook/core/dist/babel/index.cjs:142671:61)
      at Nv.parseObjPropValue (node_modules/@storybook/core/dist/babel/index.cjs:141367:49)
      at Nv.parsePropertyDefinition (node_modules/@storybook/core/dist/babel/index.cjs:142632:19)
      at Nv.parseObjectLike (node_modules/@storybook/core/dist/babel/index.cjs:142596:57)
      at Nv.parseExprAtom (node_modules/@storybook/core/dist/babel/index.cjs:142302:23)
      at Nv.parseExprAtom (node_modules/@storybook/core/dist/babel/index.cjs:139667:45)
      at Nv.parseExprSubscripts (node_modules/@storybook/core/dist/babel/index.cjs:142149:78)
      at Nv.parseUpdate (node_modules/@storybook/core/dist/babel/index.cjs:142139:45)
      at Nv.parseMaybeUnary (node_modules/@storybook/core/dist/babel/index.cjs:142124:20)
      at Nv.parseMaybeUnary (node_modules/@storybook/core/dist/babel/index.cjs:141419:93)
      at Nv.parseMaybeUnaryOrPrivate (node_modules/@storybook/core/dist/babel/index.cjs:142032:63)
      at Nv.parseExprOps (node_modules/@storybook/core/dist/babel/index.cjs:142035:78)
      at Nv.parseMaybeConditional (node_modules/@storybook/core/dist/babel/index.cjs:142020:78)
      at Nv.parseMaybeAssign (node_modules/@storybook/core/dist/babel/index.cjs:142004:20)
      at Nv.parseMaybeAssign (node_modules/@storybook/core/dist/babel/index.cjs:141392:22)
      at node_modules/@storybook/core/dist/babel/index.cjs:141986:41
      at Nv.allowInAnd (node_modules/@storybook/core/dist/babel/index.cjs:142978:14)
      at Nv.parseMaybeAssignAllowIn (node_modules/@storybook/core/dist/babel/index.cjs:141986:19)
      at Nv.parseObjectProperty (node_modules/@storybook/core/dist/babel/index.cjs:142656:81)
      at Nv.parseObjPropValue (node_modules/@storybook/core/dist/babel/index.cjs:142671:61)
      at Nv.parseObjPropValue (node_modules/@storybook/core/dist/babel/index.cjs:141367:49)
      at Nv.parsePropertyDefinition (node_modules/@storybook/core/dist/babel/index.cjs:142632:19)
      at Nv.parseObjectLike (node_modules/@storybook/core/dist/babel/index.cjs:142596:57)
      at Nv.parseExprAtom (node_modules/@storybook/core/dist/babel/index.cjs:142302:23)
      at Nv.parseExprAtom (node_modules/@storybook/core/dist/babel/index.cjs:139667:45)
      at Nv.parseExprSubscripts (node_modules/@storybook/core/dist/babel/index.cjs:142149:78)
      at Nv.parseUpdate (node_modules/@storybook/core/dist/babel/index.cjs:142139:45)
      at Nv.parseMaybeUnary (node_modules/@storybook/core/dist/babel/index.cjs:142124:20)
      at Nv.parseMaybeUnary (node_modules/@storybook/core/dist/babel/index.cjs:141419:93)
      at Nv.parseMaybeUnaryOrPrivate (node_modules/@storybook/core/dist/babel/index.cjs:142032:63)
      at Nv.parseExprOps (node_modules/@storybook/core/dist/babel/index.cjs:142035:78)
      at Nv.parseMaybeConditional (node_modules/@storybook/core/dist/babel/index.cjs:142020:78)
      at Nv.parseMaybeAssign (node_modules/@storybook/core/dist/babel/index.cjs:142004:20)
      at Nv.parseMaybeAssign (node_modules/@storybook/core/dist/babel/index.cjs:141392:22)
      at node_modules/@storybook/core/dist/babel/index.cjs:141986:41
      at Nv.allowInAnd (node_modules/@storybook/core/dist/babel/index.cjs:142978:14)
      at Nv.parseMaybeAssignAllowIn (node_modules/@storybook/core/dist/babel/index.cjs:141986:19)
      at Nv.parseObjectProperty (node_modules/@storybook/core/dist/babel/index.cjs:142656:81)
      at Nv.parseObjPropValue (node_modules/@storybook/core/dist/babel/index.cjs:142671:61)
      If you are in development, this likely indicates a problem with your Storybook process,
      check the terminal for errors.
      If you are in a deployed Storybook, there may have been an issue deploying the full Storybook
      build.
      at constructor (node_modules/@storybook/core/dist/babel/index.cjs:134900:15)
      at Nv.raise (node_modules/@storybook/core/dist/babel/index.cjs:137217:54)
      at Nv.readWord1 (node_modules/@storybook/core/dist/babel/index.cjs:137193:18)
      at Nv.readWord (node_modules/@storybook/core/dist/babel/index.cjs:137205:20)
      at Nv.getTokenFromCode (node_modules/@storybook/core/dist/babel/index.cjs:137028:16)
      at Nv.getTokenFromCode (node_modules/@storybook/core/dist/babel/index.cjs:139696:13)
      at Nv.getTokenFromCode (node_modules/@storybook/core/dist/babel/index.cjs:141547:13)
      at Nv.nextToken (node_modules/@storybook/core/dist/babel/index.cjs:136654:12)
      at Nv.next (node_modules/@storybook/core/dist/babel/index.cjs:136586:62)
      at Nv.eat (node_modules/@storybook/core/dist/babel/index.cjs:136589:36)
      at Nv.parseObjectProperty (node_modules/@storybook/core/dist/babel/index.cjs:142655:34)
      at Nv.parseObjPropValue (node_modules/@storybook/core/dist/babel/index.cjs:142671:61)
      at Nv.parseObjPropValue (node_modules/@storybook/core/dist/babel/index.cjs:141367:49)
      at Nv.parsePropertyDefinition (node_modules/@storybook/core/dist/babel/index.cjs:142632:19)
      at Nv.parseObjectLike (node_modules/@storybook/core/dist/babel/index.cjs:142596:57)
      at Nv.parseExprAtom (node_modules/@storybook/core/dist/babel/index.cjs:142302:23)
      at Nv.parseExprAtom (node_modules/@storybook/core/dist/babel/index.cjs:139667:45)
      at Nv.parseExprSubscripts (node_modules/@storybook/core/dist/babel/index.cjs:142149:78)
      at Nv.parseUpdate (node_modules/@storybook/core/dist/babel/index.cjs:142139:45)
      at Nv.parseMaybeUnary (node_modules/@storybook/core/dist/babel/index.cjs:142124:20)
      at Nv.parseMaybeUnary (node_modules/@storybook/core/dist/babel/index.cjs:141419:93)
      at Nv.parseMaybeUnaryOrPrivate (node_modules/@storybook/core/dist/babel/index.cjs:142032:63)
      at Nv.parseExprOps (node_modules/@storybook/core/dist/babel/index.cjs:142035:78)
      at Nv.parseMaybeConditional (node_modules/@storybook/core/dist/babel/index.cjs:142020:78)
      at Nv.parseMaybeAssign (node_modules/@storybook/core/dist/babel/index.cjs:142004:20)
      at Nv.parseMaybeAssign (node_modules/@storybook/core/dist/babel/index.cjs:141392:22)
      at node_modules/@storybook/core/dist/babel/index.cjs:141986:41
      at Nv.allowInAnd (node_modules/@storybook/core/dist/babel/index.cjs:142978:14)
      at Nv.parseMaybeAssignAllowIn (node_modules/@storybook/core/dist/babel/index.cjs:141986:19)
      at Nv.parseObjectProperty (node_modules/@storybook/core/dist/babel/index.cjs:142656:81)
      at Nv.parseObjPropValue (node_modules/@storybook/core/dist/babel/index.cjs:142671:61)
      at Nv.parseObjPropValue (node_modules/@storybook/core/dist/babel/index.cjs:141367:49)
      at Nv.parsePropertyDefinition (node_modules/@storybook/core/dist/babel/index.cjs:142632:19)
      at Nv.parseObjectLike (node_modules/@storybook/core/dist/babel/index.cjs:142596:57)
      at Nv.parseExprAtom (node_modules/@storybook/core/dist/babel/index.cjs:142302:23)
      at Nv.parseExprAtom (node_modules/@storybook/core/dist/babel/index.cjs:139667:45)
      at Nv.parseExprSubscripts (node_modules/@storybook/core/dist/babel/index.cjs:142149:78)
      at Nv.parseUpdate (node_modules/@storybook/core/dist/babel/index.cjs:142139:45)
      at Nv.parseMaybeUnary (node_modules/@storybook/core/dist/babel/index.cjs:142124:20)
      at Nv.parseMaybeUnary (node_modules/@storybook/core/dist/babel/index.cjs:141419:93)
      at Nv.parseMaybeUnaryOrPrivate (node_modules/@storybook/core/dist/babel/index.cjs:142032:63)
      at Nv.parseExprOps (node_modules/@storybook/core/dist/babel/index.cjs:142035:78)
      at Nv.parseMaybeConditional (node_modules/@storybook/core/dist/babel/index.cjs:142020:78)
      at Nv.parseMaybeAssign (node_modules/@storybook/core/dist/babel/index.cjs:142004:20)
      at Nv.parseMaybeAssign (node_modules/@storybook/core/dist/babel/index.cjs:141392:22)
      at node_modules/@storybook/core/dist/babel/index.cjs:141986:41
      at Nv.allowInAnd (node_modules/@storybook/core/dist/babel/index.cjs:142978:14)
      at Nv.parseMaybeAssignAllowIn (node_modules/@storybook/core/dist/babel/index.cjs:141986:19)
      at Nv.parseObjectProperty (node_modules/@storybook/core/dist/babel/index.cjs:142656:81)
      at Nv.parseObjPropValue (node_modules/@storybook/core/dist/babel/index.cjs:142671:61)
      If you are in development, this likely indicates a problem with your Storybook process,
      check the terminal for errors.
      If you are in a deployed Storybook, there may have been an issue deploying the full Storybook
      build.
      at ns2.getStoryIndexFromServer (packages/components/http:/localhost:6007/packages/components/node_modules/.cache/storybook/1c3385a5d25e538d10b518b310c74d3ca2690b6aaffeadccd74da79736171f86/sb-vite/deps/storybook_internal_preview_runtime.js?v=b3da04b4:8624:11)
      at async ns2.initializeWithProjectAnnotations (packages/components/http:/localhost:6007/packages/components/node_modules/.cache/storybook/1c3385a5d25e538d10b518b310c74d3ca2690b6aaffeadccd74da79736171f86/sb-vite/deps/storybook_internal_preview_runtime.js?v=b3da04b4:8606:15)
      at async ns2.initialize (packages/components/http:/localhost:6007/packages/components/node_modules/.cache/storybook/1c3385a5d25e538d10b518b310c74d3ca2690b6aaffeadccd74da79736171f86/sb-vite/deps/storybook_internal_preview_runtime.js?v=b3da04b4:8581:39)

  ● Components/SideNavigation › CompleteExample › smoke-test

    thrown: "Exceeded timeout of 30000 ms for a test.
    Add a timeout value to this test to increase the timeout, if this is a long-running test. See https://jestjs.io/docs/api#testname-fn-timeout."



      at packages/components/src/SideNavigation/SideNavigation.stories.tsx:1453:13
      at packages/components/src/SideNavigation/SideNavigation.stories.tsx:1452:9
      at Object.<anonymous> (packages/components/src/SideNavigation/SideNavigation.stories.tsx:128:5)

  ● Components/SideNavigation › WithNestedMenus › smoke-test

    SB_PREVIEW_API_0006 (StoryIndexFetchError): Error fetching `/index.json`:

    Unable to index ./src/Table/EnhancedTable.stories.tsx:
      SyntaxError: Expecting Unicode escape sequence \uXXXX. (1467:15)

      at constructor (node_modules/@storybook/core/dist/babel/index.cjs:134900:15)
      at Nv.raise (node_modules/@storybook/core/dist/babel/index.cjs:137217:54)
      at Nv.readWord1 (node_modules/@storybook/core/dist/babel/index.cjs:137193:18)
      at Nv.readWord (node_modules/@storybook/core/dist/babel/index.cjs:137205:20)
      at Nv.getTokenFromCode (node_modules/@storybook/core/dist/babel/index.cjs:137028:16)
      at Nv.getTokenFromCode (node_modules/@storybook/core/dist/babel/index.cjs:139696:13)
      at Nv.getTokenFromCode (node_modules/@storybook/core/dist/babel/index.cjs:141547:13)
      at Nv.nextToken (node_modules/@storybook/core/dist/babel/index.cjs:136654:12)
      at Nv.next (node_modules/@storybook/core/dist/babel/index.cjs:136586:62)
      at Nv.eat (node_modules/@storybook/core/dist/babel/index.cjs:136589:36)
      at Nv.parseObjectProperty (node_modules/@storybook/core/dist/babel/index.cjs:142655:34)
      at Nv.parseObjPropValue (node_modules/@storybook/core/dist/babel/index.cjs:142671:61)
      at Nv.parseObjPropValue (node_modules/@storybook/core/dist/babel/index.cjs:141367:49)
      at Nv.parsePropertyDefinition (node_modules/@storybook/core/dist/babel/index.cjs:142632:19)
      at Nv.parseObjectLike (node_modules/@storybook/core/dist/babel/index.cjs:142596:57)
      at Nv.parseExprAtom (node_modules/@storybook/core/dist/babel/index.cjs:142302:23)
      at Nv.parseExprAtom (node_modules/@storybook/core/dist/babel/index.cjs:139667:45)
      at Nv.parseExprSubscripts (node_modules/@storybook/core/dist/babel/index.cjs:142149:78)
      at Nv.parseUpdate (node_modules/@storybook/core/dist/babel/index.cjs:142139:45)
      at Nv.parseMaybeUnary (node_modules/@storybook/core/dist/babel/index.cjs:142124:20)
      at Nv.parseMaybeUnary (node_modules/@storybook/core/dist/babel/index.cjs:141419:93)
      at Nv.parseMaybeUnaryOrPrivate (node_modules/@storybook/core/dist/babel/index.cjs:142032:63)
      at Nv.parseExprOps (node_modules/@storybook/core/dist/babel/index.cjs:142035:78)
      at Nv.parseMaybeConditional (node_modules/@storybook/core/dist/babel/index.cjs:142020:78)
      at Nv.parseMaybeAssign (node_modules/@storybook/core/dist/babel/index.cjs:142004:20)
      at Nv.parseMaybeAssign (node_modules/@storybook/core/dist/babel/index.cjs:141392:22)
      at node_modules/@storybook/core/dist/babel/index.cjs:141986:41
      at Nv.allowInAnd (node_modules/@storybook/core/dist/babel/index.cjs:142978:14)
      at Nv.parseMaybeAssignAllowIn (node_modules/@storybook/core/dist/babel/index.cjs:141986:19)
      at Nv.parseObjectProperty (node_modules/@storybook/core/dist/babel/index.cjs:142656:81)
      at Nv.parseObjPropValue (node_modules/@storybook/core/dist/babel/index.cjs:142671:61)
      at Nv.parseObjPropValue (node_modules/@storybook/core/dist/babel/index.cjs:141367:49)
      at Nv.parsePropertyDefinition (node_modules/@storybook/core/dist/babel/index.cjs:142632:19)
      at Nv.parseObjectLike (node_modules/@storybook/core/dist/babel/index.cjs:142596:57)
      at Nv.parseExprAtom (node_modules/@storybook/core/dist/babel/index.cjs:142302:23)
      at Nv.parseExprAtom (node_modules/@storybook/core/dist/babel/index.cjs:139667:45)
      at Nv.parseExprSubscripts (node_modules/@storybook/core/dist/babel/index.cjs:142149:78)
      at Nv.parseUpdate (node_modules/@storybook/core/dist/babel/index.cjs:142139:45)
      at Nv.parseMaybeUnary (node_modules/@storybook/core/dist/babel/index.cjs:142124:20)
      at Nv.parseMaybeUnary (node_modules/@storybook/core/dist/babel/index.cjs:141419:93)
      at Nv.parseMaybeUnaryOrPrivate (node_modules/@storybook/core/dist/babel/index.cjs:142032:63)
      at Nv.parseExprOps (node_modules/@storybook/core/dist/babel/index.cjs:142035:78)
      at Nv.parseMaybeConditional (node_modules/@storybook/core/dist/babel/index.cjs:142020:78)
      at Nv.parseMaybeAssign (node_modules/@storybook/core/dist/babel/index.cjs:142004:20)
      at Nv.parseMaybeAssign (node_modules/@storybook/core/dist/babel/index.cjs:141392:22)
      at node_modules/@storybook/core/dist/babel/index.cjs:141986:41
      at Nv.allowInAnd (node_modules/@storybook/core/dist/babel/index.cjs:142978:14)
      at Nv.parseMaybeAssignAllowIn (node_modules/@storybook/core/dist/babel/index.cjs:141986:19)
      at Nv.parseObjectProperty (node_modules/@storybook/core/dist/babel/index.cjs:142656:81)
      at Nv.parseObjPropValue (node_modules/@storybook/core/dist/babel/index.cjs:142671:61)
      If you are in development, this likely indicates a problem with your Storybook process,
      check the terminal for errors.
      If you are in a deployed Storybook, there may have been an issue deploying the full Storybook
      build.
      at constructor (node_modules/@storybook/core/dist/babel/index.cjs:134900:15)
      at Nv.raise (node_modules/@storybook/core/dist/babel/index.cjs:137217:54)
      at Nv.readWord1 (node_modules/@storybook/core/dist/babel/index.cjs:137193:18)
      at Nv.readWord (node_modules/@storybook/core/dist/babel/index.cjs:137205:20)
      at Nv.getTokenFromCode (node_modules/@storybook/core/dist/babel/index.cjs:137028:16)
      at Nv.getTokenFromCode (node_modules/@storybook/core/dist/babel/index.cjs:139696:13)
      at Nv.getTokenFromCode (node_modules/@storybook/core/dist/babel/index.cjs:141547:13)
      at Nv.nextToken (node_modules/@storybook/core/dist/babel/index.cjs:136654:12)
      at Nv.next (node_modules/@storybook/core/dist/babel/index.cjs:136586:62)
      at Nv.eat (node_modules/@storybook/core/dist/babel/index.cjs:136589:36)
      at Nv.parseObjectProperty (node_modules/@storybook/core/dist/babel/index.cjs:142655:34)
      at Nv.parseObjPropValue (node_modules/@storybook/core/dist/babel/index.cjs:142671:61)
      at Nv.parseObjPropValue (node_modules/@storybook/core/dist/babel/index.cjs:141367:49)
      at Nv.parsePropertyDefinition (node_modules/@storybook/core/dist/babel/index.cjs:142632:19)
      at Nv.parseObjectLike (node_modules/@storybook/core/dist/babel/index.cjs:142596:57)
      at Nv.parseExprAtom (node_modules/@storybook/core/dist/babel/index.cjs:142302:23)
      at Nv.parseExprAtom (node_modules/@storybook/core/dist/babel/index.cjs:139667:45)
      at Nv.parseExprSubscripts (node_modules/@storybook/core/dist/babel/index.cjs:142149:78)
      at Nv.parseUpdate (node_modules/@storybook/core/dist/babel/index.cjs:142139:45)
      at Nv.parseMaybeUnary (node_modules/@storybook/core/dist/babel/index.cjs:142124:20)
      at Nv.parseMaybeUnary (node_modules/@storybook/core/dist/babel/index.cjs:141419:93)
      at Nv.parseMaybeUnaryOrPrivate (node_modules/@storybook/core/dist/babel/index.cjs:142032:63)
      at Nv.parseExprOps (node_modules/@storybook/core/dist/babel/index.cjs:142035:78)
      at Nv.parseMaybeConditional (node_modules/@storybook/core/dist/babel/index.cjs:142020:78)
      at Nv.parseMaybeAssign (node_modules/@storybook/core/dist/babel/index.cjs:142004:20)
      at Nv.parseMaybeAssign (node_modules/@storybook/core/dist/babel/index.cjs:141392:22)
      at node_modules/@storybook/core/dist/babel/index.cjs:141986:41
      at Nv.allowInAnd (node_modules/@storybook/core/dist/babel/index.cjs:142978:14)
      at Nv.parseMaybeAssignAllowIn (node_modules/@storybook/core/dist/babel/index.cjs:141986:19)
      at Nv.parseObjectProperty (node_modules/@storybook/core/dist/babel/index.cjs:142656:81)
      at Nv.parseObjPropValue (node_modules/@storybook/core/dist/babel/index.cjs:142671:61)
      at Nv.parseObjPropValue (node_modules/@storybook/core/dist/babel/index.cjs:141367:49)
      at Nv.parsePropertyDefinition (node_modules/@storybook/core/dist/babel/index.cjs:142632:19)
      at Nv.parseObjectLike (node_modules/@storybook/core/dist/babel/index.cjs:142596:57)
      at Nv.parseExprAtom (node_modules/@storybook/core/dist/babel/index.cjs:142302:23)
      at Nv.parseExprAtom (node_modules/@storybook/core/dist/babel/index.cjs:139667:45)
      at Nv.parseExprSubscripts (node_modules/@storybook/core/dist/babel/index.cjs:142149:78)
      at Nv.parseUpdate (node_modules/@storybook/core/dist/babel/index.cjs:142139:45)
      at Nv.parseMaybeUnary (node_modules/@storybook/core/dist/babel/index.cjs:142124:20)
      at Nv.parseMaybeUnary (node_modules/@storybook/core/dist/babel/index.cjs:141419:93)
      at Nv.parseMaybeUnaryOrPrivate (node_modules/@storybook/core/dist/babel/index.cjs:142032:63)
      at Nv.parseExprOps (node_modules/@storybook/core/dist/babel/index.cjs:142035:78)
      at Nv.parseMaybeConditional (node_modules/@storybook/core/dist/babel/index.cjs:142020:78)
      at Nv.parseMaybeAssign (node_modules/@storybook/core/dist/babel/index.cjs:142004:20)
      at Nv.parseMaybeAssign (node_modules/@storybook/core/dist/babel/index.cjs:141392:22)
      at node_modules/@storybook/core/dist/babel/index.cjs:141986:41
      at Nv.allowInAnd (node_modules/@storybook/core/dist/babel/index.cjs:142978:14)
      at Nv.parseMaybeAssignAllowIn (node_modules/@storybook/core/dist/babel/index.cjs:141986:19)
      at Nv.parseObjectProperty (node_modules/@storybook/core/dist/babel/index.cjs:142656:81)
      at Nv.parseObjPropValue (node_modules/@storybook/core/dist/babel/index.cjs:142671:61)
      If you are in development, this likely indicates a problem with your Storybook process,
      check the terminal for errors.
      If you are in a deployed Storybook, there may have been an issue deploying the full Storybook
      build.
      at ns2.getStoryIndexFromServer (packages/components/http:/localhost:6007/packages/components/node_modules/.cache/storybook/1c3385a5d25e538d10b518b310c74d3ca2690b6aaffeadccd74da79736171f86/sb-vite/deps/storybook_internal_preview_runtime.js?v=b3da04b4:8624:11)
      at async ns2.initializeWithProjectAnnotations (packages/components/http:/localhost:6007/packages/components/node_modules/.cache/storybook/1c3385a5d25e538d10b518b310c74d3ca2690b6aaffeadccd74da79736171f86/sb-vite/deps/storybook_internal_preview_runtime.js?v=b3da04b4:8606:15)
      at async ns2.initialize (packages/components/http:/localhost:6007/packages/components/node_modules/.cache/storybook/1c3385a5d25e538d10b518b310c74d3ca2690b6aaffeadccd74da79736171f86/sb-vite/deps/storybook_internal_preview_runtime.js?v=b3da04b4:8581:39)

  ● Components/SideNavigation › WithNestedMenus › smoke-test

    thrown: "Exceeded timeout of 30000 ms for a test.
    Add a timeout value to this test to increase the timeout, if this is a long-running test. See https://jestjs.io/docs/api#testname-fn-timeout."



      at packages/components/src/SideNavigation/SideNavigation.stories.tsx:1600:13
      at packages/components/src/SideNavigation/SideNavigation.stories.tsx:1599:9
      at Object.<anonymous> (packages/components/src/SideNavigation/SideNavigation.stories.tsx:128:5)

  ● Components/SideNavigation › CustomLogo › smoke-test

    SB_PREVIEW_API_0006 (StoryIndexFetchError): Error fetching `/index.json`:

    Unable to index ./src/Table/EnhancedTable.stories.tsx:
      SyntaxError: Expecting Unicode escape sequence \uXXXX. (1467:15)

      at constructor (node_modules/@storybook/core/dist/babel/index.cjs:134900:15)
      at Nv.raise (node_modules/@storybook/core/dist/babel/index.cjs:137217:54)
      at Nv.readWord1 (node_modules/@storybook/core/dist/babel/index.cjs:137193:18)
      at Nv.readWord (node_modules/@storybook/core/dist/babel/index.cjs:137205:20)
      at Nv.getTokenFromCode (node_modules/@storybook/core/dist/babel/index.cjs:137028:16)
      at Nv.getTokenFromCode (node_modules/@storybook/core/dist/babel/index.cjs:139696:13)
      at Nv.getTokenFromCode (node_modules/@storybook/core/dist/babel/index.cjs:141547:13)
      at Nv.nextToken (node_modules/@storybook/core/dist/babel/index.cjs:136654:12)
      at Nv.next (node_modules/@storybook/core/dist/babel/index.cjs:136586:62)
      at Nv.eat (node_modules/@storybook/core/dist/babel/index.cjs:136589:36)
      at Nv.parseObjectProperty (node_modules/@storybook/core/dist/babel/index.cjs:142655:34)
      at Nv.parseObjPropValue (node_modules/@storybook/core/dist/babel/index.cjs:142671:61)
      at Nv.parseObjPropValue (node_modules/@storybook/core/dist/babel/index.cjs:141367:49)
      at Nv.parsePropertyDefinition (node_modules/@storybook/core/dist/babel/index.cjs:142632:19)
      at Nv.parseObjectLike (node_modules/@storybook/core/dist/babel/index.cjs:142596:57)
      at Nv.parseExprAtom (node_modules/@storybook/core/dist/babel/index.cjs:142302:23)
      at Nv.parseExprAtom (node_modules/@storybook/core/dist/babel/index.cjs:139667:45)
      at Nv.parseExprSubscripts (node_modules/@storybook/core/dist/babel/index.cjs:142149:78)
      at Nv.parseUpdate (node_modules/@storybook/core/dist/babel/index.cjs:142139:45)
      at Nv.parseMaybeUnary (node_modules/@storybook/core/dist/babel/index.cjs:142124:20)
      at Nv.parseMaybeUnary (node_modules/@storybook/core/dist/babel/index.cjs:141419:93)
      at Nv.parseMaybeUnaryOrPrivate (node_modules/@storybook/core/dist/babel/index.cjs:142032:63)
      at Nv.parseExprOps (node_modules/@storybook/core/dist/babel/index.cjs:142035:78)
      at Nv.parseMaybeConditional (node_modules/@storybook/core/dist/babel/index.cjs:142020:78)
      at Nv.parseMaybeAssign (node_modules/@storybook/core/dist/babel/index.cjs:142004:20)
      at Nv.parseMaybeAssign (node_modules/@storybook/core/dist/babel/index.cjs:141392:22)
      at node_modules/@storybook/core/dist/babel/index.cjs:141986:41
      at Nv.allowInAnd (node_modules/@storybook/core/dist/babel/index.cjs:142978:14)
      at Nv.parseMaybeAssignAllowIn (node_modules/@storybook/core/dist/babel/index.cjs:141986:19)
      at Nv.parseObjectProperty (node_modules/@storybook/core/dist/babel/index.cjs:142656:81)
      at Nv.parseObjPropValue (node_modules/@storybook/core/dist/babel/index.cjs:142671:61)
      at Nv.parseObjPropValue (node_modules/@storybook/core/dist/babel/index.cjs:141367:49)
      at Nv.parsePropertyDefinition (node_modules/@storybook/core/dist/babel/index.cjs:142632:19)
      at Nv.parseObjectLike (node_modules/@storybook/core/dist/babel/index.cjs:142596:57)
      at Nv.parseExprAtom (node_modules/@storybook/core/dist/babel/index.cjs:142302:23)
      at Nv.parseExprAtom (node_modules/@storybook/core/dist/babel/index.cjs:139667:45)
      at Nv.parseExprSubscripts (node_modules/@storybook/core/dist/babel/index.cjs:142149:78)
      at Nv.parseUpdate (node_modules/@storybook/core/dist/babel/index.cjs:142139:45)
      at Nv.parseMaybeUnary (node_modules/@storybook/core/dist/babel/index.cjs:142124:20)
      at Nv.parseMaybeUnary (node_modules/@storybook/core/dist/babel/index.cjs:141419:93)
      at Nv.parseMaybeUnaryOrPrivate (node_modules/@storybook/core/dist/babel/index.cjs:142032:63)
      at Nv.parseExprOps (node_modules/@storybook/core/dist/babel/index.cjs:142035:78)
      at Nv.parseMaybeConditional (node_modules/@storybook/core/dist/babel/index.cjs:142020:78)
      at Nv.parseMaybeAssign (node_modules/@storybook/core/dist/babel/index.cjs:142004:20)
      at Nv.parseMaybeAssign (node_modules/@storybook/core/dist/babel/index.cjs:141392:22)
      at node_modules/@storybook/core/dist/babel/index.cjs:141986:41
      at Nv.allowInAnd (node_modules/@storybook/core/dist/babel/index.cjs:142978:14)
      at Nv.parseMaybeAssignAllowIn (node_modules/@storybook/core/dist/babel/index.cjs:141986:19)
      at Nv.parseObjectProperty (node_modules/@storybook/core/dist/babel/index.cjs:142656:81)
      at Nv.parseObjPropValue (node_modules/@storybook/core/dist/babel/index.cjs:142671:61)
      If you are in development, this likely indicates a problem with your Storybook process,
      check the terminal for errors.
      If you are in a deployed Storybook, there may have been an issue deploying the full Storybook
      build.
      at constructor (node_modules/@storybook/core/dist/babel/index.cjs:134900:15)
      at Nv.raise (node_modules/@storybook/core/dist/babel/index.cjs:137217:54)
      at Nv.readWord1 (node_modules/@storybook/core/dist/babel/index.cjs:137193:18)
      at Nv.readWord (node_modules/@storybook/core/dist/babel/index.cjs:137205:20)
      at Nv.getTokenFromCode (node_modules/@storybook/core/dist/babel/index.cjs:137028:16)
      at Nv.getTokenFromCode (node_modules/@storybook/core/dist/babel/index.cjs:139696:13)
      at Nv.getTokenFromCode (node_modules/@storybook/core/dist/babel/index.cjs:141547:13)
      at Nv.nextToken (node_modules/@storybook/core/dist/babel/index.cjs:136654:12)
      at Nv.next (node_modules/@storybook/core/dist/babel/index.cjs:136586:62)
      at Nv.eat (node_modules/@storybook/core/dist/babel/index.cjs:136589:36)
      at Nv.parseObjectProperty (node_modules/@storybook/core/dist/babel/index.cjs:142655:34)
      at Nv.parseObjPropValue (node_modules/@storybook/core/dist/babel/index.cjs:142671:61)
      at Nv.parseObjPropValue (node_modules/@storybook/core/dist/babel/index.cjs:141367:49)
      at Nv.parsePropertyDefinition (node_modules/@storybook/core/dist/babel/index.cjs:142632:19)
      at Nv.parseObjectLike (node_modules/@storybook/core/dist/babel/index.cjs:142596:57)
      at Nv.parseExprAtom (node_modules/@storybook/core/dist/babel/index.cjs:142302:23)
      at Nv.parseExprAtom (node_modules/@storybook/core/dist/babel/index.cjs:139667:45)
      at Nv.parseExprSubscripts (node_modules/@storybook/core/dist/babel/index.cjs:142149:78)
      at Nv.parseUpdate (node_modules/@storybook/core/dist/babel/index.cjs:142139:45)
      at Nv.parseMaybeUnary (node_modules/@storybook/core/dist/babel/index.cjs:142124:20)
      at Nv.parseMaybeUnary (node_modules/@storybook/core/dist/babel/index.cjs:141419:93)
      at Nv.parseMaybeUnaryOrPrivate (node_modules/@storybook/core/dist/babel/index.cjs:142032:63)
      at Nv.parseExprOps (node_modules/@storybook/core/dist/babel/index.cjs:142035:78)
      at Nv.parseMaybeConditional (node_modules/@storybook/core/dist/babel/index.cjs:142020:78)
      at Nv.parseMaybeAssign (node_modules/@storybook/core/dist/babel/index.cjs:142004:20)
      at Nv.parseMaybeAssign (node_modules/@storybook/core/dist/babel/index.cjs:141392:22)
      at node_modules/@storybook/core/dist/babel/index.cjs:141986:41
      at Nv.allowInAnd (node_modules/@storybook/core/dist/babel/index.cjs:142978:14)
      at Nv.parseMaybeAssignAllowIn (node_modules/@storybook/core/dist/babel/index.cjs:141986:19)
      at Nv.parseObjectProperty (node_modules/@storybook/core/dist/babel/index.cjs:142656:81)
      at Nv.parseObjPropValue (node_modules/@storybook/core/dist/babel/index.cjs:142671:61)
      at Nv.parseObjPropValue (node_modules/@storybook/core/dist/babel/index.cjs:141367:49)
      at Nv.parsePropertyDefinition (node_modules/@storybook/core/dist/babel/index.cjs:142632:19)
      at Nv.parseObjectLike (node_modules/@storybook/core/dist/babel/index.cjs:142596:57)
      at Nv.parseExprAtom (node_modules/@storybook/core/dist/babel/index.cjs:142302:23)
      at Nv.parseExprAtom (node_modules/@storybook/core/dist/babel/index.cjs:139667:45)
      at Nv.parseExprSubscripts (node_modules/@storybook/core/dist/babel/index.cjs:142149:78)
      at Nv.parseUpdate (node_modules/@storybook/core/dist/babel/index.cjs:142139:45)
      at Nv.parseMaybeUnary (node_modules/@storybook/core/dist/babel/index.cjs:142124:20)
      at Nv.parseMaybeUnary (node_modules/@storybook/core/dist/babel/index.cjs:141419:93)
      at Nv.parseMaybeUnaryOrPrivate (node_modules/@storybook/core/dist/babel/index.cjs:142032:63)
      at Nv.parseExprOps (node_modules/@storybook/core/dist/babel/index.cjs:142035:78)
      at Nv.parseMaybeConditional (node_modules/@storybook/core/dist/babel/index.cjs:142020:78)
      at Nv.parseMaybeAssign (node_modules/@storybook/core/dist/babel/index.cjs:142004:20)
      at Nv.parseMaybeAssign (node_modules/@storybook/core/dist/babel/index.cjs:141392:22)
      at node_modules/@storybook/core/dist/babel/index.cjs:141986:41
      at Nv.allowInAnd (node_modules/@storybook/core/dist/babel/index.cjs:142978:14)
      at Nv.parseMaybeAssignAllowIn (node_modules/@storybook/core/dist/babel/index.cjs:141986:19)
      at Nv.parseObjectProperty (node_modules/@storybook/core/dist/babel/index.cjs:142656:81)
      at Nv.parseObjPropValue (node_modules/@storybook/core/dist/babel/index.cjs:142671:61)
      If you are in development, this likely indicates a problem with your Storybook process,
      check the terminal for errors.
      If you are in a deployed Storybook, there may have been an issue deploying the full Storybook
      build.
      at ns2.getStoryIndexFromServer (packages/components/http:/localhost:6007/packages/components/node_modules/.cache/storybook/1c3385a5d25e538d10b518b310c74d3ca2690b6aaffeadccd74da79736171f86/sb-vite/deps/storybook_internal_preview_runtime.js?v=b3da04b4:8624:11)
      at async ns2.initializeWithProjectAnnotations (packages/components/http:/localhost:6007/packages/components/node_modules/.cache/storybook/1c3385a5d25e538d10b518b310c74d3ca2690b6aaffeadccd74da79736171f86/sb-vite/deps/storybook_internal_preview_runtime.js?v=b3da04b4:8606:15)
      at async ns2.initialize (packages/components/http:/localhost:6007/packages/components/node_modules/.cache/storybook/1c3385a5d25e538d10b518b310c74d3ca2690b6aaffeadccd74da79736171f86/sb-vite/deps/storybook_internal_preview_runtime.js?v=b3da04b4:8581:39)

  ● Components/SideNavigation › CustomLogo › smoke-test

    thrown: "Exceeded timeout of 30000 ms for a test.
    Add a timeout value to this test to increase the timeout, if this is a long-running test. See https://jestjs.io/docs/api#testname-fn-timeout."



      at packages/components/src/SideNavigation/SideNavigation.stories.tsx:1747:13
      at packages/components/src/SideNavigation/SideNavigation.stories.tsx:1746:9
      at Object.<anonymous> (packages/components/src/SideNavigation/SideNavigation.stories.tsx:128:5)

  ● Components/SideNavigation › TextTruncation › smoke-test

    SB_PREVIEW_API_0006 (StoryIndexFetchError): Error fetching `/index.json`:

    Unable to index ./src/Table/EnhancedTable.stories.tsx:
      SyntaxError: Expecting Unicode escape sequence \uXXXX. (1467:15)

      at constructor (node_modules/@storybook/core/dist/babel/index.cjs:134900:15)
      at Nv.raise (node_modules/@storybook/core/dist/babel/index.cjs:137217:54)
      at Nv.readWord1 (node_modules/@storybook/core/dist/babel/index.cjs:137193:18)
      at Nv.readWord (node_modules/@storybook/core/dist/babel/index.cjs:137205:20)
      at Nv.getTokenFromCode (node_modules/@storybook/core/dist/babel/index.cjs:137028:16)
      at Nv.getTokenFromCode (node_modules/@storybook/core/dist/babel/index.cjs:139696:13)
      at Nv.getTokenFromCode (node_modules/@storybook/core/dist/babel/index.cjs:141547:13)
      at Nv.nextToken (node_modules/@storybook/core/dist/babel/index.cjs:136654:12)
      at Nv.next (node_modules/@storybook/core/dist/babel/index.cjs:136586:62)
      at Nv.eat (node_modules/@storybook/core/dist/babel/index.cjs:136589:36)
      at Nv.parseObjectProperty (node_modules/@storybook/core/dist/babel/index.cjs:142655:34)
      at Nv.parseObjPropValue (node_modules/@storybook/core/dist/babel/index.cjs:142671:61)
      at Nv.parseObjPropValue (node_modules/@storybook/core/dist/babel/index.cjs:141367:49)
      at Nv.parsePropertyDefinition (node_modules/@storybook/core/dist/babel/index.cjs:142632:19)
      at Nv.parseObjectLike (node_modules/@storybook/core/dist/babel/index.cjs:142596:57)
      at Nv.parseExprAtom (node_modules/@storybook/core/dist/babel/index.cjs:142302:23)
      at Nv.parseExprAtom (node_modules/@storybook/core/dist/babel/index.cjs:139667:45)
      at Nv.parseExprSubscripts (node_modules/@storybook/core/dist/babel/index.cjs:142149:78)
      at Nv.parseUpdate (node_modules/@storybook/core/dist/babel/index.cjs:142139:45)
      at Nv.parseMaybeUnary (node_modules/@storybook/core/dist/babel/index.cjs:142124:20)
      at Nv.parseMaybeUnary (node_modules/@storybook/core/dist/babel/index.cjs:141419:93)
      at Nv.parseMaybeUnaryOrPrivate (node_modules/@storybook/core/dist/babel/index.cjs:142032:63)
      at Nv.parseExprOps (node_modules/@storybook/core/dist/babel/index.cjs:142035:78)
      at Nv.parseMaybeConditional (node_modules/@storybook/core/dist/babel/index.cjs:142020:78)
      at Nv.parseMaybeAssign (node_modules/@storybook/core/dist/babel/index.cjs:142004:20)
      at Nv.parseMaybeAssign (node_modules/@storybook/core/dist/babel/index.cjs:141392:22)
      at node_modules/@storybook/core/dist/babel/index.cjs:141986:41
      at Nv.allowInAnd (node_modules/@storybook/core/dist/babel/index.cjs:142978:14)
      at Nv.parseMaybeAssignAllowIn (node_modules/@storybook/core/dist/babel/index.cjs:141986:19)
      at Nv.parseObjectProperty (node_modules/@storybook/core/dist/babel/index.cjs:142656:81)
      at Nv.parseObjPropValue (node_modules/@storybook/core/dist/babel/index.cjs:142671:61)
      at Nv.parseObjPropValue (node_modules/@storybook/core/dist/babel/index.cjs:141367:49)
      at Nv.parsePropertyDefinition (node_modules/@storybook/core/dist/babel/index.cjs:142632:19)
      at Nv.parseObjectLike (node_modules/@storybook/core/dist/babel/index.cjs:142596:57)
      at Nv.parseExprAtom (node_modules/@storybook/core/dist/babel/index.cjs:142302:23)
      at Nv.parseExprAtom (node_modules/@storybook/core/dist/babel/index.cjs:139667:45)
      at Nv.parseExprSubscripts (node_modules/@storybook/core/dist/babel/index.cjs:142149:78)
      at Nv.parseUpdate (node_modules/@storybook/core/dist/babel/index.cjs:142139:45)
      at Nv.parseMaybeUnary (node_modules/@storybook/core/dist/babel/index.cjs:142124:20)
      at Nv.parseMaybeUnary (node_modules/@storybook/core/dist/babel/index.cjs:141419:93)
      at Nv.parseMaybeUnaryOrPrivate (node_modules/@storybook/core/dist/babel/index.cjs:142032:63)
      at Nv.parseExprOps (node_modules/@storybook/core/dist/babel/index.cjs:142035:78)
      at Nv.parseMaybeConditional (node_modules/@storybook/core/dist/babel/index.cjs:142020:78)
      at Nv.parseMaybeAssign (node_modules/@storybook/core/dist/babel/index.cjs:142004:20)
      at Nv.parseMaybeAssign (node_modules/@storybook/core/dist/babel/index.cjs:141392:22)
      at node_modules/@storybook/core/dist/babel/index.cjs:141986:41
      at Nv.allowInAnd (node_modules/@storybook/core/dist/babel/index.cjs:142978:14)
      at Nv.parseMaybeAssignAllowIn (node_modules/@storybook/core/dist/babel/index.cjs:141986:19)
      at Nv.parseObjectProperty (node_modules/@storybook/core/dist/babel/index.cjs:142656:81)
      at Nv.parseObjPropValue (node_modules/@storybook/core/dist/babel/index.cjs:142671:61)
      If you are in development, this likely indicates a problem with your Storybook process,
      check the terminal for errors.
      If you are in a deployed Storybook, there may have been an issue deploying the full Storybook
      build.
      at constructor (node_modules/@storybook/core/dist/babel/index.cjs:134900:15)
      at Nv.raise (node_modules/@storybook/core/dist/babel/index.cjs:137217:54)
      at Nv.readWord1 (node_modules/@storybook/core/dist/babel/index.cjs:137193:18)
      at Nv.readWord (node_modules/@storybook/core/dist/babel/index.cjs:137205:20)
      at Nv.getTokenFromCode (node_modules/@storybook/core/dist/babel/index.cjs:137028:16)
      at Nv.getTokenFromCode (node_modules/@storybook/core/dist/babel/index.cjs:139696:13)
      at Nv.getTokenFromCode (node_modules/@storybook/core/dist/babel/index.cjs:141547:13)
      at Nv.nextToken (node_modules/@storybook/core/dist/babel/index.cjs:136654:12)
      at Nv.next (node_modules/@storybook/core/dist/babel/index.cjs:136586:62)
      at Nv.eat (node_modules/@storybook/core/dist/babel/index.cjs:136589:36)
      at Nv.parseObjectProperty (node_modules/@storybook/core/dist/babel/index.cjs:142655:34)
      at Nv.parseObjPropValue (node_modules/@storybook/core/dist/babel/index.cjs:142671:61)
      at Nv.parseObjPropValue (node_modules/@storybook/core/dist/babel/index.cjs:141367:49)
      at Nv.parsePropertyDefinition (node_modules/@storybook/core/dist/babel/index.cjs:142632:19)
      at Nv.parseObjectLike (node_modules/@storybook/core/dist/babel/index.cjs:142596:57)
      at Nv.parseExprAtom (node_modules/@storybook/core/dist/babel/index.cjs:142302:23)
      at Nv.parseExprAtom (node_modules/@storybook/core/dist/babel/index.cjs:139667:45)
      at Nv.parseExprSubscripts (node_modules/@storybook/core/dist/babel/index.cjs:142149:78)
      at Nv.parseUpdate (node_modules/@storybook/core/dist/babel/index.cjs:142139:45)
      at Nv.parseMaybeUnary (node_modules/@storybook/core/dist/babel/index.cjs:142124:20)
      at Nv.parseMaybeUnary (node_modules/@storybook/core/dist/babel/index.cjs:141419:93)
      at Nv.parseMaybeUnaryOrPrivate (node_modules/@storybook/core/dist/babel/index.cjs:142032:63)
      at Nv.parseExprOps (node_modules/@storybook/core/dist/babel/index.cjs:142035:78)
      at Nv.parseMaybeConditional (node_modules/@storybook/core/dist/babel/index.cjs:142020:78)
      at Nv.parseMaybeAssign (node_modules/@storybook/core/dist/babel/index.cjs:142004:20)
      at Nv.parseMaybeAssign (node_modules/@storybook/core/dist/babel/index.cjs:141392:22)
      at node_modules/@storybook/core/dist/babel/index.cjs:141986:41
      at Nv.allowInAnd (node_modules/@storybook/core/dist/babel/index.cjs:142978:14)
      at Nv.parseMaybeAssignAllowIn (node_modules/@storybook/core/dist/babel/index.cjs:141986:19)
      at Nv.parseObjectProperty (node_modules/@storybook/core/dist/babel/index.cjs:142656:81)
      at Nv.parseObjPropValue (node_modules/@storybook/core/dist/babel/index.cjs:142671:61)
      at Nv.parseObjPropValue (node_modules/@storybook/core/dist/babel/index.cjs:141367:49)
      at Nv.parsePropertyDefinition (node_modules/@storybook/core/dist/babel/index.cjs:142632:19)
      at Nv.parseObjectLike (node_modules/@storybook/core/dist/babel/index.cjs:142596:57)
      at Nv.parseExprAtom (node_modules/@storybook/core/dist/babel/index.cjs:142302:23)
      at Nv.parseExprAtom (node_modules/@storybook/core/dist/babel/index.cjs:139667:45)
      at Nv.parseExprSubscripts (node_modules/@storybook/core/dist/babel/index.cjs:142149:78)
      at Nv.parseUpdate (node_modules/@storybook/core/dist/babel/index.cjs:142139:45)
      at Nv.parseMaybeUnary (node_modules/@storybook/core/dist/babel/index.cjs:142124:20)
      at Nv.parseMaybeUnary (node_modules/@storybook/core/dist/babel/index.cjs:141419:93)
      at Nv.parseMaybeUnaryOrPrivate (node_modules/@storybook/core/dist/babel/index.cjs:142032:63)
      at Nv.parseExprOps (node_modules/@storybook/core/dist/babel/index.cjs:142035:78)
      at Nv.parseMaybeConditional (node_modules/@storybook/core/dist/babel/index.cjs:142020:78)
      at Nv.parseMaybeAssign (node_modules/@storybook/core/dist/babel/index.cjs:142004:20)
      at Nv.parseMaybeAssign (node_modules/@storybook/core/dist/babel/index.cjs:141392:22)
      at node_modules/@storybook/core/dist/babel/index.cjs:141986:41
      at Nv.allowInAnd (node_modules/@storybook/core/dist/babel/index.cjs:142978:14)
      at Nv.parseMaybeAssignAllowIn (node_modules/@storybook/core/dist/babel/index.cjs:141986:19)
      at Nv.parseObjectProperty (node_modules/@storybook/core/dist/babel/index.cjs:142656:81)
      at Nv.parseObjPropValue (node_modules/@storybook/core/dist/babel/index.cjs:142671:61)
      If you are in development, this likely indicates a problem with your Storybook process,
      check the terminal for errors.
      If you are in a deployed Storybook, there may have been an issue deploying the full Storybook
      build.
      at ns2.getStoryIndexFromServer (packages/components/http:/localhost:6007/packages/components/node_modules/.cache/storybook/1c3385a5d25e538d10b518b310c74d3ca2690b6aaffeadccd74da79736171f86/sb-vite/deps/storybook_internal_preview_runtime.js?v=b3da04b4:8624:11)
      at async ns2.initializeWithProjectAnnotations (packages/components/http:/localhost:6007/packages/components/node_modules/.cache/storybook/1c3385a5d25e538d10b518b310c74d3ca2690b6aaffeadccd74da79736171f86/sb-vite/deps/storybook_internal_preview_runtime.js?v=b3da04b4:8606:15)
      at async ns2.initialize (packages/components/http:/localhost:6007/packages/components/node_modules/.cache/storybook/1c3385a5d25e538d10b518b310c74d3ca2690b6aaffeadccd74da79736171f86/sb-vite/deps/storybook_internal_preview_runtime.js?v=b3da04b4:8581:39)

  ● Components/SideNavigation › TextTruncation › smoke-test

    thrown: "Exceeded timeout of 30000 ms for a test.
    Add a timeout value to this test to increase the timeout, if this is a long-running test. See https://jestjs.io/docs/api#testname-fn-timeout."



      at packages/components/src/SideNavigation/SideNavigation.stories.tsx:1894:13
      at packages/components/src/SideNavigation/SideNavigation.stories.tsx:1893:9
      at Object.<anonymous> (packages/components/src/SideNavigation/SideNavigation.stories.tsx:128:5)

  console.log
    No accessibility violations detected!

      at DefaultTerminalReporter.<anonymous> (node_modules/axe-playwright/dist/reporter/defaultTerminalReporter.js:47:41)

  console.log
    ✅ No accessibility violations in: Components/InputField

      at log (.storybook/test-runner.ts:38:15)

  console.log
    No accessibility violations detected!

      at DefaultTerminalReporter.<anonymous> (node_modules/axe-playwright/dist/reporter/defaultTerminalReporter.js:47:41)

  console.log
    ✅ No accessibility violations in: Components/InputField

      at log (.storybook/test-runner.ts:38:15)

  console.log
    ┌─────────┬─────────────────┬────────────┬────────────────────────────────────────────────────────┬───────┐
    │ (index) │ id              │ impact     │ description                                            │ nodes │
    ├─────────┼─────────────────┼────────────┼────────────────────────────────────────────────────────┼───────┤
    │ 0       │ 'heading-order' │ 'moderate' │ 'Ensure the order of headings is semantically correct' │ 1     │
    └─────────┴─────────────────┴────────────┴────────────────────────────────────────────────────────┴───────┘

      at DefaultTerminalReporter.<anonymous> (node_modules/axe-playwright/dist/reporter/defaultTerminalReporter.js:31:25)

  console.log
    ┌─────────┬─────────────────────────────┬───────────────────────────────────────────────────────────────────────────────────────────┬────────────┐
    │ (index) │ target                      │ html                                                                                      │ violations │
    ├─────────┼─────────────────────────────┼───────────────────────────────────────────────────────────────────────────────────────────┼────────────┤
    │ 0       │ '["div:nth-child(1) > h4"]' │ '<h4 class="sc-kDTkih dtVUen" style="margin-bottom: 12px;">✅ API &amp; Composition</h4>' │ '[0]'      │
    └─────────┴─────────────────────────────┴───────────────────────────────────────────────────────────────────────────────────────────┴────────────┘

      at DefaultTerminalReporter.<anonymous> (node_modules/axe-playwright/dist/reporter/defaultTerminalReporter.js:43:29)

FAIL browser: chromium src/InputField/InputField.stories.tsx (495.583 s)
  Components/InputField
    Playground
      ✕ smoke-test (30003 ms)
    Sizes
      ✕ smoke-test (30001 ms)
    States
      ✕ smoke-test (1720 ms)
    InputTypes
      ✕ smoke-test (29977 ms)
    WithIcons
      ✕ smoke-test (29997 ms)
    RequiredFields
      ✕ smoke-test (30001 ms)
    HelpingTextStates
      ✕ smoke-test (30002 ms)
    FullWidthLayout
      ✕ smoke-test (30001 ms)
    FormExample
      ✕ smoke-test (30000 ms)
    BestPractices
      ✕ smoke-test (30002 ms)
    AllStates
      ✕ smoke-test (30001 ms)
    AllSizes
      ✕ smoke-test (30002 ms)
    LoadingState
      ✕ smoke-test (30002 ms)
    EmptyState
      ✕ smoke-test (30001 ms)
    EventCallbacks
      ✕ smoke-test (30001 ms)
    ClassNameOverrides
      ✕ smoke-test (30001 ms)
    PolymorphicRendering
      ✕ smoke-test (12878 ms)
    AccessibilityDemo
      ✕ smoke-test (29337 ms)
    ComponentMaturity
      ✕ smoke-test (192 ms)

  ● Components/InputField › Playground › smoke-test

    SB_PREVIEW_API_0006 (StoryIndexFetchError): Error fetching `/index.json`:

    Unable to index ./src/Table/EnhancedTable.stories.tsx:
      SyntaxError: Expecting Unicode escape sequence \uXXXX. (1467:15)

      at constructor (node_modules/@storybook/core/dist/babel/index.cjs:134900:15)
      at Nv.raise (node_modules/@storybook/core/dist/babel/index.cjs:137217:54)
      at Nv.readWord1 (node_modules/@storybook/core/dist/babel/index.cjs:137193:18)
      at Nv.readWord (node_modules/@storybook/core/dist/babel/index.cjs:137205:20)
      at Nv.getTokenFromCode (node_modules/@storybook/core/dist/babel/index.cjs:137028:16)
      at Nv.getTokenFromCode (node_modules/@storybook/core/dist/babel/index.cjs:139696:13)
      at Nv.getTokenFromCode (node_modules/@storybook/core/dist/babel/index.cjs:141547:13)
      at Nv.nextToken (node_modules/@storybook/core/dist/babel/index.cjs:136654:12)
      at Nv.next (node_modules/@storybook/core/dist/babel/index.cjs:136586:62)
      at Nv.eat (node_modules/@storybook/core/dist/babel/index.cjs:136589:36)
      at Nv.parseObjectProperty (node_modules/@storybook/core/dist/babel/index.cjs:142655:34)
      at Nv.parseObjPropValue (node_modules/@storybook/core/dist/babel/index.cjs:142671:61)
      at Nv.parseObjPropValue (node_modules/@storybook/core/dist/babel/index.cjs:141367:49)
      at Nv.parsePropertyDefinition (node_modules/@storybook/core/dist/babel/index.cjs:142632:19)
      at Nv.parseObjectLike (node_modules/@storybook/core/dist/babel/index.cjs:142596:57)
      at Nv.parseExprAtom (node_modules/@storybook/core/dist/babel/index.cjs:142302:23)
      at Nv.parseExprAtom (node_modules/@storybook/core/dist/babel/index.cjs:139667:45)
      at Nv.parseExprSubscripts (node_modules/@storybook/core/dist/babel/index.cjs:142149:78)
      at Nv.parseUpdate (node_modules/@storybook/core/dist/babel/index.cjs:142139:45)
      at Nv.parseMaybeUnary (node_modules/@storybook/core/dist/babel/index.cjs:142124:20)
      at Nv.parseMaybeUnary (node_modules/@storybook/core/dist/babel/index.cjs:141419:93)
      at Nv.parseMaybeUnaryOrPrivate (node_modules/@storybook/core/dist/babel/index.cjs:142032:63)
      at Nv.parseExprOps (node_modules/@storybook/core/dist/babel/index.cjs:142035:78)
      at Nv.parseMaybeConditional (node_modules/@storybook/core/dist/babel/index.cjs:142020:78)
      at Nv.parseMaybeAssign (node_modules/@storybook/core/dist/babel/index.cjs:142004:20)
      at Nv.parseMaybeAssign (node_modules/@storybook/core/dist/babel/index.cjs:141392:22)
      at node_modules/@storybook/core/dist/babel/index.cjs:141986:41
      at Nv.allowInAnd (node_modules/@storybook/core/dist/babel/index.cjs:142978:14)
      at Nv.parseMaybeAssignAllowIn (node_modules/@storybook/core/dist/babel/index.cjs:141986:19)
      at Nv.parseObjectProperty (node_modules/@storybook/core/dist/babel/index.cjs:142656:81)
      at Nv.parseObjPropValue (node_modules/@storybook/core/dist/babel/index.cjs:142671:61)
      at Nv.parseObjPropValue (node_modules/@storybook/core/dist/babel/index.cjs:141367:49)
      at Nv.parsePropertyDefinition (node_modules/@storybook/core/dist/babel/index.cjs:142632:19)
      at Nv.parseObjectLike (node_modules/@storybook/core/dist/babel/index.cjs:142596:57)
      at Nv.parseExprAtom (node_modules/@storybook/core/dist/babel/index.cjs:142302:23)
      at Nv.parseExprAtom (node_modules/@storybook/core/dist/babel/index.cjs:139667:45)
      at Nv.parseExprSubscripts (node_modules/@storybook/core/dist/babel/index.cjs:142149:78)
      at Nv.parseUpdate (node_modules/@storybook/core/dist/babel/index.cjs:142139:45)
      at Nv.parseMaybeUnary (node_modules/@storybook/core/dist/babel/index.cjs:142124:20)
      at Nv.parseMaybeUnary (node_modules/@storybook/core/dist/babel/index.cjs:141419:93)
      at Nv.parseMaybeUnaryOrPrivate (node_modules/@storybook/core/dist/babel/index.cjs:142032:63)
      at Nv.parseExprOps (node_modules/@storybook/core/dist/babel/index.cjs:142035:78)
      at Nv.parseMaybeConditional (node_modules/@storybook/core/dist/babel/index.cjs:142020:78)
      at Nv.parseMaybeAssign (node_modules/@storybook/core/dist/babel/index.cjs:142004:20)
      at Nv.parseMaybeAssign (node_modules/@storybook/core/dist/babel/index.cjs:141392:22)
      at node_modules/@storybook/core/dist/babel/index.cjs:141986:41
      at Nv.allowInAnd (node_modules/@storybook/core/dist/babel/index.cjs:142978:14)
      at Nv.parseMaybeAssignAllowIn (node_modules/@storybook/core/dist/babel/index.cjs:141986:19)
      at Nv.parseObjectProperty (node_modules/@storybook/core/dist/babel/index.cjs:142656:81)
      at Nv.parseObjPropValue (node_modules/@storybook/core/dist/babel/index.cjs:142671:61)
      If you are in development, this likely indicates a problem with your Storybook process,
      check the terminal for errors.
      If you are in a deployed Storybook, there may have been an issue deploying the full Storybook
      build.
      at constructor (node_modules/@storybook/core/dist/babel/index.cjs:134900:15)
      at Nv.raise (node_modules/@storybook/core/dist/babel/index.cjs:137217:54)
      at Nv.readWord1 (node_modules/@storybook/core/dist/babel/index.cjs:137193:18)
      at Nv.readWord (node_modules/@storybook/core/dist/babel/index.cjs:137205:20)
      at Nv.getTokenFromCode (node_modules/@storybook/core/dist/babel/index.cjs:137028:16)
      at Nv.getTokenFromCode (node_modules/@storybook/core/dist/babel/index.cjs:139696:13)
      at Nv.getTokenFromCode (node_modules/@storybook/core/dist/babel/index.cjs:141547:13)
      at Nv.nextToken (node_modules/@storybook/core/dist/babel/index.cjs:136654:12)
      at Nv.next (node_modules/@storybook/core/dist/babel/index.cjs:136586:62)
      at Nv.eat (node_modules/@storybook/core/dist/babel/index.cjs:136589:36)
      at Nv.parseObjectProperty (node_modules/@storybook/core/dist/babel/index.cjs:142655:34)
      at Nv.parseObjPropValue (node_modules/@storybook/core/dist/babel/index.cjs:142671:61)
      at Nv.parseObjPropValue (node_modules/@storybook/core/dist/babel/index.cjs:141367:49)
      at Nv.parsePropertyDefinition (node_modules/@storybook/core/dist/babel/index.cjs:142632:19)
      at Nv.parseObjectLike (node_modules/@storybook/core/dist/babel/index.cjs:142596:57)
      at Nv.parseExprAtom (node_modules/@storybook/core/dist/babel/index.cjs:142302:23)
      at Nv.parseExprAtom (node_modules/@storybook/core/dist/babel/index.cjs:139667:45)
      at Nv.parseExprSubscripts (node_modules/@storybook/core/dist/babel/index.cjs:142149:78)
      at Nv.parseUpdate (node_modules/@storybook/core/dist/babel/index.cjs:142139:45)
      at Nv.parseMaybeUnary (node_modules/@storybook/core/dist/babel/index.cjs:142124:20)
      at Nv.parseMaybeUnary (node_modules/@storybook/core/dist/babel/index.cjs:141419:93)
      at Nv.parseMaybeUnaryOrPrivate (node_modules/@storybook/core/dist/babel/index.cjs:142032:63)
      at Nv.parseExprOps (node_modules/@storybook/core/dist/babel/index.cjs:142035:78)
      at Nv.parseMaybeConditional (node_modules/@storybook/core/dist/babel/index.cjs:142020:78)
      at Nv.parseMaybeAssign (node_modules/@storybook/core/dist/babel/index.cjs:142004:20)
      at Nv.parseMaybeAssign (node_modules/@storybook/core/dist/babel/index.cjs:141392:22)
      at node_modules/@storybook/core/dist/babel/index.cjs:141986:41
      at Nv.allowInAnd (node_modules/@storybook/core/dist/babel/index.cjs:142978:14)
      at Nv.parseMaybeAssignAllowIn (node_modules/@storybook/core/dist/babel/index.cjs:141986:19)
      at Nv.parseObjectProperty (node_modules/@storybook/core/dist/babel/index.cjs:142656:81)
      at Nv.parseObjPropValue (node_modules/@storybook/core/dist/babel/index.cjs:142671:61)
      at Nv.parseObjPropValue (node_modules/@storybook/core/dist/babel/index.cjs:141367:49)
      at Nv.parsePropertyDefinition (node_modules/@storybook/core/dist/babel/index.cjs:142632:19)
      at Nv.parseObjectLike (node_modules/@storybook/core/dist/babel/index.cjs:142596:57)
      at Nv.parseExprAtom (node_modules/@storybook/core/dist/babel/index.cjs:142302:23)
      at Nv.parseExprAtom (node_modules/@storybook/core/dist/babel/index.cjs:139667:45)
      at Nv.parseExprSubscripts (node_modules/@storybook/core/dist/babel/index.cjs:142149:78)
      at Nv.parseUpdate (node_modules/@storybook/core/dist/babel/index.cjs:142139:45)
      at Nv.parseMaybeUnary (node_modules/@storybook/core/dist/babel/index.cjs:142124:20)
      at Nv.parseMaybeUnary (node_modules/@storybook/core/dist/babel/index.cjs:141419:93)
      at Nv.parseMaybeUnaryOrPrivate (node_modules/@storybook/core/dist/babel/index.cjs:142032:63)
      at Nv.parseExprOps (node_modules/@storybook/core/dist/babel/index.cjs:142035:78)
      at Nv.parseMaybeConditional (node_modules/@storybook/core/dist/babel/index.cjs:142020:78)
      at Nv.parseMaybeAssign (node_modules/@storybook/core/dist/babel/index.cjs:142004:20)
      at Nv.parseMaybeAssign (node_modules/@storybook/core/dist/babel/index.cjs:141392:22)
      at node_modules/@storybook/core/dist/babel/index.cjs:141986:41
      at Nv.allowInAnd (node_modules/@storybook/core/dist/babel/index.cjs:142978:14)
      at Nv.parseMaybeAssignAllowIn (node_modules/@storybook/core/dist/babel/index.cjs:141986:19)
      at Nv.parseObjectProperty (node_modules/@storybook/core/dist/babel/index.cjs:142656:81)
      at Nv.parseObjPropValue (node_modules/@storybook/core/dist/babel/index.cjs:142671:61)
      If you are in development, this likely indicates a problem with your Storybook process,
      check the terminal for errors.
      If you are in a deployed Storybook, there may have been an issue deploying the full Storybook
      build.
      at ns2.getStoryIndexFromServer (packages/components/http:/localhost:6007/packages/components/node_modules/.cache/storybook/1c3385a5d25e538d10b518b310c74d3ca2690b6aaffeadccd74da79736171f86/sb-vite/deps/storybook_internal_preview_runtime.js?v=b3da04b4:8624:11)
      at async ns2.initializeWithProjectAnnotations (packages/components/http:/localhost:6007/packages/components/node_modules/.cache/storybook/1c3385a5d25e538d10b518b310c74d3ca2690b6aaffeadccd74da79736171f86/sb-vite/deps/storybook_internal_preview_runtime.js?v=b3da04b4:8606:15)
      at async ns2.initialize (packages/components/http:/localhost:6007/packages/components/node_modules/.cache/storybook/1c3385a5d25e538d10b518b310c74d3ca2690b6aaffeadccd74da79736171f86/sb-vite/deps/storybook_internal_preview_runtime.js?v=b3da04b4:8581:39)

  ● Components/InputField › Playground › smoke-test

    SB_PREVIEW_API_0006 (StoryIndexFetchError): Error fetching `/index.json`:

    Unable to index ./src/Table/EnhancedTable.stories.tsx:
      SyntaxError: Expecting Unicode escape sequence \uXXXX. (1467:15)

      at constructor (node_modules/@storybook/core/dist/babel/index.cjs:134900:15)
      at Nv.raise (node_modules/@storybook/core/dist/babel/index.cjs:137217:54)
      at Nv.readWord1 (node_modules/@storybook/core/dist/babel/index.cjs:137193:18)
      at Nv.readWord (node_modules/@storybook/core/dist/babel/index.cjs:137205:20)
      at Nv.getTokenFromCode (node_modules/@storybook/core/dist/babel/index.cjs:137028:16)
      at Nv.getTokenFromCode (node_modules/@storybook/core/dist/babel/index.cjs:139696:13)
      at Nv.getTokenFromCode (node_modules/@storybook/core/dist/babel/index.cjs:141547:13)
      at Nv.nextToken (node_modules/@storybook/core/dist/babel/index.cjs:136654:12)
      at Nv.next (node_modules/@storybook/core/dist/babel/index.cjs:136586:62)
      at Nv.eat (node_modules/@storybook/core/dist/babel/index.cjs:136589:36)
      at Nv.parseObjectProperty (node_modules/@storybook/core/dist/babel/index.cjs:142655:34)
      at Nv.parseObjPropValue (node_modules/@storybook/core/dist/babel/index.cjs:142671:61)
      at Nv.parseObjPropValue (node_modules/@storybook/core/dist/babel/index.cjs:141367:49)
      at Nv.parsePropertyDefinition (node_modules/@storybook/core/dist/babel/index.cjs:142632:19)
      at Nv.parseObjectLike (node_modules/@storybook/core/dist/babel/index.cjs:142596:57)
      at Nv.parseExprAtom (node_modules/@storybook/core/dist/babel/index.cjs:142302:23)
      at Nv.parseExprAtom (node_modules/@storybook/core/dist/babel/index.cjs:139667:45)
      at Nv.parseExprSubscripts (node_modules/@storybook/core/dist/babel/index.cjs:142149:78)
      at Nv.parseUpdate (node_modules/@storybook/core/dist/babel/index.cjs:142139:45)
      at Nv.parseMaybeUnary (node_modules/@storybook/core/dist/babel/index.cjs:142124:20)
      at Nv.parseMaybeUnary (node_modules/@storybook/core/dist/babel/index.cjs:141419:93)
      at Nv.parseMaybeUnaryOrPrivate (node_modules/@storybook/core/dist/babel/index.cjs:142032:63)
      at Nv.parseExprOps (node_modules/@storybook/core/dist/babel/index.cjs:142035:78)
      at Nv.parseMaybeConditional (node_modules/@storybook/core/dist/babel/index.cjs:142020:78)
      at Nv.parseMaybeAssign (node_modules/@storybook/core/dist/babel/index.cjs:142004:20)
      at Nv.parseMaybeAssign (node_modules/@storybook/core/dist/babel/index.cjs:141392:22)
      at node_modules/@storybook/core/dist/babel/index.cjs:141986:41
      at Nv.allowInAnd (node_modules/@storybook/core/dist/babel/index.cjs:142978:14)
      at Nv.parseMaybeAssignAllowIn (node_modules/@storybook/core/dist/babel/index.cjs:141986:19)
      at Nv.parseObjectProperty (node_modules/@storybook/core/dist/babel/index.cjs:142656:81)
      at Nv.parseObjPropValue (node_modules/@storybook/core/dist/babel/index.cjs:142671:61)
      at Nv.parseObjPropValue (node_modules/@storybook/core/dist/babel/index.cjs:141367:49)
      at Nv.parsePropertyDefinition (node_modules/@storybook/core/dist/babel/index.cjs:142632:19)
      at Nv.parseObjectLike (node_modules/@storybook/core/dist/babel/index.cjs:142596:57)
      at Nv.parseExprAtom (node_modules/@storybook/core/dist/babel/index.cjs:142302:23)
      at Nv.parseExprAtom (node_modules/@storybook/core/dist/babel/index.cjs:139667:45)
      at Nv.parseExprSubscripts (node_modules/@storybook/core/dist/babel/index.cjs:142149:78)
      at Nv.parseUpdate (node_modules/@storybook/core/dist/babel/index.cjs:142139:45)
      at Nv.parseMaybeUnary (node_modules/@storybook/core/dist/babel/index.cjs:142124:20)
      at Nv.parseMaybeUnary (node_modules/@storybook/core/dist/babel/index.cjs:141419:93)
      at Nv.parseMaybeUnaryOrPrivate (node_modules/@storybook/core/dist/babel/index.cjs:142032:63)
      at Nv.parseExprOps (node_modules/@storybook/core/dist/babel/index.cjs:142035:78)
      at Nv.parseMaybeConditional (node_modules/@storybook/core/dist/babel/index.cjs:142020:78)
      at Nv.parseMaybeAssign (node_modules/@storybook/core/dist/babel/index.cjs:142004:20)
      at Nv.parseMaybeAssign (node_modules/@storybook/core/dist/babel/index.cjs:141392:22)
      at node_modules/@storybook/core/dist/babel/index.cjs:141986:41
      at Nv.allowInAnd (node_modules/@storybook/core/dist/babel/index.cjs:142978:14)
      at Nv.parseMaybeAssignAllowIn (node_modules/@storybook/core/dist/babel/index.cjs:141986:19)
      at Nv.parseObjectProperty (node_modules/@storybook/core/dist/babel/index.cjs:142656:81)
      at Nv.parseObjPropValue (node_modules/@storybook/core/dist/babel/index.cjs:142671:61)
      If you are in development, this likely indicates a problem with your Storybook process,
      check the terminal for errors.
      If you are in a deployed Storybook, there may have been an issue deploying the full Storybook
      build.
      at constructor (node_modules/@storybook/core/dist/babel/index.cjs:134900:15)
      at Nv.raise (node_modules/@storybook/core/dist/babel/index.cjs:137217:54)
      at Nv.readWord1 (node_modules/@storybook/core/dist/babel/index.cjs:137193:18)
      at Nv.readWord (node_modules/@storybook/core/dist/babel/index.cjs:137205:20)
      at Nv.getTokenFromCode (node_modules/@storybook/core/dist/babel/index.cjs:137028:16)
      at Nv.getTokenFromCode (node_modules/@storybook/core/dist/babel/index.cjs:139696:13)
      at Nv.getTokenFromCode (node_modules/@storybook/core/dist/babel/index.cjs:141547:13)
      at Nv.nextToken (node_modules/@storybook/core/dist/babel/index.cjs:136654:12)
      at Nv.next (node_modules/@storybook/core/dist/babel/index.cjs:136586:62)
      at Nv.eat (node_modules/@storybook/core/dist/babel/index.cjs:136589:36)
      at Nv.parseObjectProperty (node_modules/@storybook/core/dist/babel/index.cjs:142655:34)
      at Nv.parseObjPropValue (node_modules/@storybook/core/dist/babel/index.cjs:142671:61)
      at Nv.parseObjPropValue (node_modules/@storybook/core/dist/babel/index.cjs:141367:49)
      at Nv.parsePropertyDefinition (node_modules/@storybook/core/dist/babel/index.cjs:142632:19)
      at Nv.parseObjectLike (node_modules/@storybook/core/dist/babel/index.cjs:142596:57)
      at Nv.parseExprAtom (node_modules/@storybook/core/dist/babel/index.cjs:142302:23)
      at Nv.parseExprAtom (node_modules/@storybook/core/dist/babel/index.cjs:139667:45)
      at Nv.parseExprSubscripts (node_modules/@storybook/core/dist/babel/index.cjs:142149:78)
      at Nv.parseUpdate (node_modules/@storybook/core/dist/babel/index.cjs:142139:45)
      at Nv.parseMaybeUnary (node_modules/@storybook/core/dist/babel/index.cjs:142124:20)
      at Nv.parseMaybeUnary (node_modules/@storybook/core/dist/babel/index.cjs:141419:93)
      at Nv.parseMaybeUnaryOrPrivate (node_modules/@storybook/core/dist/babel/index.cjs:142032:63)
      at Nv.parseExprOps (node_modules/@storybook/core/dist/babel/index.cjs:142035:78)
      at Nv.parseMaybeConditional (node_modules/@storybook/core/dist/babel/index.cjs:142020:78)
      at Nv.parseMaybeAssign (node_modules/@storybook/core/dist/babel/index.cjs:142004:20)
      at Nv.parseMaybeAssign (node_modules/@storybook/core/dist/babel/index.cjs:141392:22)
      at node_modules/@storybook/core/dist/babel/index.cjs:141986:41
      at Nv.allowInAnd (node_modules/@storybook/core/dist/babel/index.cjs:142978:14)
      at Nv.parseMaybeAssignAllowIn (node_modules/@storybook/core/dist/babel/index.cjs:141986:19)
      at Nv.parseObjectProperty (node_modules/@storybook/core/dist/babel/index.cjs:142656:81)
      at Nv.parseObjPropValue (node_modules/@storybook/core/dist/babel/index.cjs:142671:61)
      at Nv.parseObjPropValue (node_modules/@storybook/core/dist/babel/index.cjs:141367:49)
      at Nv.parsePropertyDefinition (node_modules/@storybook/core/dist/babel/index.cjs:142632:19)
      at Nv.parseObjectLike (node_modules/@storybook/core/dist/babel/index.cjs:142596:57)
      at Nv.parseExprAtom (node_modules/@storybook/core/dist/babel/index.cjs:142302:23)
      at Nv.parseExprAtom (node_modules/@storybook/core/dist/babel/index.cjs:139667:45)
      at Nv.parseExprSubscripts (node_modules/@storybook/core/dist/babel/index.cjs:142149:78)
      at Nv.parseUpdate (node_modules/@storybook/core/dist/babel/index.cjs:142139:45)
      at Nv.parseMaybeUnary (node_modules/@storybook/core/dist/babel/index.cjs:142124:20)
      at Nv.parseMaybeUnary (node_modules/@storybook/core/dist/babel/index.cjs:141419:93)
      at Nv.parseMaybeUnaryOrPrivate (node_modules/@storybook/core/dist/babel/index.cjs:142032:63)
      at Nv.parseExprOps (node_modules/@storybook/core/dist/babel/index.cjs:142035:78)
      at Nv.parseMaybeConditional (node_modules/@storybook/core/dist/babel/index.cjs:142020:78)
      at Nv.parseMaybeAssign (node_modules/@storybook/core/dist/babel/index.cjs:142004:20)
      at Nv.parseMaybeAssign (node_modules/@storybook/core/dist/babel/index.cjs:141392:22)
      at node_modules/@storybook/core/dist/babel/index.cjs:141986:41
      at Nv.allowInAnd (node_modules/@storybook/core/dist/babel/index.cjs:142978:14)
      at Nv.parseMaybeAssignAllowIn (node_modules/@storybook/core/dist/babel/index.cjs:141986:19)
      at Nv.parseObjectProperty (node_modules/@storybook/core/dist/babel/index.cjs:142656:81)
      at Nv.parseObjPropValue (node_modules/@storybook/core/dist/babel/index.cjs:142671:61)
      If you are in development, this likely indicates a problem with your Storybook process,
      check the terminal for errors.
      If you are in a deployed Storybook, there may have been an issue deploying the full Storybook
      build.
      at ns2.getStoryIndexFromServer (packages/components/http:/localhost:6007/packages/components/node_modules/.cache/storybook/1c3385a5d25e538d10b518b310c74d3ca2690b6aaffeadccd74da79736171f86/sb-vite/deps/storybook_internal_preview_runtime.js?v=b3da04b4:8624:11)
      at async ns2.initializeWithProjectAnnotations (packages/components/http:/localhost:6007/packages/components/node_modules/.cache/storybook/1c3385a5d25e538d10b518b310c74d3ca2690b6aaffeadccd74da79736171f86/sb-vite/deps/storybook_internal_preview_runtime.js?v=b3da04b4:8606:15)
      at async ns2.initialize (packages/components/http:/localhost:6007/packages/components/node_modules/.cache/storybook/1c3385a5d25e538d10b518b310c74d3ca2690b6aaffeadccd74da79736171f86/sb-vite/deps/storybook_internal_preview_runtime.js?v=b3da04b4:8581:39)

  ● Components/InputField › Playground › smoke-test

    thrown: "Exceeded timeout of 30000 ms for a test.
    Add a timeout value to this test to increase the timeout, if this is a long-running test. See https://jestjs.io/docs/api#testname-fn-timeout."

      128 |
      129 | ## When NOT to Use
    > 130 |
          | ^
      131 | ❌ **Don't use Input Field when:**
      132 | - You need multi-line text input (use TextArea instead)
      133 | - Users need to select from predefined options (use Select/Dropdown instead)

      at packages/components/src/InputField/InputField.stories.tsx:130:13
      at packages/components/src/InputField/InputField.stories.tsx:129:9
      at Object.<anonymous> (packages/components/src/InputField/InputField.stories.tsx:128:5)

  ● Components/InputField › Sizes › smoke-test

    SB_PREVIEW_API_0006 (StoryIndexFetchError): Error fetching `/index.json`:

    Unable to index ./src/Table/EnhancedTable.stories.tsx:
      SyntaxError: Expecting Unicode escape sequence \uXXXX. (1467:15)

      at constructor (node_modules/@storybook/core/dist/babel/index.cjs:134900:15)
      at Nv.raise (node_modules/@storybook/core/dist/babel/index.cjs:137217:54)
      at Nv.readWord1 (node_modules/@storybook/core/dist/babel/index.cjs:137193:18)
      at Nv.readWord (node_modules/@storybook/core/dist/babel/index.cjs:137205:20)
      at Nv.getTokenFromCode (node_modules/@storybook/core/dist/babel/index.cjs:137028:16)
      at Nv.getTokenFromCode (node_modules/@storybook/core/dist/babel/index.cjs:139696:13)
      at Nv.getTokenFromCode (node_modules/@storybook/core/dist/babel/index.cjs:141547:13)
      at Nv.nextToken (node_modules/@storybook/core/dist/babel/index.cjs:136654:12)
      at Nv.next (node_modules/@storybook/core/dist/babel/index.cjs:136586:62)
      at Nv.eat (node_modules/@storybook/core/dist/babel/index.cjs:136589:36)
      at Nv.parseObjectProperty (node_modules/@storybook/core/dist/babel/index.cjs:142655:34)
      at Nv.parseObjPropValue (node_modules/@storybook/core/dist/babel/index.cjs:142671:61)
      at Nv.parseObjPropValue (node_modules/@storybook/core/dist/babel/index.cjs:141367:49)
      at Nv.parsePropertyDefinition (node_modules/@storybook/core/dist/babel/index.cjs:142632:19)
      at Nv.parseObjectLike (node_modules/@storybook/core/dist/babel/index.cjs:142596:57)
      at Nv.parseExprAtom (node_modules/@storybook/core/dist/babel/index.cjs:142302:23)
      at Nv.parseExprAtom (node_modules/@storybook/core/dist/babel/index.cjs:139667:45)
      at Nv.parseExprSubscripts (node_modules/@storybook/core/dist/babel/index.cjs:142149:78)
      at Nv.parseUpdate (node_modules/@storybook/core/dist/babel/index.cjs:142139:45)
      at Nv.parseMaybeUnary (node_modules/@storybook/core/dist/babel/index.cjs:142124:20)
      at Nv.parseMaybeUnary (node_modules/@storybook/core/dist/babel/index.cjs:141419:93)
      at Nv.parseMaybeUnaryOrPrivate (node_modules/@storybook/core/dist/babel/index.cjs:142032:63)
      at Nv.parseExprOps (node_modules/@storybook/core/dist/babel/index.cjs:142035:78)
      at Nv.parseMaybeConditional (node_modules/@storybook/core/dist/babel/index.cjs:142020:78)
      at Nv.parseMaybeAssign (node_modules/@storybook/core/dist/babel/index.cjs:142004:20)
      at Nv.parseMaybeAssign (node_modules/@storybook/core/dist/babel/index.cjs:141392:22)
      at node_modules/@storybook/core/dist/babel/index.cjs:141986:41
      at Nv.allowInAnd (node_modules/@storybook/core/dist/babel/index.cjs:142978:14)
      at Nv.parseMaybeAssignAllowIn (node_modules/@storybook/core/dist/babel/index.cjs:141986:19)
      at Nv.parseObjectProperty (node_modules/@storybook/core/dist/babel/index.cjs:142656:81)
      at Nv.parseObjPropValue (node_modules/@storybook/core/dist/babel/index.cjs:142671:61)
      at Nv.parseObjPropValue (node_modules/@storybook/core/dist/babel/index.cjs:141367:49)
      at Nv.parsePropertyDefinition (node_modules/@storybook/core/dist/babel/index.cjs:142632:19)
      at Nv.parseObjectLike (node_modules/@storybook/core/dist/babel/index.cjs:142596:57)
      at Nv.parseExprAtom (node_modules/@storybook/core/dist/babel/index.cjs:142302:23)
      at Nv.parseExprAtom (node_modules/@storybook/core/dist/babel/index.cjs:139667:45)
      at Nv.parseExprSubscripts (node_modules/@storybook/core/dist/babel/index.cjs:142149:78)
      at Nv.parseUpdate (node_modules/@storybook/core/dist/babel/index.cjs:142139:45)
      at Nv.parseMaybeUnary (node_modules/@storybook/core/dist/babel/index.cjs:142124:20)
      at Nv.parseMaybeUnary (node_modules/@storybook/core/dist/babel/index.cjs:141419:93)
      at Nv.parseMaybeUnaryOrPrivate (node_modules/@storybook/core/dist/babel/index.cjs:142032:63)
      at Nv.parseExprOps (node_modules/@storybook/core/dist/babel/index.cjs:142035:78)
      at Nv.parseMaybeConditional (node_modules/@storybook/core/dist/babel/index.cjs:142020:78)
      at Nv.parseMaybeAssign (node_modules/@storybook/core/dist/babel/index.cjs:142004:20)
      at Nv.parseMaybeAssign (node_modules/@storybook/core/dist/babel/index.cjs:141392:22)
      at node_modules/@storybook/core/dist/babel/index.cjs:141986:41
      at Nv.allowInAnd (node_modules/@storybook/core/dist/babel/index.cjs:142978:14)
      at Nv.parseMaybeAssignAllowIn (node_modules/@storybook/core/dist/babel/index.cjs:141986:19)
      at Nv.parseObjectProperty (node_modules/@storybook/core/dist/babel/index.cjs:142656:81)
      at Nv.parseObjPropValue (node_modules/@storybook/core/dist/babel/index.cjs:142671:61)
      If you are in development, this likely indicates a problem with your Storybook process,
      check the terminal for errors.
      If you are in a deployed Storybook, there may have been an issue deploying the full Storybook
      build.
      at constructor (node_modules/@storybook/core/dist/babel/index.cjs:134900:15)
      at Nv.raise (node_modules/@storybook/core/dist/babel/index.cjs:137217:54)
      at Nv.readWord1 (node_modules/@storybook/core/dist/babel/index.cjs:137193:18)
      at Nv.readWord (node_modules/@storybook/core/dist/babel/index.cjs:137205:20)
      at Nv.getTokenFromCode (node_modules/@storybook/core/dist/babel/index.cjs:137028:16)
      at Nv.getTokenFromCode (node_modules/@storybook/core/dist/babel/index.cjs:139696:13)
      at Nv.getTokenFromCode (node_modules/@storybook/core/dist/babel/index.cjs:141547:13)
      at Nv.nextToken (node_modules/@storybook/core/dist/babel/index.cjs:136654:12)
      at Nv.next (node_modules/@storybook/core/dist/babel/index.cjs:136586:62)
      at Nv.eat (node_modules/@storybook/core/dist/babel/index.cjs:136589:36)
      at Nv.parseObjectProperty (node_modules/@storybook/core/dist/babel/index.cjs:142655:34)
      at Nv.parseObjPropValue (node_modules/@storybook/core/dist/babel/index.cjs:142671:61)
      at Nv.parseObjPropValue (node_modules/@storybook/core/dist/babel/index.cjs:141367:49)
      at Nv.parsePropertyDefinition (node_modules/@storybook/core/dist/babel/index.cjs:142632:19)
      at Nv.parseObjectLike (node_modules/@storybook/core/dist/babel/index.cjs:142596:57)
      at Nv.parseExprAtom (node_modules/@storybook/core/dist/babel/index.cjs:142302:23)
      at Nv.parseExprAtom (node_modules/@storybook/core/dist/babel/index.cjs:139667:45)
      at Nv.parseExprSubscripts (node_modules/@storybook/core/dist/babel/index.cjs:142149:78)
      at Nv.parseUpdate (node_modules/@storybook/core/dist/babel/index.cjs:142139:45)
      at Nv.parseMaybeUnary (node_modules/@storybook/core/dist/babel/index.cjs:142124:20)
      at Nv.parseMaybeUnary (node_modules/@storybook/core/dist/babel/index.cjs:141419:93)
      at Nv.parseMaybeUnaryOrPrivate (node_modules/@storybook/core/dist/babel/index.cjs:142032:63)
      at Nv.parseExprOps (node_modules/@storybook/core/dist/babel/index.cjs:142035:78)
      at Nv.parseMaybeConditional (node_modules/@storybook/core/dist/babel/index.cjs:142020:78)
      at Nv.parseMaybeAssign (node_modules/@storybook/core/dist/babel/index.cjs:142004:20)
      at Nv.parseMaybeAssign (node_modules/@storybook/core/dist/babel/index.cjs:141392:22)
      at node_modules/@storybook/core/dist/babel/index.cjs:141986:41
      at Nv.allowInAnd (node_modules/@storybook/core/dist/babel/index.cjs:142978:14)
      at Nv.parseMaybeAssignAllowIn (node_modules/@storybook/core/dist/babel/index.cjs:141986:19)
      at Nv.parseObjectProperty (node_modules/@storybook/core/dist/babel/index.cjs:142656:81)
      at Nv.parseObjPropValue (node_modules/@storybook/core/dist/babel/index.cjs:142671:61)
      at Nv.parseObjPropValue (node_modules/@storybook/core/dist/babel/index.cjs:141367:49)
      at Nv.parsePropertyDefinition (node_modules/@storybook/core/dist/babel/index.cjs:142632:19)
      at Nv.parseObjectLike (node_modules/@storybook/core/dist/babel/index.cjs:142596:57)
      at Nv.parseExprAtom (node_modules/@storybook/core/dist/babel/index.cjs:142302:23)
      at Nv.parseExprAtom (node_modules/@storybook/core/dist/babel/index.cjs:139667:45)
      at Nv.parseExprSubscripts (node_modules/@storybook/core/dist/babel/index.cjs:142149:78)
      at Nv.parseUpdate (node_modules/@storybook/core/dist/babel/index.cjs:142139:45)
      at Nv.parseMaybeUnary (node_modules/@storybook/core/dist/babel/index.cjs:142124:20)
      at Nv.parseMaybeUnary (node_modules/@storybook/core/dist/babel/index.cjs:141419:93)
      at Nv.parseMaybeUnaryOrPrivate (node_modules/@storybook/core/dist/babel/index.cjs:142032:63)
      at Nv.parseExprOps (node_modules/@storybook/core/dist/babel/index.cjs:142035:78)
      at Nv.parseMaybeConditional (node_modules/@storybook/core/dist/babel/index.cjs:142020:78)
      at Nv.parseMaybeAssign (node_modules/@storybook/core/dist/babel/index.cjs:142004:20)
      at Nv.parseMaybeAssign (node_modules/@storybook/core/dist/babel/index.cjs:141392:22)
      at node_modules/@storybook/core/dist/babel/index.cjs:141986:41
      at Nv.allowInAnd (node_modules/@storybook/core/dist/babel/index.cjs:142978:14)
      at Nv.parseMaybeAssignAllowIn (node_modules/@storybook/core/dist/babel/index.cjs:141986:19)
      at Nv.parseObjectProperty (node_modules/@storybook/core/dist/babel/index.cjs:142656:81)
      at Nv.parseObjPropValue (node_modules/@storybook/core/dist/babel/index.cjs:142671:61)
      If you are in development, this likely indicates a problem with your Storybook process,
      check the terminal for errors.
      If you are in a deployed Storybook, there may have been an issue deploying the full Storybook
      build.
      at ns2.getStoryIndexFromServer (packages/components/http:/localhost:6007/packages/components/node_modules/.cache/storybook/1c3385a5d25e538d10b518b310c74d3ca2690b6aaffeadccd74da79736171f86/sb-vite/deps/storybook_internal_preview_runtime.js?v=b3da04b4:8624:11)
      at async ns2.initializeWithProjectAnnotations (packages/components/http:/localhost:6007/packages/components/node_modules/.cache/storybook/1c3385a5d25e538d10b518b310c74d3ca2690b6aaffeadccd74da79736171f86/sb-vite/deps/storybook_internal_preview_runtime.js?v=b3da04b4:8606:15)
      at async ns2.initialize (packages/components/http:/localhost:6007/packages/components/node_modules/.cache/storybook/1c3385a5d25e538d10b518b310c74d3ca2690b6aaffeadccd74da79736171f86/sb-vite/deps/storybook_internal_preview_runtime.js?v=b3da04b4:8581:39)

  ● Components/InputField › Sizes › smoke-test

    SB_PREVIEW_API_0006 (StoryIndexFetchError): Error fetching `/index.json`:

    Unable to index ./src/Table/EnhancedTable.stories.tsx:
      SyntaxError: Unterminated template. (1467:15)

      at constructor (node_modules/@storybook/core/dist/babel/index.cjs:134900:15)
      at Nv.raise (node_modules/@storybook/core/dist/babel/index.cjs:137217:54)
      at Object.unterminated (node_modules/@storybook/core/dist/babel/index.cjs:136577:22)
      at readStringContents (node_modules/@storybook/core/dist/babel/index.cjs:136355:11)
      at Nv.readTemplateToken (node_modules/@storybook/core/dist/babel/index.cjs:137173:11)
      at Nv.getTokenFromCode (node_modules/@storybook/core/dist/babel/index.cjs:136958:16)
      at Nv.getTokenFromCode (node_modules/@storybook/core/dist/babel/index.cjs:139696:13)
      at Nv.getTokenFromCode (node_modules/@storybook/core/dist/babel/index.cjs:141547:13)
      at Nv.nextToken (node_modules/@storybook/core/dist/babel/index.cjs:136654:12)
      at Nv.next (node_modules/@storybook/core/dist/babel/index.cjs:136586:62)
      at Nv.eat (node_modules/@storybook/core/dist/babel/index.cjs:136589:36)
      at Nv.parseObjectProperty (node_modules/@storybook/core/dist/babel/index.cjs:142655:34)
      at Nv.parseObjPropValue (node_modules/@storybook/core/dist/babel/index.cjs:142671:61)
      at Nv.parseObjPropValue (node_modules/@storybook/core/dist/babel/index.cjs:141367:49)
      at Nv.parsePropertyDefinition (node_modules/@storybook/core/dist/babel/index.cjs:142632:19)
      at Nv.parseObjectLike (node_modules/@storybook/core/dist/babel/index.cjs:142596:57)
      at Nv.parseExprAtom (node_modules/@storybook/core/dist/babel/index.cjs:142302:23)
      at Nv.parseExprAtom (node_modules/@storybook/core/dist/babel/index.cjs:139667:45)
      at Nv.parseExprSubscripts (node_modules/@storybook/core/dist/babel/index.cjs:142149:78)
      at Nv.parseUpdate (node_modules/@storybook/core/dist/babel/index.cjs:142139:45)
      at Nv.parseMaybeUnary (node_modules/@storybook/core/dist/babel/index.cjs:142124:20)
      at Nv.parseMaybeUnary (node_modules/@storybook/core/dist/babel/index.cjs:141419:93)
      at Nv.parseMaybeUnaryOrPrivate (node_modules/@storybook/core/dist/babel/index.cjs:142032:63)
      at Nv.parseExprOps (node_modules/@storybook/core/dist/babel/index.cjs:142035:78)
      at Nv.parseMaybeConditional (node_modules/@storybook/core/dist/babel/index.cjs:142020:78)
      at Nv.parseMaybeAssign (node_modules/@storybook/core/dist/babel/index.cjs:142004:20)
      at Nv.parseMaybeAssign (node_modules/@storybook/core/dist/babel/index.cjs:141392:22)
      at node_modules/@storybook/core/dist/babel/index.cjs:141986:41
      at Nv.allowInAnd (node_modules/@storybook/core/dist/babel/index.cjs:142978:14)
      at Nv.parseMaybeAssignAllowIn (node_modules/@storybook/core/dist/babel/index.cjs:141986:19)
      at Nv.parseObjectProperty (node_modules/@storybook/core/dist/babel/index.cjs:142656:81)
      at Nv.parseObjPropValue (node_modules/@storybook/core/dist/babel/index.cjs:142671:61)
      at Nv.parseObjPropValue (node_modules/@storybook/core/dist/babel/index.cjs:141367:49)
      at Nv.parsePropertyDefinition (node_modules/@storybook/core/dist/babel/index.cjs:142632:19)
      at Nv.parseObjectLike (node_modules/@storybook/core/dist/babel/index.cjs:142596:57)
      at Nv.parseExprAtom (node_modules/@storybook/core/dist/babel/index.cjs:142302:23)
      at Nv.parseExprAtom (node_modules/@storybook/core/dist/babel/index.cjs:139667:45)
      at Nv.parseExprSubscripts (node_modules/@storybook/core/dist/babel/index.cjs:142149:78)
      at Nv.parseUpdate (node_modules/@storybook/core/dist/babel/index.cjs:142139:45)
      at Nv.parseMaybeUnary (node_modules/@storybook/core/dist/babel/index.cjs:142124:20)
      at Nv.parseMaybeUnary (node_modules/@storybook/core/dist/babel/index.cjs:141419:93)
      at Nv.parseMaybeUnaryOrPrivate (node_modules/@storybook/core/dist/babel/index.cjs:142032:63)
      at Nv.parseExprOps (node_modules/@storybook/core/dist/babel/index.cjs:142035:78)
      at Nv.parseMaybeConditional (node_modules/@storybook/core/dist/babel/index.cjs:142020:78)
      at Nv.parseMaybeAssign (node_modules/@storybook/core/dist/babel/index.cjs:142004:20)
      at Nv.parseMaybeAssign (node_modules/@storybook/core/dist/babel/index.cjs:141392:22)
      at node_modules/@storybook/core/dist/babel/index.cjs:141986:41
      at Nv.allowInAnd (node_modules/@storybook/core/dist/babel/index.cjs:142978:14)
      at Nv.parseMaybeAssignAllowIn (node_modules/@storybook/core/dist/babel/index.cjs:141986:19)
      at Nv.parseObjectProperty (node_modules/@storybook/core/dist/babel/index.cjs:142656:81)
      If you are in development, this likely indicates a problem with your Storybook process,
      check the terminal for errors.
      If you are in a deployed Storybook, there may have been an issue deploying the full Storybook
      build.
      at constructor (node_modules/@storybook/core/dist/babel/index.cjs:134900:15)
      at Nv.raise (node_modules/@storybook/core/dist/babel/index.cjs:137217:54)
      at Object.unterminated (node_modules/@storybook/core/dist/babel/index.cjs:136577:22)
      at readStringContents (node_modules/@storybook/core/dist/babel/index.cjs:136355:11)
      at Nv.readTemplateToken (node_modules/@storybook/core/dist/babel/index.cjs:137173:11)
      at Nv.getTokenFromCode (node_modules/@storybook/core/dist/babel/index.cjs:136958:16)
      at Nv.getTokenFromCode (node_modules/@storybook/core/dist/babel/index.cjs:139696:13)
      at Nv.getTokenFromCode (node_modules/@storybook/core/dist/babel/index.cjs:141547:13)
      at Nv.nextToken (node_modules/@storybook/core/dist/babel/index.cjs:136654:12)
      at Nv.next (node_modules/@storybook/core/dist/babel/index.cjs:136586:62)
      at Nv.eat (node_modules/@storybook/core/dist/babel/index.cjs:136589:36)
      at Nv.parseObjectProperty (node_modules/@storybook/core/dist/babel/index.cjs:142655:34)
      at Nv.parseObjPropValue (node_modules/@storybook/core/dist/babel/index.cjs:142671:61)
      at Nv.parseObjPropValue (node_modules/@storybook/core/dist/babel/index.cjs:141367:49)
      at Nv.parsePropertyDefinition (node_modules/@storybook/core/dist/babel/index.cjs:142632:19)
      at Nv.parseObjectLike (node_modules/@storybook/core/dist/babel/index.cjs:142596:57)
      at Nv.parseExprAtom (node_modules/@storybook/core/dist/babel/index.cjs:142302:23)
      at Nv.parseExprAtom (node_modules/@storybook/core/dist/babel/index.cjs:139667:45)
      at Nv.parseExprSubscripts (node_modules/@storybook/core/dist/babel/index.cjs:142149:78)
      at Nv.parseUpdate (node_modules/@storybook/core/dist/babel/index.cjs:142139:45)
      at Nv.parseMaybeUnary (node_modules/@storybook/core/dist/babel/index.cjs:142124:20)
      at Nv.parseMaybeUnary (node_modules/@storybook/core/dist/babel/index.cjs:141419:93)
      at Nv.parseMaybeUnaryOrPrivate (node_modules/@storybook/core/dist/babel/index.cjs:142032:63)
      at Nv.parseExprOps (node_modules/@storybook/core/dist/babel/index.cjs:142035:78)
      at Nv.parseMaybeConditional (node_modules/@storybook/core/dist/babel/index.cjs:142020:78)
      at Nv.parseMaybeAssign (node_modules/@storybook/core/dist/babel/index.cjs:142004:20)
      at Nv.parseMaybeAssign (node_modules/@storybook/core/dist/babel/index.cjs:141392:22)
      at node_modules/@storybook/core/dist/babel/index.cjs:141986:41
      at Nv.allowInAnd (node_modules/@storybook/core/dist/babel/index.cjs:142978:14)
      at Nv.parseMaybeAssignAllowIn (node_modules/@storybook/core/dist/babel/index.cjs:141986:19)
      at Nv.parseObjectProperty (node_modules/@storybook/core/dist/babel/index.cjs:142656:81)
      at Nv.parseObjPropValue (node_modules/@storybook/core/dist/babel/index.cjs:142671:61)
      at Nv.parseObjPropValue (node_modules/@storybook/core/dist/babel/index.cjs:141367:49)
      at Nv.parsePropertyDefinition (node_modules/@storybook/core/dist/babel/index.cjs:142632:19)
      at Nv.parseObjectLike (node_modules/@storybook/core/dist/babel/index.cjs:142596:57)
      at Nv.parseExprAtom (node_modules/@storybook/core/dist/babel/index.cjs:142302:23)
      at Nv.parseExprAtom (node_modules/@storybook/core/dist/babel/index.cjs:139667:45)
      at Nv.parseExprSubscripts (node_modules/@storybook/core/dist/babel/index.cjs:142149:78)
      at Nv.parseUpdate (node_modules/@storybook/core/dist/babel/index.cjs:142139:45)
      at Nv.parseMaybeUnary (node_modules/@storybook/core/dist/babel/index.cjs:142124:20)
      at Nv.parseMaybeUnary (node_modules/@storybook/core/dist/babel/index.cjs:141419:93)
      at Nv.parseMaybeUnaryOrPrivate (node_modules/@storybook/core/dist/babel/index.cjs:142032:63)
      at Nv.parseExprOps (node_modules/@storybook/core/dist/babel/index.cjs:142035:78)
      at Nv.parseMaybeConditional (node_modules/@storybook/core/dist/babel/index.cjs:142020:78)
      at Nv.parseMaybeAssign (node_modules/@storybook/core/dist/babel/index.cjs:142004:20)
      at Nv.parseMaybeAssign (node_modules/@storybook/core/dist/babel/index.cjs:141392:22)
      at node_modules/@storybook/core/dist/babel/index.cjs:141986:41
      at Nv.allowInAnd (node_modules/@storybook/core/dist/babel/index.cjs:142978:14)
      at Nv.parseMaybeAssignAllowIn (node_modules/@storybook/core/dist/babel/index.cjs:141986:19)
      at Nv.parseObjectProperty (node_modules/@storybook/core/dist/babel/index.cjs:142656:81)
      If you are in development, this likely indicates a problem with your Storybook process,
      check the terminal for errors.
      If you are in a deployed Storybook, there may have been an issue deploying the full Storybook
      build.
      at ns2.getStoryIndexFromServer (packages/components/http:/localhost:6007/packages/components/node_modules/.cache/storybook/1c3385a5d25e538d10b518b310c74d3ca2690b6aaffeadccd74da79736171f86/sb-vite/deps/storybook_internal_preview_runtime.js?v=b3da04b4:8624:11)
      at async ns2.onStoryIndexChanged (packages/components/http:/localhost:6007/packages/components/node_modules/.cache/storybook/1c3385a5d25e538d10b518b310c74d3ca2690b6aaffeadccd74da79736171f86/sb-vite/deps/storybook_internal_preview_runtime.js?v=b3da04b4:8664:17)

  ● Components/InputField › Sizes › smoke-test

    SB_PREVIEW_API_0006 (StoryIndexFetchError): Error fetching `/index.json`:

    Unable to index ./src/Table/EnhancedTable.stories.tsx:
      SyntaxError: Unterminated template. (1467:15)

      at constructor (node_modules/@storybook/core/dist/babel/index.cjs:134900:15)
      at Nv.raise (node_modules/@storybook/core/dist/babel/index.cjs:137217:54)
      at Object.unterminated (node_modules/@storybook/core/dist/babel/index.cjs:136577:22)
      at readStringContents (node_modules/@storybook/core/dist/babel/index.cjs:136355:11)
      at Nv.readTemplateToken (node_modules/@storybook/core/dist/babel/index.cjs:137173:11)
      at Nv.getTokenFromCode (node_modules/@storybook/core/dist/babel/index.cjs:136958:16)
      at Nv.getTokenFromCode (node_modules/@storybook/core/dist/babel/index.cjs:139696:13)
      at Nv.getTokenFromCode (node_modules/@storybook/core/dist/babel/index.cjs:141547:13)
      at Nv.nextToken (node_modules/@storybook/core/dist/babel/index.cjs:136654:12)
      at Nv.next (node_modules/@storybook/core/dist/babel/index.cjs:136586:62)
      at Nv.eat (node_modules/@storybook/core/dist/babel/index.cjs:136589:36)
      at Nv.parseObjectProperty (node_modules/@storybook/core/dist/babel/index.cjs:142655:34)
      at Nv.parseObjPropValue (node_modules/@storybook/core/dist/babel/index.cjs:142671:61)
      at Nv.parseObjPropValue (node_modules/@storybook/core/dist/babel/index.cjs:141367:49)
      at Nv.parsePropertyDefinition (node_modules/@storybook/core/dist/babel/index.cjs:142632:19)
      at Nv.parseObjectLike (node_modules/@storybook/core/dist/babel/index.cjs:142596:57)
      at Nv.parseExprAtom (node_modules/@storybook/core/dist/babel/index.cjs:142302:23)
      at Nv.parseExprAtom (node_modules/@storybook/core/dist/babel/index.cjs:139667:45)
      at Nv.parseExprSubscripts (node_modules/@storybook/core/dist/babel/index.cjs:142149:78)
      at Nv.parseUpdate (node_modules/@storybook/core/dist/babel/index.cjs:142139:45)
      at Nv.parseMaybeUnary (node_modules/@storybook/core/dist/babel/index.cjs:142124:20)
      at Nv.parseMaybeUnary (node_modules/@storybook/core/dist/babel/index.cjs:141419:93)
      at Nv.parseMaybeUnaryOrPrivate (node_modules/@storybook/core/dist/babel/index.cjs:142032:63)
      at Nv.parseExprOps (node_modules/@storybook/core/dist/babel/index.cjs:142035:78)
      at Nv.parseMaybeConditional (node_modules/@storybook/core/dist/babel/index.cjs:142020:78)
      at Nv.parseMaybeAssign (node_modules/@storybook/core/dist/babel/index.cjs:142004:20)
      at Nv.parseMaybeAssign (node_modules/@storybook/core/dist/babel/index.cjs:141392:22)
      at node_modules/@storybook/core/dist/babel/index.cjs:141986:41
      at Nv.allowInAnd (node_modules/@storybook/core/dist/babel/index.cjs:142978:14)
      at Nv.parseMaybeAssignAllowIn (node_modules/@storybook/core/dist/babel/index.cjs:141986:19)
      at Nv.parseObjectProperty (node_modules/@storybook/core/dist/babel/index.cjs:142656:81)
      at Nv.parseObjPropValue (node_modules/@storybook/core/dist/babel/index.cjs:142671:61)
      at Nv.parseObjPropValue (node_modules/@storybook/core/dist/babel/index.cjs:141367:49)
      at Nv.parsePropertyDefinition (node_modules/@storybook/core/dist/babel/index.cjs:142632:19)
      at Nv.parseObjectLike (node_modules/@storybook/core/dist/babel/index.cjs:142596:57)
      at Nv.parseExprAtom (node_modules/@storybook/core/dist/babel/index.cjs:142302:23)
      at Nv.parseExprAtom (node_modules/@storybook/core/dist/babel/index.cjs:139667:45)
      at Nv.parseExprSubscripts (node_modules/@storybook/core/dist/babel/index.cjs:142149:78)
      at Nv.parseUpdate (node_modules/@storybook/core/dist/babel/index.cjs:142139:45)
      at Nv.parseMaybeUnary (node_modules/@storybook/core/dist/babel/index.cjs:142124:20)
      at Nv.parseMaybeUnary (node_modules/@storybook/core/dist/babel/index.cjs:141419:93)
      at Nv.parseMaybeUnaryOrPrivate (node_modules/@storybook/core/dist/babel/index.cjs:142032:63)
      at Nv.parseExprOps (node_modules/@storybook/core/dist/babel/index.cjs:142035:78)
      at Nv.parseMaybeConditional (node_modules/@storybook/core/dist/babel/index.cjs:142020:78)
      at Nv.parseMaybeAssign (node_modules/@storybook/core/dist/babel/index.cjs:142004:20)
      at Nv.parseMaybeAssign (node_modules/@storybook/core/dist/babel/index.cjs:141392:22)
      at node_modules/@storybook/core/dist/babel/index.cjs:141986:41
      at Nv.allowInAnd (node_modules/@storybook/core/dist/babel/index.cjs:142978:14)
      at Nv.parseMaybeAssignAllowIn (node_modules/@storybook/core/dist/babel/index.cjs:141986:19)
      at Nv.parseObjectProperty (node_modules/@storybook/core/dist/babel/index.cjs:142656:81)
      If you are in development, this likely indicates a problem with your Storybook process,
      check the terminal for errors.
      If you are in a deployed Storybook, there may have been an issue deploying the full Storybook
      build.
      at constructor (node_modules/@storybook/core/dist/babel/index.cjs:134900:15)
      at Nv.raise (node_modules/@storybook/core/dist/babel/index.cjs:137217:54)
      at Object.unterminated (node_modules/@storybook/core/dist/babel/index.cjs:136577:22)
      at readStringContents (node_modules/@storybook/core/dist/babel/index.cjs:136355:11)
      at Nv.readTemplateToken (node_modules/@storybook/core/dist/babel/index.cjs:137173:11)
      at Nv.getTokenFromCode (node_modules/@storybook/core/dist/babel/index.cjs:136958:16)
      at Nv.getTokenFromCode (node_modules/@storybook/core/dist/babel/index.cjs:139696:13)
      at Nv.getTokenFromCode (node_modules/@storybook/core/dist/babel/index.cjs:141547:13)
      at Nv.nextToken (node_modules/@storybook/core/dist/babel/index.cjs:136654:12)
      at Nv.next (node_modules/@storybook/core/dist/babel/index.cjs:136586:62)
      at Nv.eat (node_modules/@storybook/core/dist/babel/index.cjs:136589:36)
      at Nv.parseObjectProperty (node_modules/@storybook/core/dist/babel/index.cjs:142655:34)
      at Nv.parseObjPropValue (node_modules/@storybook/core/dist/babel/index.cjs:142671:61)
      at Nv.parseObjPropValue (node_modules/@storybook/core/dist/babel/index.cjs:141367:49)
      at Nv.parsePropertyDefinition (node_modules/@storybook/core/dist/babel/index.cjs:142632:19)
      at Nv.parseObjectLike (node_modules/@storybook/core/dist/babel/index.cjs:142596:57)
      at Nv.parseExprAtom (node_modules/@storybook/core/dist/babel/index.cjs:142302:23)
      at Nv.parseExprAtom (node_modules/@storybook/core/dist/babel/index.cjs:139667:45)
      at Nv.parseExprSubscripts (node_modules/@storybook/core/dist/babel/index.cjs:142149:78)
      at Nv.parseUpdate (node_modules/@storybook/core/dist/babel/index.cjs:142139:45)
      at Nv.parseMaybeUnary (node_modules/@storybook/core/dist/babel/index.cjs:142124:20)
      at Nv.parseMaybeUnary (node_modules/@storybook/core/dist/babel/index.cjs:141419:93)
      at Nv.parseMaybeUnaryOrPrivate (node_modules/@storybook/core/dist/babel/index.cjs:142032:63)
      at Nv.parseExprOps (node_modules/@storybook/core/dist/babel/index.cjs:142035:78)
      at Nv.parseMaybeConditional (node_modules/@storybook/core/dist/babel/index.cjs:142020:78)
      at Nv.parseMaybeAssign (node_modules/@storybook/core/dist/babel/index.cjs:142004:20)
      at Nv.parseMaybeAssign (node_modules/@storybook/core/dist/babel/index.cjs:141392:22)
      at node_modules/@storybook/core/dist/babel/index.cjs:141986:41
      at Nv.allowInAnd (node_modules/@storybook/core/dist/babel/index.cjs:142978:14)
      at Nv.parseMaybeAssignAllowIn (node_modules/@storybook/core/dist/babel/index.cjs:141986:19)
      at Nv.parseObjectProperty (node_modules/@storybook/core/dist/babel/index.cjs:142656:81)
      at Nv.parseObjPropValue (node_modules/@storybook/core/dist/babel/index.cjs:142671:61)
      at Nv.parseObjPropValue (node_modules/@storybook/core/dist/babel/index.cjs:141367:49)
      at Nv.parsePropertyDefinition (node_modules/@storybook/core/dist/babel/index.cjs:142632:19)
      at Nv.parseObjectLike (node_modules/@storybook/core/dist/babel/index.cjs:142596:57)
      at Nv.parseExprAtom (node_modules/@storybook/core/dist/babel/index.cjs:142302:23)
      at Nv.parseExprAtom (node_modules/@storybook/core/dist/babel/index.cjs:139667:45)
      at Nv.parseExprSubscripts (node_modules/@storybook/core/dist/babel/index.cjs:142149:78)
      at Nv.parseUpdate (node_modules/@storybook/core/dist/babel/index.cjs:142139:45)
      at Nv.parseMaybeUnary (node_modules/@storybook/core/dist/babel/index.cjs:142124:20)
      at Nv.parseMaybeUnary (node_modules/@storybook/core/dist/babel/index.cjs:141419:93)
      at Nv.parseMaybeUnaryOrPrivate (node_modules/@storybook/core/dist/babel/index.cjs:142032:63)
      at Nv.parseExprOps (node_modules/@storybook/core/dist/babel/index.cjs:142035:78)
      at Nv.parseMaybeConditional (node_modules/@storybook/core/dist/babel/index.cjs:142020:78)
      at Nv.parseMaybeAssign (node_modules/@storybook/core/dist/babel/index.cjs:142004:20)
      at Nv.parseMaybeAssign (node_modules/@storybook/core/dist/babel/index.cjs:141392:22)
      at node_modules/@storybook/core/dist/babel/index.cjs:141986:41
      at Nv.allowInAnd (node_modules/@storybook/core/dist/babel/index.cjs:142978:14)
      at Nv.parseMaybeAssignAllowIn (node_modules/@storybook/core/dist/babel/index.cjs:141986:19)
      at Nv.parseObjectProperty (node_modules/@storybook/core/dist/babel/index.cjs:142656:81)
      If you are in development, this likely indicates a problem with your Storybook process,
      check the terminal for errors.
      If you are in a deployed Storybook, there may have been an issue deploying the full Storybook
      build.
      at ns2.getStoryIndexFromServer (packages/components/http:/localhost:6007/packages/components/node_modules/.cache/storybook/1c3385a5d25e538d10b518b310c74d3ca2690b6aaffeadccd74da79736171f86/sb-vite/deps/storybook_internal_preview_runtime.js?v=b3da04b4:8624:11)
      at async ns2.onStoryIndexChanged (packages/components/http:/localhost:6007/packages/components/node_modules/.cache/storybook/1c3385a5d25e538d10b518b310c74d3ca2690b6aaffeadccd74da79736171f86/sb-vite/deps/storybook_internal_preview_runtime.js?v=b3da04b4:8664:17)

  ● Components/InputField › Sizes › smoke-test

    SB_PREVIEW_API_0005 (CalledPreviewMethodBeforeInitializationError): Called `Preview.onStoriesChanged()` before initialization.

    The preview needs to load the story index before most methods can be called. If you want
    to call `onStoriesChanged`, try `await preview.initializationPromise;` first.

    If you didn't call the above code, then likely it was called by an addon that needs to
    do the above.

      at ns2.onStoriesChanged (packages/components/http:/localhost:6007/packages/components/node_modules/.cache/storybook/1c3385a5d25e538d10b518b310c74d3ca2690b6aaffeadccd74da79736171f86/sb-vite/deps/storybook_internal_preview_runtime.js?v=b3da04b4:8680:13)
      at ns2.onStoriesChanged (packages/components/http:/localhost:6007/packages/components/node_modules/.cache/storybook/1c3385a5d25e538d10b518b310c74d3ca2690b6aaffeadccd74da79736171f86/sb-vite/deps/storybook_internal_preview_runtime.js?v=b3da04b4:9171:17)
      at packages/components/http:/localhost:6007/@id/__x00__virtual:/@storybook/builder-vite/vite-app.js:39:35
      at packages/components/http:/localhost:6007/@vite/client:36:52
      at packages/components/http:/localhost:6007/@vite/client:213:11
      at packages/components/http:/localhost:6007/@vite/client:186:58
          at Array.forEach (<anonymous>)
      at HMRClient.queueUpdate (packages/components/http:/localhost:6007/@vite/client:186:36)
          at async Promise.all (index 0)
      at async handleMessage (packages/components/http:/localhost:6007/@vite/client:927:7)

  ● Components/InputField › Sizes › smoke-test

    thrown: "Exceeded timeout of 30000 ms for a test.
    Add a timeout value to this test to increase the timeout, if this is a long-running test. See https://jestjs.io/docs/api#testname-fn-timeout."

      275 |         defaultValue: { summary: 'false' },
      276 |         category: 'Layout',
    > 277 |       },
          |         ^
      278 |     },
      279 |     leadingIcon: {
      280 |       control: false,

      at packages/components/src/InputField/InputField.stories.tsx:277:13
      at packages/components/src/InputField/InputField.stories.tsx:276:9
      at Object.<anonymous> (packages/components/src/InputField/InputField.stories.tsx:128:5)

  ● Components/InputField › States › smoke-test

    SB_PREVIEW_API_0006 (StoryIndexFetchError): Error fetching `/index.json`:

    Unable to index ./src/Table/EnhancedTable.stories.tsx:
      SyntaxError: Expecting Unicode escape sequence \uXXXX. (1467:15)

      at constructor (node_modules/@storybook/core/dist/babel/index.cjs:134900:15)
      at Nv.raise (node_modules/@storybook/core/dist/babel/index.cjs:137217:54)
      at Nv.readWord1 (node_modules/@storybook/core/dist/babel/index.cjs:137193:18)
      at Nv.readWord (node_modules/@storybook/core/dist/babel/index.cjs:137205:20)
      at Nv.getTokenFromCode (node_modules/@storybook/core/dist/babel/index.cjs:137028:16)
      at Nv.getTokenFromCode (node_modules/@storybook/core/dist/babel/index.cjs:139696:13)
      at Nv.getTokenFromCode (node_modules/@storybook/core/dist/babel/index.cjs:141547:13)
      at Nv.nextToken (node_modules/@storybook/core/dist/babel/index.cjs:136654:12)
      at Nv.next (node_modules/@storybook/core/dist/babel/index.cjs:136586:62)
      at Nv.eat (node_modules/@storybook/core/dist/babel/index.cjs:136589:36)
      at Nv.parseObjectProperty (node_modules/@storybook/core/dist/babel/index.cjs:142655:34)
      at Nv.parseObjPropValue (node_modules/@storybook/core/dist/babel/index.cjs:142671:61)
      at Nv.parseObjPropValue (node_modules/@storybook/core/dist/babel/index.cjs:141367:49)
      at Nv.parsePropertyDefinition (node_modules/@storybook/core/dist/babel/index.cjs:142632:19)
      at Nv.parseObjectLike (node_modules/@storybook/core/dist/babel/index.cjs:142596:57)
      at Nv.parseExprAtom (node_modules/@storybook/core/dist/babel/index.cjs:142302:23)
      at Nv.parseExprAtom (node_modules/@storybook/core/dist/babel/index.cjs:139667:45)
      at Nv.parseExprSubscripts (node_modules/@storybook/core/dist/babel/index.cjs:142149:78)
      at Nv.parseUpdate (node_modules/@storybook/core/dist/babel/index.cjs:142139:45)
      at Nv.parseMaybeUnary (node_modules/@storybook/core/dist/babel/index.cjs:142124:20)
      at Nv.parseMaybeUnary (node_modules/@storybook/core/dist/babel/index.cjs:141419:93)
      at Nv.parseMaybeUnaryOrPrivate (node_modules/@storybook/core/dist/babel/index.cjs:142032:63)
      at Nv.parseExprOps (node_modules/@storybook/core/dist/babel/index.cjs:142035:78)
      at Nv.parseMaybeConditional (node_modules/@storybook/core/dist/babel/index.cjs:142020:78)
      at Nv.parseMaybeAssign (node_modules/@storybook/core/dist/babel/index.cjs:142004:20)
      at Nv.parseMaybeAssign (node_modules/@storybook/core/dist/babel/index.cjs:141392:22)
      at node_modules/@storybook/core/dist/babel/index.cjs:141986:41
      at Nv.allowInAnd (node_modules/@storybook/core/dist/babel/index.cjs:142978:14)
      at Nv.parseMaybeAssignAllowIn (node_modules/@storybook/core/dist/babel/index.cjs:141986:19)
      at Nv.parseObjectProperty (node_modules/@storybook/core/dist/babel/index.cjs:142656:81)
      at Nv.parseObjPropValue (node_modules/@storybook/core/dist/babel/index.cjs:142671:61)
      at Nv.parseObjPropValue (node_modules/@storybook/core/dist/babel/index.cjs:141367:49)
      at Nv.parsePropertyDefinition (node_modules/@storybook/core/dist/babel/index.cjs:142632:19)
      at Nv.parseObjectLike (node_modules/@storybook/core/dist/babel/index.cjs:142596:57)
      at Nv.parseExprAtom (node_modules/@storybook/core/dist/babel/index.cjs:142302:23)
      at Nv.parseExprAtom (node_modules/@storybook/core/dist/babel/index.cjs:139667:45)
      at Nv.parseExprSubscripts (node_modules/@storybook/core/dist/babel/index.cjs:142149:78)
      at Nv.parseUpdate (node_modules/@storybook/core/dist/babel/index.cjs:142139:45)
      at Nv.parseMaybeUnary (node_modules/@storybook/core/dist/babel/index.cjs:142124:20)
      at Nv.parseMaybeUnary (node_modules/@storybook/core/dist/babel/index.cjs:141419:93)
      at Nv.parseMaybeUnaryOrPrivate (node_modules/@storybook/core/dist/babel/index.cjs:142032:63)
      at Nv.parseExprOps (node_modules/@storybook/core/dist/babel/index.cjs:142035:78)
      at Nv.parseMaybeConditional (node_modules/@storybook/core/dist/babel/index.cjs:142020:78)
      at Nv.parseMaybeAssign (node_modules/@storybook/core/dist/babel/index.cjs:142004:20)
      at Nv.parseMaybeAssign (node_modules/@storybook/core/dist/babel/index.cjs:141392:22)
      at node_modules/@storybook/core/dist/babel/index.cjs:141986:41
      at Nv.allowInAnd (node_modules/@storybook/core/dist/babel/index.cjs:142978:14)
      at Nv.parseMaybeAssignAllowIn (node_modules/@storybook/core/dist/babel/index.cjs:141986:19)
      at Nv.parseObjectProperty (node_modules/@storybook/core/dist/babel/index.cjs:142656:81)
      at Nv.parseObjPropValue (node_modules/@storybook/core/dist/babel/index.cjs:142671:61)
      If you are in development, this likely indicates a problem with your Storybook process,
      check the terminal for errors.
      If you are in a deployed Storybook, there may have been an issue deploying the full Storybook
      build.
      at constructor (node_modules/@storybook/core/dist/babel/index.cjs:134900:15)
      at Nv.raise (node_modules/@storybook/core/dist/babel/index.cjs:137217:54)
      at Nv.readWord1 (node_modules/@storybook/core/dist/babel/index.cjs:137193:18)
      at Nv.readWord (node_modules/@storybook/core/dist/babel/index.cjs:137205:20)
      at Nv.getTokenFromCode (node_modules/@storybook/core/dist/babel/index.cjs:137028:16)
      at Nv.getTokenFromCode (node_modules/@storybook/core/dist/babel/index.cjs:139696:13)
      at Nv.getTokenFromCode (node_modules/@storybook/core/dist/babel/index.cjs:141547:13)
      at Nv.nextToken (node_modules/@storybook/core/dist/babel/index.cjs:136654:12)
      at Nv.next (node_modules/@storybook/core/dist/babel/index.cjs:136586:62)
      at Nv.eat (node_modules/@storybook/core/dist/babel/index.cjs:136589:36)
      at Nv.parseObjectProperty (node_modules/@storybook/core/dist/babel/index.cjs:142655:34)
      at Nv.parseObjPropValue (node_modules/@storybook/core/dist/babel/index.cjs:142671:61)
      at Nv.parseObjPropValue (node_modules/@storybook/core/dist/babel/index.cjs:141367:49)
      at Nv.parsePropertyDefinition (node_modules/@storybook/core/dist/babel/index.cjs:142632:19)
      at Nv.parseObjectLike (node_modules/@storybook/core/dist/babel/index.cjs:142596:57)
      at Nv.parseExprAtom (node_modules/@storybook/core/dist/babel/index.cjs:142302:23)
      at Nv.parseExprAtom (node_modules/@storybook/core/dist/babel/index.cjs:139667:45)
      at Nv.parseExprSubscripts (node_modules/@storybook/core/dist/babel/index.cjs:142149:78)
      at Nv.parseUpdate (node_modules/@storybook/core/dist/babel/index.cjs:142139:45)
      at Nv.parseMaybeUnary (node_modules/@storybook/core/dist/babel/index.cjs:142124:20)
      at Nv.parseMaybeUnary (node_modules/@storybook/core/dist/babel/index.cjs:141419:93)
      at Nv.parseMaybeUnaryOrPrivate (node_modules/@storybook/core/dist/babel/index.cjs:142032:63)
      at Nv.parseExprOps (node_modules/@storybook/core/dist/babel/index.cjs:142035:78)
      at Nv.parseMaybeConditional (node_modules/@storybook/core/dist/babel/index.cjs:142020:78)
      at Nv.parseMaybeAssign (node_modules/@storybook/core/dist/babel/index.cjs:142004:20)
      at Nv.parseMaybeAssign (node_modules/@storybook/core/dist/babel/index.cjs:141392:22)
      at node_modules/@storybook/core/dist/babel/index.cjs:141986:41
      at Nv.allowInAnd (node_modules/@storybook/core/dist/babel/index.cjs:142978:14)
      at Nv.parseMaybeAssignAllowIn (node_modules/@storybook/core/dist/babel/index.cjs:141986:19)
      at Nv.parseObjectProperty (node_modules/@storybook/core/dist/babel/index.cjs:142656:81)
      at Nv.parseObjPropValue (node_modules/@storybook/core/dist/babel/index.cjs:142671:61)
      at Nv.parseObjPropValue (node_modules/@storybook/core/dist/babel/index.cjs:141367:49)
      at Nv.parsePropertyDefinition (node_modules/@storybook/core/dist/babel/index.cjs:142632:19)
      at Nv.parseObjectLike (node_modules/@storybook/core/dist/babel/index.cjs:142596:57)
      at Nv.parseExprAtom (node_modules/@storybook/core/dist/babel/index.cjs:142302:23)
      at Nv.parseExprAtom (node_modules/@storybook/core/dist/babel/index.cjs:139667:45)
      at Nv.parseExprSubscripts (node_modules/@storybook/core/dist/babel/index.cjs:142149:78)
      at Nv.parseUpdate (node_modules/@storybook/core/dist/babel/index.cjs:142139:45)
      at Nv.parseMaybeUnary (node_modules/@storybook/core/dist/babel/index.cjs:142124:20)
      at Nv.parseMaybeUnary (node_modules/@storybook/core/dist/babel/index.cjs:141419:93)
      at Nv.parseMaybeUnaryOrPrivate (node_modules/@storybook/core/dist/babel/index.cjs:142032:63)
      at Nv.parseExprOps (node_modules/@storybook/core/dist/babel/index.cjs:142035:78)
      at Nv.parseMaybeConditional (node_modules/@storybook/core/dist/babel/index.cjs:142020:78)
      at Nv.parseMaybeAssign (node_modules/@storybook/core/dist/babel/index.cjs:142004:20)
      at Nv.parseMaybeAssign (node_modules/@storybook/core/dist/babel/index.cjs:141392:22)
      at node_modules/@storybook/core/dist/babel/index.cjs:141986:41
      at Nv.allowInAnd (node_modules/@storybook/core/dist/babel/index.cjs:142978:14)
      at Nv.parseMaybeAssignAllowIn (node_modules/@storybook/core/dist/babel/index.cjs:141986:19)
      at Nv.parseObjectProperty (node_modules/@storybook/core/dist/babel/index.cjs:142656:81)
      at Nv.parseObjPropValue (node_modules/@storybook/core/dist/babel/index.cjs:142671:61)
      If you are in development, this likely indicates a problem with your Storybook process,
      check the terminal for errors.
      If you are in a deployed Storybook, there may have been an issue deploying the full Storybook
      build.
      at ns2.getStoryIndexFromServer (packages/components/http:/localhost:6007/packages/components/node_modules/.cache/storybook/1c3385a5d25e538d10b518b310c74d3ca2690b6aaffeadccd74da79736171f86/sb-vite/deps/storybook_internal_preview_runtime.js?v=b3da04b4:8624:11)
      at async ns2.initializeWithProjectAnnotations (packages/components/http:/localhost:6007/packages/components/node_modules/.cache/storybook/1c3385a5d25e538d10b518b310c74d3ca2690b6aaffeadccd74da79736171f86/sb-vite/deps/storybook_internal_preview_runtime.js?v=b3da04b4:8606:15)
      at async ns2.initialize (packages/components/http:/localhost:6007/packages/components/node_modules/.cache/storybook/1c3385a5d25e538d10b518b310c74d3ca2690b6aaffeadccd74da79736171f86/sb-vite/deps/storybook_internal_preview_runtime.js?v=b3da04b4:8581:39)

  ● Components/InputField › States › smoke-test

    page.evaluate: Error: Axe is already running. Use `await axe.run()` to wait for the previous run to finish before starting a new run.

      at E (eval at <anonymous> (eval at evaluate (:311:30))packages/components/, <anonymous>:12:93952)
      at axe.run (eval at <anonymous> (eval at evaluate (:311:30))packages/components/, <anonymous>:12:473583)
      at eval (eval at evaluate (:311:30)packages/components/, <anonymous>:2:27)
      at UtilityScript.evaluate (packages/components/<anonymous>:313:16)
      at UtilityScript.<anonymous> (packages/components/<anonymous>:1:44)
      at node_modules/axe-playwright/dist/index.js:74:31
      at node_modules/axe-playwright/dist/index.js:31:71
      at Object.<anonymous>.__awaiter (node_modules/axe-playwright/dist/index.js:27:12)
      at getAxeResults (node_modules/axe-playwright/dist/index.js:73:51)
      at node_modules/axe-playwright/dist/index.js:87:52
      at node_modules/axe-playwright/dist/index.js:31:71
      at Object.<anonymous>.__awaiter (node_modules/axe-playwright/dist/index.js:27:12)
      at getViolations (node_modules/axe-playwright/dist/index.js:86:51)
      at node_modules/axe-playwright/dist/index.js:111:56
      at node_modules/axe-playwright/dist/index.js:31:71
      at Object.<anonymous>.__awaiter (node_modules/axe-playwright/dist/index.js:27:12)
      at checkA11y (node_modules/axe-playwright/dist/index.js:109:42)
      at postVisit (.storybook/test-runner.ts:13:20)
      at packages/components/src/InputField/InputField.stories.tsx:470:68
      at step (packages/components/src/InputField/InputField.stories.tsx:110:23)
      at Object.<anonymous> (packages/components/src/InputField/InputField.stories.tsx:51:20)
      at asyncGeneratorStep (packages/components/src/InputField/InputField.stories.tsx:4:28)
      at _next (packages/components/src/InputField/InputField.stories.tsx:19:17)

  ● Components/InputField › InputTypes › smoke-test

    SB_PREVIEW_API_0006 (StoryIndexFetchError): Error fetching `/index.json`:

    Unable to index ./src/Table/EnhancedTable.stories.tsx:
      SyntaxError: Expecting Unicode escape sequence \uXXXX. (1467:15)

      at constructor (node_modules/@storybook/core/dist/babel/index.cjs:134900:15)
      at Nv.raise (node_modules/@storybook/core/dist/babel/index.cjs:137217:54)
      at Nv.readWord1 (node_modules/@storybook/core/dist/babel/index.cjs:137193:18)
      at Nv.readWord (node_modules/@storybook/core/dist/babel/index.cjs:137205:20)
      at Nv.getTokenFromCode (node_modules/@storybook/core/dist/babel/index.cjs:137028:16)
      at Nv.getTokenFromCode (node_modules/@storybook/core/dist/babel/index.cjs:139696:13)
      at Nv.getTokenFromCode (node_modules/@storybook/core/dist/babel/index.cjs:141547:13)
      at Nv.nextToken (node_modules/@storybook/core/dist/babel/index.cjs:136654:12)
      at Nv.next (node_modules/@storybook/core/dist/babel/index.cjs:136586:62)
      at Nv.eat (node_modules/@storybook/core/dist/babel/index.cjs:136589:36)
      at Nv.parseObjectProperty (node_modules/@storybook/core/dist/babel/index.cjs:142655:34)
      at Nv.parseObjPropValue (node_modules/@storybook/core/dist/babel/index.cjs:142671:61)
      at Nv.parseObjPropValue (node_modules/@storybook/core/dist/babel/index.cjs:141367:49)
      at Nv.parsePropertyDefinition (node_modules/@storybook/core/dist/babel/index.cjs:142632:19)
      at Nv.parseObjectLike (node_modules/@storybook/core/dist/babel/index.cjs:142596:57)
      at Nv.parseExprAtom (node_modules/@storybook/core/dist/babel/index.cjs:142302:23)
      at Nv.parseExprAtom (node_modules/@storybook/core/dist/babel/index.cjs:139667:45)
      at Nv.parseExprSubscripts (node_modules/@storybook/core/dist/babel/index.cjs:142149:78)
      at Nv.parseUpdate (node_modules/@storybook/core/dist/babel/index.cjs:142139:45)
      at Nv.parseMaybeUnary (node_modules/@storybook/core/dist/babel/index.cjs:142124:20)
      at Nv.parseMaybeUnary (node_modules/@storybook/core/dist/babel/index.cjs:141419:93)
      at Nv.parseMaybeUnaryOrPrivate (node_modules/@storybook/core/dist/babel/index.cjs:142032:63)
      at Nv.parseExprOps (node_modules/@storybook/core/dist/babel/index.cjs:142035:78)
      at Nv.parseMaybeConditional (node_modules/@storybook/core/dist/babel/index.cjs:142020:78)
      at Nv.parseMaybeAssign (node_modules/@storybook/core/dist/babel/index.cjs:142004:20)
      at Nv.parseMaybeAssign (node_modules/@storybook/core/dist/babel/index.cjs:141392:22)
      at node_modules/@storybook/core/dist/babel/index.cjs:141986:41
      at Nv.allowInAnd (node_modules/@storybook/core/dist/babel/index.cjs:142978:14)
      at Nv.parseMaybeAssignAllowIn (node_modules/@storybook/core/dist/babel/index.cjs:141986:19)
      at Nv.parseObjectProperty (node_modules/@storybook/core/dist/babel/index.cjs:142656:81)
      at Nv.parseObjPropValue (node_modules/@storybook/core/dist/babel/index.cjs:142671:61)
      at Nv.parseObjPropValue (node_modules/@storybook/core/dist/babel/index.cjs:141367:49)
      at Nv.parsePropertyDefinition (node_modules/@storybook/core/dist/babel/index.cjs:142632:19)
      at Nv.parseObjectLike (node_modules/@storybook/core/dist/babel/index.cjs:142596:57)
      at Nv.parseExprAtom (node_modules/@storybook/core/dist/babel/index.cjs:142302:23)
      at Nv.parseExprAtom (node_modules/@storybook/core/dist/babel/index.cjs:139667:45)
      at Nv.parseExprSubscripts (node_modules/@storybook/core/dist/babel/index.cjs:142149:78)
      at Nv.parseUpdate (node_modules/@storybook/core/dist/babel/index.cjs:142139:45)
      at Nv.parseMaybeUnary (node_modules/@storybook/core/dist/babel/index.cjs:142124:20)
      at Nv.parseMaybeUnary (node_modules/@storybook/core/dist/babel/index.cjs:141419:93)
      at Nv.parseMaybeUnaryOrPrivate (node_modules/@storybook/core/dist/babel/index.cjs:142032:63)
      at Nv.parseExprOps (node_modules/@storybook/core/dist/babel/index.cjs:142035:78)
      at Nv.parseMaybeConditional (node_modules/@storybook/core/dist/babel/index.cjs:142020:78)
      at Nv.parseMaybeAssign (node_modules/@storybook/core/dist/babel/index.cjs:142004:20)
      at Nv.parseMaybeAssign (node_modules/@storybook/core/dist/babel/index.cjs:141392:22)
      at node_modules/@storybook/core/dist/babel/index.cjs:141986:41
      at Nv.allowInAnd (node_modules/@storybook/core/dist/babel/index.cjs:142978:14)
      at Nv.parseMaybeAssignAllowIn (node_modules/@storybook/core/dist/babel/index.cjs:141986:19)
      at Nv.parseObjectProperty (node_modules/@storybook/core/dist/babel/index.cjs:142656:81)
      at Nv.parseObjPropValue (node_modules/@storybook/core/dist/babel/index.cjs:142671:61)
      If you are in development, this likely indicates a problem with your Storybook process,
      check the terminal for errors.
      If you are in a deployed Storybook, there may have been an issue deploying the full Storybook
      build.
      at constructor (node_modules/@storybook/core/dist/babel/index.cjs:134900:15)
      at Nv.raise (node_modules/@storybook/core/dist/babel/index.cjs:137217:54)
      at Nv.readWord1 (node_modules/@storybook/core/dist/babel/index.cjs:137193:18)
      at Nv.readWord (node_modules/@storybook/core/dist/babel/index.cjs:137205:20)
      at Nv.getTokenFromCode (node_modules/@storybook/core/dist/babel/index.cjs:137028:16)
      at Nv.getTokenFromCode (node_modules/@storybook/core/dist/babel/index.cjs:139696:13)
      at Nv.getTokenFromCode (node_modules/@storybook/core/dist/babel/index.cjs:141547:13)
      at Nv.nextToken (node_modules/@storybook/core/dist/babel/index.cjs:136654:12)
      at Nv.next (node_modules/@storybook/core/dist/babel/index.cjs:136586:62)
      at Nv.eat (node_modules/@storybook/core/dist/babel/index.cjs:136589:36)
      at Nv.parseObjectProperty (node_modules/@storybook/core/dist/babel/index.cjs:142655:34)
      at Nv.parseObjPropValue (node_modules/@storybook/core/dist/babel/index.cjs:142671:61)
      at Nv.parseObjPropValue (node_modules/@storybook/core/dist/babel/index.cjs:141367:49)
      at Nv.parsePropertyDefinition (node_modules/@storybook/core/dist/babel/index.cjs:142632:19)
      at Nv.parseObjectLike (node_modules/@storybook/core/dist/babel/index.cjs:142596:57)
      at Nv.parseExprAtom (node_modules/@storybook/core/dist/babel/index.cjs:142302:23)
      at Nv.parseExprAtom (node_modules/@storybook/core/dist/babel/index.cjs:139667:45)
      at Nv.parseExprSubscripts (node_modules/@storybook/core/dist/babel/index.cjs:142149:78)
      at Nv.parseUpdate (node_modules/@storybook/core/dist/babel/index.cjs:142139:45)
      at Nv.parseMaybeUnary (node_modules/@storybook/core/dist/babel/index.cjs:142124:20)
      at Nv.parseMaybeUnary (node_modules/@storybook/core/dist/babel/index.cjs:141419:93)
      at Nv.parseMaybeUnaryOrPrivate (node_modules/@storybook/core/dist/babel/index.cjs:142032:63)
      at Nv.parseExprOps (node_modules/@storybook/core/dist/babel/index.cjs:142035:78)
      at Nv.parseMaybeConditional (node_modules/@storybook/core/dist/babel/index.cjs:142020:78)
      at Nv.parseMaybeAssign (node_modules/@storybook/core/dist/babel/index.cjs:142004:20)
      at Nv.parseMaybeAssign (node_modules/@storybook/core/dist/babel/index.cjs:141392:22)
      at node_modules/@storybook/core/dist/babel/index.cjs:141986:41
      at Nv.allowInAnd (node_modules/@storybook/core/dist/babel/index.cjs:142978:14)
      at Nv.parseMaybeAssignAllowIn (node_modules/@storybook/core/dist/babel/index.cjs:141986:19)
      at Nv.parseObjectProperty (node_modules/@storybook/core/dist/babel/index.cjs:142656:81)
      at Nv.parseObjPropValue (node_modules/@storybook/core/dist/babel/index.cjs:142671:61)
      at Nv.parseObjPropValue (node_modules/@storybook/core/dist/babel/index.cjs:141367:49)
      at Nv.parsePropertyDefinition (node_modules/@storybook/core/dist/babel/index.cjs:142632:19)
      at Nv.parseObjectLike (node_modules/@storybook/core/dist/babel/index.cjs:142596:57)
      at Nv.parseExprAtom (node_modules/@storybook/core/dist/babel/index.cjs:142302:23)
      at Nv.parseExprAtom (node_modules/@storybook/core/dist/babel/index.cjs:139667:45)
      at Nv.parseExprSubscripts (node_modules/@storybook/core/dist/babel/index.cjs:142149:78)
      at Nv.parseUpdate (node_modules/@storybook/core/dist/babel/index.cjs:142139:45)
      at Nv.parseMaybeUnary (node_modules/@storybook/core/dist/babel/index.cjs:142124:20)
      at Nv.parseMaybeUnary (node_modules/@storybook/core/dist/babel/index.cjs:141419:93)
      at Nv.parseMaybeUnaryOrPrivate (node_modules/@storybook/core/dist/babel/index.cjs:142032:63)
      at Nv.parseExprOps (node_modules/@storybook/core/dist/babel/index.cjs:142035:78)
      at Nv.parseMaybeConditional (node_modules/@storybook/core/dist/babel/index.cjs:142020:78)
      at Nv.parseMaybeAssign (node_modules/@storybook/core/dist/babel/index.cjs:142004:20)
      at Nv.parseMaybeAssign (node_modules/@storybook/core/dist/babel/index.cjs:141392:22)
      at node_modules/@storybook/core/dist/babel/index.cjs:141986:41
      at Nv.allowInAnd (node_modules/@storybook/core/dist/babel/index.cjs:142978:14)
      at Nv.parseMaybeAssignAllowIn (node_modules/@storybook/core/dist/babel/index.cjs:141986:19)
      at Nv.parseObjectProperty (node_modules/@storybook/core/dist/babel/index.cjs:142656:81)
      at Nv.parseObjPropValue (node_modules/@storybook/core/dist/babel/index.cjs:142671:61)
      If you are in development, this likely indicates a problem with your Storybook process,
      check the terminal for errors.
      If you are in a deployed Storybook, there may have been an issue deploying the full Storybook
      build.
      at ns2.getStoryIndexFromServer (packages/components/http:/localhost:6007/packages/components/node_modules/.cache/storybook/1c3385a5d25e538d10b518b310c74d3ca2690b6aaffeadccd74da79736171f86/sb-vite/deps/storybook_internal_preview_runtime.js?v=b3da04b4:8624:11)
      at async ns2.initializeWithProjectAnnotations (packages/components/http:/localhost:6007/packages/components/node_modules/.cache/storybook/1c3385a5d25e538d10b518b310c74d3ca2690b6aaffeadccd74da79736171f86/sb-vite/deps/storybook_internal_preview_runtime.js?v=b3da04b4:8606:15)
      at async ns2.initialize (packages/components/http:/localhost:6007/packages/components/node_modules/.cache/storybook/1c3385a5d25e538d10b518b310c74d3ca2690b6aaffeadccd74da79736171f86/sb-vite/deps/storybook_internal_preview_runtime.js?v=b3da04b4:8581:39)

  ● Components/InputField › InputTypes › smoke-test

    thrown: "Exceeded timeout of 30000 ms for a test.
    Add a timeout value to this test to increase the timeout, if this is a long-running test. See https://jestjs.io/docs/api#testname-fn-timeout."

      569 |         required
      570 |         helperText="We'll never share your email"
    > 571 |       />
          |         ^
      572 |       <InputField
      573 |         label="Phone Number"
      574 |         type="tel"

      at packages/components/src/InputField/InputField.stories.tsx:571:13
      at packages/components/src/InputField/InputField.stories.tsx:570:9
      at Object.<anonymous> (packages/components/src/InputField/InputField.stories.tsx:128:5)

  ● Components/InputField › WithIcons › smoke-test

    SB_PREVIEW_API_0006 (StoryIndexFetchError): Error fetching `/index.json`:

    Unable to index ./src/Table/EnhancedTable.stories.tsx:
      SyntaxError: Expecting Unicode escape sequence \uXXXX. (1467:15)

      at constructor (node_modules/@storybook/core/dist/babel/index.cjs:134900:15)
      at Nv.raise (node_modules/@storybook/core/dist/babel/index.cjs:137217:54)
      at Nv.readWord1 (node_modules/@storybook/core/dist/babel/index.cjs:137193:18)
      at Nv.readWord (node_modules/@storybook/core/dist/babel/index.cjs:137205:20)
      at Nv.getTokenFromCode (node_modules/@storybook/core/dist/babel/index.cjs:137028:16)
      at Nv.getTokenFromCode (node_modules/@storybook/core/dist/babel/index.cjs:139696:13)
      at Nv.getTokenFromCode (node_modules/@storybook/core/dist/babel/index.cjs:141547:13)
      at Nv.nextToken (node_modules/@storybook/core/dist/babel/index.cjs:136654:12)
      at Nv.next (node_modules/@storybook/core/dist/babel/index.cjs:136586:62)
      at Nv.eat (node_modules/@storybook/core/dist/babel/index.cjs:136589:36)
      at Nv.parseObjectProperty (node_modules/@storybook/core/dist/babel/index.cjs:142655:34)
      at Nv.parseObjPropValue (node_modules/@storybook/core/dist/babel/index.cjs:142671:61)
      at Nv.parseObjPropValue (node_modules/@storybook/core/dist/babel/index.cjs:141367:49)
      at Nv.parsePropertyDefinition (node_modules/@storybook/core/dist/babel/index.cjs:142632:19)
      at Nv.parseObjectLike (node_modules/@storybook/core/dist/babel/index.cjs:142596:57)
      at Nv.parseExprAtom (node_modules/@storybook/core/dist/babel/index.cjs:142302:23)
      at Nv.parseExprAtom (node_modules/@storybook/core/dist/babel/index.cjs:139667:45)
      at Nv.parseExprSubscripts (node_modules/@storybook/core/dist/babel/index.cjs:142149:78)
      at Nv.parseUpdate (node_modules/@storybook/core/dist/babel/index.cjs:142139:45)
      at Nv.parseMaybeUnary (node_modules/@storybook/core/dist/babel/index.cjs:142124:20)
      at Nv.parseMaybeUnary (node_modules/@storybook/core/dist/babel/index.cjs:141419:93)
      at Nv.parseMaybeUnaryOrPrivate (node_modules/@storybook/core/dist/babel/index.cjs:142032:63)
      at Nv.parseExprOps (node_modules/@storybook/core/dist/babel/index.cjs:142035:78)
      at Nv.parseMaybeConditional (node_modules/@storybook/core/dist/babel/index.cjs:142020:78)
      at Nv.parseMaybeAssign (node_modules/@storybook/core/dist/babel/index.cjs:142004:20)
      at Nv.parseMaybeAssign (node_modules/@storybook/core/dist/babel/index.cjs:141392:22)
      at node_modules/@storybook/core/dist/babel/index.cjs:141986:41
      at Nv.allowInAnd (node_modules/@storybook/core/dist/babel/index.cjs:142978:14)
      at Nv.parseMaybeAssignAllowIn (node_modules/@storybook/core/dist/babel/index.cjs:141986:19)
      at Nv.parseObjectProperty (node_modules/@storybook/core/dist/babel/index.cjs:142656:81)
      at Nv.parseObjPropValue (node_modules/@storybook/core/dist/babel/index.cjs:142671:61)
      at Nv.parseObjPropValue (node_modules/@storybook/core/dist/babel/index.cjs:141367:49)
      at Nv.parsePropertyDefinition (node_modules/@storybook/core/dist/babel/index.cjs:142632:19)
      at Nv.parseObjectLike (node_modules/@storybook/core/dist/babel/index.cjs:142596:57)
      at Nv.parseExprAtom (node_modules/@storybook/core/dist/babel/index.cjs:142302:23)
      at Nv.parseExprAtom (node_modules/@storybook/core/dist/babel/index.cjs:139667:45)
      at Nv.parseExprSubscripts (node_modules/@storybook/core/dist/babel/index.cjs:142149:78)
      at Nv.parseUpdate (node_modules/@storybook/core/dist/babel/index.cjs:142139:45)
      at Nv.parseMaybeUnary (node_modules/@storybook/core/dist/babel/index.cjs:142124:20)
      at Nv.parseMaybeUnary (node_modules/@storybook/core/dist/babel/index.cjs:141419:93)
      at Nv.parseMaybeUnaryOrPrivate (node_modules/@storybook/core/dist/babel/index.cjs:142032:63)
      at Nv.parseExprOps (node_modules/@storybook/core/dist/babel/index.cjs:142035:78)
      at Nv.parseMaybeConditional (node_modules/@storybook/core/dist/babel/index.cjs:142020:78)
      at Nv.parseMaybeAssign (node_modules/@storybook/core/dist/babel/index.cjs:142004:20)
      at Nv.parseMaybeAssign (node_modules/@storybook/core/dist/babel/index.cjs:141392:22)
      at node_modules/@storybook/core/dist/babel/index.cjs:141986:41
      at Nv.allowInAnd (node_modules/@storybook/core/dist/babel/index.cjs:142978:14)
      at Nv.parseMaybeAssignAllowIn (node_modules/@storybook/core/dist/babel/index.cjs:141986:19)
      at Nv.parseObjectProperty (node_modules/@storybook/core/dist/babel/index.cjs:142656:81)
      at Nv.parseObjPropValue (node_modules/@storybook/core/dist/babel/index.cjs:142671:61)
      If you are in development, this likely indicates a problem with your Storybook process,
      check the terminal for errors.
      If you are in a deployed Storybook, there may have been an issue deploying the full Storybook
      build.
      at constructor (node_modules/@storybook/core/dist/babel/index.cjs:134900:15)
      at Nv.raise (node_modules/@storybook/core/dist/babel/index.cjs:137217:54)
      at Nv.readWord1 (node_modules/@storybook/core/dist/babel/index.cjs:137193:18)
      at Nv.readWord (node_modules/@storybook/core/dist/babel/index.cjs:137205:20)
      at Nv.getTokenFromCode (node_modules/@storybook/core/dist/babel/index.cjs:137028:16)
      at Nv.getTokenFromCode (node_modules/@storybook/core/dist/babel/index.cjs:139696:13)
      at Nv.getTokenFromCode (node_modules/@storybook/core/dist/babel/index.cjs:141547:13)
      at Nv.nextToken (node_modules/@storybook/core/dist/babel/index.cjs:136654:12)
      at Nv.next (node_modules/@storybook/core/dist/babel/index.cjs:136586:62)
      at Nv.eat (node_modules/@storybook/core/dist/babel/index.cjs:136589:36)
      at Nv.parseObjectProperty (node_modules/@storybook/core/dist/babel/index.cjs:142655:34)
      at Nv.parseObjPropValue (node_modules/@storybook/core/dist/babel/index.cjs:142671:61)
      at Nv.parseObjPropValue (node_modules/@storybook/core/dist/babel/index.cjs:141367:49)
      at Nv.parsePropertyDefinition (node_modules/@storybook/core/dist/babel/index.cjs:142632:19)
      at Nv.parseObjectLike (node_modules/@storybook/core/dist/babel/index.cjs:142596:57)
      at Nv.parseExprAtom (node_modules/@storybook/core/dist/babel/index.cjs:142302:23)
      at Nv.parseExprAtom (node_modules/@storybook/core/dist/babel/index.cjs:139667:45)
      at Nv.parseExprSubscripts (node_modules/@storybook/core/dist/babel/index.cjs:142149:78)
      at Nv.parseUpdate (node_modules/@storybook/core/dist/babel/index.cjs:142139:45)
      at Nv.parseMaybeUnary (node_modules/@storybook/core/dist/babel/index.cjs:142124:20)
      at Nv.parseMaybeUnary (node_modules/@storybook/core/dist/babel/index.cjs:141419:93)
      at Nv.parseMaybeUnaryOrPrivate (node_modules/@storybook/core/dist/babel/index.cjs:142032:63)
      at Nv.parseExprOps (node_modules/@storybook/core/dist/babel/index.cjs:142035:78)
      at Nv.parseMaybeConditional (node_modules/@storybook/core/dist/babel/index.cjs:142020:78)
      at Nv.parseMaybeAssign (node_modules/@storybook/core/dist/babel/index.cjs:142004:20)
      at Nv.parseMaybeAssign (node_modules/@storybook/core/dist/babel/index.cjs:141392:22)
      at node_modules/@storybook/core/dist/babel/index.cjs:141986:41
      at Nv.allowInAnd (node_modules/@storybook/core/dist/babel/index.cjs:142978:14)
      at Nv.parseMaybeAssignAllowIn (node_modules/@storybook/core/dist/babel/index.cjs:141986:19)
      at Nv.parseObjectProperty (node_modules/@storybook/core/dist/babel/index.cjs:142656:81)
      at Nv.parseObjPropValue (node_modules/@storybook/core/dist/babel/index.cjs:142671:61)
      at Nv.parseObjPropValue (node_modules/@storybook/core/dist/babel/index.cjs:141367:49)
      at Nv.parsePropertyDefinition (node_modules/@storybook/core/dist/babel/index.cjs:142632:19)
      at Nv.parseObjectLike (node_modules/@storybook/core/dist/babel/index.cjs:142596:57)
      at Nv.parseExprAtom (node_modules/@storybook/core/dist/babel/index.cjs:142302:23)
      at Nv.parseExprAtom (node_modules/@storybook/core/dist/babel/index.cjs:139667:45)
      at Nv.parseExprSubscripts (node_modules/@storybook/core/dist/babel/index.cjs:142149:78)
      at Nv.parseUpdate (node_modules/@storybook/core/dist/babel/index.cjs:142139:45)
      at Nv.parseMaybeUnary (node_modules/@storybook/core/dist/babel/index.cjs:142124:20)
      at Nv.parseMaybeUnary (node_modules/@storybook/core/dist/babel/index.cjs:141419:93)
      at Nv.parseMaybeUnaryOrPrivate (node_modules/@storybook/core/dist/babel/index.cjs:142032:63)
      at Nv.parseExprOps (node_modules/@storybook/core/dist/babel/index.cjs:142035:78)
      at Nv.parseMaybeConditional (node_modules/@storybook/core/dist/babel/index.cjs:142020:78)
      at Nv.parseMaybeAssign (node_modules/@storybook/core/dist/babel/index.cjs:142004:20)
      at Nv.parseMaybeAssign (node_modules/@storybook/core/dist/babel/index.cjs:141392:22)
      at node_modules/@storybook/core/dist/babel/index.cjs:141986:41
      at Nv.allowInAnd (node_modules/@storybook/core/dist/babel/index.cjs:142978:14)
      at Nv.parseMaybeAssignAllowIn (node_modules/@storybook/core/dist/babel/index.cjs:141986:19)
      at Nv.parseObjectProperty (node_modules/@storybook/core/dist/babel/index.cjs:142656:81)
      at Nv.parseObjPropValue (node_modules/@storybook/core/dist/babel/index.cjs:142671:61)
      If you are in development, this likely indicates a problem with your Storybook process,
      check the terminal for errors.
      If you are in a deployed Storybook, there may have been an issue deploying the full Storybook
      build.
      at ns2.getStoryIndexFromServer (packages/components/http:/localhost:6007/packages/components/node_modules/.cache/storybook/1c3385a5d25e538d10b518b310c74d3ca2690b6aaffeadccd74da79736171f86/sb-vite/deps/storybook_internal_preview_runtime.js?v=b3da04b4:8624:11)
      at async ns2.initializeWithProjectAnnotations (packages/components/http:/localhost:6007/packages/components/node_modules/.cache/storybook/1c3385a5d25e538d10b518b310c74d3ca2690b6aaffeadccd74da79736171f86/sb-vite/deps/storybook_internal_preview_runtime.js?v=b3da04b4:8606:15)
      at async ns2.initialize (packages/components/http:/localhost:6007/packages/components/node_modules/.cache/storybook/1c3385a5d25e538d10b518b310c74d3ca2690b6aaffeadccd74da79736171f86/sb-vite/deps/storybook_internal_preview_runtime.js?v=b3da04b4:8581:39)

  ● Components/InputField › WithIcons › smoke-test

    thrown: "Exceeded timeout of 30000 ms for a test.
    Add a timeout value to this test to increase the timeout, if this is a long-running test. See https://jestjs.io/docs/api#testname-fn-timeout."

      716 |       
      717 |       <div>
    > 718 |         <h3 style={{ marginBottom: '12px', fontSize: '14px', fontWeight: 600 }}>6. Non-editable (Read-only)</h3>
          |             ^
      719 |         <InputField
      720 |           label="Label"
      721 |           value="System-filled value"

      at packages/components/src/InputField/InputField.stories.tsx:718:13
      at packages/components/src/InputField/InputField.stories.tsx:717:9
      at Object.<anonymous> (packages/components/src/InputField/InputField.stories.tsx:128:5)

  ● Components/InputField › RequiredFields › smoke-test

    SB_PREVIEW_API_0006 (StoryIndexFetchError): Error fetching `/index.json`:

    Unable to index ./src/Table/EnhancedTable.stories.tsx:
      SyntaxError: Expecting Unicode escape sequence \uXXXX. (1467:15)

      at constructor (node_modules/@storybook/core/dist/babel/index.cjs:134900:15)
      at Nv.raise (node_modules/@storybook/core/dist/babel/index.cjs:137217:54)
      at Nv.readWord1 (node_modules/@storybook/core/dist/babel/index.cjs:137193:18)
      at Nv.readWord (node_modules/@storybook/core/dist/babel/index.cjs:137205:20)
      at Nv.getTokenFromCode (node_modules/@storybook/core/dist/babel/index.cjs:137028:16)
      at Nv.getTokenFromCode (node_modules/@storybook/core/dist/babel/index.cjs:139696:13)
      at Nv.getTokenFromCode (node_modules/@storybook/core/dist/babel/index.cjs:141547:13)
      at Nv.nextToken (node_modules/@storybook/core/dist/babel/index.cjs:136654:12)
      at Nv.next (node_modules/@storybook/core/dist/babel/index.cjs:136586:62)
      at Nv.eat (node_modules/@storybook/core/dist/babel/index.cjs:136589:36)
      at Nv.parseObjectProperty (node_modules/@storybook/core/dist/babel/index.cjs:142655:34)
      at Nv.parseObjPropValue (node_modules/@storybook/core/dist/babel/index.cjs:142671:61)
      at Nv.parseObjPropValue (node_modules/@storybook/core/dist/babel/index.cjs:141367:49)
      at Nv.parsePropertyDefinition (node_modules/@storybook/core/dist/babel/index.cjs:142632:19)
      at Nv.parseObjectLike (node_modules/@storybook/core/dist/babel/index.cjs:142596:57)
      at Nv.parseExprAtom (node_modules/@storybook/core/dist/babel/index.cjs:142302:23)
      at Nv.parseExprAtom (node_modules/@storybook/core/dist/babel/index.cjs:139667:45)
      at Nv.parseExprSubscripts (node_modules/@storybook/core/dist/babel/index.cjs:142149:78)
      at Nv.parseUpdate (node_modules/@storybook/core/dist/babel/index.cjs:142139:45)
      at Nv.parseMaybeUnary (node_modules/@storybook/core/dist/babel/index.cjs:142124:20)
      at Nv.parseMaybeUnary (node_modules/@storybook/core/dist/babel/index.cjs:141419:93)
      at Nv.parseMaybeUnaryOrPrivate (node_modules/@storybook/core/dist/babel/index.cjs:142032:63)
      at Nv.parseExprOps (node_modules/@storybook/core/dist/babel/index.cjs:142035:78)
      at Nv.parseMaybeConditional (node_modules/@storybook/core/dist/babel/index.cjs:142020:78)
      at Nv.parseMaybeAssign (node_modules/@storybook/core/dist/babel/index.cjs:142004:20)
      at Nv.parseMaybeAssign (node_modules/@storybook/core/dist/babel/index.cjs:141392:22)
      at node_modules/@storybook/core/dist/babel/index.cjs:141986:41
      at Nv.allowInAnd (node_modules/@storybook/core/dist/babel/index.cjs:142978:14)
      at Nv.parseMaybeAssignAllowIn (node_modules/@storybook/core/dist/babel/index.cjs:141986:19)
      at Nv.parseObjectProperty (node_modules/@storybook/core/dist/babel/index.cjs:142656:81)
      at Nv.parseObjPropValue (node_modules/@storybook/core/dist/babel/index.cjs:142671:61)
      at Nv.parseObjPropValue (node_modules/@storybook/core/dist/babel/index.cjs:141367:49)
      at Nv.parsePropertyDefinition (node_modules/@storybook/core/dist/babel/index.cjs:142632:19)
      at Nv.parseObjectLike (node_modules/@storybook/core/dist/babel/index.cjs:142596:57)
      at Nv.parseExprAtom (node_modules/@storybook/core/dist/babel/index.cjs:142302:23)
      at Nv.parseExprAtom (node_modules/@storybook/core/dist/babel/index.cjs:139667:45)
      at Nv.parseExprSubscripts (node_modules/@storybook/core/dist/babel/index.cjs:142149:78)
      at Nv.parseUpdate (node_modules/@storybook/core/dist/babel/index.cjs:142139:45)
      at Nv.parseMaybeUnary (node_modules/@storybook/core/dist/babel/index.cjs:142124:20)
      at Nv.parseMaybeUnary (node_modules/@storybook/core/dist/babel/index.cjs:141419:93)
      at Nv.parseMaybeUnaryOrPrivate (node_modules/@storybook/core/dist/babel/index.cjs:142032:63)
      at Nv.parseExprOps (node_modules/@storybook/core/dist/babel/index.cjs:142035:78)
      at Nv.parseMaybeConditional (node_modules/@storybook/core/dist/babel/index.cjs:142020:78)
      at Nv.parseMaybeAssign (node_modules/@storybook/core/dist/babel/index.cjs:142004:20)
      at Nv.parseMaybeAssign (node_modules/@storybook/core/dist/babel/index.cjs:141392:22)
      at node_modules/@storybook/core/dist/babel/index.cjs:141986:41
      at Nv.allowInAnd (node_modules/@storybook/core/dist/babel/index.cjs:142978:14)
      at Nv.parseMaybeAssignAllowIn (node_modules/@storybook/core/dist/babel/index.cjs:141986:19)
      at Nv.parseObjectProperty (node_modules/@storybook/core/dist/babel/index.cjs:142656:81)
      at Nv.parseObjPropValue (node_modules/@storybook/core/dist/babel/index.cjs:142671:61)
      If you are in development, this likely indicates a problem with your Storybook process,
      check the terminal for errors.
      If you are in a deployed Storybook, there may have been an issue deploying the full Storybook
      build.
      at constructor (node_modules/@storybook/core/dist/babel/index.cjs:134900:15)
      at Nv.raise (node_modules/@storybook/core/dist/babel/index.cjs:137217:54)
      at Nv.readWord1 (node_modules/@storybook/core/dist/babel/index.cjs:137193:18)
      at Nv.readWord (node_modules/@storybook/core/dist/babel/index.cjs:137205:20)
      at Nv.getTokenFromCode (node_modules/@storybook/core/dist/babel/index.cjs:137028:16)
      at Nv.getTokenFromCode (node_modules/@storybook/core/dist/babel/index.cjs:139696:13)
      at Nv.getTokenFromCode (node_modules/@storybook/core/dist/babel/index.cjs:141547:13)
      at Nv.nextToken (node_modules/@storybook/core/dist/babel/index.cjs:136654:12)
      at Nv.next (node_modules/@storybook/core/dist/babel/index.cjs:136586:62)
      at Nv.eat (node_modules/@storybook/core/dist/babel/index.cjs:136589:36)
      at Nv.parseObjectProperty (node_modules/@storybook/core/dist/babel/index.cjs:142655:34)
      at Nv.parseObjPropValue (node_modules/@storybook/core/dist/babel/index.cjs:142671:61)
      at Nv.parseObjPropValue (node_modules/@storybook/core/dist/babel/index.cjs:141367:49)
      at Nv.parsePropertyDefinition (node_modules/@storybook/core/dist/babel/index.cjs:142632:19)
      at Nv.parseObjectLike (node_modules/@storybook/core/dist/babel/index.cjs:142596:57)
      at Nv.parseExprAtom (node_modules/@storybook/core/dist/babel/index.cjs:142302:23)
      at Nv.parseExprAtom (node_modules/@storybook/core/dist/babel/index.cjs:139667:45)
      at Nv.parseExprSubscripts (node_modules/@storybook/core/dist/babel/index.cjs:142149:78)
      at Nv.parseUpdate (node_modules/@storybook/core/dist/babel/index.cjs:142139:45)
      at Nv.parseMaybeUnary (node_modules/@storybook/core/dist/babel/index.cjs:142124:20)
      at Nv.parseMaybeUnary (node_modules/@storybook/core/dist/babel/index.cjs:141419:93)
      at Nv.parseMaybeUnaryOrPrivate (node_modules/@storybook/core/dist/babel/index.cjs:142032:63)
      at Nv.parseExprOps (node_modules/@storybook/core/dist/babel/index.cjs:142035:78)
      at Nv.parseMaybeConditional (node_modules/@storybook/core/dist/babel/index.cjs:142020:78)
      at Nv.parseMaybeAssign (node_modules/@storybook/core/dist/babel/index.cjs:142004:20)
      at Nv.parseMaybeAssign (node_modules/@storybook/core/dist/babel/index.cjs:141392:22)
      at node_modules/@storybook/core/dist/babel/index.cjs:141986:41
      at Nv.allowInAnd (node_modules/@storybook/core/dist/babel/index.cjs:142978:14)
      at Nv.parseMaybeAssignAllowIn (node_modules/@storybook/core/dist/babel/index.cjs:141986:19)
      at Nv.parseObjectProperty (node_modules/@storybook/core/dist/babel/index.cjs:142656:81)
      at Nv.parseObjPropValue (node_modules/@storybook/core/dist/babel/index.cjs:142671:61)
      at Nv.parseObjPropValue (node_modules/@storybook/core/dist/babel/index.cjs:141367:49)
      at Nv.parsePropertyDefinition (node_modules/@storybook/core/dist/babel/index.cjs:142632:19)
      at Nv.parseObjectLike (node_modules/@storybook/core/dist/babel/index.cjs:142596:57)
      at Nv.parseExprAtom (node_modules/@storybook/core/dist/babel/index.cjs:142302:23)
      at Nv.parseExprAtom (node_modules/@storybook/core/dist/babel/index.cjs:139667:45)
      at Nv.parseExprSubscripts (node_modules/@storybook/core/dist/babel/index.cjs:142149:78)
      at Nv.parseUpdate (node_modules/@storybook/core/dist/babel/index.cjs:142139:45)
      at Nv.parseMaybeUnary (node_modules/@storybook/core/dist/babel/index.cjs:142124:20)
      at Nv.parseMaybeUnary (node_modules/@storybook/core/dist/babel/index.cjs:141419:93)
      at Nv.parseMaybeUnaryOrPrivate (node_modules/@storybook/core/dist/babel/index.cjs:142032:63)
      at Nv.parseExprOps (node_modules/@storybook/core/dist/babel/index.cjs:142035:78)
      at Nv.parseMaybeConditional (node_modules/@storybook/core/dist/babel/index.cjs:142020:78)
      at Nv.parseMaybeAssign (node_modules/@storybook/core/dist/babel/index.cjs:142004:20)
      at Nv.parseMaybeAssign (node_modules/@storybook/core/dist/babel/index.cjs:141392:22)
      at node_modules/@storybook/core/dist/babel/index.cjs:141986:41
      at Nv.allowInAnd (node_modules/@storybook/core/dist/babel/index.cjs:142978:14)
      at Nv.parseMaybeAssignAllowIn (node_modules/@storybook/core/dist/babel/index.cjs:141986:19)
      at Nv.parseObjectProperty (node_modules/@storybook/core/dist/babel/index.cjs:142656:81)
      at Nv.parseObjPropValue (node_modules/@storybook/core/dist/babel/index.cjs:142671:61)
      If you are in development, this likely indicates a problem with your Storybook process,
      check the terminal for errors.
      If you are in a deployed Storybook, there may have been an issue deploying the full Storybook
      build.
      at ns2.getStoryIndexFromServer (packages/components/http:/localhost:6007/packages/components/node_modules/.cache/storybook/1c3385a5d25e538d10b518b310c74d3ca2690b6aaffeadccd74da79736171f86/sb-vite/deps/storybook_internal_preview_runtime.js?v=b3da04b4:8624:11)
      at async ns2.initializeWithProjectAnnotations (packages/components/http:/localhost:6007/packages/components/node_modules/.cache/storybook/1c3385a5d25e538d10b518b310c74d3ca2690b6aaffeadccd74da79736171f86/sb-vite/deps/storybook_internal_preview_runtime.js?v=b3da04b4:8606:15)
      at async ns2.initialize (packages/components/http:/localhost:6007/packages/components/node_modules/.cache/storybook/1c3385a5d25e538d10b518b310c74d3ca2690b6aaffeadccd74da79736171f86/sb-vite/deps/storybook_internal_preview_runtime.js?v=b3da04b4:8581:39)

  ● Components/InputField › RequiredFields › smoke-test

    thrown: "Exceeded timeout of 30000 ms for a test.
    Add a timeout value to this test to increase the timeout, if this is a long-running test. See https://jestjs.io/docs/api#testname-fn-timeout."

      863 | - Value can be selected and copied
      864 |
    > 865 | ---
          |    ^
      866 |
      867 | ## State Comparison Table
      868 |

      at packages/components/src/InputField/InputField.stories.tsx:865:13
      at packages/components/src/InputField/InputField.stories.tsx:864:9
      at Object.<anonymous> (packages/components/src/InputField/InputField.stories.tsx:128:5)

  ● Components/InputField › HelpingTextStates › smoke-test

    SB_PREVIEW_API_0006 (StoryIndexFetchError): Error fetching `/index.json`:

    Unable to index ./src/Table/EnhancedTable.stories.tsx:
      SyntaxError: Expecting Unicode escape sequence \uXXXX. (1467:15)

      at constructor (node_modules/@storybook/core/dist/babel/index.cjs:134900:15)
      at Nv.raise (node_modules/@storybook/core/dist/babel/index.cjs:137217:54)
      at Nv.readWord1 (node_modules/@storybook/core/dist/babel/index.cjs:137193:18)
      at Nv.readWord (node_modules/@storybook/core/dist/babel/index.cjs:137205:20)
      at Nv.getTokenFromCode (node_modules/@storybook/core/dist/babel/index.cjs:137028:16)
      at Nv.getTokenFromCode (node_modules/@storybook/core/dist/babel/index.cjs:139696:13)
      at Nv.getTokenFromCode (node_modules/@storybook/core/dist/babel/index.cjs:141547:13)
      at Nv.nextToken (node_modules/@storybook/core/dist/babel/index.cjs:136654:12)
      at Nv.next (node_modules/@storybook/core/dist/babel/index.cjs:136586:62)
      at Nv.eat (node_modules/@storybook/core/dist/babel/index.cjs:136589:36)
      at Nv.parseObjectProperty (node_modules/@storybook/core/dist/babel/index.cjs:142655:34)
      at Nv.parseObjPropValue (node_modules/@storybook/core/dist/babel/index.cjs:142671:61)
      at Nv.parseObjPropValue (node_modules/@storybook/core/dist/babel/index.cjs:141367:49)
      at Nv.parsePropertyDefinition (node_modules/@storybook/core/dist/babel/index.cjs:142632:19)
      at Nv.parseObjectLike (node_modules/@storybook/core/dist/babel/index.cjs:142596:57)
      at Nv.parseExprAtom (node_modules/@storybook/core/dist/babel/index.cjs:142302:23)
      at Nv.parseExprAtom (node_modules/@storybook/core/dist/babel/index.cjs:139667:45)
      at Nv.parseExprSubscripts (node_modules/@storybook/core/dist/babel/index.cjs:142149:78)
      at Nv.parseUpdate (node_modules/@storybook/core/dist/babel/index.cjs:142139:45)
      at Nv.parseMaybeUnary (node_modules/@storybook/core/dist/babel/index.cjs:142124:20)
      at Nv.parseMaybeUnary (node_modules/@storybook/core/dist/babel/index.cjs:141419:93)
      at Nv.parseMaybeUnaryOrPrivate (node_modules/@storybook/core/dist/babel/index.cjs:142032:63)
      at Nv.parseExprOps (node_modules/@storybook/core/dist/babel/index.cjs:142035:78)
      at Nv.parseMaybeConditional (node_modules/@storybook/core/dist/babel/index.cjs:142020:78)
      at Nv.parseMaybeAssign (node_modules/@storybook/core/dist/babel/index.cjs:142004:20)
      at Nv.parseMaybeAssign (node_modules/@storybook/core/dist/babel/index.cjs:141392:22)
      at node_modules/@storybook/core/dist/babel/index.cjs:141986:41
      at Nv.allowInAnd (node_modules/@storybook/core/dist/babel/index.cjs:142978:14)
      at Nv.parseMaybeAssignAllowIn (node_modules/@storybook/core/dist/babel/index.cjs:141986:19)
      at Nv.parseObjectProperty (node_modules/@storybook/core/dist/babel/index.cjs:142656:81)
      at Nv.parseObjPropValue (node_modules/@storybook/core/dist/babel/index.cjs:142671:61)
      at Nv.parseObjPropValue (node_modules/@storybook/core/dist/babel/index.cjs:141367:49)
      at Nv.parsePropertyDefinition (node_modules/@storybook/core/dist/babel/index.cjs:142632:19)
      at Nv.parseObjectLike (node_modules/@storybook/core/dist/babel/index.cjs:142596:57)
      at Nv.parseExprAtom (node_modules/@storybook/core/dist/babel/index.cjs:142302:23)
      at Nv.parseExprAtom (node_modules/@storybook/core/dist/babel/index.cjs:139667:45)
      at Nv.parseExprSubscripts (node_modules/@storybook/core/dist/babel/index.cjs:142149:78)
      at Nv.parseUpdate (node_modules/@storybook/core/dist/babel/index.cjs:142139:45)
      at Nv.parseMaybeUnary (node_modules/@storybook/core/dist/babel/index.cjs:142124:20)
      at Nv.parseMaybeUnary (node_modules/@storybook/core/dist/babel/index.cjs:141419:93)
      at Nv.parseMaybeUnaryOrPrivate (node_modules/@storybook/core/dist/babel/index.cjs:142032:63)
      at Nv.parseExprOps (node_modules/@storybook/core/dist/babel/index.cjs:142035:78)
      at Nv.parseMaybeConditional (node_modules/@storybook/core/dist/babel/index.cjs:142020:78)
      at Nv.parseMaybeAssign (node_modules/@storybook/core/dist/babel/index.cjs:142004:20)
      at Nv.parseMaybeAssign (node_modules/@storybook/core/dist/babel/index.cjs:141392:22)
      at node_modules/@storybook/core/dist/babel/index.cjs:141986:41
      at Nv.allowInAnd (node_modules/@storybook/core/dist/babel/index.cjs:142978:14)
      at Nv.parseMaybeAssignAllowIn (node_modules/@storybook/core/dist/babel/index.cjs:141986:19)
      at Nv.parseObjectProperty (node_modules/@storybook/core/dist/babel/index.cjs:142656:81)
      at Nv.parseObjPropValue (node_modules/@storybook/core/dist/babel/index.cjs:142671:61)
      If you are in development, this likely indicates a problem with your Storybook process,
      check the terminal for errors.
      If you are in a deployed Storybook, there may have been an issue deploying the full Storybook
      build.
      at constructor (node_modules/@storybook/core/dist/babel/index.cjs:134900:15)
      at Nv.raise (node_modules/@storybook/core/dist/babel/index.cjs:137217:54)
      at Nv.readWord1 (node_modules/@storybook/core/dist/babel/index.cjs:137193:18)
      at Nv.readWord (node_modules/@storybook/core/dist/babel/index.cjs:137205:20)
      at Nv.getTokenFromCode (node_modules/@storybook/core/dist/babel/index.cjs:137028:16)
      at Nv.getTokenFromCode (node_modules/@storybook/core/dist/babel/index.cjs:139696:13)
      at Nv.getTokenFromCode (node_modules/@storybook/core/dist/babel/index.cjs:141547:13)
      at Nv.nextToken (node_modules/@storybook/core/dist/babel/index.cjs:136654:12)
      at Nv.next (node_modules/@storybook/core/dist/babel/index.cjs:136586:62)
      at Nv.eat (node_modules/@storybook/core/dist/babel/index.cjs:136589:36)
      at Nv.parseObjectProperty (node_modules/@storybook/core/dist/babel/index.cjs:142655:34)
      at Nv.parseObjPropValue (node_modules/@storybook/core/dist/babel/index.cjs:142671:61)
      at Nv.parseObjPropValue (node_modules/@storybook/core/dist/babel/index.cjs:141367:49)
      at Nv.parsePropertyDefinition (node_modules/@storybook/core/dist/babel/index.cjs:142632:19)
      at Nv.parseObjectLike (node_modules/@storybook/core/dist/babel/index.cjs:142596:57)
      at Nv.parseExprAtom (node_modules/@storybook/core/dist/babel/index.cjs:142302:23)
      at Nv.parseExprAtom (node_modules/@storybook/core/dist/babel/index.cjs:139667:45)
      at Nv.parseExprSubscripts (node_modules/@storybook/core/dist/babel/index.cjs:142149:78)
      at Nv.parseUpdate (node_modules/@storybook/core/dist/babel/index.cjs:142139:45)
      at Nv.parseMaybeUnary (node_modules/@storybook/core/dist/babel/index.cjs:142124:20)
      at Nv.parseMaybeUnary (node_modules/@storybook/core/dist/babel/index.cjs:141419:93)
      at Nv.parseMaybeUnaryOrPrivate (node_modules/@storybook/core/dist/babel/index.cjs:142032:63)
      at Nv.parseExprOps (node_modules/@storybook/core/dist/babel/index.cjs:142035:78)
      at Nv.parseMaybeConditional (node_modules/@storybook/core/dist/babel/index.cjs:142020:78)
      at Nv.parseMaybeAssign (node_modules/@storybook/core/dist/babel/index.cjs:142004:20)
      at Nv.parseMaybeAssign (node_modules/@storybook/core/dist/babel/index.cjs:141392:22)
      at node_modules/@storybook/core/dist/babel/index.cjs:141986:41
      at Nv.allowInAnd (node_modules/@storybook/core/dist/babel/index.cjs:142978:14)
      at Nv.parseMaybeAssignAllowIn (node_modules/@storybook/core/dist/babel/index.cjs:141986:19)
      at Nv.parseObjectProperty (node_modules/@storybook/core/dist/babel/index.cjs:142656:81)
      at Nv.parseObjPropValue (node_modules/@storybook/core/dist/babel/index.cjs:142671:61)
      at Nv.parseObjPropValue (node_modules/@storybook/core/dist/babel/index.cjs:141367:49)
      at Nv.parsePropertyDefinition (node_modules/@storybook/core/dist/babel/index.cjs:142632:19)
      at Nv.parseObjectLike (node_modules/@storybook/core/dist/babel/index.cjs:142596:57)
      at Nv.parseExprAtom (node_modules/@storybook/core/dist/babel/index.cjs:142302:23)
      at Nv.parseExprAtom (node_modules/@storybook/core/dist/babel/index.cjs:139667:45)
      at Nv.parseExprSubscripts (node_modules/@storybook/core/dist/babel/index.cjs:142149:78)
      at Nv.parseUpdate (node_modules/@storybook/core/dist/babel/index.cjs:142139:45)
      at Nv.parseMaybeUnary (node_modules/@storybook/core/dist/babel/index.cjs:142124:20)
      at Nv.parseMaybeUnary (node_modules/@storybook/core/dist/babel/index.cjs:141419:93)
      at Nv.parseMaybeUnaryOrPrivate (node_modules/@storybook/core/dist/babel/index.cjs:142032:63)
      at Nv.parseExprOps (node_modules/@storybook/core/dist/babel/index.cjs:142035:78)
      at Nv.parseMaybeConditional (node_modules/@storybook/core/dist/babel/index.cjs:142020:78)
      at Nv.parseMaybeAssign (node_modules/@storybook/core/dist/babel/index.cjs:142004:20)
      at Nv.parseMaybeAssign (node_modules/@storybook/core/dist/babel/index.cjs:141392:22)
      at node_modules/@storybook/core/dist/babel/index.cjs:141986:41
      at Nv.allowInAnd (node_modules/@storybook/core/dist/babel/index.cjs:142978:14)
      at Nv.parseMaybeAssignAllowIn (node_modules/@storybook/core/dist/babel/index.cjs:141986:19)
      at Nv.parseObjectProperty (node_modules/@storybook/core/dist/babel/index.cjs:142656:81)
      at Nv.parseObjPropValue (node_modules/@storybook/core/dist/babel/index.cjs:142671:61)
      If you are in development, this likely indicates a problem with your Storybook process,
      check the terminal for errors.
      If you are in a deployed Storybook, there may have been an issue deploying the full Storybook
      build.
      at ns2.getStoryIndexFromServer (packages/components/http:/localhost:6007/packages/components/node_modules/.cache/storybook/1c3385a5d25e538d10b518b310c74d3ca2690b6aaffeadccd74da79736171f86/sb-vite/deps/storybook_internal_preview_runtime.js?v=b3da04b4:8624:11)
      at async ns2.initializeWithProjectAnnotations (packages/components/http:/localhost:6007/packages/components/node_modules/.cache/storybook/1c3385a5d25e538d10b518b310c74d3ca2690b6aaffeadccd74da79736171f86/sb-vite/deps/storybook_internal_preview_runtime.js?v=b3da04b4:8606:15)
      at async ns2.initialize (packages/components/http:/localhost:6007/packages/components/node_modules/.cache/storybook/1c3385a5d25e538d10b518b310c74d3ca2690b6aaffeadccd74da79736171f86/sb-vite/deps/storybook_internal_preview_runtime.js?v=b3da04b4:8581:39)

  ● Components/InputField › HelpingTextStates › smoke-test

    thrown: "Exceeded timeout of 30000 ms for a test.
    Add a timeout value to this test to increase the timeout, if this is a long-running test. See https://jestjs.io/docs/api#testname-fn-timeout."

      1010 |           emptyMessage="No recent items available"
      1011 |         />
    > 1012 |       </div>
           |             ^
      1013 |     </div>
      1014 |   ),
      1015 |   parameters: {

      at packages/components/src/InputField/InputField.stories.tsx:1012:13
      at packages/components/src/InputField/InputField.stories.tsx:1011:9
      at Object.<anonymous> (packages/components/src/InputField/InputField.stories.tsx:128:5)

  ● Components/InputField › FullWidthLayout › smoke-test

    SB_PREVIEW_API_0006 (StoryIndexFetchError): Error fetching `/index.json`:

    Unable to index ./src/Table/EnhancedTable.stories.tsx:
      SyntaxError: Expecting Unicode escape sequence \uXXXX. (1467:15)

      at constructor (node_modules/@storybook/core/dist/babel/index.cjs:134900:15)
      at Nv.raise (node_modules/@storybook/core/dist/babel/index.cjs:137217:54)
      at Nv.readWord1 (node_modules/@storybook/core/dist/babel/index.cjs:137193:18)
      at Nv.readWord (node_modules/@storybook/core/dist/babel/index.cjs:137205:20)
      at Nv.getTokenFromCode (node_modules/@storybook/core/dist/babel/index.cjs:137028:16)
      at Nv.getTokenFromCode (node_modules/@storybook/core/dist/babel/index.cjs:139696:13)
      at Nv.getTokenFromCode (node_modules/@storybook/core/dist/babel/index.cjs:141547:13)
      at Nv.nextToken (node_modules/@storybook/core/dist/babel/index.cjs:136654:12)
      at Nv.next (node_modules/@storybook/core/dist/babel/index.cjs:136586:62)
      at Nv.eat (node_modules/@storybook/core/dist/babel/index.cjs:136589:36)
      at Nv.parseObjectProperty (node_modules/@storybook/core/dist/babel/index.cjs:142655:34)
      at Nv.parseObjPropValue (node_modules/@storybook/core/dist/babel/index.cjs:142671:61)
      at Nv.parseObjPropValue (node_modules/@storybook/core/dist/babel/index.cjs:141367:49)
      at Nv.parsePropertyDefinition (node_modules/@storybook/core/dist/babel/index.cjs:142632:19)
      at Nv.parseObjectLike (node_modules/@storybook/core/dist/babel/index.cjs:142596:57)
      at Nv.parseExprAtom (node_modules/@storybook/core/dist/babel/index.cjs:142302:23)
      at Nv.parseExprAtom (node_modules/@storybook/core/dist/babel/index.cjs:139667:45)
      at Nv.parseExprSubscripts (node_modules/@storybook/core/dist/babel/index.cjs:142149:78)
      at Nv.parseUpdate (node_modules/@storybook/core/dist/babel/index.cjs:142139:45)
      at Nv.parseMaybeUnary (node_modules/@storybook/core/dist/babel/index.cjs:142124:20)
      at Nv.parseMaybeUnary (node_modules/@storybook/core/dist/babel/index.cjs:141419:93)
      at Nv.parseMaybeUnaryOrPrivate (node_modules/@storybook/core/dist/babel/index.cjs:142032:63)
      at Nv.parseExprOps (node_modules/@storybook/core/dist/babel/index.cjs:142035:78)
      at Nv.parseMaybeConditional (node_modules/@storybook/core/dist/babel/index.cjs:142020:78)
      at Nv.parseMaybeAssign (node_modules/@storybook/core/dist/babel/index.cjs:142004:20)
      at Nv.parseMaybeAssign (node_modules/@storybook/core/dist/babel/index.cjs:141392:22)
      at node_modules/@storybook/core/dist/babel/index.cjs:141986:41
      at Nv.allowInAnd (node_modules/@storybook/core/dist/babel/index.cjs:142978:14)
      at Nv.parseMaybeAssignAllowIn (node_modules/@storybook/core/dist/babel/index.cjs:141986:19)
      at Nv.parseObjectProperty (node_modules/@storybook/core/dist/babel/index.cjs:142656:81)
      at Nv.parseObjPropValue (node_modules/@storybook/core/dist/babel/index.cjs:142671:61)
      at Nv.parseObjPropValue (node_modules/@storybook/core/dist/babel/index.cjs:141367:49)
      at Nv.parsePropertyDefinition (node_modules/@storybook/core/dist/babel/index.cjs:142632:19)
      at Nv.parseObjectLike (node_modules/@storybook/core/dist/babel/index.cjs:142596:57)
      at Nv.parseExprAtom (node_modules/@storybook/core/dist/babel/index.cjs:142302:23)
      at Nv.parseExprAtom (node_modules/@storybook/core/dist/babel/index.cjs:139667:45)
      at Nv.parseExprSubscripts (node_modules/@storybook/core/dist/babel/index.cjs:142149:78)
      at Nv.parseUpdate (node_modules/@storybook/core/dist/babel/index.cjs:142139:45)
      at Nv.parseMaybeUnary (node_modules/@storybook/core/dist/babel/index.cjs:142124:20)
      at Nv.parseMaybeUnary (node_modules/@storybook/core/dist/babel/index.cjs:141419:93)
      at Nv.parseMaybeUnaryOrPrivate (node_modules/@storybook/core/dist/babel/index.cjs:142032:63)
      at Nv.parseExprOps (node_modules/@storybook/core/dist/babel/index.cjs:142035:78)
      at Nv.parseMaybeConditional (node_modules/@storybook/core/dist/babel/index.cjs:142020:78)
      at Nv.parseMaybeAssign (node_modules/@storybook/core/dist/babel/index.cjs:142004:20)
      at Nv.parseMaybeAssign (node_modules/@storybook/core/dist/babel/index.cjs:141392:22)
      at node_modules/@storybook/core/dist/babel/index.cjs:141986:41
      at Nv.allowInAnd (node_modules/@storybook/core/dist/babel/index.cjs:142978:14)
      at Nv.parseMaybeAssignAllowIn (node_modules/@storybook/core/dist/babel/index.cjs:141986:19)
      at Nv.parseObjectProperty (node_modules/@storybook/core/dist/babel/index.cjs:142656:81)
      at Nv.parseObjPropValue (node_modules/@storybook/core/dist/babel/index.cjs:142671:61)
      If you are in development, this likely indicates a problem with your Storybook process,
      check the terminal for errors.
      If you are in a deployed Storybook, there may have been an issue deploying the full Storybook
      build.
      at constructor (node_modules/@storybook/core/dist/babel/index.cjs:134900:15)
      at Nv.raise (node_modules/@storybook/core/dist/babel/index.cjs:137217:54)
      at Nv.readWord1 (node_modules/@storybook/core/dist/babel/index.cjs:137193:18)
      at Nv.readWord (node_modules/@storybook/core/dist/babel/index.cjs:137205:20)
      at Nv.getTokenFromCode (node_modules/@storybook/core/dist/babel/index.cjs:137028:16)
      at Nv.getTokenFromCode (node_modules/@storybook/core/dist/babel/index.cjs:139696:13)
      at Nv.getTokenFromCode (node_modules/@storybook/core/dist/babel/index.cjs:141547:13)
      at Nv.nextToken (node_modules/@storybook/core/dist/babel/index.cjs:136654:12)
      at Nv.next (node_modules/@storybook/core/dist/babel/index.cjs:136586:62)
      at Nv.eat (node_modules/@storybook/core/dist/babel/index.cjs:136589:36)
      at Nv.parseObjectProperty (node_modules/@storybook/core/dist/babel/index.cjs:142655:34)
      at Nv.parseObjPropValue (node_modules/@storybook/core/dist/babel/index.cjs:142671:61)
      at Nv.parseObjPropValue (node_modules/@storybook/core/dist/babel/index.cjs:141367:49)
      at Nv.parsePropertyDefinition (node_modules/@storybook/core/dist/babel/index.cjs:142632:19)
      at Nv.parseObjectLike (node_modules/@storybook/core/dist/babel/index.cjs:142596:57)
      at Nv.parseExprAtom (node_modules/@storybook/core/dist/babel/index.cjs:142302:23)
      at Nv.parseExprAtom (node_modules/@storybook/core/dist/babel/index.cjs:139667:45)
      at Nv.parseExprSubscripts (node_modules/@storybook/core/dist/babel/index.cjs:142149:78)
      at Nv.parseUpdate (node_modules/@storybook/core/dist/babel/index.cjs:142139:45)
      at Nv.parseMaybeUnary (node_modules/@storybook/core/dist/babel/index.cjs:142124:20)
      at Nv.parseMaybeUnary (node_modules/@storybook/core/dist/babel/index.cjs:141419:93)
      at Nv.parseMaybeUnaryOrPrivate (node_modules/@storybook/core/dist/babel/index.cjs:142032:63)
      at Nv.parseExprOps (node_modules/@storybook/core/dist/babel/index.cjs:142035:78)
      at Nv.parseMaybeConditional (node_modules/@storybook/core/dist/babel/index.cjs:142020:78)
      at Nv.parseMaybeAssign (node_modules/@storybook/core/dist/babel/index.cjs:142004:20)
      at Nv.parseMaybeAssign (node_modules/@storybook/core/dist/babel/index.cjs:141392:22)
      at node_modules/@storybook/core/dist/babel/index.cjs:141986:41
      at Nv.allowInAnd (node_modules/@storybook/core/dist/babel/index.cjs:142978:14)
      at Nv.parseMaybeAssignAllowIn (node_modules/@storybook/core/dist/babel/index.cjs:141986:19)
      at Nv.parseObjectProperty (node_modules/@storybook/core/dist/babel/index.cjs:142656:81)
      at Nv.parseObjPropValue (node_modules/@storybook/core/dist/babel/index.cjs:142671:61)
      at Nv.parseObjPropValue (node_modules/@storybook/core/dist/babel/index.cjs:141367:49)
      at Nv.parsePropertyDefinition (node_modules/@storybook/core/dist/babel/index.cjs:142632:19)
      at Nv.parseObjectLike (node_modules/@storybook/core/dist/babel/index.cjs:142596:57)
      at Nv.parseExprAtom (node_modules/@storybook/core/dist/babel/index.cjs:142302:23)
      at Nv.parseExprAtom (node_modules/@storybook/core/dist/babel/index.cjs:139667:45)
      at Nv.parseExprSubscripts (node_modules/@storybook/core/dist/babel/index.cjs:142149:78)
      at Nv.parseUpdate (node_modules/@storybook/core/dist/babel/index.cjs:142139:45)
      at Nv.parseMaybeUnary (node_modules/@storybook/core/dist/babel/index.cjs:142124:20)
      at Nv.parseMaybeUnary (node_modules/@storybook/core/dist/babel/index.cjs:141419:93)
      at Nv.parseMaybeUnaryOrPrivate (node_modules/@storybook/core/dist/babel/index.cjs:142032:63)
      at Nv.parseExprOps (node_modules/@storybook/core/dist/babel/index.cjs:142035:78)
      at Nv.parseMaybeConditional (node_modules/@storybook/core/dist/babel/index.cjs:142020:78)
      at Nv.parseMaybeAssign (node_modules/@storybook/core/dist/babel/index.cjs:142004:20)
      at Nv.parseMaybeAssign (node_modules/@storybook/core/dist/babel/index.cjs:141392:22)
      at node_modules/@storybook/core/dist/babel/index.cjs:141986:41
      at Nv.allowInAnd (node_modules/@storybook/core/dist/babel/index.cjs:142978:14)
      at Nv.parseMaybeAssignAllowIn (node_modules/@storybook/core/dist/babel/index.cjs:141986:19)
      at Nv.parseObjectProperty (node_modules/@storybook/core/dist/babel/index.cjs:142656:81)
      at Nv.parseObjPropValue (node_modules/@storybook/core/dist/babel/index.cjs:142671:61)
      If you are in development, this likely indicates a problem with your Storybook process,
      check the terminal for errors.
      If you are in a deployed Storybook, there may have been an issue deploying the full Storybook
      build.
      at ns2.getStoryIndexFromServer (packages/components/http:/localhost:6007/packages/components/node_modules/.cache/storybook/1c3385a5d25e538d10b518b310c74d3ca2690b6aaffeadccd74da79736171f86/sb-vite/deps/storybook_internal_preview_runtime.js?v=b3da04b4:8624:11)
      at async ns2.initializeWithProjectAnnotations (packages/components/http:/localhost:6007/packages/components/node_modules/.cache/storybook/1c3385a5d25e538d10b518b310c74d3ca2690b6aaffeadccd74da79736171f86/sb-vite/deps/storybook_internal_preview_runtime.js?v=b3da04b4:8606:15)
      at async ns2.initialize (packages/components/http:/localhost:6007/packages/components/node_modules/.cache/storybook/1c3385a5d25e538d10b518b310c74d3ca2690b6aaffeadccd74da79736171f86/sb-vite/deps/storybook_internal_preview_runtime.js?v=b3da04b4:8581:39)

  ● Components/InputField › FullWidthLayout › smoke-test

    thrown: "Exceeded timeout of 30000 ms for a test.
    Add a timeout value to this test to increase the timeout, if this is a long-running test. See https://jestjs.io/docs/api#testname-fn-timeout."

      1157 |         <Typography variant="caption" style={{ color: '#666' }}>
      1158 |           The 'as' prop allows rendering as different HTML elements while maintaining the same API.
    > 1159 |         </Typography>
           |             ^
      1160 |       </div>
      1161 |     </div>
      1162 |   ),

      at packages/components/src/InputField/InputField.stories.tsx:1159:13
      at packages/components/src/InputField/InputField.stories.tsx:1158:9
      at Object.<anonymous> (packages/components/src/InputField/InputField.stories.tsx:128:5)

  ● Components/InputField › FormExample › smoke-test

    SB_PREVIEW_API_0006 (StoryIndexFetchError): Error fetching `/index.json`:

    Unable to index ./src/Table/EnhancedTable.stories.tsx:
      SyntaxError: Expecting Unicode escape sequence \uXXXX. (1467:15)

      at constructor (node_modules/@storybook/core/dist/babel/index.cjs:134900:15)
      at Nv.raise (node_modules/@storybook/core/dist/babel/index.cjs:137217:54)
      at Nv.readWord1 (node_modules/@storybook/core/dist/babel/index.cjs:137193:18)
      at Nv.readWord (node_modules/@storybook/core/dist/babel/index.cjs:137205:20)
      at Nv.getTokenFromCode (node_modules/@storybook/core/dist/babel/index.cjs:137028:16)
      at Nv.getTokenFromCode (node_modules/@storybook/core/dist/babel/index.cjs:139696:13)
      at Nv.getTokenFromCode (node_modules/@storybook/core/dist/babel/index.cjs:141547:13)
      at Nv.nextToken (node_modules/@storybook/core/dist/babel/index.cjs:136654:12)
      at Nv.next (node_modules/@storybook/core/dist/babel/index.cjs:136586:62)
      at Nv.eat (node_modules/@storybook/core/dist/babel/index.cjs:136589:36)
      at Nv.parseObjectProperty (node_modules/@storybook/core/dist/babel/index.cjs:142655:34)
      at Nv.parseObjPropValue (node_modules/@storybook/core/dist/babel/index.cjs:142671:61)
      at Nv.parseObjPropValue (node_modules/@storybook/core/dist/babel/index.cjs:141367:49)
      at Nv.parsePropertyDefinition (node_modules/@storybook/core/dist/babel/index.cjs:142632:19)
      at Nv.parseObjectLike (node_modules/@storybook/core/dist/babel/index.cjs:142596:57)
      at Nv.parseExprAtom (node_modules/@storybook/core/dist/babel/index.cjs:142302:23)
      at Nv.parseExprAtom (node_modules/@storybook/core/dist/babel/index.cjs:139667:45)
      at Nv.parseExprSubscripts (node_modules/@storybook/core/dist/babel/index.cjs:142149:78)
      at Nv.parseUpdate (node_modules/@storybook/core/dist/babel/index.cjs:142139:45)
      at Nv.parseMaybeUnary (node_modules/@storybook/core/dist/babel/index.cjs:142124:20)
      at Nv.parseMaybeUnary (node_modules/@storybook/core/dist/babel/index.cjs:141419:93)
      at Nv.parseMaybeUnaryOrPrivate (node_modules/@storybook/core/dist/babel/index.cjs:142032:63)
      at Nv.parseExprOps (node_modules/@storybook/core/dist/babel/index.cjs:142035:78)
      at Nv.parseMaybeConditional (node_modules/@storybook/core/dist/babel/index.cjs:142020:78)
      at Nv.parseMaybeAssign (node_modules/@storybook/core/dist/babel/index.cjs:142004:20)
      at Nv.parseMaybeAssign (node_modules/@storybook/core/dist/babel/index.cjs:141392:22)
      at node_modules/@storybook/core/dist/babel/index.cjs:141986:41
      at Nv.allowInAnd (node_modules/@storybook/core/dist/babel/index.cjs:142978:14)
      at Nv.parseMaybeAssignAllowIn (node_modules/@storybook/core/dist/babel/index.cjs:141986:19)
      at Nv.parseObjectProperty (node_modules/@storybook/core/dist/babel/index.cjs:142656:81)
      at Nv.parseObjPropValue (node_modules/@storybook/core/dist/babel/index.cjs:142671:61)
      at Nv.parseObjPropValue (node_modules/@storybook/core/dist/babel/index.cjs:141367:49)
      at Nv.parsePropertyDefinition (node_modules/@storybook/core/dist/babel/index.cjs:142632:19)
      at Nv.parseObjectLike (node_modules/@storybook/core/dist/babel/index.cjs:142596:57)
      at Nv.parseExprAtom (node_modules/@storybook/core/dist/babel/index.cjs:142302:23)
      at Nv.parseExprAtom (node_modules/@storybook/core/dist/babel/index.cjs:139667:45)
      at Nv.parseExprSubscripts (node_modules/@storybook/core/dist/babel/index.cjs:142149:78)
      at Nv.parseUpdate (node_modules/@storybook/core/dist/babel/index.cjs:142139:45)
      at Nv.parseMaybeUnary (node_modules/@storybook/core/dist/babel/index.cjs:142124:20)
      at Nv.parseMaybeUnary (node_modules/@storybook/core/dist/babel/index.cjs:141419:93)
      at Nv.parseMaybeUnaryOrPrivate (node_modules/@storybook/core/dist/babel/index.cjs:142032:63)
      at Nv.parseExprOps (node_modules/@storybook/core/dist/babel/index.cjs:142035:78)
      at Nv.parseMaybeConditional (node_modules/@storybook/core/dist/babel/index.cjs:142020:78)
      at Nv.parseMaybeAssign (node_modules/@storybook/core/dist/babel/index.cjs:142004:20)
      at Nv.parseMaybeAssign (node_modules/@storybook/core/dist/babel/index.cjs:141392:22)
      at node_modules/@storybook/core/dist/babel/index.cjs:141986:41
      at Nv.allowInAnd (node_modules/@storybook/core/dist/babel/index.cjs:142978:14)
      at Nv.parseMaybeAssignAllowIn (node_modules/@storybook/core/dist/babel/index.cjs:141986:19)
      at Nv.parseObjectProperty (node_modules/@storybook/core/dist/babel/index.cjs:142656:81)
      at Nv.parseObjPropValue (node_modules/@storybook/core/dist/babel/index.cjs:142671:61)
      If you are in development, this likely indicates a problem with your Storybook process,
      check the terminal for errors.
      If you are in a deployed Storybook, there may have been an issue deploying the full Storybook
      build.
      at constructor (node_modules/@storybook/core/dist/babel/index.cjs:134900:15)
      at Nv.raise (node_modules/@storybook/core/dist/babel/index.cjs:137217:54)
      at Nv.readWord1 (node_modules/@storybook/core/dist/babel/index.cjs:137193:18)
      at Nv.readWord (node_modules/@storybook/core/dist/babel/index.cjs:137205:20)
      at Nv.getTokenFromCode (node_modules/@storybook/core/dist/babel/index.cjs:137028:16)
      at Nv.getTokenFromCode (node_modules/@storybook/core/dist/babel/index.cjs:139696:13)
      at Nv.getTokenFromCode (node_modules/@storybook/core/dist/babel/index.cjs:141547:13)
      at Nv.nextToken (node_modules/@storybook/core/dist/babel/index.cjs:136654:12)
      at Nv.next (node_modules/@storybook/core/dist/babel/index.cjs:136586:62)
      at Nv.eat (node_modules/@storybook/core/dist/babel/index.cjs:136589:36)
      at Nv.parseObjectProperty (node_modules/@storybook/core/dist/babel/index.cjs:142655:34)
      at Nv.parseObjPropValue (node_modules/@storybook/core/dist/babel/index.cjs:142671:61)
      at Nv.parseObjPropValue (node_modules/@storybook/core/dist/babel/index.cjs:141367:49)
      at Nv.parsePropertyDefinition (node_modules/@storybook/core/dist/babel/index.cjs:142632:19)
      at Nv.parseObjectLike (node_modules/@storybook/core/dist/babel/index.cjs:142596:57)
      at Nv.parseExprAtom (node_modules/@storybook/core/dist/babel/index.cjs:142302:23)
      at Nv.parseExprAtom (node_modules/@storybook/core/dist/babel/index.cjs:139667:45)
      at Nv.parseExprSubscripts (node_modules/@storybook/core/dist/babel/index.cjs:142149:78)
      at Nv.parseUpdate (node_modules/@storybook/core/dist/babel/index.cjs:142139:45)
      at Nv.parseMaybeUnary (node_modules/@storybook/core/dist/babel/index.cjs:142124:20)
      at Nv.parseMaybeUnary (node_modules/@storybook/core/dist/babel/index.cjs:141419:93)
      at Nv.parseMaybeUnaryOrPrivate (node_modules/@storybook/core/dist/babel/index.cjs:142032:63)
      at Nv.parseExprOps (node_modules/@storybook/core/dist/babel/index.cjs:142035:78)
      at Nv.parseMaybeConditional (node_modules/@storybook/core/dist/babel/index.cjs:142020:78)
      at Nv.parseMaybeAssign (node_modules/@storybook/core/dist/babel/index.cjs:142004:20)
      at Nv.parseMaybeAssign (node_modules/@storybook/core/dist/babel/index.cjs:141392:22)
      at node_modules/@storybook/core/dist/babel/index.cjs:141986:41
      at Nv.allowInAnd (node_modules/@storybook/core/dist/babel/index.cjs:142978:14)
      at Nv.parseMaybeAssignAllowIn (node_modules/@storybook/core/dist/babel/index.cjs:141986:19)
      at Nv.parseObjectProperty (node_modules/@storybook/core/dist/babel/index.cjs:142656:81)
      at Nv.parseObjPropValue (node_modules/@storybook/core/dist/babel/index.cjs:142671:61)
      at Nv.parseObjPropValue (node_modules/@storybook/core/dist/babel/index.cjs:141367:49)
      at Nv.parsePropertyDefinition (node_modules/@storybook/core/dist/babel/index.cjs:142632:19)
      at Nv.parseObjectLike (node_modules/@storybook/core/dist/babel/index.cjs:142596:57)
      at Nv.parseExprAtom (node_modules/@storybook/core/dist/babel/index.cjs:142302:23)
      at Nv.parseExprAtom (node_modules/@storybook/core/dist/babel/index.cjs:139667:45)
      at Nv.parseExprSubscripts (node_modules/@storybook/core/dist/babel/index.cjs:142149:78)
      at Nv.parseUpdate (node_modules/@storybook/core/dist/babel/index.cjs:142139:45)
      at Nv.parseMaybeUnary (node_modules/@storybook/core/dist/babel/index.cjs:142124:20)
      at Nv.parseMaybeUnary (node_modules/@storybook/core/dist/babel/index.cjs:141419:93)
      at Nv.parseMaybeUnaryOrPrivate (node_modules/@storybook/core/dist/babel/index.cjs:142032:63)
      at Nv.parseExprOps (node_modules/@storybook/core/dist/babel/index.cjs:142035:78)
      at Nv.parseMaybeConditional (node_modules/@storybook/core/dist/babel/index.cjs:142020:78)
      at Nv.parseMaybeAssign (node_modules/@storybook/core/dist/babel/index.cjs:142004:20)
      at Nv.parseMaybeAssign (node_modules/@storybook/core/dist/babel/index.cjs:141392:22)
      at node_modules/@storybook/core/dist/babel/index.cjs:141986:41
      at Nv.allowInAnd (node_modules/@storybook/core/dist/babel/index.cjs:142978:14)
      at Nv.parseMaybeAssignAllowIn (node_modules/@storybook/core/dist/babel/index.cjs:141986:19)
      at Nv.parseObjectProperty (node_modules/@storybook/core/dist/babel/index.cjs:142656:81)
      at Nv.parseObjPropValue (node_modules/@storybook/core/dist/babel/index.cjs:142671:61)
      If you are in development, this likely indicates a problem with your Storybook process,
      check the terminal for errors.
      If you are in a deployed Storybook, there may have been an issue deploying the full Storybook
      build.
      at ns2.getStoryIndexFromServer (packages/components/http:/localhost:6007/packages/components/node_modules/.cache/storybook/1c3385a5d25e538d10b518b310c74d3ca2690b6aaffeadccd74da79736171f86/sb-vite/deps/storybook_internal_preview_runtime.js?v=b3da04b4:8624:11)
      at async ns2.initializeWithProjectAnnotations (packages/components/http:/localhost:6007/packages/components/node_modules/.cache/storybook/1c3385a5d25e538d10b518b310c74d3ca2690b6aaffeadccd74da79736171f86/sb-vite/deps/storybook_internal_preview_runtime.js?v=b3da04b4:8606:15)
      at async ns2.initialize (packages/components/http:/localhost:6007/packages/components/node_modules/.cache/storybook/1c3385a5d25e538d10b518b310c74d3ca2690b6aaffeadccd74da79736171f86/sb-vite/deps/storybook_internal_preview_runtime.js?v=b3da04b4:8581:39)

  ● Components/InputField › FormExample › smoke-test

    thrown: "Exceeded timeout of 30000 ms for a test.
    Add a timeout value to this test to increase the timeout, if this is a long-running test. See https://jestjs.io/docs/api#testname-fn-timeout."



      at packages/components/src/InputField/InputField.stories.tsx:1306:13
      at packages/components/src/InputField/InputField.stories.tsx:1305:9
      at Object.<anonymous> (packages/components/src/InputField/InputField.stories.tsx:128:5)

  ● Components/InputField › BestPractices › smoke-test

    SB_PREVIEW_API_0006 (StoryIndexFetchError): Error fetching `/index.json`:

    Unable to index ./src/Table/EnhancedTable.stories.tsx:
      SyntaxError: Expecting Unicode escape sequence \uXXXX. (1467:15)

      at constructor (node_modules/@storybook/core/dist/babel/index.cjs:134900:15)
      at Nv.raise (node_modules/@storybook/core/dist/babel/index.cjs:137217:54)
      at Nv.readWord1 (node_modules/@storybook/core/dist/babel/index.cjs:137193:18)
      at Nv.readWord (node_modules/@storybook/core/dist/babel/index.cjs:137205:20)
      at Nv.getTokenFromCode (node_modules/@storybook/core/dist/babel/index.cjs:137028:16)
      at Nv.getTokenFromCode (node_modules/@storybook/core/dist/babel/index.cjs:139696:13)
      at Nv.getTokenFromCode (node_modules/@storybook/core/dist/babel/index.cjs:141547:13)
      at Nv.nextToken (node_modules/@storybook/core/dist/babel/index.cjs:136654:12)
      at Nv.next (node_modules/@storybook/core/dist/babel/index.cjs:136586:62)
      at Nv.eat (node_modules/@storybook/core/dist/babel/index.cjs:136589:36)
      at Nv.parseObjectProperty (node_modules/@storybook/core/dist/babel/index.cjs:142655:34)
      at Nv.parseObjPropValue (node_modules/@storybook/core/dist/babel/index.cjs:142671:61)
      at Nv.parseObjPropValue (node_modules/@storybook/core/dist/babel/index.cjs:141367:49)
      at Nv.parsePropertyDefinition (node_modules/@storybook/core/dist/babel/index.cjs:142632:19)
      at Nv.parseObjectLike (node_modules/@storybook/core/dist/babel/index.cjs:142596:57)
      at Nv.parseExprAtom (node_modules/@storybook/core/dist/babel/index.cjs:142302:23)
      at Nv.parseExprAtom (node_modules/@storybook/core/dist/babel/index.cjs:139667:45)
      at Nv.parseExprSubscripts (node_modules/@storybook/core/dist/babel/index.cjs:142149:78)
      at Nv.parseUpdate (node_modules/@storybook/core/dist/babel/index.cjs:142139:45)
      at Nv.parseMaybeUnary (node_modules/@storybook/core/dist/babel/index.cjs:142124:20)
      at Nv.parseMaybeUnary (node_modules/@storybook/core/dist/babel/index.cjs:141419:93)
      at Nv.parseMaybeUnaryOrPrivate (node_modules/@storybook/core/dist/babel/index.cjs:142032:63)
      at Nv.parseExprOps (node_modules/@storybook/core/dist/babel/index.cjs:142035:78)
      at Nv.parseMaybeConditional (node_modules/@storybook/core/dist/babel/index.cjs:142020:78)
      at Nv.parseMaybeAssign (node_modules/@storybook/core/dist/babel/index.cjs:142004:20)
      at Nv.parseMaybeAssign (node_modules/@storybook/core/dist/babel/index.cjs:141392:22)
      at node_modules/@storybook/core/dist/babel/index.cjs:141986:41
      at Nv.allowInAnd (node_modules/@storybook/core/dist/babel/index.cjs:142978:14)
      at Nv.parseMaybeAssignAllowIn (node_modules/@storybook/core/dist/babel/index.cjs:141986:19)
      at Nv.parseObjectProperty (node_modules/@storybook/core/dist/babel/index.cjs:142656:81)
      at Nv.parseObjPropValue (node_modules/@storybook/core/dist/babel/index.cjs:142671:61)
      at Nv.parseObjPropValue (node_modules/@storybook/core/dist/babel/index.cjs:141367:49)
      at Nv.parsePropertyDefinition (node_modules/@storybook/core/dist/babel/index.cjs:142632:19)
      at Nv.parseObjectLike (node_modules/@storybook/core/dist/babel/index.cjs:142596:57)
      at Nv.parseExprAtom (node_modules/@storybook/core/dist/babel/index.cjs:142302:23)
      at Nv.parseExprAtom (node_modules/@storybook/core/dist/babel/index.cjs:139667:45)
      at Nv.parseExprSubscripts (node_modules/@storybook/core/dist/babel/index.cjs:142149:78)
      at Nv.parseUpdate (node_modules/@storybook/core/dist/babel/index.cjs:142139:45)
      at Nv.parseMaybeUnary (node_modules/@storybook/core/dist/babel/index.cjs:142124:20)
      at Nv.parseMaybeUnary (node_modules/@storybook/core/dist/babel/index.cjs:141419:93)
      at Nv.parseMaybeUnaryOrPrivate (node_modules/@storybook/core/dist/babel/index.cjs:142032:63)
      at Nv.parseExprOps (node_modules/@storybook/core/dist/babel/index.cjs:142035:78)
      at Nv.parseMaybeConditional (node_modules/@storybook/core/dist/babel/index.cjs:142020:78)
      at Nv.parseMaybeAssign (node_modules/@storybook/core/dist/babel/index.cjs:142004:20)
      at Nv.parseMaybeAssign (node_modules/@storybook/core/dist/babel/index.cjs:141392:22)
      at node_modules/@storybook/core/dist/babel/index.cjs:141986:41
      at Nv.allowInAnd (node_modules/@storybook/core/dist/babel/index.cjs:142978:14)
      at Nv.parseMaybeAssignAllowIn (node_modules/@storybook/core/dist/babel/index.cjs:141986:19)
      at Nv.parseObjectProperty (node_modules/@storybook/core/dist/babel/index.cjs:142656:81)
      at Nv.parseObjPropValue (node_modules/@storybook/core/dist/babel/index.cjs:142671:61)
      If you are in development, this likely indicates a problem with your Storybook process,
      check the terminal for errors.
      If you are in a deployed Storybook, there may have been an issue deploying the full Storybook
      build.
      at constructor (node_modules/@storybook/core/dist/babel/index.cjs:134900:15)
      at Nv.raise (node_modules/@storybook/core/dist/babel/index.cjs:137217:54)
      at Nv.readWord1 (node_modules/@storybook/core/dist/babel/index.cjs:137193:18)
      at Nv.readWord (node_modules/@storybook/core/dist/babel/index.cjs:137205:20)
      at Nv.getTokenFromCode (node_modules/@storybook/core/dist/babel/index.cjs:137028:16)
      at Nv.getTokenFromCode (node_modules/@storybook/core/dist/babel/index.cjs:139696:13)
      at Nv.getTokenFromCode (node_modules/@storybook/core/dist/babel/index.cjs:141547:13)
      at Nv.nextToken (node_modules/@storybook/core/dist/babel/index.cjs:136654:12)
      at Nv.next (node_modules/@storybook/core/dist/babel/index.cjs:136586:62)
      at Nv.eat (node_modules/@storybook/core/dist/babel/index.cjs:136589:36)
      at Nv.parseObjectProperty (node_modules/@storybook/core/dist/babel/index.cjs:142655:34)
      at Nv.parseObjPropValue (node_modules/@storybook/core/dist/babel/index.cjs:142671:61)
      at Nv.parseObjPropValue (node_modules/@storybook/core/dist/babel/index.cjs:141367:49)
      at Nv.parsePropertyDefinition (node_modules/@storybook/core/dist/babel/index.cjs:142632:19)
      at Nv.parseObjectLike (node_modules/@storybook/core/dist/babel/index.cjs:142596:57)
      at Nv.parseExprAtom (node_modules/@storybook/core/dist/babel/index.cjs:142302:23)
      at Nv.parseExprAtom (node_modules/@storybook/core/dist/babel/index.cjs:139667:45)
      at Nv.parseExprSubscripts (node_modules/@storybook/core/dist/babel/index.cjs:142149:78)
      at Nv.parseUpdate (node_modules/@storybook/core/dist/babel/index.cjs:142139:45)
      at Nv.parseMaybeUnary (node_modules/@storybook/core/dist/babel/index.cjs:142124:20)
      at Nv.parseMaybeUnary (node_modules/@storybook/core/dist/babel/index.cjs:141419:93)
      at Nv.parseMaybeUnaryOrPrivate (node_modules/@storybook/core/dist/babel/index.cjs:142032:63)
      at Nv.parseExprOps (node_modules/@storybook/core/dist/babel/index.cjs:142035:78)
      at Nv.parseMaybeConditional (node_modules/@storybook/core/dist/babel/index.cjs:142020:78)
      at Nv.parseMaybeAssign (node_modules/@storybook/core/dist/babel/index.cjs:142004:20)
      at Nv.parseMaybeAssign (node_modules/@storybook/core/dist/babel/index.cjs:141392:22)
      at node_modules/@storybook/core/dist/babel/index.cjs:141986:41
      at Nv.allowInAnd (node_modules/@storybook/core/dist/babel/index.cjs:142978:14)
      at Nv.parseMaybeAssignAllowIn (node_modules/@storybook/core/dist/babel/index.cjs:141986:19)
      at Nv.parseObjectProperty (node_modules/@storybook/core/dist/babel/index.cjs:142656:81)
      at Nv.parseObjPropValue (node_modules/@storybook/core/dist/babel/index.cjs:142671:61)
      at Nv.parseObjPropValue (node_modules/@storybook/core/dist/babel/index.cjs:141367:49)
      at Nv.parsePropertyDefinition (node_modules/@storybook/core/dist/babel/index.cjs:142632:19)
      at Nv.parseObjectLike (node_modules/@storybook/core/dist/babel/index.cjs:142596:57)
      at Nv.parseExprAtom (node_modules/@storybook/core/dist/babel/index.cjs:142302:23)
      at Nv.parseExprAtom (node_modules/@storybook/core/dist/babel/index.cjs:139667:45)
      at Nv.parseExprSubscripts (node_modules/@storybook/core/dist/babel/index.cjs:142149:78)
      at Nv.parseUpdate (node_modules/@storybook/core/dist/babel/index.cjs:142139:45)
      at Nv.parseMaybeUnary (node_modules/@storybook/core/dist/babel/index.cjs:142124:20)
      at Nv.parseMaybeUnary (node_modules/@storybook/core/dist/babel/index.cjs:141419:93)
      at Nv.parseMaybeUnaryOrPrivate (node_modules/@storybook/core/dist/babel/index.cjs:142032:63)
      at Nv.parseExprOps (node_modules/@storybook/core/dist/babel/index.cjs:142035:78)
      at Nv.parseMaybeConditional (node_modules/@storybook/core/dist/babel/index.cjs:142020:78)
      at Nv.parseMaybeAssign (node_modules/@storybook/core/dist/babel/index.cjs:142004:20)
      at Nv.parseMaybeAssign (node_modules/@storybook/core/dist/babel/index.cjs:141392:22)
      at node_modules/@storybook/core/dist/babel/index.cjs:141986:41
      at Nv.allowInAnd (node_modules/@storybook/core/dist/babel/index.cjs:142978:14)
      at Nv.parseMaybeAssignAllowIn (node_modules/@storybook/core/dist/babel/index.cjs:141986:19)
      at Nv.parseObjectProperty (node_modules/@storybook/core/dist/babel/index.cjs:142656:81)
      at Nv.parseObjPropValue (node_modules/@storybook/core/dist/babel/index.cjs:142671:61)
      If you are in development, this likely indicates a problem with your Storybook process,
      check the terminal for errors.
      If you are in a deployed Storybook, there may have been an issue deploying the full Storybook
      build.
      at ns2.getStoryIndexFromServer (packages/components/http:/localhost:6007/packages/components/node_modules/.cache/storybook/1c3385a5d25e538d10b518b310c74d3ca2690b6aaffeadccd74da79736171f86/sb-vite/deps/storybook_internal_preview_runtime.js?v=b3da04b4:8624:11)
      at async ns2.initializeWithProjectAnnotations (packages/components/http:/localhost:6007/packages/components/node_modules/.cache/storybook/1c3385a5d25e538d10b518b310c74d3ca2690b6aaffeadccd74da79736171f86/sb-vite/deps/storybook_internal_preview_runtime.js?v=b3da04b4:8606:15)
      at async ns2.initialize (packages/components/http:/localhost:6007/packages/components/node_modules/.cache/storybook/1c3385a5d25e538d10b518b310c74d3ca2690b6aaffeadccd74da79736171f86/sb-vite/deps/storybook_internal_preview_runtime.js?v=b3da04b4:8581:39)

  ● Components/InputField › BestPractices › smoke-test

    thrown: "Exceeded timeout of 30000 ms for a test.
    Add a timeout value to this test to increase the timeout, if this is a long-running test. See https://jestjs.io/docs/api#testname-fn-timeout."



      at packages/components/src/InputField/InputField.stories.tsx:1453:13
      at packages/components/src/InputField/InputField.stories.tsx:1452:9
      at Object.<anonymous> (packages/components/src/InputField/InputField.stories.tsx:128:5)

  ● Components/InputField › AllStates › smoke-test

    SB_PREVIEW_API_0006 (StoryIndexFetchError): Error fetching `/index.json`:

    Unable to index ./src/Table/EnhancedTable.stories.tsx:
      SyntaxError: Expecting Unicode escape sequence \uXXXX. (1467:15)

      at constructor (node_modules/@storybook/core/dist/babel/index.cjs:134900:15)
      at Nv.raise (node_modules/@storybook/core/dist/babel/index.cjs:137217:54)
      at Nv.readWord1 (node_modules/@storybook/core/dist/babel/index.cjs:137193:18)
      at Nv.readWord (node_modules/@storybook/core/dist/babel/index.cjs:137205:20)
      at Nv.getTokenFromCode (node_modules/@storybook/core/dist/babel/index.cjs:137028:16)
      at Nv.getTokenFromCode (node_modules/@storybook/core/dist/babel/index.cjs:139696:13)
      at Nv.getTokenFromCode (node_modules/@storybook/core/dist/babel/index.cjs:141547:13)
      at Nv.nextToken (node_modules/@storybook/core/dist/babel/index.cjs:136654:12)
      at Nv.next (node_modules/@storybook/core/dist/babel/index.cjs:136586:62)
      at Nv.eat (node_modules/@storybook/core/dist/babel/index.cjs:136589:36)
      at Nv.parseObjectProperty (node_modules/@storybook/core/dist/babel/index.cjs:142655:34)
      at Nv.parseObjPropValue (node_modules/@storybook/core/dist/babel/index.cjs:142671:61)
      at Nv.parseObjPropValue (node_modules/@storybook/core/dist/babel/index.cjs:141367:49)
      at Nv.parsePropertyDefinition (node_modules/@storybook/core/dist/babel/index.cjs:142632:19)
      at Nv.parseObjectLike (node_modules/@storybook/core/dist/babel/index.cjs:142596:57)
      at Nv.parseExprAtom (node_modules/@storybook/core/dist/babel/index.cjs:142302:23)
      at Nv.parseExprAtom (node_modules/@storybook/core/dist/babel/index.cjs:139667:45)
      at Nv.parseExprSubscripts (node_modules/@storybook/core/dist/babel/index.cjs:142149:78)
      at Nv.parseUpdate (node_modules/@storybook/core/dist/babel/index.cjs:142139:45)
      at Nv.parseMaybeUnary (node_modules/@storybook/core/dist/babel/index.cjs:142124:20)
      at Nv.parseMaybeUnary (node_modules/@storybook/core/dist/babel/index.cjs:141419:93)
      at Nv.parseMaybeUnaryOrPrivate (node_modules/@storybook/core/dist/babel/index.cjs:142032:63)
      at Nv.parseExprOps (node_modules/@storybook/core/dist/babel/index.cjs:142035:78)
      at Nv.parseMaybeConditional (node_modules/@storybook/core/dist/babel/index.cjs:142020:78)
      at Nv.parseMaybeAssign (node_modules/@storybook/core/dist/babel/index.cjs:142004:20)
      at Nv.parseMaybeAssign (node_modules/@storybook/core/dist/babel/index.cjs:141392:22)
      at node_modules/@storybook/core/dist/babel/index.cjs:141986:41
      at Nv.allowInAnd (node_modules/@storybook/core/dist/babel/index.cjs:142978:14)
      at Nv.parseMaybeAssignAllowIn (node_modules/@storybook/core/dist/babel/index.cjs:141986:19)
      at Nv.parseObjectProperty (node_modules/@storybook/core/dist/babel/index.cjs:142656:81)
      at Nv.parseObjPropValue (node_modules/@storybook/core/dist/babel/index.cjs:142671:61)
      at Nv.parseObjPropValue (node_modules/@storybook/core/dist/babel/index.cjs:141367:49)
      at Nv.parsePropertyDefinition (node_modules/@storybook/core/dist/babel/index.cjs:142632:19)
      at Nv.parseObjectLike (node_modules/@storybook/core/dist/babel/index.cjs:142596:57)
      at Nv.parseExprAtom (node_modules/@storybook/core/dist/babel/index.cjs:142302:23)
      at Nv.parseExprAtom (node_modules/@storybook/core/dist/babel/index.cjs:139667:45)
      at Nv.parseExprSubscripts (node_modules/@storybook/core/dist/babel/index.cjs:142149:78)
      at Nv.parseUpdate (node_modules/@storybook/core/dist/babel/index.cjs:142139:45)
      at Nv.parseMaybeUnary (node_modules/@storybook/core/dist/babel/index.cjs:142124:20)
      at Nv.parseMaybeUnary (node_modules/@storybook/core/dist/babel/index.cjs:141419:93)
      at Nv.parseMaybeUnaryOrPrivate (node_modules/@storybook/core/dist/babel/index.cjs:142032:63)
      at Nv.parseExprOps (node_modules/@storybook/core/dist/babel/index.cjs:142035:78)
      at Nv.parseMaybeConditional (node_modules/@storybook/core/dist/babel/index.cjs:142020:78)
      at Nv.parseMaybeAssign (node_modules/@storybook/core/dist/babel/index.cjs:142004:20)
      at Nv.parseMaybeAssign (node_modules/@storybook/core/dist/babel/index.cjs:141392:22)
      at node_modules/@storybook/core/dist/babel/index.cjs:141986:41
      at Nv.allowInAnd (node_modules/@storybook/core/dist/babel/index.cjs:142978:14)
      at Nv.parseMaybeAssignAllowIn (node_modules/@storybook/core/dist/babel/index.cjs:141986:19)
      at Nv.parseObjectProperty (node_modules/@storybook/core/dist/babel/index.cjs:142656:81)
      at Nv.parseObjPropValue (node_modules/@storybook/core/dist/babel/index.cjs:142671:61)
      If you are in development, this likely indicates a problem with your Storybook process,
      check the terminal for errors.
      If you are in a deployed Storybook, there may have been an issue deploying the full Storybook
      build.
      at constructor (node_modules/@storybook/core/dist/babel/index.cjs:134900:15)
      at Nv.raise (node_modules/@storybook/core/dist/babel/index.cjs:137217:54)
      at Nv.readWord1 (node_modules/@storybook/core/dist/babel/index.cjs:137193:18)
      at Nv.readWord (node_modules/@storybook/core/dist/babel/index.cjs:137205:20)
      at Nv.getTokenFromCode (node_modules/@storybook/core/dist/babel/index.cjs:137028:16)
      at Nv.getTokenFromCode (node_modules/@storybook/core/dist/babel/index.cjs:139696:13)
      at Nv.getTokenFromCode (node_modules/@storybook/core/dist/babel/index.cjs:141547:13)
      at Nv.nextToken (node_modules/@storybook/core/dist/babel/index.cjs:136654:12)
      at Nv.next (node_modules/@storybook/core/dist/babel/index.cjs:136586:62)
      at Nv.eat (node_modules/@storybook/core/dist/babel/index.cjs:136589:36)
      at Nv.parseObjectProperty (node_modules/@storybook/core/dist/babel/index.cjs:142655:34)
      at Nv.parseObjPropValue (node_modules/@storybook/core/dist/babel/index.cjs:142671:61)
      at Nv.parseObjPropValue (node_modules/@storybook/core/dist/babel/index.cjs:141367:49)
      at Nv.parsePropertyDefinition (node_modules/@storybook/core/dist/babel/index.cjs:142632:19)
      at Nv.parseObjectLike (node_modules/@storybook/core/dist/babel/index.cjs:142596:57)
      at Nv.parseExprAtom (node_modules/@storybook/core/dist/babel/index.cjs:142302:23)
      at Nv.parseExprAtom (node_modules/@storybook/core/dist/babel/index.cjs:139667:45)
      at Nv.parseExprSubscripts (node_modules/@storybook/core/dist/babel/index.cjs:142149:78)
      at Nv.parseUpdate (node_modules/@storybook/core/dist/babel/index.cjs:142139:45)
      at Nv.parseMaybeUnary (node_modules/@storybook/core/dist/babel/index.cjs:142124:20)
      at Nv.parseMaybeUnary (node_modules/@storybook/core/dist/babel/index.cjs:141419:93)
      at Nv.parseMaybeUnaryOrPrivate (node_modules/@storybook/core/dist/babel/index.cjs:142032:63)
      at Nv.parseExprOps (node_modules/@storybook/core/dist/babel/index.cjs:142035:78)
      at Nv.parseMaybeConditional (node_modules/@storybook/core/dist/babel/index.cjs:142020:78)
      at Nv.parseMaybeAssign (node_modules/@storybook/core/dist/babel/index.cjs:142004:20)
      at Nv.parseMaybeAssign (node_modules/@storybook/core/dist/babel/index.cjs:141392:22)
      at node_modules/@storybook/core/dist/babel/index.cjs:141986:41
      at Nv.allowInAnd (node_modules/@storybook/core/dist/babel/index.cjs:142978:14)
      at Nv.parseMaybeAssignAllowIn (node_modules/@storybook/core/dist/babel/index.cjs:141986:19)
      at Nv.parseObjectProperty (node_modules/@storybook/core/dist/babel/index.cjs:142656:81)
      at Nv.parseObjPropValue (node_modules/@storybook/core/dist/babel/index.cjs:142671:61)
      at Nv.parseObjPropValue (node_modules/@storybook/core/dist/babel/index.cjs:141367:49)
      at Nv.parsePropertyDefinition (node_modules/@storybook/core/dist/babel/index.cjs:142632:19)
      at Nv.parseObjectLike (node_modules/@storybook/core/dist/babel/index.cjs:142596:57)
      at Nv.parseExprAtom (node_modules/@storybook/core/dist/babel/index.cjs:142302:23)
      at Nv.parseExprAtom (node_modules/@storybook/core/dist/babel/index.cjs:139667:45)
      at Nv.parseExprSubscripts (node_modules/@storybook/core/dist/babel/index.cjs:142149:78)
      at Nv.parseUpdate (node_modules/@storybook/core/dist/babel/index.cjs:142139:45)
      at Nv.parseMaybeUnary (node_modules/@storybook/core/dist/babel/index.cjs:142124:20)
      at Nv.parseMaybeUnary (node_modules/@storybook/core/dist/babel/index.cjs:141419:93)
      at Nv.parseMaybeUnaryOrPrivate (node_modules/@storybook/core/dist/babel/index.cjs:142032:63)
      at Nv.parseExprOps (node_modules/@storybook/core/dist/babel/index.cjs:142035:78)
      at Nv.parseMaybeConditional (node_modules/@storybook/core/dist/babel/index.cjs:142020:78)
      at Nv.parseMaybeAssign (node_modules/@storybook/core/dist/babel/index.cjs:142004:20)
      at Nv.parseMaybeAssign (node_modules/@storybook/core/dist/babel/index.cjs:141392:22)
      at node_modules/@storybook/core/dist/babel/index.cjs:141986:41
      at Nv.allowInAnd (node_modules/@storybook/core/dist/babel/index.cjs:142978:14)
      at Nv.parseMaybeAssignAllowIn (node_modules/@storybook/core/dist/babel/index.cjs:141986:19)
      at Nv.parseObjectProperty (node_modules/@storybook/core/dist/babel/index.cjs:142656:81)
      at Nv.parseObjPropValue (node_modules/@storybook/core/dist/babel/index.cjs:142671:61)
      If you are in development, this likely indicates a problem with your Storybook process,
      check the terminal for errors.
      If you are in a deployed Storybook, there may have been an issue deploying the full Storybook
      build.
      at ns2.getStoryIndexFromServer (packages/components/http:/localhost:6007/packages/components/node_modules/.cache/storybook/1c3385a5d25e538d10b518b310c74d3ca2690b6aaffeadccd74da79736171f86/sb-vite/deps/storybook_internal_preview_runtime.js?v=b3da04b4:8624:11)
      at async ns2.initializeWithProjectAnnotations (packages/components/http:/localhost:6007/packages/components/node_modules/.cache/storybook/1c3385a5d25e538d10b518b310c74d3ca2690b6aaffeadccd74da79736171f86/sb-vite/deps/storybook_internal_preview_runtime.js?v=b3da04b4:8606:15)
      at async ns2.initialize (packages/components/http:/localhost:6007/packages/components/node_modules/.cache/storybook/1c3385a5d25e538d10b518b310c74d3ca2690b6aaffeadccd74da79736171f86/sb-vite/deps/storybook_internal_preview_runtime.js?v=b3da04b4:8581:39)

  ● Components/InputField › AllStates › smoke-test

    thrown: "Exceeded timeout of 30000 ms for a test.
    Add a timeout value to this test to increase the timeout, if this is a long-running test. See https://jestjs.io/docs/api#testname-fn-timeout."



      at packages/components/src/InputField/InputField.stories.tsx:1600:13
      at packages/components/src/InputField/InputField.stories.tsx:1599:9
      at Object.<anonymous> (packages/components/src/InputField/InputField.stories.tsx:128:5)

  ● Components/InputField › AllSizes › smoke-test

    SB_PREVIEW_API_0006 (StoryIndexFetchError): Error fetching `/index.json`:

    Unable to index ./src/Table/EnhancedTable.stories.tsx:
      SyntaxError: Expecting Unicode escape sequence \uXXXX. (1467:15)

      at constructor (node_modules/@storybook/core/dist/babel/index.cjs:134900:15)
      at Nv.raise (node_modules/@storybook/core/dist/babel/index.cjs:137217:54)
      at Nv.readWord1 (node_modules/@storybook/core/dist/babel/index.cjs:137193:18)
      at Nv.readWord (node_modules/@storybook/core/dist/babel/index.cjs:137205:20)
      at Nv.getTokenFromCode (node_modules/@storybook/core/dist/babel/index.cjs:137028:16)
      at Nv.getTokenFromCode (node_modules/@storybook/core/dist/babel/index.cjs:139696:13)
      at Nv.getTokenFromCode (node_modules/@storybook/core/dist/babel/index.cjs:141547:13)
      at Nv.nextToken (node_modules/@storybook/core/dist/babel/index.cjs:136654:12)
      at Nv.next (node_modules/@storybook/core/dist/babel/index.cjs:136586:62)
      at Nv.eat (node_modules/@storybook/core/dist/babel/index.cjs:136589:36)
      at Nv.parseObjectProperty (node_modules/@storybook/core/dist/babel/index.cjs:142655:34)
      at Nv.parseObjPropValue (node_modules/@storybook/core/dist/babel/index.cjs:142671:61)
      at Nv.parseObjPropValue (node_modules/@storybook/core/dist/babel/index.cjs:141367:49)
      at Nv.parsePropertyDefinition (node_modules/@storybook/core/dist/babel/index.cjs:142632:19)
      at Nv.parseObjectLike (node_modules/@storybook/core/dist/babel/index.cjs:142596:57)
      at Nv.parseExprAtom (node_modules/@storybook/core/dist/babel/index.cjs:142302:23)
      at Nv.parseExprAtom (node_modules/@storybook/core/dist/babel/index.cjs:139667:45)
      at Nv.parseExprSubscripts (node_modules/@storybook/core/dist/babel/index.cjs:142149:78)
      at Nv.parseUpdate (node_modules/@storybook/core/dist/babel/index.cjs:142139:45)
      at Nv.parseMaybeUnary (node_modules/@storybook/core/dist/babel/index.cjs:142124:20)
      at Nv.parseMaybeUnary (node_modules/@storybook/core/dist/babel/index.cjs:141419:93)
      at Nv.parseMaybeUnaryOrPrivate (node_modules/@storybook/core/dist/babel/index.cjs:142032:63)
      at Nv.parseExprOps (node_modules/@storybook/core/dist/babel/index.cjs:142035:78)
      at Nv.parseMaybeConditional (node_modules/@storybook/core/dist/babel/index.cjs:142020:78)
      at Nv.parseMaybeAssign (node_modules/@storybook/core/dist/babel/index.cjs:142004:20)
      at Nv.parseMaybeAssign (node_modules/@storybook/core/dist/babel/index.cjs:141392:22)
      at node_modules/@storybook/core/dist/babel/index.cjs:141986:41
      at Nv.allowInAnd (node_modules/@storybook/core/dist/babel/index.cjs:142978:14)
      at Nv.parseMaybeAssignAllowIn (node_modules/@storybook/core/dist/babel/index.cjs:141986:19)
      at Nv.parseObjectProperty (node_modules/@storybook/core/dist/babel/index.cjs:142656:81)
      at Nv.parseObjPropValue (node_modules/@storybook/core/dist/babel/index.cjs:142671:61)
      at Nv.parseObjPropValue (node_modules/@storybook/core/dist/babel/index.cjs:141367:49)
      at Nv.parsePropertyDefinition (node_modules/@storybook/core/dist/babel/index.cjs:142632:19)
      at Nv.parseObjectLike (node_modules/@storybook/core/dist/babel/index.cjs:142596:57)
      at Nv.parseExprAtom (node_modules/@storybook/core/dist/babel/index.cjs:142302:23)
      at Nv.parseExprAtom (node_modules/@storybook/core/dist/babel/index.cjs:139667:45)
      at Nv.parseExprSubscripts (node_modules/@storybook/core/dist/babel/index.cjs:142149:78)
      at Nv.parseUpdate (node_modules/@storybook/core/dist/babel/index.cjs:142139:45)
      at Nv.parseMaybeUnary (node_modules/@storybook/core/dist/babel/index.cjs:142124:20)
      at Nv.parseMaybeUnary (node_modules/@storybook/core/dist/babel/index.cjs:141419:93)
      at Nv.parseMaybeUnaryOrPrivate (node_modules/@storybook/core/dist/babel/index.cjs:142032:63)
      at Nv.parseExprOps (node_modules/@storybook/core/dist/babel/index.cjs:142035:78)
      at Nv.parseMaybeConditional (node_modules/@storybook/core/dist/babel/index.cjs:142020:78)
      at Nv.parseMaybeAssign (node_modules/@storybook/core/dist/babel/index.cjs:142004:20)
      at Nv.parseMaybeAssign (node_modules/@storybook/core/dist/babel/index.cjs:141392:22)
      at node_modules/@storybook/core/dist/babel/index.cjs:141986:41
      at Nv.allowInAnd (node_modules/@storybook/core/dist/babel/index.cjs:142978:14)
      at Nv.parseMaybeAssignAllowIn (node_modules/@storybook/core/dist/babel/index.cjs:141986:19)
      at Nv.parseObjectProperty (node_modules/@storybook/core/dist/babel/index.cjs:142656:81)
      at Nv.parseObjPropValue (node_modules/@storybook/core/dist/babel/index.cjs:142671:61)
      If you are in development, this likely indicates a problem with your Storybook process,
      check the terminal for errors.
      If you are in a deployed Storybook, there may have been an issue deploying the full Storybook
      build.
      at constructor (node_modules/@storybook/core/dist/babel/index.cjs:134900:15)
      at Nv.raise (node_modules/@storybook/core/dist/babel/index.cjs:137217:54)
      at Nv.readWord1 (node_modules/@storybook/core/dist/babel/index.cjs:137193:18)
      at Nv.readWord (node_modules/@storybook/core/dist/babel/index.cjs:137205:20)
      at Nv.getTokenFromCode (node_modules/@storybook/core/dist/babel/index.cjs:137028:16)
      at Nv.getTokenFromCode (node_modules/@storybook/core/dist/babel/index.cjs:139696:13)
      at Nv.getTokenFromCode (node_modules/@storybook/core/dist/babel/index.cjs:141547:13)
      at Nv.nextToken (node_modules/@storybook/core/dist/babel/index.cjs:136654:12)
      at Nv.next (node_modules/@storybook/core/dist/babel/index.cjs:136586:62)
      at Nv.eat (node_modules/@storybook/core/dist/babel/index.cjs:136589:36)
      at Nv.parseObjectProperty (node_modules/@storybook/core/dist/babel/index.cjs:142655:34)
      at Nv.parseObjPropValue (node_modules/@storybook/core/dist/babel/index.cjs:142671:61)
      at Nv.parseObjPropValue (node_modules/@storybook/core/dist/babel/index.cjs:141367:49)
      at Nv.parsePropertyDefinition (node_modules/@storybook/core/dist/babel/index.cjs:142632:19)
      at Nv.parseObjectLike (node_modules/@storybook/core/dist/babel/index.cjs:142596:57)
      at Nv.parseExprAtom (node_modules/@storybook/core/dist/babel/index.cjs:142302:23)
      at Nv.parseExprAtom (node_modules/@storybook/core/dist/babel/index.cjs:139667:45)
      at Nv.parseExprSubscripts (node_modules/@storybook/core/dist/babel/index.cjs:142149:78)
      at Nv.parseUpdate (node_modules/@storybook/core/dist/babel/index.cjs:142139:45)
      at Nv.parseMaybeUnary (node_modules/@storybook/core/dist/babel/index.cjs:142124:20)
      at Nv.parseMaybeUnary (node_modules/@storybook/core/dist/babel/index.cjs:141419:93)
      at Nv.parseMaybeUnaryOrPrivate (node_modules/@storybook/core/dist/babel/index.cjs:142032:63)
      at Nv.parseExprOps (node_modules/@storybook/core/dist/babel/index.cjs:142035:78)
      at Nv.parseMaybeConditional (node_modules/@storybook/core/dist/babel/index.cjs:142020:78)
      at Nv.parseMaybeAssign (node_modules/@storybook/core/dist/babel/index.cjs:142004:20)
      at Nv.parseMaybeAssign (node_modules/@storybook/core/dist/babel/index.cjs:141392:22)
      at node_modules/@storybook/core/dist/babel/index.cjs:141986:41
      at Nv.allowInAnd (node_modules/@storybook/core/dist/babel/index.cjs:142978:14)
      at Nv.parseMaybeAssignAllowIn (node_modules/@storybook/core/dist/babel/index.cjs:141986:19)
      at Nv.parseObjectProperty (node_modules/@storybook/core/dist/babel/index.cjs:142656:81)
      at Nv.parseObjPropValue (node_modules/@storybook/core/dist/babel/index.cjs:142671:61)
      at Nv.parseObjPropValue (node_modules/@storybook/core/dist/babel/index.cjs:141367:49)
      at Nv.parsePropertyDefinition (node_modules/@storybook/core/dist/babel/index.cjs:142632:19)
      at Nv.parseObjectLike (node_modules/@storybook/core/dist/babel/index.cjs:142596:57)
      at Nv.parseExprAtom (node_modules/@storybook/core/dist/babel/index.cjs:142302:23)
      at Nv.parseExprAtom (node_modules/@storybook/core/dist/babel/index.cjs:139667:45)
      at Nv.parseExprSubscripts (node_modules/@storybook/core/dist/babel/index.cjs:142149:78)
      at Nv.parseUpdate (node_modules/@storybook/core/dist/babel/index.cjs:142139:45)
      at Nv.parseMaybeUnary (node_modules/@storybook/core/dist/babel/index.cjs:142124:20)
      at Nv.parseMaybeUnary (node_modules/@storybook/core/dist/babel/index.cjs:141419:93)
      at Nv.parseMaybeUnaryOrPrivate (node_modules/@storybook/core/dist/babel/index.cjs:142032:63)
      at Nv.parseExprOps (node_modules/@storybook/core/dist/babel/index.cjs:142035:78)
      at Nv.parseMaybeConditional (node_modules/@storybook/core/dist/babel/index.cjs:142020:78)
      at Nv.parseMaybeAssign (node_modules/@storybook/core/dist/babel/index.cjs:142004:20)
      at Nv.parseMaybeAssign (node_modules/@storybook/core/dist/babel/index.cjs:141392:22)
      at node_modules/@storybook/core/dist/babel/index.cjs:141986:41
      at Nv.allowInAnd (node_modules/@storybook/core/dist/babel/index.cjs:142978:14)
      at Nv.parseMaybeAssignAllowIn (node_modules/@storybook/core/dist/babel/index.cjs:141986:19)
      at Nv.parseObjectProperty (node_modules/@storybook/core/dist/babel/index.cjs:142656:81)
      at Nv.parseObjPropValue (node_modules/@storybook/core/dist/babel/index.cjs:142671:61)
      If you are in development, this likely indicates a problem with your Storybook process,
      check the terminal for errors.
      If you are in a deployed Storybook, there may have been an issue deploying the full Storybook
      build.
      at ns2.getStoryIndexFromServer (packages/components/http:/localhost:6007/packages/components/node_modules/.cache/storybook/1c3385a5d25e538d10b518b310c74d3ca2690b6aaffeadccd74da79736171f86/sb-vite/deps/storybook_internal_preview_runtime.js?v=b3da04b4:8624:11)
      at async ns2.initializeWithProjectAnnotations (packages/components/http:/localhost:6007/packages/components/node_modules/.cache/storybook/1c3385a5d25e538d10b518b310c74d3ca2690b6aaffeadccd74da79736171f86/sb-vite/deps/storybook_internal_preview_runtime.js?v=b3da04b4:8606:15)
      at async ns2.initialize (packages/components/http:/localhost:6007/packages/components/node_modules/.cache/storybook/1c3385a5d25e538d10b518b310c74d3ca2690b6aaffeadccd74da79736171f86/sb-vite/deps/storybook_internal_preview_runtime.js?v=b3da04b4:8581:39)

  ● Components/InputField › AllSizes › smoke-test

    thrown: "Exceeded timeout of 30000 ms for a test.
    Add a timeout value to this test to increase the timeout, if this is a long-running test. See https://jestjs.io/docs/api#testname-fn-timeout."



      at packages/components/src/InputField/InputField.stories.tsx:1747:13
      at packages/components/src/InputField/InputField.stories.tsx:1746:9
      at Object.<anonymous> (packages/components/src/InputField/InputField.stories.tsx:128:5)

  ● Components/InputField › LoadingState › smoke-test

    SB_PREVIEW_API_0006 (StoryIndexFetchError): Error fetching `/index.json`:

    Unable to index ./src/Table/EnhancedTable.stories.tsx:
      SyntaxError: Expecting Unicode escape sequence \uXXXX. (1467:15)

      at constructor (node_modules/@storybook/core/dist/babel/index.cjs:134900:15)
      at Nv.raise (node_modules/@storybook/core/dist/babel/index.cjs:137217:54)
      at Nv.readWord1 (node_modules/@storybook/core/dist/babel/index.cjs:137193:18)
      at Nv.readWord (node_modules/@storybook/core/dist/babel/index.cjs:137205:20)
      at Nv.getTokenFromCode (node_modules/@storybook/core/dist/babel/index.cjs:137028:16)
      at Nv.getTokenFromCode (node_modules/@storybook/core/dist/babel/index.cjs:139696:13)
      at Nv.getTokenFromCode (node_modules/@storybook/core/dist/babel/index.cjs:141547:13)
      at Nv.nextToken (node_modules/@storybook/core/dist/babel/index.cjs:136654:12)
      at Nv.next (node_modules/@storybook/core/dist/babel/index.cjs:136586:62)
      at Nv.eat (node_modules/@storybook/core/dist/babel/index.cjs:136589:36)
      at Nv.parseObjectProperty (node_modules/@storybook/core/dist/babel/index.cjs:142655:34)
      at Nv.parseObjPropValue (node_modules/@storybook/core/dist/babel/index.cjs:142671:61)
      at Nv.parseObjPropValue (node_modules/@storybook/core/dist/babel/index.cjs:141367:49)
      at Nv.parsePropertyDefinition (node_modules/@storybook/core/dist/babel/index.cjs:142632:19)
      at Nv.parseObjectLike (node_modules/@storybook/core/dist/babel/index.cjs:142596:57)
      at Nv.parseExprAtom (node_modules/@storybook/core/dist/babel/index.cjs:142302:23)
      at Nv.parseExprAtom (node_modules/@storybook/core/dist/babel/index.cjs:139667:45)
      at Nv.parseExprSubscripts (node_modules/@storybook/core/dist/babel/index.cjs:142149:78)
      at Nv.parseUpdate (node_modules/@storybook/core/dist/babel/index.cjs:142139:45)
      at Nv.parseMaybeUnary (node_modules/@storybook/core/dist/babel/index.cjs:142124:20)
      at Nv.parseMaybeUnary (node_modules/@storybook/core/dist/babel/index.cjs:141419:93)
      at Nv.parseMaybeUnaryOrPrivate (node_modules/@storybook/core/dist/babel/index.cjs:142032:63)
      at Nv.parseExprOps (node_modules/@storybook/core/dist/babel/index.cjs:142035:78)
      at Nv.parseMaybeConditional (node_modules/@storybook/core/dist/babel/index.cjs:142020:78)
      at Nv.parseMaybeAssign (node_modules/@storybook/core/dist/babel/index.cjs:142004:20)
      at Nv.parseMaybeAssign (node_modules/@storybook/core/dist/babel/index.cjs:141392:22)
      at node_modules/@storybook/core/dist/babel/index.cjs:141986:41
      at Nv.allowInAnd (node_modules/@storybook/core/dist/babel/index.cjs:142978:14)
      at Nv.parseMaybeAssignAllowIn (node_modules/@storybook/core/dist/babel/index.cjs:141986:19)
      at Nv.parseObjectProperty (node_modules/@storybook/core/dist/babel/index.cjs:142656:81)
      at Nv.parseObjPropValue (node_modules/@storybook/core/dist/babel/index.cjs:142671:61)
      at Nv.parseObjPropValue (node_modules/@storybook/core/dist/babel/index.cjs:141367:49)
      at Nv.parsePropertyDefinition (node_modules/@storybook/core/dist/babel/index.cjs:142632:19)
      at Nv.parseObjectLike (node_modules/@storybook/core/dist/babel/index.cjs:142596:57)
      at Nv.parseExprAtom (node_modules/@storybook/core/dist/babel/index.cjs:142302:23)
      at Nv.parseExprAtom (node_modules/@storybook/core/dist/babel/index.cjs:139667:45)
      at Nv.parseExprSubscripts (node_modules/@storybook/core/dist/babel/index.cjs:142149:78)
      at Nv.parseUpdate (node_modules/@storybook/core/dist/babel/index.cjs:142139:45)
      at Nv.parseMaybeUnary (node_modules/@storybook/core/dist/babel/index.cjs:142124:20)
      at Nv.parseMaybeUnary (node_modules/@storybook/core/dist/babel/index.cjs:141419:93)
      at Nv.parseMaybeUnaryOrPrivate (node_modules/@storybook/core/dist/babel/index.cjs:142032:63)
      at Nv.parseExprOps (node_modules/@storybook/core/dist/babel/index.cjs:142035:78)
      at Nv.parseMaybeConditional (node_modules/@storybook/core/dist/babel/index.cjs:142020:78)
      at Nv.parseMaybeAssign (node_modules/@storybook/core/dist/babel/index.cjs:142004:20)
      at Nv.parseMaybeAssign (node_modules/@storybook/core/dist/babel/index.cjs:141392:22)
      at node_modules/@storybook/core/dist/babel/index.cjs:141986:41
      at Nv.allowInAnd (node_modules/@storybook/core/dist/babel/index.cjs:142978:14)
      at Nv.parseMaybeAssignAllowIn (node_modules/@storybook/core/dist/babel/index.cjs:141986:19)
      at Nv.parseObjectProperty (node_modules/@storybook/core/dist/babel/index.cjs:142656:81)
      at Nv.parseObjPropValue (node_modules/@storybook/core/dist/babel/index.cjs:142671:61)
      If you are in development, this likely indicates a problem with your Storybook process,
      check the terminal for errors.
      If you are in a deployed Storybook, there may have been an issue deploying the full Storybook
      build.
      at constructor (node_modules/@storybook/core/dist/babel/index.cjs:134900:15)
      at Nv.raise (node_modules/@storybook/core/dist/babel/index.cjs:137217:54)
      at Nv.readWord1 (node_modules/@storybook/core/dist/babel/index.cjs:137193:18)
      at Nv.readWord (node_modules/@storybook/core/dist/babel/index.cjs:137205:20)
      at Nv.getTokenFromCode (node_modules/@storybook/core/dist/babel/index.cjs:137028:16)
      at Nv.getTokenFromCode (node_modules/@storybook/core/dist/babel/index.cjs:139696:13)
      at Nv.getTokenFromCode (node_modules/@storybook/core/dist/babel/index.cjs:141547:13)
      at Nv.nextToken (node_modules/@storybook/core/dist/babel/index.cjs:136654:12)
      at Nv.next (node_modules/@storybook/core/dist/babel/index.cjs:136586:62)
      at Nv.eat (node_modules/@storybook/core/dist/babel/index.cjs:136589:36)
      at Nv.parseObjectProperty (node_modules/@storybook/core/dist/babel/index.cjs:142655:34)
      at Nv.parseObjPropValue (node_modules/@storybook/core/dist/babel/index.cjs:142671:61)
      at Nv.parseObjPropValue (node_modules/@storybook/core/dist/babel/index.cjs:141367:49)
      at Nv.parsePropertyDefinition (node_modules/@storybook/core/dist/babel/index.cjs:142632:19)
      at Nv.parseObjectLike (node_modules/@storybook/core/dist/babel/index.cjs:142596:57)
      at Nv.parseExprAtom (node_modules/@storybook/core/dist/babel/index.cjs:142302:23)
      at Nv.parseExprAtom (node_modules/@storybook/core/dist/babel/index.cjs:139667:45)
      at Nv.parseExprSubscripts (node_modules/@storybook/core/dist/babel/index.cjs:142149:78)
      at Nv.parseUpdate (node_modules/@storybook/core/dist/babel/index.cjs:142139:45)
      at Nv.parseMaybeUnary (node_modules/@storybook/core/dist/babel/index.cjs:142124:20)
      at Nv.parseMaybeUnary (node_modules/@storybook/core/dist/babel/index.cjs:141419:93)
      at Nv.parseMaybeUnaryOrPrivate (node_modules/@storybook/core/dist/babel/index.cjs:142032:63)
      at Nv.parseExprOps (node_modules/@storybook/core/dist/babel/index.cjs:142035:78)
      at Nv.parseMaybeConditional (node_modules/@storybook/core/dist/babel/index.cjs:142020:78)
      at Nv.parseMaybeAssign (node_modules/@storybook/core/dist/babel/index.cjs:142004:20)
      at Nv.parseMaybeAssign (node_modules/@storybook/core/dist/babel/index.cjs:141392:22)
      at node_modules/@storybook/core/dist/babel/index.cjs:141986:41
      at Nv.allowInAnd (node_modules/@storybook/core/dist/babel/index.cjs:142978:14)
      at Nv.parseMaybeAssignAllowIn (node_modules/@storybook/core/dist/babel/index.cjs:141986:19)
      at Nv.parseObjectProperty (node_modules/@storybook/core/dist/babel/index.cjs:142656:81)
      at Nv.parseObjPropValue (node_modules/@storybook/core/dist/babel/index.cjs:142671:61)
      at Nv.parseObjPropValue (node_modules/@storybook/core/dist/babel/index.cjs:141367:49)
      at Nv.parsePropertyDefinition (node_modules/@storybook/core/dist/babel/index.cjs:142632:19)
      at Nv.parseObjectLike (node_modules/@storybook/core/dist/babel/index.cjs:142596:57)
      at Nv.parseExprAtom (node_modules/@storybook/core/dist/babel/index.cjs:142302:23)
      at Nv.parseExprAtom (node_modules/@storybook/core/dist/babel/index.cjs:139667:45)
      at Nv.parseExprSubscripts (node_modules/@storybook/core/dist/babel/index.cjs:142149:78)
      at Nv.parseUpdate (node_modules/@storybook/core/dist/babel/index.cjs:142139:45)
      at Nv.parseMaybeUnary (node_modules/@storybook/core/dist/babel/index.cjs:142124:20)
      at Nv.parseMaybeUnary (node_modules/@storybook/core/dist/babel/index.cjs:141419:93)
      at Nv.parseMaybeUnaryOrPrivate (node_modules/@storybook/core/dist/babel/index.cjs:142032:63)
      at Nv.parseExprOps (node_modules/@storybook/core/dist/babel/index.cjs:142035:78)
      at Nv.parseMaybeConditional (node_modules/@storybook/core/dist/babel/index.cjs:142020:78)
      at Nv.parseMaybeAssign (node_modules/@storybook/core/dist/babel/index.cjs:142004:20)
      at Nv.parseMaybeAssign (node_modules/@storybook/core/dist/babel/index.cjs:141392:22)
      at node_modules/@storybook/core/dist/babel/index.cjs:141986:41
      at Nv.allowInAnd (node_modules/@storybook/core/dist/babel/index.cjs:142978:14)
      at Nv.parseMaybeAssignAllowIn (node_modules/@storybook/core/dist/babel/index.cjs:141986:19)
      at Nv.parseObjectProperty (node_modules/@storybook/core/dist/babel/index.cjs:142656:81)
      at Nv.parseObjPropValue (node_modules/@storybook/core/dist/babel/index.cjs:142671:61)
      If you are in development, this likely indicates a problem with your Storybook process,
      check the terminal for errors.
      If you are in a deployed Storybook, there may have been an issue deploying the full Storybook
      build.
      at ns2.getStoryIndexFromServer (packages/components/http:/localhost:6007/packages/components/node_modules/.cache/storybook/1c3385a5d25e538d10b518b310c74d3ca2690b6aaffeadccd74da79736171f86/sb-vite/deps/storybook_internal_preview_runtime.js?v=b3da04b4:8624:11)
      at async ns2.initializeWithProjectAnnotations (packages/components/http:/localhost:6007/packages/components/node_modules/.cache/storybook/1c3385a5d25e538d10b518b310c74d3ca2690b6aaffeadccd74da79736171f86/sb-vite/deps/storybook_internal_preview_runtime.js?v=b3da04b4:8606:15)
      at async ns2.initialize (packages/components/http:/localhost:6007/packages/components/node_modules/.cache/storybook/1c3385a5d25e538d10b518b310c74d3ca2690b6aaffeadccd74da79736171f86/sb-vite/deps/storybook_internal_preview_runtime.js?v=b3da04b4:8581:39)

  ● Components/InputField › LoadingState › smoke-test

    thrown: "Exceeded timeout of 30000 ms for a test.
    Add a timeout value to this test to increase the timeout, if this is a long-running test. See https://jestjs.io/docs/api#testname-fn-timeout."



      at packages/components/src/InputField/InputField.stories.tsx:1894:13
      at packages/components/src/InputField/InputField.stories.tsx:1893:9
      at Object.<anonymous> (packages/components/src/InputField/InputField.stories.tsx:128:5)

  ● Components/InputField › EmptyState › smoke-test

    SB_PREVIEW_API_0006 (StoryIndexFetchError): Error fetching `/index.json`:

    Unable to index ./src/Table/EnhancedTable.stories.tsx:
      SyntaxError: Expecting Unicode escape sequence \uXXXX. (1467:15)

      at constructor (node_modules/@storybook/core/dist/babel/index.cjs:134900:15)
      at Nv.raise (node_modules/@storybook/core/dist/babel/index.cjs:137217:54)
      at Nv.readWord1 (node_modules/@storybook/core/dist/babel/index.cjs:137193:18)
      at Nv.readWord (node_modules/@storybook/core/dist/babel/index.cjs:137205:20)
      at Nv.getTokenFromCode (node_modules/@storybook/core/dist/babel/index.cjs:137028:16)
      at Nv.getTokenFromCode (node_modules/@storybook/core/dist/babel/index.cjs:139696:13)
      at Nv.getTokenFromCode (node_modules/@storybook/core/dist/babel/index.cjs:141547:13)
      at Nv.nextToken (node_modules/@storybook/core/dist/babel/index.cjs:136654:12)
      at Nv.next (node_modules/@storybook/core/dist/babel/index.cjs:136586:62)
      at Nv.eat (node_modules/@storybook/core/dist/babel/index.cjs:136589:36)
      at Nv.parseObjectProperty (node_modules/@storybook/core/dist/babel/index.cjs:142655:34)
      at Nv.parseObjPropValue (node_modules/@storybook/core/dist/babel/index.cjs:142671:61)
      at Nv.parseObjPropValue (node_modules/@storybook/core/dist/babel/index.cjs:141367:49)
      at Nv.parsePropertyDefinition (node_modules/@storybook/core/dist/babel/index.cjs:142632:19)
      at Nv.parseObjectLike (node_modules/@storybook/core/dist/babel/index.cjs:142596:57)
      at Nv.parseExprAtom (node_modules/@storybook/core/dist/babel/index.cjs:142302:23)
      at Nv.parseExprAtom (node_modules/@storybook/core/dist/babel/index.cjs:139667:45)
      at Nv.parseExprSubscripts (node_modules/@storybook/core/dist/babel/index.cjs:142149:78)
      at Nv.parseUpdate (node_modules/@storybook/core/dist/babel/index.cjs:142139:45)
      at Nv.parseMaybeUnary (node_modules/@storybook/core/dist/babel/index.cjs:142124:20)
      at Nv.parseMaybeUnary (node_modules/@storybook/core/dist/babel/index.cjs:141419:93)
      at Nv.parseMaybeUnaryOrPrivate (node_modules/@storybook/core/dist/babel/index.cjs:142032:63)
      at Nv.parseExprOps (node_modules/@storybook/core/dist/babel/index.cjs:142035:78)
      at Nv.parseMaybeConditional (node_modules/@storybook/core/dist/babel/index.cjs:142020:78)
      at Nv.parseMaybeAssign (node_modules/@storybook/core/dist/babel/index.cjs:142004:20)
      at Nv.parseMaybeAssign (node_modules/@storybook/core/dist/babel/index.cjs:141392:22)
      at node_modules/@storybook/core/dist/babel/index.cjs:141986:41
      at Nv.allowInAnd (node_modules/@storybook/core/dist/babel/index.cjs:142978:14)
      at Nv.parseMaybeAssignAllowIn (node_modules/@storybook/core/dist/babel/index.cjs:141986:19)
      at Nv.parseObjectProperty (node_modules/@storybook/core/dist/babel/index.cjs:142656:81)
      at Nv.parseObjPropValue (node_modules/@storybook/core/dist/babel/index.cjs:142671:61)
      at Nv.parseObjPropValue (node_modules/@storybook/core/dist/babel/index.cjs:141367:49)
      at Nv.parsePropertyDefinition (node_modules/@storybook/core/dist/babel/index.cjs:142632:19)
      at Nv.parseObjectLike (node_modules/@storybook/core/dist/babel/index.cjs:142596:57)
      at Nv.parseExprAtom (node_modules/@storybook/core/dist/babel/index.cjs:142302:23)
      at Nv.parseExprAtom (node_modules/@storybook/core/dist/babel/index.cjs:139667:45)
      at Nv.parseExprSubscripts (node_modules/@storybook/core/dist/babel/index.cjs:142149:78)
      at Nv.parseUpdate (node_modules/@storybook/core/dist/babel/index.cjs:142139:45)
      at Nv.parseMaybeUnary (node_modules/@storybook/core/dist/babel/index.cjs:142124:20)
      at Nv.parseMaybeUnary (node_modules/@storybook/core/dist/babel/index.cjs:141419:93)
      at Nv.parseMaybeUnaryOrPrivate (node_modules/@storybook/core/dist/babel/index.cjs:142032:63)
      at Nv.parseExprOps (node_modules/@storybook/core/dist/babel/index.cjs:142035:78)
      at Nv.parseMaybeConditional (node_modules/@storybook/core/dist/babel/index.cjs:142020:78)
      at Nv.parseMaybeAssign (node_modules/@storybook/core/dist/babel/index.cjs:142004:20)
      at Nv.parseMaybeAssign (node_modules/@storybook/core/dist/babel/index.cjs:141392:22)
      at node_modules/@storybook/core/dist/babel/index.cjs:141986:41
      at Nv.allowInAnd (node_modules/@storybook/core/dist/babel/index.cjs:142978:14)
      at Nv.parseMaybeAssignAllowIn (node_modules/@storybook/core/dist/babel/index.cjs:141986:19)
      at Nv.parseObjectProperty (node_modules/@storybook/core/dist/babel/index.cjs:142656:81)
      at Nv.parseObjPropValue (node_modules/@storybook/core/dist/babel/index.cjs:142671:61)
      If you are in development, this likely indicates a problem with your Storybook process,
      check the terminal for errors.
      If you are in a deployed Storybook, there may have been an issue deploying the full Storybook
      build.
      at constructor (node_modules/@storybook/core/dist/babel/index.cjs:134900:15)
      at Nv.raise (node_modules/@storybook/core/dist/babel/index.cjs:137217:54)
      at Nv.readWord1 (node_modules/@storybook/core/dist/babel/index.cjs:137193:18)
      at Nv.readWord (node_modules/@storybook/core/dist/babel/index.cjs:137205:20)
      at Nv.getTokenFromCode (node_modules/@storybook/core/dist/babel/index.cjs:137028:16)
      at Nv.getTokenFromCode (node_modules/@storybook/core/dist/babel/index.cjs:139696:13)
      at Nv.getTokenFromCode (node_modules/@storybook/core/dist/babel/index.cjs:141547:13)
      at Nv.nextToken (node_modules/@storybook/core/dist/babel/index.cjs:136654:12)
      at Nv.next (node_modules/@storybook/core/dist/babel/index.cjs:136586:62)
      at Nv.eat (node_modules/@storybook/core/dist/babel/index.cjs:136589:36)
      at Nv.parseObjectProperty (node_modules/@storybook/core/dist/babel/index.cjs:142655:34)
      at Nv.parseObjPropValue (node_modules/@storybook/core/dist/babel/index.cjs:142671:61)
      at Nv.parseObjPropValue (node_modules/@storybook/core/dist/babel/index.cjs:141367:49)
      at Nv.parsePropertyDefinition (node_modules/@storybook/core/dist/babel/index.cjs:142632:19)
      at Nv.parseObjectLike (node_modules/@storybook/core/dist/babel/index.cjs:142596:57)
      at Nv.parseExprAtom (node_modules/@storybook/core/dist/babel/index.cjs:142302:23)
      at Nv.parseExprAtom (node_modules/@storybook/core/dist/babel/index.cjs:139667:45)
      at Nv.parseExprSubscripts (node_modules/@storybook/core/dist/babel/index.cjs:142149:78)
      at Nv.parseUpdate (node_modules/@storybook/core/dist/babel/index.cjs:142139:45)
      at Nv.parseMaybeUnary (node_modules/@storybook/core/dist/babel/index.cjs:142124:20)
      at Nv.parseMaybeUnary (node_modules/@storybook/core/dist/babel/index.cjs:141419:93)
      at Nv.parseMaybeUnaryOrPrivate (node_modules/@storybook/core/dist/babel/index.cjs:142032:63)
      at Nv.parseExprOps (node_modules/@storybook/core/dist/babel/index.cjs:142035:78)
      at Nv.parseMaybeConditional (node_modules/@storybook/core/dist/babel/index.cjs:142020:78)
      at Nv.parseMaybeAssign (node_modules/@storybook/core/dist/babel/index.cjs:142004:20)
      at Nv.parseMaybeAssign (node_modules/@storybook/core/dist/babel/index.cjs:141392:22)
      at node_modules/@storybook/core/dist/babel/index.cjs:141986:41
      at Nv.allowInAnd (node_modules/@storybook/core/dist/babel/index.cjs:142978:14)
      at Nv.parseMaybeAssignAllowIn (node_modules/@storybook/core/dist/babel/index.cjs:141986:19)
      at Nv.parseObjectProperty (node_modules/@storybook/core/dist/babel/index.cjs:142656:81)
      at Nv.parseObjPropValue (node_modules/@storybook/core/dist/babel/index.cjs:142671:61)
      at Nv.parseObjPropValue (node_modules/@storybook/core/dist/babel/index.cjs:141367:49)
      at Nv.parsePropertyDefinition (node_modules/@storybook/core/dist/babel/index.cjs:142632:19)
      at Nv.parseObjectLike (node_modules/@storybook/core/dist/babel/index.cjs:142596:57)
      at Nv.parseExprAtom (node_modules/@storybook/core/dist/babel/index.cjs:142302:23)
      at Nv.parseExprAtom (node_modules/@storybook/core/dist/babel/index.cjs:139667:45)
      at Nv.parseExprSubscripts (node_modules/@storybook/core/dist/babel/index.cjs:142149:78)
      at Nv.parseUpdate (node_modules/@storybook/core/dist/babel/index.cjs:142139:45)
      at Nv.parseMaybeUnary (node_modules/@storybook/core/dist/babel/index.cjs:142124:20)
      at Nv.parseMaybeUnary (node_modules/@storybook/core/dist/babel/index.cjs:141419:93)
      at Nv.parseMaybeUnaryOrPrivate (node_modules/@storybook/core/dist/babel/index.cjs:142032:63)
      at Nv.parseExprOps (node_modules/@storybook/core/dist/babel/index.cjs:142035:78)
      at Nv.parseMaybeConditional (node_modules/@storybook/core/dist/babel/index.cjs:142020:78)
      at Nv.parseMaybeAssign (node_modules/@storybook/core/dist/babel/index.cjs:142004:20)
      at Nv.parseMaybeAssign (node_modules/@storybook/core/dist/babel/index.cjs:141392:22)
      at node_modules/@storybook/core/dist/babel/index.cjs:141986:41
      at Nv.allowInAnd (node_modules/@storybook/core/dist/babel/index.cjs:142978:14)
      at Nv.parseMaybeAssignAllowIn (node_modules/@storybook/core/dist/babel/index.cjs:141986:19)
      at Nv.parseObjectProperty (node_modules/@storybook/core/dist/babel/index.cjs:142656:81)
      at Nv.parseObjPropValue (node_modules/@storybook/core/dist/babel/index.cjs:142671:61)
      If you are in development, this likely indicates a problem with your Storybook process,
      check the terminal for errors.
      If you are in a deployed Storybook, there may have been an issue deploying the full Storybook
      build.
      at ns2.getStoryIndexFromServer (packages/components/http:/localhost:6007/packages/components/node_modules/.cache/storybook/1c3385a5d25e538d10b518b310c74d3ca2690b6aaffeadccd74da79736171f86/sb-vite/deps/storybook_internal_preview_runtime.js?v=b3da04b4:8624:11)
      at async ns2.initializeWithProjectAnnotations (packages/components/http:/localhost:6007/packages/components/node_modules/.cache/storybook/1c3385a5d25e538d10b518b310c74d3ca2690b6aaffeadccd74da79736171f86/sb-vite/deps/storybook_internal_preview_runtime.js?v=b3da04b4:8606:15)
      at async ns2.initialize (packages/components/http:/localhost:6007/packages/components/node_modules/.cache/storybook/1c3385a5d25e538d10b518b310c74d3ca2690b6aaffeadccd74da79736171f86/sb-vite/deps/storybook_internal_preview_runtime.js?v=b3da04b4:8581:39)

  ● Components/InputField › EmptyState › smoke-test

    thrown: "Exceeded timeout of 30000 ms for a test.
    Add a timeout value to this test to increase the timeout, if this is a long-running test. See https://jestjs.io/docs/api#testname-fn-timeout."



      at packages/components/src/InputField/InputField.stories.tsx:2041:13
      at packages/components/src/InputField/InputField.stories.tsx:2040:9
      at Object.<anonymous> (packages/components/src/InputField/InputField.stories.tsx:128:5)

  ● Components/InputField › EventCallbacks › smoke-test

    SB_PREVIEW_API_0006 (StoryIndexFetchError): Error fetching `/index.json`:

    Unable to index ./src/Table/EnhancedTable.stories.tsx:
      SyntaxError: Expecting Unicode escape sequence \uXXXX. (1467:15)

      at constructor (node_modules/@storybook/core/dist/babel/index.cjs:134900:15)
      at Nv.raise (node_modules/@storybook/core/dist/babel/index.cjs:137217:54)
      at Nv.readWord1 (node_modules/@storybook/core/dist/babel/index.cjs:137193:18)
      at Nv.readWord (node_modules/@storybook/core/dist/babel/index.cjs:137205:20)
      at Nv.getTokenFromCode (node_modules/@storybook/core/dist/babel/index.cjs:137028:16)
      at Nv.getTokenFromCode (node_modules/@storybook/core/dist/babel/index.cjs:139696:13)
      at Nv.getTokenFromCode (node_modules/@storybook/core/dist/babel/index.cjs:141547:13)
      at Nv.nextToken (node_modules/@storybook/core/dist/babel/index.cjs:136654:12)
      at Nv.next (node_modules/@storybook/core/dist/babel/index.cjs:136586:62)
      at Nv.eat (node_modules/@storybook/core/dist/babel/index.cjs:136589:36)
      at Nv.parseObjectProperty (node_modules/@storybook/core/dist/babel/index.cjs:142655:34)
      at Nv.parseObjPropValue (node_modules/@storybook/core/dist/babel/index.cjs:142671:61)
      at Nv.parseObjPropValue (node_modules/@storybook/core/dist/babel/index.cjs:141367:49)
      at Nv.parsePropertyDefinition (node_modules/@storybook/core/dist/babel/index.cjs:142632:19)
      at Nv.parseObjectLike (node_modules/@storybook/core/dist/babel/index.cjs:142596:57)
      at Nv.parseExprAtom (node_modules/@storybook/core/dist/babel/index.cjs:142302:23)
      at Nv.parseExprAtom (node_modules/@storybook/core/dist/babel/index.cjs:139667:45)
      at Nv.parseExprSubscripts (node_modules/@storybook/core/dist/babel/index.cjs:142149:78)
      at Nv.parseUpdate (node_modules/@storybook/core/dist/babel/index.cjs:142139:45)
      at Nv.parseMaybeUnary (node_modules/@storybook/core/dist/babel/index.cjs:142124:20)
      at Nv.parseMaybeUnary (node_modules/@storybook/core/dist/babel/index.cjs:141419:93)
      at Nv.parseMaybeUnaryOrPrivate (node_modules/@storybook/core/dist/babel/index.cjs:142032:63)
      at Nv.parseExprOps (node_modules/@storybook/core/dist/babel/index.cjs:142035:78)
      at Nv.parseMaybeConditional (node_modules/@storybook/core/dist/babel/index.cjs:142020:78)
      at Nv.parseMaybeAssign (node_modules/@storybook/core/dist/babel/index.cjs:142004:20)
      at Nv.parseMaybeAssign (node_modules/@storybook/core/dist/babel/index.cjs:141392:22)
      at node_modules/@storybook/core/dist/babel/index.cjs:141986:41
      at Nv.allowInAnd (node_modules/@storybook/core/dist/babel/index.cjs:142978:14)
      at Nv.parseMaybeAssignAllowIn (node_modules/@storybook/core/dist/babel/index.cjs:141986:19)
      at Nv.parseObjectProperty (node_modules/@storybook/core/dist/babel/index.cjs:142656:81)
      at Nv.parseObjPropValue (node_modules/@storybook/core/dist/babel/index.cjs:142671:61)
      at Nv.parseObjPropValue (node_modules/@storybook/core/dist/babel/index.cjs:141367:49)
      at Nv.parsePropertyDefinition (node_modules/@storybook/core/dist/babel/index.cjs:142632:19)
      at Nv.parseObjectLike (node_modules/@storybook/core/dist/babel/index.cjs:142596:57)
      at Nv.parseExprAtom (node_modules/@storybook/core/dist/babel/index.cjs:142302:23)
      at Nv.parseExprAtom (node_modules/@storybook/core/dist/babel/index.cjs:139667:45)
      at Nv.parseExprSubscripts (node_modules/@storybook/core/dist/babel/index.cjs:142149:78)
      at Nv.parseUpdate (node_modules/@storybook/core/dist/babel/index.cjs:142139:45)
      at Nv.parseMaybeUnary (node_modules/@storybook/core/dist/babel/index.cjs:142124:20)
      at Nv.parseMaybeUnary (node_modules/@storybook/core/dist/babel/index.cjs:141419:93)
      at Nv.parseMaybeUnaryOrPrivate (node_modules/@storybook/core/dist/babel/index.cjs:142032:63)
      at Nv.parseExprOps (node_modules/@storybook/core/dist/babel/index.cjs:142035:78)
      at Nv.parseMaybeConditional (node_modules/@storybook/core/dist/babel/index.cjs:142020:78)
      at Nv.parseMaybeAssign (node_modules/@storybook/core/dist/babel/index.cjs:142004:20)
      at Nv.parseMaybeAssign (node_modules/@storybook/core/dist/babel/index.cjs:141392:22)
      at node_modules/@storybook/core/dist/babel/index.cjs:141986:41
      at Nv.allowInAnd (node_modules/@storybook/core/dist/babel/index.cjs:142978:14)
      at Nv.parseMaybeAssignAllowIn (node_modules/@storybook/core/dist/babel/index.cjs:141986:19)
      at Nv.parseObjectProperty (node_modules/@storybook/core/dist/babel/index.cjs:142656:81)
      at Nv.parseObjPropValue (node_modules/@storybook/core/dist/babel/index.cjs:142671:61)
      If you are in development, this likely indicates a problem with your Storybook process,
      check the terminal for errors.
      If you are in a deployed Storybook, there may have been an issue deploying the full Storybook
      build.
      at constructor (node_modules/@storybook/core/dist/babel/index.cjs:134900:15)
      at Nv.raise (node_modules/@storybook/core/dist/babel/index.cjs:137217:54)
      at Nv.readWord1 (node_modules/@storybook/core/dist/babel/index.cjs:137193:18)
      at Nv.readWord (node_modules/@storybook/core/dist/babel/index.cjs:137205:20)
      at Nv.getTokenFromCode (node_modules/@storybook/core/dist/babel/index.cjs:137028:16)
      at Nv.getTokenFromCode (node_modules/@storybook/core/dist/babel/index.cjs:139696:13)
      at Nv.getTokenFromCode (node_modules/@storybook/core/dist/babel/index.cjs:141547:13)
      at Nv.nextToken (node_modules/@storybook/core/dist/babel/index.cjs:136654:12)
      at Nv.next (node_modules/@storybook/core/dist/babel/index.cjs:136586:62)
      at Nv.eat (node_modules/@storybook/core/dist/babel/index.cjs:136589:36)
      at Nv.parseObjectProperty (node_modules/@storybook/core/dist/babel/index.cjs:142655:34)
      at Nv.parseObjPropValue (node_modules/@storybook/core/dist/babel/index.cjs:142671:61)
      at Nv.parseObjPropValue (node_modules/@storybook/core/dist/babel/index.cjs:141367:49)
      at Nv.parsePropertyDefinition (node_modules/@storybook/core/dist/babel/index.cjs:142632:19)
      at Nv.parseObjectLike (node_modules/@storybook/core/dist/babel/index.cjs:142596:57)
      at Nv.parseExprAtom (node_modules/@storybook/core/dist/babel/index.cjs:142302:23)
      at Nv.parseExprAtom (node_modules/@storybook/core/dist/babel/index.cjs:139667:45)
      at Nv.parseExprSubscripts (node_modules/@storybook/core/dist/babel/index.cjs:142149:78)
      at Nv.parseUpdate (node_modules/@storybook/core/dist/babel/index.cjs:142139:45)
      at Nv.parseMaybeUnary (node_modules/@storybook/core/dist/babel/index.cjs:142124:20)
      at Nv.parseMaybeUnary (node_modules/@storybook/core/dist/babel/index.cjs:141419:93)
      at Nv.parseMaybeUnaryOrPrivate (node_modules/@storybook/core/dist/babel/index.cjs:142032:63)
      at Nv.parseExprOps (node_modules/@storybook/core/dist/babel/index.cjs:142035:78)
      at Nv.parseMaybeConditional (node_modules/@storybook/core/dist/babel/index.cjs:142020:78)
      at Nv.parseMaybeAssign (node_modules/@storybook/core/dist/babel/index.cjs:142004:20)
      at Nv.parseMaybeAssign (node_modules/@storybook/core/dist/babel/index.cjs:141392:22)
      at node_modules/@storybook/core/dist/babel/index.cjs:141986:41
      at Nv.allowInAnd (node_modules/@storybook/core/dist/babel/index.cjs:142978:14)
      at Nv.parseMaybeAssignAllowIn (node_modules/@storybook/core/dist/babel/index.cjs:141986:19)
      at Nv.parseObjectProperty (node_modules/@storybook/core/dist/babel/index.cjs:142656:81)
      at Nv.parseObjPropValue (node_modules/@storybook/core/dist/babel/index.cjs:142671:61)
      at Nv.parseObjPropValue (node_modules/@storybook/core/dist/babel/index.cjs:141367:49)
      at Nv.parsePropertyDefinition (node_modules/@storybook/core/dist/babel/index.cjs:142632:19)
      at Nv.parseObjectLike (node_modules/@storybook/core/dist/babel/index.cjs:142596:57)
      at Nv.parseExprAtom (node_modules/@storybook/core/dist/babel/index.cjs:142302:23)
      at Nv.parseExprAtom (node_modules/@storybook/core/dist/babel/index.cjs:139667:45)
      at Nv.parseExprSubscripts (node_modules/@storybook/core/dist/babel/index.cjs:142149:78)
      at Nv.parseUpdate (node_modules/@storybook/core/dist/babel/index.cjs:142139:45)
      at Nv.parseMaybeUnary (node_modules/@storybook/core/dist/babel/index.cjs:142124:20)
      at Nv.parseMaybeUnary (node_modules/@storybook/core/dist/babel/index.cjs:141419:93)
      at Nv.parseMaybeUnaryOrPrivate (node_modules/@storybook/core/dist/babel/index.cjs:142032:63)
      at Nv.parseExprOps (node_modules/@storybook/core/dist/babel/index.cjs:142035:78)
      at Nv.parseMaybeConditional (node_modules/@storybook/core/dist/babel/index.cjs:142020:78)
      at Nv.parseMaybeAssign (node_modules/@storybook/core/dist/babel/index.cjs:142004:20)
      at Nv.parseMaybeAssign (node_modules/@storybook/core/dist/babel/index.cjs:141392:22)
      at node_modules/@storybook/core/dist/babel/index.cjs:141986:41
      at Nv.allowInAnd (node_modules/@storybook/core/dist/babel/index.cjs:142978:14)
      at Nv.parseMaybeAssignAllowIn (node_modules/@storybook/core/dist/babel/index.cjs:141986:19)
      at Nv.parseObjectProperty (node_modules/@storybook/core/dist/babel/index.cjs:142656:81)
      at Nv.parseObjPropValue (node_modules/@storybook/core/dist/babel/index.cjs:142671:61)
      If you are in development, this likely indicates a problem with your Storybook process,
      check the terminal for errors.
      If you are in a deployed Storybook, there may have been an issue deploying the full Storybook
      build.
      at ns2.getStoryIndexFromServer (packages/components/http:/localhost:6007/packages/components/node_modules/.cache/storybook/1c3385a5d25e538d10b518b310c74d3ca2690b6aaffeadccd74da79736171f86/sb-vite/deps/storybook_internal_preview_runtime.js?v=b3da04b4:8624:11)
      at async ns2.initializeWithProjectAnnotations (packages/components/http:/localhost:6007/packages/components/node_modules/.cache/storybook/1c3385a5d25e538d10b518b310c74d3ca2690b6aaffeadccd74da79736171f86/sb-vite/deps/storybook_internal_preview_runtime.js?v=b3da04b4:8606:15)
      at async ns2.initialize (packages/components/http:/localhost:6007/packages/components/node_modules/.cache/storybook/1c3385a5d25e538d10b518b310c74d3ca2690b6aaffeadccd74da79736171f86/sb-vite/deps/storybook_internal_preview_runtime.js?v=b3da04b4:8581:39)

  ● Components/InputField › EventCallbacks › smoke-test

    thrown: "Exceeded timeout of 30000 ms for a test.
    Add a timeout value to this test to increase the timeout, if this is a long-running test. See https://jestjs.io/docs/api#testname-fn-timeout."



      at packages/components/src/InputField/InputField.stories.tsx:2188:13
      at packages/components/src/InputField/InputField.stories.tsx:2187:9
      at Object.<anonymous> (packages/components/src/InputField/InputField.stories.tsx:128:5)

  ● Components/InputField › ClassNameOverrides › smoke-test

    SB_PREVIEW_API_0006 (StoryIndexFetchError): Error fetching `/index.json`:

    Unable to index ./src/Table/EnhancedTable.stories.tsx:
      SyntaxError: Expecting Unicode escape sequence \uXXXX. (1467:15)

      at constructor (node_modules/@storybook/core/dist/babel/index.cjs:134900:15)
      at Nv.raise (node_modules/@storybook/core/dist/babel/index.cjs:137217:54)
      at Nv.readWord1 (node_modules/@storybook/core/dist/babel/index.cjs:137193:18)
      at Nv.readWord (node_modules/@storybook/core/dist/babel/index.cjs:137205:20)
      at Nv.getTokenFromCode (node_modules/@storybook/core/dist/babel/index.cjs:137028:16)
      at Nv.getTokenFromCode (node_modules/@storybook/core/dist/babel/index.cjs:139696:13)
      at Nv.getTokenFromCode (node_modules/@storybook/core/dist/babel/index.cjs:141547:13)
      at Nv.nextToken (node_modules/@storybook/core/dist/babel/index.cjs:136654:12)
      at Nv.next (node_modules/@storybook/core/dist/babel/index.cjs:136586:62)
      at Nv.eat (node_modules/@storybook/core/dist/babel/index.cjs:136589:36)
      at Nv.parseObjectProperty (node_modules/@storybook/core/dist/babel/index.cjs:142655:34)
      at Nv.parseObjPropValue (node_modules/@storybook/core/dist/babel/index.cjs:142671:61)
      at Nv.parseObjPropValue (node_modules/@storybook/core/dist/babel/index.cjs:141367:49)
      at Nv.parsePropertyDefinition (node_modules/@storybook/core/dist/babel/index.cjs:142632:19)
      at Nv.parseObjectLike (node_modules/@storybook/core/dist/babel/index.cjs:142596:57)
      at Nv.parseExprAtom (node_modules/@storybook/core/dist/babel/index.cjs:142302:23)
      at Nv.parseExprAtom (node_modules/@storybook/core/dist/babel/index.cjs:139667:45)
      at Nv.parseExprSubscripts (node_modules/@storybook/core/dist/babel/index.cjs:142149:78)
      at Nv.parseUpdate (node_modules/@storybook/core/dist/babel/index.cjs:142139:45)
      at Nv.parseMaybeUnary (node_modules/@storybook/core/dist/babel/index.cjs:142124:20)
      at Nv.parseMaybeUnary (node_modules/@storybook/core/dist/babel/index.cjs:141419:93)
      at Nv.parseMaybeUnaryOrPrivate (node_modules/@storybook/core/dist/babel/index.cjs:142032:63)
      at Nv.parseExprOps (node_modules/@storybook/core/dist/babel/index.cjs:142035:78)
      at Nv.parseMaybeConditional (node_modules/@storybook/core/dist/babel/index.cjs:142020:78)
      at Nv.parseMaybeAssign (node_modules/@storybook/core/dist/babel/index.cjs:142004:20)
      at Nv.parseMaybeAssign (node_modules/@storybook/core/dist/babel/index.cjs:141392:22)
      at node_modules/@storybook/core/dist/babel/index.cjs:141986:41
      at Nv.allowInAnd (node_modules/@storybook/core/dist/babel/index.cjs:142978:14)
      at Nv.parseMaybeAssignAllowIn (node_modules/@storybook/core/dist/babel/index.cjs:141986:19)
      at Nv.parseObjectProperty (node_modules/@storybook/core/dist/babel/index.cjs:142656:81)
      at Nv.parseObjPropValue (node_modules/@storybook/core/dist/babel/index.cjs:142671:61)
      at Nv.parseObjPropValue (node_modules/@storybook/core/dist/babel/index.cjs:141367:49)
      at Nv.parsePropertyDefinition (node_modules/@storybook/core/dist/babel/index.cjs:142632:19)
      at Nv.parseObjectLike (node_modules/@storybook/core/dist/babel/index.cjs:142596:57)
      at Nv.parseExprAtom (node_modules/@storybook/core/dist/babel/index.cjs:142302:23)
      at Nv.parseExprAtom (node_modules/@storybook/core/dist/babel/index.cjs:139667:45)
      at Nv.parseExprSubscripts (node_modules/@storybook/core/dist/babel/index.cjs:142149:78)
      at Nv.parseUpdate (node_modules/@storybook/core/dist/babel/index.cjs:142139:45)
      at Nv.parseMaybeUnary (node_modules/@storybook/core/dist/babel/index.cjs:142124:20)
      at Nv.parseMaybeUnary (node_modules/@storybook/core/dist/babel/index.cjs:141419:93)
      at Nv.parseMaybeUnaryOrPrivate (node_modules/@storybook/core/dist/babel/index.cjs:142032:63)
      at Nv.parseExprOps (node_modules/@storybook/core/dist/babel/index.cjs:142035:78)
      at Nv.parseMaybeConditional (node_modules/@storybook/core/dist/babel/index.cjs:142020:78)
      at Nv.parseMaybeAssign (node_modules/@storybook/core/dist/babel/index.cjs:142004:20)
      at Nv.parseMaybeAssign (node_modules/@storybook/core/dist/babel/index.cjs:141392:22)
      at node_modules/@storybook/core/dist/babel/index.cjs:141986:41
      at Nv.allowInAnd (node_modules/@storybook/core/dist/babel/index.cjs:142978:14)
      at Nv.parseMaybeAssignAllowIn (node_modules/@storybook/core/dist/babel/index.cjs:141986:19)
      at Nv.parseObjectProperty (node_modules/@storybook/core/dist/babel/index.cjs:142656:81)
      at Nv.parseObjPropValue (node_modules/@storybook/core/dist/babel/index.cjs:142671:61)
      If you are in development, this likely indicates a problem with your Storybook process,
      check the terminal for errors.
      If you are in a deployed Storybook, there may have been an issue deploying the full Storybook
      build.
      at constructor (node_modules/@storybook/core/dist/babel/index.cjs:134900:15)
      at Nv.raise (node_modules/@storybook/core/dist/babel/index.cjs:137217:54)
      at Nv.readWord1 (node_modules/@storybook/core/dist/babel/index.cjs:137193:18)
      at Nv.readWord (node_modules/@storybook/core/dist/babel/index.cjs:137205:20)
      at Nv.getTokenFromCode (node_modules/@storybook/core/dist/babel/index.cjs:137028:16)
      at Nv.getTokenFromCode (node_modules/@storybook/core/dist/babel/index.cjs:139696:13)
      at Nv.getTokenFromCode (node_modules/@storybook/core/dist/babel/index.cjs:141547:13)
      at Nv.nextToken (node_modules/@storybook/core/dist/babel/index.cjs:136654:12)
      at Nv.next (node_modules/@storybook/core/dist/babel/index.cjs:136586:62)
      at Nv.eat (node_modules/@storybook/core/dist/babel/index.cjs:136589:36)
      at Nv.parseObjectProperty (node_modules/@storybook/core/dist/babel/index.cjs:142655:34)
      at Nv.parseObjPropValue (node_modules/@storybook/core/dist/babel/index.cjs:142671:61)
      at Nv.parseObjPropValue (node_modules/@storybook/core/dist/babel/index.cjs:141367:49)
      at Nv.parsePropertyDefinition (node_modules/@storybook/core/dist/babel/index.cjs:142632:19)
      at Nv.parseObjectLike (node_modules/@storybook/core/dist/babel/index.cjs:142596:57)
      at Nv.parseExprAtom (node_modules/@storybook/core/dist/babel/index.cjs:142302:23)
      at Nv.parseExprAtom (node_modules/@storybook/core/dist/babel/index.cjs:139667:45)
      at Nv.parseExprSubscripts (node_modules/@storybook/core/dist/babel/index.cjs:142149:78)
      at Nv.parseUpdate (node_modules/@storybook/core/dist/babel/index.cjs:142139:45)
      at Nv.parseMaybeUnary (node_modules/@storybook/core/dist/babel/index.cjs:142124:20)
      at Nv.parseMaybeUnary (node_modules/@storybook/core/dist/babel/index.cjs:141419:93)
      at Nv.parseMaybeUnaryOrPrivate (node_modules/@storybook/core/dist/babel/index.cjs:142032:63)
      at Nv.parseExprOps (node_modules/@storybook/core/dist/babel/index.cjs:142035:78)
      at Nv.parseMaybeConditional (node_modules/@storybook/core/dist/babel/index.cjs:142020:78)
      at Nv.parseMaybeAssign (node_modules/@storybook/core/dist/babel/index.cjs:142004:20)
      at Nv.parseMaybeAssign (node_modules/@storybook/core/dist/babel/index.cjs:141392:22)
      at node_modules/@storybook/core/dist/babel/index.cjs:141986:41
      at Nv.allowInAnd (node_modules/@storybook/core/dist/babel/index.cjs:142978:14)
      at Nv.parseMaybeAssignAllowIn (node_modules/@storybook/core/dist/babel/index.cjs:141986:19)
      at Nv.parseObjectProperty (node_modules/@storybook/core/dist/babel/index.cjs:142656:81)
      at Nv.parseObjPropValue (node_modules/@storybook/core/dist/babel/index.cjs:142671:61)
      at Nv.parseObjPropValue (node_modules/@storybook/core/dist/babel/index.cjs:141367:49)
      at Nv.parsePropertyDefinition (node_modules/@storybook/core/dist/babel/index.cjs:142632:19)
      at Nv.parseObjectLike (node_modules/@storybook/core/dist/babel/index.cjs:142596:57)
      at Nv.parseExprAtom (node_modules/@storybook/core/dist/babel/index.cjs:142302:23)
      at Nv.parseExprAtom (node_modules/@storybook/core/dist/babel/index.cjs:139667:45)
      at Nv.parseExprSubscripts (node_modules/@storybook/core/dist/babel/index.cjs:142149:78)
      at Nv.parseUpdate (node_modules/@storybook/core/dist/babel/index.cjs:142139:45)
      at Nv.parseMaybeUnary (node_modules/@storybook/core/dist/babel/index.cjs:142124:20)
      at Nv.parseMaybeUnary (node_modules/@storybook/core/dist/babel/index.cjs:141419:93)
      at Nv.parseMaybeUnaryOrPrivate (node_modules/@storybook/core/dist/babel/index.cjs:142032:63)
      at Nv.parseExprOps (node_modules/@storybook/core/dist/babel/index.cjs:142035:78)
      at Nv.parseMaybeConditional (node_modules/@storybook/core/dist/babel/index.cjs:142020:78)
      at Nv.parseMaybeAssign (node_modules/@storybook/core/dist/babel/index.cjs:142004:20)
      at Nv.parseMaybeAssign (node_modules/@storybook/core/dist/babel/index.cjs:141392:22)
      at node_modules/@storybook/core/dist/babel/index.cjs:141986:41
      at Nv.allowInAnd (node_modules/@storybook/core/dist/babel/index.cjs:142978:14)
      at Nv.parseMaybeAssignAllowIn (node_modules/@storybook/core/dist/babel/index.cjs:141986:19)
      at Nv.parseObjectProperty (node_modules/@storybook/core/dist/babel/index.cjs:142656:81)
      at Nv.parseObjPropValue (node_modules/@storybook/core/dist/babel/index.cjs:142671:61)
      If you are in development, this likely indicates a problem with your Storybook process,
      check the terminal for errors.
      If you are in a deployed Storybook, there may have been an issue deploying the full Storybook
      build.
      at ns2.getStoryIndexFromServer (packages/components/http:/localhost:6007/packages/components/node_modules/.cache/storybook/1c3385a5d25e538d10b518b310c74d3ca2690b6aaffeadccd74da79736171f86/sb-vite/deps/storybook_internal_preview_runtime.js?v=b3da04b4:8624:11)
      at async ns2.initializeWithProjectAnnotations (packages/components/http:/localhost:6007/packages/components/node_modules/.cache/storybook/1c3385a5d25e538d10b518b310c74d3ca2690b6aaffeadccd74da79736171f86/sb-vite/deps/storybook_internal_preview_runtime.js?v=b3da04b4:8606:15)
      at async ns2.initialize (packages/components/http:/localhost:6007/packages/components/node_modules/.cache/storybook/1c3385a5d25e538d10b518b310c74d3ca2690b6aaffeadccd74da79736171f86/sb-vite/deps/storybook_internal_preview_runtime.js?v=b3da04b4:8581:39)

  ● Components/InputField › ClassNameOverrides › smoke-test

    thrown: "Exceeded timeout of 30000 ms for a test.
    Add a timeout value to this test to increase the timeout, if this is a long-running test. See https://jestjs.io/docs/api#testname-fn-timeout."



      at packages/components/src/InputField/InputField.stories.tsx:2335:13
      at packages/components/src/InputField/InputField.stories.tsx:2334:9
      at Object.<anonymous> (packages/components/src/InputField/InputField.stories.tsx:128:5)

  ● Components/InputField › PolymorphicRendering › smoke-test

    SB_PREVIEW_API_0006 (StoryIndexFetchError): Error fetching `/index.json`:

    Unable to index ./src/Table/EnhancedTable.stories.tsx:
      SyntaxError: Expecting Unicode escape sequence \uXXXX. (1467:15)

      at constructor (node_modules/@storybook/core/dist/babel/index.cjs:134900:15)
      at Nv.raise (node_modules/@storybook/core/dist/babel/index.cjs:137217:54)
      at Nv.readWord1 (node_modules/@storybook/core/dist/babel/index.cjs:137193:18)
      at Nv.readWord (node_modules/@storybook/core/dist/babel/index.cjs:137205:20)
      at Nv.getTokenFromCode (node_modules/@storybook/core/dist/babel/index.cjs:137028:16)
      at Nv.getTokenFromCode (node_modules/@storybook/core/dist/babel/index.cjs:139696:13)
      at Nv.getTokenFromCode (node_modules/@storybook/core/dist/babel/index.cjs:141547:13)
      at Nv.nextToken (node_modules/@storybook/core/dist/babel/index.cjs:136654:12)
      at Nv.next (node_modules/@storybook/core/dist/babel/index.cjs:136586:62)
      at Nv.eat (node_modules/@storybook/core/dist/babel/index.cjs:136589:36)
      at Nv.parseObjectProperty (node_modules/@storybook/core/dist/babel/index.cjs:142655:34)
      at Nv.parseObjPropValue (node_modules/@storybook/core/dist/babel/index.cjs:142671:61)
      at Nv.parseObjPropValue (node_modules/@storybook/core/dist/babel/index.cjs:141367:49)
      at Nv.parsePropertyDefinition (node_modules/@storybook/core/dist/babel/index.cjs:142632:19)
      at Nv.parseObjectLike (node_modules/@storybook/core/dist/babel/index.cjs:142596:57)
      at Nv.parseExprAtom (node_modules/@storybook/core/dist/babel/index.cjs:142302:23)
      at Nv.parseExprAtom (node_modules/@storybook/core/dist/babel/index.cjs:139667:45)
      at Nv.parseExprSubscripts (node_modules/@storybook/core/dist/babel/index.cjs:142149:78)
      at Nv.parseUpdate (node_modules/@storybook/core/dist/babel/index.cjs:142139:45)
      at Nv.parseMaybeUnary (node_modules/@storybook/core/dist/babel/index.cjs:142124:20)
      at Nv.parseMaybeUnary (node_modules/@storybook/core/dist/babel/index.cjs:141419:93)
      at Nv.parseMaybeUnaryOrPrivate (node_modules/@storybook/core/dist/babel/index.cjs:142032:63)
      at Nv.parseExprOps (node_modules/@storybook/core/dist/babel/index.cjs:142035:78)
      at Nv.parseMaybeConditional (node_modules/@storybook/core/dist/babel/index.cjs:142020:78)
      at Nv.parseMaybeAssign (node_modules/@storybook/core/dist/babel/index.cjs:142004:20)
      at Nv.parseMaybeAssign (node_modules/@storybook/core/dist/babel/index.cjs:141392:22)
      at node_modules/@storybook/core/dist/babel/index.cjs:141986:41
      at Nv.allowInAnd (node_modules/@storybook/core/dist/babel/index.cjs:142978:14)
      at Nv.parseMaybeAssignAllowIn (node_modules/@storybook/core/dist/babel/index.cjs:141986:19)
      at Nv.parseObjectProperty (node_modules/@storybook/core/dist/babel/index.cjs:142656:81)
      at Nv.parseObjPropValue (node_modules/@storybook/core/dist/babel/index.cjs:142671:61)
      at Nv.parseObjPropValue (node_modules/@storybook/core/dist/babel/index.cjs:141367:49)
      at Nv.parsePropertyDefinition (node_modules/@storybook/core/dist/babel/index.cjs:142632:19)
      at Nv.parseObjectLike (node_modules/@storybook/core/dist/babel/index.cjs:142596:57)
      at Nv.parseExprAtom (node_modules/@storybook/core/dist/babel/index.cjs:142302:23)
      at Nv.parseExprAtom (node_modules/@storybook/core/dist/babel/index.cjs:139667:45)
      at Nv.parseExprSubscripts (node_modules/@storybook/core/dist/babel/index.cjs:142149:78)
      at Nv.parseUpdate (node_modules/@storybook/core/dist/babel/index.cjs:142139:45)
      at Nv.parseMaybeUnary (node_modules/@storybook/core/dist/babel/index.cjs:142124:20)
      at Nv.parseMaybeUnary (node_modules/@storybook/core/dist/babel/index.cjs:141419:93)
      at Nv.parseMaybeUnaryOrPrivate (node_modules/@storybook/core/dist/babel/index.cjs:142032:63)
      at Nv.parseExprOps (node_modules/@storybook/core/dist/babel/index.cjs:142035:78)
      at Nv.parseMaybeConditional (node_modules/@storybook/core/dist/babel/index.cjs:142020:78)
      at Nv.parseMaybeAssign (node_modules/@storybook/core/dist/babel/index.cjs:142004:20)
      at Nv.parseMaybeAssign (node_modules/@storybook/core/dist/babel/index.cjs:141392:22)
      at node_modules/@storybook/core/dist/babel/index.cjs:141986:41
      at Nv.allowInAnd (node_modules/@storybook/core/dist/babel/index.cjs:142978:14)
      at Nv.parseMaybeAssignAllowIn (node_modules/@storybook/core/dist/babel/index.cjs:141986:19)
      at Nv.parseObjectProperty (node_modules/@storybook/core/dist/babel/index.cjs:142656:81)
      at Nv.parseObjPropValue (node_modules/@storybook/core/dist/babel/index.cjs:142671:61)
      If you are in development, this likely indicates a problem with your Storybook process,
      check the terminal for errors.
      If you are in a deployed Storybook, there may have been an issue deploying the full Storybook
      build.
      at constructor (node_modules/@storybook/core/dist/babel/index.cjs:134900:15)
      at Nv.raise (node_modules/@storybook/core/dist/babel/index.cjs:137217:54)
      at Nv.readWord1 (node_modules/@storybook/core/dist/babel/index.cjs:137193:18)
      at Nv.readWord (node_modules/@storybook/core/dist/babel/index.cjs:137205:20)
      at Nv.getTokenFromCode (node_modules/@storybook/core/dist/babel/index.cjs:137028:16)
      at Nv.getTokenFromCode (node_modules/@storybook/core/dist/babel/index.cjs:139696:13)
      at Nv.getTokenFromCode (node_modules/@storybook/core/dist/babel/index.cjs:141547:13)
      at Nv.nextToken (node_modules/@storybook/core/dist/babel/index.cjs:136654:12)
      at Nv.next (node_modules/@storybook/core/dist/babel/index.cjs:136586:62)
      at Nv.eat (node_modules/@storybook/core/dist/babel/index.cjs:136589:36)
      at Nv.parseObjectProperty (node_modules/@storybook/core/dist/babel/index.cjs:142655:34)
      at Nv.parseObjPropValue (node_modules/@storybook/core/dist/babel/index.cjs:142671:61)
      at Nv.parseObjPropValue (node_modules/@storybook/core/dist/babel/index.cjs:141367:49)
      at Nv.parsePropertyDefinition (node_modules/@storybook/core/dist/babel/index.cjs:142632:19)
      at Nv.parseObjectLike (node_modules/@storybook/core/dist/babel/index.cjs:142596:57)
      at Nv.parseExprAtom (node_modules/@storybook/core/dist/babel/index.cjs:142302:23)
      at Nv.parseExprAtom (node_modules/@storybook/core/dist/babel/index.cjs:139667:45)
      at Nv.parseExprSubscripts (node_modules/@storybook/core/dist/babel/index.cjs:142149:78)
      at Nv.parseUpdate (node_modules/@storybook/core/dist/babel/index.cjs:142139:45)
      at Nv.parseMaybeUnary (node_modules/@storybook/core/dist/babel/index.cjs:142124:20)
      at Nv.parseMaybeUnary (node_modules/@storybook/core/dist/babel/index.cjs:141419:93)
      at Nv.parseMaybeUnaryOrPrivate (node_modules/@storybook/core/dist/babel/index.cjs:142032:63)
      at Nv.parseExprOps (node_modules/@storybook/core/dist/babel/index.cjs:142035:78)
      at Nv.parseMaybeConditional (node_modules/@storybook/core/dist/babel/index.cjs:142020:78)
      at Nv.parseMaybeAssign (node_modules/@storybook/core/dist/babel/index.cjs:142004:20)
      at Nv.parseMaybeAssign (node_modules/@storybook/core/dist/babel/index.cjs:141392:22)
      at node_modules/@storybook/core/dist/babel/index.cjs:141986:41
      at Nv.allowInAnd (node_modules/@storybook/core/dist/babel/index.cjs:142978:14)
      at Nv.parseMaybeAssignAllowIn (node_modules/@storybook/core/dist/babel/index.cjs:141986:19)
      at Nv.parseObjectProperty (node_modules/@storybook/core/dist/babel/index.cjs:142656:81)
      at Nv.parseObjPropValue (node_modules/@storybook/core/dist/babel/index.cjs:142671:61)
      at Nv.parseObjPropValue (node_modules/@storybook/core/dist/babel/index.cjs:141367:49)
      at Nv.parsePropertyDefinition (node_modules/@storybook/core/dist/babel/index.cjs:142632:19)
      at Nv.parseObjectLike (node_modules/@storybook/core/dist/babel/index.cjs:142596:57)
      at Nv.parseExprAtom (node_modules/@storybook/core/dist/babel/index.cjs:142302:23)
      at Nv.parseExprAtom (node_modules/@storybook/core/dist/babel/index.cjs:139667:45)
      at Nv.parseExprSubscripts (node_modules/@storybook/core/dist/babel/index.cjs:142149:78)
      at Nv.parseUpdate (node_modules/@storybook/core/dist/babel/index.cjs:142139:45)
      at Nv.parseMaybeUnary (node_modules/@storybook/core/dist/babel/index.cjs:142124:20)
      at Nv.parseMaybeUnary (node_modules/@storybook/core/dist/babel/index.cjs:141419:93)
      at Nv.parseMaybeUnaryOrPrivate (node_modules/@storybook/core/dist/babel/index.cjs:142032:63)
      at Nv.parseExprOps (node_modules/@storybook/core/dist/babel/index.cjs:142035:78)
      at Nv.parseMaybeConditional (node_modules/@storybook/core/dist/babel/index.cjs:142020:78)
      at Nv.parseMaybeAssign (node_modules/@storybook/core/dist/babel/index.cjs:142004:20)
      at Nv.parseMaybeAssign (node_modules/@storybook/core/dist/babel/index.cjs:141392:22)
      at node_modules/@storybook/core/dist/babel/index.cjs:141986:41
      at Nv.allowInAnd (node_modules/@storybook/core/dist/babel/index.cjs:142978:14)
      at Nv.parseMaybeAssignAllowIn (node_modules/@storybook/core/dist/babel/index.cjs:141986:19)
      at Nv.parseObjectProperty (node_modules/@storybook/core/dist/babel/index.cjs:142656:81)
      at Nv.parseObjPropValue (node_modules/@storybook/core/dist/babel/index.cjs:142671:61)
      If you are in development, this likely indicates a problem with your Storybook process,
      check the terminal for errors.
      If you are in a deployed Storybook, there may have been an issue deploying the full Storybook
      build.
      at ns2.getStoryIndexFromServer (packages/components/http:/localhost:6007/packages/components/node_modules/.cache/storybook/1c3385a5d25e538d10b518b310c74d3ca2690b6aaffeadccd74da79736171f86/sb-vite/deps/storybook_internal_preview_runtime.js?v=b3da04b4:8624:11)
      at async ns2.initializeWithProjectAnnotations (packages/components/http:/localhost:6007/packages/components/node_modules/.cache/storybook/1c3385a5d25e538d10b518b310c74d3ca2690b6aaffeadccd74da79736171f86/sb-vite/deps/storybook_internal_preview_runtime.js?v=b3da04b4:8606:15)
      at async ns2.initialize (packages/components/http:/localhost:6007/packages/components/node_modules/.cache/storybook/1c3385a5d25e538d10b518b310c74d3ca2690b6aaffeadccd74da79736171f86/sb-vite/deps/storybook_internal_preview_runtime.js?v=b3da04b4:8581:39)

  ● Components/InputField › PolymorphicRendering › smoke-test

    page.evaluate: Error: Axe is already running. Use `await axe.run()` to wait for the previous run to finish before starting a new run.

      at E (eval at <anonymous> (eval at evaluate (:311:30))packages/components/, <anonymous>:12:93952)
      at axe.run (eval at <anonymous> (eval at evaluate (:311:30))packages/components/, <anonymous>:12:473583)
      at eval (eval at evaluate (:311:30)packages/components/, <anonymous>:2:27)
      at UtilityScript.evaluate (packages/components/<anonymous>:313:16)
      at UtilityScript.<anonymous> (packages/components/<anonymous>:1:44)
      at node_modules/axe-playwright/dist/index.js:74:31
      at node_modules/axe-playwright/dist/index.js:31:71
      at Object.<anonymous>.__awaiter (node_modules/axe-playwright/dist/index.js:27:12)
      at getAxeResults (node_modules/axe-playwright/dist/index.js:73:51)
      at node_modules/axe-playwright/dist/index.js:87:52
      at node_modules/axe-playwright/dist/index.js:31:71
      at Object.<anonymous>.__awaiter (node_modules/axe-playwright/dist/index.js:27:12)
      at getViolations (node_modules/axe-playwright/dist/index.js:86:51)
      at node_modules/axe-playwright/dist/index.js:111:56
      at node_modules/axe-playwright/dist/index.js:31:71
      at Object.<anonymous>.__awaiter (node_modules/axe-playwright/dist/index.js:27:12)
      at checkA11y (node_modules/axe-playwright/dist/index.js:109:42)
      at postVisit (.storybook/test-runner.ts:13:20)
      at packages/components/src/InputField/InputField.stories.tsx:2528:68
      at step (packages/components/src/InputField/InputField.stories.tsx:110:23)
      at Object.<anonymous> (packages/components/src/InputField/InputField.stories.tsx:51:20)
      at asyncGeneratorStep (packages/components/src/InputField/InputField.stories.tsx:4:28)
      at _next (packages/components/src/InputField/InputField.stories.tsx:19:17)

  ● Components/InputField › AccessibilityDemo › smoke-test

    SB_PREVIEW_API_0006 (StoryIndexFetchError): Error fetching `/index.json`:

    Unable to index ./src/Table/EnhancedTable.stories.tsx:
      SyntaxError: Expecting Unicode escape sequence \uXXXX. (1467:15)

      at constructor (node_modules/@storybook/core/dist/babel/index.cjs:134900:15)
      at Nv.raise (node_modules/@storybook/core/dist/babel/index.cjs:137217:54)
      at Nv.readWord1 (node_modules/@storybook/core/dist/babel/index.cjs:137193:18)
      at Nv.readWord (node_modules/@storybook/core/dist/babel/index.cjs:137205:20)
      at Nv.getTokenFromCode (node_modules/@storybook/core/dist/babel/index.cjs:137028:16)
      at Nv.getTokenFromCode (node_modules/@storybook/core/dist/babel/index.cjs:139696:13)
      at Nv.getTokenFromCode (node_modules/@storybook/core/dist/babel/index.cjs:141547:13)
      at Nv.nextToken (node_modules/@storybook/core/dist/babel/index.cjs:136654:12)
      at Nv.next (node_modules/@storybook/core/dist/babel/index.cjs:136586:62)
      at Nv.eat (node_modules/@storybook/core/dist/babel/index.cjs:136589:36)
      at Nv.parseObjectProperty (node_modules/@storybook/core/dist/babel/index.cjs:142655:34)
      at Nv.parseObjPropValue (node_modules/@storybook/core/dist/babel/index.cjs:142671:61)
      at Nv.parseObjPropValue (node_modules/@storybook/core/dist/babel/index.cjs:141367:49)
      at Nv.parsePropertyDefinition (node_modules/@storybook/core/dist/babel/index.cjs:142632:19)
      at Nv.parseObjectLike (node_modules/@storybook/core/dist/babel/index.cjs:142596:57)
      at Nv.parseExprAtom (node_modules/@storybook/core/dist/babel/index.cjs:142302:23)
      at Nv.parseExprAtom (node_modules/@storybook/core/dist/babel/index.cjs:139667:45)
      at Nv.parseExprSubscripts (node_modules/@storybook/core/dist/babel/index.cjs:142149:78)
      at Nv.parseUpdate (node_modules/@storybook/core/dist/babel/index.cjs:142139:45)
      at Nv.parseMaybeUnary (node_modules/@storybook/core/dist/babel/index.cjs:142124:20)
      at Nv.parseMaybeUnary (node_modules/@storybook/core/dist/babel/index.cjs:141419:93)
      at Nv.parseMaybeUnaryOrPrivate (node_modules/@storybook/core/dist/babel/index.cjs:142032:63)
      at Nv.parseExprOps (node_modules/@storybook/core/dist/babel/index.cjs:142035:78)
      at Nv.parseMaybeConditional (node_modules/@storybook/core/dist/babel/index.cjs:142020:78)
      at Nv.parseMaybeAssign (node_modules/@storybook/core/dist/babel/index.cjs:142004:20)
      at Nv.parseMaybeAssign (node_modules/@storybook/core/dist/babel/index.cjs:141392:22)
      at node_modules/@storybook/core/dist/babel/index.cjs:141986:41
      at Nv.allowInAnd (node_modules/@storybook/core/dist/babel/index.cjs:142978:14)
      at Nv.parseMaybeAssignAllowIn (node_modules/@storybook/core/dist/babel/index.cjs:141986:19)
      at Nv.parseObjectProperty (node_modules/@storybook/core/dist/babel/index.cjs:142656:81)
      at Nv.parseObjPropValue (node_modules/@storybook/core/dist/babel/index.cjs:142671:61)
      at Nv.parseObjPropValue (node_modules/@storybook/core/dist/babel/index.cjs:141367:49)
      at Nv.parsePropertyDefinition (node_modules/@storybook/core/dist/babel/index.cjs:142632:19)
      at Nv.parseObjectLike (node_modules/@storybook/core/dist/babel/index.cjs:142596:57)
      at Nv.parseExprAtom (node_modules/@storybook/core/dist/babel/index.cjs:142302:23)
      at Nv.parseExprAtom (node_modules/@storybook/core/dist/babel/index.cjs:139667:45)
      at Nv.parseExprSubscripts (node_modules/@storybook/core/dist/babel/index.cjs:142149:78)
      at Nv.parseUpdate (node_modules/@storybook/core/dist/babel/index.cjs:142139:45)
      at Nv.parseMaybeUnary (node_modules/@storybook/core/dist/babel/index.cjs:142124:20)
      at Nv.parseMaybeUnary (node_modules/@storybook/core/dist/babel/index.cjs:141419:93)
      at Nv.parseMaybeUnaryOrPrivate (node_modules/@storybook/core/dist/babel/index.cjs:142032:63)
      at Nv.parseExprOps (node_modules/@storybook/core/dist/babel/index.cjs:142035:78)
      at Nv.parseMaybeConditional (node_modules/@storybook/core/dist/babel/index.cjs:142020:78)
      at Nv.parseMaybeAssign (node_modules/@storybook/core/dist/babel/index.cjs:142004:20)
      at Nv.parseMaybeAssign (node_modules/@storybook/core/dist/babel/index.cjs:141392:22)
      at node_modules/@storybook/core/dist/babel/index.cjs:141986:41
      at Nv.allowInAnd (node_modules/@storybook/core/dist/babel/index.cjs:142978:14)
      at Nv.parseMaybeAssignAllowIn (node_modules/@storybook/core/dist/babel/index.cjs:141986:19)
      at Nv.parseObjectProperty (node_modules/@storybook/core/dist/babel/index.cjs:142656:81)
      at Nv.parseObjPropValue (node_modules/@storybook/core/dist/babel/index.cjs:142671:61)
      If you are in development, this likely indicates a problem with your Storybook process,
      check the terminal for errors.
      If you are in a deployed Storybook, there may have been an issue deploying the full Storybook
      build.
      at constructor (node_modules/@storybook/core/dist/babel/index.cjs:134900:15)
      at Nv.raise (node_modules/@storybook/core/dist/babel/index.cjs:137217:54)
      at Nv.readWord1 (node_modules/@storybook/core/dist/babel/index.cjs:137193:18)
      at Nv.readWord (node_modules/@storybook/core/dist/babel/index.cjs:137205:20)
      at Nv.getTokenFromCode (node_modules/@storybook/core/dist/babel/index.cjs:137028:16)
      at Nv.getTokenFromCode (node_modules/@storybook/core/dist/babel/index.cjs:139696:13)
      at Nv.getTokenFromCode (node_modules/@storybook/core/dist/babel/index.cjs:141547:13)
      at Nv.nextToken (node_modules/@storybook/core/dist/babel/index.cjs:136654:12)
      at Nv.next (node_modules/@storybook/core/dist/babel/index.cjs:136586:62)
      at Nv.eat (node_modules/@storybook/core/dist/babel/index.cjs:136589:36)
      at Nv.parseObjectProperty (node_modules/@storybook/core/dist/babel/index.cjs:142655:34)
      at Nv.parseObjPropValue (node_modules/@storybook/core/dist/babel/index.cjs:142671:61)
      at Nv.parseObjPropValue (node_modules/@storybook/core/dist/babel/index.cjs:141367:49)
      at Nv.parsePropertyDefinition (node_modules/@storybook/core/dist/babel/index.cjs:142632:19)
      at Nv.parseObjectLike (node_modules/@storybook/core/dist/babel/index.cjs:142596:57)
      at Nv.parseExprAtom (node_modules/@storybook/core/dist/babel/index.cjs:142302:23)
      at Nv.parseExprAtom (node_modules/@storybook/core/dist/babel/index.cjs:139667:45)
      at Nv.parseExprSubscripts (node_modules/@storybook/core/dist/babel/index.cjs:142149:78)
      at Nv.parseUpdate (node_modules/@storybook/core/dist/babel/index.cjs:142139:45)
      at Nv.parseMaybeUnary (node_modules/@storybook/core/dist/babel/index.cjs:142124:20)
      at Nv.parseMaybeUnary (node_modules/@storybook/core/dist/babel/index.cjs:141419:93)
      at Nv.parseMaybeUnaryOrPrivate (node_modules/@storybook/core/dist/babel/index.cjs:142032:63)
      at Nv.parseExprOps (node_modules/@storybook/core/dist/babel/index.cjs:142035:78)
      at Nv.parseMaybeConditional (node_modules/@storybook/core/dist/babel/index.cjs:142020:78)
      at Nv.parseMaybeAssign (node_modules/@storybook/core/dist/babel/index.cjs:142004:20)
      at Nv.parseMaybeAssign (node_modules/@storybook/core/dist/babel/index.cjs:141392:22)
      at node_modules/@storybook/core/dist/babel/index.cjs:141986:41
      at Nv.allowInAnd (node_modules/@storybook/core/dist/babel/index.cjs:142978:14)
      at Nv.parseMaybeAssignAllowIn (node_modules/@storybook/core/dist/babel/index.cjs:141986:19)
      at Nv.parseObjectProperty (node_modules/@storybook/core/dist/babel/index.cjs:142656:81)
      at Nv.parseObjPropValue (node_modules/@storybook/core/dist/babel/index.cjs:142671:61)
      at Nv.parseObjPropValue (node_modules/@storybook/core/dist/babel/index.cjs:141367:49)
      at Nv.parsePropertyDefinition (node_modules/@storybook/core/dist/babel/index.cjs:142632:19)
      at Nv.parseObjectLike (node_modules/@storybook/core/dist/babel/index.cjs:142596:57)
      at Nv.parseExprAtom (node_modules/@storybook/core/dist/babel/index.cjs:142302:23)
      at Nv.parseExprAtom (node_modules/@storybook/core/dist/babel/index.cjs:139667:45)
      at Nv.parseExprSubscripts (node_modules/@storybook/core/dist/babel/index.cjs:142149:78)
      at Nv.parseUpdate (node_modules/@storybook/core/dist/babel/index.cjs:142139:45)
      at Nv.parseMaybeUnary (node_modules/@storybook/core/dist/babel/index.cjs:142124:20)
      at Nv.parseMaybeUnary (node_modules/@storybook/core/dist/babel/index.cjs:141419:93)
      at Nv.parseMaybeUnaryOrPrivate (node_modules/@storybook/core/dist/babel/index.cjs:142032:63)
      at Nv.parseExprOps (node_modules/@storybook/core/dist/babel/index.cjs:142035:78)
      at Nv.parseMaybeConditional (node_modules/@storybook/core/dist/babel/index.cjs:142020:78)
      at Nv.parseMaybeAssign (node_modules/@storybook/core/dist/babel/index.cjs:142004:20)
      at Nv.parseMaybeAssign (node_modules/@storybook/core/dist/babel/index.cjs:141392:22)
      at node_modules/@storybook/core/dist/babel/index.cjs:141986:41
      at Nv.allowInAnd (node_modules/@storybook/core/dist/babel/index.cjs:142978:14)
      at Nv.parseMaybeAssignAllowIn (node_modules/@storybook/core/dist/babel/index.cjs:141986:19)
      at Nv.parseObjectProperty (node_modules/@storybook/core/dist/babel/index.cjs:142656:81)
      at Nv.parseObjPropValue (node_modules/@storybook/core/dist/babel/index.cjs:142671:61)
      If you are in development, this likely indicates a problem with your Storybook process,
      check the terminal for errors.
      If you are in a deployed Storybook, there may have been an issue deploying the full Storybook
      build.
      at ns2.getStoryIndexFromServer (packages/components/http:/localhost:6007/packages/components/node_modules/.cache/storybook/1c3385a5d25e538d10b518b310c74d3ca2690b6aaffeadccd74da79736171f86/sb-vite/deps/storybook_internal_preview_runtime.js?v=b3da04b4:8624:11)
      at async ns2.initializeWithProjectAnnotations (packages/components/http:/localhost:6007/packages/components/node_modules/.cache/storybook/1c3385a5d25e538d10b518b310c74d3ca2690b6aaffeadccd74da79736171f86/sb-vite/deps/storybook_internal_preview_runtime.js?v=b3da04b4:8606:15)
      at async ns2.initialize (packages/components/http:/localhost:6007/packages/components/node_modules/.cache/storybook/1c3385a5d25e538d10b518b310c74d3ca2690b6aaffeadccd74da79736171f86/sb-vite/deps/storybook_internal_preview_runtime.js?v=b3da04b4:8581:39)

  ● Components/InputField › ComponentMaturity › smoke-test

    SB_PREVIEW_API_0006 (StoryIndexFetchError): Error fetching `/index.json`:

    Unable to index ./src/Table/EnhancedTable.stories.tsx:
      SyntaxError: Expecting Unicode escape sequence \uXXXX. (1467:15)

      at constructor (node_modules/@storybook/core/dist/babel/index.cjs:134900:15)
      at Nv.raise (node_modules/@storybook/core/dist/babel/index.cjs:137217:54)
      at Nv.readWord1 (node_modules/@storybook/core/dist/babel/index.cjs:137193:18)
      at Nv.readWord (node_modules/@storybook/core/dist/babel/index.cjs:137205:20)
      at Nv.getTokenFromCode (node_modules/@storybook/core/dist/babel/index.cjs:137028:16)
      at Nv.getTokenFromCode (node_modules/@storybook/core/dist/babel/index.cjs:139696:13)
      at Nv.getTokenFromCode (node_modules/@storybook/core/dist/babel/index.cjs:141547:13)
      at Nv.nextToken (node_modules/@storybook/core/dist/babel/index.cjs:136654:12)
      at Nv.next (node_modules/@storybook/core/dist/babel/index.cjs:136586:62)
      at Nv.eat (node_modules/@storybook/core/dist/babel/index.cjs:136589:36)
      at Nv.parseObjectProperty (node_modules/@storybook/core/dist/babel/index.cjs:142655:34)
      at Nv.parseObjPropValue (node_modules/@storybook/core/dist/babel/index.cjs:142671:61)
      at Nv.parseObjPropValue (node_modules/@storybook/core/dist/babel/index.cjs:141367:49)
      at Nv.parsePropertyDefinition (node_modules/@storybook/core/dist/babel/index.cjs:142632:19)
      at Nv.parseObjectLike (node_modules/@storybook/core/dist/babel/index.cjs:142596:57)
      at Nv.parseExprAtom (node_modules/@storybook/core/dist/babel/index.cjs:142302:23)
      at Nv.parseExprAtom (node_modules/@storybook/core/dist/babel/index.cjs:139667:45)
      at Nv.parseExprSubscripts (node_modules/@storybook/core/dist/babel/index.cjs:142149:78)
      at Nv.parseUpdate (node_modules/@storybook/core/dist/babel/index.cjs:142139:45)
      at Nv.parseMaybeUnary (node_modules/@storybook/core/dist/babel/index.cjs:142124:20)
      at Nv.parseMaybeUnary (node_modules/@storybook/core/dist/babel/index.cjs:141419:93)
      at Nv.parseMaybeUnaryOrPrivate (node_modules/@storybook/core/dist/babel/index.cjs:142032:63)
      at Nv.parseExprOps (node_modules/@storybook/core/dist/babel/index.cjs:142035:78)
      at Nv.parseMaybeConditional (node_modules/@storybook/core/dist/babel/index.cjs:142020:78)
      at Nv.parseMaybeAssign (node_modules/@storybook/core/dist/babel/index.cjs:142004:20)
      at Nv.parseMaybeAssign (node_modules/@storybook/core/dist/babel/index.cjs:141392:22)
      at node_modules/@storybook/core/dist/babel/index.cjs:141986:41
      at Nv.allowInAnd (node_modules/@storybook/core/dist/babel/index.cjs:142978:14)
      at Nv.parseMaybeAssignAllowIn (node_modules/@storybook/core/dist/babel/index.cjs:141986:19)
      at Nv.parseObjectProperty (node_modules/@storybook/core/dist/babel/index.cjs:142656:81)
      at Nv.parseObjPropValue (node_modules/@storybook/core/dist/babel/index.cjs:142671:61)
      at Nv.parseObjPropValue (node_modules/@storybook/core/dist/babel/index.cjs:141367:49)
      at Nv.parsePropertyDefinition (node_modules/@storybook/core/dist/babel/index.cjs:142632:19)
      at Nv.parseObjectLike (node_modules/@storybook/core/dist/babel/index.cjs:142596:57)
      at Nv.parseExprAtom (node_modules/@storybook/core/dist/babel/index.cjs:142302:23)
      at Nv.parseExprAtom (node_modules/@storybook/core/dist/babel/index.cjs:139667:45)
      at Nv.parseExprSubscripts (node_modules/@storybook/core/dist/babel/index.cjs:142149:78)
      at Nv.parseUpdate (node_modules/@storybook/core/dist/babel/index.cjs:142139:45)
      at Nv.parseMaybeUnary (node_modules/@storybook/core/dist/babel/index.cjs:142124:20)
      at Nv.parseMaybeUnary (node_modules/@storybook/core/dist/babel/index.cjs:141419:93)
      at Nv.parseMaybeUnaryOrPrivate (node_modules/@storybook/core/dist/babel/index.cjs:142032:63)
      at Nv.parseExprOps (node_modules/@storybook/core/dist/babel/index.cjs:142035:78)
      at Nv.parseMaybeConditional (node_modules/@storybook/core/dist/babel/index.cjs:142020:78)
      at Nv.parseMaybeAssign (node_modules/@storybook/core/dist/babel/index.cjs:142004:20)
      at Nv.parseMaybeAssign (node_modules/@storybook/core/dist/babel/index.cjs:141392:22)
      at node_modules/@storybook/core/dist/babel/index.cjs:141986:41
      at Nv.allowInAnd (node_modules/@storybook/core/dist/babel/index.cjs:142978:14)
      at Nv.parseMaybeAssignAllowIn (node_modules/@storybook/core/dist/babel/index.cjs:141986:19)
      at Nv.parseObjectProperty (node_modules/@storybook/core/dist/babel/index.cjs:142656:81)
      at Nv.parseObjPropValue (node_modules/@storybook/core/dist/babel/index.cjs:142671:61)
      If you are in development, this likely indicates a problem with your Storybook process,
      check the terminal for errors.
      If you are in a deployed Storybook, there may have been an issue deploying the full Storybook
      build.
      at constructor (node_modules/@storybook/core/dist/babel/index.cjs:134900:15)
      at Nv.raise (node_modules/@storybook/core/dist/babel/index.cjs:137217:54)
      at Nv.readWord1 (node_modules/@storybook/core/dist/babel/index.cjs:137193:18)
      at Nv.readWord (node_modules/@storybook/core/dist/babel/index.cjs:137205:20)
      at Nv.getTokenFromCode (node_modules/@storybook/core/dist/babel/index.cjs:137028:16)
      at Nv.getTokenFromCode (node_modules/@storybook/core/dist/babel/index.cjs:139696:13)
      at Nv.getTokenFromCode (node_modules/@storybook/core/dist/babel/index.cjs:141547:13)
      at Nv.nextToken (node_modules/@storybook/core/dist/babel/index.cjs:136654:12)
      at Nv.next (node_modules/@storybook/core/dist/babel/index.cjs:136586:62)
      at Nv.eat (node_modules/@storybook/core/dist/babel/index.cjs:136589:36)
      at Nv.parseObjectProperty (node_modules/@storybook/core/dist/babel/index.cjs:142655:34)
      at Nv.parseObjPropValue (node_modules/@storybook/core/dist/babel/index.cjs:142671:61)
      at Nv.parseObjPropValue (node_modules/@storybook/core/dist/babel/index.cjs:141367:49)
      at Nv.parsePropertyDefinition (node_modules/@storybook/core/dist/babel/index.cjs:142632:19)
      at Nv.parseObjectLike (node_modules/@storybook/core/dist/babel/index.cjs:142596:57)
      at Nv.parseExprAtom (node_modules/@storybook/core/dist/babel/index.cjs:142302:23)
      at Nv.parseExprAtom (node_modules/@storybook/core/dist/babel/index.cjs:139667:45)
      at Nv.parseExprSubscripts (node_modules/@storybook/core/dist/babel/index.cjs:142149:78)
      at Nv.parseUpdate (node_modules/@storybook/core/dist/babel/index.cjs:142139:45)
      at Nv.parseMaybeUnary (node_modules/@storybook/core/dist/babel/index.cjs:142124:20)
      at Nv.parseMaybeUnary (node_modules/@storybook/core/dist/babel/index.cjs:141419:93)
      at Nv.parseMaybeUnaryOrPrivate (node_modules/@storybook/core/dist/babel/index.cjs:142032:63)
      at Nv.parseExprOps (node_modules/@storybook/core/dist/babel/index.cjs:142035:78)
      at Nv.parseMaybeConditional (node_modules/@storybook/core/dist/babel/index.cjs:142020:78)
      at Nv.parseMaybeAssign (node_modules/@storybook/core/dist/babel/index.cjs:142004:20)
      at Nv.parseMaybeAssign (node_modules/@storybook/core/dist/babel/index.cjs:141392:22)
      at node_modules/@storybook/core/dist/babel/index.cjs:141986:41
      at Nv.allowInAnd (node_modules/@storybook/core/dist/babel/index.cjs:142978:14)
      at Nv.parseMaybeAssignAllowIn (node_modules/@storybook/core/dist/babel/index.cjs:141986:19)
      at Nv.parseObjectProperty (node_modules/@storybook/core/dist/babel/index.cjs:142656:81)
      at Nv.parseObjPropValue (node_modules/@storybook/core/dist/babel/index.cjs:142671:61)
      at Nv.parseObjPropValue (node_modules/@storybook/core/dist/babel/index.cjs:141367:49)
      at Nv.parsePropertyDefinition (node_modules/@storybook/core/dist/babel/index.cjs:142632:19)
      at Nv.parseObjectLike (node_modules/@storybook/core/dist/babel/index.cjs:142596:57)
      at Nv.parseExprAtom (node_modules/@storybook/core/dist/babel/index.cjs:142302:23)
      at Nv.parseExprAtom (node_modules/@storybook/core/dist/babel/index.cjs:139667:45)
      at Nv.parseExprSubscripts (node_modules/@storybook/core/dist/babel/index.cjs:142149:78)
      at Nv.parseUpdate (node_modules/@storybook/core/dist/babel/index.cjs:142139:45)
      at Nv.parseMaybeUnary (node_modules/@storybook/core/dist/babel/index.cjs:142124:20)
      at Nv.parseMaybeUnary (node_modules/@storybook/core/dist/babel/index.cjs:141419:93)
      at Nv.parseMaybeUnaryOrPrivate (node_modules/@storybook/core/dist/babel/index.cjs:142032:63)
      at Nv.parseExprOps (node_modules/@storybook/core/dist/babel/index.cjs:142035:78)
      at Nv.parseMaybeConditional (node_modules/@storybook/core/dist/babel/index.cjs:142020:78)
      at Nv.parseMaybeAssign (node_modules/@storybook/core/dist/babel/index.cjs:142004:20)
      at Nv.parseMaybeAssign (node_modules/@storybook/core/dist/babel/index.cjs:141392:22)
      at node_modules/@storybook/core/dist/babel/index.cjs:141986:41
      at Nv.allowInAnd (node_modules/@storybook/core/dist/babel/index.cjs:142978:14)
      at Nv.parseMaybeAssignAllowIn (node_modules/@storybook/core/dist/babel/index.cjs:141986:19)
      at Nv.parseObjectProperty (node_modules/@storybook/core/dist/babel/index.cjs:142656:81)
      at Nv.parseObjPropValue (node_modules/@storybook/core/dist/babel/index.cjs:142671:61)
      If you are in development, this likely indicates a problem with your Storybook process,
      check the terminal for errors.
      If you are in a deployed Storybook, there may have been an issue deploying the full Storybook
      build.
      at ns2.getStoryIndexFromServer (packages/components/http:/localhost:6007/packages/components/node_modules/.cache/storybook/1c3385a5d25e538d10b518b310c74d3ca2690b6aaffeadccd74da79736171f86/sb-vite/deps/storybook_internal_preview_runtime.js?v=b3da04b4:8624:11)
      at async ns2.initializeWithProjectAnnotations (packages/components/http:/localhost:6007/packages/components/node_modules/.cache/storybook/1c3385a5d25e538d10b518b310c74d3ca2690b6aaffeadccd74da79736171f86/sb-vite/deps/storybook_internal_preview_runtime.js?v=b3da04b4:8606:15)
      at async ns2.initialize (packages/components/http:/localhost:6007/packages/components/node_modules/.cache/storybook/1c3385a5d25e538d10b518b310c74d3ca2690b6aaffeadccd74da79736171f86/sb-vite/deps/storybook_internal_preview_runtime.js?v=b3da04b4:8581:39)

  ● Components/InputField › ComponentMaturity › smoke-test

    assert.strictEqual(received, expected)

    Expected value to strictly be equal to:
      0
    Received:
      1

    Message:
      1 accessibility violation was detected

    1 !== 0

      at testResultDependsOnViolations (node_modules/axe-playwright/dist/utils.js:16:26)
      at node_modules/axe-playwright/dist/index.js:143:51
      at fulfilled (node_modules/axe-playwright/dist/index.js:28:58)

Summary of all failing tests
FAIL packages/components/src/Table/EnhancedTable.stories.tsx
  ● Test suite failed to run

    Jest encountered an unexpected token

    Jest failed to parse a file. This happens e.g. when your code or its dependencies use non-standard JavaScript syntax, or when Jest is not configured to support such syntax.

    Out of the box Jest supports Babel, which will be used to transform your files into valid JS based on your Babel configuration.

    By default "node_modules" folder is ignored by transformers.

    Here's what you can do:
     • If you are trying to use ECMAScript Modules, see https://jestjs.io/docs/ecmascript-modules for how to enable it.
     • If you are trying to use TypeScript, see https://jestjs.io/docs/getting-started#using-typescript
     • To have some of your "node_modules" files transformed, you can specify a custom "transformIgnorePatterns" in your config.
     • If you need a custom transformation specify a "transform" option in your config.
     • If you simply want to mock your non-JS modules (e.g. binary assets) you can stub them out with the "moduleNameMapper" config option.

    You'll find more details and examples of these config options in the docs:
    https://jestjs.io/docs/configuration
    For information about custom transformations, see:
    https://jestjs.io/docs/code-transformation

    Details:

    SyntaxError: Expecting Unicode escape sequence \uXXXX. (1467:15)

      at constructor (node_modules/@storybook/core/dist/babel/index.cjs:134900:15)
      at Nv.raise (node_modules/@storybook/core/dist/babel/index.cjs:137217:54)
      at Nv.readWord1 (node_modules/@storybook/core/dist/babel/index.cjs:137193:18)
      at Nv.readWord (node_modules/@storybook/core/dist/babel/index.cjs:137205:20)
      at Nv.getTokenFromCode (node_modules/@storybook/core/dist/babel/index.cjs:137028:16)
      at Nv.getTokenFromCode (node_modules/@storybook/core/dist/babel/index.cjs:139696:13)
      at Nv.getTokenFromCode (node_modules/@storybook/core/dist/babel/index.cjs:141547:13)
      at Nv.nextToken (node_modules/@storybook/core/dist/babel/index.cjs:136654:12)
      at Nv.next (node_modules/@storybook/core/dist/babel/index.cjs:136586:62)
      at Nv.eat (node_modules/@storybook/core/dist/babel/index.cjs:136589:36)
      at Nv.parseObjectProperty (node_modules/@storybook/core/dist/babel/index.cjs:142655:34)
      at Nv.parseObjPropValue (node_modules/@storybook/core/dist/babel/index.cjs:142671:61)
      at Nv.parseObjPropValue (node_modules/@storybook/core/dist/babel/index.cjs:141367:49)
      at Nv.parsePropertyDefinition (node_modules/@storybook/core/dist/babel/index.cjs:142632:19)
      at Nv.parseObjectLike (node_modules/@storybook/core/dist/babel/index.cjs:142596:57)
      at Nv.parseExprAtom (node_modules/@storybook/core/dist/babel/index.cjs:142302:23)
      at Nv.parseExprAtom (node_modules/@storybook/core/dist/babel/index.cjs:139667:45)
      at Nv.parseExprSubscripts (node_modules/@storybook/core/dist/babel/index.cjs:142149:78)
      at Nv.parseUpdate (node_modules/@storybook/core/dist/babel/index.cjs:142139:45)
      at Nv.parseMaybeUnary (node_modules/@storybook/core/dist/babel/index.cjs:142124:20)
      at Nv.parseMaybeUnary (node_modules/@storybook/core/dist/babel/index.cjs:141419:93)
      at Nv.parseMaybeUnaryOrPrivate (node_modules/@storybook/core/dist/babel/index.cjs:142032:63)
      at Nv.parseExprOps (node_modules/@storybook/core/dist/babel/index.cjs:142035:78)
      at Nv.parseMaybeConditional (node_modules/@storybook/core/dist/babel/index.cjs:142020:78)
      at Nv.parseMaybeAssign (node_modules/@storybook/core/dist/babel/index.cjs:142004:20)
      at Nv.parseMaybeAssign (node_modules/@storybook/core/dist/babel/index.cjs:141392:22)
      at node_modules/@storybook/core/dist/babel/index.cjs:141986:41
      at Nv.allowInAnd (node_modules/@storybook/core/dist/babel/index.cjs:142978:14)
      at Nv.parseMaybeAssignAllowIn (node_modules/@storybook/core/dist/babel/index.cjs:141986:19)
      at Nv.parseObjectProperty (node_modules/@storybook/core/dist/babel/index.cjs:142656:81)
      at Nv.parseObjPropValue (node_modules/@storybook/core/dist/babel/index.cjs:142671:61)
      at Nv.parseObjPropValue (node_modules/@storybook/core/dist/babel/index.cjs:141367:49)
      at Nv.parsePropertyDefinition (node_modules/@storybook/core/dist/babel/index.cjs:142632:19)
      at Nv.parseObjectLike (node_modules/@storybook/core/dist/babel/index.cjs:142596:57)
      at Nv.parseExprAtom (node_modules/@storybook/core/dist/babel/index.cjs:142302:23)
      at Nv.parseExprAtom (node_modules/@storybook/core/dist/babel/index.cjs:139667:45)
      at Nv.parseExprSubscripts (node_modules/@storybook/core/dist/babel/index.cjs:142149:78)
      at Nv.parseUpdate (node_modules/@storybook/core/dist/babel/index.cjs:142139:45)
      at Nv.parseMaybeUnary (node_modules/@storybook/core/dist/babel/index.cjs:142124:20)
      at Nv.parseMaybeUnary (node_modules/@storybook/core/dist/babel/index.cjs:141419:93)
      at Nv.parseMaybeUnaryOrPrivate (node_modules/@storybook/core/dist/babel/index.cjs:142032:63)
      at Nv.parseExprOps (node_modules/@storybook/core/dist/babel/index.cjs:142035:78)
      at Nv.parseMaybeConditional (node_modules/@storybook/core/dist/babel/index.cjs:142020:78)
      at Nv.parseMaybeAssign (node_modules/@storybook/core/dist/babel/index.cjs:142004:20)
      at Nv.parseMaybeAssign (node_modules/@storybook/core/dist/babel/index.cjs:141392:22)
      at node_modules/@storybook/core/dist/babel/index.cjs:141986:41
      at Nv.allowInAnd (node_modules/@storybook/core/dist/babel/index.cjs:142978:14)
      at Nv.parseMaybeAssignAllowIn (node_modules/@storybook/core/dist/babel/index.cjs:141986:19)
      at Nv.parseObjectProperty (node_modules/@storybook/core/dist/babel/index.cjs:142656:81)
      at Nv.parseObjPropValue (node_modules/@storybook/core/dist/babel/index.cjs:142671:61)
      at Nv.parseObjPropValue (node_modules/@storybook/core/dist/babel/index.cjs:141367:49)
      at Nv.parsePropertyDefinition (node_modules/@storybook/core/dist/babel/index.cjs:142632:19)
      at Nv.parseObjectLike (node_modules/@storybook/core/dist/babel/index.cjs:142596:57)
      at Nv.parseExprAtom (node_modules/@storybook/core/dist/babel/index.cjs:142302:23)
      at Nv.parseExprAtom (node_modules/@storybook/core/dist/babel/index.cjs:139667:45)
      at Nv.parseExprSubscripts (node_modules/@storybook/core/dist/babel/index.cjs:142149:78)
      at Nv.parseUpdate (node_modules/@storybook/core/dist/babel/index.cjs:142139:45)
      at Nv.parseMaybeUnary (node_modules/@storybook/core/dist/babel/index.cjs:142124:20)
      at Nv.parseMaybeUnary (node_modules/@storybook/core/dist/babel/index.cjs:141419:93)
      at Nv.parseMaybeUnaryOrPrivate (node_modules/@storybook/core/dist/babel/index.cjs:142032:63)
      at Nv.parseExprOps (node_modules/@storybook/core/dist/babel/index.cjs:142035:78)
      at Nv.parseMaybeConditional (node_modules/@storybook/core/dist/babel/index.cjs:142020:78)
      at Nv.parseMaybeAssign (node_modules/@storybook/core/dist/babel/index.cjs:142004:20)
      at Nv.parseMaybeAssign (node_modules/@storybook/core/dist/babel/index.cjs:141392:22)
      at node_modules/@storybook/core/dist/babel/index.cjs:141986:41
      at Nv.allowInAnd (node_modules/@storybook/core/dist/babel/index.cjs:142978:14)
      at Nv.parseMaybeAssignAllowIn (node_modules/@storybook/core/dist/babel/index.cjs:141986:19)
      at Nv.parseObjectProperty (node_modules/@storybook/core/dist/babel/index.cjs:142656:81)
      at Nv.parseObjPropValue (node_modules/@storybook/core/dist/babel/index.cjs:142671:61)
      at Nv.parseObjPropValue (node_modules/@storybook/core/dist/babel/index.cjs:141367:49)
      at Nv.parsePropertyDefinition (node_modules/@storybook/core/dist/babel/index.cjs:142632:19)
      at Nv.parseObjectLike (node_modules/@storybook/core/dist/babel/index.cjs:142596:57)
      at Nv.parseExprAtom (node_modules/@storybook/core/dist/babel/index.cjs:142302:23)
      at Nv.parseExprAtom (node_modules/@storybook/core/dist/babel/index.cjs:139667:45)
      at Nv.parseExprSubscripts (node_modules/@storybook/core/dist/babel/index.cjs:142149:78)
      at Nv.parseUpdate (node_modules/@storybook/core/dist/babel/index.cjs:142139:45)
      at Nv.parseMaybeUnary (node_modules/@storybook/core/dist/babel/index.cjs:142124:20)
      at Nv.parseMaybeUnary (node_modules/@storybook/core/dist/babel/index.cjs:141419:93)
      at Nv.parseMaybeUnaryOrPrivate (node_modules/@storybook/core/dist/babel/index.cjs:142032:63)
      at Nv.parseExprOps (node_modules/@storybook/core/dist/babel/index.cjs:142035:78)
      at Nv.parseMaybeConditional (node_modules/@storybook/core/dist/babel/index.cjs:142020:78)
      at Nv.parseMaybeAssign (node_modules/@storybook/core/dist/babel/index.cjs:142004:20)
      at Nv.parseMaybeAssign (node_modules/@storybook/core/dist/babel/index.cjs:141392:22)
      at node_modules/@storybook/core/dist/babel/index.cjs:141986:41
      at Nv.allowInAnd (node_modules/@storybook/core/dist/babel/index.cjs:142973:18)
      at Nv.parseMaybeAssignAllowIn (node_modules/@storybook/core/dist/babel/index.cjs:141986:19)
      at Nv.parseVar (node_modules/@storybook/core/dist/babel/index.cjs:143548:105)
      at Nv.parseVarStatement (node_modules/@storybook/core/dist/babel/index.cjs:143462:32)
      at Nv.parseVarStatement (node_modules/@storybook/core/dist/babel/index.cjs:141214:33)
      at Nv.parseStatementContent (node_modules/@storybook/core/dist/babel/index.cjs:143261:23)
      at Nv.parseStatementContent (node_modules/@storybook/core/dist/babel/index.cjs:141237:20)
      at Nv.parseStatementLike (node_modules/@storybook/core/dist/babel/index.cjs:143209:69)
      at Nv.parseStatementListItem (node_modules/@storybook/core/dist/babel/index.cjs:143198:19)
      at Nv.parseExportDeclaration (node_modules/@storybook/core/dist/babel/index.cjs:143861:80)
      at Nv.parseExportDeclaration (node_modules/@storybook/core/dist/babel/index.cjs:141304:82)
      at Nv.maybeParseExportDeclaration (node_modules/@storybook/core/dist/babel/index.cjs:143837:33)
      at Nv.parseExport (node_modules/@storybook/core/dist/babel/index.cjs:143785:18)
      at Nv.parseExport (node_modules/@storybook/core/dist/babel/index.cjs:141195:22)
      at Nv.parseStatementContent (node_modules/@storybook/core/dist/babel/index.cjs:143280:48)
      at Nv.parseStatementContent (node_modules/@storybook/core/dist/babel/index.cjs:141237:20)

FAIL packages/components/src/Table/CustomTableComposition.stories.tsx (123.848 s)
  ● Components/Table/Custom Composition › BasicCustomTable › smoke-test

    SB_PREVIEW_API_0006 (StoryIndexFetchError): Error fetching `/index.json`:

    Unable to index ./src/Table/EnhancedTable.stories.tsx:
      SyntaxError: Expecting Unicode escape sequence \uXXXX. (1467:15)

      at constructor (node_modules/@storybook/core/dist/babel/index.cjs:134900:15)
      at Nv.raise (node_modules/@storybook/core/dist/babel/index.cjs:137217:54)
      at Nv.readWord1 (node_modules/@storybook/core/dist/babel/index.cjs:137193:18)
      at Nv.readWord (node_modules/@storybook/core/dist/babel/index.cjs:137205:20)
      at Nv.getTokenFromCode (node_modules/@storybook/core/dist/babel/index.cjs:137028:16)
      at Nv.getTokenFromCode (node_modules/@storybook/core/dist/babel/index.cjs:139696:13)
      at Nv.getTokenFromCode (node_modules/@storybook/core/dist/babel/index.cjs:141547:13)
      at Nv.nextToken (node_modules/@storybook/core/dist/babel/index.cjs:136654:12)
      at Nv.next (node_modules/@storybook/core/dist/babel/index.cjs:136586:62)
      at Nv.eat (node_modules/@storybook/core/dist/babel/index.cjs:136589:36)
      at Nv.parseObjectProperty (node_modules/@storybook/core/dist/babel/index.cjs:142655:34)
      at Nv.parseObjPropValue (node_modules/@storybook/core/dist/babel/index.cjs:142671:61)
      at Nv.parseObjPropValue (node_modules/@storybook/core/dist/babel/index.cjs:141367:49)
      at Nv.parsePropertyDefinition (node_modules/@storybook/core/dist/babel/index.cjs:142632:19)
      at Nv.parseObjectLike (node_modules/@storybook/core/dist/babel/index.cjs:142596:57)
      at Nv.parseExprAtom (node_modules/@storybook/core/dist/babel/index.cjs:142302:23)
      at Nv.parseExprAtom (node_modules/@storybook/core/dist/babel/index.cjs:139667:45)
      at Nv.parseExprSubscripts (node_modules/@storybook/core/dist/babel/index.cjs:142149:78)
      at Nv.parseUpdate (node_modules/@storybook/core/dist/babel/index.cjs:142139:45)
      at Nv.parseMaybeUnary (node_modules/@storybook/core/dist/babel/index.cjs:142124:20)
      at Nv.parseMaybeUnary (node_modules/@storybook/core/dist/babel/index.cjs:141419:93)
      at Nv.parseMaybeUnaryOrPrivate (node_modules/@storybook/core/dist/babel/index.cjs:142032:63)
      at Nv.parseExprOps (node_modules/@storybook/core/dist/babel/index.cjs:142035:78)
      at Nv.parseMaybeConditional (node_modules/@storybook/core/dist/babel/index.cjs:142020:78)
      at Nv.parseMaybeAssign (node_modules/@storybook/core/dist/babel/index.cjs:142004:20)
      at Nv.parseMaybeAssign (node_modules/@storybook/core/dist/babel/index.cjs:141392:22)
      at node_modules/@storybook/core/dist/babel/index.cjs:141986:41
      at Nv.allowInAnd (node_modules/@storybook/core/dist/babel/index.cjs:142978:14)
      at Nv.parseMaybeAssignAllowIn (node_modules/@storybook/core/dist/babel/index.cjs:141986:19)
      at Nv.parseObjectProperty (node_modules/@storybook/core/dist/babel/index.cjs:142656:81)
      at Nv.parseObjPropValue (node_modules/@storybook/core/dist/babel/index.cjs:142671:61)
      at Nv.parseObjPropValue (node_modules/@storybook/core/dist/babel/index.cjs:141367:49)
      at Nv.parsePropertyDefinition (node_modules/@storybook/core/dist/babel/index.cjs:142632:19)
      at Nv.parseObjectLike (node_modules/@storybook/core/dist/babel/index.cjs:142596:57)
      at Nv.parseExprAtom (node_modules/@storybook/core/dist/babel/index.cjs:142302:23)
      at Nv.parseExprAtom (node_modules/@storybook/core/dist/babel/index.cjs:139667:45)
      at Nv.parseExprSubscripts (node_modules/@storybook/core/dist/babel/index.cjs:142149:78)
      at Nv.parseUpdate (node_modules/@storybook/core/dist/babel/index.cjs:142139:45)
      at Nv.parseMaybeUnary (node_modules/@storybook/core/dist/babel/index.cjs:142124:20)
      at Nv.parseMaybeUnary (node_modules/@storybook/core/dist/babel/index.cjs:141419:93)
      at Nv.parseMaybeUnaryOrPrivate (node_modules/@storybook/core/dist/babel/index.cjs:142032:63)
      at Nv.parseExprOps (node_modules/@storybook/core/dist/babel/index.cjs:142035:78)
      at Nv.parseMaybeConditional (node_modules/@storybook/core/dist/babel/index.cjs:142020:78)
      at Nv.parseMaybeAssign (node_modules/@storybook/core/dist/babel/index.cjs:142004:20)
      at Nv.parseMaybeAssign (node_modules/@storybook/core/dist/babel/index.cjs:141392:22)
      at node_modules/@storybook/core/dist/babel/index.cjs:141986:41
      at Nv.allowInAnd (node_modules/@storybook/core/dist/babel/index.cjs:142978:14)
      at Nv.parseMaybeAssignAllowIn (node_modules/@storybook/core/dist/babel/index.cjs:141986:19)
      at Nv.parseObjectProperty (node_modules/@storybook/core/dist/babel/index.cjs:142656:81)
      at Nv.parseObjPropValue (node_modules/@storybook/core/dist/babel/index.cjs:142671:61)
      If you are in development, this likely indicates a problem with your Storybook process,
      check the terminal for errors.
      If you are in a deployed Storybook, there may have been an issue deploying the full Storybook
      build.
      at constructor (node_modules/@storybook/core/dist/babel/index.cjs:134900:15)
      at Nv.raise (node_modules/@storybook/core/dist/babel/index.cjs:137217:54)
      at Nv.readWord1 (node_modules/@storybook/core/dist/babel/index.cjs:137193:18)
      at Nv.readWord (node_modules/@storybook/core/dist/babel/index.cjs:137205:20)
      at Nv.getTokenFromCode (node_modules/@storybook/core/dist/babel/index.cjs:137028:16)
      at Nv.getTokenFromCode (node_modules/@storybook/core/dist/babel/index.cjs:139696:13)
      at Nv.getTokenFromCode (node_modules/@storybook/core/dist/babel/index.cjs:141547:13)
      at Nv.nextToken (node_modules/@storybook/core/dist/babel/index.cjs:136654:12)
      at Nv.next (node_modules/@storybook/core/dist/babel/index.cjs:136586:62)
      at Nv.eat (node_modules/@storybook/core/dist/babel/index.cjs:136589:36)
      at Nv.parseObjectProperty (node_modules/@storybook/core/dist/babel/index.cjs:142655:34)
      at Nv.parseObjPropValue (node_modules/@storybook/core/dist/babel/index.cjs:142671:61)
      at Nv.parseObjPropValue (node_modules/@storybook/core/dist/babel/index.cjs:141367:49)
      at Nv.parsePropertyDefinition (node_modules/@storybook/core/dist/babel/index.cjs:142632:19)
      at Nv.parseObjectLike (node_modules/@storybook/core/dist/babel/index.cjs:142596:57)
      at Nv.parseExprAtom (node_modules/@storybook/core/dist/babel/index.cjs:142302:23)
      at Nv.parseExprAtom (node_modules/@storybook/core/dist/babel/index.cjs:139667:45)
      at Nv.parseExprSubscripts (node_modules/@storybook/core/dist/babel/index.cjs:142149:78)
      at Nv.parseUpdate (node_modules/@storybook/core/dist/babel/index.cjs:142139:45)
      at Nv.parseMaybeUnary (node_modules/@storybook/core/dist/babel/index.cjs:142124:20)
      at Nv.parseMaybeUnary (node_modules/@storybook/core/dist/babel/index.cjs:141419:93)
      at Nv.parseMaybeUnaryOrPrivate (node_modules/@storybook/core/dist/babel/index.cjs:142032:63)
      at Nv.parseExprOps (node_modules/@storybook/core/dist/babel/index.cjs:142035:78)
      at Nv.parseMaybeConditional (node_modules/@storybook/core/dist/babel/index.cjs:142020:78)
      at Nv.parseMaybeAssign (node_modules/@storybook/core/dist/babel/index.cjs:142004:20)
      at Nv.parseMaybeAssign (node_modules/@storybook/core/dist/babel/index.cjs:141392:22)
      at node_modules/@storybook/core/dist/babel/index.cjs:141986:41
      at Nv.allowInAnd (node_modules/@storybook/core/dist/babel/index.cjs:142978:14)
      at Nv.parseMaybeAssignAllowIn (node_modules/@storybook/core/dist/babel/index.cjs:141986:19)
      at Nv.parseObjectProperty (node_modules/@storybook/core/dist/babel/index.cjs:142656:81)
      at Nv.parseObjPropValue (node_modules/@storybook/core/dist/babel/index.cjs:142671:61)
      at Nv.parseObjPropValue (node_modules/@storybook/core/dist/babel/index.cjs:141367:49)
      at Nv.parsePropertyDefinition (node_modules/@storybook/core/dist/babel/index.cjs:142632:19)
      at Nv.parseObjectLike (node_modules/@storybook/core/dist/babel/index.cjs:142596:57)
      at Nv.parseExprAtom (node_modules/@storybook/core/dist/babel/index.cjs:142302:23)
      at Nv.parseExprAtom (node_modules/@storybook/core/dist/babel/index.cjs:139667:45)
      at Nv.parseExprSubscripts (node_modules/@storybook/core/dist/babel/index.cjs:142149:78)
      at Nv.parseUpdate (node_modules/@storybook/core/dist/babel/index.cjs:142139:45)
      at Nv.parseMaybeUnary (node_modules/@storybook/core/dist/babel/index.cjs:142124:20)
      at Nv.parseMaybeUnary (node_modules/@storybook/core/dist/babel/index.cjs:141419:93)
      at Nv.parseMaybeUnaryOrPrivate (node_modules/@storybook/core/dist/babel/index.cjs:142032:63)
      at Nv.parseExprOps (node_modules/@storybook/core/dist/babel/index.cjs:142035:78)
      at Nv.parseMaybeConditional (node_modules/@storybook/core/dist/babel/index.cjs:142020:78)
      at Nv.parseMaybeAssign (node_modules/@storybook/core/dist/babel/index.cjs:142004:20)
      at Nv.parseMaybeAssign (node_modules/@storybook/core/dist/babel/index.cjs:141392:22)
      at node_modules/@storybook/core/dist/babel/index.cjs:141986:41
      at Nv.allowInAnd (node_modules/@storybook/core/dist/babel/index.cjs:142978:14)
      at Nv.parseMaybeAssignAllowIn (node_modules/@storybook/core/dist/babel/index.cjs:141986:19)
      at Nv.parseObjectProperty (node_modules/@storybook/core/dist/babel/index.cjs:142656:81)
      at Nv.parseObjPropValue (node_modules/@storybook/core/dist/babel/index.cjs:142671:61)
      If you are in development, this likely indicates a problem with your Storybook process,
      check the terminal for errors.
      If you are in a deployed Storybook, there may have been an issue deploying the full Storybook
      build.
      at ns2.getStoryIndexFromServer (packages/components/http:/localhost:6007/packages/components/node_modules/.cache/storybook/1c3385a5d25e538d10b518b310c74d3ca2690b6aaffeadccd74da79736171f86/sb-vite/deps/storybook_internal_preview_runtime.js?v=b3da04b4:8624:11)
      at async ns2.initializeWithProjectAnnotations (packages/components/http:/localhost:6007/packages/components/node_modules/.cache/storybook/1c3385a5d25e538d10b518b310c74d3ca2690b6aaffeadccd74da79736171f86/sb-vite/deps/storybook_internal_preview_runtime.js?v=b3da04b4:8606:15)
      at async ns2.initialize (packages/components/http:/localhost:6007/packages/components/node_modules/.cache/storybook/1c3385a5d25e538d10b518b310c74d3ca2690b6aaffeadccd74da79736171f86/sb-vite/deps/storybook_internal_preview_runtime.js?v=b3da04b4:8581:39)

  ● Components/Table/Custom Composition › BasicCustomTable › smoke-test

    SB_PREVIEW_API_0006 (StoryIndexFetchError): Error fetching `/index.json`:

    Unable to index ./src/Table/EnhancedTable.stories.tsx:
      SyntaxError: Expecting Unicode escape sequence \uXXXX. (1467:15)

      at constructor (node_modules/@storybook/core/dist/babel/index.cjs:134900:15)
      at Nv.raise (node_modules/@storybook/core/dist/babel/index.cjs:137217:54)
      at Nv.readWord1 (node_modules/@storybook/core/dist/babel/index.cjs:137193:18)
      at Nv.readWord (node_modules/@storybook/core/dist/babel/index.cjs:137205:20)
      at Nv.getTokenFromCode (node_modules/@storybook/core/dist/babel/index.cjs:137028:16)
      at Nv.getTokenFromCode (node_modules/@storybook/core/dist/babel/index.cjs:139696:13)
      at Nv.getTokenFromCode (node_modules/@storybook/core/dist/babel/index.cjs:141547:13)
      at Nv.nextToken (node_modules/@storybook/core/dist/babel/index.cjs:136654:12)
      at Nv.next (node_modules/@storybook/core/dist/babel/index.cjs:136586:62)
      at Nv.eat (node_modules/@storybook/core/dist/babel/index.cjs:136589:36)
      at Nv.parseObjectProperty (node_modules/@storybook/core/dist/babel/index.cjs:142655:34)
      at Nv.parseObjPropValue (node_modules/@storybook/core/dist/babel/index.cjs:142671:61)
      at Nv.parseObjPropValue (node_modules/@storybook/core/dist/babel/index.cjs:141367:49)
      at Nv.parsePropertyDefinition (node_modules/@storybook/core/dist/babel/index.cjs:142632:19)
      at Nv.parseObjectLike (node_modules/@storybook/core/dist/babel/index.cjs:142596:57)
      at Nv.parseExprAtom (node_modules/@storybook/core/dist/babel/index.cjs:142302:23)
      at Nv.parseExprAtom (node_modules/@storybook/core/dist/babel/index.cjs:139667:45)
      at Nv.parseExprSubscripts (node_modules/@storybook/core/dist/babel/index.cjs:142149:78)
      at Nv.parseUpdate (node_modules/@storybook/core/dist/babel/index.cjs:142139:45)
      at Nv.parseMaybeUnary (node_modules/@storybook/core/dist/babel/index.cjs:142124:20)
      at Nv.parseMaybeUnary (node_modules/@storybook/core/dist/babel/index.cjs:141419:93)
      at Nv.parseMaybeUnaryOrPrivate (node_modules/@storybook/core/dist/babel/index.cjs:142032:63)
      at Nv.parseExprOps (node_modules/@storybook/core/dist/babel/index.cjs:142035:78)
      at Nv.parseMaybeConditional (node_modules/@storybook/core/dist/babel/index.cjs:142020:78)
      at Nv.parseMaybeAssign (node_modules/@storybook/core/dist/babel/index.cjs:142004:20)
      at Nv.parseMaybeAssign (node_modules/@storybook/core/dist/babel/index.cjs:141392:22)
      at node_modules/@storybook/core/dist/babel/index.cjs:141986:41
      at Nv.allowInAnd (node_modules/@storybook/core/dist/babel/index.cjs:142978:14)
      at Nv.parseMaybeAssignAllowIn (node_modules/@storybook/core/dist/babel/index.cjs:141986:19)
      at Nv.parseObjectProperty (node_modules/@storybook/core/dist/babel/index.cjs:142656:81)
      at Nv.parseObjPropValue (node_modules/@storybook/core/dist/babel/index.cjs:142671:61)
      at Nv.parseObjPropValue (node_modules/@storybook/core/dist/babel/index.cjs:141367:49)
      at Nv.parsePropertyDefinition (node_modules/@storybook/core/dist/babel/index.cjs:142632:19)
      at Nv.parseObjectLike (node_modules/@storybook/core/dist/babel/index.cjs:142596:57)
      at Nv.parseExprAtom (node_modules/@storybook/core/dist/babel/index.cjs:142302:23)
      at Nv.parseExprAtom (node_modules/@storybook/core/dist/babel/index.cjs:139667:45)
      at Nv.parseExprSubscripts (node_modules/@storybook/core/dist/babel/index.cjs:142149:78)
      at Nv.parseUpdate (node_modules/@storybook/core/dist/babel/index.cjs:142139:45)
      at Nv.parseMaybeUnary (node_modules/@storybook/core/dist/babel/index.cjs:142124:20)
      at Nv.parseMaybeUnary (node_modules/@storybook/core/dist/babel/index.cjs:141419:93)
      at Nv.parseMaybeUnaryOrPrivate (node_modules/@storybook/core/dist/babel/index.cjs:142032:63)
      at Nv.parseExprOps (node_modules/@storybook/core/dist/babel/index.cjs:142035:78)
      at Nv.parseMaybeConditional (node_modules/@storybook/core/dist/babel/index.cjs:142020:78)
      at Nv.parseMaybeAssign (node_modules/@storybook/core/dist/babel/index.cjs:142004:20)
      at Nv.parseMaybeAssign (node_modules/@storybook/core/dist/babel/index.cjs:141392:22)
      at node_modules/@storybook/core/dist/babel/index.cjs:141986:41
      at Nv.allowInAnd (node_modules/@storybook/core/dist/babel/index.cjs:142978:14)
      at Nv.parseMaybeAssignAllowIn (node_modules/@storybook/core/dist/babel/index.cjs:141986:19)
      at Nv.parseObjectProperty (node_modules/@storybook/core/dist/babel/index.cjs:142656:81)
      at Nv.parseObjPropValue (node_modules/@storybook/core/dist/babel/index.cjs:142671:61)
      If you are in development, this likely indicates a problem with your Storybook process,
      check the terminal for errors.
      If you are in a deployed Storybook, there may have been an issue deploying the full Storybook
      build.
      at constructor (node_modules/@storybook/core/dist/babel/index.cjs:134900:15)
      at Nv.raise (node_modules/@storybook/core/dist/babel/index.cjs:137217:54)
      at Nv.readWord1 (node_modules/@storybook/core/dist/babel/index.cjs:137193:18)
      at Nv.readWord (node_modules/@storybook/core/dist/babel/index.cjs:137205:20)
      at Nv.getTokenFromCode (node_modules/@storybook/core/dist/babel/index.cjs:137028:16)
      at Nv.getTokenFromCode (node_modules/@storybook/core/dist/babel/index.cjs:139696:13)
      at Nv.getTokenFromCode (node_modules/@storybook/core/dist/babel/index.cjs:141547:13)
      at Nv.nextToken (node_modules/@storybook/core/dist/babel/index.cjs:136654:12)
      at Nv.next (node_modules/@storybook/core/dist/babel/index.cjs:136586:62)
      at Nv.eat (node_modules/@storybook/core/dist/babel/index.cjs:136589:36)
      at Nv.parseObjectProperty (node_modules/@storybook/core/dist/babel/index.cjs:142655:34)
      at Nv.parseObjPropValue (node_modules/@storybook/core/dist/babel/index.cjs:142671:61)
      at Nv.parseObjPropValue (node_modules/@storybook/core/dist/babel/index.cjs:141367:49)
      at Nv.parsePropertyDefinition (node_modules/@storybook/core/dist/babel/index.cjs:142632:19)
      at Nv.parseObjectLike (node_modules/@storybook/core/dist/babel/index.cjs:142596:57)
      at Nv.parseExprAtom (node_modules/@storybook/core/dist/babel/index.cjs:142302:23)
      at Nv.parseExprAtom (node_modules/@storybook/core/dist/babel/index.cjs:139667:45)
      at Nv.parseExprSubscripts (node_modules/@storybook/core/dist/babel/index.cjs:142149:78)
      at Nv.parseUpdate (node_modules/@storybook/core/dist/babel/index.cjs:142139:45)
      at Nv.parseMaybeUnary (node_modules/@storybook/core/dist/babel/index.cjs:142124:20)
      at Nv.parseMaybeUnary (node_modules/@storybook/core/dist/babel/index.cjs:141419:93)
      at Nv.parseMaybeUnaryOrPrivate (node_modules/@storybook/core/dist/babel/index.cjs:142032:63)
      at Nv.parseExprOps (node_modules/@storybook/core/dist/babel/index.cjs:142035:78)
      at Nv.parseMaybeConditional (node_modules/@storybook/core/dist/babel/index.cjs:142020:78)
      at Nv.parseMaybeAssign (node_modules/@storybook/core/dist/babel/index.cjs:142004:20)
      at Nv.parseMaybeAssign (node_modules/@storybook/core/dist/babel/index.cjs:141392:22)
      at node_modules/@storybook/core/dist/babel/index.cjs:141986:41
      at Nv.allowInAnd (node_modules/@storybook/core/dist/babel/index.cjs:142978:14)
      at Nv.parseMaybeAssignAllowIn (node_modules/@storybook/core/dist/babel/index.cjs:141986:19)
      at Nv.parseObjectProperty (node_modules/@storybook/core/dist/babel/index.cjs:142656:81)
      at Nv.parseObjPropValue (node_modules/@storybook/core/dist/babel/index.cjs:142671:61)
      at Nv.parseObjPropValue (node_modules/@storybook/core/dist/babel/index.cjs:141367:49)
      at Nv.parsePropertyDefinition (node_modules/@storybook/core/dist/babel/index.cjs:142632:19)
      at Nv.parseObjectLike (node_modules/@storybook/core/dist/babel/index.cjs:142596:57)
      at Nv.parseExprAtom (node_modules/@storybook/core/dist/babel/index.cjs:142302:23)
      at Nv.parseExprAtom (node_modules/@storybook/core/dist/babel/index.cjs:139667:45)
      at Nv.parseExprSubscripts (node_modules/@storybook/core/dist/babel/index.cjs:142149:78)
      at Nv.parseUpdate (node_modules/@storybook/core/dist/babel/index.cjs:142139:45)
      at Nv.parseMaybeUnary (node_modules/@storybook/core/dist/babel/index.cjs:142124:20)
      at Nv.parseMaybeUnary (node_modules/@storybook/core/dist/babel/index.cjs:141419:93)
      at Nv.parseMaybeUnaryOrPrivate (node_modules/@storybook/core/dist/babel/index.cjs:142032:63)
      at Nv.parseExprOps (node_modules/@storybook/core/dist/babel/index.cjs:142035:78)
      at Nv.parseMaybeConditional (node_modules/@storybook/core/dist/babel/index.cjs:142020:78)
      at Nv.parseMaybeAssign (node_modules/@storybook/core/dist/babel/index.cjs:142004:20)
      at Nv.parseMaybeAssign (node_modules/@storybook/core/dist/babel/index.cjs:141392:22)
      at node_modules/@storybook/core/dist/babel/index.cjs:141986:41
      at Nv.allowInAnd (node_modules/@storybook/core/dist/babel/index.cjs:142978:14)
      at Nv.parseMaybeAssignAllowIn (node_modules/@storybook/core/dist/babel/index.cjs:141986:19)
      at Nv.parseObjectProperty (node_modules/@storybook/core/dist/babel/index.cjs:142656:81)
      at Nv.parseObjPropValue (node_modules/@storybook/core/dist/babel/index.cjs:142671:61)
      If you are in development, this likely indicates a problem with your Storybook process,
      check the terminal for errors.
      If you are in a deployed Storybook, there may have been an issue deploying the full Storybook
      build.
      at ns2.getStoryIndexFromServer (packages/components/http:/localhost:6007/packages/components/node_modules/.cache/storybook/1c3385a5d25e538d10b518b310c74d3ca2690b6aaffeadccd74da79736171f86/sb-vite/deps/storybook_internal_preview_runtime.js?v=b3da04b4:8624:11)
      at async ns2.initializeWithProjectAnnotations (packages/components/http:/localhost:6007/packages/components/node_modules/.cache/storybook/1c3385a5d25e538d10b518b310c74d3ca2690b6aaffeadccd74da79736171f86/sb-vite/deps/storybook_internal_preview_runtime.js?v=b3da04b4:8606:15)
      at async ns2.initialize (packages/components/http:/localhost:6007/packages/components/node_modules/.cache/storybook/1c3385a5d25e538d10b518b310c74d3ca2690b6aaffeadccd74da79736171f86/sb-vite/deps/storybook_internal_preview_runtime.js?v=b3da04b4:8581:39)

  ● Components/Table/Custom Composition › BasicCustomTable › smoke-test

    thrown: "Exceeded timeout of 30000 ms for a test.
    Add a timeout value to this test to increase the timeout, if this is a long-running test. See https://jestjs.io/docs/api#testname-fn-timeout."

      128 |     department: 'Design',
      129 |     status: 'Active',
    > 130 |     avatar: 'https://i.pravatar.cc/32?img=3',
          |             ^
      131 |   },
      132 |   {
      133 |     id: '4',

      at packages/components/src/Table/CustomTableComposition.stories.tsx:130:13
      at packages/components/src/Table/CustomTableComposition.stories.tsx:129:9
      at Object.<anonymous> (packages/components/src/Table/CustomTableComposition.stories.tsx:128:5)

  ● Components/Table/Custom Composition › WithToolbar › smoke-test

    SB_PREVIEW_API_0006 (StoryIndexFetchError): Error fetching `/index.json`:

    Unable to index ./src/Table/EnhancedTable.stories.tsx:
      SyntaxError: Expecting Unicode escape sequence \uXXXX. (1467:15)

      at constructor (node_modules/@storybook/core/dist/babel/index.cjs:134900:15)
      at Nv.raise (node_modules/@storybook/core/dist/babel/index.cjs:137217:54)
      at Nv.readWord1 (node_modules/@storybook/core/dist/babel/index.cjs:137193:18)
      at Nv.readWord (node_modules/@storybook/core/dist/babel/index.cjs:137205:20)
      at Nv.getTokenFromCode (node_modules/@storybook/core/dist/babel/index.cjs:137028:16)
      at Nv.getTokenFromCode (node_modules/@storybook/core/dist/babel/index.cjs:139696:13)
      at Nv.getTokenFromCode (node_modules/@storybook/core/dist/babel/index.cjs:141547:13)
      at Nv.nextToken (node_modules/@storybook/core/dist/babel/index.cjs:136654:12)
      at Nv.next (node_modules/@storybook/core/dist/babel/index.cjs:136586:62)
      at Nv.eat (node_modules/@storybook/core/dist/babel/index.cjs:136589:36)
      at Nv.parseObjectProperty (node_modules/@storybook/core/dist/babel/index.cjs:142655:34)
      at Nv.parseObjPropValue (node_modules/@storybook/core/dist/babel/index.cjs:142671:61)
      at Nv.parseObjPropValue (node_modules/@storybook/core/dist/babel/index.cjs:141367:49)
      at Nv.parsePropertyDefinition (node_modules/@storybook/core/dist/babel/index.cjs:142632:19)
      at Nv.parseObjectLike (node_modules/@storybook/core/dist/babel/index.cjs:142596:57)
      at Nv.parseExprAtom (node_modules/@storybook/core/dist/babel/index.cjs:142302:23)
      at Nv.parseExprAtom (node_modules/@storybook/core/dist/babel/index.cjs:139667:45)
      at Nv.parseExprSubscripts (node_modules/@storybook/core/dist/babel/index.cjs:142149:78)
      at Nv.parseUpdate (node_modules/@storybook/core/dist/babel/index.cjs:142139:45)
      at Nv.parseMaybeUnary (node_modules/@storybook/core/dist/babel/index.cjs:142124:20)
      at Nv.parseMaybeUnary (node_modules/@storybook/core/dist/babel/index.cjs:141419:93)
      at Nv.parseMaybeUnaryOrPrivate (node_modules/@storybook/core/dist/babel/index.cjs:142032:63)
      at Nv.parseExprOps (node_modules/@storybook/core/dist/babel/index.cjs:142035:78)
      at Nv.parseMaybeConditional (node_modules/@storybook/core/dist/babel/index.cjs:142020:78)
      at Nv.parseMaybeAssign (node_modules/@storybook/core/dist/babel/index.cjs:142004:20)
      at Nv.parseMaybeAssign (node_modules/@storybook/core/dist/babel/index.cjs:141392:22)
      at node_modules/@storybook/core/dist/babel/index.cjs:141986:41
      at Nv.allowInAnd (node_modules/@storybook/core/dist/babel/index.cjs:142978:14)
      at Nv.parseMaybeAssignAllowIn (node_modules/@storybook/core/dist/babel/index.cjs:141986:19)
      at Nv.parseObjectProperty (node_modules/@storybook/core/dist/babel/index.cjs:142656:81)
      at Nv.parseObjPropValue (node_modules/@storybook/core/dist/babel/index.cjs:142671:61)
      at Nv.parseObjPropValue (node_modules/@storybook/core/dist/babel/index.cjs:141367:49)
      at Nv.parsePropertyDefinition (node_modules/@storybook/core/dist/babel/index.cjs:142632:19)
      at Nv.parseObjectLike (node_modules/@storybook/core/dist/babel/index.cjs:142596:57)
      at Nv.parseExprAtom (node_modules/@storybook/core/dist/babel/index.cjs:142302:23)
      at Nv.parseExprAtom (node_modules/@storybook/core/dist/babel/index.cjs:139667:45)
      at Nv.parseExprSubscripts (node_modules/@storybook/core/dist/babel/index.cjs:142149:78)
      at Nv.parseUpdate (node_modules/@storybook/core/dist/babel/index.cjs:142139:45)
      at Nv.parseMaybeUnary (node_modules/@storybook/core/dist/babel/index.cjs:142124:20)
      at Nv.parseMaybeUnary (node_modules/@storybook/core/dist/babel/index.cjs:141419:93)
      at Nv.parseMaybeUnaryOrPrivate (node_modules/@storybook/core/dist/babel/index.cjs:142032:63)
      at Nv.parseExprOps (node_modules/@storybook/core/dist/babel/index.cjs:142035:78)
      at Nv.parseMaybeConditional (node_modules/@storybook/core/dist/babel/index.cjs:142020:78)
      at Nv.parseMaybeAssign (node_modules/@storybook/core/dist/babel/index.cjs:142004:20)
      at Nv.parseMaybeAssign (node_modules/@storybook/core/dist/babel/index.cjs:141392:22)
      at node_modules/@storybook/core/dist/babel/index.cjs:141986:41
      at Nv.allowInAnd (node_modules/@storybook/core/dist/babel/index.cjs:142978:14)
      at Nv.parseMaybeAssignAllowIn (node_modules/@storybook/core/dist/babel/index.cjs:141986:19)
      at Nv.parseObjectProperty (node_modules/@storybook/core/dist/babel/index.cjs:142656:81)
      at Nv.parseObjPropValue (node_modules/@storybook/core/dist/babel/index.cjs:142671:61)
      If you are in development, this likely indicates a problem with your Storybook process,
      check the terminal for errors.
      If you are in a deployed Storybook, there may have been an issue deploying the full Storybook
      build.
      at constructor (node_modules/@storybook/core/dist/babel/index.cjs:134900:15)
      at Nv.raise (node_modules/@storybook/core/dist/babel/index.cjs:137217:54)
      at Nv.readWord1 (node_modules/@storybook/core/dist/babel/index.cjs:137193:18)
      at Nv.readWord (node_modules/@storybook/core/dist/babel/index.cjs:137205:20)
      at Nv.getTokenFromCode (node_modules/@storybook/core/dist/babel/index.cjs:137028:16)
      at Nv.getTokenFromCode (node_modules/@storybook/core/dist/babel/index.cjs:139696:13)
      at Nv.getTokenFromCode (node_modules/@storybook/core/dist/babel/index.cjs:141547:13)
      at Nv.nextToken (node_modules/@storybook/core/dist/babel/index.cjs:136654:12)
      at Nv.next (node_modules/@storybook/core/dist/babel/index.cjs:136586:62)
      at Nv.eat (node_modules/@storybook/core/dist/babel/index.cjs:136589:36)
      at Nv.parseObjectProperty (node_modules/@storybook/core/dist/babel/index.cjs:142655:34)
      at Nv.parseObjPropValue (node_modules/@storybook/core/dist/babel/index.cjs:142671:61)
      at Nv.parseObjPropValue (node_modules/@storybook/core/dist/babel/index.cjs:141367:49)
      at Nv.parsePropertyDefinition (node_modules/@storybook/core/dist/babel/index.cjs:142632:19)
      at Nv.parseObjectLike (node_modules/@storybook/core/dist/babel/index.cjs:142596:57)
      at Nv.parseExprAtom (node_modules/@storybook/core/dist/babel/index.cjs:142302:23)
      at Nv.parseExprAtom (node_modules/@storybook/core/dist/babel/index.cjs:139667:45)
      at Nv.parseExprSubscripts (node_modules/@storybook/core/dist/babel/index.cjs:142149:78)
      at Nv.parseUpdate (node_modules/@storybook/core/dist/babel/index.cjs:142139:45)
      at Nv.parseMaybeUnary (node_modules/@storybook/core/dist/babel/index.cjs:142124:20)
      at Nv.parseMaybeUnary (node_modules/@storybook/core/dist/babel/index.cjs:141419:93)
      at Nv.parseMaybeUnaryOrPrivate (node_modules/@storybook/core/dist/babel/index.cjs:142032:63)
      at Nv.parseExprOps (node_modules/@storybook/core/dist/babel/index.cjs:142035:78)
      at Nv.parseMaybeConditional (node_modules/@storybook/core/dist/babel/index.cjs:142020:78)
      at Nv.parseMaybeAssign (node_modules/@storybook/core/dist/babel/index.cjs:142004:20)
      at Nv.parseMaybeAssign (node_modules/@storybook/core/dist/babel/index.cjs:141392:22)
      at node_modules/@storybook/core/dist/babel/index.cjs:141986:41
      at Nv.allowInAnd (node_modules/@storybook/core/dist/babel/index.cjs:142978:14)
      at Nv.parseMaybeAssignAllowIn (node_modules/@storybook/core/dist/babel/index.cjs:141986:19)
      at Nv.parseObjectProperty (node_modules/@storybook/core/dist/babel/index.cjs:142656:81)
      at Nv.parseObjPropValue (node_modules/@storybook/core/dist/babel/index.cjs:142671:61)
      at Nv.parseObjPropValue (node_modules/@storybook/core/dist/babel/index.cjs:141367:49)
      at Nv.parsePropertyDefinition (node_modules/@storybook/core/dist/babel/index.cjs:142632:19)
      at Nv.parseObjectLike (node_modules/@storybook/core/dist/babel/index.cjs:142596:57)
      at Nv.parseExprAtom (node_modules/@storybook/core/dist/babel/index.cjs:142302:23)
      at Nv.parseExprAtom (node_modules/@storybook/core/dist/babel/index.cjs:139667:45)
      at Nv.parseExprSubscripts (node_modules/@storybook/core/dist/babel/index.cjs:142149:78)
      at Nv.parseUpdate (node_modules/@storybook/core/dist/babel/index.cjs:142139:45)
      at Nv.parseMaybeUnary (node_modules/@storybook/core/dist/babel/index.cjs:142124:20)
      at Nv.parseMaybeUnary (node_modules/@storybook/core/dist/babel/index.cjs:141419:93)
      at Nv.parseMaybeUnaryOrPrivate (node_modules/@storybook/core/dist/babel/index.cjs:142032:63)
      at Nv.parseExprOps (node_modules/@storybook/core/dist/babel/index.cjs:142035:78)
      at Nv.parseMaybeConditional (node_modules/@storybook/core/dist/babel/index.cjs:142020:78)
      at Nv.parseMaybeAssign (node_modules/@storybook/core/dist/babel/index.cjs:142004:20)
      at Nv.parseMaybeAssign (node_modules/@storybook/core/dist/babel/index.cjs:141392:22)
      at node_modules/@storybook/core/dist/babel/index.cjs:141986:41
      at Nv.allowInAnd (node_modules/@storybook/core/dist/babel/index.cjs:142978:14)
      at Nv.parseMaybeAssignAllowIn (node_modules/@storybook/core/dist/babel/index.cjs:141986:19)
      at Nv.parseObjectProperty (node_modules/@storybook/core/dist/babel/index.cjs:142656:81)
      at Nv.parseObjPropValue (node_modules/@storybook/core/dist/babel/index.cjs:142671:61)
      If you are in development, this likely indicates a problem with your Storybook process,
      check the terminal for errors.
      If you are in a deployed Storybook, there may have been an issue deploying the full Storybook
      build.
      at ns2.getStoryIndexFromServer (packages/components/http:/localhost:6007/packages/components/node_modules/.cache/storybook/1c3385a5d25e538d10b518b310c74d3ca2690b6aaffeadccd74da79736171f86/sb-vite/deps/storybook_internal_preview_runtime.js?v=b3da04b4:8624:11)
      at async ns2.initializeWithProjectAnnotations (packages/components/http:/localhost:6007/packages/components/node_modules/.cache/storybook/1c3385a5d25e538d10b518b310c74d3ca2690b6aaffeadccd74da79736171f86/sb-vite/deps/storybook_internal_preview_runtime.js?v=b3da04b4:8606:15)
      at async ns2.initialize (packages/components/http:/localhost:6007/packages/components/node_modules/.cache/storybook/1c3385a5d25e538d10b518b310c74d3ca2690b6aaffeadccd74da79736171f86/sb-vite/deps/storybook_internal_preview_runtime.js?v=b3da04b4:8581:39)

  ● Components/Table/Custom Composition › WithToolbar › smoke-test

    SB_PREVIEW_API_0006 (StoryIndexFetchError): Error fetching `/index.json`:

    Unable to index ./src/Table/EnhancedTable.stories.tsx:
      SyntaxError: Unterminated template. (1467:15)

      at constructor (node_modules/@storybook/core/dist/babel/index.cjs:134900:15)
      at Nv.raise (node_modules/@storybook/core/dist/babel/index.cjs:137217:54)
      at Object.unterminated (node_modules/@storybook/core/dist/babel/index.cjs:136577:22)
      at readStringContents (node_modules/@storybook/core/dist/babel/index.cjs:136355:11)
      at Nv.readTemplateToken (node_modules/@storybook/core/dist/babel/index.cjs:137173:11)
      at Nv.getTokenFromCode (node_modules/@storybook/core/dist/babel/index.cjs:136958:16)
      at Nv.getTokenFromCode (node_modules/@storybook/core/dist/babel/index.cjs:139696:13)
      at Nv.getTokenFromCode (node_modules/@storybook/core/dist/babel/index.cjs:141547:13)
      at Nv.nextToken (node_modules/@storybook/core/dist/babel/index.cjs:136654:12)
      at Nv.next (node_modules/@storybook/core/dist/babel/index.cjs:136586:62)
      at Nv.eat (node_modules/@storybook/core/dist/babel/index.cjs:136589:36)
      at Nv.parseObjectProperty (node_modules/@storybook/core/dist/babel/index.cjs:142655:34)
      at Nv.parseObjPropValue (node_modules/@storybook/core/dist/babel/index.cjs:142671:61)
      at Nv.parseObjPropValue (node_modules/@storybook/core/dist/babel/index.cjs:141367:49)
      at Nv.parsePropertyDefinition (node_modules/@storybook/core/dist/babel/index.cjs:142632:19)
      at Nv.parseObjectLike (node_modules/@storybook/core/dist/babel/index.cjs:142596:57)
      at Nv.parseExprAtom (node_modules/@storybook/core/dist/babel/index.cjs:142302:23)
      at Nv.parseExprAtom (node_modules/@storybook/core/dist/babel/index.cjs:139667:45)
      at Nv.parseExprSubscripts (node_modules/@storybook/core/dist/babel/index.cjs:142149:78)
      at Nv.parseUpdate (node_modules/@storybook/core/dist/babel/index.cjs:142139:45)
      at Nv.parseMaybeUnary (node_modules/@storybook/core/dist/babel/index.cjs:142124:20)
      at Nv.parseMaybeUnary (node_modules/@storybook/core/dist/babel/index.cjs:141419:93)
      at Nv.parseMaybeUnaryOrPrivate (node_modules/@storybook/core/dist/babel/index.cjs:142032:63)
      at Nv.parseExprOps (node_modules/@storybook/core/dist/babel/index.cjs:142035:78)
      at Nv.parseMaybeConditional (node_modules/@storybook/core/dist/babel/index.cjs:142020:78)
      at Nv.parseMaybeAssign (node_modules/@storybook/core/dist/babel/index.cjs:142004:20)
      at Nv.parseMaybeAssign (node_modules/@storybook/core/dist/babel/index.cjs:141392:22)
      at node_modules/@storybook/core/dist/babel/index.cjs:141986:41
      at Nv.allowInAnd (node_modules/@storybook/core/dist/babel/index.cjs:142978:14)
      at Nv.parseMaybeAssignAllowIn (node_modules/@storybook/core/dist/babel/index.cjs:141986:19)
      at Nv.parseObjectProperty (node_modules/@storybook/core/dist/babel/index.cjs:142656:81)
      at Nv.parseObjPropValue (node_modules/@storybook/core/dist/babel/index.cjs:142671:61)
      at Nv.parseObjPropValue (node_modules/@storybook/core/dist/babel/index.cjs:141367:49)
      at Nv.parsePropertyDefinition (node_modules/@storybook/core/dist/babel/index.cjs:142632:19)
      at Nv.parseObjectLike (node_modules/@storybook/core/dist/babel/index.cjs:142596:57)
      at Nv.parseExprAtom (node_modules/@storybook/core/dist/babel/index.cjs:142302:23)
      at Nv.parseExprAtom (node_modules/@storybook/core/dist/babel/index.cjs:139667:45)
      at Nv.parseExprSubscripts (node_modules/@storybook/core/dist/babel/index.cjs:142149:78)
      at Nv.parseUpdate (node_modules/@storybook/core/dist/babel/index.cjs:142139:45)
      at Nv.parseMaybeUnary (node_modules/@storybook/core/dist/babel/index.cjs:142124:20)
      at Nv.parseMaybeUnary (node_modules/@storybook/core/dist/babel/index.cjs:141419:93)
      at Nv.parseMaybeUnaryOrPrivate (node_modules/@storybook/core/dist/babel/index.cjs:142032:63)
      at Nv.parseExprOps (node_modules/@storybook/core/dist/babel/index.cjs:142035:78)
      at Nv.parseMaybeConditional (node_modules/@storybook/core/dist/babel/index.cjs:142020:78)
      at Nv.parseMaybeAssign (node_modules/@storybook/core/dist/babel/index.cjs:142004:20)
      at Nv.parseMaybeAssign (node_modules/@storybook/core/dist/babel/index.cjs:141392:22)
      at node_modules/@storybook/core/dist/babel/index.cjs:141986:41
      at Nv.allowInAnd (node_modules/@storybook/core/dist/babel/index.cjs:142978:14)
      at Nv.parseMaybeAssignAllowIn (node_modules/@storybook/core/dist/babel/index.cjs:141986:19)
      at Nv.parseObjectProperty (node_modules/@storybook/core/dist/babel/index.cjs:142656:81)
      If you are in development, this likely indicates a problem with your Storybook process,
      check the terminal for errors.
      If you are in a deployed Storybook, there may have been an issue deploying the full Storybook
      build.
      at constructor (node_modules/@storybook/core/dist/babel/index.cjs:134900:15)
      at Nv.raise (node_modules/@storybook/core/dist/babel/index.cjs:137217:54)
      at Object.unterminated (node_modules/@storybook/core/dist/babel/index.cjs:136577:22)
      at readStringContents (node_modules/@storybook/core/dist/babel/index.cjs:136355:11)
      at Nv.readTemplateToken (node_modules/@storybook/core/dist/babel/index.cjs:137173:11)
      at Nv.getTokenFromCode (node_modules/@storybook/core/dist/babel/index.cjs:136958:16)
      at Nv.getTokenFromCode (node_modules/@storybook/core/dist/babel/index.cjs:139696:13)
      at Nv.getTokenFromCode (node_modules/@storybook/core/dist/babel/index.cjs:141547:13)
      at Nv.nextToken (node_modules/@storybook/core/dist/babel/index.cjs:136654:12)
      at Nv.next (node_modules/@storybook/core/dist/babel/index.cjs:136586:62)
      at Nv.eat (node_modules/@storybook/core/dist/babel/index.cjs:136589:36)
      at Nv.parseObjectProperty (node_modules/@storybook/core/dist/babel/index.cjs:142655:34)
      at Nv.parseObjPropValue (node_modules/@storybook/core/dist/babel/index.cjs:142671:61)
      at Nv.parseObjPropValue (node_modules/@storybook/core/dist/babel/index.cjs:141367:49)
      at Nv.parsePropertyDefinition (node_modules/@storybook/core/dist/babel/index.cjs:142632:19)
      at Nv.parseObjectLike (node_modules/@storybook/core/dist/babel/index.cjs:142596:57)
      at Nv.parseExprAtom (node_modules/@storybook/core/dist/babel/index.cjs:142302:23)
      at Nv.parseExprAtom (node_modules/@storybook/core/dist/babel/index.cjs:139667:45)
      at Nv.parseExprSubscripts (node_modules/@storybook/core/dist/babel/index.cjs:142149:78)
      at Nv.parseUpdate (node_modules/@storybook/core/dist/babel/index.cjs:142139:45)
      at Nv.parseMaybeUnary (node_modules/@storybook/core/dist/babel/index.cjs:142124:20)
      at Nv.parseMaybeUnary (node_modules/@storybook/core/dist/babel/index.cjs:141419:93)
      at Nv.parseMaybeUnaryOrPrivate (node_modules/@storybook/core/dist/babel/index.cjs:142032:63)
      at Nv.parseExprOps (node_modules/@storybook/core/dist/babel/index.cjs:142035:78)
      at Nv.parseMaybeConditional (node_modules/@storybook/core/dist/babel/index.cjs:142020:78)
      at Nv.parseMaybeAssign (node_modules/@storybook/core/dist/babel/index.cjs:142004:20)
      at Nv.parseMaybeAssign (node_modules/@storybook/core/dist/babel/index.cjs:141392:22)
      at node_modules/@storybook/core/dist/babel/index.cjs:141986:41
      at Nv.allowInAnd (node_modules/@storybook/core/dist/babel/index.cjs:142978:14)
      at Nv.parseMaybeAssignAllowIn (node_modules/@storybook/core/dist/babel/index.cjs:141986:19)
      at Nv.parseObjectProperty (node_modules/@storybook/core/dist/babel/index.cjs:142656:81)
      at Nv.parseObjPropValue (node_modules/@storybook/core/dist/babel/index.cjs:142671:61)
      at Nv.parseObjPropValue (node_modules/@storybook/core/dist/babel/index.cjs:141367:49)
      at Nv.parsePropertyDefinition (node_modules/@storybook/core/dist/babel/index.cjs:142632:19)
      at Nv.parseObjectLike (node_modules/@storybook/core/dist/babel/index.cjs:142596:57)
      at Nv.parseExprAtom (node_modules/@storybook/core/dist/babel/index.cjs:142302:23)
      at Nv.parseExprAtom (node_modules/@storybook/core/dist/babel/index.cjs:139667:45)
      at Nv.parseExprSubscripts (node_modules/@storybook/core/dist/babel/index.cjs:142149:78)
      at Nv.parseUpdate (node_modules/@storybook/core/dist/babel/index.cjs:142139:45)
      at Nv.parseMaybeUnary (node_modules/@storybook/core/dist/babel/index.cjs:142124:20)
      at Nv.parseMaybeUnary (node_modules/@storybook/core/dist/babel/index.cjs:141419:93)
      at Nv.parseMaybeUnaryOrPrivate (node_modules/@storybook/core/dist/babel/index.cjs:142032:63)
      at Nv.parseExprOps (node_modules/@storybook/core/dist/babel/index.cjs:142035:78)
      at Nv.parseMaybeConditional (node_modules/@storybook/core/dist/babel/index.cjs:142020:78)
      at Nv.parseMaybeAssign (node_modules/@storybook/core/dist/babel/index.cjs:142004:20)
      at Nv.parseMaybeAssign (node_modules/@storybook/core/dist/babel/index.cjs:141392:22)
      at node_modules/@storybook/core/dist/babel/index.cjs:141986:41
      at Nv.allowInAnd (node_modules/@storybook/core/dist/babel/index.cjs:142978:14)
      at Nv.parseMaybeAssignAllowIn (node_modules/@storybook/core/dist/babel/index.cjs:141986:19)
      at Nv.parseObjectProperty (node_modules/@storybook/core/dist/babel/index.cjs:142656:81)
      If you are in development, this likely indicates a problem with your Storybook process,
      check the terminal for errors.
      If you are in a deployed Storybook, there may have been an issue deploying the full Storybook
      build.
      at ns2.getStoryIndexFromServer (packages/components/http:/localhost:6007/packages/components/node_modules/.cache/storybook/1c3385a5d25e538d10b518b310c74d3ca2690b6aaffeadccd74da79736171f86/sb-vite/deps/storybook_internal_preview_runtime.js?v=b3da04b4:8624:11)
      at async ns2.onStoryIndexChanged (packages/components/http:/localhost:6007/packages/components/node_modules/.cache/storybook/1c3385a5d25e538d10b518b310c74d3ca2690b6aaffeadccd74da79736171f86/sb-vite/deps/storybook_internal_preview_runtime.js?v=b3da04b4:8664:17)

  ● Components/Table/Custom Composition › WithToolbar › smoke-test

    SB_PREVIEW_API_0006 (StoryIndexFetchError): Error fetching `/index.json`:

    Unable to index ./src/Table/EnhancedTable.stories.tsx:
      SyntaxError: Unterminated template. (1467:15)

      at constructor (node_modules/@storybook/core/dist/babel/index.cjs:134900:15)
      at Nv.raise (node_modules/@storybook/core/dist/babel/index.cjs:137217:54)
      at Object.unterminated (node_modules/@storybook/core/dist/babel/index.cjs:136577:22)
      at readStringContents (node_modules/@storybook/core/dist/babel/index.cjs:136355:11)
      at Nv.readTemplateToken (node_modules/@storybook/core/dist/babel/index.cjs:137173:11)
      at Nv.getTokenFromCode (node_modules/@storybook/core/dist/babel/index.cjs:136958:16)
      at Nv.getTokenFromCode (node_modules/@storybook/core/dist/babel/index.cjs:139696:13)
      at Nv.getTokenFromCode (node_modules/@storybook/core/dist/babel/index.cjs:141547:13)
      at Nv.nextToken (node_modules/@storybook/core/dist/babel/index.cjs:136654:12)
      at Nv.next (node_modules/@storybook/core/dist/babel/index.cjs:136586:62)
      at Nv.eat (node_modules/@storybook/core/dist/babel/index.cjs:136589:36)
      at Nv.parseObjectProperty (node_modules/@storybook/core/dist/babel/index.cjs:142655:34)
      at Nv.parseObjPropValue (node_modules/@storybook/core/dist/babel/index.cjs:142671:61)
      at Nv.parseObjPropValue (node_modules/@storybook/core/dist/babel/index.cjs:141367:49)
      at Nv.parsePropertyDefinition (node_modules/@storybook/core/dist/babel/index.cjs:142632:19)
      at Nv.parseObjectLike (node_modules/@storybook/core/dist/babel/index.cjs:142596:57)
      at Nv.parseExprAtom (node_modules/@storybook/core/dist/babel/index.cjs:142302:23)
      at Nv.parseExprAtom (node_modules/@storybook/core/dist/babel/index.cjs:139667:45)
      at Nv.parseExprSubscripts (node_modules/@storybook/core/dist/babel/index.cjs:142149:78)
      at Nv.parseUpdate (node_modules/@storybook/core/dist/babel/index.cjs:142139:45)
      at Nv.parseMaybeUnary (node_modules/@storybook/core/dist/babel/index.cjs:142124:20)
      at Nv.parseMaybeUnary (node_modules/@storybook/core/dist/babel/index.cjs:141419:93)
      at Nv.parseMaybeUnaryOrPrivate (node_modules/@storybook/core/dist/babel/index.cjs:142032:63)
      at Nv.parseExprOps (node_modules/@storybook/core/dist/babel/index.cjs:142035:78)
      at Nv.parseMaybeConditional (node_modules/@storybook/core/dist/babel/index.cjs:142020:78)
      at Nv.parseMaybeAssign (node_modules/@storybook/core/dist/babel/index.cjs:142004:20)
      at Nv.parseMaybeAssign (node_modules/@storybook/core/dist/babel/index.cjs:141392:22)
      at node_modules/@storybook/core/dist/babel/index.cjs:141986:41
      at Nv.allowInAnd (node_modules/@storybook/core/dist/babel/index.cjs:142978:14)
      at Nv.parseMaybeAssignAllowIn (node_modules/@storybook/core/dist/babel/index.cjs:141986:19)
      at Nv.parseObjectProperty (node_modules/@storybook/core/dist/babel/index.cjs:142656:81)
      at Nv.parseObjPropValue (node_modules/@storybook/core/dist/babel/index.cjs:142671:61)
      at Nv.parseObjPropValue (node_modules/@storybook/core/dist/babel/index.cjs:141367:49)
      at Nv.parsePropertyDefinition (node_modules/@storybook/core/dist/babel/index.cjs:142632:19)
      at Nv.parseObjectLike (node_modules/@storybook/core/dist/babel/index.cjs:142596:57)
      at Nv.parseExprAtom (node_modules/@storybook/core/dist/babel/index.cjs:142302:23)
      at Nv.parseExprAtom (node_modules/@storybook/core/dist/babel/index.cjs:139667:45)
      at Nv.parseExprSubscripts (node_modules/@storybook/core/dist/babel/index.cjs:142149:78)
      at Nv.parseUpdate (node_modules/@storybook/core/dist/babel/index.cjs:142139:45)
      at Nv.parseMaybeUnary (node_modules/@storybook/core/dist/babel/index.cjs:142124:20)
      at Nv.parseMaybeUnary (node_modules/@storybook/core/dist/babel/index.cjs:141419:93)
      at Nv.parseMaybeUnaryOrPrivate (node_modules/@storybook/core/dist/babel/index.cjs:142032:63)
      at Nv.parseExprOps (node_modules/@storybook/core/dist/babel/index.cjs:142035:78)
      at Nv.parseMaybeConditional (node_modules/@storybook/core/dist/babel/index.cjs:142020:78)
      at Nv.parseMaybeAssign (node_modules/@storybook/core/dist/babel/index.cjs:142004:20)
      at Nv.parseMaybeAssign (node_modules/@storybook/core/dist/babel/index.cjs:141392:22)
      at node_modules/@storybook/core/dist/babel/index.cjs:141986:41
      at Nv.allowInAnd (node_modules/@storybook/core/dist/babel/index.cjs:142978:14)
      at Nv.parseMaybeAssignAllowIn (node_modules/@storybook/core/dist/babel/index.cjs:141986:19)
      at Nv.parseObjectProperty (node_modules/@storybook/core/dist/babel/index.cjs:142656:81)
      If you are in development, this likely indicates a problem with your Storybook process,
      check the terminal for errors.
      If you are in a deployed Storybook, there may have been an issue deploying the full Storybook
      build.
      at constructor (node_modules/@storybook/core/dist/babel/index.cjs:134900:15)
      at Nv.raise (node_modules/@storybook/core/dist/babel/index.cjs:137217:54)
      at Object.unterminated (node_modules/@storybook/core/dist/babel/index.cjs:136577:22)
      at readStringContents (node_modules/@storybook/core/dist/babel/index.cjs:136355:11)
      at Nv.readTemplateToken (node_modules/@storybook/core/dist/babel/index.cjs:137173:11)
      at Nv.getTokenFromCode (node_modules/@storybook/core/dist/babel/index.cjs:136958:16)
      at Nv.getTokenFromCode (node_modules/@storybook/core/dist/babel/index.cjs:139696:13)
      at Nv.getTokenFromCode (node_modules/@storybook/core/dist/babel/index.cjs:141547:13)
      at Nv.nextToken (node_modules/@storybook/core/dist/babel/index.cjs:136654:12)
      at Nv.next (node_modules/@storybook/core/dist/babel/index.cjs:136586:62)
      at Nv.eat (node_modules/@storybook/core/dist/babel/index.cjs:136589:36)
      at Nv.parseObjectProperty (node_modules/@storybook/core/dist/babel/index.cjs:142655:34)
      at Nv.parseObjPropValue (node_modules/@storybook/core/dist/babel/index.cjs:142671:61)
      at Nv.parseObjPropValue (node_modules/@storybook/core/dist/babel/index.cjs:141367:49)
      at Nv.parsePropertyDefinition (node_modules/@storybook/core/dist/babel/index.cjs:142632:19)
      at Nv.parseObjectLike (node_modules/@storybook/core/dist/babel/index.cjs:142596:57)
      at Nv.parseExprAtom (node_modules/@storybook/core/dist/babel/index.cjs:142302:23)
      at Nv.parseExprAtom (node_modules/@storybook/core/dist/babel/index.cjs:139667:45)
      at Nv.parseExprSubscripts (node_modules/@storybook/core/dist/babel/index.cjs:142149:78)
      at Nv.parseUpdate (node_modules/@storybook/core/dist/babel/index.cjs:142139:45)
      at Nv.parseMaybeUnary (node_modules/@storybook/core/dist/babel/index.cjs:142124:20)
      at Nv.parseMaybeUnary (node_modules/@storybook/core/dist/babel/index.cjs:141419:93)
      at Nv.parseMaybeUnaryOrPrivate (node_modules/@storybook/core/dist/babel/index.cjs:142032:63)
      at Nv.parseExprOps (node_modules/@storybook/core/dist/babel/index.cjs:142035:78)
      at Nv.parseMaybeConditional (node_modules/@storybook/core/dist/babel/index.cjs:142020:78)
      at Nv.parseMaybeAssign (node_modules/@storybook/core/dist/babel/index.cjs:142004:20)
      at Nv.parseMaybeAssign (node_modules/@storybook/core/dist/babel/index.cjs:141392:22)
      at node_modules/@storybook/core/dist/babel/index.cjs:141986:41
      at Nv.allowInAnd (node_modules/@storybook/core/dist/babel/index.cjs:142978:14)
      at Nv.parseMaybeAssignAllowIn (node_modules/@storybook/core/dist/babel/index.cjs:141986:19)
      at Nv.parseObjectProperty (node_modules/@storybook/core/dist/babel/index.cjs:142656:81)
      at Nv.parseObjPropValue (node_modules/@storybook/core/dist/babel/index.cjs:142671:61)
      at Nv.parseObjPropValue (node_modules/@storybook/core/dist/babel/index.cjs:141367:49)
      at Nv.parsePropertyDefinition (node_modules/@storybook/core/dist/babel/index.cjs:142632:19)
      at Nv.parseObjectLike (node_modules/@storybook/core/dist/babel/index.cjs:142596:57)
      at Nv.parseExprAtom (node_modules/@storybook/core/dist/babel/index.cjs:142302:23)
      at Nv.parseExprAtom (node_modules/@storybook/core/dist/babel/index.cjs:139667:45)
      at Nv.parseExprSubscripts (node_modules/@storybook/core/dist/babel/index.cjs:142149:78)
      at Nv.parseUpdate (node_modules/@storybook/core/dist/babel/index.cjs:142139:45)
      at Nv.parseMaybeUnary (node_modules/@storybook/core/dist/babel/index.cjs:142124:20)
      at Nv.parseMaybeUnary (node_modules/@storybook/core/dist/babel/index.cjs:141419:93)
      at Nv.parseMaybeUnaryOrPrivate (node_modules/@storybook/core/dist/babel/index.cjs:142032:63)
      at Nv.parseExprOps (node_modules/@storybook/core/dist/babel/index.cjs:142035:78)
      at Nv.parseMaybeConditional (node_modules/@storybook/core/dist/babel/index.cjs:142020:78)
      at Nv.parseMaybeAssign (node_modules/@storybook/core/dist/babel/index.cjs:142004:20)
      at Nv.parseMaybeAssign (node_modules/@storybook/core/dist/babel/index.cjs:141392:22)
      at node_modules/@storybook/core/dist/babel/index.cjs:141986:41
      at Nv.allowInAnd (node_modules/@storybook/core/dist/babel/index.cjs:142978:14)
      at Nv.parseMaybeAssignAllowIn (node_modules/@storybook/core/dist/babel/index.cjs:141986:19)
      at Nv.parseObjectProperty (node_modules/@storybook/core/dist/babel/index.cjs:142656:81)
      If you are in development, this likely indicates a problem with your Storybook process,
      check the terminal for errors.
      If you are in a deployed Storybook, there may have been an issue deploying the full Storybook
      build.
      at ns2.getStoryIndexFromServer (packages/components/http:/localhost:6007/packages/components/node_modules/.cache/storybook/1c3385a5d25e538d10b518b310c74d3ca2690b6aaffeadccd74da79736171f86/sb-vite/deps/storybook_internal_preview_runtime.js?v=b3da04b4:8624:11)
      at async ns2.onStoryIndexChanged (packages/components/http:/localhost:6007/packages/components/node_modules/.cache/storybook/1c3385a5d25e538d10b518b310c74d3ca2690b6aaffeadccd74da79736171f86/sb-vite/deps/storybook_internal_preview_runtime.js?v=b3da04b4:8664:17)

  ● Components/Table/Custom Composition › WithToolbar › smoke-test

    SB_PREVIEW_API_0005 (CalledPreviewMethodBeforeInitializationError): Called `Preview.onStoriesChanged()` before initialization.

    The preview needs to load the story index before most methods can be called. If you want
    to call `onStoriesChanged`, try `await preview.initializationPromise;` first.

    If you didn't call the above code, then likely it was called by an addon that needs to
    do the above.

      at ns2.onStoriesChanged (packages/components/http:/localhost:6007/packages/components/node_modules/.cache/storybook/1c3385a5d25e538d10b518b310c74d3ca2690b6aaffeadccd74da79736171f86/sb-vite/deps/storybook_internal_preview_runtime.js?v=b3da04b4:8680:13)
      at ns2.onStoriesChanged (packages/components/http:/localhost:6007/packages/components/node_modules/.cache/storybook/1c3385a5d25e538d10b518b310c74d3ca2690b6aaffeadccd74da79736171f86/sb-vite/deps/storybook_internal_preview_runtime.js?v=b3da04b4:9171:17)
      at packages/components/http:/localhost:6007/@id/__x00__virtual:/@storybook/builder-vite/vite-app.js:39:35
      at packages/components/http:/localhost:6007/@vite/client:36:52
      at packages/components/http:/localhost:6007/@vite/client:213:11
      at packages/components/http:/localhost:6007/@vite/client:186:58
          at Array.forEach (<anonymous>)
      at HMRClient.queueUpdate (packages/components/http:/localhost:6007/@vite/client:186:36)
          at async Promise.all (index 0)
      at async handleMessage (packages/components/http:/localhost:6007/@vite/client:927:7)

  ● Components/Table/Custom Composition › WithToolbar › smoke-test

    thrown: "Exceeded timeout of 30000 ms for a test.
    Add a timeout value to this test to increase the timeout, if this is a long-running test. See https://jestjs.io/docs/api#testname-fn-timeout."

      275 |         </TableToolbar>
      276 |         
    > 277 |         <TableContainer>
          |             ^
      278 |           <StyledTable>
      279 |             <thead>
      280 |               <tr>

      at packages/components/src/Table/CustomTableComposition.stories.tsx:277:13
      at packages/components/src/Table/CustomTableComposition.stories.tsx:276:9
      at Object.<anonymous> (packages/components/src/Table/CustomTableComposition.stories.tsx:128:5)

  ● Components/Table/Custom Composition › WithSortingAndSelection › smoke-test

    SB_PREVIEW_API_0006 (StoryIndexFetchError): Error fetching `/index.json`:

    Unable to index ./src/Table/EnhancedTable.stories.tsx:
      SyntaxError: Expecting Unicode escape sequence \uXXXX. (1467:15)

      at constructor (node_modules/@storybook/core/dist/babel/index.cjs:134900:15)
      at Nv.raise (node_modules/@storybook/core/dist/babel/index.cjs:137217:54)
      at Nv.readWord1 (node_modules/@storybook/core/dist/babel/index.cjs:137193:18)
      at Nv.readWord (node_modules/@storybook/core/dist/babel/index.cjs:137205:20)
      at Nv.getTokenFromCode (node_modules/@storybook/core/dist/babel/index.cjs:137028:16)
      at Nv.getTokenFromCode (node_modules/@storybook/core/dist/babel/index.cjs:139696:13)
      at Nv.getTokenFromCode (node_modules/@storybook/core/dist/babel/index.cjs:141547:13)
      at Nv.nextToken (node_modules/@storybook/core/dist/babel/index.cjs:136654:12)
      at Nv.next (node_modules/@storybook/core/dist/babel/index.cjs:136586:62)
      at Nv.eat (node_modules/@storybook/core/dist/babel/index.cjs:136589:36)
      at Nv.parseObjectProperty (node_modules/@storybook/core/dist/babel/index.cjs:142655:34)
      at Nv.parseObjPropValue (node_modules/@storybook/core/dist/babel/index.cjs:142671:61)
      at Nv.parseObjPropValue (node_modules/@storybook/core/dist/babel/index.cjs:141367:49)
      at Nv.parsePropertyDefinition (node_modules/@storybook/core/dist/babel/index.cjs:142632:19)
      at Nv.parseObjectLike (node_modules/@storybook/core/dist/babel/index.cjs:142596:57)
      at Nv.parseExprAtom (node_modules/@storybook/core/dist/babel/index.cjs:142302:23)
      at Nv.parseExprAtom (node_modules/@storybook/core/dist/babel/index.cjs:139667:45)
      at Nv.parseExprSubscripts (node_modules/@storybook/core/dist/babel/index.cjs:142149:78)
      at Nv.parseUpdate (node_modules/@storybook/core/dist/babel/index.cjs:142139:45)
      at Nv.parseMaybeUnary (node_modules/@storybook/core/dist/babel/index.cjs:142124:20)
      at Nv.parseMaybeUnary (node_modules/@storybook/core/dist/babel/index.cjs:141419:93)
      at Nv.parseMaybeUnaryOrPrivate (node_modules/@storybook/core/dist/babel/index.cjs:142032:63)
      at Nv.parseExprOps (node_modules/@storybook/core/dist/babel/index.cjs:142035:78)
      at Nv.parseMaybeConditional (node_modules/@storybook/core/dist/babel/index.cjs:142020:78)
      at Nv.parseMaybeAssign (node_modules/@storybook/core/dist/babel/index.cjs:142004:20)
      at Nv.parseMaybeAssign (node_modules/@storybook/core/dist/babel/index.cjs:141392:22)
      at node_modules/@storybook/core/dist/babel/index.cjs:141986:41
      at Nv.allowInAnd (node_modules/@storybook/core/dist/babel/index.cjs:142978:14)
      at Nv.parseMaybeAssignAllowIn (node_modules/@storybook/core/dist/babel/index.cjs:141986:19)
      at Nv.parseObjectProperty (node_modules/@storybook/core/dist/babel/index.cjs:142656:81)
      at Nv.parseObjPropValue (node_modules/@storybook/core/dist/babel/index.cjs:142671:61)
      at Nv.parseObjPropValue (node_modules/@storybook/core/dist/babel/index.cjs:141367:49)
      at Nv.parsePropertyDefinition (node_modules/@storybook/core/dist/babel/index.cjs:142632:19)
      at Nv.parseObjectLike (node_modules/@storybook/core/dist/babel/index.cjs:142596:57)
      at Nv.parseExprAtom (node_modules/@storybook/core/dist/babel/index.cjs:142302:23)
      at Nv.parseExprAtom (node_modules/@storybook/core/dist/babel/index.cjs:139667:45)
      at Nv.parseExprSubscripts (node_modules/@storybook/core/dist/babel/index.cjs:142149:78)
      at Nv.parseUpdate (node_modules/@storybook/core/dist/babel/index.cjs:142139:45)
      at Nv.parseMaybeUnary (node_modules/@storybook/core/dist/babel/index.cjs:142124:20)
      at Nv.parseMaybeUnary (node_modules/@storybook/core/dist/babel/index.cjs:141419:93)
      at Nv.parseMaybeUnaryOrPrivate (node_modules/@storybook/core/dist/babel/index.cjs:142032:63)
      at Nv.parseExprOps (node_modules/@storybook/core/dist/babel/index.cjs:142035:78)
      at Nv.parseMaybeConditional (node_modules/@storybook/core/dist/babel/index.cjs:142020:78)
      at Nv.parseMaybeAssign (node_modules/@storybook/core/dist/babel/index.cjs:142004:20)
      at Nv.parseMaybeAssign (node_modules/@storybook/core/dist/babel/index.cjs:141392:22)
      at node_modules/@storybook/core/dist/babel/index.cjs:141986:41
      at Nv.allowInAnd (node_modules/@storybook/core/dist/babel/index.cjs:142978:14)
      at Nv.parseMaybeAssignAllowIn (node_modules/@storybook/core/dist/babel/index.cjs:141986:19)
      at Nv.parseObjectProperty (node_modules/@storybook/core/dist/babel/index.cjs:142656:81)
      at Nv.parseObjPropValue (node_modules/@storybook/core/dist/babel/index.cjs:142671:61)
      If you are in development, this likely indicates a problem with your Storybook process,
      check the terminal for errors.
      If you are in a deployed Storybook, there may have been an issue deploying the full Storybook
      build.
      at constructor (node_modules/@storybook/core/dist/babel/index.cjs:134900:15)
      at Nv.raise (node_modules/@storybook/core/dist/babel/index.cjs:137217:54)
      at Nv.readWord1 (node_modules/@storybook/core/dist/babel/index.cjs:137193:18)
      at Nv.readWord (node_modules/@storybook/core/dist/babel/index.cjs:137205:20)
      at Nv.getTokenFromCode (node_modules/@storybook/core/dist/babel/index.cjs:137028:16)
      at Nv.getTokenFromCode (node_modules/@storybook/core/dist/babel/index.cjs:139696:13)
      at Nv.getTokenFromCode (node_modules/@storybook/core/dist/babel/index.cjs:141547:13)
      at Nv.nextToken (node_modules/@storybook/core/dist/babel/index.cjs:136654:12)
      at Nv.next (node_modules/@storybook/core/dist/babel/index.cjs:136586:62)
      at Nv.eat (node_modules/@storybook/core/dist/babel/index.cjs:136589:36)
      at Nv.parseObjectProperty (node_modules/@storybook/core/dist/babel/index.cjs:142655:34)
      at Nv.parseObjPropValue (node_modules/@storybook/core/dist/babel/index.cjs:142671:61)
      at Nv.parseObjPropValue (node_modules/@storybook/core/dist/babel/index.cjs:141367:49)
      at Nv.parsePropertyDefinition (node_modules/@storybook/core/dist/babel/index.cjs:142632:19)
      at Nv.parseObjectLike (node_modules/@storybook/core/dist/babel/index.cjs:142596:57)
      at Nv.parseExprAtom (node_modules/@storybook/core/dist/babel/index.cjs:142302:23)
      at Nv.parseExprAtom (node_modules/@storybook/core/dist/babel/index.cjs:139667:45)
      at Nv.parseExprSubscripts (node_modules/@storybook/core/dist/babel/index.cjs:142149:78)
      at Nv.parseUpdate (node_modules/@storybook/core/dist/babel/index.cjs:142139:45)
      at Nv.parseMaybeUnary (node_modules/@storybook/core/dist/babel/index.cjs:142124:20)
      at Nv.parseMaybeUnary (node_modules/@storybook/core/dist/babel/index.cjs:141419:93)
      at Nv.parseMaybeUnaryOrPrivate (node_modules/@storybook/core/dist/babel/index.cjs:142032:63)
      at Nv.parseExprOps (node_modules/@storybook/core/dist/babel/index.cjs:142035:78)
      at Nv.parseMaybeConditional (node_modules/@storybook/core/dist/babel/index.cjs:142020:78)
      at Nv.parseMaybeAssign (node_modules/@storybook/core/dist/babel/index.cjs:142004:20)
      at Nv.parseMaybeAssign (node_modules/@storybook/core/dist/babel/index.cjs:141392:22)
      at node_modules/@storybook/core/dist/babel/index.cjs:141986:41
      at Nv.allowInAnd (node_modules/@storybook/core/dist/babel/index.cjs:142978:14)
      at Nv.parseMaybeAssignAllowIn (node_modules/@storybook/core/dist/babel/index.cjs:141986:19)
      at Nv.parseObjectProperty (node_modules/@storybook/core/dist/babel/index.cjs:142656:81)
      at Nv.parseObjPropValue (node_modules/@storybook/core/dist/babel/index.cjs:142671:61)
      at Nv.parseObjPropValue (node_modules/@storybook/core/dist/babel/index.cjs:141367:49)
      at Nv.parsePropertyDefinition (node_modules/@storybook/core/dist/babel/index.cjs:142632:19)
      at Nv.parseObjectLike (node_modules/@storybook/core/dist/babel/index.cjs:142596:57)
      at Nv.parseExprAtom (node_modules/@storybook/core/dist/babel/index.cjs:142302:23)
      at Nv.parseExprAtom (node_modules/@storybook/core/dist/babel/index.cjs:139667:45)
      at Nv.parseExprSubscripts (node_modules/@storybook/core/dist/babel/index.cjs:142149:78)
      at Nv.parseUpdate (node_modules/@storybook/core/dist/babel/index.cjs:142139:45)
      at Nv.parseMaybeUnary (node_modules/@storybook/core/dist/babel/index.cjs:142124:20)
      at Nv.parseMaybeUnary (node_modules/@storybook/core/dist/babel/index.cjs:141419:93)
      at Nv.parseMaybeUnaryOrPrivate (node_modules/@storybook/core/dist/babel/index.cjs:142032:63)
      at Nv.parseExprOps (node_modules/@storybook/core/dist/babel/index.cjs:142035:78)
      at Nv.parseMaybeConditional (node_modules/@storybook/core/dist/babel/index.cjs:142020:78)
      at Nv.parseMaybeAssign (node_modules/@storybook/core/dist/babel/index.cjs:142004:20)
      at Nv.parseMaybeAssign (node_modules/@storybook/core/dist/babel/index.cjs:141392:22)
      at node_modules/@storybook/core/dist/babel/index.cjs:141986:41
      at Nv.allowInAnd (node_modules/@storybook/core/dist/babel/index.cjs:142978:14)
      at Nv.parseMaybeAssignAllowIn (node_modules/@storybook/core/dist/babel/index.cjs:141986:19)
      at Nv.parseObjectProperty (node_modules/@storybook/core/dist/babel/index.cjs:142656:81)
      at Nv.parseObjPropValue (node_modules/@storybook/core/dist/babel/index.cjs:142671:61)
      If you are in development, this likely indicates a problem with your Storybook process,
      check the terminal for errors.
      If you are in a deployed Storybook, there may have been an issue deploying the full Storybook
      build.
      at ns2.getStoryIndexFromServer (packages/components/http:/localhost:6007/packages/components/node_modules/.cache/storybook/1c3385a5d25e538d10b518b310c74d3ca2690b6aaffeadccd74da79736171f86/sb-vite/deps/storybook_internal_preview_runtime.js?v=b3da04b4:8624:11)
      at async ns2.initializeWithProjectAnnotations (packages/components/http:/localhost:6007/packages/components/node_modules/.cache/storybook/1c3385a5d25e538d10b518b310c74d3ca2690b6aaffeadccd74da79736171f86/sb-vite/deps/storybook_internal_preview_runtime.js?v=b3da04b4:8606:15)
      at async ns2.initialize (packages/components/http:/localhost:6007/packages/components/node_modules/.cache/storybook/1c3385a5d25e538d10b518b310c74d3ca2690b6aaffeadccd74da79736171f86/sb-vite/deps/storybook_internal_preview_runtime.js?v=b3da04b4:8581:39)

  ● Components/Table/Custom Composition › WithSortingAndSelection › smoke-test

    page.evaluate: Error: Axe is already running. Use `await axe.run()` to wait for the previous run to finish before starting a new run.

      at E (eval at <anonymous> (eval at evaluate (:311:30))packages/components/, <anonymous>:12:93952)
      at axe.run (eval at <anonymous> (eval at evaluate (:311:30))packages/components/, <anonymous>:12:473583)
      at eval (eval at evaluate (:311:30)packages/components/, <anonymous>:2:27)
      at UtilityScript.evaluate (packages/components/<anonymous>:313:16)
      at UtilityScript.<anonymous> (packages/components/<anonymous>:1:44)
      at node_modules/axe-playwright/dist/index.js:74:31
      at node_modules/axe-playwright/dist/index.js:31:71
      at Object.<anonymous>.__awaiter (node_modules/axe-playwright/dist/index.js:27:12)
      at getAxeResults (node_modules/axe-playwright/dist/index.js:73:51)
      at node_modules/axe-playwright/dist/index.js:87:52
      at node_modules/axe-playwright/dist/index.js:31:71
      at Object.<anonymous>.__awaiter (node_modules/axe-playwright/dist/index.js:27:12)
      at getViolations (node_modules/axe-playwright/dist/index.js:86:51)
      at node_modules/axe-playwright/dist/index.js:111:56
      at node_modules/axe-playwright/dist/index.js:31:71
      at Object.<anonymous>.__awaiter (node_modules/axe-playwright/dist/index.js:27:12)
      at checkA11y (node_modules/axe-playwright/dist/index.js:109:42)
      at postVisit (.storybook/test-runner.ts:13:20)
      at packages/components/src/Table/CustomTableComposition.stories.tsx:470:68
      at step (packages/components/src/Table/CustomTableComposition.stories.tsx:110:23)
      at Object.<anonymous> (packages/components/src/Table/CustomTableComposition.stories.tsx:51:20)
      at asyncGeneratorStep (packages/components/src/Table/CustomTableComposition.stories.tsx:4:28)
      at _next (packages/components/src/Table/CustomTableComposition.stories.tsx:19:17)

  ● Components/Table/Custom Composition › FullyCustomized › smoke-test

    SB_PREVIEW_API_0006 (StoryIndexFetchError): Error fetching `/index.json`:

    Unable to index ./src/Table/EnhancedTable.stories.tsx:
      SyntaxError: Expecting Unicode escape sequence \uXXXX. (1467:15)

      at constructor (node_modules/@storybook/core/dist/babel/index.cjs:134900:15)
      at Nv.raise (node_modules/@storybook/core/dist/babel/index.cjs:137217:54)
      at Nv.readWord1 (node_modules/@storybook/core/dist/babel/index.cjs:137193:18)
      at Nv.readWord (node_modules/@storybook/core/dist/babel/index.cjs:137205:20)
      at Nv.getTokenFromCode (node_modules/@storybook/core/dist/babel/index.cjs:137028:16)
      at Nv.getTokenFromCode (node_modules/@storybook/core/dist/babel/index.cjs:139696:13)
      at Nv.getTokenFromCode (node_modules/@storybook/core/dist/babel/index.cjs:141547:13)
      at Nv.nextToken (node_modules/@storybook/core/dist/babel/index.cjs:136654:12)
      at Nv.next (node_modules/@storybook/core/dist/babel/index.cjs:136586:62)
      at Nv.eat (node_modules/@storybook/core/dist/babel/index.cjs:136589:36)
      at Nv.parseObjectProperty (node_modules/@storybook/core/dist/babel/index.cjs:142655:34)
      at Nv.parseObjPropValue (node_modules/@storybook/core/dist/babel/index.cjs:142671:61)
      at Nv.parseObjPropValue (node_modules/@storybook/core/dist/babel/index.cjs:141367:49)
      at Nv.parsePropertyDefinition (node_modules/@storybook/core/dist/babel/index.cjs:142632:19)
      at Nv.parseObjectLike (node_modules/@storybook/core/dist/babel/index.cjs:142596:57)
      at Nv.parseExprAtom (node_modules/@storybook/core/dist/babel/index.cjs:142302:23)
      at Nv.parseExprAtom (node_modules/@storybook/core/dist/babel/index.cjs:139667:45)
      at Nv.parseExprSubscripts (node_modules/@storybook/core/dist/babel/index.cjs:142149:78)
      at Nv.parseUpdate (node_modules/@storybook/core/dist/babel/index.cjs:142139:45)
      at Nv.parseMaybeUnary (node_modules/@storybook/core/dist/babel/index.cjs:142124:20)
      at Nv.parseMaybeUnary (node_modules/@storybook/core/dist/babel/index.cjs:141419:93)
      at Nv.parseMaybeUnaryOrPrivate (node_modules/@storybook/core/dist/babel/index.cjs:142032:63)
      at Nv.parseExprOps (node_modules/@storybook/core/dist/babel/index.cjs:142035:78)
      at Nv.parseMaybeConditional (node_modules/@storybook/core/dist/babel/index.cjs:142020:78)
      at Nv.parseMaybeAssign (node_modules/@storybook/core/dist/babel/index.cjs:142004:20)
      at Nv.parseMaybeAssign (node_modules/@storybook/core/dist/babel/index.cjs:141392:22)
      at node_modules/@storybook/core/dist/babel/index.cjs:141986:41
      at Nv.allowInAnd (node_modules/@storybook/core/dist/babel/index.cjs:142978:14)
      at Nv.parseMaybeAssignAllowIn (node_modules/@storybook/core/dist/babel/index.cjs:141986:19)
      at Nv.parseObjectProperty (node_modules/@storybook/core/dist/babel/index.cjs:142656:81)
      at Nv.parseObjPropValue (node_modules/@storybook/core/dist/babel/index.cjs:142671:61)
      at Nv.parseObjPropValue (node_modules/@storybook/core/dist/babel/index.cjs:141367:49)
      at Nv.parsePropertyDefinition (node_modules/@storybook/core/dist/babel/index.cjs:142632:19)
      at Nv.parseObjectLike (node_modules/@storybook/core/dist/babel/index.cjs:142596:57)
      at Nv.parseExprAtom (node_modules/@storybook/core/dist/babel/index.cjs:142302:23)
      at Nv.parseExprAtom (node_modules/@storybook/core/dist/babel/index.cjs:139667:45)
      at Nv.parseExprSubscripts (node_modules/@storybook/core/dist/babel/index.cjs:142149:78)
      at Nv.parseUpdate (node_modules/@storybook/core/dist/babel/index.cjs:142139:45)
      at Nv.parseMaybeUnary (node_modules/@storybook/core/dist/babel/index.cjs:142124:20)
      at Nv.parseMaybeUnary (node_modules/@storybook/core/dist/babel/index.cjs:141419:93)
      at Nv.parseMaybeUnaryOrPrivate (node_modules/@storybook/core/dist/babel/index.cjs:142032:63)
      at Nv.parseExprOps (node_modules/@storybook/core/dist/babel/index.cjs:142035:78)
      at Nv.parseMaybeConditional (node_modules/@storybook/core/dist/babel/index.cjs:142020:78)
      at Nv.parseMaybeAssign (node_modules/@storybook/core/dist/babel/index.cjs:142004:20)
      at Nv.parseMaybeAssign (node_modules/@storybook/core/dist/babel/index.cjs:141392:22)
      at node_modules/@storybook/core/dist/babel/index.cjs:141986:41
      at Nv.allowInAnd (node_modules/@storybook/core/dist/babel/index.cjs:142978:14)
      at Nv.parseMaybeAssignAllowIn (node_modules/@storybook/core/dist/babel/index.cjs:141986:19)
      at Nv.parseObjectProperty (node_modules/@storybook/core/dist/babel/index.cjs:142656:81)
      at Nv.parseObjPropValue (node_modules/@storybook/core/dist/babel/index.cjs:142671:61)
      If you are in development, this likely indicates a problem with your Storybook process,
      check the terminal for errors.
      If you are in a deployed Storybook, there may have been an issue deploying the full Storybook
      build.
      at constructor (node_modules/@storybook/core/dist/babel/index.cjs:134900:15)
      at Nv.raise (node_modules/@storybook/core/dist/babel/index.cjs:137217:54)
      at Nv.readWord1 (node_modules/@storybook/core/dist/babel/index.cjs:137193:18)
      at Nv.readWord (node_modules/@storybook/core/dist/babel/index.cjs:137205:20)
      at Nv.getTokenFromCode (node_modules/@storybook/core/dist/babel/index.cjs:137028:16)
      at Nv.getTokenFromCode (node_modules/@storybook/core/dist/babel/index.cjs:139696:13)
      at Nv.getTokenFromCode (node_modules/@storybook/core/dist/babel/index.cjs:141547:13)
      at Nv.nextToken (node_modules/@storybook/core/dist/babel/index.cjs:136654:12)
      at Nv.next (node_modules/@storybook/core/dist/babel/index.cjs:136586:62)
      at Nv.eat (node_modules/@storybook/core/dist/babel/index.cjs:136589:36)
      at Nv.parseObjectProperty (node_modules/@storybook/core/dist/babel/index.cjs:142655:34)
      at Nv.parseObjPropValue (node_modules/@storybook/core/dist/babel/index.cjs:142671:61)
      at Nv.parseObjPropValue (node_modules/@storybook/core/dist/babel/index.cjs:141367:49)
      at Nv.parsePropertyDefinition (node_modules/@storybook/core/dist/babel/index.cjs:142632:19)
      at Nv.parseObjectLike (node_modules/@storybook/core/dist/babel/index.cjs:142596:57)
      at Nv.parseExprAtom (node_modules/@storybook/core/dist/babel/index.cjs:142302:23)
      at Nv.parseExprAtom (node_modules/@storybook/core/dist/babel/index.cjs:139667:45)
      at Nv.parseExprSubscripts (node_modules/@storybook/core/dist/babel/index.cjs:142149:78)
      at Nv.parseUpdate (node_modules/@storybook/core/dist/babel/index.cjs:142139:45)
      at Nv.parseMaybeUnary (node_modules/@storybook/core/dist/babel/index.cjs:142124:20)
      at Nv.parseMaybeUnary (node_modules/@storybook/core/dist/babel/index.cjs:141419:93)
      at Nv.parseMaybeUnaryOrPrivate (node_modules/@storybook/core/dist/babel/index.cjs:142032:63)
      at Nv.parseExprOps (node_modules/@storybook/core/dist/babel/index.cjs:142035:78)
      at Nv.parseMaybeConditional (node_modules/@storybook/core/dist/babel/index.cjs:142020:78)
      at Nv.parseMaybeAssign (node_modules/@storybook/core/dist/babel/index.cjs:142004:20)
      at Nv.parseMaybeAssign (node_modules/@storybook/core/dist/babel/index.cjs:141392:22)
      at node_modules/@storybook/core/dist/babel/index.cjs:141986:41
      at Nv.allowInAnd (node_modules/@storybook/core/dist/babel/index.cjs:142978:14)
      at Nv.parseMaybeAssignAllowIn (node_modules/@storybook/core/dist/babel/index.cjs:141986:19)
      at Nv.parseObjectProperty (node_modules/@storybook/core/dist/babel/index.cjs:142656:81)
      at Nv.parseObjPropValue (node_modules/@storybook/core/dist/babel/index.cjs:142671:61)
      at Nv.parseObjPropValue (node_modules/@storybook/core/dist/babel/index.cjs:141367:49)
      at Nv.parsePropertyDefinition (node_modules/@storybook/core/dist/babel/index.cjs:142632:19)
      at Nv.parseObjectLike (node_modules/@storybook/core/dist/babel/index.cjs:142596:57)
      at Nv.parseExprAtom (node_modules/@storybook/core/dist/babel/index.cjs:142302:23)
      at Nv.parseExprAtom (node_modules/@storybook/core/dist/babel/index.cjs:139667:45)
      at Nv.parseExprSubscripts (node_modules/@storybook/core/dist/babel/index.cjs:142149:78)
      at Nv.parseUpdate (node_modules/@storybook/core/dist/babel/index.cjs:142139:45)
      at Nv.parseMaybeUnary (node_modules/@storybook/core/dist/babel/index.cjs:142124:20)
      at Nv.parseMaybeUnary (node_modules/@storybook/core/dist/babel/index.cjs:141419:93)
      at Nv.parseMaybeUnaryOrPrivate (node_modules/@storybook/core/dist/babel/index.cjs:142032:63)
      at Nv.parseExprOps (node_modules/@storybook/core/dist/babel/index.cjs:142035:78)
      at Nv.parseMaybeConditional (node_modules/@storybook/core/dist/babel/index.cjs:142020:78)
      at Nv.parseMaybeAssign (node_modules/@storybook/core/dist/babel/index.cjs:142004:20)
      at Nv.parseMaybeAssign (node_modules/@storybook/core/dist/babel/index.cjs:141392:22)
      at node_modules/@storybook/core/dist/babel/index.cjs:141986:41
      at Nv.allowInAnd (node_modules/@storybook/core/dist/babel/index.cjs:142978:14)
      at Nv.parseMaybeAssignAllowIn (node_modules/@storybook/core/dist/babel/index.cjs:141986:19)
      at Nv.parseObjectProperty (node_modules/@storybook/core/dist/babel/index.cjs:142656:81)
      at Nv.parseObjPropValue (node_modules/@storybook/core/dist/babel/index.cjs:142671:61)
      If you are in development, this likely indicates a problem with your Storybook process,
      check the terminal for errors.
      If you are in a deployed Storybook, there may have been an issue deploying the full Storybook
      build.
      at ns2.getStoryIndexFromServer (packages/components/http:/localhost:6007/packages/components/node_modules/.cache/storybook/1c3385a5d25e538d10b518b310c74d3ca2690b6aaffeadccd74da79736171f86/sb-vite/deps/storybook_internal_preview_runtime.js?v=b3da04b4:8624:11)
      at async ns2.initializeWithProjectAnnotations (packages/components/http:/localhost:6007/packages/components/node_modules/.cache/storybook/1c3385a5d25e538d10b518b310c74d3ca2690b6aaffeadccd74da79736171f86/sb-vite/deps/storybook_internal_preview_runtime.js?v=b3da04b4:8606:15)
      at async ns2.initialize (packages/components/http:/localhost:6007/packages/components/node_modules/.cache/storybook/1c3385a5d25e538d10b518b310c74d3ca2690b6aaffeadccd74da79736171f86/sb-vite/deps/storybook_internal_preview_runtime.js?v=b3da04b4:8581:39)

  ● Components/Table/Custom Composition › FullyCustomized › smoke-test

    thrown: "Exceeded timeout of 30000 ms for a test.
    Add a timeout value to this test to increase the timeout, if this is a long-running test. See https://jestjs.io/docs/api#testname-fn-timeout."

      569 |             <TableCell>
      570 |               <Badge label={employee.status} type="success" />
    > 571 |             </TableCell>
          |             ^
      572 |           </TableRow>
      573 |         ))}
      574 |       </tbody>

      at packages/components/src/Table/CustomTableComposition.stories.tsx:571:13
      at packages/components/src/Table/CustomTableComposition.stories.tsx:570:9
      at Object.<anonymous> (packages/components/src/Table/CustomTableComposition.stories.tsx:128:5)

  ● Components/Table/Custom Composition › WithSidePanel › smoke-test

    SB_PREVIEW_API_0006 (StoryIndexFetchError): Error fetching `/index.json`:

    Unable to index ./src/Table/EnhancedTable.stories.tsx:
      SyntaxError: Expecting Unicode escape sequence \uXXXX. (1467:15)

      at constructor (node_modules/@storybook/core/dist/babel/index.cjs:134900:15)
      at Nv.raise (node_modules/@storybook/core/dist/babel/index.cjs:137217:54)
      at Nv.readWord1 (node_modules/@storybook/core/dist/babel/index.cjs:137193:18)
      at Nv.readWord (node_modules/@storybook/core/dist/babel/index.cjs:137205:20)
      at Nv.getTokenFromCode (node_modules/@storybook/core/dist/babel/index.cjs:137028:16)
      at Nv.getTokenFromCode (node_modules/@storybook/core/dist/babel/index.cjs:139696:13)
      at Nv.getTokenFromCode (node_modules/@storybook/core/dist/babel/index.cjs:141547:13)
      at Nv.nextToken (node_modules/@storybook/core/dist/babel/index.cjs:136654:12)
      at Nv.next (node_modules/@storybook/core/dist/babel/index.cjs:136586:62)
      at Nv.eat (node_modules/@storybook/core/dist/babel/index.cjs:136589:36)
      at Nv.parseObjectProperty (node_modules/@storybook/core/dist/babel/index.cjs:142655:34)
      at Nv.parseObjPropValue (node_modules/@storybook/core/dist/babel/index.cjs:142671:61)
      at Nv.parseObjPropValue (node_modules/@storybook/core/dist/babel/index.cjs:141367:49)
      at Nv.parsePropertyDefinition (node_modules/@storybook/core/dist/babel/index.cjs:142632:19)
      at Nv.parseObjectLike (node_modules/@storybook/core/dist/babel/index.cjs:142596:57)
      at Nv.parseExprAtom (node_modules/@storybook/core/dist/babel/index.cjs:142302:23)
      at Nv.parseExprAtom (node_modules/@storybook/core/dist/babel/index.cjs:139667:45)
      at Nv.parseExprSubscripts (node_modules/@storybook/core/dist/babel/index.cjs:142149:78)
      at Nv.parseUpdate (node_modules/@storybook/core/dist/babel/index.cjs:142139:45)
      at Nv.parseMaybeUnary (node_modules/@storybook/core/dist/babel/index.cjs:142124:20)
      at Nv.parseMaybeUnary (node_modules/@storybook/core/dist/babel/index.cjs:141419:93)
      at Nv.parseMaybeUnaryOrPrivate (node_modules/@storybook/core/dist/babel/index.cjs:142032:63)
      at Nv.parseExprOps (node_modules/@storybook/core/dist/babel/index.cjs:142035:78)
      at Nv.parseMaybeConditional (node_modules/@storybook/core/dist/babel/index.cjs:142020:78)
      at Nv.parseMaybeAssign (node_modules/@storybook/core/dist/babel/index.cjs:142004:20)
      at Nv.parseMaybeAssign (node_modules/@storybook/core/dist/babel/index.cjs:141392:22)
      at node_modules/@storybook/core/dist/babel/index.cjs:141986:41
      at Nv.allowInAnd (node_modules/@storybook/core/dist/babel/index.cjs:142978:14)
      at Nv.parseMaybeAssignAllowIn (node_modules/@storybook/core/dist/babel/index.cjs:141986:19)
      at Nv.parseObjectProperty (node_modules/@storybook/core/dist/babel/index.cjs:142656:81)
      at Nv.parseObjPropValue (node_modules/@storybook/core/dist/babel/index.cjs:142671:61)
      at Nv.parseObjPropValue (node_modules/@storybook/core/dist/babel/index.cjs:141367:49)
      at Nv.parsePropertyDefinition (node_modules/@storybook/core/dist/babel/index.cjs:142632:19)
      at Nv.parseObjectLike (node_modules/@storybook/core/dist/babel/index.cjs:142596:57)
      at Nv.parseExprAtom (node_modules/@storybook/core/dist/babel/index.cjs:142302:23)
      at Nv.parseExprAtom (node_modules/@storybook/core/dist/babel/index.cjs:139667:45)
      at Nv.parseExprSubscripts (node_modules/@storybook/core/dist/babel/index.cjs:142149:78)
      at Nv.parseUpdate (node_modules/@storybook/core/dist/babel/index.cjs:142139:45)
      at Nv.parseMaybeUnary (node_modules/@storybook/core/dist/babel/index.cjs:142124:20)
      at Nv.parseMaybeUnary (node_modules/@storybook/core/dist/babel/index.cjs:141419:93)
      at Nv.parseMaybeUnaryOrPrivate (node_modules/@storybook/core/dist/babel/index.cjs:142032:63)
      at Nv.parseExprOps (node_modules/@storybook/core/dist/babel/index.cjs:142035:78)
      at Nv.parseMaybeConditional (node_modules/@storybook/core/dist/babel/index.cjs:142020:78)
      at Nv.parseMaybeAssign (node_modules/@storybook/core/dist/babel/index.cjs:142004:20)
      at Nv.parseMaybeAssign (node_modules/@storybook/core/dist/babel/index.cjs:141392:22)
      at node_modules/@storybook/core/dist/babel/index.cjs:141986:41
      at Nv.allowInAnd (node_modules/@storybook/core/dist/babel/index.cjs:142978:14)
      at Nv.parseMaybeAssignAllowIn (node_modules/@storybook/core/dist/babel/index.cjs:141986:19)
      at Nv.parseObjectProperty (node_modules/@storybook/core/dist/babel/index.cjs:142656:81)
      at Nv.parseObjPropValue (node_modules/@storybook/core/dist/babel/index.cjs:142671:61)
      If you are in development, this likely indicates a problem with your Storybook process,
      check the terminal for errors.
      If you are in a deployed Storybook, there may have been an issue deploying the full Storybook
      build.
      at constructor (node_modules/@storybook/core/dist/babel/index.cjs:134900:15)
      at Nv.raise (node_modules/@storybook/core/dist/babel/index.cjs:137217:54)
      at Nv.readWord1 (node_modules/@storybook/core/dist/babel/index.cjs:137193:18)
      at Nv.readWord (node_modules/@storybook/core/dist/babel/index.cjs:137205:20)
      at Nv.getTokenFromCode (node_modules/@storybook/core/dist/babel/index.cjs:137028:16)
      at Nv.getTokenFromCode (node_modules/@storybook/core/dist/babel/index.cjs:139696:13)
      at Nv.getTokenFromCode (node_modules/@storybook/core/dist/babel/index.cjs:141547:13)
      at Nv.nextToken (node_modules/@storybook/core/dist/babel/index.cjs:136654:12)
      at Nv.next (node_modules/@storybook/core/dist/babel/index.cjs:136586:62)
      at Nv.eat (node_modules/@storybook/core/dist/babel/index.cjs:136589:36)
      at Nv.parseObjectProperty (node_modules/@storybook/core/dist/babel/index.cjs:142655:34)
      at Nv.parseObjPropValue (node_modules/@storybook/core/dist/babel/index.cjs:142671:61)
      at Nv.parseObjPropValue (node_modules/@storybook/core/dist/babel/index.cjs:141367:49)
      at Nv.parsePropertyDefinition (node_modules/@storybook/core/dist/babel/index.cjs:142632:19)
      at Nv.parseObjectLike (node_modules/@storybook/core/dist/babel/index.cjs:142596:57)
      at Nv.parseExprAtom (node_modules/@storybook/core/dist/babel/index.cjs:142302:23)
      at Nv.parseExprAtom (node_modules/@storybook/core/dist/babel/index.cjs:139667:45)
      at Nv.parseExprSubscripts (node_modules/@storybook/core/dist/babel/index.cjs:142149:78)
      at Nv.parseUpdate (node_modules/@storybook/core/dist/babel/index.cjs:142139:45)
      at Nv.parseMaybeUnary (node_modules/@storybook/core/dist/babel/index.cjs:142124:20)
      at Nv.parseMaybeUnary (node_modules/@storybook/core/dist/babel/index.cjs:141419:93)
      at Nv.parseMaybeUnaryOrPrivate (node_modules/@storybook/core/dist/babel/index.cjs:142032:63)
      at Nv.parseExprOps (node_modules/@storybook/core/dist/babel/index.cjs:142035:78)
      at Nv.parseMaybeConditional (node_modules/@storybook/core/dist/babel/index.cjs:142020:78)
      at Nv.parseMaybeAssign (node_modules/@storybook/core/dist/babel/index.cjs:142004:20)
      at Nv.parseMaybeAssign (node_modules/@storybook/core/dist/babel/index.cjs:141392:22)
      at node_modules/@storybook/core/dist/babel/index.cjs:141986:41
      at Nv.allowInAnd (node_modules/@storybook/core/dist/babel/index.cjs:142978:14)
      at Nv.parseMaybeAssignAllowIn (node_modules/@storybook/core/dist/babel/index.cjs:141986:19)
      at Nv.parseObjectProperty (node_modules/@storybook/core/dist/babel/index.cjs:142656:81)
      at Nv.parseObjPropValue (node_modules/@storybook/core/dist/babel/index.cjs:142671:61)
      at Nv.parseObjPropValue (node_modules/@storybook/core/dist/babel/index.cjs:141367:49)
      at Nv.parsePropertyDefinition (node_modules/@storybook/core/dist/babel/index.cjs:142632:19)
      at Nv.parseObjectLike (node_modules/@storybook/core/dist/babel/index.cjs:142596:57)
      at Nv.parseExprAtom (node_modules/@storybook/core/dist/babel/index.cjs:142302:23)
      at Nv.parseExprAtom (node_modules/@storybook/core/dist/babel/index.cjs:139667:45)
      at Nv.parseExprSubscripts (node_modules/@storybook/core/dist/babel/index.cjs:142149:78)
      at Nv.parseUpdate (node_modules/@storybook/core/dist/babel/index.cjs:142139:45)
      at Nv.parseMaybeUnary (node_modules/@storybook/core/dist/babel/index.cjs:142124:20)
      at Nv.parseMaybeUnary (node_modules/@storybook/core/dist/babel/index.cjs:141419:93)
      at Nv.parseMaybeUnaryOrPrivate (node_modules/@storybook/core/dist/babel/index.cjs:142032:63)
      at Nv.parseExprOps (node_modules/@storybook/core/dist/babel/index.cjs:142035:78)
      at Nv.parseMaybeConditional (node_modules/@storybook/core/dist/babel/index.cjs:142020:78)
      at Nv.parseMaybeAssign (node_modules/@storybook/core/dist/babel/index.cjs:142004:20)
      at Nv.parseMaybeAssign (node_modules/@storybook/core/dist/babel/index.cjs:141392:22)
      at node_modules/@storybook/core/dist/babel/index.cjs:141986:41
      at Nv.allowInAnd (node_modules/@storybook/core/dist/babel/index.cjs:142978:14)
      at Nv.parseMaybeAssignAllowIn (node_modules/@storybook/core/dist/babel/index.cjs:141986:19)
      at Nv.parseObjectProperty (node_modules/@storybook/core/dist/babel/index.cjs:142656:81)
      at Nv.parseObjPropValue (node_modules/@storybook/core/dist/babel/index.cjs:142671:61)
      If you are in development, this likely indicates a problem with your Storybook process,
      check the terminal for errors.
      If you are in a deployed Storybook, there may have been an issue deploying the full Storybook
      build.
      at ns2.getStoryIndexFromServer (packages/components/http:/localhost:6007/packages/components/node_modules/.cache/storybook/1c3385a5d25e538d10b518b310c74d3ca2690b6aaffeadccd74da79736171f86/sb-vite/deps/storybook_internal_preview_runtime.js?v=b3da04b4:8624:11)
      at async ns2.initializeWithProjectAnnotations (packages/components/http:/localhost:6007/packages/components/node_modules/.cache/storybook/1c3385a5d25e538d10b518b310c74d3ca2690b6aaffeadccd74da79736171f86/sb-vite/deps/storybook_internal_preview_runtime.js?v=b3da04b4:8606:15)
      at async ns2.initialize (packages/components/http:/localhost:6007/packages/components/node_modules/.cache/storybook/1c3385a5d25e538d10b518b310c74d3ca2690b6aaffeadccd74da79736171f86/sb-vite/deps/storybook_internal_preview_runtime.js?v=b3da04b4:8581:39)

  ● Components/Table/Custom Composition › WithSidePanel › smoke-test

    thrown: "Exceeded timeout of 30000 ms for a test.
    Add a timeout value to this test to increase the timeout, if this is a long-running test. See https://jestjs.io/docs/api#testname-fn-timeout."

      716 |         
      717 |         {selectedIds.length > 0 && (
    > 718 |           <div style={{ 
          |             ^
      719 |             display: 'flex', 
      720 |             gap: '12px', 
      721 |             alignItems: 'center',

      at packages/components/src/Table/CustomTableComposition.stories.tsx:718:13
      at packages/components/src/Table/CustomTableComposition.stories.tsx:717:9
      at Object.<anonymous> (packages/components/src/Table/CustomTableComposition.stories.tsx:128:5)

FAIL packages/components/src/DateTimePickers/DateTimePickers.stories.tsx
  ● Components/DateTimePickers › FormExample › smoke-test

    page.evaluate: Error: Axe is already running. Use `await axe.run()` to wait for the previous run to finish before starting a new run.

      at assert (packages/components/http:/localhost:6007/packages/components/node_modules/.cache/storybook/1c3385a5d25e538d10b518b310c74d3ca2690b6aaffeadccd74da79736171f86/sb-vite/deps/axe-core.js?v=b3da04b4:7427:19)
      at Object.run4 [as run] (packages/components/http:/localhost:6007/packages/components/node_modules/.cache/storybook/1c3385a5d25e538d10b518b310c74d3ca2690b6aaffeadccd74da79736171f86/sb-vite/deps/axe-core.js?v=b3da04b4:29739:13)
      at eval (eval at evaluate (:311:30)packages/components/, <anonymous>:2:27)
      at UtilityScript.evaluate (packages/components/<anonymous>:313:16)
      at UtilityScript.<anonymous> (packages/components/<anonymous>:1:44)
      at node_modules/axe-playwright/dist/index.js:74:31
      at node_modules/axe-playwright/dist/index.js:31:71
      at Object.<anonymous>.__awaiter (node_modules/axe-playwright/dist/index.js:27:12)
      at getAxeResults (node_modules/axe-playwright/dist/index.js:73:51)
      at node_modules/axe-playwright/dist/index.js:87:52
      at node_modules/axe-playwright/dist/index.js:31:71
      at Object.<anonymous>.__awaiter (node_modules/axe-playwright/dist/index.js:27:12)
      at getViolations (node_modules/axe-playwright/dist/index.js:86:51)
      at postVisit (.storybook/test-runner.ts:20:43)

FAIL packages/components/src/Checkbox/Checkbox.stories.tsx
  ● Components/Checkbox › Playground › smoke-test

    page.evaluate: Error: Axe is already running. Use `await axe.run()` to wait for the previous run to finish before starting a new run.

      at assert (packages/components/http:/localhost:6007/packages/components/node_modules/.cache/storybook/1c3385a5d25e538d10b518b310c74d3ca2690b6aaffeadccd74da79736171f86/sb-vite/deps/axe-core.js?v=b3da04b4:7427:19)
      at Object.run4 [as run] (packages/components/http:/localhost:6007/packages/components/node_modules/.cache/storybook/1c3385a5d25e538d10b518b310c74d3ca2690b6aaffeadccd74da79736171f86/sb-vite/deps/axe-core.js?v=b3da04b4:29739:13)
      at eval (eval at evaluate (:311:30)packages/components/, <anonymous>:2:27)
      at UtilityScript.evaluate (packages/components/<anonymous>:313:16)
      at UtilityScript.<anonymous> (packages/components/<anonymous>:1:44)
      at node_modules/axe-playwright/dist/index.js:74:31
      at node_modules/axe-playwright/dist/index.js:31:71
      at Object.<anonymous>.__awaiter (node_modules/axe-playwright/dist/index.js:27:12)
      at getAxeResults (node_modules/axe-playwright/dist/index.js:73:51)
      at node_modules/axe-playwright/dist/index.js:87:52
      at node_modules/axe-playwright/dist/index.js:31:71
      at Object.<anonymous>.__awaiter (node_modules/axe-playwright/dist/index.js:27:12)
      at getViolations (node_modules/axe-playwright/dist/index.js:86:51)
      at postVisit (.storybook/test-runner.ts:20:43)

  ● Components/Checkbox › AllStates › smoke-test

    assert.strictEqual(received, expected)

    Expected value to strictly be equal to:
      0
    Received:
      1

    Message:
      1 accessibility violation was detected

    1 !== 0

      at testResultDependsOnViolations (node_modules/axe-playwright/dist/utils.js:16:26)
      at node_modules/axe-playwright/dist/index.js:143:51
      at fulfilled (node_modules/axe-playwright/dist/index.js:28:58)

  ● Components/Checkbox › EmptyState › smoke-test

    assert.strictEqual(received, expected)

    Expected value to strictly be equal to:
      0
    Received:
      1

    Message:
      1 accessibility violation was detected

    1 !== 0

      at testResultDependsOnViolations (node_modules/axe-playwright/dist/utils.js:16:26)
      at node_modules/axe-playwright/dist/index.js:143:51
      at fulfilled (node_modules/axe-playwright/dist/index.js:28:58)

  ● Components/Checkbox › CustomLabel › smoke-test

    assert.strictEqual(received, expected)

    Expected value to strictly be equal to:
      0
    Received:
      2

    Message:
      2 accessibility violations were detected

    2 !== 0

      at testResultDependsOnViolations (node_modules/axe-playwright/dist/utils.js:16:26)
      at node_modules/axe-playwright/dist/index.js:143:51
      at fulfilled (node_modules/axe-playwright/dist/index.js:28:58)

FAIL packages/components/src/BarChart/BarChart.stories.tsx
  ● Data Visualization/BarChart › Default › smoke-test

    assert.strictEqual(received, expected)

    Expected value to strictly be equal to:
      0
    Received:
      1

    Message:
      1 accessibility violation was detected

    1 !== 0

      at testResultDependsOnViolations (node_modules/axe-playwright/dist/utils.js:16:26)
      at node_modules/axe-playwright/dist/index.js:143:51
      at fulfilled (node_modules/axe-playwright/dist/index.js:28:58)

  ● Data Visualization/BarChart › Hover › smoke-test

    assert.strictEqual(received, expected)

    Expected value to strictly be equal to:
      0
    Received:
      1

    Message:
      1 accessibility violation was detected

    1 !== 0

      at testResultDependsOnViolations (node_modules/axe-playwright/dist/utils.js:16:26)
      at node_modules/axe-playwright/dist/index.js:143:51
      at fulfilled (node_modules/axe-playwright/dist/index.js:28:58)

  ● Data Visualization/BarChart › Focus › smoke-test

    assert.strictEqual(received, expected)

    Expected value to strictly be equal to:
      0
    Received:
      1

    Message:
      1 accessibility violation was detected

    1 !== 0

      at testResultDependsOnViolations (node_modules/axe-playwright/dist/utils.js:16:26)
      at node_modules/axe-playwright/dist/index.js:143:51
      at fulfilled (node_modules/axe-playwright/dist/index.js:28:58)

  ● Data Visualization/BarChart › Active › smoke-test

    assert.strictEqual(received, expected)

    Expected value to strictly be equal to:
      0
    Received:
      1

    Message:
      1 accessibility violation was detected

    1 !== 0

      at testResultDependsOnViolations (node_modules/axe-playwright/dist/utils.js:16:26)
      at node_modules/axe-playwright/dist/index.js:143:51
      at fulfilled (node_modules/axe-playwright/dist/index.js:28:58)

  ● Data Visualization/BarChart › Disabled › smoke-test

    assert.strictEqual(received, expected)

    Expected value to strictly be equal to:
      0
    Received:
      1

    Message:
      1 accessibility violation was detected

    1 !== 0

      at testResultDependsOnViolations (node_modules/axe-playwright/dist/utils.js:16:26)
      at node_modules/axe-playwright/dist/index.js:143:51
      at fulfilled (node_modules/axe-playwright/dist/index.js:28:58)

  ● Data Visualization/BarChart › Vertical › smoke-test

    assert.strictEqual(received, expected)

    Expected value to strictly be equal to:
      0
    Received:
      1

    Message:
      1 accessibility violation was detected

    1 !== 0

      at testResultDependsOnViolations (node_modules/axe-playwright/dist/utils.js:16:26)
      at node_modules/axe-playwright/dist/index.js:143:51
      at fulfilled (node_modules/axe-playwright/dist/index.js:28:58)

  ● Data Visualization/BarChart › Horizontal › smoke-test

    assert.strictEqual(received, expected)

    Expected value to strictly be equal to:
      0
    Received:
      1

    Message:
      1 accessibility violation was detected

    1 !== 0

      at testResultDependsOnViolations (node_modules/axe-playwright/dist/utils.js:16:26)
      at node_modules/axe-playwright/dist/index.js:143:51
      at fulfilled (node_modules/axe-playwright/dist/index.js:28:58)

  ● Data Visualization/BarChart › Stacked › smoke-test

    assert.strictEqual(received, expected)

    Expected value to strictly be equal to:
      0
    Received:
      1

    Message:
      1 accessibility violation was detected

    1 !== 0

      at testResultDependsOnViolations (node_modules/axe-playwright/dist/utils.js:16:26)
      at node_modules/axe-playwright/dist/index.js:143:51
      at fulfilled (node_modules/axe-playwright/dist/index.js:28:58)

  ● Data Visualization/BarChart › WithTitle › smoke-test

    assert.strictEqual(received, expected)

    Expected value to strictly be equal to:
      0
    Received:
      1

    Message:
      1 accessibility violation was detected

    1 !== 0

      at testResultDependsOnViolations (node_modules/axe-playwright/dist/utils.js:16:26)
      at node_modules/axe-playwright/dist/index.js:143:51
      at fulfilled (node_modules/axe-playwright/dist/index.js:28:58)

  ● Data Visualization/BarChart › WithoutGrid › smoke-test

    assert.strictEqual(received, expected)

    Expected value to strictly be equal to:
      0
    Received:
      1

    Message:
      1 accessibility violation was detected

    1 !== 0

      at testResultDependsOnViolations (node_modules/axe-playwright/dist/utils.js:16:26)
      at node_modules/axe-playwright/dist/index.js:143:51
      at fulfilled (node_modules/axe-playwright/dist/index.js:28:58)

  ● Data Visualization/BarChart › Small › smoke-test

    assert.strictEqual(received, expected)

    Expected value to strictly be equal to:
      0
    Received:
      1

    Message:
      1 accessibility violation was detected

    1 !== 0

      at testResultDependsOnViolations (node_modules/axe-playwright/dist/utils.js:16:26)
      at node_modules/axe-playwright/dist/index.js:143:51
      at fulfilled (node_modules/axe-playwright/dist/index.js:28:58)

  ● Data Visualization/BarChart › Medium › smoke-test

    assert.strictEqual(received, expected)

    Expected value to strictly be equal to:
      0
    Received:
      1

    Message:
      1 accessibility violation was detected

    1 !== 0

      at testResultDependsOnViolations (node_modules/axe-playwright/dist/utils.js:16:26)
      at node_modules/axe-playwright/dist/index.js:143:51
      at fulfilled (node_modules/axe-playwright/dist/index.js:28:58)

  ● Data Visualization/BarChart › Large › smoke-test

    assert.strictEqual(received, expected)

    Expected value to strictly be equal to:
      0
    Received:
      1

    Message:
      1 accessibility violation was detected

    1 !== 0

      at testResultDependsOnViolations (node_modules/axe-playwright/dist/utils.js:16:26)
      at node_modules/axe-playwright/dist/index.js:143:51
      at fulfilled (node_modules/axe-playwright/dist/index.js:28:58)

  ● Data Visualization/BarChart › ResponsiveWidth › smoke-test

    assert.strictEqual(received, expected)

    Expected value to strictly be equal to:
      0
    Received:
      1

    Message:
      1 accessibility violation was detected

    1 !== 0

      at testResultDependsOnViolations (node_modules/axe-playwright/dist/utils.js:16:26)
      at node_modules/axe-playwright/dist/index.js:143:51
      at fulfilled (node_modules/axe-playwright/dist/index.js:28:58)

  ● Data Visualization/BarChart › CustomHeader › smoke-test

    assert.strictEqual(received, expected)

    Expected value to strictly be equal to:
      0
    Received:
      1

    Message:
      1 accessibility violation was detected

    1 !== 0

      at testResultDependsOnViolations (node_modules/axe-playwright/dist/utils.js:16:26)
      at node_modules/axe-playwright/dist/index.js:143:51
      at fulfilled (node_modules/axe-playwright/dist/index.js:28:58)

  ● Data Visualization/BarChart › CustomLegend › smoke-test

    assert.strictEqual(received, expected)

    Expected value to strictly be equal to:
      0
    Received:
      2

    Message:
      2 accessibility violations were detected

    2 !== 0

      at testResultDependsOnViolations (node_modules/axe-playwright/dist/utils.js:16:26)
      at node_modules/axe-playwright/dist/index.js:143:51
      at fulfilled (node_modules/axe-playwright/dist/index.js:28:58)

  ● Data Visualization/BarChart › CustomEmptyState › smoke-test

    assert.strictEqual(received, expected)

    Expected value to strictly be equal to:
      0
    Received:
      1

    Message:
      1 accessibility violation was detected

    1 !== 0

      at testResultDependsOnViolations (node_modules/axe-playwright/dist/utils.js:16:26)
      at node_modules/axe-playwright/dist/index.js:143:51
      at fulfilled (node_modules/axe-playwright/dist/index.js:28:58)

  ● Data Visualization/BarChart › EventCallbacks › smoke-test

    assert.strictEqual(received, expected)

    Expected value to strictly be equal to:
      0
    Received:
      1

    Message:
      1 accessibility violation was detected

    1 !== 0

      at testResultDependsOnViolations (node_modules/axe-playwright/dist/utils.js:16:26)
      at node_modules/axe-playwright/dist/index.js:143:51
      at fulfilled (node_modules/axe-playwright/dist/index.js:28:58)

  ● Data Visualization/BarChart › ForwardRef › smoke-test

    assert.strictEqual(received, expected)

    Expected value to strictly be equal to:
      0
    Received:
      1

    Message:
      1 accessibility violation was detected

    1 !== 0

      at testResultDependsOnViolations (node_modules/axe-playwright/dist/utils.js:16:26)
      at node_modules/axe-playwright/dist/index.js:143:51
      at fulfilled (node_modules/axe-playwright/dist/index.js:28:58)

  ● Data Visualization/BarChart › Polymorphic › smoke-test

    assert.strictEqual(received, expected)

    Expected value to strictly be equal to:
      0
    Received:
      2

    Message:
      2 accessibility violations were detected

    2 !== 0

      at testResultDependsOnViolations (node_modules/axe-playwright/dist/utils.js:16:26)
      at node_modules/axe-playwright/dist/index.js:143:51
      at fulfilled (node_modules/axe-playwright/dist/index.js:28:58)

  ● Data Visualization/BarChart › InCard › smoke-test

    assert.strictEqual(received, expected)

    Expected value to strictly be equal to:
      0
    Received:
      1

    Message:
      1 accessibility violation was detected

    1 !== 0

      at testResultDependsOnViolations (node_modules/axe-playwright/dist/utils.js:16:26)
      at node_modules/axe-playwright/dist/index.js:143:51
      at fulfilled (node_modules/axe-playwright/dist/index.js:28:58)

FAIL packages/components/src/Button/Button.stories.tsx
  ● Components/Button › Playground › smoke-test

    page.evaluate: Error: Axe is already running. Use `await axe.run()` to wait for the previous run to finish before starting a new run.

      at assert (packages/components/http:/localhost:6007/packages/components/node_modules/.cache/storybook/1c3385a5d25e538d10b518b310c74d3ca2690b6aaffeadccd74da79736171f86/sb-vite/deps/axe-core.js?v=b3da04b4:7427:19)
      at Object.run4 [as run] (packages/components/http:/localhost:6007/packages/components/node_modules/.cache/storybook/1c3385a5d25e538d10b518b310c74d3ca2690b6aaffeadccd74da79736171f86/sb-vite/deps/axe-core.js?v=b3da04b4:29739:13)
      at eval (eval at evaluate (:311:30)packages/components/, <anonymous>:2:27)
      at UtilityScript.evaluate (packages/components/<anonymous>:313:16)
      at UtilityScript.<anonymous> (packages/components/<anonymous>:1:44)
      at node_modules/axe-playwright/dist/index.js:74:31
      at node_modules/axe-playwright/dist/index.js:31:71
      at Object.<anonymous>.__awaiter (node_modules/axe-playwright/dist/index.js:27:12)
      at getAxeResults (node_modules/axe-playwright/dist/index.js:73:51)
      at node_modules/axe-playwright/dist/index.js:87:52
      at node_modules/axe-playwright/dist/index.js:31:71
      at Object.<anonymous>.__awaiter (node_modules/axe-playwright/dist/index.js:27:12)
      at getViolations (node_modules/axe-playwright/dist/index.js:86:51)
      at postVisit (.storybook/test-runner.ts:20:43)

  ● Components/Button › WarningType › smoke-test

    assert.strictEqual(received, expected)

    Expected value to strictly be equal to:
      0
    Received:
      1

    Message:
      1 accessibility violation was detected

    1 !== 0

      at testResultDependsOnViolations (node_modules/axe-playwright/dist/utils.js:16:26)
      at node_modules/axe-playwright/dist/index.js:143:51
      at fulfilled (node_modules/axe-playwright/dist/index.js:28:58)

  ● Components/Button › AllVariants › smoke-test

    assert.strictEqual(received, expected)

    Expected value to strictly be equal to:
      0
    Received:
      1

    Message:
      1 accessibility violation was detected

    1 !== 0

      at testResultDependsOnViolations (node_modules/axe-playwright/dist/utils.js:16:26)
      at node_modules/axe-playwright/dist/index.js:143:51
      at fulfilled (node_modules/axe-playwright/dist/index.js:28:58)

FAIL packages/components/src/Tabs/Tabs.stories.tsx
  ● Components/Tabs › HorizontalParent › smoke-test

    assert.strictEqual(received, expected)

    Expected value to strictly be equal to:
      0
    Received:
      1

    Message:
      1 accessibility violation was detected

    1 !== 0

      at testResultDependsOnViolations (node_modules/axe-playwright/dist/utils.js:16:26)
      at node_modules/axe-playwright/dist/index.js:143:51
      at fulfilled (node_modules/axe-playwright/dist/index.js:28:58)

  ● Components/Tabs › VerticalLeftParent › smoke-test

    assert.strictEqual(received, expected)

    Expected value to strictly be equal to:
      0
    Received:
      1

    Message:
      1 accessibility violation was detected

    1 !== 0

      at testResultDependsOnViolations (node_modules/axe-playwright/dist/utils.js:16:26)
      at node_modules/axe-playwright/dist/index.js:143:51
      at fulfilled (node_modules/axe-playwright/dist/index.js:28:58)

  ● Components/Tabs › VerticalRightParent › smoke-test

    assert.strictEqual(received, expected)

    Expected value to strictly be equal to:
      0
    Received:
      1

    Message:
      1 accessibility violation was detected

    1 !== 0

      at testResultDependsOnViolations (node_modules/axe-playwright/dist/utils.js:16:26)
      at node_modules/axe-playwright/dist/index.js:143:51
      at fulfilled (node_modules/axe-playwright/dist/index.js:28:58)

  ● Components/Tabs › HorizontalChild › smoke-test

    assert.strictEqual(received, expected)

    Expected value to strictly be equal to:
      0
    Received:
      1

    Message:
      1 accessibility violation was detected

    1 !== 0

      at testResultDependsOnViolations (node_modules/axe-playwright/dist/utils.js:16:26)
      at node_modules/axe-playwright/dist/index.js:143:51
      at fulfilled (node_modules/axe-playwright/dist/index.js:28:58)

  ● Components/Tabs › VerticalLeftChild › smoke-test

    assert.strictEqual(received, expected)

    Expected value to strictly be equal to:
      0
    Received:
      1

    Message:
      1 accessibility violation was detected

    1 !== 0

      at testResultDependsOnViolations (node_modules/axe-playwright/dist/utils.js:16:26)
      at node_modules/axe-playwright/dist/index.js:143:51
      at fulfilled (node_modules/axe-playwright/dist/index.js:28:58)

  ● Components/Tabs › IndividualDisabled › smoke-test

    assert.strictEqual(received, expected)

    Expected value to strictly be equal to:
      0
    Received:
      1

    Message:
      1 accessibility violation was detected

    1 !== 0

      at testResultDependsOnViolations (node_modules/axe-playwright/dist/utils.js:16:26)
      at node_modules/axe-playwright/dist/index.js:143:51
      at fulfilled (node_modules/axe-playwright/dist/index.js:28:58)

  ● Components/Tabs › ForwardRefUsage › smoke-test

    assert.strictEqual(received, expected)

    Expected value to strictly be equal to:
      0
    Received:
      1

    Message:
      1 accessibility violation was detected

    1 !== 0

      at testResultDependsOnViolations (node_modules/axe-playwright/dist/utils.js:16:26)
      at node_modules/axe-playwright/dist/index.js:143:51
      at fulfilled (node_modules/axe-playwright/dist/index.js:28:58)

  ● Components/Tabs › PolymorphicAs › smoke-test

    assert.strictEqual(received, expected)

    Expected value to strictly be equal to:
      0
    Received:
      1

    Message:
      1 accessibility violation was detected

    1 !== 0

      at testResultDependsOnViolations (node_modules/axe-playwright/dist/utils.js:16:26)
      at node_modules/axe-playwright/dist/index.js:143:51
      at fulfilled (node_modules/axe-playwright/dist/index.js:28:58)

  ● Components/Tabs › CustomStyling › smoke-test

    assert.strictEqual(received, expected)

    Expected value to strictly be equal to:
      0
    Received:
      1

    Message:
      1 accessibility violation was detected

    1 !== 0

      at testResultDependsOnViolations (node_modules/axe-playwright/dist/utils.js:16:26)
      at node_modules/axe-playwright/dist/index.js:143:51
      at fulfilled (node_modules/axe-playwright/dist/index.js:28:58)

  ● Components/Tabs › EventCallbacks › smoke-test

    assert.strictEqual(received, expected)

    Expected value to strictly be equal to:
      0
    Received:
      1

    Message:
      1 accessibility violation was detected

    1 !== 0

      at testResultDependsOnViolations (node_modules/axe-playwright/dist/utils.js:16:26)
      at node_modules/axe-playwright/dist/index.js:143:51
      at fulfilled (node_modules/axe-playwright/dist/index.js:28:58)

  ● Components/Tabs › HierarchyExample › smoke-test

    assert.strictEqual(received, expected)

    Expected value to strictly be equal to:
      0
    Received:
      1

    Message:
      1 accessibility violation was detected

    1 !== 0

      at testResultDependsOnViolations (node_modules/axe-playwright/dist/utils.js:16:26)
      at node_modules/axe-playwright/dist/index.js:143:51
      at fulfilled (node_modules/axe-playwright/dist/index.js:28:58)

  ● Components/Tabs › Minimal › smoke-test

    assert.strictEqual(received, expected)

    Expected value to strictly be equal to:
      0
    Received:
      1

    Message:
      1 accessibility violation was detected

    1 !== 0

      at testResultDependsOnViolations (node_modules/axe-playwright/dist/utils.js:16:26)
      at node_modules/axe-playwright/dist/index.js:143:51
      at fulfilled (node_modules/axe-playwright/dist/index.js:28:58)

  ● Components/Tabs › WithTrailingIcons › smoke-test

    assert.strictEqual(received, expected)

    Expected value to strictly be equal to:
      0
    Received:
      1

    Message:
      1 accessibility violation was detected

    1 !== 0

      at testResultDependsOnViolations (node_modules/axe-playwright/dist/utils.js:16:26)
      at node_modules/axe-playwright/dist/index.js:143:51
      at fulfilled (node_modules/axe-playwright/dist/index.js:28:58)

  ● Components/Tabs › ContentAlignmentAuto › smoke-test

    assert.strictEqual(received, expected)

    Expected value to strictly be equal to:
      0
    Received:
      1

    Message:
      1 accessibility violation was detected

    1 !== 0

      at testResultDependsOnViolations (node_modules/axe-playwright/dist/utils.js:16:26)
      at node_modules/axe-playwright/dist/index.js:143:51
      at fulfilled (node_modules/axe-playwright/dist/index.js:28:58)

  ● Components/Tabs › ContentAlignmentManual › smoke-test

    assert.strictEqual(received, expected)

    Expected value to strictly be equal to:
      0
    Received:
      1

    Message:
      1 accessibility violation was detected

    1 !== 0

      at testResultDependsOnViolations (node_modules/axe-playwright/dist/utils.js:16:26)
      at node_modules/axe-playwright/dist/index.js:143:51
      at fulfilled (node_modules/axe-playwright/dist/index.js:28:58)

  ● Components/Tabs › MixedIcons › smoke-test

    assert.strictEqual(received, expected)

    Expected value to strictly be equal to:
      0
    Received:
      1

    Message:
      1 accessibility violation was detected

    1 !== 0

      at testResultDependsOnViolations (node_modules/axe-playwright/dist/utils.js:16:26)
      at node_modules/axe-playwright/dist/index.js:143:51
      at fulfilled (node_modules/axe-playwright/dist/index.js:28:58)

FAIL packages/components/src/MetricCard/MetricCard.stories.tsx
  ● Data Visualization/MetricCard › Default › smoke-test

    assert.strictEqual(received, expected)

    Expected value to strictly be equal to:
      0
    Received:
      1

    Message:
      1 accessibility violation was detected

    1 !== 0

      at testResultDependsOnViolations (node_modules/axe-playwright/dist/utils.js:16:26)
      at node_modules/axe-playwright/dist/index.js:143:51
      at fulfilled (node_modules/axe-playwright/dist/index.js:28:58)

  ● Data Visualization/MetricCard › Hover › smoke-test

    assert.strictEqual(received, expected)

    Expected value to strictly be equal to:
      0
    Received:
      1

    Message:
      1 accessibility violation was detected

    1 !== 0

      at testResultDependsOnViolations (node_modules/axe-playwright/dist/utils.js:16:26)
      at node_modules/axe-playwright/dist/index.js:143:51
      at fulfilled (node_modules/axe-playwright/dist/index.js:28:58)

  ● Data Visualization/MetricCard › Focus › smoke-test

    assert.strictEqual(received, expected)

    Expected value to strictly be equal to:
      0
    Received:
      1

    Message:
      1 accessibility violation was detected

    1 !== 0

      at testResultDependsOnViolations (node_modules/axe-playwright/dist/utils.js:16:26)
      at node_modules/axe-playwright/dist/index.js:143:51
      at fulfilled (node_modules/axe-playwright/dist/index.js:28:58)

  ● Data Visualization/MetricCard › Active › smoke-test

    assert.strictEqual(received, expected)

    Expected value to strictly be equal to:
      0
    Received:
      1

    Message:
      1 accessibility violation was detected

    1 !== 0

      at testResultDependsOnViolations (node_modules/axe-playwright/dist/utils.js:16:26)
      at node_modules/axe-playwright/dist/index.js:143:51
      at fulfilled (node_modules/axe-playwright/dist/index.js:28:58)

  ● Data Visualization/MetricCard › BasicVariant › smoke-test

    assert.strictEqual(received, expected)

    Expected value to strictly be equal to:
      0
    Received:
      1

    Message:
      1 accessibility violation was detected

    1 !== 0

      at testResultDependsOnViolations (node_modules/axe-playwright/dist/utils.js:16:26)
      at node_modules/axe-playwright/dist/index.js:143:51
      at fulfilled (node_modules/axe-playwright/dist/index.js:28:58)

  ● Data Visualization/MetricCard › FilledVariant › smoke-test

    assert.strictEqual(received, expected)

    Expected value to strictly be equal to:
      0
    Received:
      1

    Message:
      1 accessibility violation was detected

    1 !== 0

      at testResultDependsOnViolations (node_modules/axe-playwright/dist/utils.js:16:26)
      at node_modules/axe-playwright/dist/index.js:143:51
      at fulfilled (node_modules/axe-playwright/dist/index.js:28:58)

  ● Data Visualization/MetricCard › SetVariant › smoke-test

    assert.strictEqual(received, expected)

    Expected value to strictly be equal to:
      0
    Received:
      2

    Message:
      2 accessibility violations were detected

    2 !== 0

      at testResultDependsOnViolations (node_modules/axe-playwright/dist/utils.js:16:26)
      at node_modules/axe-playwright/dist/index.js:143:51
      at fulfilled (node_modules/axe-playwright/dist/index.js:28:58)

  ● Data Visualization/MetricCard › WithChangeBadge › smoke-test

    assert.strictEqual(received, expected)

    Expected value to strictly be equal to:
      0
    Received:
      1

    Message:
      1 accessibility violation was detected

    1 !== 0

      at testResultDependsOnViolations (node_modules/axe-playwright/dist/utils.js:16:26)
      at node_modules/axe-playwright/dist/index.js:143:51
      at fulfilled (node_modules/axe-playwright/dist/index.js:28:58)

  ● Data Visualization/MetricCard › WithProgressBar › smoke-test

    assert.strictEqual(received, expected)

    Expected value to strictly be equal to:
      0
    Received:
      2

    Message:
      2 accessibility violations were detected

    2 !== 0

      at testResultDependsOnViolations (node_modules/axe-playwright/dist/utils.js:16:26)
      at node_modules/axe-playwright/dist/index.js:143:51
      at fulfilled (node_modules/axe-playwright/dist/index.js:28:58)

  ● Data Visualization/MetricCard › WithActionChip › smoke-test

    assert.strictEqual(received, expected)

    Expected value to strictly be equal to:
      0
    Received:
      1

    Message:
      1 accessibility violation was detected

    1 !== 0

      at testResultDependsOnViolations (node_modules/axe-playwright/dist/utils.js:16:26)
      at node_modules/axe-playwright/dist/index.js:143:51
      at fulfilled (node_modules/axe-playwright/dist/index.js:28:58)

  ● Data Visualization/MetricCard › CompleteExample › smoke-test

    assert.strictEqual(received, expected)

    Expected value to strictly be equal to:
      0
    Received:
      3

    Message:
      3 accessibility violations were detected

    3 !== 0

      at testResultDependsOnViolations (node_modules/axe-playwright/dist/utils.js:16:26)
      at node_modules/axe-playwright/dist/index.js:143:51
      at fulfilled (node_modules/axe-playwright/dist/index.js:28:58)

  ● Data Visualization/MetricCard › CustomHeader › smoke-test

    assert.strictEqual(received, expected)

    Expected value to strictly be equal to:
      0
    Received:
      2

    Message:
      2 accessibility violations were detected

    2 !== 0

      at testResultDependsOnViolations (node_modules/axe-playwright/dist/utils.js:16:26)
      at node_modules/axe-playwright/dist/index.js:143:51
      at fulfilled (node_modules/axe-playwright/dist/index.js:28:58)

  ● Data Visualization/MetricCard › CustomValue › smoke-test

    assert.strictEqual(received, expected)

    Expected value to strictly be equal to:
      0
    Received:
      1

    Message:
      1 accessibility violation was detected

    1 !== 0

      at testResultDependsOnViolations (node_modules/axe-playwright/dist/utils.js:16:26)
      at node_modules/axe-playwright/dist/index.js:143:51
      at fulfilled (node_modules/axe-playwright/dist/index.js:28:58)

  ● Data Visualization/MetricCard › CustomEmptyState › smoke-test

    assert.strictEqual(received, expected)

    Expected value to strictly be equal to:
      0
    Received:
      1

    Message:
      1 accessibility violation was detected

    1 !== 0

      at testResultDependsOnViolations (node_modules/axe-playwright/dist/utils.js:16:26)
      at node_modules/axe-playwright/dist/index.js:143:51
      at fulfilled (node_modules/axe-playwright/dist/index.js:28:58)

  ● Data Visualization/MetricCard › ForwardRefUsage › smoke-test

    assert.strictEqual(received, expected)

    Expected value to strictly be equal to:
      0
    Received:
      1

    Message:
      1 accessibility violation was detected

    1 !== 0

      at testResultDependsOnViolations (node_modules/axe-playwright/dist/utils.js:16:26)
      at node_modules/axe-playwright/dist/index.js:143:51
      at fulfilled (node_modules/axe-playwright/dist/index.js:28:58)

  ● Data Visualization/MetricCard › PolymorphicRendering › smoke-test

    assert.strictEqual(received, expected)

    Expected value to strictly be equal to:
      0
    Received:
      1

    Message:
      1 accessibility violation was detected

    1 !== 0

      at testResultDependsOnViolations (node_modules/axe-playwright/dist/utils.js:16:26)
      at node_modules/axe-playwright/dist/index.js:143:51
      at fulfilled (node_modules/axe-playwright/dist/index.js:28:58)

  ● Data Visualization/MetricCard › EventCallbacks › smoke-test

    assert.strictEqual(received, expected)

    Expected value to strictly be equal to:
      0
    Received:
      2

    Message:
      2 accessibility violations were detected

    2 !== 0

      at testResultDependsOnViolations (node_modules/axe-playwright/dist/utils.js:16:26)
      at node_modules/axe-playwright/dist/index.js:143:51
      at fulfilled (node_modules/axe-playwright/dist/index.js:28:58)

  ● Data Visualization/MetricCard › ResponsiveGrid › smoke-test

    assert.strictEqual(received, expected)

    Expected value to strictly be equal to:
      0
    Received:
      2

    Message:
      2 accessibility violations were detected

    2 !== 0

      at testResultDependsOnViolations (node_modules/axe-playwright/dist/utils.js:16:26)
      at node_modules/axe-playwright/dist/index.js:143:51
      at fulfilled (node_modules/axe-playwright/dist/index.js:28:58)

FAIL packages/components/src/AlertBanner/AlertBanner.stories.tsx
  ● Components/AlertBanner › Playground › smoke-test

    page.evaluate: Error: Axe is already running. Use `await axe.run()` to wait for the previous run to finish before starting a new run.

      at assert (packages/components/http:/localhost:6007/packages/components/node_modules/.cache/storybook/1c3385a5d25e538d10b518b310c74d3ca2690b6aaffeadccd74da79736171f86/sb-vite/deps/axe-core.js?v=b3da04b4:7427:19)
      at Object.run4 [as run] (packages/components/http:/localhost:6007/packages/components/node_modules/.cache/storybook/1c3385a5d25e538d10b518b310c74d3ca2690b6aaffeadccd74da79736171f86/sb-vite/deps/axe-core.js?v=b3da04b4:29739:13)
      at eval (eval at evaluate (:311:30)packages/components/, <anonymous>:2:27)
      at UtilityScript.evaluate (packages/components/<anonymous>:313:16)
      at UtilityScript.<anonymous> (packages/components/<anonymous>:1:44)
      at node_modules/axe-playwright/dist/index.js:74:31
      at node_modules/axe-playwright/dist/index.js:31:71
      at Object.<anonymous>.__awaiter (node_modules/axe-playwright/dist/index.js:27:12)
      at getAxeResults (node_modules/axe-playwright/dist/index.js:73:51)
      at node_modules/axe-playwright/dist/index.js:87:52
      at node_modules/axe-playwright/dist/index.js:31:71
      at Object.<anonymous>.__awaiter (node_modules/axe-playwright/dist/index.js:27:12)
      at getViolations (node_modules/axe-playwright/dist/index.js:86:51)
      at postVisit (.storybook/test-runner.ts:20:43)

FAIL packages/components/src/Badge/Badge.stories.tsx
  ● Components/Badge › Default › smoke-test

    page.evaluate: Error: Axe is already running. Use `await axe.run()` to wait for the previous run to finish before starting a new run.

      at assert (packages/components/http:/localhost:6007/packages/components/node_modules/.cache/storybook/1c3385a5d25e538d10b518b310c74d3ca2690b6aaffeadccd74da79736171f86/sb-vite/deps/axe-core.js?v=b3da04b4:7427:19)
      at Object.run4 [as run] (packages/components/http:/localhost:6007/packages/components/node_modules/.cache/storybook/1c3385a5d25e538d10b518b310c74d3ca2690b6aaffeadccd74da79736171f86/sb-vite/deps/axe-core.js?v=b3da04b4:29739:13)
      at eval (eval at evaluate (:311:30)packages/components/, <anonymous>:2:27)
      at UtilityScript.evaluate (packages/components/<anonymous>:313:16)
      at UtilityScript.<anonymous> (packages/components/<anonymous>:1:44)
      at node_modules/axe-playwright/dist/index.js:74:31
      at node_modules/axe-playwright/dist/index.js:31:71
      at Object.<anonymous>.__awaiter (node_modules/axe-playwright/dist/index.js:27:12)
      at getAxeResults (node_modules/axe-playwright/dist/index.js:73:51)
      at node_modules/axe-playwright/dist/index.js:87:52
      at node_modules/axe-playwright/dist/index.js:31:71
      at Object.<anonymous>.__awaiter (node_modules/axe-playwright/dist/index.js:27:12)
      at getViolations (node_modules/axe-playwright/dist/index.js:86:51)
      at postVisit (.storybook/test-runner.ts:20:43)

  ● Components/Badge › AllTypesDefault › smoke-test

    assert.strictEqual(received, expected)

    Expected value to strictly be equal to:
      0
    Received:
      1

    Message:
      1 accessibility violation was detected

    1 !== 0

      at testResultDependsOnViolations (node_modules/axe-playwright/dist/utils.js:16:26)
      at node_modules/axe-playwright/dist/index.js:143:51
      at fulfilled (node_modules/axe-playwright/dist/index.js:28:58)

  ● Components/Badge › WarningVariants › smoke-test

    assert.strictEqual(received, expected)

    Expected value to strictly be equal to:
      0
    Received:
      1

    Message:
      1 accessibility violation was detected

    1 !== 0

      at testResultDependsOnViolations (node_modules/axe-playwright/dist/utils.js:16:26)
      at node_modules/axe-playwright/dist/index.js:143:51
      at fulfilled (node_modules/axe-playwright/dist/index.js:28:58)

  ● Components/Badge › AllVariants › smoke-test

    assert.strictEqual(received, expected)

    Expected value to strictly be equal to:
      0
    Received:
      1

    Message:
      1 accessibility violation was detected

    1 !== 0

      at testResultDependsOnViolations (node_modules/axe-playwright/dist/utils.js:16:26)
      at node_modules/axe-playwright/dist/index.js:143:51
      at fulfilled (node_modules/axe-playwright/dist/index.js:28:58)

FAIL packages/components/src/Select/Select.stories.tsx
  ● Components/Select › Default › smoke-test

    page.evaluate: Error: Axe is already running. Use `await axe.run()` to wait for the previous run to finish before starting a new run.

      at assert (packages/components/http:/localhost:6007/packages/components/node_modules/.cache/storybook/1c3385a5d25e538d10b518b310c74d3ca2690b6aaffeadccd74da79736171f86/sb-vite/deps/axe-core.js?v=b3da04b4:7427:19)
      at Object.run4 [as run] (packages/components/http:/localhost:6007/packages/components/node_modules/.cache/storybook/1c3385a5d25e538d10b518b310c74d3ca2690b6aaffeadccd74da79736171f86/sb-vite/deps/axe-core.js?v=b3da04b4:29739:13)
      at eval (eval at evaluate (:311:30)packages/components/, <anonymous>:2:27)
      at UtilityScript.evaluate (packages/components/<anonymous>:313:16)
      at UtilityScript.<anonymous> (packages/components/<anonymous>:1:44)
      at node_modules/axe-playwright/dist/index.js:74:31
      at node_modules/axe-playwright/dist/index.js:31:71
      at Object.<anonymous>.__awaiter (node_modules/axe-playwright/dist/index.js:27:12)
      at getAxeResults (node_modules/axe-playwright/dist/index.js:73:51)
      at node_modules/axe-playwright/dist/index.js:87:52
      at node_modules/axe-playwright/dist/index.js:31:71
      at Object.<anonymous>.__awaiter (node_modules/axe-playwright/dist/index.js:27:12)
      at getViolations (node_modules/axe-playwright/dist/index.js:86:51)
      at postVisit (.storybook/test-runner.ts:20:43)

  ● Components/Select › LoadingState › smoke-test

    assert.strictEqual(received, expected)

    Expected value to strictly be equal to:
      0
    Received:
      1

    Message:
      1 accessibility violation was detected

    1 !== 0

      at testResultDependsOnViolations (node_modules/axe-playwright/dist/utils.js:16:26)
      at node_modules/axe-playwright/dist/index.js:143:51
      at fulfilled (node_modules/axe-playwright/dist/index.js:28:58)

  ● Components/Select › EmptyState › smoke-test

    assert.strictEqual(received, expected)

    Expected value to strictly be equal to:
      0
    Received:
      1

    Message:
      1 accessibility violation was detected

    1 !== 0

      at testResultDependsOnViolations (node_modules/axe-playwright/dist/utils.js:16:26)
      at node_modules/axe-playwright/dist/index.js:143:51
      at fulfilled (node_modules/axe-playwright/dist/index.js:28:58)

  ● Components/Select › Disabled › smoke-test

    assert.strictEqual(received, expected)

    Expected value to strictly be equal to:
      0
    Received:
      1

    Message:
      1 accessibility violation was detected

    1 !== 0

      at testResultDependsOnViolations (node_modules/axe-playwright/dist/utils.js:16:26)
      at node_modules/axe-playwright/dist/index.js:143:51
      at fulfilled (node_modules/axe-playwright/dist/index.js:28:58)

  ● Components/Select › ComponentMaturity › smoke-test

    assert.strictEqual(received, expected)

    Expected value to strictly be equal to:
      0
    Received:
      1

    Message:
      1 accessibility violation was detected

    1 !== 0

      at testResultDependsOnViolations (node_modules/axe-playwright/dist/utils.js:16:26)
      at node_modules/axe-playwright/dist/index.js:143:51
      at fulfilled (node_modules/axe-playwright/dist/index.js:28:58)

FAIL packages/components/src/Modal/Modal.stories.tsx
  ● Components/Modal › Default › smoke-test

    page.evaluate: Error: Axe is already running. Use `await axe.run()` to wait for the previous run to finish before starting a new run.

      at assert (packages/components/http:/localhost:6007/packages/components/node_modules/.cache/storybook/1c3385a5d25e538d10b518b310c74d3ca2690b6aaffeadccd74da79736171f86/sb-vite/deps/axe-core.js?v=b3da04b4:7427:19)
      at Object.run4 [as run] (packages/components/http:/localhost:6007/packages/components/node_modules/.cache/storybook/1c3385a5d25e538d10b518b310c74d3ca2690b6aaffeadccd74da79736171f86/sb-vite/deps/axe-core.js?v=b3da04b4:29739:13)
      at eval (eval at evaluate (:311:30)packages/components/, <anonymous>:2:27)
      at UtilityScript.evaluate (packages/components/<anonymous>:313:16)
      at UtilityScript.<anonymous> (packages/components/<anonymous>:1:44)
      at node_modules/axe-playwright/dist/index.js:74:31
      at node_modules/axe-playwright/dist/index.js:31:71
      at Object.<anonymous>.__awaiter (node_modules/axe-playwright/dist/index.js:27:12)
      at getAxeResults (node_modules/axe-playwright/dist/index.js:73:51)
      at node_modules/axe-playwright/dist/index.js:87:52
      at node_modules/axe-playwright/dist/index.js:31:71
      at Object.<anonymous>.__awaiter (node_modules/axe-playwright/dist/index.js:27:12)
      at getViolations (node_modules/axe-playwright/dist/index.js:86:51)
      at postVisit (.storybook/test-runner.ts:20:43)

FAIL packages/components/src/Accordion/Accordion.stories.tsx
  ● Components/Accordion › Default › smoke-test

    assert.strictEqual(received, expected)

    Expected value to strictly be equal to:
      0
    Received:
      1

    Message:
      1 accessibility violation was detected

    1 !== 0

      at testResultDependsOnViolations (node_modules/axe-playwright/dist/utils.js:16:26)
      at node_modules/axe-playwright/dist/index.js:143:51
      at fulfilled (node_modules/axe-playwright/dist/index.js:28:58)

  ● Components/Accordion › Expanded › smoke-test

    assert.strictEqual(received, expected)

    Expected value to strictly be equal to:
      0
    Received:
      1

    Message:
      1 accessibility violation was detected

    1 !== 0

      at testResultDependsOnViolations (node_modules/axe-playwright/dist/utils.js:16:26)
      at node_modules/axe-playwright/dist/index.js:143:51
      at fulfilled (node_modules/axe-playwright/dist/index.js:28:58)

  ● Components/Accordion › WithoutLeadIcon › smoke-test

    assert.strictEqual(received, expected)

    Expected value to strictly be equal to:
      0
    Received:
      1

    Message:
      1 accessibility violation was detected

    1 !== 0

      at testResultDependsOnViolations (node_modules/axe-playwright/dist/utils.js:16:26)
      at node_modules/axe-playwright/dist/index.js:143:51
      at fulfilled (node_modules/axe-playwright/dist/index.js:28:58)

  ● Components/Accordion › WithFooter › smoke-test

    assert.strictEqual(received, expected)

    Expected value to strictly be equal to:
      0
    Received:
      1

    Message:
      1 accessibility violation was detected

    1 !== 0

      at testResultDependsOnViolations (node_modules/axe-playwright/dist/utils.js:16:26)
      at node_modules/axe-playwright/dist/index.js:143:51
      at fulfilled (node_modules/axe-playwright/dist/index.js:28:58)

  ● Components/Accordion › CustomLabelsAndMetadata › smoke-test

    assert.strictEqual(received, expected)

    Expected value to strictly be equal to:
      0
    Received:
      2

    Message:
      2 accessibility violations were detected

    2 !== 0

      at testResultDependsOnViolations (node_modules/axe-playwright/dist/utils.js:16:26)
      at node_modules/axe-playwright/dist/index.js:143:51
      at fulfilled (node_modules/axe-playwright/dist/index.js:28:58)

  ● Components/Accordion › Disabled › smoke-test

    assert.strictEqual(received, expected)

    Expected value to strictly be equal to:
      0
    Received:
      2

    Message:
      2 accessibility violations were detected

    2 !== 0

      at testResultDependsOnViolations (node_modules/axe-playwright/dist/utils.js:16:26)
      at node_modules/axe-playwright/dist/index.js:143:51
      at fulfilled (node_modules/axe-playwright/dist/index.js:28:58)

  ● Components/Accordion › MultipleAccordions › smoke-test

    assert.strictEqual(received, expected)

    Expected value to strictly be equal to:
      0
    Received:
      1

    Message:
      1 accessibility violation was detected

    1 !== 0

      at testResultDependsOnViolations (node_modules/axe-playwright/dist/utils.js:16:26)
      at node_modules/axe-playwright/dist/index.js:143:51
      at fulfilled (node_modules/axe-playwright/dist/index.js:28:58)

  ● Components/Accordion › EventCallbacks › smoke-test

    assert.strictEqual(received, expected)

    Expected value to strictly be equal to:
      0
    Received:
      1

    Message:
      1 accessibility violation was detected

    1 !== 0

      at testResultDependsOnViolations (node_modules/axe-playwright/dist/utils.js:16:26)
      at node_modules/axe-playwright/dist/index.js:143:51
      at fulfilled (node_modules/axe-playwright/dist/index.js:28:58)

FAIL packages/components/src/Typography/Typography.stories.tsx
  ● Design Tokens/Typography › Default › smoke-test

    page.evaluate: Error: Axe is already running. Use `await axe.run()` to wait for the previous run to finish before starting a new run.

      at assert (packages/components/http:/localhost:6007/packages/components/node_modules/.cache/storybook/1c3385a5d25e538d10b518b310c74d3ca2690b6aaffeadccd74da79736171f86/sb-vite/deps/axe-core.js?v=b3da04b4:7427:19)
      at Object.run4 [as run] (packages/components/http:/localhost:6007/packages/components/node_modules/.cache/storybook/1c3385a5d25e538d10b518b310c74d3ca2690b6aaffeadccd74da79736171f86/sb-vite/deps/axe-core.js?v=b3da04b4:29739:13)
      at eval (eval at evaluate (:311:30)packages/components/, <anonymous>:2:27)
      at UtilityScript.evaluate (packages/components/<anonymous>:313:16)
      at UtilityScript.<anonymous> (packages/components/<anonymous>:1:44)
      at node_modules/axe-playwright/dist/index.js:74:31
      at node_modules/axe-playwright/dist/index.js:31:71
      at Object.<anonymous>.__awaiter (node_modules/axe-playwright/dist/index.js:27:12)
      at getAxeResults (node_modules/axe-playwright/dist/index.js:73:51)
      at node_modules/axe-playwright/dist/index.js:87:52
      at node_modules/axe-playwright/dist/index.js:31:71
      at Object.<anonymous>.__awaiter (node_modules/axe-playwright/dist/index.js:27:12)
      at getViolations (node_modules/axe-playwright/dist/index.js:86:51)
      at postVisit (.storybook/test-runner.ts:20:43)

  ● Design Tokens/Typography › RealWorldExample › smoke-test

    assert.strictEqual(received, expected)

    Expected value to strictly be equal to:
      0
    Received:
      1

    Message:
      1 accessibility violation was detected

    1 !== 0

      at testResultDependsOnViolations (node_modules/axe-playwright/dist/utils.js:16:26)
      at node_modules/axe-playwright/dist/index.js:143:51
      at fulfilled (node_modules/axe-playwright/dist/index.js:28:58)

FAIL packages/components/src/ProgressBar/ProgressBar.stories.tsx
  ● Components/ProgressBar › Default › smoke-test

    page.evaluate: Error: Axe is already running. Use `await axe.run()` to wait for the previous run to finish before starting a new run.

      at assert (packages/components/http:/localhost:6007/packages/components/node_modules/.cache/storybook/1c3385a5d25e538d10b518b310c74d3ca2690b6aaffeadccd74da79736171f86/sb-vite/deps/axe-core.js?v=b3da04b4:7427:19)
      at Object.run4 [as run] (packages/components/http:/localhost:6007/packages/components/node_modules/.cache/storybook/1c3385a5d25e538d10b518b310c74d3ca2690b6aaffeadccd74da79736171f86/sb-vite/deps/axe-core.js?v=b3da04b4:29739:13)
      at eval (eval at evaluate (:311:30)packages/components/, <anonymous>:2:27)
      at UtilityScript.evaluate (packages/components/<anonymous>:313:16)
      at UtilityScript.<anonymous> (packages/components/<anonymous>:1:44)
      at node_modules/axe-playwright/dist/index.js:74:31
      at node_modules/axe-playwright/dist/index.js:31:71
      at Object.<anonymous>.__awaiter (node_modules/axe-playwright/dist/index.js:27:12)
      at getAxeResults (node_modules/axe-playwright/dist/index.js:73:51)
      at node_modules/axe-playwright/dist/index.js:87:52
      at node_modules/axe-playwright/dist/index.js:31:71
      at Object.<anonymous>.__awaiter (node_modules/axe-playwright/dist/index.js:27:12)
      at getViolations (node_modules/axe-playwright/dist/index.js:86:51)
      at postVisit (.storybook/test-runner.ts:20:43)

  ● Components/ProgressBar › AllSizes › smoke-test

    assert.strictEqual(received, expected)

    Expected value to strictly be equal to:
      0
    Received:
      1

    Message:
      1 accessibility violation was detected

    1 !== 0

      at testResultDependsOnViolations (node_modules/axe-playwright/dist/utils.js:16:26)
      at node_modules/axe-playwright/dist/index.js:143:51
      at fulfilled (node_modules/axe-playwright/dist/index.js:28:58)

  ● Components/ProgressBar › AllTypes › smoke-test

    assert.strictEqual(received, expected)

    Expected value to strictly be equal to:
      0
    Received:
      1

    Message:
      1 accessibility violation was detected

    1 !== 0

      at testResultDependsOnViolations (node_modules/axe-playwright/dist/utils.js:16:26)
      at node_modules/axe-playwright/dist/index.js:143:51
      at fulfilled (node_modules/axe-playwright/dist/index.js:28:58)

  ● Components/ProgressBar › DisabledState › smoke-test

    assert.strictEqual(received, expected)

    Expected value to strictly be equal to:
      0
    Received:
      1

    Message:
      1 accessibility violation was detected

    1 !== 0

      at testResultDependsOnViolations (node_modules/axe-playwright/dist/utils.js:16:26)
      at node_modules/axe-playwright/dist/index.js:143:51
      at fulfilled (node_modules/axe-playwright/dist/index.js:28:58)

  ● Components/ProgressBar › CustomLabel › smoke-test

    assert.strictEqual(received, expected)

    Expected value to strictly be equal to:
      0
    Received:
      1

    Message:
      1 accessibility violation was detected

    1 !== 0

      at testResultDependsOnViolations (node_modules/axe-playwright/dist/utils.js:16:26)
      at node_modules/axe-playwright/dist/index.js:143:51
      at fulfilled (node_modules/axe-playwright/dist/index.js:28:58)

  ● Components/ProgressBar › AccessibilityFeatures › smoke-test

    assert.strictEqual(received, expected)

    Expected value to strictly be equal to:
      0
    Received:
      1

    Message:
      1 accessibility violation was detected

    1 !== 0

      at testResultDependsOnViolations (node_modules/axe-playwright/dist/utils.js:16:26)
      at node_modules/axe-playwright/dist/index.js:143:51
      at fulfilled (node_modules/axe-playwright/dist/index.js:28:58)

FAIL packages/components/src/SegmentController/SegmentController.stories.tsx
  ● Components/SegmentController › Default › smoke-test

    assert.strictEqual(received, expected)

    Expected value to strictly be equal to:
      0
    Received:
      1

    Message:
      1 accessibility violation was detected

    1 !== 0

      at testResultDependsOnViolations (node_modules/axe-playwright/dist/utils.js:16:26)
      at node_modules/axe-playwright/dist/index.js:143:51
      at fulfilled (node_modules/axe-playwright/dist/index.js:28:58)

  ● Components/SegmentController › AllSizes › smoke-test

    assert.strictEqual(received, expected)

    Expected value to strictly be equal to:
      0
    Received:
      1

    Message:
      1 accessibility violation was detected

    1 !== 0

      at testResultDependsOnViolations (node_modules/axe-playwright/dist/utils.js:16:26)
      at node_modules/axe-playwright/dist/index.js:143:51
      at fulfilled (node_modules/axe-playwright/dist/index.js:28:58)

  ● Components/SegmentController › AllStates › smoke-test

    assert.strictEqual(received, expected)

    Expected value to strictly be equal to:
      0
    Received:
      1

    Message:
      1 accessibility violation was detected

    1 !== 0

      at testResultDependsOnViolations (node_modules/axe-playwright/dist/utils.js:16:26)
      at node_modules/axe-playwright/dist/index.js:143:51
      at fulfilled (node_modules/axe-playwright/dist/index.js:28:58)

  ● Components/SegmentController › WithIcons › smoke-test

    assert.strictEqual(received, expected)

    Expected value to strictly be equal to:
      0
    Received:
      1

    Message:
      1 accessibility violation was detected

    1 !== 0

      at testResultDependsOnViolations (node_modules/axe-playwright/dist/utils.js:16:26)
      at node_modules/axe-playwright/dist/index.js:143:51
      at fulfilled (node_modules/axe-playwright/dist/index.js:28:58)

  ● Components/SegmentController › PolymorphicAs › smoke-test

    assert.strictEqual(received, expected)

    Expected value to strictly be equal to:
      0
    Received:
      1

    Message:
      1 accessibility violation was detected

    1 !== 0

      at testResultDependsOnViolations (node_modules/axe-playwright/dist/utils.js:16:26)
      at node_modules/axe-playwright/dist/index.js:143:51
      at fulfilled (node_modules/axe-playwright/dist/index.js:28:58)

  ● Components/SegmentController › CustomStyling › smoke-test

    assert.strictEqual(received, expected)

    Expected value to strictly be equal to:
      0
    Received:
      1

    Message:
      1 accessibility violation was detected

    1 !== 0

      at testResultDependsOnViolations (node_modules/axe-playwright/dist/utils.js:16:26)
      at node_modules/axe-playwright/dist/index.js:143:51
      at fulfilled (node_modules/axe-playwright/dist/index.js:28:58)

FAIL packages/components/src/Textarea/Textarea.stories.tsx
  ● Components/Textarea › Default › smoke-test

    page.evaluate: Error: Axe is already running. Use `await axe.run()` to wait for the previous run to finish before starting a new run.

      at assert (packages/components/http:/localhost:6007/packages/components/node_modules/.cache/storybook/1c3385a5d25e538d10b518b310c74d3ca2690b6aaffeadccd74da79736171f86/sb-vite/deps/axe-core.js?v=b3da04b4:7427:19)
      at Object.run4 [as run] (packages/components/http:/localhost:6007/packages/components/node_modules/.cache/storybook/1c3385a5d25e538d10b518b310c74d3ca2690b6aaffeadccd74da79736171f86/sb-vite/deps/axe-core.js?v=b3da04b4:29739:13)
      at eval (eval at evaluate (:311:30)packages/components/, <anonymous>:2:27)
      at UtilityScript.evaluate (packages/components/<anonymous>:313:16)
      at UtilityScript.<anonymous> (packages/components/<anonymous>:1:44)
      at node_modules/axe-playwright/dist/index.js:74:31
      at node_modules/axe-playwright/dist/index.js:31:71
      at Object.<anonymous>.__awaiter (node_modules/axe-playwright/dist/index.js:27:12)
      at getAxeResults (node_modules/axe-playwright/dist/index.js:73:51)
      at node_modules/axe-playwright/dist/index.js:87:52
      at node_modules/axe-playwright/dist/index.js:31:71
      at Object.<anonymous>.__awaiter (node_modules/axe-playwright/dist/index.js:27:12)
      at getViolations (node_modules/axe-playwright/dist/index.js:86:51)
      at postVisit (.storybook/test-runner.ts:20:43)

  ● Components/Textarea › ComponentMaturity › smoke-test

    assert.strictEqual(received, expected)

    Expected value to strictly be equal to:
      0
    Received:
      1

    Message:
      1 accessibility violation was detected

    1 !== 0

      at testResultDependsOnViolations (node_modules/axe-playwright/dist/utils.js:16:26)
      at node_modules/axe-playwright/dist/index.js:143:51
      at fulfilled (node_modules/axe-playwright/dist/index.js:28:58)

FAIL packages/components/src/Chip/Chip.stories.tsx
  ● Components/Chip › Playground › smoke-test

    page.evaluate: Error: Axe is already running. Use `await axe.run()` to wait for the previous run to finish before starting a new run.

      at assert (packages/components/http:/localhost:6007/packages/components/node_modules/.cache/storybook/1c3385a5d25e538d10b518b310c74d3ca2690b6aaffeadccd74da79736171f86/sb-vite/deps/axe-core.js?v=b3da04b4:7427:19)
      at Object.run4 [as run] (packages/components/http:/localhost:6007/packages/components/node_modules/.cache/storybook/1c3385a5d25e538d10b518b310c74d3ca2690b6aaffeadccd74da79736171f86/sb-vite/deps/axe-core.js?v=b3da04b4:29739:13)
      at eval (eval at evaluate (:311:30)packages/components/, <anonymous>:2:27)
      at UtilityScript.evaluate (packages/components/<anonymous>:313:16)
      at UtilityScript.<anonymous> (packages/components/<anonymous>:1:44)
      at node_modules/axe-playwright/dist/index.js:74:31
      at node_modules/axe-playwright/dist/index.js:31:71
      at Object.<anonymous>.__awaiter (node_modules/axe-playwright/dist/index.js:27:12)
      at getAxeResults (node_modules/axe-playwright/dist/index.js:73:51)
      at node_modules/axe-playwright/dist/index.js:87:52
      at node_modules/axe-playwright/dist/index.js:31:71
      at Object.<anonymous>.__awaiter (node_modules/axe-playwright/dist/index.js:27:12)
      at getViolations (node_modules/axe-playwright/dist/index.js:86:51)
      at postVisit (.storybook/test-runner.ts:20:43)

  ● Components/Chip › Sizes › smoke-test

    assert.strictEqual(received, expected)

    Expected value to strictly be equal to:
      0
    Received:
      1

    Message:
      1 accessibility violation was detected

    1 !== 0

      at testResultDependsOnViolations (node_modules/axe-playwright/dist/utils.js:16:26)
      at node_modules/axe-playwright/dist/index.js:143:51
      at fulfilled (node_modules/axe-playwright/dist/index.js:28:58)

  ● Components/Chip › FilledVariants › smoke-test

    assert.strictEqual(received, expected)

    Expected value to strictly be equal to:
      0
    Received:
      1

    Message:
      1 accessibility violation was detected

    1 !== 0

      at testResultDependsOnViolations (node_modules/axe-playwright/dist/utils.js:16:26)
      at node_modules/axe-playwright/dist/index.js:143:51
      at fulfilled (node_modules/axe-playwright/dist/index.js:28:58)

  ● Components/Chip › OutlinedVariants › smoke-test

    assert.strictEqual(received, expected)

    Expected value to strictly be equal to:
      0
    Received:
      2

    Message:
      2 accessibility violations were detected

    2 !== 0

      at testResultDependsOnViolations (node_modules/axe-playwright/dist/utils.js:16:26)
      at node_modules/axe-playwright/dist/index.js:143:51
      at fulfilled (node_modules/axe-playwright/dist/index.js:28:58)

  ● Components/Chip › WithIcons › smoke-test

    assert.strictEqual(received, expected)

    Expected value to strictly be equal to:
      0
    Received:
      1

    Message:
      1 accessibility violation was detected

    1 !== 0

      at testResultDependsOnViolations (node_modules/axe-playwright/dist/utils.js:16:26)
      at node_modules/axe-playwright/dist/index.js:143:51
      at fulfilled (node_modules/axe-playwright/dist/index.js:28:58)

  ● Components/Chip › Removable › smoke-test

    assert.strictEqual(received, expected)

    Expected value to strictly be equal to:
      0
    Received:
      1

    Message:
      1 accessibility violation was detected

    1 !== 0

      at testResultDependsOnViolations (node_modules/axe-playwright/dist/utils.js:16:26)
      at node_modules/axe-playwright/dist/index.js:143:51
      at fulfilled (node_modules/axe-playwright/dist/index.js:28:58)

  ● Components/Chip › LoadingState › smoke-test

    assert.strictEqual(received, expected)

    Expected value to strictly be equal to:
      0
    Received:
      2

    Message:
      2 accessibility violations were detected

    2 !== 0

      at testResultDependsOnViolations (node_modules/axe-playwright/dist/utils.js:16:26)
      at node_modules/axe-playwright/dist/index.js:143:51
      at fulfilled (node_modules/axe-playwright/dist/index.js:28:58)

  ● Components/Chip › ErrorState › smoke-test

    assert.strictEqual(received, expected)

    Expected value to strictly be equal to:
      0
    Received:
      2

    Message:
      2 accessibility violations were detected

    2 !== 0

      at testResultDependsOnViolations (node_modules/axe-playwright/dist/utils.js:16:26)
      at node_modules/axe-playwright/dist/index.js:143:51
      at fulfilled (node_modules/axe-playwright/dist/index.js:28:58)

  ● Components/Chip › DisabledState › smoke-test

    assert.strictEqual(received, expected)

    Expected value to strictly be equal to:
      0
    Received:
      1

    Message:
      1 accessibility violation was detected

    1 !== 0

      at testResultDependsOnViolations (node_modules/axe-playwright/dist/utils.js:16:26)
      at node_modules/axe-playwright/dist/index.js:143:51
      at fulfilled (node_modules/axe-playwright/dist/index.js:28:58)

  ● Components/Chip › ActiveState › smoke-test

    assert.strictEqual(received, expected)

    Expected value to strictly be equal to:
      0
    Received:
      2

    Message:
      2 accessibility violations were detected

    2 !== 0

      at testResultDependsOnViolations (node_modules/axe-playwright/dist/utils.js:16:26)
      at node_modules/axe-playwright/dist/index.js:143:51
      at fulfilled (node_modules/axe-playwright/dist/index.js:28:58)

  ● Components/Chip › CustomSlots › smoke-test

    assert.strictEqual(received, expected)

    Expected value to strictly be equal to:
      0
    Received:
      1

    Message:
      1 accessibility violation was detected

    1 !== 0

      at testResultDependsOnViolations (node_modules/axe-playwright/dist/utils.js:16:26)
      at node_modules/axe-playwright/dist/index.js:143:51
      at fulfilled (node_modules/axe-playwright/dist/index.js:28:58)

  ● Components/Chip › PolymorphicAs › smoke-test

    assert.strictEqual(received, expected)

    Expected value to strictly be equal to:
      0
    Received:
      1

    Message:
      1 accessibility violation was detected

    1 !== 0

      at testResultDependsOnViolations (node_modules/axe-playwright/dist/utils.js:16:26)
      at node_modules/axe-playwright/dist/index.js:143:51
      at fulfilled (node_modules/axe-playwright/dist/index.js:28:58)

  ● Components/Chip › AccessibilityExample › smoke-test

    assert.strictEqual(received, expected)

    Expected value to strictly be equal to:
      0
    Received:
      2

    Message:
      2 accessibility violations were detected

    2 !== 0

      at testResultDependsOnViolations (node_modules/axe-playwright/dist/utils.js:16:26)
      at node_modules/axe-playwright/dist/index.js:143:51
      at fulfilled (node_modules/axe-playwright/dist/index.js:28:58)

  ● Components/Chip › WidthControl › smoke-test

    assert.strictEqual(received, expected)

    Expected value to strictly be equal to:
      0
    Received:
      1

    Message:
      1 accessibility violation was detected

    1 !== 0

      at testResultDependsOnViolations (node_modules/axe-playwright/dist/utils.js:16:26)
      at node_modules/axe-playwright/dist/index.js:143:51
      at fulfilled (node_modules/axe-playwright/dist/index.js:28:58)

  ● Components/Chip › CustomizationExample › smoke-test

    assert.strictEqual(received, expected)

    Expected value to strictly be equal to:
      0
    Received:
      1

    Message:
      1 accessibility violation was detected

    1 !== 0

      at testResultDependsOnViolations (node_modules/axe-playwright/dist/utils.js:16:26)
      at node_modules/axe-playwright/dist/index.js:143:51
      at fulfilled (node_modules/axe-playwright/dist/index.js:28:58)

FAIL packages/components/src/DonutChart/DonutChart.stories.tsx
  ● Data Visualization/DonutChart › TwoMetrics › smoke-test

    page.evaluate: Error: Axe is already running. Use `await axe.run()` to wait for the previous run to finish before starting a new run.

      at assert (packages/components/http:/localhost:6007/packages/components/node_modules/.cache/storybook/1c3385a5d25e538d10b518b310c74d3ca2690b6aaffeadccd74da79736171f86/sb-vite/deps/axe-core.js?v=b3da04b4:7427:19)
      at Object.run4 [as run] (packages/components/http:/localhost:6007/packages/components/node_modules/.cache/storybook/1c3385a5d25e538d10b518b310c74d3ca2690b6aaffeadccd74da79736171f86/sb-vite/deps/axe-core.js?v=b3da04b4:29739:13)
      at eval (eval at evaluate (:311:30)packages/components/, <anonymous>:2:27)
      at UtilityScript.evaluate (packages/components/<anonymous>:313:16)
      at UtilityScript.<anonymous> (packages/components/<anonymous>:1:44)
      at node_modules/axe-playwright/dist/index.js:74:31
      at node_modules/axe-playwright/dist/index.js:31:71
      at Object.<anonymous>.__awaiter (node_modules/axe-playwright/dist/index.js:27:12)
      at getAxeResults (node_modules/axe-playwright/dist/index.js:73:51)
      at node_modules/axe-playwright/dist/index.js:87:52
      at node_modules/axe-playwright/dist/index.js:31:71
      at Object.<anonymous>.__awaiter (node_modules/axe-playwright/dist/index.js:27:12)
      at getViolations (node_modules/axe-playwright/dist/index.js:86:51)
      at postVisit (.storybook/test-runner.ts:20:43)

FAIL packages/components/src/MenuItem/MenuItem.stories.tsx
  ● Components/MenuItem › Playground › smoke-test

    assert.strictEqual(received, expected)

    Expected value to strictly be equal to:
      0
    Received:
      3

    Message:
      3 accessibility violations were detected

    3 !== 0

      at testResultDependsOnViolations (node_modules/axe-playwright/dist/utils.js:16:26)
      at node_modules/axe-playwright/dist/index.js:143:51
      at fulfilled (node_modules/axe-playwright/dist/index.js:28:58)

  ● Components/MenuItem › AllStates › smoke-test

    assert.strictEqual(received, expected)

    Expected value to strictly be equal to:
      0
    Received:
      2

    Message:
      2 accessibility violations were detected

    2 !== 0

      at testResultDependsOnViolations (node_modules/axe-playwright/dist/utils.js:16:26)
      at node_modules/axe-playwright/dist/index.js:143:51
      at fulfilled (node_modules/axe-playwright/dist/index.js:28:58)

  ● Components/MenuItem › HorizontalTopHeader › smoke-test

    assert.strictEqual(received, expected)

    Expected value to strictly be equal to:
      0
    Received:
      2

    Message:
      2 accessibility violations were detected

    2 !== 0

      at testResultDependsOnViolations (node_modules/axe-playwright/dist/utils.js:16:26)
      at node_modules/axe-playwright/dist/index.js:143:51
      at fulfilled (node_modules/axe-playwright/dist/index.js:28:58)

  ● Components/MenuItem › VerticalSideNav › smoke-test

    assert.strictEqual(received, expected)

    Expected value to strictly be equal to:
      0
    Received:
      2

    Message:
      2 accessibility violations were detected

    2 !== 0

      at testResultDependsOnViolations (node_modules/axe-playwright/dist/utils.js:16:26)
      at node_modules/axe-playwright/dist/index.js:143:51
      at fulfilled (node_modules/axe-playwright/dist/index.js:28:58)

  ● Components/MenuItem › VerticalCollapsed › smoke-test

    assert.strictEqual(received, expected)

    Expected value to strictly be equal to:
      0
    Received:
      2

    Message:
      2 accessibility violations were detected

    2 !== 0

      at testResultDependsOnViolations (node_modules/axe-playwright/dist/utils.js:16:26)
      at node_modules/axe-playwright/dist/index.js:143:51
      at fulfilled (node_modules/axe-playwright/dist/index.js:28:58)

  ● Components/MenuItem › LightMode › smoke-test

    assert.strictEqual(received, expected)

    Expected value to strictly be equal to:
      0
    Received:
      3

    Message:
      3 accessibility violations were detected

    3 !== 0

      at testResultDependsOnViolations (node_modules/axe-playwright/dist/utils.js:16:26)
      at node_modules/axe-playwright/dist/index.js:143:51
      at fulfilled (node_modules/axe-playwright/dist/index.js:28:58)

  ● Components/MenuItem › WithNotificationIndicator › smoke-test

    assert.strictEqual(received, expected)

    Expected value to strictly be equal to:
      0
    Received:
      2

    Message:
      2 accessibility violations were detected

    2 !== 0

      at testResultDependsOnViolations (node_modules/axe-playwright/dist/utils.js:16:26)
      at node_modules/axe-playwright/dist/index.js:143:51
      at fulfilled (node_modules/axe-playwright/dist/index.js:28:58)

  ● Components/MenuItem › KeyboardNavigation › smoke-test

    assert.strictEqual(received, expected)

    Expected value to strictly be equal to:
      0
    Received:
      2

    Message:
      2 accessibility violations were detected

    2 !== 0

      at testResultDependsOnViolations (node_modules/axe-playwright/dist/utils.js:16:26)
      at node_modules/axe-playwright/dist/index.js:143:51
      at fulfilled (node_modules/axe-playwright/dist/index.js:28:58)

  ● Components/MenuItem › CustomStyling › smoke-test

    assert.strictEqual(received, expected)

    Expected value to strictly be equal to:
      0
    Received:
      2

    Message:
      2 accessibility violations were detected

    2 !== 0

      at testResultDependsOnViolations (node_modules/axe-playwright/dist/utils.js:16:26)
      at node_modules/axe-playwright/dist/index.js:143:51
      at fulfilled (node_modules/axe-playwright/dist/index.js:28:58)

  ● Components/MenuItem › WithEventCallbacks › smoke-test

    assert.strictEqual(received, expected)

    Expected value to strictly be equal to:
      0
    Received:
      3

    Message:
      3 accessibility violations were detected

    3 !== 0

      at testResultDependsOnViolations (node_modules/axe-playwright/dist/utils.js:16:26)
      at node_modules/axe-playwright/dist/index.js:143:51
      at fulfilled (node_modules/axe-playwright/dist/index.js:28:58)

  ● Components/MenuItem › PolymorphicAs › smoke-test

    assert.strictEqual(received, expected)

    Expected value to strictly be equal to:
      0
    Received:
      4

    Message:
      4 accessibility violations were detected

    4 !== 0

      at testResultDependsOnViolations (node_modules/axe-playwright/dist/utils.js:16:26)
      at node_modules/axe-playwright/dist/index.js:143:51
      at fulfilled (node_modules/axe-playwright/dist/index.js:28:58)

  ● Components/MenuItem › NestedMenu › smoke-test

    assert.strictEqual(received, expected)

    Expected value to strictly be equal to:
      0
    Received:
      2

    Message:
      2 accessibility violations were detected

    2 !== 0

      at testResultDependsOnViolations (node_modules/axe-playwright/dist/utils.js:16:26)
      at node_modules/axe-playwright/dist/index.js:143:51
      at fulfilled (node_modules/axe-playwright/dist/index.js:28:58)

  ● Components/MenuItem › NestedMenuClick › smoke-test

    assert.strictEqual(received, expected)

    Expected value to strictly be equal to:
      0
    Received:
      2

    Message:
      2 accessibility violations were detected

    2 !== 0

      at testResultDependsOnViolations (node_modules/axe-playwright/dist/utils.js:16:26)
      at node_modules/axe-playwright/dist/index.js:143:51
      at fulfilled (node_modules/axe-playwright/dist/index.js:28:58)

FAIL packages/components/src/InlineMessage/InlineMessage.stories.tsx
  ● Components/InlineMessage › Playground › smoke-test

    page.evaluate: Error: Axe is already running. Use `await axe.run()` to wait for the previous run to finish before starting a new run.

      at assert (packages/components/http:/localhost:6007/packages/components/node_modules/.cache/storybook/1c3385a5d25e538d10b518b310c74d3ca2690b6aaffeadccd74da79736171f86/sb-vite/deps/axe-core.js?v=b3da04b4:7427:19)
      at Object.run4 [as run] (packages/components/http:/localhost:6007/packages/components/node_modules/.cache/storybook/1c3385a5d25e538d10b518b310c74d3ca2690b6aaffeadccd74da79736171f86/sb-vite/deps/axe-core.js?v=b3da04b4:29739:13)
      at eval (eval at evaluate (:311:30)packages/components/, <anonymous>:2:27)
      at UtilityScript.evaluate (packages/components/<anonymous>:313:16)
      at UtilityScript.<anonymous> (packages/components/<anonymous>:1:44)
      at node_modules/axe-playwright/dist/index.js:74:31
      at node_modules/axe-playwright/dist/index.js:31:71
      at Object.<anonymous>.__awaiter (node_modules/axe-playwright/dist/index.js:27:12)
      at getAxeResults (node_modules/axe-playwright/dist/index.js:73:51)
      at node_modules/axe-playwright/dist/index.js:87:52
      at node_modules/axe-playwright/dist/index.js:31:71
      at Object.<anonymous>.__awaiter (node_modules/axe-playwright/dist/index.js:27:12)
      at getViolations (node_modules/axe-playwright/dist/index.js:86:51)
      at postVisit (.storybook/test-runner.ts:20:43)

FAIL packages/components/src/PageLayout/FlexLayoutTest.stories.tsx
  ● Templates/PageLayout/Flex Layout Tests › ScrollableContent › smoke-test

    assert.strictEqual(received, expected)

    Expected value to strictly be equal to:
      0
    Received:
      3

    Message:
      3 accessibility violations were detected

    3 !== 0

      at testResultDependsOnViolations (node_modules/axe-playwright/dist/utils.js:16:26)
      at node_modules/axe-playwright/dist/index.js:143:51
      at fulfilled (node_modules/axe-playwright/dist/index.js:28:58)

  ● Templates/PageLayout/Flex Layout Tests › MinimalContent › smoke-test

    assert.strictEqual(received, expected)

    Expected value to strictly be equal to:
      0
    Received:
      3

    Message:
      3 accessibility violations were detected

    3 !== 0

      at testResultDependsOnViolations (node_modules/axe-playwright/dist/utils.js:16:26)
      at node_modules/axe-playwright/dist/index.js:143:51
      at fulfilled (node_modules/axe-playwright/dist/index.js:28:58)

  ● Templates/PageLayout/Flex Layout Tests › TopbarOnlyFlexTest › smoke-test

    assert.strictEqual(received, expected)

    Expected value to strictly be equal to:
      0
    Received:
      3

    Message:
      3 accessibility violations were detected

    3 !== 0

      at testResultDependsOnViolations (node_modules/axe-playwright/dist/utils.js:16:26)
      at node_modules/axe-playwright/dist/index.js:143:51
      at fulfilled (node_modules/axe-playwright/dist/index.js:28:58)

  ● Templates/PageLayout/Flex Layout Tests › SidebarOnlyFlexTest › smoke-test

    assert.strictEqual(received, expected)

    Expected value to strictly be equal to:
      0
    Received:
      3

    Message:
      3 accessibility violations were detected

    3 !== 0

      at testResultDependsOnViolations (node_modules/axe-playwright/dist/utils.js:16:26)
      at node_modules/axe-playwright/dist/index.js:143:51
      at fulfilled (node_modules/axe-playwright/dist/index.js:28:58)

  ● Templates/PageLayout/Flex Layout Tests › DynamicHeightTest › smoke-test

    assert.strictEqual(received, expected)

    Expected value to strictly be equal to:
      0
    Received:
      3

    Message:
      3 accessibility violations were detected

    3 !== 0

      at testResultDependsOnViolations (node_modules/axe-playwright/dist/utils.js:16:26)
      at node_modules/axe-playwright/dist/index.js:143:51
      at fulfilled (node_modules/axe-playwright/dist/index.js:28:58)

FAIL packages/components/src/RadioButton/RadioButton.stories.tsx
  ● Components/RadioButton › Playground › smoke-test

    page.evaluate: Error: Axe is already running. Use `await axe.run()` to wait for the previous run to finish before starting a new run.

      at assert (packages/components/http:/localhost:6007/packages/components/node_modules/.cache/storybook/1c3385a5d25e538d10b518b310c74d3ca2690b6aaffeadccd74da79736171f86/sb-vite/deps/axe-core.js?v=b3da04b4:7427:19)
      at Object.run4 [as run] (packages/components/http:/localhost:6007/packages/components/node_modules/.cache/storybook/1c3385a5d25e538d10b518b310c74d3ca2690b6aaffeadccd74da79736171f86/sb-vite/deps/axe-core.js?v=b3da04b4:29739:13)
      at eval (eval at evaluate (:311:30)packages/components/, <anonymous>:2:27)
      at UtilityScript.evaluate (packages/components/<anonymous>:313:16)
      at UtilityScript.<anonymous> (packages/components/<anonymous>:1:44)
      at node_modules/axe-playwright/dist/index.js:74:31
      at node_modules/axe-playwright/dist/index.js:31:71
      at Object.<anonymous>.__awaiter (node_modules/axe-playwright/dist/index.js:27:12)
      at getAxeResults (node_modules/axe-playwright/dist/index.js:73:51)
      at node_modules/axe-playwright/dist/index.js:87:52
      at node_modules/axe-playwright/dist/index.js:31:71
      at Object.<anonymous>.__awaiter (node_modules/axe-playwright/dist/index.js:27:12)
      at getViolations (node_modules/axe-playwright/dist/index.js:86:51)
      at postVisit (.storybook/test-runner.ts:20:43)

  ● Components/RadioButton › AllStates › smoke-test

    assert.strictEqual(received, expected)

    Expected value to strictly be equal to:
      0
    Received:
      2

    Message:
      2 accessibility violations were detected

    2 !== 0

      at testResultDependsOnViolations (node_modules/axe-playwright/dist/utils.js:16:26)
      at node_modules/axe-playwright/dist/index.js:143:51
      at fulfilled (node_modules/axe-playwright/dist/index.js:28:58)

  ● Components/RadioButton › EmptyState › smoke-test

    assert.strictEqual(received, expected)

    Expected value to strictly be equal to:
      0
    Received:
      1

    Message:
      1 accessibility violation was detected

    1 !== 0

      at testResultDependsOnViolations (node_modules/axe-playwright/dist/utils.js:16:26)
      at node_modules/axe-playwright/dist/index.js:143:51
      at fulfilled (node_modules/axe-playwright/dist/index.js:28:58)

  ● Components/RadioButton › WithEventCallbacks › smoke-test

    assert.strictEqual(received, expected)

    Expected value to strictly be equal to:
      0
    Received:
      1

    Message:
      1 accessibility violation was detected

    1 !== 0

      at testResultDependsOnViolations (node_modules/axe-playwright/dist/utils.js:16:26)
      at node_modules/axe-playwright/dist/index.js:143:51
      at fulfilled (node_modules/axe-playwright/dist/index.js:28:58)

FAIL packages/components/src/Toggle/Toggle.stories.tsx
  ● Components/Toggle › Playground › smoke-test

    page.evaluate: Error: Axe is already running. Use `await axe.run()` to wait for the previous run to finish before starting a new run.

      at assert (packages/components/http:/localhost:6007/packages/components/node_modules/.cache/storybook/1c3385a5d25e538d10b518b310c74d3ca2690b6aaffeadccd74da79736171f86/sb-vite/deps/axe-core.js?v=b3da04b4:7427:19)
      at Object.run4 [as run] (packages/components/http:/localhost:6007/packages/components/node_modules/.cache/storybook/1c3385a5d25e538d10b518b310c74d3ca2690b6aaffeadccd74da79736171f86/sb-vite/deps/axe-core.js?v=b3da04b4:29739:13)
      at eval (eval at evaluate (:311:30)packages/components/, <anonymous>:2:27)
      at UtilityScript.evaluate (packages/components/<anonymous>:313:16)
      at UtilityScript.<anonymous> (packages/components/<anonymous>:1:44)
      at node_modules/axe-playwright/dist/index.js:74:31
      at node_modules/axe-playwright/dist/index.js:31:71
      at Object.<anonymous>.__awaiter (node_modules/axe-playwright/dist/index.js:27:12)
      at getAxeResults (node_modules/axe-playwright/dist/index.js:73:51)
      at node_modules/axe-playwright/dist/index.js:87:52
      at node_modules/axe-playwright/dist/index.js:31:71
      at Object.<anonymous>.__awaiter (node_modules/axe-playwright/dist/index.js:27:12)
      at getViolations (node_modules/axe-playwright/dist/index.js:86:51)
      at postVisit (.storybook/test-runner.ts:20:43)

  ● Components/Toggle › AllStates › smoke-test

    assert.strictEqual(received, expected)

    Expected value to strictly be equal to:
      0
    Received:
      1

    Message:
      1 accessibility violation was detected

    1 !== 0

      at testResultDependsOnViolations (node_modules/axe-playwright/dist/utils.js:16:26)
      at node_modules/axe-playwright/dist/index.js:143:51
      at fulfilled (node_modules/axe-playwright/dist/index.js:28:58)

  ● Components/Toggle › EmptyState › smoke-test

    assert.strictEqual(received, expected)

    Expected value to strictly be equal to:
      0
    Received:
      1

    Message:
      1 accessibility violation was detected

    1 !== 0

      at testResultDependsOnViolations (node_modules/axe-playwright/dist/utils.js:16:26)
      at node_modules/axe-playwright/dist/index.js:143:51
      at fulfilled (node_modules/axe-playwright/dist/index.js:28:58)

  ● Components/Toggle › WithEventCallbacks › smoke-test

    assert.strictEqual(received, expected)

    Expected value to strictly be equal to:
      0
    Received:
      1

    Message:
      1 accessibility violation was detected

    1 !== 0

      at testResultDependsOnViolations (node_modules/axe-playwright/dist/utils.js:16:26)
      at node_modules/axe-playwright/dist/index.js:143:51
      at fulfilled (node_modules/axe-playwright/dist/index.js:28:58)

FAIL packages/components/src/Tooltip/Tooltip.stories.tsx
  ● Components/Tooltip › DefaultVariant › smoke-test

    assert.strictEqual(received, expected)

    Expected value to strictly be equal to:
      0
    Received:
      1

    Message:
      1 accessibility violation was detected

    1 !== 0

      at testResultDependsOnViolations (node_modules/axe-playwright/dist/utils.js:16:26)
      at node_modules/axe-playwright/dist/index.js:143:51
      at fulfilled (node_modules/axe-playwright/dist/index.js:28:58)

  ● Components/Tooltip › VariantComparison › smoke-test

    assert.strictEqual(received, expected)

    Expected value to strictly be equal to:
      0
    Received:
      1

    Message:
      1 accessibility violation was detected

    1 !== 0

      at testResultDependsOnViolations (node_modules/axe-playwright/dist/utils.js:16:26)
      at node_modules/axe-playwright/dist/index.js:143:51
      at fulfilled (node_modules/axe-playwright/dist/index.js:28:58)

FAIL packages/components/src/PageLayout/PageLayout.stories.tsx
  ● Templates/PageLayout › TopBarOnly › smoke-test

    assert.strictEqual(received, expected)

    Expected value to strictly be equal to:
      0
    Received:
      3

    Message:
      3 accessibility violations were detected

    3 !== 0

      at testResultDependsOnViolations (node_modules/axe-playwright/dist/utils.js:16:26)
      at node_modules/axe-playwright/dist/index.js:143:51
      at fulfilled (node_modules/axe-playwright/dist/index.js:28:58)

  ● Templates/PageLayout › SideBarOnly › smoke-test

    assert.strictEqual(received, expected)

    Expected value to strictly be equal to:
      0
    Received:
      3

    Message:
      3 accessibility violations were detected

    3 !== 0

      at testResultDependsOnViolations (node_modules/axe-playwright/dist/utils.js:16:26)
      at node_modules/axe-playwright/dist/index.js:143:51
      at fulfilled (node_modules/axe-playwright/dist/index.js:28:58)

  ● Templates/PageLayout › TopBarAndSideBar › smoke-test

    assert.strictEqual(received, expected)

    Expected value to strictly be equal to:
      0
    Received:
      3

    Message:
      3 accessibility violations were detected

    3 !== 0

      at testResultDependsOnViolations (node_modules/axe-playwright/dist/utils.js:16:26)
      at node_modules/axe-playwright/dist/index.js:143:51
      at fulfilled (node_modules/axe-playwright/dist/index.js:28:58)

  ● Templates/PageLayout › Minimal › smoke-test

    assert.strictEqual(received, expected)

    Expected value to strictly be equal to:
      0
    Received:
      1

    Message:
      1 accessibility violation was detected

    1 !== 0

      at testResultDependsOnViolations (node_modules/axe-playwright/dist/utils.js:16:26)
      at node_modules/axe-playwright/dist/index.js:143:51
      at fulfilled (node_modules/axe-playwright/dist/index.js:28:58)

  ● Templates/PageLayout › CustomContentLayout › smoke-test

    assert.strictEqual(received, expected)

    Expected value to strictly be equal to:
      0
    Received:
      4

    Message:
      4 accessibility violations were detected

    4 !== 0

      at testResultDependsOnViolations (node_modules/axe-playwright/dist/utils.js:16:26)
      at node_modules/axe-playwright/dist/index.js:143:51
      at fulfilled (node_modules/axe-playwright/dist/index.js:28:58)

  ● Templates/PageLayout › InteractiveFeaturesDemo › smoke-test

    assert.strictEqual(received, expected)

    Expected value to strictly be equal to:
      0
    Received:
      4

    Message:
      4 accessibility violations were detected

    4 !== 0

      at testResultDependsOnViolations (node_modules/axe-playwright/dist/utils.js:16:26)
      at node_modules/axe-playwright/dist/index.js:143:51
      at fulfilled (node_modules/axe-playwright/dist/index.js:28:58)

  ● Templates/PageLayout › ButtonExpandMode › smoke-test

    assert.strictEqual(received, expected)

    Expected value to strictly be equal to:
      0
    Received:
      4

    Message:
      4 accessibility violations were detected

    4 !== 0

      at testResultDependsOnViolations (node_modules/axe-playwright/dist/utils.js:16:26)
      at node_modules/axe-playwright/dist/index.js:143:51
      at fulfilled (node_modules/axe-playwright/dist/index.js:28:58)

  ● Templates/PageLayout › SmallToggleButton › smoke-test

    assert.strictEqual(received, expected)

    Expected value to strictly be equal to:
      0
    Received:
      4

    Message:
      4 accessibility violations were detected

    4 !== 0

      at testResultDependsOnViolations (node_modules/axe-playwright/dist/utils.js:16:26)
      at node_modules/axe-playwright/dist/index.js:143:51
      at fulfilled (node_modules/axe-playwright/dist/index.js:28:58)

FAIL packages/components/src/Toast/Toast.stories.tsx
  ● Components/Toast › Playground › smoke-test

    page.evaluate: Error: Axe is already running. Use `await axe.run()` to wait for the previous run to finish before starting a new run.

      at assert (packages/components/http:/localhost:6007/packages/components/node_modules/.cache/storybook/1c3385a5d25e538d10b518b310c74d3ca2690b6aaffeadccd74da79736171f86/sb-vite/deps/axe-core.js?v=b3da04b4:7427:19)
      at Object.run4 [as run] (packages/components/http:/localhost:6007/packages/components/node_modules/.cache/storybook/1c3385a5d25e538d10b518b310c74d3ca2690b6aaffeadccd74da79736171f86/sb-vite/deps/axe-core.js?v=b3da04b4:29739:13)
      at eval (eval at evaluate (:311:30)packages/components/, <anonymous>:2:27)
      at UtilityScript.evaluate (packages/components/<anonymous>:313:16)
      at UtilityScript.<anonymous> (packages/components/<anonymous>:1:44)
      at node_modules/axe-playwright/dist/index.js:74:31
      at node_modules/axe-playwright/dist/index.js:31:71
      at Object.<anonymous>.__awaiter (node_modules/axe-playwright/dist/index.js:27:12)
      at getAxeResults (node_modules/axe-playwright/dist/index.js:73:51)
      at node_modules/axe-playwright/dist/index.js:87:52
      at node_modules/axe-playwright/dist/index.js:31:71
      at Object.<anonymous>.__awaiter (node_modules/axe-playwright/dist/index.js:27:12)
      at getViolations (node_modules/axe-playwright/dist/index.js:86:51)
      at postVisit (.storybook/test-runner.ts:20:43)

FAIL packages/components/src/Avatar/Avatar.stories.tsx
  ● Components/Avatar › Default › smoke-test

    page.evaluate: Error: Axe is already running. Use `await axe.run()` to wait for the previous run to finish before starting a new run.

      at assert (packages/components/http:/localhost:6007/packages/components/node_modules/.cache/storybook/1c3385a5d25e538d10b518b310c74d3ca2690b6aaffeadccd74da79736171f86/sb-vite/deps/axe-core.js?v=b3da04b4:7427:19)
      at Object.run4 [as run] (packages/components/http:/localhost:6007/packages/components/node_modules/.cache/storybook/1c3385a5d25e538d10b518b310c74d3ca2690b6aaffeadccd74da79736171f86/sb-vite/deps/axe-core.js?v=b3da04b4:29739:13)
      at eval (eval at evaluate (:311:30)packages/components/, <anonymous>:2:27)
      at UtilityScript.evaluate (packages/components/<anonymous>:313:16)
      at UtilityScript.<anonymous> (packages/components/<anonymous>:1:44)
      at node_modules/axe-playwright/dist/index.js:74:31
      at node_modules/axe-playwright/dist/index.js:31:71
      at Object.<anonymous>.__awaiter (node_modules/axe-playwright/dist/index.js:27:12)
      at getAxeResults (node_modules/axe-playwright/dist/index.js:73:51)
      at node_modules/axe-playwright/dist/index.js:87:52
      at node_modules/axe-playwright/dist/index.js:31:71
      at Object.<anonymous>.__awaiter (node_modules/axe-playwright/dist/index.js:27:12)
      at getViolations (node_modules/axe-playwright/dist/index.js:86:51)
      at postVisit (.storybook/test-runner.ts:20:43)

  ● Components/Avatar › AllColors › smoke-test

    assert.strictEqual(received, expected)

    Expected value to strictly be equal to:
      0
    Received:
      1

    Message:
      1 accessibility violation was detected

    1 !== 0

      at testResultDependsOnViolations (node_modules/axe-playwright/dist/utils.js:16:26)
      at node_modules/axe-playwright/dist/index.js:143:51
      at fulfilled (node_modules/axe-playwright/dist/index.js:28:58)

  ● Components/Avatar › Disabled › smoke-test

    assert.strictEqual(received, expected)

    Expected value to strictly be equal to:
      0
    Received:
      1

    Message:
      1 accessibility violation was detected

    1 !== 0

      at testResultDependsOnViolations (node_modules/axe-playwright/dist/utils.js:16:26)
      at node_modules/axe-playwright/dist/index.js:143:51
      at fulfilled (node_modules/axe-playwright/dist/index.js:28:58)

  ● Components/Avatar › CustomInitials › smoke-test

    assert.strictEqual(received, expected)

    Expected value to strictly be equal to:
      0
    Received:
      1

    Message:
      1 accessibility violation was detected

    1 !== 0

      at testResultDependsOnViolations (node_modules/axe-playwright/dist/utils.js:16:26)
      at node_modules/axe-playwright/dist/index.js:143:51
      at fulfilled (node_modules/axe-playwright/dist/index.js:28:58)

  ● Components/Avatar › MediumSize › smoke-test

    assert.strictEqual(received, expected)

    Expected value to strictly be equal to:
      0
    Received:
      1

    Message:
      1 accessibility violation was detected

    1 !== 0

      at testResultDependsOnViolations (node_modules/axe-playwright/dist/utils.js:16:26)
      at node_modules/axe-playwright/dist/index.js:143:51
      at fulfilled (node_modules/axe-playwright/dist/index.js:28:58)

  ● Components/Avatar › SmallSize › smoke-test

    assert.strictEqual(received, expected)

    Expected value to strictly be equal to:
      0
    Received:
      1

    Message:
      1 accessibility violation was detected

    1 !== 0

      at testResultDependsOnViolations (node_modules/axe-playwright/dist/utils.js:16:26)
      at node_modules/axe-playwright/dist/index.js:143:51
      at fulfilled (node_modules/axe-playwright/dist/index.js:28:58)

  ● Components/Avatar › Clickable › smoke-test

    assert.strictEqual(received, expected)

    Expected value to strictly be equal to:
      0
    Received:
      1

    Message:
      1 accessibility violation was detected

    1 !== 0

      at testResultDependsOnViolations (node_modules/axe-playwright/dist/utils.js:16:26)
      at node_modules/axe-playwright/dist/index.js:143:51
      at fulfilled (node_modules/axe-playwright/dist/index.js:28:58)

FAIL packages/components/src/Footer/Footer.stories.tsx
  ● Components/Footer › Default › smoke-test

    assert.strictEqual(received, expected)

    Expected value to strictly be equal to:
      0
    Received:
      1

    Message:
      1 accessibility violation was detected

    1 !== 0

      at testResultDependsOnViolations (node_modules/axe-playwright/dist/utils.js:16:26)
      at node_modules/axe-playwright/dist/index.js:143:51
      at fulfilled (node_modules/axe-playwright/dist/index.js:28:58)

  ● Components/Footer › CustomDate › smoke-test

    assert.strictEqual(received, expected)

    Expected value to strictly be equal to:
      0
    Received:
      1

    Message:
      1 accessibility violation was detected

    1 !== 0

      at testResultDependsOnViolations (node_modules/axe-playwright/dist/utils.js:16:26)
      at node_modules/axe-playwright/dist/index.js:143:51
      at fulfilled (node_modules/axe-playwright/dist/index.js:28:58)

  ● Components/Footer › BetaVersion › smoke-test

    assert.strictEqual(received, expected)

    Expected value to strictly be equal to:
      0
    Received:
      1

    Message:
      1 accessibility violation was detected

    1 !== 0

      at testResultDependsOnViolations (node_modules/axe-playwright/dist/utils.js:16:26)
      at node_modules/axe-playwright/dist/index.js:143:51
      at fulfilled (node_modules/axe-playwright/dist/index.js:28:58)

  ● Components/Footer › WithCustomContentBefore › smoke-test

    assert.strictEqual(received, expected)

    Expected value to strictly be equal to:
      0
    Received:
      1

    Message:
      1 accessibility violation was detected

    1 !== 0

      at testResultDependsOnViolations (node_modules/axe-playwright/dist/utils.js:16:26)
      at node_modules/axe-playwright/dist/index.js:143:51
      at fulfilled (node_modules/axe-playwright/dist/index.js:28:58)

  ● Components/Footer › WithCustomContentAfter › smoke-test

    assert.strictEqual(received, expected)

    Expected value to strictly be equal to:
      0
    Received:
      1

    Message:
      1 accessibility violation was detected

    1 !== 0

      at testResultDependsOnViolations (node_modules/axe-playwright/dist/utils.js:16:26)
      at node_modules/axe-playwright/dist/index.js:143:51
      at fulfilled (node_modules/axe-playwright/dist/index.js:28:58)

  ● Components/Footer › FullyCustomized › smoke-test

    assert.strictEqual(received, expected)

    Expected value to strictly be equal to:
      0
    Received:
      1

    Message:
      1 accessibility violation was detected

    1 !== 0

      at testResultDependsOnViolations (node_modules/axe-playwright/dist/utils.js:16:26)
      at node_modules/axe-playwright/dist/index.js:143:51
      at fulfilled (node_modules/axe-playwright/dist/index.js:28:58)

FAIL packages/components/src/Table/Table.WidthTest.stories.tsx
  ● Components/Table/Width Constraints Test › WithWidthConstraints › smoke-test

    assert.strictEqual(received, expected)

    Expected value to strictly be equal to:
      0
    Received:
      2

    Message:
      2 accessibility violations were detected

    2 !== 0

      at testResultDependsOnViolations (node_modules/axe-playwright/dist/utils.js:16:26)
      at node_modules/axe-playwright/dist/index.js:143:51
      at fulfilled (node_modules/axe-playwright/dist/index.js:28:58)

  ● Components/Table/Width Constraints Test › WithNarrowColumns › smoke-test

    assert.strictEqual(received, expected)

    Expected value to strictly be equal to:
      0
    Received:
      2

    Message:
      2 accessibility violations were detected

    2 !== 0

      at testResultDependsOnViolations (node_modules/axe-playwright/dist/utils.js:16:26)
      at node_modules/axe-playwright/dist/index.js:143:51
      at fulfilled (node_modules/axe-playwright/dist/index.js:28:58)

  ● Components/Table/Width Constraints Test › WithWideColumns › smoke-test

    assert.strictEqual(received, expected)

    Expected value to strictly be equal to:
      0
    Received:
      2

    Message:
      2 accessibility violations were detected

    2 !== 0

      at testResultDependsOnViolations (node_modules/axe-playwright/dist/utils.js:16:26)
      at node_modules/axe-playwright/dist/index.js:143:51
      at fulfilled (node_modules/axe-playwright/dist/index.js:28:58)

  ● Components/Table/Width Constraints Test › WithMixedWidths › smoke-test

    assert.strictEqual(received, expected)

    Expected value to strictly be equal to:
      0
    Received:
      2

    Message:
      2 accessibility violations were detected

    2 !== 0

      at testResultDependsOnViolations (node_modules/axe-playwright/dist/utils.js:16:26)
      at node_modules/axe-playwright/dist/index.js:143:51
      at fulfilled (node_modules/axe-playwright/dist/index.js:28:58)

FAIL packages/components/src/Drawer/Drawer.stories.tsx
  ● Components/Drawer › Default › smoke-test

    page.evaluate: Error: Axe is already running. Use `await axe.run()` to wait for the previous run to finish before starting a new run.

      at assert (packages/components/http:/localhost:6007/packages/components/node_modules/.cache/storybook/1c3385a5d25e538d10b518b310c74d3ca2690b6aaffeadccd74da79736171f86/sb-vite/deps/axe-core.js?v=b3da04b4:7427:19)
      at Object.run4 [as run] (packages/components/http:/localhost:6007/packages/components/node_modules/.cache/storybook/1c3385a5d25e538d10b518b310c74d3ca2690b6aaffeadccd74da79736171f86/sb-vite/deps/axe-core.js?v=b3da04b4:29739:13)
      at eval (eval at evaluate (:311:30)packages/components/, <anonymous>:2:27)
      at UtilityScript.evaluate (packages/components/<anonymous>:313:16)
      at UtilityScript.<anonymous> (packages/components/<anonymous>:1:44)
      at node_modules/axe-playwright/dist/index.js:74:31
      at node_modules/axe-playwright/dist/index.js:31:71
      at Object.<anonymous>.__awaiter (node_modules/axe-playwright/dist/index.js:27:12)
      at getAxeResults (node_modules/axe-playwright/dist/index.js:73:51)
      at node_modules/axe-playwright/dist/index.js:87:52
      at node_modules/axe-playwright/dist/index.js:31:71
      at Object.<anonymous>.__awaiter (node_modules/axe-playwright/dist/index.js:27:12)
      at getViolations (node_modules/axe-playwright/dist/index.js:86:51)
      at postVisit (.storybook/test-runner.ts:20:43)

FAIL packages/components/src/HelpingText/HelpingText.stories.tsx
  ● Components/HelpingText › Default › smoke-test

    page.evaluate: Error: Axe is already running. Use `await axe.run()` to wait for the previous run to finish before starting a new run.

      at assert (packages/components/http:/localhost:6007/packages/components/node_modules/.cache/storybook/1c3385a5d25e538d10b518b310c74d3ca2690b6aaffeadccd74da79736171f86/sb-vite/deps/axe-core.js?v=b3da04b4:7427:19)
      at Object.run4 [as run] (packages/components/http:/localhost:6007/packages/components/node_modules/.cache/storybook/1c3385a5d25e538d10b518b310c74d3ca2690b6aaffeadccd74da79736171f86/sb-vite/deps/axe-core.js?v=b3da04b4:29739:13)
      at eval (eval at evaluate (:311:30)packages/components/, <anonymous>:2:27)
      at UtilityScript.evaluate (packages/components/<anonymous>:313:16)
      at UtilityScript.<anonymous> (packages/components/<anonymous>:1:44)
      at node_modules/axe-playwright/dist/index.js:74:31
      at node_modules/axe-playwright/dist/index.js:31:71
      at Object.<anonymous>.__awaiter (node_modules/axe-playwright/dist/index.js:27:12)
      at getAxeResults (node_modules/axe-playwright/dist/index.js:73:51)
      at node_modules/axe-playwright/dist/index.js:87:52
      at node_modules/axe-playwright/dist/index.js:31:71
      at Object.<anonymous>.__awaiter (node_modules/axe-playwright/dist/index.js:27:12)
      at getViolations (node_modules/axe-playwright/dist/index.js:86:51)
      at postVisit (.storybook/test-runner.ts:20:43)

  ● Components/HelpingText › Warning › smoke-test

    assert.strictEqual(received, expected)

    Expected value to strictly be equal to:
      0
    Received:
      1

    Message:
      1 accessibility violation was detected

    1 !== 0

      at testResultDependsOnViolations (node_modules/axe-playwright/dist/utils.js:16:26)
      at node_modules/axe-playwright/dist/index.js:143:51
      at fulfilled (node_modules/axe-playwright/dist/index.js:28:58)

  ● Components/HelpingText › AllStates › smoke-test

    assert.strictEqual(received, expected)

    Expected value to strictly be equal to:
      0
    Received:
      1

    Message:
      1 accessibility violation was detected

    1 !== 0

      at testResultDependsOnViolations (node_modules/axe-playwright/dist/utils.js:16:26)
      at node_modules/axe-playwright/dist/index.js:143:51
      at fulfilled (node_modules/axe-playwright/dist/index.js:28:58)

  ● Components/HelpingText › AllStatesWithoutIcons › smoke-test

    assert.strictEqual(received, expected)

    Expected value to strictly be equal to:
      0
    Received:
      1

    Message:
      1 accessibility violation was detected

    1 !== 0

      at testResultDependsOnViolations (node_modules/axe-playwright/dist/utils.js:16:26)
      at node_modules/axe-playwright/dist/index.js:143:51
      at fulfilled (node_modules/axe-playwright/dist/index.js:28:58)

FAIL packages/components/src/Pagination/Pagination.stories.tsx
  ● Components/Pagination › Default › smoke-test

    assert.strictEqual(received, expected)

    Expected value to strictly be equal to:
      0
    Received:
      2

    Message:
      2 accessibility violations were detected

    2 !== 0

      at testResultDependsOnViolations (node_modules/axe-playwright/dist/utils.js:16:26)
      at node_modules/axe-playwright/dist/index.js:143:51
      at fulfilled (node_modules/axe-playwright/dist/index.js:28:58)

  ● Components/Pagination › FirstPage › smoke-test

    assert.strictEqual(received, expected)

    Expected value to strictly be equal to:
      0
    Received:
      2

    Message:
      2 accessibility violations were detected

    2 !== 0

      at testResultDependsOnViolations (node_modules/axe-playwright/dist/utils.js:16:26)
      at node_modules/axe-playwright/dist/index.js:143:51
      at fulfilled (node_modules/axe-playwright/dist/index.js:28:58)

  ● Components/Pagination › MiddlePage › smoke-test

    assert.strictEqual(received, expected)

    Expected value to strictly be equal to:
      0
    Received:
      2

    Message:
      2 accessibility violations were detected

    2 !== 0

      at testResultDependsOnViolations (node_modules/axe-playwright/dist/utils.js:16:26)
      at node_modules/axe-playwright/dist/index.js:143:51
      at fulfilled (node_modules/axe-playwright/dist/index.js:28:58)

  ● Components/Pagination › LastPage › smoke-test

    assert.strictEqual(received, expected)

    Expected value to strictly be equal to:
      0
    Received:
      2

    Message:
      2 accessibility violations were detected

    2 !== 0

      at testResultDependsOnViolations (node_modules/axe-playwright/dist/utils.js:16:26)
      at node_modules/axe-playwright/dist/index.js:143:51
      at fulfilled (node_modules/axe-playwright/dist/index.js:28:58)

  ● Components/Pagination › FewPages › smoke-test

    assert.strictEqual(received, expected)

    Expected value to strictly be equal to:
      0
    Received:
      2

    Message:
      2 accessibility violations were detected

    2 !== 0

      at testResultDependsOnViolations (node_modules/axe-playwright/dist/utils.js:16:26)
      at node_modules/axe-playwright/dist/index.js:143:51
      at fulfilled (node_modules/axe-playwright/dist/index.js:28:58)

  ● Components/Pagination › ManyPages › smoke-test

    assert.strictEqual(received, expected)

    Expected value to strictly be equal to:
      0
    Received:
      2

    Message:
      2 accessibility violations were detected

    2 !== 0

      at testResultDependsOnViolations (node_modules/axe-playwright/dist/utils.js:16:26)
      at node_modules/axe-playwright/dist/index.js:143:51
      at fulfilled (node_modules/axe-playwright/dist/index.js:28:58)

  ● Components/Pagination › WithCustomItemsPerPage › smoke-test

    assert.strictEqual(received, expected)

    Expected value to strictly be equal to:
      0
    Received:
      2

    Message:
      2 accessibility violations were detected

    2 !== 0

      at testResultDependsOnViolations (node_modules/axe-playwright/dist/utils.js:16:26)
      at node_modules/axe-playwright/dist/index.js:143:51
      at fulfilled (node_modules/axe-playwright/dist/index.js:28:58)

FAIL packages/components/src/ChartTooltip/ChartTooltip.stories.tsx
  ● Data Visualization/ChartTooltip › Basic › smoke-test

    page.evaluate: Error: Axe is already running. Use `await axe.run()` to wait for the previous run to finish before starting a new run.

      at assert (packages/components/http:/localhost:6007/packages/components/node_modules/.cache/storybook/1c3385a5d25e538d10b518b310c74d3ca2690b6aaffeadccd74da79736171f86/sb-vite/deps/axe-core.js?v=b3da04b4:7427:19)
      at Object.run4 [as run] (packages/components/http:/localhost:6007/packages/components/node_modules/.cache/storybook/1c3385a5d25e538d10b518b310c74d3ca2690b6aaffeadccd74da79736171f86/sb-vite/deps/axe-core.js?v=b3da04b4:29739:13)
      at eval (eval at evaluate (:311:30)packages/components/, <anonymous>:2:27)
      at UtilityScript.evaluate (packages/components/<anonymous>:313:16)
      at UtilityScript.<anonymous> (packages/components/<anonymous>:1:44)
      at node_modules/axe-playwright/dist/index.js:74:31
      at node_modules/axe-playwright/dist/index.js:31:71
      at Object.<anonymous>.__awaiter (node_modules/axe-playwright/dist/index.js:27:12)
      at getAxeResults (node_modules/axe-playwright/dist/index.js:73:51)
      at node_modules/axe-playwright/dist/index.js:87:52
      at node_modules/axe-playwright/dist/index.js:31:71
      at Object.<anonymous>.__awaiter (node_modules/axe-playwright/dist/index.js:27:12)
      at getViolations (node_modules/axe-playwright/dist/index.js:86:51)
      at postVisit (.storybook/test-runner.ts:20:43)

  ● Data Visualization/ChartTooltip › ChartSegmentHover › smoke-test

    assert.strictEqual(received, expected)

    Expected value to strictly be equal to:
      0
    Received:
      1

    Message:
      1 accessibility violation was detected

    1 !== 0

      at testResultDependsOnViolations (node_modules/axe-playwright/dist/utils.js:16:26)
      at node_modules/axe-playwright/dist/index.js:143:51
      at fulfilled (node_modules/axe-playwright/dist/index.js:28:58)

FAIL packages/components/src/DesignTokens/Borders.stories.tsx
  ● Design Tokens/Borders & Shadows › BorderRadius › smoke-test

    page.evaluate: Error: Axe is already running. Use `await axe.run()` to wait for the previous run to finish before starting a new run.

      at assert (packages/components/http:/localhost:6007/packages/components/node_modules/.cache/storybook/1c3385a5d25e538d10b518b310c74d3ca2690b6aaffeadccd74da79736171f86/sb-vite/deps/axe-core.js?v=b3da04b4:7427:19)
      at Object.run4 [as run] (packages/components/http:/localhost:6007/packages/components/node_modules/.cache/storybook/1c3385a5d25e538d10b518b310c74d3ca2690b6aaffeadccd74da79736171f86/sb-vite/deps/axe-core.js?v=b3da04b4:29739:13)
      at eval (eval at evaluate (:311:30)packages/components/, <anonymous>:2:27)
      at UtilityScript.evaluate (packages/components/<anonymous>:313:16)
      at UtilityScript.<anonymous> (packages/components/<anonymous>:1:44)
      at node_modules/axe-playwright/dist/index.js:74:31
      at node_modules/axe-playwright/dist/index.js:31:71
      at Object.<anonymous>.__awaiter (node_modules/axe-playwright/dist/index.js:27:12)
      at getAxeResults (node_modules/axe-playwright/dist/index.js:73:51)
      at node_modules/axe-playwright/dist/index.js:87:52
      at node_modules/axe-playwright/dist/index.js:31:71
      at Object.<anonymous>.__awaiter (node_modules/axe-playwright/dist/index.js:27:12)
      at getViolations (node_modules/axe-playwright/dist/index.js:86:51)
      at postVisit (.storybook/test-runner.ts:20:43)

FAIL packages/components/src/TopHeader/TopHeader.stories.tsx
  ● Components/TopHeader › DarkMode › smoke-test

    assert.strictEqual(received, expected)

    Expected value to strictly be equal to:
      0
    Received:
      2

    Message:
      2 accessibility violations were detected

    2 !== 0

      at testResultDependsOnViolations (node_modules/axe-playwright/dist/utils.js:16:26)
      at node_modules/axe-playwright/dist/index.js:143:51
      at fulfilled (node_modules/axe-playwright/dist/index.js:28:58)

  ● Components/TopHeader › LightMode › smoke-test

    assert.strictEqual(received, expected)

    Expected value to strictly be equal to:
      0
    Received:
      2

    Message:
      2 accessibility violations were detected

    2 !== 0

      at testResultDependsOnViolations (node_modules/axe-playwright/dist/utils.js:16:26)
      at node_modules/axe-playwright/dist/index.js:143:51
      at fulfilled (node_modules/axe-playwright/dist/index.js:28:58)

  ● Components/TopHeader › WithoutLogo › smoke-test

    assert.strictEqual(received, expected)

    Expected value to strictly be equal to:
      0
    Received:
      2

    Message:
      2 accessibility violations were detected

    2 !== 0

      at testResultDependsOnViolations (node_modules/axe-playwright/dist/utils.js:16:26)
      at node_modules/axe-playwright/dist/index.js:143:51
      at fulfilled (node_modules/axe-playwright/dist/index.js:28:58)

FAIL packages/components/src/Brand/Brand.stories.tsx
  ● Components/Brand › CarelonLogo › smoke-test

    page.evaluate: Error: Axe is already running. Use `await axe.run()` to wait for the previous run to finish before starting a new run.

      at assert (packages/components/http:/localhost:6007/packages/components/node_modules/.cache/storybook/1c3385a5d25e538d10b518b310c74d3ca2690b6aaffeadccd74da79736171f86/sb-vite/deps/axe-core.js?v=b3da04b4:7427:19)
      at Object.run4 [as run] (packages/components/http:/localhost:6007/packages/components/node_modules/.cache/storybook/1c3385a5d25e538d10b518b310c74d3ca2690b6aaffeadccd74da79736171f86/sb-vite/deps/axe-core.js?v=b3da04b4:29739:13)
      at eval (eval at evaluate (:311:30)packages/components/, <anonymous>:2:27)
      at UtilityScript.evaluate (packages/components/<anonymous>:313:16)
      at UtilityScript.<anonymous> (packages/components/<anonymous>:1:44)
      at node_modules/axe-playwright/dist/index.js:74:31
      at node_modules/axe-playwright/dist/index.js:31:71
      at Object.<anonymous>.__awaiter (node_modules/axe-playwright/dist/index.js:27:12)
      at getAxeResults (node_modules/axe-playwright/dist/index.js:73:51)
      at node_modules/axe-playwright/dist/index.js:87:52
      at node_modules/axe-playwright/dist/index.js:31:71
      at Object.<anonymous>.__awaiter (node_modules/axe-playwright/dist/index.js:27:12)
      at getViolations (node_modules/axe-playwright/dist/index.js:86:51)
      at postVisit (.storybook/test-runner.ts:20:43)

FAIL packages/components/src/DesignTokens/Icons.stories.tsx
  ● Design Tokens/Icons › AllIcons › smoke-test

    page.evaluate: Error: Axe is already running. Use `await axe.run()` to wait for the previous run to finish before starting a new run.

      at assert (packages/components/http:/localhost:6007/packages/components/node_modules/.cache/storybook/1c3385a5d25e538d10b518b310c74d3ca2690b6aaffeadccd74da79736171f86/sb-vite/deps/axe-core.js?v=b3da04b4:7427:19)
      at Object.run4 [as run] (packages/components/http:/localhost:6007/packages/components/node_modules/.cache/storybook/1c3385a5d25e538d10b518b310c74d3ca2690b6aaffeadccd74da79736171f86/sb-vite/deps/axe-core.js?v=b3da04b4:29739:13)
      at eval (eval at evaluate (:311:30)packages/components/, <anonymous>:2:27)
      at UtilityScript.evaluate (packages/components/<anonymous>:313:16)
      at UtilityScript.<anonymous> (packages/components/<anonymous>:1:44)
      at node_modules/axe-playwright/dist/index.js:74:31
      at node_modules/axe-playwright/dist/index.js:31:71
      at Object.<anonymous>.__awaiter (node_modules/axe-playwright/dist/index.js:27:12)
      at getAxeResults (node_modules/axe-playwright/dist/index.js:73:51)
      at node_modules/axe-playwright/dist/index.js:87:52
      at node_modules/axe-playwright/dist/index.js:31:71
      at Object.<anonymous>.__awaiter (node_modules/axe-playwright/dist/index.js:27:12)
      at getViolations (node_modules/axe-playwright/dist/index.js:86:51)
      at postVisit (.storybook/test-runner.ts:20:43)

FAIL packages/components/src/DesignTokens/Spacing.stories.tsx
  ● Design Tokens/Spacing › AllSpacingTokens › smoke-test

    page.evaluate: Error: Axe is already running. Use `await axe.run()` to wait for the previous run to finish before starting a new run.

      at assert (packages/components/http:/localhost:6007/packages/components/node_modules/.cache/storybook/1c3385a5d25e538d10b518b310c74d3ca2690b6aaffeadccd74da79736171f86/sb-vite/deps/axe-core.js?v=b3da04b4:7427:19)
      at Object.run4 [as run] (packages/components/http:/localhost:6007/packages/components/node_modules/.cache/storybook/1c3385a5d25e538d10b518b310c74d3ca2690b6aaffeadccd74da79736171f86/sb-vite/deps/axe-core.js?v=b3da04b4:29739:13)
      at eval (eval at evaluate (:311:30)packages/components/, <anonymous>:2:27)
      at UtilityScript.evaluate (packages/components/<anonymous>:313:16)
      at UtilityScript.<anonymous> (packages/components/<anonymous>:1:44)
      at node_modules/axe-playwright/dist/index.js:74:31
      at node_modules/axe-playwright/dist/index.js:31:71
      at Object.<anonymous>.__awaiter (node_modules/axe-playwright/dist/index.js:27:12)
      at getAxeResults (node_modules/axe-playwright/dist/index.js:73:51)
      at node_modules/axe-playwright/dist/index.js:87:52
      at node_modules/axe-playwright/dist/index.js:31:71
      at Object.<anonymous>.__awaiter (node_modules/axe-playwright/dist/index.js:27:12)
      at getViolations (node_modules/axe-playwright/dist/index.js:86:51)
      at postVisit (.storybook/test-runner.ts:20:43)

FAIL packages/components/src/Breadcrumbs/Breadcrumbs.stories.tsx
  ● Components/Breadcrumbs › Default › smoke-test

    assert.strictEqual(received, expected)

    Expected value to strictly be equal to:
      0
    Received:
      1

    Message:
      1 accessibility violation was detected

    1 !== 0

      at testResultDependsOnViolations (node_modules/axe-playwright/dist/utils.js:16:26)
      at node_modules/axe-playwright/dist/index.js:143:51
      at fulfilled (node_modules/axe-playwright/dist/index.js:28:58)

  ● Components/Breadcrumbs › WithArrowSeparator › smoke-test

    assert.strictEqual(received, expected)

    Expected value to strictly be equal to:
      0
    Received:
      1

    Message:
      1 accessibility violation was detected

    1 !== 0

      at testResultDependsOnViolations (node_modules/axe-playwright/dist/utils.js:16:26)
      at node_modules/axe-playwright/dist/index.js:143:51
      at fulfilled (node_modules/axe-playwright/dist/index.js:28:58)

  ● Components/Breadcrumbs › ShortPath › smoke-test

    assert.strictEqual(received, expected)

    Expected value to strictly be equal to:
      0
    Received:
      1

    Message:
      1 accessibility violation was detected

    1 !== 0

      at testResultDependsOnViolations (node_modules/axe-playwright/dist/utils.js:16:26)
      at node_modules/axe-playwright/dist/index.js:143:51
      at fulfilled (node_modules/axe-playwright/dist/index.js:28:58)

  ● Components/Breadcrumbs › LongPath › smoke-test

    assert.strictEqual(received, expected)

    Expected value to strictly be equal to:
      0
    Received:
      1

    Message:
      1 accessibility violation was detected

    1 !== 0

      at testResultDependsOnViolations (node_modules/axe-playwright/dist/utils.js:16:26)
      at node_modules/axe-playwright/dist/index.js:143:51
      at fulfilled (node_modules/axe-playwright/dist/index.js:28:58)

  ● Components/Breadcrumbs › WithClickHandlers › smoke-test

    assert.strictEqual(received, expected)

    Expected value to strictly be equal to:
      0
    Received:
      1

    Message:
      1 accessibility violation was detected

    1 !== 0

      at testResultDependsOnViolations (node_modules/axe-playwright/dist/utils.js:16:26)
      at node_modules/axe-playwright/dist/index.js:143:51
      at fulfilled (node_modules/axe-playwright/dist/index.js:28:58)

FAIL packages/components/src/DesignTokens/Colors.stories.tsx
  ● Design Tokens/Colors › CarelonColors › smoke-test

    page.evaluate: Error: Axe is already running. Use `await axe.run()` to wait for the previous run to finish before starting a new run.

      at assert (packages/components/http:/localhost:6007/packages/components/node_modules/.cache/storybook/1c3385a5d25e538d10b518b310c74d3ca2690b6aaffeadccd74da79736171f86/sb-vite/deps/axe-core.js?v=b3da04b4:7427:19)
      at Object.run4 [as run] (packages/components/http:/localhost:6007/packages/components/node_modules/.cache/storybook/1c3385a5d25e538d10b518b310c74d3ca2690b6aaffeadccd74da79736171f86/sb-vite/deps/axe-core.js?v=b3da04b4:29739:13)
      at eval (eval at evaluate (:311:30)packages/components/, <anonymous>:2:27)
      at UtilityScript.evaluate (packages/components/<anonymous>:313:16)
      at UtilityScript.<anonymous> (packages/components/<anonymous>:1:44)
      at node_modules/axe-playwright/dist/index.js:74:31
      at node_modules/axe-playwright/dist/index.js:31:71
      at Object.<anonymous>.__awaiter (node_modules/axe-playwright/dist/index.js:27:12)
      at getAxeResults (node_modules/axe-playwright/dist/index.js:73:51)
      at node_modules/axe-playwright/dist/index.js:87:52
      at node_modules/axe-playwright/dist/index.js:31:71
      at Object.<anonymous>.__awaiter (node_modules/axe-playwright/dist/index.js:27:12)
      at getViolations (node_modules/axe-playwright/dist/index.js:86:51)
      at postVisit (.storybook/test-runner.ts:20:43)

FAIL packages/components/src/Table/TableComponent.stories.tsx (302.915 s)
  ● Components/Table › Complete › smoke-test

    SB_PREVIEW_API_0006 (StoryIndexFetchError): Error fetching `/index.json`:

    Unable to index ./src/Table/EnhancedTable.stories.tsx:
      SyntaxError: Expecting Unicode escape sequence \uXXXX. (1467:15)

      at constructor (node_modules/@storybook/core/dist/babel/index.cjs:134900:15)
      at Nv.raise (node_modules/@storybook/core/dist/babel/index.cjs:137217:54)
      at Nv.readWord1 (node_modules/@storybook/core/dist/babel/index.cjs:137193:18)
      at Nv.readWord (node_modules/@storybook/core/dist/babel/index.cjs:137205:20)
      at Nv.getTokenFromCode (node_modules/@storybook/core/dist/babel/index.cjs:137028:16)
      at Nv.getTokenFromCode (node_modules/@storybook/core/dist/babel/index.cjs:139696:13)
      at Nv.getTokenFromCode (node_modules/@storybook/core/dist/babel/index.cjs:141547:13)
      at Nv.nextToken (node_modules/@storybook/core/dist/babel/index.cjs:136654:12)
      at Nv.next (node_modules/@storybook/core/dist/babel/index.cjs:136586:62)
      at Nv.eat (node_modules/@storybook/core/dist/babel/index.cjs:136589:36)
      at Nv.parseObjectProperty (node_modules/@storybook/core/dist/babel/index.cjs:142655:34)
      at Nv.parseObjPropValue (node_modules/@storybook/core/dist/babel/index.cjs:142671:61)
      at Nv.parseObjPropValue (node_modules/@storybook/core/dist/babel/index.cjs:141367:49)
      at Nv.parsePropertyDefinition (node_modules/@storybook/core/dist/babel/index.cjs:142632:19)
      at Nv.parseObjectLike (node_modules/@storybook/core/dist/babel/index.cjs:142596:57)
      at Nv.parseExprAtom (node_modules/@storybook/core/dist/babel/index.cjs:142302:23)
      at Nv.parseExprAtom (node_modules/@storybook/core/dist/babel/index.cjs:139667:45)
      at Nv.parseExprSubscripts (node_modules/@storybook/core/dist/babel/index.cjs:142149:78)
      at Nv.parseUpdate (node_modules/@storybook/core/dist/babel/index.cjs:142139:45)
      at Nv.parseMaybeUnary (node_modules/@storybook/core/dist/babel/index.cjs:142124:20)
      at Nv.parseMaybeUnary (node_modules/@storybook/core/dist/babel/index.cjs:141419:93)
      at Nv.parseMaybeUnaryOrPrivate (node_modules/@storybook/core/dist/babel/index.cjs:142032:63)
      at Nv.parseExprOps (node_modules/@storybook/core/dist/babel/index.cjs:142035:78)
      at Nv.parseMaybeConditional (node_modules/@storybook/core/dist/babel/index.cjs:142020:78)
      at Nv.parseMaybeAssign (node_modules/@storybook/core/dist/babel/index.cjs:142004:20)
      at Nv.parseMaybeAssign (node_modules/@storybook/core/dist/babel/index.cjs:141392:22)
      at node_modules/@storybook/core/dist/babel/index.cjs:141986:41
      at Nv.allowInAnd (node_modules/@storybook/core/dist/babel/index.cjs:142978:14)
      at Nv.parseMaybeAssignAllowIn (node_modules/@storybook/core/dist/babel/index.cjs:141986:19)
      at Nv.parseObjectProperty (node_modules/@storybook/core/dist/babel/index.cjs:142656:81)
      at Nv.parseObjPropValue (node_modules/@storybook/core/dist/babel/index.cjs:142671:61)
      at Nv.parseObjPropValue (node_modules/@storybook/core/dist/babel/index.cjs:141367:49)
      at Nv.parsePropertyDefinition (node_modules/@storybook/core/dist/babel/index.cjs:142632:19)
      at Nv.parseObjectLike (node_modules/@storybook/core/dist/babel/index.cjs:142596:57)
      at Nv.parseExprAtom (node_modules/@storybook/core/dist/babel/index.cjs:142302:23)
      at Nv.parseExprAtom (node_modules/@storybook/core/dist/babel/index.cjs:139667:45)
      at Nv.parseExprSubscripts (node_modules/@storybook/core/dist/babel/index.cjs:142149:78)
      at Nv.parseUpdate (node_modules/@storybook/core/dist/babel/index.cjs:142139:45)
      at Nv.parseMaybeUnary (node_modules/@storybook/core/dist/babel/index.cjs:142124:20)
      at Nv.parseMaybeUnary (node_modules/@storybook/core/dist/babel/index.cjs:141419:93)
      at Nv.parseMaybeUnaryOrPrivate (node_modules/@storybook/core/dist/babel/index.cjs:142032:63)
      at Nv.parseExprOps (node_modules/@storybook/core/dist/babel/index.cjs:142035:78)
      at Nv.parseMaybeConditional (node_modules/@storybook/core/dist/babel/index.cjs:142020:78)
      at Nv.parseMaybeAssign (node_modules/@storybook/core/dist/babel/index.cjs:142004:20)
      at Nv.parseMaybeAssign (node_modules/@storybook/core/dist/babel/index.cjs:141392:22)
      at node_modules/@storybook/core/dist/babel/index.cjs:141986:41
      at Nv.allowInAnd (node_modules/@storybook/core/dist/babel/index.cjs:142978:14)
      at Nv.parseMaybeAssignAllowIn (node_modules/@storybook/core/dist/babel/index.cjs:141986:19)
      at Nv.parseObjectProperty (node_modules/@storybook/core/dist/babel/index.cjs:142656:81)
      at Nv.parseObjPropValue (node_modules/@storybook/core/dist/babel/index.cjs:142671:61)
      If you are in development, this likely indicates a problem with your Storybook process,
      check the terminal for errors.
      If you are in a deployed Storybook, there may have been an issue deploying the full Storybook
      build.
      at constructor (node_modules/@storybook/core/dist/babel/index.cjs:134900:15)
      at Nv.raise (node_modules/@storybook/core/dist/babel/index.cjs:137217:54)
      at Nv.readWord1 (node_modules/@storybook/core/dist/babel/index.cjs:137193:18)
      at Nv.readWord (node_modules/@storybook/core/dist/babel/index.cjs:137205:20)
      at Nv.getTokenFromCode (node_modules/@storybook/core/dist/babel/index.cjs:137028:16)
      at Nv.getTokenFromCode (node_modules/@storybook/core/dist/babel/index.cjs:139696:13)
      at Nv.getTokenFromCode (node_modules/@storybook/core/dist/babel/index.cjs:141547:13)
      at Nv.nextToken (node_modules/@storybook/core/dist/babel/index.cjs:136654:12)
      at Nv.next (node_modules/@storybook/core/dist/babel/index.cjs:136586:62)
      at Nv.eat (node_modules/@storybook/core/dist/babel/index.cjs:136589:36)
      at Nv.parseObjectProperty (node_modules/@storybook/core/dist/babel/index.cjs:142655:34)
      at Nv.parseObjPropValue (node_modules/@storybook/core/dist/babel/index.cjs:142671:61)
      at Nv.parseObjPropValue (node_modules/@storybook/core/dist/babel/index.cjs:141367:49)
      at Nv.parsePropertyDefinition (node_modules/@storybook/core/dist/babel/index.cjs:142632:19)
      at Nv.parseObjectLike (node_modules/@storybook/core/dist/babel/index.cjs:142596:57)
      at Nv.parseExprAtom (node_modules/@storybook/core/dist/babel/index.cjs:142302:23)
      at Nv.parseExprAtom (node_modules/@storybook/core/dist/babel/index.cjs:139667:45)
      at Nv.parseExprSubscripts (node_modules/@storybook/core/dist/babel/index.cjs:142149:78)
      at Nv.parseUpdate (node_modules/@storybook/core/dist/babel/index.cjs:142139:45)
      at Nv.parseMaybeUnary (node_modules/@storybook/core/dist/babel/index.cjs:142124:20)
      at Nv.parseMaybeUnary (node_modules/@storybook/core/dist/babel/index.cjs:141419:93)
      at Nv.parseMaybeUnaryOrPrivate (node_modules/@storybook/core/dist/babel/index.cjs:142032:63)
      at Nv.parseExprOps (node_modules/@storybook/core/dist/babel/index.cjs:142035:78)
      at Nv.parseMaybeConditional (node_modules/@storybook/core/dist/babel/index.cjs:142020:78)
      at Nv.parseMaybeAssign (node_modules/@storybook/core/dist/babel/index.cjs:142004:20)
      at Nv.parseMaybeAssign (node_modules/@storybook/core/dist/babel/index.cjs:141392:22)
      at node_modules/@storybook/core/dist/babel/index.cjs:141986:41
      at Nv.allowInAnd (node_modules/@storybook/core/dist/babel/index.cjs:142978:14)
      at Nv.parseMaybeAssignAllowIn (node_modules/@storybook/core/dist/babel/index.cjs:141986:19)
      at Nv.parseObjectProperty (node_modules/@storybook/core/dist/babel/index.cjs:142656:81)
      at Nv.parseObjPropValue (node_modules/@storybook/core/dist/babel/index.cjs:142671:61)
      at Nv.parseObjPropValue (node_modules/@storybook/core/dist/babel/index.cjs:141367:49)
      at Nv.parsePropertyDefinition (node_modules/@storybook/core/dist/babel/index.cjs:142632:19)
      at Nv.parseObjectLike (node_modules/@storybook/core/dist/babel/index.cjs:142596:57)
      at Nv.parseExprAtom (node_modules/@storybook/core/dist/babel/index.cjs:142302:23)
      at Nv.parseExprAtom (node_modules/@storybook/core/dist/babel/index.cjs:139667:45)
      at Nv.parseExprSubscripts (node_modules/@storybook/core/dist/babel/index.cjs:142149:78)
      at Nv.parseUpdate (node_modules/@storybook/core/dist/babel/index.cjs:142139:45)
      at Nv.parseMaybeUnary (node_modules/@storybook/core/dist/babel/index.cjs:142124:20)
      at Nv.parseMaybeUnary (node_modules/@storybook/core/dist/babel/index.cjs:141419:93)
      at Nv.parseMaybeUnaryOrPrivate (node_modules/@storybook/core/dist/babel/index.cjs:142032:63)
      at Nv.parseExprOps (node_modules/@storybook/core/dist/babel/index.cjs:142035:78)
      at Nv.parseMaybeConditional (node_modules/@storybook/core/dist/babel/index.cjs:142020:78)
      at Nv.parseMaybeAssign (node_modules/@storybook/core/dist/babel/index.cjs:142004:20)
      at Nv.parseMaybeAssign (node_modules/@storybook/core/dist/babel/index.cjs:141392:22)
      at node_modules/@storybook/core/dist/babel/index.cjs:141986:41
      at Nv.allowInAnd (node_modules/@storybook/core/dist/babel/index.cjs:142978:14)
      at Nv.parseMaybeAssignAllowIn (node_modules/@storybook/core/dist/babel/index.cjs:141986:19)
      at Nv.parseObjectProperty (node_modules/@storybook/core/dist/babel/index.cjs:142656:81)
      at Nv.parseObjPropValue (node_modules/@storybook/core/dist/babel/index.cjs:142671:61)
      If you are in development, this likely indicates a problem with your Storybook process,
      check the terminal for errors.
      If you are in a deployed Storybook, there may have been an issue deploying the full Storybook
      build.
      at ns2.getStoryIndexFromServer (packages/components/http:/localhost:6007/packages/components/node_modules/.cache/storybook/1c3385a5d25e538d10b518b310c74d3ca2690b6aaffeadccd74da79736171f86/sb-vite/deps/storybook_internal_preview_runtime.js?v=b3da04b4:8624:11)
      at async ns2.initializeWithProjectAnnotations (packages/components/http:/localhost:6007/packages/components/node_modules/.cache/storybook/1c3385a5d25e538d10b518b310c74d3ca2690b6aaffeadccd74da79736171f86/sb-vite/deps/storybook_internal_preview_runtime.js?v=b3da04b4:8606:15)
      at async ns2.initialize (packages/components/http:/localhost:6007/packages/components/node_modules/.cache/storybook/1c3385a5d25e538d10b518b310c74d3ca2690b6aaffeadccd74da79736171f86/sb-vite/deps/storybook_internal_preview_runtime.js?v=b3da04b4:8581:39)

  ● Components/Table › Complete › smoke-test

    SB_PREVIEW_API_0006 (StoryIndexFetchError): Error fetching `/index.json`:

    Unable to index ./src/Table/EnhancedTable.stories.tsx:
      SyntaxError: Expecting Unicode escape sequence \uXXXX. (1467:15)

      at constructor (node_modules/@storybook/core/dist/babel/index.cjs:134900:15)
      at Nv.raise (node_modules/@storybook/core/dist/babel/index.cjs:137217:54)
      at Nv.readWord1 (node_modules/@storybook/core/dist/babel/index.cjs:137193:18)
      at Nv.readWord (node_modules/@storybook/core/dist/babel/index.cjs:137205:20)
      at Nv.getTokenFromCode (node_modules/@storybook/core/dist/babel/index.cjs:137028:16)
      at Nv.getTokenFromCode (node_modules/@storybook/core/dist/babel/index.cjs:139696:13)
      at Nv.getTokenFromCode (node_modules/@storybook/core/dist/babel/index.cjs:141547:13)
      at Nv.nextToken (node_modules/@storybook/core/dist/babel/index.cjs:136654:12)
      at Nv.next (node_modules/@storybook/core/dist/babel/index.cjs:136586:62)
      at Nv.eat (node_modules/@storybook/core/dist/babel/index.cjs:136589:36)
      at Nv.parseObjectProperty (node_modules/@storybook/core/dist/babel/index.cjs:142655:34)
      at Nv.parseObjPropValue (node_modules/@storybook/core/dist/babel/index.cjs:142671:61)
      at Nv.parseObjPropValue (node_modules/@storybook/core/dist/babel/index.cjs:141367:49)
      at Nv.parsePropertyDefinition (node_modules/@storybook/core/dist/babel/index.cjs:142632:19)
      at Nv.parseObjectLike (node_modules/@storybook/core/dist/babel/index.cjs:142596:57)
      at Nv.parseExprAtom (node_modules/@storybook/core/dist/babel/index.cjs:142302:23)
      at Nv.parseExprAtom (node_modules/@storybook/core/dist/babel/index.cjs:139667:45)
      at Nv.parseExprSubscripts (node_modules/@storybook/core/dist/babel/index.cjs:142149:78)
      at Nv.parseUpdate (node_modules/@storybook/core/dist/babel/index.cjs:142139:45)
      at Nv.parseMaybeUnary (node_modules/@storybook/core/dist/babel/index.cjs:142124:20)
      at Nv.parseMaybeUnary (node_modules/@storybook/core/dist/babel/index.cjs:141419:93)
      at Nv.parseMaybeUnaryOrPrivate (node_modules/@storybook/core/dist/babel/index.cjs:142032:63)
      at Nv.parseExprOps (node_modules/@storybook/core/dist/babel/index.cjs:142035:78)
      at Nv.parseMaybeConditional (node_modules/@storybook/core/dist/babel/index.cjs:142020:78)
      at Nv.parseMaybeAssign (node_modules/@storybook/core/dist/babel/index.cjs:142004:20)
      at Nv.parseMaybeAssign (node_modules/@storybook/core/dist/babel/index.cjs:141392:22)
      at node_modules/@storybook/core/dist/babel/index.cjs:141986:41
      at Nv.allowInAnd (node_modules/@storybook/core/dist/babel/index.cjs:142978:14)
      at Nv.parseMaybeAssignAllowIn (node_modules/@storybook/core/dist/babel/index.cjs:141986:19)
      at Nv.parseObjectProperty (node_modules/@storybook/core/dist/babel/index.cjs:142656:81)
      at Nv.parseObjPropValue (node_modules/@storybook/core/dist/babel/index.cjs:142671:61)
      at Nv.parseObjPropValue (node_modules/@storybook/core/dist/babel/index.cjs:141367:49)
      at Nv.parsePropertyDefinition (node_modules/@storybook/core/dist/babel/index.cjs:142632:19)
      at Nv.parseObjectLike (node_modules/@storybook/core/dist/babel/index.cjs:142596:57)
      at Nv.parseExprAtom (node_modules/@storybook/core/dist/babel/index.cjs:142302:23)
      at Nv.parseExprAtom (node_modules/@storybook/core/dist/babel/index.cjs:139667:45)
      at Nv.parseExprSubscripts (node_modules/@storybook/core/dist/babel/index.cjs:142149:78)
      at Nv.parseUpdate (node_modules/@storybook/core/dist/babel/index.cjs:142139:45)
      at Nv.parseMaybeUnary (node_modules/@storybook/core/dist/babel/index.cjs:142124:20)
      at Nv.parseMaybeUnary (node_modules/@storybook/core/dist/babel/index.cjs:141419:93)
      at Nv.parseMaybeUnaryOrPrivate (node_modules/@storybook/core/dist/babel/index.cjs:142032:63)
      at Nv.parseExprOps (node_modules/@storybook/core/dist/babel/index.cjs:142035:78)
      at Nv.parseMaybeConditional (node_modules/@storybook/core/dist/babel/index.cjs:142020:78)
      at Nv.parseMaybeAssign (node_modules/@storybook/core/dist/babel/index.cjs:142004:20)
      at Nv.parseMaybeAssign (node_modules/@storybook/core/dist/babel/index.cjs:141392:22)
      at node_modules/@storybook/core/dist/babel/index.cjs:141986:41
      at Nv.allowInAnd (node_modules/@storybook/core/dist/babel/index.cjs:142978:14)
      at Nv.parseMaybeAssignAllowIn (node_modules/@storybook/core/dist/babel/index.cjs:141986:19)
      at Nv.parseObjectProperty (node_modules/@storybook/core/dist/babel/index.cjs:142656:81)
      at Nv.parseObjPropValue (node_modules/@storybook/core/dist/babel/index.cjs:142671:61)
      If you are in development, this likely indicates a problem with your Storybook process,
      check the terminal for errors.
      If you are in a deployed Storybook, there may have been an issue deploying the full Storybook
      build.
      at constructor (node_modules/@storybook/core/dist/babel/index.cjs:134900:15)
      at Nv.raise (node_modules/@storybook/core/dist/babel/index.cjs:137217:54)
      at Nv.readWord1 (node_modules/@storybook/core/dist/babel/index.cjs:137193:18)
      at Nv.readWord (node_modules/@storybook/core/dist/babel/index.cjs:137205:20)
      at Nv.getTokenFromCode (node_modules/@storybook/core/dist/babel/index.cjs:137028:16)
      at Nv.getTokenFromCode (node_modules/@storybook/core/dist/babel/index.cjs:139696:13)
      at Nv.getTokenFromCode (node_modules/@storybook/core/dist/babel/index.cjs:141547:13)
      at Nv.nextToken (node_modules/@storybook/core/dist/babel/index.cjs:136654:12)
      at Nv.next (node_modules/@storybook/core/dist/babel/index.cjs:136586:62)
      at Nv.eat (node_modules/@storybook/core/dist/babel/index.cjs:136589:36)
      at Nv.parseObjectProperty (node_modules/@storybook/core/dist/babel/index.cjs:142655:34)
      at Nv.parseObjPropValue (node_modules/@storybook/core/dist/babel/index.cjs:142671:61)
      at Nv.parseObjPropValue (node_modules/@storybook/core/dist/babel/index.cjs:141367:49)
      at Nv.parsePropertyDefinition (node_modules/@storybook/core/dist/babel/index.cjs:142632:19)
      at Nv.parseObjectLike (node_modules/@storybook/core/dist/babel/index.cjs:142596:57)
      at Nv.parseExprAtom (node_modules/@storybook/core/dist/babel/index.cjs:142302:23)
      at Nv.parseExprAtom (node_modules/@storybook/core/dist/babel/index.cjs:139667:45)
      at Nv.parseExprSubscripts (node_modules/@storybook/core/dist/babel/index.cjs:142149:78)
      at Nv.parseUpdate (node_modules/@storybook/core/dist/babel/index.cjs:142139:45)
      at Nv.parseMaybeUnary (node_modules/@storybook/core/dist/babel/index.cjs:142124:20)
      at Nv.parseMaybeUnary (node_modules/@storybook/core/dist/babel/index.cjs:141419:93)
      at Nv.parseMaybeUnaryOrPrivate (node_modules/@storybook/core/dist/babel/index.cjs:142032:63)
      at Nv.parseExprOps (node_modules/@storybook/core/dist/babel/index.cjs:142035:78)
      at Nv.parseMaybeConditional (node_modules/@storybook/core/dist/babel/index.cjs:142020:78)
      at Nv.parseMaybeAssign (node_modules/@storybook/core/dist/babel/index.cjs:142004:20)
      at Nv.parseMaybeAssign (node_modules/@storybook/core/dist/babel/index.cjs:141392:22)
      at node_modules/@storybook/core/dist/babel/index.cjs:141986:41
      at Nv.allowInAnd (node_modules/@storybook/core/dist/babel/index.cjs:142978:14)
      at Nv.parseMaybeAssignAllowIn (node_modules/@storybook/core/dist/babel/index.cjs:141986:19)
      at Nv.parseObjectProperty (node_modules/@storybook/core/dist/babel/index.cjs:142656:81)
      at Nv.parseObjPropValue (node_modules/@storybook/core/dist/babel/index.cjs:142671:61)
      at Nv.parseObjPropValue (node_modules/@storybook/core/dist/babel/index.cjs:141367:49)
      at Nv.parsePropertyDefinition (node_modules/@storybook/core/dist/babel/index.cjs:142632:19)
      at Nv.parseObjectLike (node_modules/@storybook/core/dist/babel/index.cjs:142596:57)
      at Nv.parseExprAtom (node_modules/@storybook/core/dist/babel/index.cjs:142302:23)
      at Nv.parseExprAtom (node_modules/@storybook/core/dist/babel/index.cjs:139667:45)
      at Nv.parseExprSubscripts (node_modules/@storybook/core/dist/babel/index.cjs:142149:78)
      at Nv.parseUpdate (node_modules/@storybook/core/dist/babel/index.cjs:142139:45)
      at Nv.parseMaybeUnary (node_modules/@storybook/core/dist/babel/index.cjs:142124:20)
      at Nv.parseMaybeUnary (node_modules/@storybook/core/dist/babel/index.cjs:141419:93)
      at Nv.parseMaybeUnaryOrPrivate (node_modules/@storybook/core/dist/babel/index.cjs:142032:63)
      at Nv.parseExprOps (node_modules/@storybook/core/dist/babel/index.cjs:142035:78)
      at Nv.parseMaybeConditional (node_modules/@storybook/core/dist/babel/index.cjs:142020:78)
      at Nv.parseMaybeAssign (node_modules/@storybook/core/dist/babel/index.cjs:142004:20)
      at Nv.parseMaybeAssign (node_modules/@storybook/core/dist/babel/index.cjs:141392:22)
      at node_modules/@storybook/core/dist/babel/index.cjs:141986:41
      at Nv.allowInAnd (node_modules/@storybook/core/dist/babel/index.cjs:142978:14)
      at Nv.parseMaybeAssignAllowIn (node_modules/@storybook/core/dist/babel/index.cjs:141986:19)
      at Nv.parseObjectProperty (node_modules/@storybook/core/dist/babel/index.cjs:142656:81)
      at Nv.parseObjPropValue (node_modules/@storybook/core/dist/babel/index.cjs:142671:61)
      If you are in development, this likely indicates a problem with your Storybook process,
      check the terminal for errors.
      If you are in a deployed Storybook, there may have been an issue deploying the full Storybook
      build.
      at ns2.getStoryIndexFromServer (packages/components/http:/localhost:6007/packages/components/node_modules/.cache/storybook/1c3385a5d25e538d10b518b310c74d3ca2690b6aaffeadccd74da79736171f86/sb-vite/deps/storybook_internal_preview_runtime.js?v=b3da04b4:8624:11)
      at async ns2.initializeWithProjectAnnotations (packages/components/http:/localhost:6007/packages/components/node_modules/.cache/storybook/1c3385a5d25e538d10b518b310c74d3ca2690b6aaffeadccd74da79736171f86/sb-vite/deps/storybook_internal_preview_runtime.js?v=b3da04b4:8606:15)
      at async ns2.initialize (packages/components/http:/localhost:6007/packages/components/node_modules/.cache/storybook/1c3385a5d25e538d10b518b310c74d3ca2690b6aaffeadccd74da79736171f86/sb-vite/deps/storybook_internal_preview_runtime.js?v=b3da04b4:8581:39)

  ● Components/Table › Complete › smoke-test

    thrown: "Exceeded timeout of 30000 ms for a test.
    Add a timeout value to this test to increase the timeout, if this is a long-running test. See https://jestjs.io/docs/api#testname-fn-timeout."

      128 |     avatar: 'https://i.pravatar.cc/32?img=5',
      129 |   },
    > 130 |   {
          |    ^
      131 |     id: '6',
      132 |     name: 'Frank Miller',
      133 |     email: 'frank.miller@company.com',

      at packages/components/src/Table/TableComponent.stories.tsx:130:13
      at packages/components/src/Table/TableComponent.stories.tsx:129:9
      at Object.<anonymous> (packages/components/src/Table/TableComponent.stories.tsx:128:5)

  ● Components/Table › FixedHeaderScroll › smoke-test

    SB_PREVIEW_API_0006 (StoryIndexFetchError): Error fetching `/index.json`:

    Unable to index ./src/Table/EnhancedTable.stories.tsx:
      SyntaxError: Expecting Unicode escape sequence \uXXXX. (1467:15)

      at constructor (node_modules/@storybook/core/dist/babel/index.cjs:134900:15)
      at Nv.raise (node_modules/@storybook/core/dist/babel/index.cjs:137217:54)
      at Nv.readWord1 (node_modules/@storybook/core/dist/babel/index.cjs:137193:18)
      at Nv.readWord (node_modules/@storybook/core/dist/babel/index.cjs:137205:20)
      at Nv.getTokenFromCode (node_modules/@storybook/core/dist/babel/index.cjs:137028:16)
      at Nv.getTokenFromCode (node_modules/@storybook/core/dist/babel/index.cjs:139696:13)
      at Nv.getTokenFromCode (node_modules/@storybook/core/dist/babel/index.cjs:141547:13)
      at Nv.nextToken (node_modules/@storybook/core/dist/babel/index.cjs:136654:12)
      at Nv.next (node_modules/@storybook/core/dist/babel/index.cjs:136586:62)
      at Nv.eat (node_modules/@storybook/core/dist/babel/index.cjs:136589:36)
      at Nv.parseObjectProperty (node_modules/@storybook/core/dist/babel/index.cjs:142655:34)
      at Nv.parseObjPropValue (node_modules/@storybook/core/dist/babel/index.cjs:142671:61)
      at Nv.parseObjPropValue (node_modules/@storybook/core/dist/babel/index.cjs:141367:49)
      at Nv.parsePropertyDefinition (node_modules/@storybook/core/dist/babel/index.cjs:142632:19)
      at Nv.parseObjectLike (node_modules/@storybook/core/dist/babel/index.cjs:142596:57)
      at Nv.parseExprAtom (node_modules/@storybook/core/dist/babel/index.cjs:142302:23)
      at Nv.parseExprAtom (node_modules/@storybook/core/dist/babel/index.cjs:139667:45)
      at Nv.parseExprSubscripts (node_modules/@storybook/core/dist/babel/index.cjs:142149:78)
      at Nv.parseUpdate (node_modules/@storybook/core/dist/babel/index.cjs:142139:45)
      at Nv.parseMaybeUnary (node_modules/@storybook/core/dist/babel/index.cjs:142124:20)
      at Nv.parseMaybeUnary (node_modules/@storybook/core/dist/babel/index.cjs:141419:93)
      at Nv.parseMaybeUnaryOrPrivate (node_modules/@storybook/core/dist/babel/index.cjs:142032:63)
      at Nv.parseExprOps (node_modules/@storybook/core/dist/babel/index.cjs:142035:78)
      at Nv.parseMaybeConditional (node_modules/@storybook/core/dist/babel/index.cjs:142020:78)
      at Nv.parseMaybeAssign (node_modules/@storybook/core/dist/babel/index.cjs:142004:20)
      at Nv.parseMaybeAssign (node_modules/@storybook/core/dist/babel/index.cjs:141392:22)
      at node_modules/@storybook/core/dist/babel/index.cjs:141986:41
      at Nv.allowInAnd (node_modules/@storybook/core/dist/babel/index.cjs:142978:14)
      at Nv.parseMaybeAssignAllowIn (node_modules/@storybook/core/dist/babel/index.cjs:141986:19)
      at Nv.parseObjectProperty (node_modules/@storybook/core/dist/babel/index.cjs:142656:81)
      at Nv.parseObjPropValue (node_modules/@storybook/core/dist/babel/index.cjs:142671:61)
      at Nv.parseObjPropValue (node_modules/@storybook/core/dist/babel/index.cjs:141367:49)
      at Nv.parsePropertyDefinition (node_modules/@storybook/core/dist/babel/index.cjs:142632:19)
      at Nv.parseObjectLike (node_modules/@storybook/core/dist/babel/index.cjs:142596:57)
      at Nv.parseExprAtom (node_modules/@storybook/core/dist/babel/index.cjs:142302:23)
      at Nv.parseExprAtom (node_modules/@storybook/core/dist/babel/index.cjs:139667:45)
      at Nv.parseExprSubscripts (node_modules/@storybook/core/dist/babel/index.cjs:142149:78)
      at Nv.parseUpdate (node_modules/@storybook/core/dist/babel/index.cjs:142139:45)
      at Nv.parseMaybeUnary (node_modules/@storybook/core/dist/babel/index.cjs:142124:20)
      at Nv.parseMaybeUnary (node_modules/@storybook/core/dist/babel/index.cjs:141419:93)
      at Nv.parseMaybeUnaryOrPrivate (node_modules/@storybook/core/dist/babel/index.cjs:142032:63)
      at Nv.parseExprOps (node_modules/@storybook/core/dist/babel/index.cjs:142035:78)
      at Nv.parseMaybeConditional (node_modules/@storybook/core/dist/babel/index.cjs:142020:78)
      at Nv.parseMaybeAssign (node_modules/@storybook/core/dist/babel/index.cjs:142004:20)
      at Nv.parseMaybeAssign (node_modules/@storybook/core/dist/babel/index.cjs:141392:22)
      at node_modules/@storybook/core/dist/babel/index.cjs:141986:41
      at Nv.allowInAnd (node_modules/@storybook/core/dist/babel/index.cjs:142978:14)
      at Nv.parseMaybeAssignAllowIn (node_modules/@storybook/core/dist/babel/index.cjs:141986:19)
      at Nv.parseObjectProperty (node_modules/@storybook/core/dist/babel/index.cjs:142656:81)
      at Nv.parseObjPropValue (node_modules/@storybook/core/dist/babel/index.cjs:142671:61)
      If you are in development, this likely indicates a problem with your Storybook process,
      check the terminal for errors.
      If you are in a deployed Storybook, there may have been an issue deploying the full Storybook
      build.
      at constructor (node_modules/@storybook/core/dist/babel/index.cjs:134900:15)
      at Nv.raise (node_modules/@storybook/core/dist/babel/index.cjs:137217:54)
      at Nv.readWord1 (node_modules/@storybook/core/dist/babel/index.cjs:137193:18)
      at Nv.readWord (node_modules/@storybook/core/dist/babel/index.cjs:137205:20)
      at Nv.getTokenFromCode (node_modules/@storybook/core/dist/babel/index.cjs:137028:16)
      at Nv.getTokenFromCode (node_modules/@storybook/core/dist/babel/index.cjs:139696:13)
      at Nv.getTokenFromCode (node_modules/@storybook/core/dist/babel/index.cjs:141547:13)
      at Nv.nextToken (node_modules/@storybook/core/dist/babel/index.cjs:136654:12)
      at Nv.next (node_modules/@storybook/core/dist/babel/index.cjs:136586:62)
      at Nv.eat (node_modules/@storybook/core/dist/babel/index.cjs:136589:36)
      at Nv.parseObjectProperty (node_modules/@storybook/core/dist/babel/index.cjs:142655:34)
      at Nv.parseObjPropValue (node_modules/@storybook/core/dist/babel/index.cjs:142671:61)
      at Nv.parseObjPropValue (node_modules/@storybook/core/dist/babel/index.cjs:141367:49)
      at Nv.parsePropertyDefinition (node_modules/@storybook/core/dist/babel/index.cjs:142632:19)
      at Nv.parseObjectLike (node_modules/@storybook/core/dist/babel/index.cjs:142596:57)
      at Nv.parseExprAtom (node_modules/@storybook/core/dist/babel/index.cjs:142302:23)
      at Nv.parseExprAtom (node_modules/@storybook/core/dist/babel/index.cjs:139667:45)
      at Nv.parseExprSubscripts (node_modules/@storybook/core/dist/babel/index.cjs:142149:78)
      at Nv.parseUpdate (node_modules/@storybook/core/dist/babel/index.cjs:142139:45)
      at Nv.parseMaybeUnary (node_modules/@storybook/core/dist/babel/index.cjs:142124:20)
      at Nv.parseMaybeUnary (node_modules/@storybook/core/dist/babel/index.cjs:141419:93)
      at Nv.parseMaybeUnaryOrPrivate (node_modules/@storybook/core/dist/babel/index.cjs:142032:63)
      at Nv.parseExprOps (node_modules/@storybook/core/dist/babel/index.cjs:142035:78)
      at Nv.parseMaybeConditional (node_modules/@storybook/core/dist/babel/index.cjs:142020:78)
      at Nv.parseMaybeAssign (node_modules/@storybook/core/dist/babel/index.cjs:142004:20)
      at Nv.parseMaybeAssign (node_modules/@storybook/core/dist/babel/index.cjs:141392:22)
      at node_modules/@storybook/core/dist/babel/index.cjs:141986:41
      at Nv.allowInAnd (node_modules/@storybook/core/dist/babel/index.cjs:142978:14)
      at Nv.parseMaybeAssignAllowIn (node_modules/@storybook/core/dist/babel/index.cjs:141986:19)
      at Nv.parseObjectProperty (node_modules/@storybook/core/dist/babel/index.cjs:142656:81)
      at Nv.parseObjPropValue (node_modules/@storybook/core/dist/babel/index.cjs:142671:61)
      at Nv.parseObjPropValue (node_modules/@storybook/core/dist/babel/index.cjs:141367:49)
      at Nv.parsePropertyDefinition (node_modules/@storybook/core/dist/babel/index.cjs:142632:19)
      at Nv.parseObjectLike (node_modules/@storybook/core/dist/babel/index.cjs:142596:57)
      at Nv.parseExprAtom (node_modules/@storybook/core/dist/babel/index.cjs:142302:23)
      at Nv.parseExprAtom (node_modules/@storybook/core/dist/babel/index.cjs:139667:45)
      at Nv.parseExprSubscripts (node_modules/@storybook/core/dist/babel/index.cjs:142149:78)
      at Nv.parseUpdate (node_modules/@storybook/core/dist/babel/index.cjs:142139:45)
      at Nv.parseMaybeUnary (node_modules/@storybook/core/dist/babel/index.cjs:142124:20)
      at Nv.parseMaybeUnary (node_modules/@storybook/core/dist/babel/index.cjs:141419:93)
      at Nv.parseMaybeUnaryOrPrivate (node_modules/@storybook/core/dist/babel/index.cjs:142032:63)
      at Nv.parseExprOps (node_modules/@storybook/core/dist/babel/index.cjs:142035:78)
      at Nv.parseMaybeConditional (node_modules/@storybook/core/dist/babel/index.cjs:142020:78)
      at Nv.parseMaybeAssign (node_modules/@storybook/core/dist/babel/index.cjs:142004:20)
      at Nv.parseMaybeAssign (node_modules/@storybook/core/dist/babel/index.cjs:141392:22)
      at node_modules/@storybook/core/dist/babel/index.cjs:141986:41
      at Nv.allowInAnd (node_modules/@storybook/core/dist/babel/index.cjs:142978:14)
      at Nv.parseMaybeAssignAllowIn (node_modules/@storybook/core/dist/babel/index.cjs:141986:19)
      at Nv.parseObjectProperty (node_modules/@storybook/core/dist/babel/index.cjs:142656:81)
      at Nv.parseObjPropValue (node_modules/@storybook/core/dist/babel/index.cjs:142671:61)
      If you are in development, this likely indicates a problem with your Storybook process,
      check the terminal for errors.
      If you are in a deployed Storybook, there may have been an issue deploying the full Storybook
      build.
      at ns2.getStoryIndexFromServer (packages/components/http:/localhost:6007/packages/components/node_modules/.cache/storybook/1c3385a5d25e538d10b518b310c74d3ca2690b6aaffeadccd74da79736171f86/sb-vite/deps/storybook_internal_preview_runtime.js?v=b3da04b4:8624:11)
      at async ns2.initializeWithProjectAnnotations (packages/components/http:/localhost:6007/packages/components/node_modules/.cache/storybook/1c3385a5d25e538d10b518b310c74d3ca2690b6aaffeadccd74da79736171f86/sb-vite/deps/storybook_internal_preview_runtime.js?v=b3da04b4:8606:15)
      at async ns2.initialize (packages/components/http:/localhost:6007/packages/components/node_modules/.cache/storybook/1c3385a5d25e538d10b518b310c74d3ca2690b6aaffeadccd74da79736171f86/sb-vite/deps/storybook_internal_preview_runtime.js?v=b3da04b4:8581:39)

  ● Components/Table › FixedHeaderScroll › smoke-test

    SB_PREVIEW_API_0006 (StoryIndexFetchError): Error fetching `/index.json`:

    Unable to index ./src/Table/EnhancedTable.stories.tsx:
      SyntaxError: Unterminated template. (1467:15)

      at constructor (node_modules/@storybook/core/dist/babel/index.cjs:134900:15)
      at Nv.raise (node_modules/@storybook/core/dist/babel/index.cjs:137217:54)
      at Object.unterminated (node_modules/@storybook/core/dist/babel/index.cjs:136577:22)
      at readStringContents (node_modules/@storybook/core/dist/babel/index.cjs:136355:11)
      at Nv.readTemplateToken (node_modules/@storybook/core/dist/babel/index.cjs:137173:11)
      at Nv.getTokenFromCode (node_modules/@storybook/core/dist/babel/index.cjs:136958:16)
      at Nv.getTokenFromCode (node_modules/@storybook/core/dist/babel/index.cjs:139696:13)
      at Nv.getTokenFromCode (node_modules/@storybook/core/dist/babel/index.cjs:141547:13)
      at Nv.nextToken (node_modules/@storybook/core/dist/babel/index.cjs:136654:12)
      at Nv.next (node_modules/@storybook/core/dist/babel/index.cjs:136586:62)
      at Nv.eat (node_modules/@storybook/core/dist/babel/index.cjs:136589:36)
      at Nv.parseObjectProperty (node_modules/@storybook/core/dist/babel/index.cjs:142655:34)
      at Nv.parseObjPropValue (node_modules/@storybook/core/dist/babel/index.cjs:142671:61)
      at Nv.parseObjPropValue (node_modules/@storybook/core/dist/babel/index.cjs:141367:49)
      at Nv.parsePropertyDefinition (node_modules/@storybook/core/dist/babel/index.cjs:142632:19)
      at Nv.parseObjectLike (node_modules/@storybook/core/dist/babel/index.cjs:142596:57)
      at Nv.parseExprAtom (node_modules/@storybook/core/dist/babel/index.cjs:142302:23)
      at Nv.parseExprAtom (node_modules/@storybook/core/dist/babel/index.cjs:139667:45)
      at Nv.parseExprSubscripts (node_modules/@storybook/core/dist/babel/index.cjs:142149:78)
      at Nv.parseUpdate (node_modules/@storybook/core/dist/babel/index.cjs:142139:45)
      at Nv.parseMaybeUnary (node_modules/@storybook/core/dist/babel/index.cjs:142124:20)
      at Nv.parseMaybeUnary (node_modules/@storybook/core/dist/babel/index.cjs:141419:93)
      at Nv.parseMaybeUnaryOrPrivate (node_modules/@storybook/core/dist/babel/index.cjs:142032:63)
      at Nv.parseExprOps (node_modules/@storybook/core/dist/babel/index.cjs:142035:78)
      at Nv.parseMaybeConditional (node_modules/@storybook/core/dist/babel/index.cjs:142020:78)
      at Nv.parseMaybeAssign (node_modules/@storybook/core/dist/babel/index.cjs:142004:20)
      at Nv.parseMaybeAssign (node_modules/@storybook/core/dist/babel/index.cjs:141392:22)
      at node_modules/@storybook/core/dist/babel/index.cjs:141986:41
      at Nv.allowInAnd (node_modules/@storybook/core/dist/babel/index.cjs:142978:14)
      at Nv.parseMaybeAssignAllowIn (node_modules/@storybook/core/dist/babel/index.cjs:141986:19)
      at Nv.parseObjectProperty (node_modules/@storybook/core/dist/babel/index.cjs:142656:81)
      at Nv.parseObjPropValue (node_modules/@storybook/core/dist/babel/index.cjs:142671:61)
      at Nv.parseObjPropValue (node_modules/@storybook/core/dist/babel/index.cjs:141367:49)
      at Nv.parsePropertyDefinition (node_modules/@storybook/core/dist/babel/index.cjs:142632:19)
      at Nv.parseObjectLike (node_modules/@storybook/core/dist/babel/index.cjs:142596:57)
      at Nv.parseExprAtom (node_modules/@storybook/core/dist/babel/index.cjs:142302:23)
      at Nv.parseExprAtom (node_modules/@storybook/core/dist/babel/index.cjs:139667:45)
      at Nv.parseExprSubscripts (node_modules/@storybook/core/dist/babel/index.cjs:142149:78)
      at Nv.parseUpdate (node_modules/@storybook/core/dist/babel/index.cjs:142139:45)
      at Nv.parseMaybeUnary (node_modules/@storybook/core/dist/babel/index.cjs:142124:20)
      at Nv.parseMaybeUnary (node_modules/@storybook/core/dist/babel/index.cjs:141419:93)
      at Nv.parseMaybeUnaryOrPrivate (node_modules/@storybook/core/dist/babel/index.cjs:142032:63)
      at Nv.parseExprOps (node_modules/@storybook/core/dist/babel/index.cjs:142035:78)
      at Nv.parseMaybeConditional (node_modules/@storybook/core/dist/babel/index.cjs:142020:78)
      at Nv.parseMaybeAssign (node_modules/@storybook/core/dist/babel/index.cjs:142004:20)
      at Nv.parseMaybeAssign (node_modules/@storybook/core/dist/babel/index.cjs:141392:22)
      at node_modules/@storybook/core/dist/babel/index.cjs:141986:41
      at Nv.allowInAnd (node_modules/@storybook/core/dist/babel/index.cjs:142978:14)
      at Nv.parseMaybeAssignAllowIn (node_modules/@storybook/core/dist/babel/index.cjs:141986:19)
      at Nv.parseObjectProperty (node_modules/@storybook/core/dist/babel/index.cjs:142656:81)
      If you are in development, this likely indicates a problem with your Storybook process,
      check the terminal for errors.
      If you are in a deployed Storybook, there may have been an issue deploying the full Storybook
      build.
      at constructor (node_modules/@storybook/core/dist/babel/index.cjs:134900:15)
      at Nv.raise (node_modules/@storybook/core/dist/babel/index.cjs:137217:54)
      at Object.unterminated (node_modules/@storybook/core/dist/babel/index.cjs:136577:22)
      at readStringContents (node_modules/@storybook/core/dist/babel/index.cjs:136355:11)
      at Nv.readTemplateToken (node_modules/@storybook/core/dist/babel/index.cjs:137173:11)
      at Nv.getTokenFromCode (node_modules/@storybook/core/dist/babel/index.cjs:136958:16)
      at Nv.getTokenFromCode (node_modules/@storybook/core/dist/babel/index.cjs:139696:13)
      at Nv.getTokenFromCode (node_modules/@storybook/core/dist/babel/index.cjs:141547:13)
      at Nv.nextToken (node_modules/@storybook/core/dist/babel/index.cjs:136654:12)
      at Nv.next (node_modules/@storybook/core/dist/babel/index.cjs:136586:62)
      at Nv.eat (node_modules/@storybook/core/dist/babel/index.cjs:136589:36)
      at Nv.parseObjectProperty (node_modules/@storybook/core/dist/babel/index.cjs:142655:34)
      at Nv.parseObjPropValue (node_modules/@storybook/core/dist/babel/index.cjs:142671:61)
      at Nv.parseObjPropValue (node_modules/@storybook/core/dist/babel/index.cjs:141367:49)
      at Nv.parsePropertyDefinition (node_modules/@storybook/core/dist/babel/index.cjs:142632:19)
      at Nv.parseObjectLike (node_modules/@storybook/core/dist/babel/index.cjs:142596:57)
      at Nv.parseExprAtom (node_modules/@storybook/core/dist/babel/index.cjs:142302:23)
      at Nv.parseExprAtom (node_modules/@storybook/core/dist/babel/index.cjs:139667:45)
      at Nv.parseExprSubscripts (node_modules/@storybook/core/dist/babel/index.cjs:142149:78)
      at Nv.parseUpdate (node_modules/@storybook/core/dist/babel/index.cjs:142139:45)
      at Nv.parseMaybeUnary (node_modules/@storybook/core/dist/babel/index.cjs:142124:20)
      at Nv.parseMaybeUnary (node_modules/@storybook/core/dist/babel/index.cjs:141419:93)
      at Nv.parseMaybeUnaryOrPrivate (node_modules/@storybook/core/dist/babel/index.cjs:142032:63)
      at Nv.parseExprOps (node_modules/@storybook/core/dist/babel/index.cjs:142035:78)
      at Nv.parseMaybeConditional (node_modules/@storybook/core/dist/babel/index.cjs:142020:78)
      at Nv.parseMaybeAssign (node_modules/@storybook/core/dist/babel/index.cjs:142004:20)
      at Nv.parseMaybeAssign (node_modules/@storybook/core/dist/babel/index.cjs:141392:22)
      at node_modules/@storybook/core/dist/babel/index.cjs:141986:41
      at Nv.allowInAnd (node_modules/@storybook/core/dist/babel/index.cjs:142978:14)
      at Nv.parseMaybeAssignAllowIn (node_modules/@storybook/core/dist/babel/index.cjs:141986:19)
      at Nv.parseObjectProperty (node_modules/@storybook/core/dist/babel/index.cjs:142656:81)
      at Nv.parseObjPropValue (node_modules/@storybook/core/dist/babel/index.cjs:142671:61)
      at Nv.parseObjPropValue (node_modules/@storybook/core/dist/babel/index.cjs:141367:49)
      at Nv.parsePropertyDefinition (node_modules/@storybook/core/dist/babel/index.cjs:142632:19)
      at Nv.parseObjectLike (node_modules/@storybook/core/dist/babel/index.cjs:142596:57)
      at Nv.parseExprAtom (node_modules/@storybook/core/dist/babel/index.cjs:142302:23)
      at Nv.parseExprAtom (node_modules/@storybook/core/dist/babel/index.cjs:139667:45)
      at Nv.parseExprSubscripts (node_modules/@storybook/core/dist/babel/index.cjs:142149:78)
      at Nv.parseUpdate (node_modules/@storybook/core/dist/babel/index.cjs:142139:45)
      at Nv.parseMaybeUnary (node_modules/@storybook/core/dist/babel/index.cjs:142124:20)
      at Nv.parseMaybeUnary (node_modules/@storybook/core/dist/babel/index.cjs:141419:93)
      at Nv.parseMaybeUnaryOrPrivate (node_modules/@storybook/core/dist/babel/index.cjs:142032:63)
      at Nv.parseExprOps (node_modules/@storybook/core/dist/babel/index.cjs:142035:78)
      at Nv.parseMaybeConditional (node_modules/@storybook/core/dist/babel/index.cjs:142020:78)
      at Nv.parseMaybeAssign (node_modules/@storybook/core/dist/babel/index.cjs:142004:20)
      at Nv.parseMaybeAssign (node_modules/@storybook/core/dist/babel/index.cjs:141392:22)
      at node_modules/@storybook/core/dist/babel/index.cjs:141986:41
      at Nv.allowInAnd (node_modules/@storybook/core/dist/babel/index.cjs:142978:14)
      at Nv.parseMaybeAssignAllowIn (node_modules/@storybook/core/dist/babel/index.cjs:141986:19)
      at Nv.parseObjectProperty (node_modules/@storybook/core/dist/babel/index.cjs:142656:81)
      If you are in development, this likely indicates a problem with your Storybook process,
      check the terminal for errors.
      If you are in a deployed Storybook, there may have been an issue deploying the full Storybook
      build.
      at ns2.getStoryIndexFromServer (packages/components/http:/localhost:6007/packages/components/node_modules/.cache/storybook/1c3385a5d25e538d10b518b310c74d3ca2690b6aaffeadccd74da79736171f86/sb-vite/deps/storybook_internal_preview_runtime.js?v=b3da04b4:8624:11)
      at async ns2.onStoryIndexChanged (packages/components/http:/localhost:6007/packages/components/node_modules/.cache/storybook/1c3385a5d25e538d10b518b310c74d3ca2690b6aaffeadccd74da79736171f86/sb-vite/deps/storybook_internal_preview_runtime.js?v=b3da04b4:8664:17)

  ● Components/Table › FixedHeaderScroll › smoke-test

    SB_PREVIEW_API_0006 (StoryIndexFetchError): Error fetching `/index.json`:

    Unable to index ./src/Table/EnhancedTable.stories.tsx:
      SyntaxError: Unterminated template. (1467:15)

      at constructor (node_modules/@storybook/core/dist/babel/index.cjs:134900:15)
      at Nv.raise (node_modules/@storybook/core/dist/babel/index.cjs:137217:54)
      at Object.unterminated (node_modules/@storybook/core/dist/babel/index.cjs:136577:22)
      at readStringContents (node_modules/@storybook/core/dist/babel/index.cjs:136355:11)
      at Nv.readTemplateToken (node_modules/@storybook/core/dist/babel/index.cjs:137173:11)
      at Nv.getTokenFromCode (node_modules/@storybook/core/dist/babel/index.cjs:136958:16)
      at Nv.getTokenFromCode (node_modules/@storybook/core/dist/babel/index.cjs:139696:13)
      at Nv.getTokenFromCode (node_modules/@storybook/core/dist/babel/index.cjs:141547:13)
      at Nv.nextToken (node_modules/@storybook/core/dist/babel/index.cjs:136654:12)
      at Nv.next (node_modules/@storybook/core/dist/babel/index.cjs:136586:62)
      at Nv.eat (node_modules/@storybook/core/dist/babel/index.cjs:136589:36)
      at Nv.parseObjectProperty (node_modules/@storybook/core/dist/babel/index.cjs:142655:34)
      at Nv.parseObjPropValue (node_modules/@storybook/core/dist/babel/index.cjs:142671:61)
      at Nv.parseObjPropValue (node_modules/@storybook/core/dist/babel/index.cjs:141367:49)
      at Nv.parsePropertyDefinition (node_modules/@storybook/core/dist/babel/index.cjs:142632:19)
      at Nv.parseObjectLike (node_modules/@storybook/core/dist/babel/index.cjs:142596:57)
      at Nv.parseExprAtom (node_modules/@storybook/core/dist/babel/index.cjs:142302:23)
      at Nv.parseExprAtom (node_modules/@storybook/core/dist/babel/index.cjs:139667:45)
      at Nv.parseExprSubscripts (node_modules/@storybook/core/dist/babel/index.cjs:142149:78)
      at Nv.parseUpdate (node_modules/@storybook/core/dist/babel/index.cjs:142139:45)
      at Nv.parseMaybeUnary (node_modules/@storybook/core/dist/babel/index.cjs:142124:20)
      at Nv.parseMaybeUnary (node_modules/@storybook/core/dist/babel/index.cjs:141419:93)
      at Nv.parseMaybeUnaryOrPrivate (node_modules/@storybook/core/dist/babel/index.cjs:142032:63)
      at Nv.parseExprOps (node_modules/@storybook/core/dist/babel/index.cjs:142035:78)
      at Nv.parseMaybeConditional (node_modules/@storybook/core/dist/babel/index.cjs:142020:78)
      at Nv.parseMaybeAssign (node_modules/@storybook/core/dist/babel/index.cjs:142004:20)
      at Nv.parseMaybeAssign (node_modules/@storybook/core/dist/babel/index.cjs:141392:22)
      at node_modules/@storybook/core/dist/babel/index.cjs:141986:41
      at Nv.allowInAnd (node_modules/@storybook/core/dist/babel/index.cjs:142978:14)
      at Nv.parseMaybeAssignAllowIn (node_modules/@storybook/core/dist/babel/index.cjs:141986:19)
      at Nv.parseObjectProperty (node_modules/@storybook/core/dist/babel/index.cjs:142656:81)
      at Nv.parseObjPropValue (node_modules/@storybook/core/dist/babel/index.cjs:142671:61)
      at Nv.parseObjPropValue (node_modules/@storybook/core/dist/babel/index.cjs:141367:49)
      at Nv.parsePropertyDefinition (node_modules/@storybook/core/dist/babel/index.cjs:142632:19)
      at Nv.parseObjectLike (node_modules/@storybook/core/dist/babel/index.cjs:142596:57)
      at Nv.parseExprAtom (node_modules/@storybook/core/dist/babel/index.cjs:142302:23)
      at Nv.parseExprAtom (node_modules/@storybook/core/dist/babel/index.cjs:139667:45)
      at Nv.parseExprSubscripts (node_modules/@storybook/core/dist/babel/index.cjs:142149:78)
      at Nv.parseUpdate (node_modules/@storybook/core/dist/babel/index.cjs:142139:45)
      at Nv.parseMaybeUnary (node_modules/@storybook/core/dist/babel/index.cjs:142124:20)
      at Nv.parseMaybeUnary (node_modules/@storybook/core/dist/babel/index.cjs:141419:93)
      at Nv.parseMaybeUnaryOrPrivate (node_modules/@storybook/core/dist/babel/index.cjs:142032:63)
      at Nv.parseExprOps (node_modules/@storybook/core/dist/babel/index.cjs:142035:78)
      at Nv.parseMaybeConditional (node_modules/@storybook/core/dist/babel/index.cjs:142020:78)
      at Nv.parseMaybeAssign (node_modules/@storybook/core/dist/babel/index.cjs:142004:20)
      at Nv.parseMaybeAssign (node_modules/@storybook/core/dist/babel/index.cjs:141392:22)
      at node_modules/@storybook/core/dist/babel/index.cjs:141986:41
      at Nv.allowInAnd (node_modules/@storybook/core/dist/babel/index.cjs:142978:14)
      at Nv.parseMaybeAssignAllowIn (node_modules/@storybook/core/dist/babel/index.cjs:141986:19)
      at Nv.parseObjectProperty (node_modules/@storybook/core/dist/babel/index.cjs:142656:81)
      If you are in development, this likely indicates a problem with your Storybook process,
      check the terminal for errors.
      If you are in a deployed Storybook, there may have been an issue deploying the full Storybook
      build.
      at constructor (node_modules/@storybook/core/dist/babel/index.cjs:134900:15)
      at Nv.raise (node_modules/@storybook/core/dist/babel/index.cjs:137217:54)
      at Object.unterminated (node_modules/@storybook/core/dist/babel/index.cjs:136577:22)
      at readStringContents (node_modules/@storybook/core/dist/babel/index.cjs:136355:11)
      at Nv.readTemplateToken (node_modules/@storybook/core/dist/babel/index.cjs:137173:11)
      at Nv.getTokenFromCode (node_modules/@storybook/core/dist/babel/index.cjs:136958:16)
      at Nv.getTokenFromCode (node_modules/@storybook/core/dist/babel/index.cjs:139696:13)
      at Nv.getTokenFromCode (node_modules/@storybook/core/dist/babel/index.cjs:141547:13)
      at Nv.nextToken (node_modules/@storybook/core/dist/babel/index.cjs:136654:12)
      at Nv.next (node_modules/@storybook/core/dist/babel/index.cjs:136586:62)
      at Nv.eat (node_modules/@storybook/core/dist/babel/index.cjs:136589:36)
      at Nv.parseObjectProperty (node_modules/@storybook/core/dist/babel/index.cjs:142655:34)
      at Nv.parseObjPropValue (node_modules/@storybook/core/dist/babel/index.cjs:142671:61)
      at Nv.parseObjPropValue (node_modules/@storybook/core/dist/babel/index.cjs:141367:49)
      at Nv.parsePropertyDefinition (node_modules/@storybook/core/dist/babel/index.cjs:142632:19)
      at Nv.parseObjectLike (node_modules/@storybook/core/dist/babel/index.cjs:142596:57)
      at Nv.parseExprAtom (node_modules/@storybook/core/dist/babel/index.cjs:142302:23)
      at Nv.parseExprAtom (node_modules/@storybook/core/dist/babel/index.cjs:139667:45)
      at Nv.parseExprSubscripts (node_modules/@storybook/core/dist/babel/index.cjs:142149:78)
      at Nv.parseUpdate (node_modules/@storybook/core/dist/babel/index.cjs:142139:45)
      at Nv.parseMaybeUnary (node_modules/@storybook/core/dist/babel/index.cjs:142124:20)
      at Nv.parseMaybeUnary (node_modules/@storybook/core/dist/babel/index.cjs:141419:93)
      at Nv.parseMaybeUnaryOrPrivate (node_modules/@storybook/core/dist/babel/index.cjs:142032:63)
      at Nv.parseExprOps (node_modules/@storybook/core/dist/babel/index.cjs:142035:78)
      at Nv.parseMaybeConditional (node_modules/@storybook/core/dist/babel/index.cjs:142020:78)
      at Nv.parseMaybeAssign (node_modules/@storybook/core/dist/babel/index.cjs:142004:20)
      at Nv.parseMaybeAssign (node_modules/@storybook/core/dist/babel/index.cjs:141392:22)
      at node_modules/@storybook/core/dist/babel/index.cjs:141986:41
      at Nv.allowInAnd (node_modules/@storybook/core/dist/babel/index.cjs:142978:14)
      at Nv.parseMaybeAssignAllowIn (node_modules/@storybook/core/dist/babel/index.cjs:141986:19)
      at Nv.parseObjectProperty (node_modules/@storybook/core/dist/babel/index.cjs:142656:81)
      at Nv.parseObjPropValue (node_modules/@storybook/core/dist/babel/index.cjs:142671:61)
      at Nv.parseObjPropValue (node_modules/@storybook/core/dist/babel/index.cjs:141367:49)
      at Nv.parsePropertyDefinition (node_modules/@storybook/core/dist/babel/index.cjs:142632:19)
      at Nv.parseObjectLike (node_modules/@storybook/core/dist/babel/index.cjs:142596:57)
      at Nv.parseExprAtom (node_modules/@storybook/core/dist/babel/index.cjs:142302:23)
      at Nv.parseExprAtom (node_modules/@storybook/core/dist/babel/index.cjs:139667:45)
      at Nv.parseExprSubscripts (node_modules/@storybook/core/dist/babel/index.cjs:142149:78)
      at Nv.parseUpdate (node_modules/@storybook/core/dist/babel/index.cjs:142139:45)
      at Nv.parseMaybeUnary (node_modules/@storybook/core/dist/babel/index.cjs:142124:20)
      at Nv.parseMaybeUnary (node_modules/@storybook/core/dist/babel/index.cjs:141419:93)
      at Nv.parseMaybeUnaryOrPrivate (node_modules/@storybook/core/dist/babel/index.cjs:142032:63)
      at Nv.parseExprOps (node_modules/@storybook/core/dist/babel/index.cjs:142035:78)
      at Nv.parseMaybeConditional (node_modules/@storybook/core/dist/babel/index.cjs:142020:78)
      at Nv.parseMaybeAssign (node_modules/@storybook/core/dist/babel/index.cjs:142004:20)
      at Nv.parseMaybeAssign (node_modules/@storybook/core/dist/babel/index.cjs:141392:22)
      at node_modules/@storybook/core/dist/babel/index.cjs:141986:41
      at Nv.allowInAnd (node_modules/@storybook/core/dist/babel/index.cjs:142978:14)
      at Nv.parseMaybeAssignAllowIn (node_modules/@storybook/core/dist/babel/index.cjs:141986:19)
      at Nv.parseObjectProperty (node_modules/@storybook/core/dist/babel/index.cjs:142656:81)
      If you are in development, this likely indicates a problem with your Storybook process,
      check the terminal for errors.
      If you are in a deployed Storybook, there may have been an issue deploying the full Storybook
      build.
      at ns2.getStoryIndexFromServer (packages/components/http:/localhost:6007/packages/components/node_modules/.cache/storybook/1c3385a5d25e538d10b518b310c74d3ca2690b6aaffeadccd74da79736171f86/sb-vite/deps/storybook_internal_preview_runtime.js?v=b3da04b4:8624:11)
      at async ns2.onStoryIndexChanged (packages/components/http:/localhost:6007/packages/components/node_modules/.cache/storybook/1c3385a5d25e538d10b518b310c74d3ca2690b6aaffeadccd74da79736171f86/sb-vite/deps/storybook_internal_preview_runtime.js?v=b3da04b4:8664:17)

  ● Components/Table › FixedHeaderScroll › smoke-test

    SB_PREVIEW_API_0005 (CalledPreviewMethodBeforeInitializationError): Called `Preview.onStoriesChanged()` before initialization.

    The preview needs to load the story index before most methods can be called. If you want
    to call `onStoriesChanged`, try `await preview.initializationPromise;` first.

    If you didn't call the above code, then likely it was called by an addon that needs to
    do the above.

      at ns2.onStoriesChanged (packages/components/http:/localhost:6007/packages/components/node_modules/.cache/storybook/1c3385a5d25e538d10b518b310c74d3ca2690b6aaffeadccd74da79736171f86/sb-vite/deps/storybook_internal_preview_runtime.js?v=b3da04b4:8680:13)
      at ns2.onStoriesChanged (packages/components/http:/localhost:6007/packages/components/node_modules/.cache/storybook/1c3385a5d25e538d10b518b310c74d3ca2690b6aaffeadccd74da79736171f86/sb-vite/deps/storybook_internal_preview_runtime.js?v=b3da04b4:9171:17)
      at packages/components/http:/localhost:6007/@id/__x00__virtual:/@storybook/builder-vite/vite-app.js:39:35
      at packages/components/http:/localhost:6007/@vite/client:36:52
      at packages/components/http:/localhost:6007/@vite/client:213:11
      at packages/components/http:/localhost:6007/@vite/client:186:58
          at Array.forEach (<anonymous>)
      at HMRClient.queueUpdate (packages/components/http:/localhost:6007/@vite/client:186:36)
          at async Promise.all (index 0)
      at async handleMessage (packages/components/http:/localhost:6007/@vite/client:927:7)

  ● Components/Table › FixedHeaderScroll › smoke-test

    thrown: "Exceeded timeout of 30000 ms for a test.
    Add a timeout value to this test to increase the timeout, if this is a long-running test. See https://jestjs.io/docs/api#testname-fn-timeout."

      275 |     department: 'Support',
      276 |     status: 'Active',
    > 277 |     salary: 85000,
          |             ^
      278 |     avatar: 'https://i.pravatar.cc/32?img=20',
      279 |   },
      280 | ];

      at packages/components/src/Table/TableComponent.stories.tsx:277:13
      at packages/components/src/Table/TableComponent.stories.tsx:276:9
      at Object.<anonymous> (packages/components/src/Table/TableComponent.stories.tsx:128:5)

  ● Components/Table › Loading › smoke-test

    SB_PREVIEW_API_0006 (StoryIndexFetchError): Error fetching `/index.json`:

    Unable to index ./src/Table/EnhancedTable.stories.tsx:
      SyntaxError: Expecting Unicode escape sequence \uXXXX. (1467:15)

      at constructor (node_modules/@storybook/core/dist/babel/index.cjs:134900:15)
      at Nv.raise (node_modules/@storybook/core/dist/babel/index.cjs:137217:54)
      at Nv.readWord1 (node_modules/@storybook/core/dist/babel/index.cjs:137193:18)
      at Nv.readWord (node_modules/@storybook/core/dist/babel/index.cjs:137205:20)
      at Nv.getTokenFromCode (node_modules/@storybook/core/dist/babel/index.cjs:137028:16)
      at Nv.getTokenFromCode (node_modules/@storybook/core/dist/babel/index.cjs:139696:13)
      at Nv.getTokenFromCode (node_modules/@storybook/core/dist/babel/index.cjs:141547:13)
      at Nv.nextToken (node_modules/@storybook/core/dist/babel/index.cjs:136654:12)
      at Nv.next (node_modules/@storybook/core/dist/babel/index.cjs:136586:62)
      at Nv.eat (node_modules/@storybook/core/dist/babel/index.cjs:136589:36)
      at Nv.parseObjectProperty (node_modules/@storybook/core/dist/babel/index.cjs:142655:34)
      at Nv.parseObjPropValue (node_modules/@storybook/core/dist/babel/index.cjs:142671:61)
      at Nv.parseObjPropValue (node_modules/@storybook/core/dist/babel/index.cjs:141367:49)
      at Nv.parsePropertyDefinition (node_modules/@storybook/core/dist/babel/index.cjs:142632:19)
      at Nv.parseObjectLike (node_modules/@storybook/core/dist/babel/index.cjs:142596:57)
      at Nv.parseExprAtom (node_modules/@storybook/core/dist/babel/index.cjs:142302:23)
      at Nv.parseExprAtom (node_modules/@storybook/core/dist/babel/index.cjs:139667:45)
      at Nv.parseExprSubscripts (node_modules/@storybook/core/dist/babel/index.cjs:142149:78)
      at Nv.parseUpdate (node_modules/@storybook/core/dist/babel/index.cjs:142139:45)
      at Nv.parseMaybeUnary (node_modules/@storybook/core/dist/babel/index.cjs:142124:20)
      at Nv.parseMaybeUnary (node_modules/@storybook/core/dist/babel/index.cjs:141419:93)
      at Nv.parseMaybeUnaryOrPrivate (node_modules/@storybook/core/dist/babel/index.cjs:142032:63)
      at Nv.parseExprOps (node_modules/@storybook/core/dist/babel/index.cjs:142035:78)
      at Nv.parseMaybeConditional (node_modules/@storybook/core/dist/babel/index.cjs:142020:78)
      at Nv.parseMaybeAssign (node_modules/@storybook/core/dist/babel/index.cjs:142004:20)
      at Nv.parseMaybeAssign (node_modules/@storybook/core/dist/babel/index.cjs:141392:22)
      at node_modules/@storybook/core/dist/babel/index.cjs:141986:41
      at Nv.allowInAnd (node_modules/@storybook/core/dist/babel/index.cjs:142978:14)
      at Nv.parseMaybeAssignAllowIn (node_modules/@storybook/core/dist/babel/index.cjs:141986:19)
      at Nv.parseObjectProperty (node_modules/@storybook/core/dist/babel/index.cjs:142656:81)
      at Nv.parseObjPropValue (node_modules/@storybook/core/dist/babel/index.cjs:142671:61)
      at Nv.parseObjPropValue (node_modules/@storybook/core/dist/babel/index.cjs:141367:49)
      at Nv.parsePropertyDefinition (node_modules/@storybook/core/dist/babel/index.cjs:142632:19)
      at Nv.parseObjectLike (node_modules/@storybook/core/dist/babel/index.cjs:142596:57)
      at Nv.parseExprAtom (node_modules/@storybook/core/dist/babel/index.cjs:142302:23)
      at Nv.parseExprAtom (node_modules/@storybook/core/dist/babel/index.cjs:139667:45)
      at Nv.parseExprSubscripts (node_modules/@storybook/core/dist/babel/index.cjs:142149:78)
      at Nv.parseUpdate (node_modules/@storybook/core/dist/babel/index.cjs:142139:45)
      at Nv.parseMaybeUnary (node_modules/@storybook/core/dist/babel/index.cjs:142124:20)
      at Nv.parseMaybeUnary (node_modules/@storybook/core/dist/babel/index.cjs:141419:93)
      at Nv.parseMaybeUnaryOrPrivate (node_modules/@storybook/core/dist/babel/index.cjs:142032:63)
      at Nv.parseExprOps (node_modules/@storybook/core/dist/babel/index.cjs:142035:78)
      at Nv.parseMaybeConditional (node_modules/@storybook/core/dist/babel/index.cjs:142020:78)
      at Nv.parseMaybeAssign (node_modules/@storybook/core/dist/babel/index.cjs:142004:20)
      at Nv.parseMaybeAssign (node_modules/@storybook/core/dist/babel/index.cjs:141392:22)
      at node_modules/@storybook/core/dist/babel/index.cjs:141986:41
      at Nv.allowInAnd (node_modules/@storybook/core/dist/babel/index.cjs:142978:14)
      at Nv.parseMaybeAssignAllowIn (node_modules/@storybook/core/dist/babel/index.cjs:141986:19)
      at Nv.parseObjectProperty (node_modules/@storybook/core/dist/babel/index.cjs:142656:81)
      at Nv.parseObjPropValue (node_modules/@storybook/core/dist/babel/index.cjs:142671:61)
      If you are in development, this likely indicates a problem with your Storybook process,
      check the terminal for errors.
      If you are in a deployed Storybook, there may have been an issue deploying the full Storybook
      build.
      at constructor (node_modules/@storybook/core/dist/babel/index.cjs:134900:15)
      at Nv.raise (node_modules/@storybook/core/dist/babel/index.cjs:137217:54)
      at Nv.readWord1 (node_modules/@storybook/core/dist/babel/index.cjs:137193:18)
      at Nv.readWord (node_modules/@storybook/core/dist/babel/index.cjs:137205:20)
      at Nv.getTokenFromCode (node_modules/@storybook/core/dist/babel/index.cjs:137028:16)
      at Nv.getTokenFromCode (node_modules/@storybook/core/dist/babel/index.cjs:139696:13)
      at Nv.getTokenFromCode (node_modules/@storybook/core/dist/babel/index.cjs:141547:13)
      at Nv.nextToken (node_modules/@storybook/core/dist/babel/index.cjs:136654:12)
      at Nv.next (node_modules/@storybook/core/dist/babel/index.cjs:136586:62)
      at Nv.eat (node_modules/@storybook/core/dist/babel/index.cjs:136589:36)
      at Nv.parseObjectProperty (node_modules/@storybook/core/dist/babel/index.cjs:142655:34)
      at Nv.parseObjPropValue (node_modules/@storybook/core/dist/babel/index.cjs:142671:61)
      at Nv.parseObjPropValue (node_modules/@storybook/core/dist/babel/index.cjs:141367:49)
      at Nv.parsePropertyDefinition (node_modules/@storybook/core/dist/babel/index.cjs:142632:19)
      at Nv.parseObjectLike (node_modules/@storybook/core/dist/babel/index.cjs:142596:57)
      at Nv.parseExprAtom (node_modules/@storybook/core/dist/babel/index.cjs:142302:23)
      at Nv.parseExprAtom (node_modules/@storybook/core/dist/babel/index.cjs:139667:45)
      at Nv.parseExprSubscripts (node_modules/@storybook/core/dist/babel/index.cjs:142149:78)
      at Nv.parseUpdate (node_modules/@storybook/core/dist/babel/index.cjs:142139:45)
      at Nv.parseMaybeUnary (node_modules/@storybook/core/dist/babel/index.cjs:142124:20)
      at Nv.parseMaybeUnary (node_modules/@storybook/core/dist/babel/index.cjs:141419:93)
      at Nv.parseMaybeUnaryOrPrivate (node_modules/@storybook/core/dist/babel/index.cjs:142032:63)
      at Nv.parseExprOps (node_modules/@storybook/core/dist/babel/index.cjs:142035:78)
      at Nv.parseMaybeConditional (node_modules/@storybook/core/dist/babel/index.cjs:142020:78)
      at Nv.parseMaybeAssign (node_modules/@storybook/core/dist/babel/index.cjs:142004:20)
      at Nv.parseMaybeAssign (node_modules/@storybook/core/dist/babel/index.cjs:141392:22)
      at node_modules/@storybook/core/dist/babel/index.cjs:141986:41
      at Nv.allowInAnd (node_modules/@storybook/core/dist/babel/index.cjs:142978:14)
      at Nv.parseMaybeAssignAllowIn (node_modules/@storybook/core/dist/babel/index.cjs:141986:19)
      at Nv.parseObjectProperty (node_modules/@storybook/core/dist/babel/index.cjs:142656:81)
      at Nv.parseObjPropValue (node_modules/@storybook/core/dist/babel/index.cjs:142671:61)
      at Nv.parseObjPropValue (node_modules/@storybook/core/dist/babel/index.cjs:141367:49)
      at Nv.parsePropertyDefinition (node_modules/@storybook/core/dist/babel/index.cjs:142632:19)
      at Nv.parseObjectLike (node_modules/@storybook/core/dist/babel/index.cjs:142596:57)
      at Nv.parseExprAtom (node_modules/@storybook/core/dist/babel/index.cjs:142302:23)
      at Nv.parseExprAtom (node_modules/@storybook/core/dist/babel/index.cjs:139667:45)
      at Nv.parseExprSubscripts (node_modules/@storybook/core/dist/babel/index.cjs:142149:78)
      at Nv.parseUpdate (node_modules/@storybook/core/dist/babel/index.cjs:142139:45)
      at Nv.parseMaybeUnary (node_modules/@storybook/core/dist/babel/index.cjs:142124:20)
      at Nv.parseMaybeUnary (node_modules/@storybook/core/dist/babel/index.cjs:141419:93)
      at Nv.parseMaybeUnaryOrPrivate (node_modules/@storybook/core/dist/babel/index.cjs:142032:63)
      at Nv.parseExprOps (node_modules/@storybook/core/dist/babel/index.cjs:142035:78)
      at Nv.parseMaybeConditional (node_modules/@storybook/core/dist/babel/index.cjs:142020:78)
      at Nv.parseMaybeAssign (node_modules/@storybook/core/dist/babel/index.cjs:142004:20)
      at Nv.parseMaybeAssign (node_modules/@storybook/core/dist/babel/index.cjs:141392:22)
      at node_modules/@storybook/core/dist/babel/index.cjs:141986:41
      at Nv.allowInAnd (node_modules/@storybook/core/dist/babel/index.cjs:142978:14)
      at Nv.parseMaybeAssignAllowIn (node_modules/@storybook/core/dist/babel/index.cjs:141986:19)
      at Nv.parseObjectProperty (node_modules/@storybook/core/dist/babel/index.cjs:142656:81)
      at Nv.parseObjPropValue (node_modules/@storybook/core/dist/babel/index.cjs:142671:61)
      If you are in development, this likely indicates a problem with your Storybook process,
      check the terminal for errors.
      If you are in a deployed Storybook, there may have been an issue deploying the full Storybook
      build.
      at ns2.getStoryIndexFromServer (packages/components/http:/localhost:6007/packages/components/node_modules/.cache/storybook/1c3385a5d25e538d10b518b310c74d3ca2690b6aaffeadccd74da79736171f86/sb-vite/deps/storybook_internal_preview_runtime.js?v=b3da04b4:8624:11)
      at async ns2.initializeWithProjectAnnotations (packages/components/http:/localhost:6007/packages/components/node_modules/.cache/storybook/1c3385a5d25e538d10b518b310c74d3ca2690b6aaffeadccd74da79736171f86/sb-vite/deps/storybook_internal_preview_runtime.js?v=b3da04b4:8606:15)
      at async ns2.initialize (packages/components/http:/localhost:6007/packages/components/node_modules/.cache/storybook/1c3385a5d25e538d10b518b310c74d3ca2690b6aaffeadccd74da79736171f86/sb-vite/deps/storybook_internal_preview_runtime.js?v=b3da04b4:8581:39)

  ● Components/Table › Loading › smoke-test

    page.evaluate: Error: Axe is already running. Use `await axe.run()` to wait for the previous run to finish before starting a new run.

      at E (eval at <anonymous> (eval at evaluate (:311:30))packages/components/, <anonymous>:12:93952)
      at axe.run (eval at <anonymous> (eval at evaluate (:311:30))packages/components/, <anonymous>:12:473583)
      at eval (eval at evaluate (:311:30)packages/components/, <anonymous>:2:27)
      at UtilityScript.evaluate (packages/components/<anonymous>:313:16)
      at UtilityScript.<anonymous> (packages/components/<anonymous>:1:44)
      at node_modules/axe-playwright/dist/index.js:74:31
      at node_modules/axe-playwright/dist/index.js:31:71
      at Object.<anonymous>.__awaiter (node_modules/axe-playwright/dist/index.js:27:12)
      at getAxeResults (node_modules/axe-playwright/dist/index.js:73:51)
      at node_modules/axe-playwright/dist/index.js:87:52
      at node_modules/axe-playwright/dist/index.js:31:71
      at Object.<anonymous>.__awaiter (node_modules/axe-playwright/dist/index.js:27:12)
      at getViolations (node_modules/axe-playwright/dist/index.js:86:51)
      at node_modules/axe-playwright/dist/index.js:111:56
      at node_modules/axe-playwright/dist/index.js:31:71
      at Object.<anonymous>.__awaiter (node_modules/axe-playwright/dist/index.js:27:12)
      at checkA11y (node_modules/axe-playwright/dist/index.js:109:42)
      at postVisit (.storybook/test-runner.ts:13:20)
      at packages/components/src/Table/TableComponent.stories.tsx:470:68
      at step (packages/components/src/Table/TableComponent.stories.tsx:110:23)
      at Object.<anonymous> (packages/components/src/Table/TableComponent.stories.tsx:51:20)
      at asyncGeneratorStep (packages/components/src/Table/TableComponent.stories.tsx:4:28)
      at _next (packages/components/src/Table/TableComponent.stories.tsx:19:17)

  ● Components/Table › CustomToolbar › smoke-test

    SB_PREVIEW_API_0006 (StoryIndexFetchError): Error fetching `/index.json`:

    Unable to index ./src/Table/EnhancedTable.stories.tsx:
      SyntaxError: Expecting Unicode escape sequence \uXXXX. (1467:15)

      at constructor (node_modules/@storybook/core/dist/babel/index.cjs:134900:15)
      at Nv.raise (node_modules/@storybook/core/dist/babel/index.cjs:137217:54)
      at Nv.readWord1 (node_modules/@storybook/core/dist/babel/index.cjs:137193:18)
      at Nv.readWord (node_modules/@storybook/core/dist/babel/index.cjs:137205:20)
      at Nv.getTokenFromCode (node_modules/@storybook/core/dist/babel/index.cjs:137028:16)
      at Nv.getTokenFromCode (node_modules/@storybook/core/dist/babel/index.cjs:139696:13)
      at Nv.getTokenFromCode (node_modules/@storybook/core/dist/babel/index.cjs:141547:13)
      at Nv.nextToken (node_modules/@storybook/core/dist/babel/index.cjs:136654:12)
      at Nv.next (node_modules/@storybook/core/dist/babel/index.cjs:136586:62)
      at Nv.eat (node_modules/@storybook/core/dist/babel/index.cjs:136589:36)
      at Nv.parseObjectProperty (node_modules/@storybook/core/dist/babel/index.cjs:142655:34)
      at Nv.parseObjPropValue (node_modules/@storybook/core/dist/babel/index.cjs:142671:61)
      at Nv.parseObjPropValue (node_modules/@storybook/core/dist/babel/index.cjs:141367:49)
      at Nv.parsePropertyDefinition (node_modules/@storybook/core/dist/babel/index.cjs:142632:19)
      at Nv.parseObjectLike (node_modules/@storybook/core/dist/babel/index.cjs:142596:57)
      at Nv.parseExprAtom (node_modules/@storybook/core/dist/babel/index.cjs:142302:23)
      at Nv.parseExprAtom (node_modules/@storybook/core/dist/babel/index.cjs:139667:45)
      at Nv.parseExprSubscripts (node_modules/@storybook/core/dist/babel/index.cjs:142149:78)
      at Nv.parseUpdate (node_modules/@storybook/core/dist/babel/index.cjs:142139:45)
      at Nv.parseMaybeUnary (node_modules/@storybook/core/dist/babel/index.cjs:142124:20)
      at Nv.parseMaybeUnary (node_modules/@storybook/core/dist/babel/index.cjs:141419:93)
      at Nv.parseMaybeUnaryOrPrivate (node_modules/@storybook/core/dist/babel/index.cjs:142032:63)
      at Nv.parseExprOps (node_modules/@storybook/core/dist/babel/index.cjs:142035:78)
      at Nv.parseMaybeConditional (node_modules/@storybook/core/dist/babel/index.cjs:142020:78)
      at Nv.parseMaybeAssign (node_modules/@storybook/core/dist/babel/index.cjs:142004:20)
      at Nv.parseMaybeAssign (node_modules/@storybook/core/dist/babel/index.cjs:141392:22)
      at node_modules/@storybook/core/dist/babel/index.cjs:141986:41
      at Nv.allowInAnd (node_modules/@storybook/core/dist/babel/index.cjs:142978:14)
      at Nv.parseMaybeAssignAllowIn (node_modules/@storybook/core/dist/babel/index.cjs:141986:19)
      at Nv.parseObjectProperty (node_modules/@storybook/core/dist/babel/index.cjs:142656:81)
      at Nv.parseObjPropValue (node_modules/@storybook/core/dist/babel/index.cjs:142671:61)
      at Nv.parseObjPropValue (node_modules/@storybook/core/dist/babel/index.cjs:141367:49)
      at Nv.parsePropertyDefinition (node_modules/@storybook/core/dist/babel/index.cjs:142632:19)
      at Nv.parseObjectLike (node_modules/@storybook/core/dist/babel/index.cjs:142596:57)
      at Nv.parseExprAtom (node_modules/@storybook/core/dist/babel/index.cjs:142302:23)
      at Nv.parseExprAtom (node_modules/@storybook/core/dist/babel/index.cjs:139667:45)
      at Nv.parseExprSubscripts (node_modules/@storybook/core/dist/babel/index.cjs:142149:78)
      at Nv.parseUpdate (node_modules/@storybook/core/dist/babel/index.cjs:142139:45)
      at Nv.parseMaybeUnary (node_modules/@storybook/core/dist/babel/index.cjs:142124:20)
      at Nv.parseMaybeUnary (node_modules/@storybook/core/dist/babel/index.cjs:141419:93)
      at Nv.parseMaybeUnaryOrPrivate (node_modules/@storybook/core/dist/babel/index.cjs:142032:63)
      at Nv.parseExprOps (node_modules/@storybook/core/dist/babel/index.cjs:142035:78)
      at Nv.parseMaybeConditional (node_modules/@storybook/core/dist/babel/index.cjs:142020:78)
      at Nv.parseMaybeAssign (node_modules/@storybook/core/dist/babel/index.cjs:142004:20)
      at Nv.parseMaybeAssign (node_modules/@storybook/core/dist/babel/index.cjs:141392:22)
      at node_modules/@storybook/core/dist/babel/index.cjs:141986:41
      at Nv.allowInAnd (node_modules/@storybook/core/dist/babel/index.cjs:142978:14)
      at Nv.parseMaybeAssignAllowIn (node_modules/@storybook/core/dist/babel/index.cjs:141986:19)
      at Nv.parseObjectProperty (node_modules/@storybook/core/dist/babel/index.cjs:142656:81)
      at Nv.parseObjPropValue (node_modules/@storybook/core/dist/babel/index.cjs:142671:61)
      If you are in development, this likely indicates a problem with your Storybook process,
      check the terminal for errors.
      If you are in a deployed Storybook, there may have been an issue deploying the full Storybook
      build.
      at constructor (node_modules/@storybook/core/dist/babel/index.cjs:134900:15)
      at Nv.raise (node_modules/@storybook/core/dist/babel/index.cjs:137217:54)
      at Nv.readWord1 (node_modules/@storybook/core/dist/babel/index.cjs:137193:18)
      at Nv.readWord (node_modules/@storybook/core/dist/babel/index.cjs:137205:20)
      at Nv.getTokenFromCode (node_modules/@storybook/core/dist/babel/index.cjs:137028:16)
      at Nv.getTokenFromCode (node_modules/@storybook/core/dist/babel/index.cjs:139696:13)
      at Nv.getTokenFromCode (node_modules/@storybook/core/dist/babel/index.cjs:141547:13)
      at Nv.nextToken (node_modules/@storybook/core/dist/babel/index.cjs:136654:12)
      at Nv.next (node_modules/@storybook/core/dist/babel/index.cjs:136586:62)
      at Nv.eat (node_modules/@storybook/core/dist/babel/index.cjs:136589:36)
      at Nv.parseObjectProperty (node_modules/@storybook/core/dist/babel/index.cjs:142655:34)
      at Nv.parseObjPropValue (node_modules/@storybook/core/dist/babel/index.cjs:142671:61)
      at Nv.parseObjPropValue (node_modules/@storybook/core/dist/babel/index.cjs:141367:49)
      at Nv.parsePropertyDefinition (node_modules/@storybook/core/dist/babel/index.cjs:142632:19)
      at Nv.parseObjectLike (node_modules/@storybook/core/dist/babel/index.cjs:142596:57)
      at Nv.parseExprAtom (node_modules/@storybook/core/dist/babel/index.cjs:142302:23)
      at Nv.parseExprAtom (node_modules/@storybook/core/dist/babel/index.cjs:139667:45)
      at Nv.parseExprSubscripts (node_modules/@storybook/core/dist/babel/index.cjs:142149:78)
      at Nv.parseUpdate (node_modules/@storybook/core/dist/babel/index.cjs:142139:45)
      at Nv.parseMaybeUnary (node_modules/@storybook/core/dist/babel/index.cjs:142124:20)
      at Nv.parseMaybeUnary (node_modules/@storybook/core/dist/babel/index.cjs:141419:93)
      at Nv.parseMaybeUnaryOrPrivate (node_modules/@storybook/core/dist/babel/index.cjs:142032:63)
      at Nv.parseExprOps (node_modules/@storybook/core/dist/babel/index.cjs:142035:78)
      at Nv.parseMaybeConditional (node_modules/@storybook/core/dist/babel/index.cjs:142020:78)
      at Nv.parseMaybeAssign (node_modules/@storybook/core/dist/babel/index.cjs:142004:20)
      at Nv.parseMaybeAssign (node_modules/@storybook/core/dist/babel/index.cjs:141392:22)
      at node_modules/@storybook/core/dist/babel/index.cjs:141986:41
      at Nv.allowInAnd (node_modules/@storybook/core/dist/babel/index.cjs:142978:14)
      at Nv.parseMaybeAssignAllowIn (node_modules/@storybook/core/dist/babel/index.cjs:141986:19)
      at Nv.parseObjectProperty (node_modules/@storybook/core/dist/babel/index.cjs:142656:81)
      at Nv.parseObjPropValue (node_modules/@storybook/core/dist/babel/index.cjs:142671:61)
      at Nv.parseObjPropValue (node_modules/@storybook/core/dist/babel/index.cjs:141367:49)
      at Nv.parsePropertyDefinition (node_modules/@storybook/core/dist/babel/index.cjs:142632:19)
      at Nv.parseObjectLike (node_modules/@storybook/core/dist/babel/index.cjs:142596:57)
      at Nv.parseExprAtom (node_modules/@storybook/core/dist/babel/index.cjs:142302:23)
      at Nv.parseExprAtom (node_modules/@storybook/core/dist/babel/index.cjs:139667:45)
      at Nv.parseExprSubscripts (node_modules/@storybook/core/dist/babel/index.cjs:142149:78)
      at Nv.parseUpdate (node_modules/@storybook/core/dist/babel/index.cjs:142139:45)
      at Nv.parseMaybeUnary (node_modules/@storybook/core/dist/babel/index.cjs:142124:20)
      at Nv.parseMaybeUnary (node_modules/@storybook/core/dist/babel/index.cjs:141419:93)
      at Nv.parseMaybeUnaryOrPrivate (node_modules/@storybook/core/dist/babel/index.cjs:142032:63)
      at Nv.parseExprOps (node_modules/@storybook/core/dist/babel/index.cjs:142035:78)
      at Nv.parseMaybeConditional (node_modules/@storybook/core/dist/babel/index.cjs:142020:78)
      at Nv.parseMaybeAssign (node_modules/@storybook/core/dist/babel/index.cjs:142004:20)
      at Nv.parseMaybeAssign (node_modules/@storybook/core/dist/babel/index.cjs:141392:22)
      at node_modules/@storybook/core/dist/babel/index.cjs:141986:41
      at Nv.allowInAnd (node_modules/@storybook/core/dist/babel/index.cjs:142978:14)
      at Nv.parseMaybeAssignAllowIn (node_modules/@storybook/core/dist/babel/index.cjs:141986:19)
      at Nv.parseObjectProperty (node_modules/@storybook/core/dist/babel/index.cjs:142656:81)
      at Nv.parseObjPropValue (node_modules/@storybook/core/dist/babel/index.cjs:142671:61)
      If you are in development, this likely indicates a problem with your Storybook process,
      check the terminal for errors.
      If you are in a deployed Storybook, there may have been an issue deploying the full Storybook
      build.
      at ns2.getStoryIndexFromServer (packages/components/http:/localhost:6007/packages/components/node_modules/.cache/storybook/1c3385a5d25e538d10b518b310c74d3ca2690b6aaffeadccd74da79736171f86/sb-vite/deps/storybook_internal_preview_runtime.js?v=b3da04b4:8624:11)
      at async ns2.initializeWithProjectAnnotations (packages/components/http:/localhost:6007/packages/components/node_modules/.cache/storybook/1c3385a5d25e538d10b518b310c74d3ca2690b6aaffeadccd74da79736171f86/sb-vite/deps/storybook_internal_preview_runtime.js?v=b3da04b4:8606:15)
      at async ns2.initialize (packages/components/http:/localhost:6007/packages/components/node_modules/.cache/storybook/1c3385a5d25e538d10b518b310c74d3ca2690b6aaffeadccd74da79736171f86/sb-vite/deps/storybook_internal_preview_runtime.js?v=b3da04b4:8581:39)

  ● Components/Table › CustomToolbar › smoke-test

    thrown: "Exceeded timeout of 30000 ms for a test.
    Add a timeout value to this test to increase the timeout, if this is a long-running test. See https://jestjs.io/docs/api#testname-fn-timeout."

      569 |               leadingIcon={<Icon name="FilterAlt" size="medium" />}
      570 |               onClick={() => console.log('Filter clicked')}
    > 571 |               aria-label="Filter"
          |             ^
      572 |             >
      573 |               Filter
      574 |             </Button>

      at packages/components/src/Table/TableComponent.stories.tsx:571:13
      at packages/components/src/Table/TableComponent.stories.tsx:570:9
      at Object.<anonymous> (packages/components/src/Table/TableComponent.stories.tsx:128:5)

  ● Components/Table › ServerSideSorting › smoke-test

    SB_PREVIEW_API_0006 (StoryIndexFetchError): Error fetching `/index.json`:

    Unable to index ./src/Table/EnhancedTable.stories.tsx:
      SyntaxError: Expecting Unicode escape sequence \uXXXX. (1467:15)

      at constructor (node_modules/@storybook/core/dist/babel/index.cjs:134900:15)
      at Nv.raise (node_modules/@storybook/core/dist/babel/index.cjs:137217:54)
      at Nv.readWord1 (node_modules/@storybook/core/dist/babel/index.cjs:137193:18)
      at Nv.readWord (node_modules/@storybook/core/dist/babel/index.cjs:137205:20)
      at Nv.getTokenFromCode (node_modules/@storybook/core/dist/babel/index.cjs:137028:16)
      at Nv.getTokenFromCode (node_modules/@storybook/core/dist/babel/index.cjs:139696:13)
      at Nv.getTokenFromCode (node_modules/@storybook/core/dist/babel/index.cjs:141547:13)
      at Nv.nextToken (node_modules/@storybook/core/dist/babel/index.cjs:136654:12)
      at Nv.next (node_modules/@storybook/core/dist/babel/index.cjs:136586:62)
      at Nv.eat (node_modules/@storybook/core/dist/babel/index.cjs:136589:36)
      at Nv.parseObjectProperty (node_modules/@storybook/core/dist/babel/index.cjs:142655:34)
      at Nv.parseObjPropValue (node_modules/@storybook/core/dist/babel/index.cjs:142671:61)
      at Nv.parseObjPropValue (node_modules/@storybook/core/dist/babel/index.cjs:141367:49)
      at Nv.parsePropertyDefinition (node_modules/@storybook/core/dist/babel/index.cjs:142632:19)
      at Nv.parseObjectLike (node_modules/@storybook/core/dist/babel/index.cjs:142596:57)
      at Nv.parseExprAtom (node_modules/@storybook/core/dist/babel/index.cjs:142302:23)
      at Nv.parseExprAtom (node_modules/@storybook/core/dist/babel/index.cjs:139667:45)
      at Nv.parseExprSubscripts (node_modules/@storybook/core/dist/babel/index.cjs:142149:78)
      at Nv.parseUpdate (node_modules/@storybook/core/dist/babel/index.cjs:142139:45)
      at Nv.parseMaybeUnary (node_modules/@storybook/core/dist/babel/index.cjs:142124:20)
      at Nv.parseMaybeUnary (node_modules/@storybook/core/dist/babel/index.cjs:141419:93)
      at Nv.parseMaybeUnaryOrPrivate (node_modules/@storybook/core/dist/babel/index.cjs:142032:63)
      at Nv.parseExprOps (node_modules/@storybook/core/dist/babel/index.cjs:142035:78)
      at Nv.parseMaybeConditional (node_modules/@storybook/core/dist/babel/index.cjs:142020:78)
      at Nv.parseMaybeAssign (node_modules/@storybook/core/dist/babel/index.cjs:142004:20)
      at Nv.parseMaybeAssign (node_modules/@storybook/core/dist/babel/index.cjs:141392:22)
      at node_modules/@storybook/core/dist/babel/index.cjs:141986:41
      at Nv.allowInAnd (node_modules/@storybook/core/dist/babel/index.cjs:142978:14)
      at Nv.parseMaybeAssignAllowIn (node_modules/@storybook/core/dist/babel/index.cjs:141986:19)
      at Nv.parseObjectProperty (node_modules/@storybook/core/dist/babel/index.cjs:142656:81)
      at Nv.parseObjPropValue (node_modules/@storybook/core/dist/babel/index.cjs:142671:61)
      at Nv.parseObjPropValue (node_modules/@storybook/core/dist/babel/index.cjs:141367:49)
      at Nv.parsePropertyDefinition (node_modules/@storybook/core/dist/babel/index.cjs:142632:19)
      at Nv.parseObjectLike (node_modules/@storybook/core/dist/babel/index.cjs:142596:57)
      at Nv.parseExprAtom (node_modules/@storybook/core/dist/babel/index.cjs:142302:23)
      at Nv.parseExprAtom (node_modules/@storybook/core/dist/babel/index.cjs:139667:45)
      at Nv.parseExprSubscripts (node_modules/@storybook/core/dist/babel/index.cjs:142149:78)
      at Nv.parseUpdate (node_modules/@storybook/core/dist/babel/index.cjs:142139:45)
      at Nv.parseMaybeUnary (node_modules/@storybook/core/dist/babel/index.cjs:142124:20)
      at Nv.parseMaybeUnary (node_modules/@storybook/core/dist/babel/index.cjs:141419:93)
      at Nv.parseMaybeUnaryOrPrivate (node_modules/@storybook/core/dist/babel/index.cjs:142032:63)
      at Nv.parseExprOps (node_modules/@storybook/core/dist/babel/index.cjs:142035:78)
      at Nv.parseMaybeConditional (node_modules/@storybook/core/dist/babel/index.cjs:142020:78)
      at Nv.parseMaybeAssign (node_modules/@storybook/core/dist/babel/index.cjs:142004:20)
      at Nv.parseMaybeAssign (node_modules/@storybook/core/dist/babel/index.cjs:141392:22)
      at node_modules/@storybook/core/dist/babel/index.cjs:141986:41
      at Nv.allowInAnd (node_modules/@storybook/core/dist/babel/index.cjs:142978:14)
      at Nv.parseMaybeAssignAllowIn (node_modules/@storybook/core/dist/babel/index.cjs:141986:19)
      at Nv.parseObjectProperty (node_modules/@storybook/core/dist/babel/index.cjs:142656:81)
      at Nv.parseObjPropValue (node_modules/@storybook/core/dist/babel/index.cjs:142671:61)
      If you are in development, this likely indicates a problem with your Storybook process,
      check the terminal for errors.
      If you are in a deployed Storybook, there may have been an issue deploying the full Storybook
      build.
      at constructor (node_modules/@storybook/core/dist/babel/index.cjs:134900:15)
      at Nv.raise (node_modules/@storybook/core/dist/babel/index.cjs:137217:54)
      at Nv.readWord1 (node_modules/@storybook/core/dist/babel/index.cjs:137193:18)
      at Nv.readWord (node_modules/@storybook/core/dist/babel/index.cjs:137205:20)
      at Nv.getTokenFromCode (node_modules/@storybook/core/dist/babel/index.cjs:137028:16)
      at Nv.getTokenFromCode (node_modules/@storybook/core/dist/babel/index.cjs:139696:13)
      at Nv.getTokenFromCode (node_modules/@storybook/core/dist/babel/index.cjs:141547:13)
      at Nv.nextToken (node_modules/@storybook/core/dist/babel/index.cjs:136654:12)
      at Nv.next (node_modules/@storybook/core/dist/babel/index.cjs:136586:62)
      at Nv.eat (node_modules/@storybook/core/dist/babel/index.cjs:136589:36)
      at Nv.parseObjectProperty (node_modules/@storybook/core/dist/babel/index.cjs:142655:34)
      at Nv.parseObjPropValue (node_modules/@storybook/core/dist/babel/index.cjs:142671:61)
      at Nv.parseObjPropValue (node_modules/@storybook/core/dist/babel/index.cjs:141367:49)
      at Nv.parsePropertyDefinition (node_modules/@storybook/core/dist/babel/index.cjs:142632:19)
      at Nv.parseObjectLike (node_modules/@storybook/core/dist/babel/index.cjs:142596:57)
      at Nv.parseExprAtom (node_modules/@storybook/core/dist/babel/index.cjs:142302:23)
      at Nv.parseExprAtom (node_modules/@storybook/core/dist/babel/index.cjs:139667:45)
      at Nv.parseExprSubscripts (node_modules/@storybook/core/dist/babel/index.cjs:142149:78)
      at Nv.parseUpdate (node_modules/@storybook/core/dist/babel/index.cjs:142139:45)
      at Nv.parseMaybeUnary (node_modules/@storybook/core/dist/babel/index.cjs:142124:20)
      at Nv.parseMaybeUnary (node_modules/@storybook/core/dist/babel/index.cjs:141419:93)
      at Nv.parseMaybeUnaryOrPrivate (node_modules/@storybook/core/dist/babel/index.cjs:142032:63)
      at Nv.parseExprOps (node_modules/@storybook/core/dist/babel/index.cjs:142035:78)
      at Nv.parseMaybeConditional (node_modules/@storybook/core/dist/babel/index.cjs:142020:78)
      at Nv.parseMaybeAssign (node_modules/@storybook/core/dist/babel/index.cjs:142004:20)
      at Nv.parseMaybeAssign (node_modules/@storybook/core/dist/babel/index.cjs:141392:22)
      at node_modules/@storybook/core/dist/babel/index.cjs:141986:41
      at Nv.allowInAnd (node_modules/@storybook/core/dist/babel/index.cjs:142978:14)
      at Nv.parseMaybeAssignAllowIn (node_modules/@storybook/core/dist/babel/index.cjs:141986:19)
      at Nv.parseObjectProperty (node_modules/@storybook/core/dist/babel/index.cjs:142656:81)
      at Nv.parseObjPropValue (node_modules/@storybook/core/dist/babel/index.cjs:142671:61)
      at Nv.parseObjPropValue (node_modules/@storybook/core/dist/babel/index.cjs:141367:49)
      at Nv.parsePropertyDefinition (node_modules/@storybook/core/dist/babel/index.cjs:142632:19)
      at Nv.parseObjectLike (node_modules/@storybook/core/dist/babel/index.cjs:142596:57)
      at Nv.parseExprAtom (node_modules/@storybook/core/dist/babel/index.cjs:142302:23)
      at Nv.parseExprAtom (node_modules/@storybook/core/dist/babel/index.cjs:139667:45)
      at Nv.parseExprSubscripts (node_modules/@storybook/core/dist/babel/index.cjs:142149:78)
      at Nv.parseUpdate (node_modules/@storybook/core/dist/babel/index.cjs:142139:45)
      at Nv.parseMaybeUnary (node_modules/@storybook/core/dist/babel/index.cjs:142124:20)
      at Nv.parseMaybeUnary (node_modules/@storybook/core/dist/babel/index.cjs:141419:93)
      at Nv.parseMaybeUnaryOrPrivate (node_modules/@storybook/core/dist/babel/index.cjs:142032:63)
      at Nv.parseExprOps (node_modules/@storybook/core/dist/babel/index.cjs:142035:78)
      at Nv.parseMaybeConditional (node_modules/@storybook/core/dist/babel/index.cjs:142020:78)
      at Nv.parseMaybeAssign (node_modules/@storybook/core/dist/babel/index.cjs:142004:20)
      at Nv.parseMaybeAssign (node_modules/@storybook/core/dist/babel/index.cjs:141392:22)
      at node_modules/@storybook/core/dist/babel/index.cjs:141986:41
      at Nv.allowInAnd (node_modules/@storybook/core/dist/babel/index.cjs:142978:14)
      at Nv.parseMaybeAssignAllowIn (node_modules/@storybook/core/dist/babel/index.cjs:141986:19)
      at Nv.parseObjectProperty (node_modules/@storybook/core/dist/babel/index.cjs:142656:81)
      at Nv.parseObjPropValue (node_modules/@storybook/core/dist/babel/index.cjs:142671:61)
      If you are in development, this likely indicates a problem with your Storybook process,
      check the terminal for errors.
      If you are in a deployed Storybook, there may have been an issue deploying the full Storybook
      build.
      at ns2.getStoryIndexFromServer (packages/components/http:/localhost:6007/packages/components/node_modules/.cache/storybook/1c3385a5d25e538d10b518b310c74d3ca2690b6aaffeadccd74da79736171f86/sb-vite/deps/storybook_internal_preview_runtime.js?v=b3da04b4:8624:11)
      at async ns2.initializeWithProjectAnnotations (packages/components/http:/localhost:6007/packages/components/node_modules/.cache/storybook/1c3385a5d25e538d10b518b310c74d3ca2690b6aaffeadccd74da79736171f86/sb-vite/deps/storybook_internal_preview_runtime.js?v=b3da04b4:8606:15)
      at async ns2.initialize (packages/components/http:/localhost:6007/packages/components/node_modules/.cache/storybook/1c3385a5d25e538d10b518b310c74d3ca2690b6aaffeadccd74da79736171f86/sb-vite/deps/storybook_internal_preview_runtime.js?v=b3da04b4:8581:39)

  ● Components/Table › ServerSideSorting › smoke-test

    thrown: "Exceeded timeout of 30000 ms for a test.
    Add a timeout value to this test to increase the timeout, if this is a long-running test. See https://jestjs.io/docs/api#testname-fn-timeout."

      716 |         story: 'Table in loading state. Shows skeleton rows while data is being fetched.',
      717 |       },
    > 718 |     },
          |       ^
      719 |   },
      720 | };
      721 |

      at packages/components/src/Table/TableComponent.stories.tsx:718:13
      at packages/components/src/Table/TableComponent.stories.tsx:717:9
      at Object.<anonymous> (packages/components/src/Table/TableComponent.stories.tsx:128:5)

  ● Components/Table › Empty › smoke-test

    SB_PREVIEW_API_0006 (StoryIndexFetchError): Error fetching `/index.json`:

    Unable to index ./src/Table/EnhancedTable.stories.tsx:
      SyntaxError: Expecting Unicode escape sequence \uXXXX. (1467:15)

      at constructor (node_modules/@storybook/core/dist/babel/index.cjs:134900:15)
      at Nv.raise (node_modules/@storybook/core/dist/babel/index.cjs:137217:54)
      at Nv.readWord1 (node_modules/@storybook/core/dist/babel/index.cjs:137193:18)
      at Nv.readWord (node_modules/@storybook/core/dist/babel/index.cjs:137205:20)
      at Nv.getTokenFromCode (node_modules/@storybook/core/dist/babel/index.cjs:137028:16)
      at Nv.getTokenFromCode (node_modules/@storybook/core/dist/babel/index.cjs:139696:13)
      at Nv.getTokenFromCode (node_modules/@storybook/core/dist/babel/index.cjs:141547:13)
      at Nv.nextToken (node_modules/@storybook/core/dist/babel/index.cjs:136654:12)
      at Nv.next (node_modules/@storybook/core/dist/babel/index.cjs:136586:62)
      at Nv.eat (node_modules/@storybook/core/dist/babel/index.cjs:136589:36)
      at Nv.parseObjectProperty (node_modules/@storybook/core/dist/babel/index.cjs:142655:34)
      at Nv.parseObjPropValue (node_modules/@storybook/core/dist/babel/index.cjs:142671:61)
      at Nv.parseObjPropValue (node_modules/@storybook/core/dist/babel/index.cjs:141367:49)
      at Nv.parsePropertyDefinition (node_modules/@storybook/core/dist/babel/index.cjs:142632:19)
      at Nv.parseObjectLike (node_modules/@storybook/core/dist/babel/index.cjs:142596:57)
      at Nv.parseExprAtom (node_modules/@storybook/core/dist/babel/index.cjs:142302:23)
      at Nv.parseExprAtom (node_modules/@storybook/core/dist/babel/index.cjs:139667:45)
      at Nv.parseExprSubscripts (node_modules/@storybook/core/dist/babel/index.cjs:142149:78)
      at Nv.parseUpdate (node_modules/@storybook/core/dist/babel/index.cjs:142139:45)
      at Nv.parseMaybeUnary (node_modules/@storybook/core/dist/babel/index.cjs:142124:20)
      at Nv.parseMaybeUnary (node_modules/@storybook/core/dist/babel/index.cjs:141419:93)
      at Nv.parseMaybeUnaryOrPrivate (node_modules/@storybook/core/dist/babel/index.cjs:142032:63)
      at Nv.parseExprOps (node_modules/@storybook/core/dist/babel/index.cjs:142035:78)
      at Nv.parseMaybeConditional (node_modules/@storybook/core/dist/babel/index.cjs:142020:78)
      at Nv.parseMaybeAssign (node_modules/@storybook/core/dist/babel/index.cjs:142004:20)
      at Nv.parseMaybeAssign (node_modules/@storybook/core/dist/babel/index.cjs:141392:22)
      at node_modules/@storybook/core/dist/babel/index.cjs:141986:41
      at Nv.allowInAnd (node_modules/@storybook/core/dist/babel/index.cjs:142978:14)
      at Nv.parseMaybeAssignAllowIn (node_modules/@storybook/core/dist/babel/index.cjs:141986:19)
      at Nv.parseObjectProperty (node_modules/@storybook/core/dist/babel/index.cjs:142656:81)
      at Nv.parseObjPropValue (node_modules/@storybook/core/dist/babel/index.cjs:142671:61)
      at Nv.parseObjPropValue (node_modules/@storybook/core/dist/babel/index.cjs:141367:49)
      at Nv.parsePropertyDefinition (node_modules/@storybook/core/dist/babel/index.cjs:142632:19)
      at Nv.parseObjectLike (node_modules/@storybook/core/dist/babel/index.cjs:142596:57)
      at Nv.parseExprAtom (node_modules/@storybook/core/dist/babel/index.cjs:142302:23)
      at Nv.parseExprAtom (node_modules/@storybook/core/dist/babel/index.cjs:139667:45)
      at Nv.parseExprSubscripts (node_modules/@storybook/core/dist/babel/index.cjs:142149:78)
      at Nv.parseUpdate (node_modules/@storybook/core/dist/babel/index.cjs:142139:45)
      at Nv.parseMaybeUnary (node_modules/@storybook/core/dist/babel/index.cjs:142124:20)
      at Nv.parseMaybeUnary (node_modules/@storybook/core/dist/babel/index.cjs:141419:93)
      at Nv.parseMaybeUnaryOrPrivate (node_modules/@storybook/core/dist/babel/index.cjs:142032:63)
      at Nv.parseExprOps (node_modules/@storybook/core/dist/babel/index.cjs:142035:78)
      at Nv.parseMaybeConditional (node_modules/@storybook/core/dist/babel/index.cjs:142020:78)
      at Nv.parseMaybeAssign (node_modules/@storybook/core/dist/babel/index.cjs:142004:20)
      at Nv.parseMaybeAssign (node_modules/@storybook/core/dist/babel/index.cjs:141392:22)
      at node_modules/@storybook/core/dist/babel/index.cjs:141986:41
      at Nv.allowInAnd (node_modules/@storybook/core/dist/babel/index.cjs:142978:14)
      at Nv.parseMaybeAssignAllowIn (node_modules/@storybook/core/dist/babel/index.cjs:141986:19)
      at Nv.parseObjectProperty (node_modules/@storybook/core/dist/babel/index.cjs:142656:81)
      at Nv.parseObjPropValue (node_modules/@storybook/core/dist/babel/index.cjs:142671:61)
      If you are in development, this likely indicates a problem with your Storybook process,
      check the terminal for errors.
      If you are in a deployed Storybook, there may have been an issue deploying the full Storybook
      build.
      at constructor (node_modules/@storybook/core/dist/babel/index.cjs:134900:15)
      at Nv.raise (node_modules/@storybook/core/dist/babel/index.cjs:137217:54)
      at Nv.readWord1 (node_modules/@storybook/core/dist/babel/index.cjs:137193:18)
      at Nv.readWord (node_modules/@storybook/core/dist/babel/index.cjs:137205:20)
      at Nv.getTokenFromCode (node_modules/@storybook/core/dist/babel/index.cjs:137028:16)
      at Nv.getTokenFromCode (node_modules/@storybook/core/dist/babel/index.cjs:139696:13)
      at Nv.getTokenFromCode (node_modules/@storybook/core/dist/babel/index.cjs:141547:13)
      at Nv.nextToken (node_modules/@storybook/core/dist/babel/index.cjs:136654:12)
      at Nv.next (node_modules/@storybook/core/dist/babel/index.cjs:136586:62)
      at Nv.eat (node_modules/@storybook/core/dist/babel/index.cjs:136589:36)
      at Nv.parseObjectProperty (node_modules/@storybook/core/dist/babel/index.cjs:142655:34)
      at Nv.parseObjPropValue (node_modules/@storybook/core/dist/babel/index.cjs:142671:61)
      at Nv.parseObjPropValue (node_modules/@storybook/core/dist/babel/index.cjs:141367:49)
      at Nv.parsePropertyDefinition (node_modules/@storybook/core/dist/babel/index.cjs:142632:19)
      at Nv.parseObjectLike (node_modules/@storybook/core/dist/babel/index.cjs:142596:57)
      at Nv.parseExprAtom (node_modules/@storybook/core/dist/babel/index.cjs:142302:23)
      at Nv.parseExprAtom (node_modules/@storybook/core/dist/babel/index.cjs:139667:45)
      at Nv.parseExprSubscripts (node_modules/@storybook/core/dist/babel/index.cjs:142149:78)
      at Nv.parseUpdate (node_modules/@storybook/core/dist/babel/index.cjs:142139:45)
      at Nv.parseMaybeUnary (node_modules/@storybook/core/dist/babel/index.cjs:142124:20)
      at Nv.parseMaybeUnary (node_modules/@storybook/core/dist/babel/index.cjs:141419:93)
      at Nv.parseMaybeUnaryOrPrivate (node_modules/@storybook/core/dist/babel/index.cjs:142032:63)
      at Nv.parseExprOps (node_modules/@storybook/core/dist/babel/index.cjs:142035:78)
      at Nv.parseMaybeConditional (node_modules/@storybook/core/dist/babel/index.cjs:142020:78)
      at Nv.parseMaybeAssign (node_modules/@storybook/core/dist/babel/index.cjs:142004:20)
      at Nv.parseMaybeAssign (node_modules/@storybook/core/dist/babel/index.cjs:141392:22)
      at node_modules/@storybook/core/dist/babel/index.cjs:141986:41
      at Nv.allowInAnd (node_modules/@storybook/core/dist/babel/index.cjs:142978:14)
      at Nv.parseMaybeAssignAllowIn (node_modules/@storybook/core/dist/babel/index.cjs:141986:19)
      at Nv.parseObjectProperty (node_modules/@storybook/core/dist/babel/index.cjs:142656:81)
      at Nv.parseObjPropValue (node_modules/@storybook/core/dist/babel/index.cjs:142671:61)
      at Nv.parseObjPropValue (node_modules/@storybook/core/dist/babel/index.cjs:141367:49)
      at Nv.parsePropertyDefinition (node_modules/@storybook/core/dist/babel/index.cjs:142632:19)
      at Nv.parseObjectLike (node_modules/@storybook/core/dist/babel/index.cjs:142596:57)
      at Nv.parseExprAtom (node_modules/@storybook/core/dist/babel/index.cjs:142302:23)
      at Nv.parseExprAtom (node_modules/@storybook/core/dist/babel/index.cjs:139667:45)
      at Nv.parseExprSubscripts (node_modules/@storybook/core/dist/babel/index.cjs:142149:78)
      at Nv.parseUpdate (node_modules/@storybook/core/dist/babel/index.cjs:142139:45)
      at Nv.parseMaybeUnary (node_modules/@storybook/core/dist/babel/index.cjs:142124:20)
      at Nv.parseMaybeUnary (node_modules/@storybook/core/dist/babel/index.cjs:141419:93)
      at Nv.parseMaybeUnaryOrPrivate (node_modules/@storybook/core/dist/babel/index.cjs:142032:63)
      at Nv.parseExprOps (node_modules/@storybook/core/dist/babel/index.cjs:142035:78)
      at Nv.parseMaybeConditional (node_modules/@storybook/core/dist/babel/index.cjs:142020:78)
      at Nv.parseMaybeAssign (node_modules/@storybook/core/dist/babel/index.cjs:142004:20)
      at Nv.parseMaybeAssign (node_modules/@storybook/core/dist/babel/index.cjs:141392:22)
      at node_modules/@storybook/core/dist/babel/index.cjs:141986:41
      at Nv.allowInAnd (node_modules/@storybook/core/dist/babel/index.cjs:142978:14)
      at Nv.parseMaybeAssignAllowIn (node_modules/@storybook/core/dist/babel/index.cjs:141986:19)
      at Nv.parseObjectProperty (node_modules/@storybook/core/dist/babel/index.cjs:142656:81)
      at Nv.parseObjPropValue (node_modules/@storybook/core/dist/babel/index.cjs:142671:61)
      If you are in development, this likely indicates a problem with your Storybook process,
      check the terminal for errors.
      If you are in a deployed Storybook, there may have been an issue deploying the full Storybook
      build.
      at ns2.getStoryIndexFromServer (packages/components/http:/localhost:6007/packages/components/node_modules/.cache/storybook/1c3385a5d25e538d10b518b310c74d3ca2690b6aaffeadccd74da79736171f86/sb-vite/deps/storybook_internal_preview_runtime.js?v=b3da04b4:8624:11)
      at async ns2.initializeWithProjectAnnotations (packages/components/http:/localhost:6007/packages/components/node_modules/.cache/storybook/1c3385a5d25e538d10b518b310c74d3ca2690b6aaffeadccd74da79736171f86/sb-vite/deps/storybook_internal_preview_runtime.js?v=b3da04b4:8606:15)
      at async ns2.initialize (packages/components/http:/localhost:6007/packages/components/node_modules/.cache/storybook/1c3385a5d25e538d10b518b310c74d3ca2690b6aaffeadccd74da79736171f86/sb-vite/deps/storybook_internal_preview_runtime.js?v=b3da04b4:8581:39)

  ● Components/Table › Empty › smoke-test

    thrown: "Exceeded timeout of 30000 ms for a test.
    Add a timeout value to this test to increase the timeout, if this is a long-running test. See https://jestjs.io/docs/api#testname-fn-timeout."

      863 | **Width Properties:**
      864 | - \`width\` - Sets the initial/preferred width
    > 865 | - \`minWidth\` - Prevents column from shrinking below this value
          |             ^
      866 | - \`maxWidth\` - Prevents column from growing above this value
      867 |
      868 | **Use Cases:**

      at packages/components/src/Table/TableComponent.stories.tsx:865:13
      at packages/components/src/Table/TableComponent.stories.tsx:864:9
      at Object.<anonymous> (packages/components/src/Table/TableComponent.stories.tsx:128:5)

  ● Components/Table › ErrorState › smoke-test

    SB_PREVIEW_API_0006 (StoryIndexFetchError): Error fetching `/index.json`:

    Unable to index ./src/Table/EnhancedTable.stories.tsx:
      SyntaxError: Expecting Unicode escape sequence \uXXXX. (1467:15)

      at constructor (node_modules/@storybook/core/dist/babel/index.cjs:134900:15)
      at Nv.raise (node_modules/@storybook/core/dist/babel/index.cjs:137217:54)
      at Nv.readWord1 (node_modules/@storybook/core/dist/babel/index.cjs:137193:18)
      at Nv.readWord (node_modules/@storybook/core/dist/babel/index.cjs:137205:20)
      at Nv.getTokenFromCode (node_modules/@storybook/core/dist/babel/index.cjs:137028:16)
      at Nv.getTokenFromCode (node_modules/@storybook/core/dist/babel/index.cjs:139696:13)
      at Nv.getTokenFromCode (node_modules/@storybook/core/dist/babel/index.cjs:141547:13)
      at Nv.nextToken (node_modules/@storybook/core/dist/babel/index.cjs:136654:12)
      at Nv.next (node_modules/@storybook/core/dist/babel/index.cjs:136586:62)
      at Nv.eat (node_modules/@storybook/core/dist/babel/index.cjs:136589:36)
      at Nv.parseObjectProperty (node_modules/@storybook/core/dist/babel/index.cjs:142655:34)
      at Nv.parseObjPropValue (node_modules/@storybook/core/dist/babel/index.cjs:142671:61)
      at Nv.parseObjPropValue (node_modules/@storybook/core/dist/babel/index.cjs:141367:49)
      at Nv.parsePropertyDefinition (node_modules/@storybook/core/dist/babel/index.cjs:142632:19)
      at Nv.parseObjectLike (node_modules/@storybook/core/dist/babel/index.cjs:142596:57)
      at Nv.parseExprAtom (node_modules/@storybook/core/dist/babel/index.cjs:142302:23)
      at Nv.parseExprAtom (node_modules/@storybook/core/dist/babel/index.cjs:139667:45)
      at Nv.parseExprSubscripts (node_modules/@storybook/core/dist/babel/index.cjs:142149:78)
      at Nv.parseUpdate (node_modules/@storybook/core/dist/babel/index.cjs:142139:45)
      at Nv.parseMaybeUnary (node_modules/@storybook/core/dist/babel/index.cjs:142124:20)
      at Nv.parseMaybeUnary (node_modules/@storybook/core/dist/babel/index.cjs:141419:93)
      at Nv.parseMaybeUnaryOrPrivate (node_modules/@storybook/core/dist/babel/index.cjs:142032:63)
      at Nv.parseExprOps (node_modules/@storybook/core/dist/babel/index.cjs:142035:78)
      at Nv.parseMaybeConditional (node_modules/@storybook/core/dist/babel/index.cjs:142020:78)
      at Nv.parseMaybeAssign (node_modules/@storybook/core/dist/babel/index.cjs:142004:20)
      at Nv.parseMaybeAssign (node_modules/@storybook/core/dist/babel/index.cjs:141392:22)
      at node_modules/@storybook/core/dist/babel/index.cjs:141986:41
      at Nv.allowInAnd (node_modules/@storybook/core/dist/babel/index.cjs:142978:14)
      at Nv.parseMaybeAssignAllowIn (node_modules/@storybook/core/dist/babel/index.cjs:141986:19)
      at Nv.parseObjectProperty (node_modules/@storybook/core/dist/babel/index.cjs:142656:81)
      at Nv.parseObjPropValue (node_modules/@storybook/core/dist/babel/index.cjs:142671:61)
      at Nv.parseObjPropValue (node_modules/@storybook/core/dist/babel/index.cjs:141367:49)
      at Nv.parsePropertyDefinition (node_modules/@storybook/core/dist/babel/index.cjs:142632:19)
      at Nv.parseObjectLike (node_modules/@storybook/core/dist/babel/index.cjs:142596:57)
      at Nv.parseExprAtom (node_modules/@storybook/core/dist/babel/index.cjs:142302:23)
      at Nv.parseExprAtom (node_modules/@storybook/core/dist/babel/index.cjs:139667:45)
      at Nv.parseExprSubscripts (node_modules/@storybook/core/dist/babel/index.cjs:142149:78)
      at Nv.parseUpdate (node_modules/@storybook/core/dist/babel/index.cjs:142139:45)
      at Nv.parseMaybeUnary (node_modules/@storybook/core/dist/babel/index.cjs:142124:20)
      at Nv.parseMaybeUnary (node_modules/@storybook/core/dist/babel/index.cjs:141419:93)
      at Nv.parseMaybeUnaryOrPrivate (node_modules/@storybook/core/dist/babel/index.cjs:142032:63)
      at Nv.parseExprOps (node_modules/@storybook/core/dist/babel/index.cjs:142035:78)
      at Nv.parseMaybeConditional (node_modules/@storybook/core/dist/babel/index.cjs:142020:78)
      at Nv.parseMaybeAssign (node_modules/@storybook/core/dist/babel/index.cjs:142004:20)
      at Nv.parseMaybeAssign (node_modules/@storybook/core/dist/babel/index.cjs:141392:22)
      at node_modules/@storybook/core/dist/babel/index.cjs:141986:41
      at Nv.allowInAnd (node_modules/@storybook/core/dist/babel/index.cjs:142978:14)
      at Nv.parseMaybeAssignAllowIn (node_modules/@storybook/core/dist/babel/index.cjs:141986:19)
      at Nv.parseObjectProperty (node_modules/@storybook/core/dist/babel/index.cjs:142656:81)
      at Nv.parseObjPropValue (node_modules/@storybook/core/dist/babel/index.cjs:142671:61)
      If you are in development, this likely indicates a problem with your Storybook process,
      check the terminal for errors.
      If you are in a deployed Storybook, there may have been an issue deploying the full Storybook
      build.
      at constructor (node_modules/@storybook/core/dist/babel/index.cjs:134900:15)
      at Nv.raise (node_modules/@storybook/core/dist/babel/index.cjs:137217:54)
      at Nv.readWord1 (node_modules/@storybook/core/dist/babel/index.cjs:137193:18)
      at Nv.readWord (node_modules/@storybook/core/dist/babel/index.cjs:137205:20)
      at Nv.getTokenFromCode (node_modules/@storybook/core/dist/babel/index.cjs:137028:16)
      at Nv.getTokenFromCode (node_modules/@storybook/core/dist/babel/index.cjs:139696:13)
      at Nv.getTokenFromCode (node_modules/@storybook/core/dist/babel/index.cjs:141547:13)
      at Nv.nextToken (node_modules/@storybook/core/dist/babel/index.cjs:136654:12)
      at Nv.next (node_modules/@storybook/core/dist/babel/index.cjs:136586:62)
      at Nv.eat (node_modules/@storybook/core/dist/babel/index.cjs:136589:36)
      at Nv.parseObjectProperty (node_modules/@storybook/core/dist/babel/index.cjs:142655:34)
      at Nv.parseObjPropValue (node_modules/@storybook/core/dist/babel/index.cjs:142671:61)
      at Nv.parseObjPropValue (node_modules/@storybook/core/dist/babel/index.cjs:141367:49)
      at Nv.parsePropertyDefinition (node_modules/@storybook/core/dist/babel/index.cjs:142632:19)
      at Nv.parseObjectLike (node_modules/@storybook/core/dist/babel/index.cjs:142596:57)
      at Nv.parseExprAtom (node_modules/@storybook/core/dist/babel/index.cjs:142302:23)
      at Nv.parseExprAtom (node_modules/@storybook/core/dist/babel/index.cjs:139667:45)
      at Nv.parseExprSubscripts (node_modules/@storybook/core/dist/babel/index.cjs:142149:78)
      at Nv.parseUpdate (node_modules/@storybook/core/dist/babel/index.cjs:142139:45)
      at Nv.parseMaybeUnary (node_modules/@storybook/core/dist/babel/index.cjs:142124:20)
      at Nv.parseMaybeUnary (node_modules/@storybook/core/dist/babel/index.cjs:141419:93)
      at Nv.parseMaybeUnaryOrPrivate (node_modules/@storybook/core/dist/babel/index.cjs:142032:63)
      at Nv.parseExprOps (node_modules/@storybook/core/dist/babel/index.cjs:142035:78)
      at Nv.parseMaybeConditional (node_modules/@storybook/core/dist/babel/index.cjs:142020:78)
      at Nv.parseMaybeAssign (node_modules/@storybook/core/dist/babel/index.cjs:142004:20)
      at Nv.parseMaybeAssign (node_modules/@storybook/core/dist/babel/index.cjs:141392:22)
      at node_modules/@storybook/core/dist/babel/index.cjs:141986:41
      at Nv.allowInAnd (node_modules/@storybook/core/dist/babel/index.cjs:142978:14)
      at Nv.parseMaybeAssignAllowIn (node_modules/@storybook/core/dist/babel/index.cjs:141986:19)
      at Nv.parseObjectProperty (node_modules/@storybook/core/dist/babel/index.cjs:142656:81)
      at Nv.parseObjPropValue (node_modules/@storybook/core/dist/babel/index.cjs:142671:61)
      at Nv.parseObjPropValue (node_modules/@storybook/core/dist/babel/index.cjs:141367:49)
      at Nv.parsePropertyDefinition (node_modules/@storybook/core/dist/babel/index.cjs:142632:19)
      at Nv.parseObjectLike (node_modules/@storybook/core/dist/babel/index.cjs:142596:57)
      at Nv.parseExprAtom (node_modules/@storybook/core/dist/babel/index.cjs:142302:23)
      at Nv.parseExprAtom (node_modules/@storybook/core/dist/babel/index.cjs:139667:45)
      at Nv.parseExprSubscripts (node_modules/@storybook/core/dist/babel/index.cjs:142149:78)
      at Nv.parseUpdate (node_modules/@storybook/core/dist/babel/index.cjs:142139:45)
      at Nv.parseMaybeUnary (node_modules/@storybook/core/dist/babel/index.cjs:142124:20)
      at Nv.parseMaybeUnary (node_modules/@storybook/core/dist/babel/index.cjs:141419:93)
      at Nv.parseMaybeUnaryOrPrivate (node_modules/@storybook/core/dist/babel/index.cjs:142032:63)
      at Nv.parseExprOps (node_modules/@storybook/core/dist/babel/index.cjs:142035:78)
      at Nv.parseMaybeConditional (node_modules/@storybook/core/dist/babel/index.cjs:142020:78)
      at Nv.parseMaybeAssign (node_modules/@storybook/core/dist/babel/index.cjs:142004:20)
      at Nv.parseMaybeAssign (node_modules/@storybook/core/dist/babel/index.cjs:141392:22)
      at node_modules/@storybook/core/dist/babel/index.cjs:141986:41
      at Nv.allowInAnd (node_modules/@storybook/core/dist/babel/index.cjs:142978:14)
      at Nv.parseMaybeAssignAllowIn (node_modules/@storybook/core/dist/babel/index.cjs:141986:19)
      at Nv.parseObjectProperty (node_modules/@storybook/core/dist/babel/index.cjs:142656:81)
      at Nv.parseObjPropValue (node_modules/@storybook/core/dist/babel/index.cjs:142671:61)
      If you are in development, this likely indicates a problem with your Storybook process,
      check the terminal for errors.
      If you are in a deployed Storybook, there may have been an issue deploying the full Storybook
      build.
      at ns2.getStoryIndexFromServer (packages/components/http:/localhost:6007/packages/components/node_modules/.cache/storybook/1c3385a5d25e538d10b518b310c74d3ca2690b6aaffeadccd74da79736171f86/sb-vite/deps/storybook_internal_preview_runtime.js?v=b3da04b4:8624:11)
      at async ns2.initializeWithProjectAnnotations (packages/components/http:/localhost:6007/packages/components/node_modules/.cache/storybook/1c3385a5d25e538d10b518b310c74d3ca2690b6aaffeadccd74da79736171f86/sb-vite/deps/storybook_internal_preview_runtime.js?v=b3da04b4:8606:15)
      at async ns2.initialize (packages/components/http:/localhost:6007/packages/components/node_modules/.cache/storybook/1c3385a5d25e538d10b518b310c74d3ca2690b6aaffeadccd74da79736171f86/sb-vite/deps/storybook_internal_preview_runtime.js?v=b3da04b4:8581:39)

  ● Components/Table › ErrorState › smoke-test

    thrown: "Exceeded timeout of 30000 ms for a test.
    Add a timeout value to this test to increase the timeout, if this is a long-running test. See https://jestjs.io/docs/api#testname-fn-timeout."



      at packages/components/src/Table/TableComponent.stories.tsx:1012:13
      at packages/components/src/Table/TableComponent.stories.tsx:1011:9
      at Object.<anonymous> (packages/components/src/Table/TableComponent.stories.tsx:128:5)

  ● Components/Table › LoadingState › smoke-test

    SB_PREVIEW_API_0006 (StoryIndexFetchError): Error fetching `/index.json`:

    Unable to index ./src/Table/EnhancedTable.stories.tsx:
      SyntaxError: Expecting Unicode escape sequence \uXXXX. (1467:15)

      at constructor (node_modules/@storybook/core/dist/babel/index.cjs:134900:15)
      at Nv.raise (node_modules/@storybook/core/dist/babel/index.cjs:137217:54)
      at Nv.readWord1 (node_modules/@storybook/core/dist/babel/index.cjs:137193:18)
      at Nv.readWord (node_modules/@storybook/core/dist/babel/index.cjs:137205:20)
      at Nv.getTokenFromCode (node_modules/@storybook/core/dist/babel/index.cjs:137028:16)
      at Nv.getTokenFromCode (node_modules/@storybook/core/dist/babel/index.cjs:139696:13)
      at Nv.getTokenFromCode (node_modules/@storybook/core/dist/babel/index.cjs:141547:13)
      at Nv.nextToken (node_modules/@storybook/core/dist/babel/index.cjs:136654:12)
      at Nv.next (node_modules/@storybook/core/dist/babel/index.cjs:136586:62)
      at Nv.eat (node_modules/@storybook/core/dist/babel/index.cjs:136589:36)
      at Nv.parseObjectProperty (node_modules/@storybook/core/dist/babel/index.cjs:142655:34)
      at Nv.parseObjPropValue (node_modules/@storybook/core/dist/babel/index.cjs:142671:61)
      at Nv.parseObjPropValue (node_modules/@storybook/core/dist/babel/index.cjs:141367:49)
      at Nv.parsePropertyDefinition (node_modules/@storybook/core/dist/babel/index.cjs:142632:19)
      at Nv.parseObjectLike (node_modules/@storybook/core/dist/babel/index.cjs:142596:57)
      at Nv.parseExprAtom (node_modules/@storybook/core/dist/babel/index.cjs:142302:23)
      at Nv.parseExprAtom (node_modules/@storybook/core/dist/babel/index.cjs:139667:45)
      at Nv.parseExprSubscripts (node_modules/@storybook/core/dist/babel/index.cjs:142149:78)
      at Nv.parseUpdate (node_modules/@storybook/core/dist/babel/index.cjs:142139:45)
      at Nv.parseMaybeUnary (node_modules/@storybook/core/dist/babel/index.cjs:142124:20)
      at Nv.parseMaybeUnary (node_modules/@storybook/core/dist/babel/index.cjs:141419:93)
      at Nv.parseMaybeUnaryOrPrivate (node_modules/@storybook/core/dist/babel/index.cjs:142032:63)
      at Nv.parseExprOps (node_modules/@storybook/core/dist/babel/index.cjs:142035:78)
      at Nv.parseMaybeConditional (node_modules/@storybook/core/dist/babel/index.cjs:142020:78)
      at Nv.parseMaybeAssign (node_modules/@storybook/core/dist/babel/index.cjs:142004:20)
      at Nv.parseMaybeAssign (node_modules/@storybook/core/dist/babel/index.cjs:141392:22)
      at node_modules/@storybook/core/dist/babel/index.cjs:141986:41
      at Nv.allowInAnd (node_modules/@storybook/core/dist/babel/index.cjs:142978:14)
      at Nv.parseMaybeAssignAllowIn (node_modules/@storybook/core/dist/babel/index.cjs:141986:19)
      at Nv.parseObjectProperty (node_modules/@storybook/core/dist/babel/index.cjs:142656:81)
      at Nv.parseObjPropValue (node_modules/@storybook/core/dist/babel/index.cjs:142671:61)
      at Nv.parseObjPropValue (node_modules/@storybook/core/dist/babel/index.cjs:141367:49)
      at Nv.parsePropertyDefinition (node_modules/@storybook/core/dist/babel/index.cjs:142632:19)
      at Nv.parseObjectLike (node_modules/@storybook/core/dist/babel/index.cjs:142596:57)
      at Nv.parseExprAtom (node_modules/@storybook/core/dist/babel/index.cjs:142302:23)
      at Nv.parseExprAtom (node_modules/@storybook/core/dist/babel/index.cjs:139667:45)
      at Nv.parseExprSubscripts (node_modules/@storybook/core/dist/babel/index.cjs:142149:78)
      at Nv.parseUpdate (node_modules/@storybook/core/dist/babel/index.cjs:142139:45)
      at Nv.parseMaybeUnary (node_modules/@storybook/core/dist/babel/index.cjs:142124:20)
      at Nv.parseMaybeUnary (node_modules/@storybook/core/dist/babel/index.cjs:141419:93)
      at Nv.parseMaybeUnaryOrPrivate (node_modules/@storybook/core/dist/babel/index.cjs:142032:63)
      at Nv.parseExprOps (node_modules/@storybook/core/dist/babel/index.cjs:142035:78)
      at Nv.parseMaybeConditional (node_modules/@storybook/core/dist/babel/index.cjs:142020:78)
      at Nv.parseMaybeAssign (node_modules/@storybook/core/dist/babel/index.cjs:142004:20)
      at Nv.parseMaybeAssign (node_modules/@storybook/core/dist/babel/index.cjs:141392:22)
      at node_modules/@storybook/core/dist/babel/index.cjs:141986:41
      at Nv.allowInAnd (node_modules/@storybook/core/dist/babel/index.cjs:142978:14)
      at Nv.parseMaybeAssignAllowIn (node_modules/@storybook/core/dist/babel/index.cjs:141986:19)
      at Nv.parseObjectProperty (node_modules/@storybook/core/dist/babel/index.cjs:142656:81)
      at Nv.parseObjPropValue (node_modules/@storybook/core/dist/babel/index.cjs:142671:61)
      If you are in development, this likely indicates a problem with your Storybook process,
      check the terminal for errors.
      If you are in a deployed Storybook, there may have been an issue deploying the full Storybook
      build.
      at constructor (node_modules/@storybook/core/dist/babel/index.cjs:134900:15)
      at Nv.raise (node_modules/@storybook/core/dist/babel/index.cjs:137217:54)
      at Nv.readWord1 (node_modules/@storybook/core/dist/babel/index.cjs:137193:18)
      at Nv.readWord (node_modules/@storybook/core/dist/babel/index.cjs:137205:20)
      at Nv.getTokenFromCode (node_modules/@storybook/core/dist/babel/index.cjs:137028:16)
      at Nv.getTokenFromCode (node_modules/@storybook/core/dist/babel/index.cjs:139696:13)
      at Nv.getTokenFromCode (node_modules/@storybook/core/dist/babel/index.cjs:141547:13)
      at Nv.nextToken (node_modules/@storybook/core/dist/babel/index.cjs:136654:12)
      at Nv.next (node_modules/@storybook/core/dist/babel/index.cjs:136586:62)
      at Nv.eat (node_modules/@storybook/core/dist/babel/index.cjs:136589:36)
      at Nv.parseObjectProperty (node_modules/@storybook/core/dist/babel/index.cjs:142655:34)
      at Nv.parseObjPropValue (node_modules/@storybook/core/dist/babel/index.cjs:142671:61)
      at Nv.parseObjPropValue (node_modules/@storybook/core/dist/babel/index.cjs:141367:49)
      at Nv.parsePropertyDefinition (node_modules/@storybook/core/dist/babel/index.cjs:142632:19)
      at Nv.parseObjectLike (node_modules/@storybook/core/dist/babel/index.cjs:142596:57)
      at Nv.parseExprAtom (node_modules/@storybook/core/dist/babel/index.cjs:142302:23)
      at Nv.parseExprAtom (node_modules/@storybook/core/dist/babel/index.cjs:139667:45)
      at Nv.parseExprSubscripts (node_modules/@storybook/core/dist/babel/index.cjs:142149:78)
      at Nv.parseUpdate (node_modules/@storybook/core/dist/babel/index.cjs:142139:45)
      at Nv.parseMaybeUnary (node_modules/@storybook/core/dist/babel/index.cjs:142124:20)
      at Nv.parseMaybeUnary (node_modules/@storybook/core/dist/babel/index.cjs:141419:93)
      at Nv.parseMaybeUnaryOrPrivate (node_modules/@storybook/core/dist/babel/index.cjs:142032:63)
      at Nv.parseExprOps (node_modules/@storybook/core/dist/babel/index.cjs:142035:78)
      at Nv.parseMaybeConditional (node_modules/@storybook/core/dist/babel/index.cjs:142020:78)
      at Nv.parseMaybeAssign (node_modules/@storybook/core/dist/babel/index.cjs:142004:20)
      at Nv.parseMaybeAssign (node_modules/@storybook/core/dist/babel/index.cjs:141392:22)
      at node_modules/@storybook/core/dist/babel/index.cjs:141986:41
      at Nv.allowInAnd (node_modules/@storybook/core/dist/babel/index.cjs:142978:14)
      at Nv.parseMaybeAssignAllowIn (node_modules/@storybook/core/dist/babel/index.cjs:141986:19)
      at Nv.parseObjectProperty (node_modules/@storybook/core/dist/babel/index.cjs:142656:81)
      at Nv.parseObjPropValue (node_modules/@storybook/core/dist/babel/index.cjs:142671:61)
      at Nv.parseObjPropValue (node_modules/@storybook/core/dist/babel/index.cjs:141367:49)
      at Nv.parsePropertyDefinition (node_modules/@storybook/core/dist/babel/index.cjs:142632:19)
      at Nv.parseObjectLike (node_modules/@storybook/core/dist/babel/index.cjs:142596:57)
      at Nv.parseExprAtom (node_modules/@storybook/core/dist/babel/index.cjs:142302:23)
      at Nv.parseExprAtom (node_modules/@storybook/core/dist/babel/index.cjs:139667:45)
      at Nv.parseExprSubscripts (node_modules/@storybook/core/dist/babel/index.cjs:142149:78)
      at Nv.parseUpdate (node_modules/@storybook/core/dist/babel/index.cjs:142139:45)
      at Nv.parseMaybeUnary (node_modules/@storybook/core/dist/babel/index.cjs:142124:20)
      at Nv.parseMaybeUnary (node_modules/@storybook/core/dist/babel/index.cjs:141419:93)
      at Nv.parseMaybeUnaryOrPrivate (node_modules/@storybook/core/dist/babel/index.cjs:142032:63)
      at Nv.parseExprOps (node_modules/@storybook/core/dist/babel/index.cjs:142035:78)
      at Nv.parseMaybeConditional (node_modules/@storybook/core/dist/babel/index.cjs:142020:78)
      at Nv.parseMaybeAssign (node_modules/@storybook/core/dist/babel/index.cjs:142004:20)
      at Nv.parseMaybeAssign (node_modules/@storybook/core/dist/babel/index.cjs:141392:22)
      at node_modules/@storybook/core/dist/babel/index.cjs:141986:41
      at Nv.allowInAnd (node_modules/@storybook/core/dist/babel/index.cjs:142978:14)
      at Nv.parseMaybeAssignAllowIn (node_modules/@storybook/core/dist/babel/index.cjs:141986:19)
      at Nv.parseObjectProperty (node_modules/@storybook/core/dist/babel/index.cjs:142656:81)
      at Nv.parseObjPropValue (node_modules/@storybook/core/dist/babel/index.cjs:142671:61)
      If you are in development, this likely indicates a problem with your Storybook process,
      check the terminal for errors.
      If you are in a deployed Storybook, there may have been an issue deploying the full Storybook
      build.
      at ns2.getStoryIndexFromServer (packages/components/http:/localhost:6007/packages/components/node_modules/.cache/storybook/1c3385a5d25e538d10b518b310c74d3ca2690b6aaffeadccd74da79736171f86/sb-vite/deps/storybook_internal_preview_runtime.js?v=b3da04b4:8624:11)
      at async ns2.initializeWithProjectAnnotations (packages/components/http:/localhost:6007/packages/components/node_modules/.cache/storybook/1c3385a5d25e538d10b518b310c74d3ca2690b6aaffeadccd74da79736171f86/sb-vite/deps/storybook_internal_preview_runtime.js?v=b3da04b4:8606:15)
      at async ns2.initialize (packages/components/http:/localhost:6007/packages/components/node_modules/.cache/storybook/1c3385a5d25e538d10b518b310c74d3ca2690b6aaffeadccd74da79736171f86/sb-vite/deps/storybook_internal_preview_runtime.js?v=b3da04b4:8581:39)

  ● Components/Table › LoadingState › smoke-test

    thrown: "Exceeded timeout of 30000 ms for a test.
    Add a timeout value to this test to increase the timeout, if this is a long-running test. See https://jestjs.io/docs/api#testname-fn-timeout."



      at packages/components/src/Table/TableComponent.stories.tsx:1159:13
      at packages/components/src/Table/TableComponent.stories.tsx:1158:9
      at Object.<anonymous> (packages/components/src/Table/TableComponent.stories.tsx:128:5)

  ● Components/Table › WithForwardRef › smoke-test

    SB_PREVIEW_API_0006 (StoryIndexFetchError): Error fetching `/index.json`:

    Unable to index ./src/Table/EnhancedTable.stories.tsx:
      SyntaxError: Expecting Unicode escape sequence \uXXXX. (1467:15)

      at constructor (node_modules/@storybook/core/dist/babel/index.cjs:134900:15)
      at Nv.raise (node_modules/@storybook/core/dist/babel/index.cjs:137217:54)
      at Nv.readWord1 (node_modules/@storybook/core/dist/babel/index.cjs:137193:18)
      at Nv.readWord (node_modules/@storybook/core/dist/babel/index.cjs:137205:20)
      at Nv.getTokenFromCode (node_modules/@storybook/core/dist/babel/index.cjs:137028:16)
      at Nv.getTokenFromCode (node_modules/@storybook/core/dist/babel/index.cjs:139696:13)
      at Nv.getTokenFromCode (node_modules/@storybook/core/dist/babel/index.cjs:141547:13)
      at Nv.nextToken (node_modules/@storybook/core/dist/babel/index.cjs:136654:12)
      at Nv.next (node_modules/@storybook/core/dist/babel/index.cjs:136586:62)
      at Nv.eat (node_modules/@storybook/core/dist/babel/index.cjs:136589:36)
      at Nv.parseObjectProperty (node_modules/@storybook/core/dist/babel/index.cjs:142655:34)
      at Nv.parseObjPropValue (node_modules/@storybook/core/dist/babel/index.cjs:142671:61)
      at Nv.parseObjPropValue (node_modules/@storybook/core/dist/babel/index.cjs:141367:49)
      at Nv.parsePropertyDefinition (node_modules/@storybook/core/dist/babel/index.cjs:142632:19)
      at Nv.parseObjectLike (node_modules/@storybook/core/dist/babel/index.cjs:142596:57)
      at Nv.parseExprAtom (node_modules/@storybook/core/dist/babel/index.cjs:142302:23)
      at Nv.parseExprAtom (node_modules/@storybook/core/dist/babel/index.cjs:139667:45)
      at Nv.parseExprSubscripts (node_modules/@storybook/core/dist/babel/index.cjs:142149:78)
      at Nv.parseUpdate (node_modules/@storybook/core/dist/babel/index.cjs:142139:45)
      at Nv.parseMaybeUnary (node_modules/@storybook/core/dist/babel/index.cjs:142124:20)
      at Nv.parseMaybeUnary (node_modules/@storybook/core/dist/babel/index.cjs:141419:93)
      at Nv.parseMaybeUnaryOrPrivate (node_modules/@storybook/core/dist/babel/index.cjs:142032:63)
      at Nv.parseExprOps (node_modules/@storybook/core/dist/babel/index.cjs:142035:78)
      at Nv.parseMaybeConditional (node_modules/@storybook/core/dist/babel/index.cjs:142020:78)
      at Nv.parseMaybeAssign (node_modules/@storybook/core/dist/babel/index.cjs:142004:20)
      at Nv.parseMaybeAssign (node_modules/@storybook/core/dist/babel/index.cjs:141392:22)
      at node_modules/@storybook/core/dist/babel/index.cjs:141986:41
      at Nv.allowInAnd (node_modules/@storybook/core/dist/babel/index.cjs:142978:14)
      at Nv.parseMaybeAssignAllowIn (node_modules/@storybook/core/dist/babel/index.cjs:141986:19)
      at Nv.parseObjectProperty (node_modules/@storybook/core/dist/babel/index.cjs:142656:81)
      at Nv.parseObjPropValue (node_modules/@storybook/core/dist/babel/index.cjs:142671:61)
      at Nv.parseObjPropValue (node_modules/@storybook/core/dist/babel/index.cjs:141367:49)
      at Nv.parsePropertyDefinition (node_modules/@storybook/core/dist/babel/index.cjs:142632:19)
      at Nv.parseObjectLike (node_modules/@storybook/core/dist/babel/index.cjs:142596:57)
      at Nv.parseExprAtom (node_modules/@storybook/core/dist/babel/index.cjs:142302:23)
      at Nv.parseExprAtom (node_modules/@storybook/core/dist/babel/index.cjs:139667:45)
      at Nv.parseExprSubscripts (node_modules/@storybook/core/dist/babel/index.cjs:142149:78)
      at Nv.parseUpdate (node_modules/@storybook/core/dist/babel/index.cjs:142139:45)
      at Nv.parseMaybeUnary (node_modules/@storybook/core/dist/babel/index.cjs:142124:20)
      at Nv.parseMaybeUnary (node_modules/@storybook/core/dist/babel/index.cjs:141419:93)
      at Nv.parseMaybeUnaryOrPrivate (node_modules/@storybook/core/dist/babel/index.cjs:142032:63)
      at Nv.parseExprOps (node_modules/@storybook/core/dist/babel/index.cjs:142035:78)
      at Nv.parseMaybeConditional (node_modules/@storybook/core/dist/babel/index.cjs:142020:78)
      at Nv.parseMaybeAssign (node_modules/@storybook/core/dist/babel/index.cjs:142004:20)
      at Nv.parseMaybeAssign (node_modules/@storybook/core/dist/babel/index.cjs:141392:22)
      at node_modules/@storybook/core/dist/babel/index.cjs:141986:41
      at Nv.allowInAnd (node_modules/@storybook/core/dist/babel/index.cjs:142978:14)
      at Nv.parseMaybeAssignAllowIn (node_modules/@storybook/core/dist/babel/index.cjs:141986:19)
      at Nv.parseObjectProperty (node_modules/@storybook/core/dist/babel/index.cjs:142656:81)
      at Nv.parseObjPropValue (node_modules/@storybook/core/dist/babel/index.cjs:142671:61)
      If you are in development, this likely indicates a problem with your Storybook process,
      check the terminal for errors.
      If you are in a deployed Storybook, there may have been an issue deploying the full Storybook
      build.
      at constructor (node_modules/@storybook/core/dist/babel/index.cjs:134900:15)
      at Nv.raise (node_modules/@storybook/core/dist/babel/index.cjs:137217:54)
      at Nv.readWord1 (node_modules/@storybook/core/dist/babel/index.cjs:137193:18)
      at Nv.readWord (node_modules/@storybook/core/dist/babel/index.cjs:137205:20)
      at Nv.getTokenFromCode (node_modules/@storybook/core/dist/babel/index.cjs:137028:16)
      at Nv.getTokenFromCode (node_modules/@storybook/core/dist/babel/index.cjs:139696:13)
      at Nv.getTokenFromCode (node_modules/@storybook/core/dist/babel/index.cjs:141547:13)
      at Nv.nextToken (node_modules/@storybook/core/dist/babel/index.cjs:136654:12)
      at Nv.next (node_modules/@storybook/core/dist/babel/index.cjs:136586:62)
      at Nv.eat (node_modules/@storybook/core/dist/babel/index.cjs:136589:36)
      at Nv.parseObjectProperty (node_modules/@storybook/core/dist/babel/index.cjs:142655:34)
      at Nv.parseObjPropValue (node_modules/@storybook/core/dist/babel/index.cjs:142671:61)
      at Nv.parseObjPropValue (node_modules/@storybook/core/dist/babel/index.cjs:141367:49)
      at Nv.parsePropertyDefinition (node_modules/@storybook/core/dist/babel/index.cjs:142632:19)
      at Nv.parseObjectLike (node_modules/@storybook/core/dist/babel/index.cjs:142596:57)
      at Nv.parseExprAtom (node_modules/@storybook/core/dist/babel/index.cjs:142302:23)
      at Nv.parseExprAtom (node_modules/@storybook/core/dist/babel/index.cjs:139667:45)
      at Nv.parseExprSubscripts (node_modules/@storybook/core/dist/babel/index.cjs:142149:78)
      at Nv.parseUpdate (node_modules/@storybook/core/dist/babel/index.cjs:142139:45)
      at Nv.parseMaybeUnary (node_modules/@storybook/core/dist/babel/index.cjs:142124:20)
      at Nv.parseMaybeUnary (node_modules/@storybook/core/dist/babel/index.cjs:141419:93)
      at Nv.parseMaybeUnaryOrPrivate (node_modules/@storybook/core/dist/babel/index.cjs:142032:63)
      at Nv.parseExprOps (node_modules/@storybook/core/dist/babel/index.cjs:142035:78)
      at Nv.parseMaybeConditional (node_modules/@storybook/core/dist/babel/index.cjs:142020:78)
      at Nv.parseMaybeAssign (node_modules/@storybook/core/dist/babel/index.cjs:142004:20)
      at Nv.parseMaybeAssign (node_modules/@storybook/core/dist/babel/index.cjs:141392:22)
      at node_modules/@storybook/core/dist/babel/index.cjs:141986:41
      at Nv.allowInAnd (node_modules/@storybook/core/dist/babel/index.cjs:142978:14)
      at Nv.parseMaybeAssignAllowIn (node_modules/@storybook/core/dist/babel/index.cjs:141986:19)
      at Nv.parseObjectProperty (node_modules/@storybook/core/dist/babel/index.cjs:142656:81)
      at Nv.parseObjPropValue (node_modules/@storybook/core/dist/babel/index.cjs:142671:61)
      at Nv.parseObjPropValue (node_modules/@storybook/core/dist/babel/index.cjs:141367:49)
      at Nv.parsePropertyDefinition (node_modules/@storybook/core/dist/babel/index.cjs:142632:19)
      at Nv.parseObjectLike (node_modules/@storybook/core/dist/babel/index.cjs:142596:57)
      at Nv.parseExprAtom (node_modules/@storybook/core/dist/babel/index.cjs:142302:23)
      at Nv.parseExprAtom (node_modules/@storybook/core/dist/babel/index.cjs:139667:45)
      at Nv.parseExprSubscripts (node_modules/@storybook/core/dist/babel/index.cjs:142149:78)
      at Nv.parseUpdate (node_modules/@storybook/core/dist/babel/index.cjs:142139:45)
      at Nv.parseMaybeUnary (node_modules/@storybook/core/dist/babel/index.cjs:142124:20)
      at Nv.parseMaybeUnary (node_modules/@storybook/core/dist/babel/index.cjs:141419:93)
      at Nv.parseMaybeUnaryOrPrivate (node_modules/@storybook/core/dist/babel/index.cjs:142032:63)
      at Nv.parseExprOps (node_modules/@storybook/core/dist/babel/index.cjs:142035:78)
      at Nv.parseMaybeConditional (node_modules/@storybook/core/dist/babel/index.cjs:142020:78)
      at Nv.parseMaybeAssign (node_modules/@storybook/core/dist/babel/index.cjs:142004:20)
      at Nv.parseMaybeAssign (node_modules/@storybook/core/dist/babel/index.cjs:141392:22)
      at node_modules/@storybook/core/dist/babel/index.cjs:141986:41
      at Nv.allowInAnd (node_modules/@storybook/core/dist/babel/index.cjs:142978:14)
      at Nv.parseMaybeAssignAllowIn (node_modules/@storybook/core/dist/babel/index.cjs:141986:19)
      at Nv.parseObjectProperty (node_modules/@storybook/core/dist/babel/index.cjs:142656:81)
      at Nv.parseObjPropValue (node_modules/@storybook/core/dist/babel/index.cjs:142671:61)
      If you are in development, this likely indicates a problem with your Storybook process,
      check the terminal for errors.
      If you are in a deployed Storybook, there may have been an issue deploying the full Storybook
      build.
      at ns2.getStoryIndexFromServer (packages/components/http:/localhost:6007/packages/components/node_modules/.cache/storybook/1c3385a5d25e538d10b518b310c74d3ca2690b6aaffeadccd74da79736171f86/sb-vite/deps/storybook_internal_preview_runtime.js?v=b3da04b4:8624:11)
      at async ns2.initializeWithProjectAnnotations (packages/components/http:/localhost:6007/packages/components/node_modules/.cache/storybook/1c3385a5d25e538d10b518b310c74d3ca2690b6aaffeadccd74da79736171f86/sb-vite/deps/storybook_internal_preview_runtime.js?v=b3da04b4:8606:15)
      at async ns2.initialize (packages/components/http:/localhost:6007/packages/components/node_modules/.cache/storybook/1c3385a5d25e538d10b518b310c74d3ca2690b6aaffeadccd74da79736171f86/sb-vite/deps/storybook_internal_preview_runtime.js?v=b3da04b4:8581:39)

  ● Components/Table › WithForwardRef › smoke-test

    thrown: "Exceeded timeout of 30000 ms for a test.
    Add a timeout value to this test to increase the timeout, if this is a long-running test. See https://jestjs.io/docs/api#testname-fn-timeout."



      at packages/components/src/Table/TableComponent.stories.tsx:1306:13
      at packages/components/src/Table/TableComponent.stories.tsx:1305:9
      at Object.<anonymous> (packages/components/src/Table/TableComponent.stories.tsx:128:5)

  ● Components/Table › ColumnWidthControl › smoke-test

    SB_PREVIEW_API_0006 (StoryIndexFetchError): Error fetching `/index.json`:

    Unable to index ./src/Table/EnhancedTable.stories.tsx:
      SyntaxError: Expecting Unicode escape sequence \uXXXX. (1467:15)

      at constructor (node_modules/@storybook/core/dist/babel/index.cjs:134900:15)
      at Nv.raise (node_modules/@storybook/core/dist/babel/index.cjs:137217:54)
      at Nv.readWord1 (node_modules/@storybook/core/dist/babel/index.cjs:137193:18)
      at Nv.readWord (node_modules/@storybook/core/dist/babel/index.cjs:137205:20)
      at Nv.getTokenFromCode (node_modules/@storybook/core/dist/babel/index.cjs:137028:16)
      at Nv.getTokenFromCode (node_modules/@storybook/core/dist/babel/index.cjs:139696:13)
      at Nv.getTokenFromCode (node_modules/@storybook/core/dist/babel/index.cjs:141547:13)
      at Nv.nextToken (node_modules/@storybook/core/dist/babel/index.cjs:136654:12)
      at Nv.next (node_modules/@storybook/core/dist/babel/index.cjs:136586:62)
      at Nv.eat (node_modules/@storybook/core/dist/babel/index.cjs:136589:36)
      at Nv.parseObjectProperty (node_modules/@storybook/core/dist/babel/index.cjs:142655:34)
      at Nv.parseObjPropValue (node_modules/@storybook/core/dist/babel/index.cjs:142671:61)
      at Nv.parseObjPropValue (node_modules/@storybook/core/dist/babel/index.cjs:141367:49)
      at Nv.parsePropertyDefinition (node_modules/@storybook/core/dist/babel/index.cjs:142632:19)
      at Nv.parseObjectLike (node_modules/@storybook/core/dist/babel/index.cjs:142596:57)
      at Nv.parseExprAtom (node_modules/@storybook/core/dist/babel/index.cjs:142302:23)
      at Nv.parseExprAtom (node_modules/@storybook/core/dist/babel/index.cjs:139667:45)
      at Nv.parseExprSubscripts (node_modules/@storybook/core/dist/babel/index.cjs:142149:78)
      at Nv.parseUpdate (node_modules/@storybook/core/dist/babel/index.cjs:142139:45)
      at Nv.parseMaybeUnary (node_modules/@storybook/core/dist/babel/index.cjs:142124:20)
      at Nv.parseMaybeUnary (node_modules/@storybook/core/dist/babel/index.cjs:141419:93)
      at Nv.parseMaybeUnaryOrPrivate (node_modules/@storybook/core/dist/babel/index.cjs:142032:63)
      at Nv.parseExprOps (node_modules/@storybook/core/dist/babel/index.cjs:142035:78)
      at Nv.parseMaybeConditional (node_modules/@storybook/core/dist/babel/index.cjs:142020:78)
      at Nv.parseMaybeAssign (node_modules/@storybook/core/dist/babel/index.cjs:142004:20)
      at Nv.parseMaybeAssign (node_modules/@storybook/core/dist/babel/index.cjs:141392:22)
      at node_modules/@storybook/core/dist/babel/index.cjs:141986:41
      at Nv.allowInAnd (node_modules/@storybook/core/dist/babel/index.cjs:142978:14)
      at Nv.parseMaybeAssignAllowIn (node_modules/@storybook/core/dist/babel/index.cjs:141986:19)
      at Nv.parseObjectProperty (node_modules/@storybook/core/dist/babel/index.cjs:142656:81)
      at Nv.parseObjPropValue (node_modules/@storybook/core/dist/babel/index.cjs:142671:61)
      at Nv.parseObjPropValue (node_modules/@storybook/core/dist/babel/index.cjs:141367:49)
      at Nv.parsePropertyDefinition (node_modules/@storybook/core/dist/babel/index.cjs:142632:19)
      at Nv.parseObjectLike (node_modules/@storybook/core/dist/babel/index.cjs:142596:57)
      at Nv.parseExprAtom (node_modules/@storybook/core/dist/babel/index.cjs:142302:23)
      at Nv.parseExprAtom (node_modules/@storybook/core/dist/babel/index.cjs:139667:45)
      at Nv.parseExprSubscripts (node_modules/@storybook/core/dist/babel/index.cjs:142149:78)
      at Nv.parseUpdate (node_modules/@storybook/core/dist/babel/index.cjs:142139:45)
      at Nv.parseMaybeUnary (node_modules/@storybook/core/dist/babel/index.cjs:142124:20)
      at Nv.parseMaybeUnary (node_modules/@storybook/core/dist/babel/index.cjs:141419:93)
      at Nv.parseMaybeUnaryOrPrivate (node_modules/@storybook/core/dist/babel/index.cjs:142032:63)
      at Nv.parseExprOps (node_modules/@storybook/core/dist/babel/index.cjs:142035:78)
      at Nv.parseMaybeConditional (node_modules/@storybook/core/dist/babel/index.cjs:142020:78)
      at Nv.parseMaybeAssign (node_modules/@storybook/core/dist/babel/index.cjs:142004:20)
      at Nv.parseMaybeAssign (node_modules/@storybook/core/dist/babel/index.cjs:141392:22)
      at node_modules/@storybook/core/dist/babel/index.cjs:141986:41
      at Nv.allowInAnd (node_modules/@storybook/core/dist/babel/index.cjs:142978:14)
      at Nv.parseMaybeAssignAllowIn (node_modules/@storybook/core/dist/babel/index.cjs:141986:19)
      at Nv.parseObjectProperty (node_modules/@storybook/core/dist/babel/index.cjs:142656:81)
      at Nv.parseObjPropValue (node_modules/@storybook/core/dist/babel/index.cjs:142671:61)
      If you are in development, this likely indicates a problem with your Storybook process,
      check the terminal for errors.
      If you are in a deployed Storybook, there may have been an issue deploying the full Storybook
      build.
      at constructor (node_modules/@storybook/core/dist/babel/index.cjs:134900:15)
      at Nv.raise (node_modules/@storybook/core/dist/babel/index.cjs:137217:54)
      at Nv.readWord1 (node_modules/@storybook/core/dist/babel/index.cjs:137193:18)
      at Nv.readWord (node_modules/@storybook/core/dist/babel/index.cjs:137205:20)
      at Nv.getTokenFromCode (node_modules/@storybook/core/dist/babel/index.cjs:137028:16)
      at Nv.getTokenFromCode (node_modules/@storybook/core/dist/babel/index.cjs:139696:13)
      at Nv.getTokenFromCode (node_modules/@storybook/core/dist/babel/index.cjs:141547:13)
      at Nv.nextToken (node_modules/@storybook/core/dist/babel/index.cjs:136654:12)
      at Nv.next (node_modules/@storybook/core/dist/babel/index.cjs:136586:62)
      at Nv.eat (node_modules/@storybook/core/dist/babel/index.cjs:136589:36)
      at Nv.parseObjectProperty (node_modules/@storybook/core/dist/babel/index.cjs:142655:34)
      at Nv.parseObjPropValue (node_modules/@storybook/core/dist/babel/index.cjs:142671:61)
      at Nv.parseObjPropValue (node_modules/@storybook/core/dist/babel/index.cjs:141367:49)
      at Nv.parsePropertyDefinition (node_modules/@storybook/core/dist/babel/index.cjs:142632:19)
      at Nv.parseObjectLike (node_modules/@storybook/core/dist/babel/index.cjs:142596:57)
      at Nv.parseExprAtom (node_modules/@storybook/core/dist/babel/index.cjs:142302:23)
      at Nv.parseExprAtom (node_modules/@storybook/core/dist/babel/index.cjs:139667:45)
      at Nv.parseExprSubscripts (node_modules/@storybook/core/dist/babel/index.cjs:142149:78)
      at Nv.parseUpdate (node_modules/@storybook/core/dist/babel/index.cjs:142139:45)
      at Nv.parseMaybeUnary (node_modules/@storybook/core/dist/babel/index.cjs:142124:20)
      at Nv.parseMaybeUnary (node_modules/@storybook/core/dist/babel/index.cjs:141419:93)
      at Nv.parseMaybeUnaryOrPrivate (node_modules/@storybook/core/dist/babel/index.cjs:142032:63)
      at Nv.parseExprOps (node_modules/@storybook/core/dist/babel/index.cjs:142035:78)
      at Nv.parseMaybeConditional (node_modules/@storybook/core/dist/babel/index.cjs:142020:78)
      at Nv.parseMaybeAssign (node_modules/@storybook/core/dist/babel/index.cjs:142004:20)
      at Nv.parseMaybeAssign (node_modules/@storybook/core/dist/babel/index.cjs:141392:22)
      at node_modules/@storybook/core/dist/babel/index.cjs:141986:41
      at Nv.allowInAnd (node_modules/@storybook/core/dist/babel/index.cjs:142978:14)
      at Nv.parseMaybeAssignAllowIn (node_modules/@storybook/core/dist/babel/index.cjs:141986:19)
      at Nv.parseObjectProperty (node_modules/@storybook/core/dist/babel/index.cjs:142656:81)
      at Nv.parseObjPropValue (node_modules/@storybook/core/dist/babel/index.cjs:142671:61)
      at Nv.parseObjPropValue (node_modules/@storybook/core/dist/babel/index.cjs:141367:49)
      at Nv.parsePropertyDefinition (node_modules/@storybook/core/dist/babel/index.cjs:142632:19)
      at Nv.parseObjectLike (node_modules/@storybook/core/dist/babel/index.cjs:142596:57)
      at Nv.parseExprAtom (node_modules/@storybook/core/dist/babel/index.cjs:142302:23)
      at Nv.parseExprAtom (node_modules/@storybook/core/dist/babel/index.cjs:139667:45)
      at Nv.parseExprSubscripts (node_modules/@storybook/core/dist/babel/index.cjs:142149:78)
      at Nv.parseUpdate (node_modules/@storybook/core/dist/babel/index.cjs:142139:45)
      at Nv.parseMaybeUnary (node_modules/@storybook/core/dist/babel/index.cjs:142124:20)
      at Nv.parseMaybeUnary (node_modules/@storybook/core/dist/babel/index.cjs:141419:93)
      at Nv.parseMaybeUnaryOrPrivate (node_modules/@storybook/core/dist/babel/index.cjs:142032:63)
      at Nv.parseExprOps (node_modules/@storybook/core/dist/babel/index.cjs:142035:78)
      at Nv.parseMaybeConditional (node_modules/@storybook/core/dist/babel/index.cjs:142020:78)
      at Nv.parseMaybeAssign (node_modules/@storybook/core/dist/babel/index.cjs:142004:20)
      at Nv.parseMaybeAssign (node_modules/@storybook/core/dist/babel/index.cjs:141392:22)
      at node_modules/@storybook/core/dist/babel/index.cjs:141986:41
      at Nv.allowInAnd (node_modules/@storybook/core/dist/babel/index.cjs:142978:14)
      at Nv.parseMaybeAssignAllowIn (node_modules/@storybook/core/dist/babel/index.cjs:141986:19)
      at Nv.parseObjectProperty (node_modules/@storybook/core/dist/babel/index.cjs:142656:81)
      at Nv.parseObjPropValue (node_modules/@storybook/core/dist/babel/index.cjs:142671:61)
      If you are in development, this likely indicates a problem with your Storybook process,
      check the terminal for errors.
      If you are in a deployed Storybook, there may have been an issue deploying the full Storybook
      build.
      at ns2.getStoryIndexFromServer (packages/components/http:/localhost:6007/packages/components/node_modules/.cache/storybook/1c3385a5d25e538d10b518b310c74d3ca2690b6aaffeadccd74da79736171f86/sb-vite/deps/storybook_internal_preview_runtime.js?v=b3da04b4:8624:11)
      at async ns2.initializeWithProjectAnnotations (packages/components/http:/localhost:6007/packages/components/node_modules/.cache/storybook/1c3385a5d25e538d10b518b310c74d3ca2690b6aaffeadccd74da79736171f86/sb-vite/deps/storybook_internal_preview_runtime.js?v=b3da04b4:8606:15)
      at async ns2.initialize (packages/components/http:/localhost:6007/packages/components/node_modules/.cache/storybook/1c3385a5d25e538d10b518b310c74d3ca2690b6aaffeadccd74da79736171f86/sb-vite/deps/storybook_internal_preview_runtime.js?v=b3da04b4:8581:39)

  ● Components/Table › ColumnWidthControl › smoke-test

    thrown: "Exceeded timeout of 30000 ms for a test.
    Add a timeout value to this test to increase the timeout, if this is a long-running test. See https://jestjs.io/docs/api#testname-fn-timeout."



      at packages/components/src/Table/TableComponent.stories.tsx:1453:13
      at packages/components/src/Table/TableComponent.stories.tsx:1452:9
      at Object.<anonymous> (packages/components/src/Table/TableComponent.stories.tsx:128:5)

  ● Components/Table › PolymorphicAs › smoke-test

    SB_PREVIEW_API_0006 (StoryIndexFetchError): Error fetching `/index.json`:

    Unable to index ./src/Table/EnhancedTable.stories.tsx:
      SyntaxError: Expecting Unicode escape sequence \uXXXX. (1467:15)

      at constructor (node_modules/@storybook/core/dist/babel/index.cjs:134900:15)
      at Nv.raise (node_modules/@storybook/core/dist/babel/index.cjs:137217:54)
      at Nv.readWord1 (node_modules/@storybook/core/dist/babel/index.cjs:137193:18)
      at Nv.readWord (node_modules/@storybook/core/dist/babel/index.cjs:137205:20)
      at Nv.getTokenFromCode (node_modules/@storybook/core/dist/babel/index.cjs:137028:16)
      at Nv.getTokenFromCode (node_modules/@storybook/core/dist/babel/index.cjs:139696:13)
      at Nv.getTokenFromCode (node_modules/@storybook/core/dist/babel/index.cjs:141547:13)
      at Nv.nextToken (node_modules/@storybook/core/dist/babel/index.cjs:136654:12)
      at Nv.next (node_modules/@storybook/core/dist/babel/index.cjs:136586:62)
      at Nv.eat (node_modules/@storybook/core/dist/babel/index.cjs:136589:36)
      at Nv.parseObjectProperty (node_modules/@storybook/core/dist/babel/index.cjs:142655:34)
      at Nv.parseObjPropValue (node_modules/@storybook/core/dist/babel/index.cjs:142671:61)
      at Nv.parseObjPropValue (node_modules/@storybook/core/dist/babel/index.cjs:141367:49)
      at Nv.parsePropertyDefinition (node_modules/@storybook/core/dist/babel/index.cjs:142632:19)
      at Nv.parseObjectLike (node_modules/@storybook/core/dist/babel/index.cjs:142596:57)
      at Nv.parseExprAtom (node_modules/@storybook/core/dist/babel/index.cjs:142302:23)
      at Nv.parseExprAtom (node_modules/@storybook/core/dist/babel/index.cjs:139667:45)
      at Nv.parseExprSubscripts (node_modules/@storybook/core/dist/babel/index.cjs:142149:78)
      at Nv.parseUpdate (node_modules/@storybook/core/dist/babel/index.cjs:142139:45)
      at Nv.parseMaybeUnary (node_modules/@storybook/core/dist/babel/index.cjs:142124:20)
      at Nv.parseMaybeUnary (node_modules/@storybook/core/dist/babel/index.cjs:141419:93)
      at Nv.parseMaybeUnaryOrPrivate (node_modules/@storybook/core/dist/babel/index.cjs:142032:63)
      at Nv.parseExprOps (node_modules/@storybook/core/dist/babel/index.cjs:142035:78)
      at Nv.parseMaybeConditional (node_modules/@storybook/core/dist/babel/index.cjs:142020:78)
      at Nv.parseMaybeAssign (node_modules/@storybook/core/dist/babel/index.cjs:142004:20)
      at Nv.parseMaybeAssign (node_modules/@storybook/core/dist/babel/index.cjs:141392:22)
      at node_modules/@storybook/core/dist/babel/index.cjs:141986:41
      at Nv.allowInAnd (node_modules/@storybook/core/dist/babel/index.cjs:142978:14)
      at Nv.parseMaybeAssignAllowIn (node_modules/@storybook/core/dist/babel/index.cjs:141986:19)
      at Nv.parseObjectProperty (node_modules/@storybook/core/dist/babel/index.cjs:142656:81)
      at Nv.parseObjPropValue (node_modules/@storybook/core/dist/babel/index.cjs:142671:61)
      at Nv.parseObjPropValue (node_modules/@storybook/core/dist/babel/index.cjs:141367:49)
      at Nv.parsePropertyDefinition (node_modules/@storybook/core/dist/babel/index.cjs:142632:19)
      at Nv.parseObjectLike (node_modules/@storybook/core/dist/babel/index.cjs:142596:57)
      at Nv.parseExprAtom (node_modules/@storybook/core/dist/babel/index.cjs:142302:23)
      at Nv.parseExprAtom (node_modules/@storybook/core/dist/babel/index.cjs:139667:45)
      at Nv.parseExprSubscripts (node_modules/@storybook/core/dist/babel/index.cjs:142149:78)
      at Nv.parseUpdate (node_modules/@storybook/core/dist/babel/index.cjs:142139:45)
      at Nv.parseMaybeUnary (node_modules/@storybook/core/dist/babel/index.cjs:142124:20)
      at Nv.parseMaybeUnary (node_modules/@storybook/core/dist/babel/index.cjs:141419:93)
      at Nv.parseMaybeUnaryOrPrivate (node_modules/@storybook/core/dist/babel/index.cjs:142032:63)
      at Nv.parseExprOps (node_modules/@storybook/core/dist/babel/index.cjs:142035:78)
      at Nv.parseMaybeConditional (node_modules/@storybook/core/dist/babel/index.cjs:142020:78)
      at Nv.parseMaybeAssign (node_modules/@storybook/core/dist/babel/index.cjs:142004:20)
      at Nv.parseMaybeAssign (node_modules/@storybook/core/dist/babel/index.cjs:141392:22)
      at node_modules/@storybook/core/dist/babel/index.cjs:141986:41
      at Nv.allowInAnd (node_modules/@storybook/core/dist/babel/index.cjs:142978:14)
      at Nv.parseMaybeAssignAllowIn (node_modules/@storybook/core/dist/babel/index.cjs:141986:19)
      at Nv.parseObjectProperty (node_modules/@storybook/core/dist/babel/index.cjs:142656:81)
      at Nv.parseObjPropValue (node_modules/@storybook/core/dist/babel/index.cjs:142671:61)
      If you are in development, this likely indicates a problem with your Storybook process,
      check the terminal for errors.
      If you are in a deployed Storybook, there may have been an issue deploying the full Storybook
      build.
      at constructor (node_modules/@storybook/core/dist/babel/index.cjs:134900:15)
      at Nv.raise (node_modules/@storybook/core/dist/babel/index.cjs:137217:54)
      at Nv.readWord1 (node_modules/@storybook/core/dist/babel/index.cjs:137193:18)
      at Nv.readWord (node_modules/@storybook/core/dist/babel/index.cjs:137205:20)
      at Nv.getTokenFromCode (node_modules/@storybook/core/dist/babel/index.cjs:137028:16)
      at Nv.getTokenFromCode (node_modules/@storybook/core/dist/babel/index.cjs:139696:13)
      at Nv.getTokenFromCode (node_modules/@storybook/core/dist/babel/index.cjs:141547:13)
      at Nv.nextToken (node_modules/@storybook/core/dist/babel/index.cjs:136654:12)
      at Nv.next (node_modules/@storybook/core/dist/babel/index.cjs:136586:62)
      at Nv.eat (node_modules/@storybook/core/dist/babel/index.cjs:136589:36)
      at Nv.parseObjectProperty (node_modules/@storybook/core/dist/babel/index.cjs:142655:34)
      at Nv.parseObjPropValue (node_modules/@storybook/core/dist/babel/index.cjs:142671:61)
      at Nv.parseObjPropValue (node_modules/@storybook/core/dist/babel/index.cjs:141367:49)
      at Nv.parsePropertyDefinition (node_modules/@storybook/core/dist/babel/index.cjs:142632:19)
      at Nv.parseObjectLike (node_modules/@storybook/core/dist/babel/index.cjs:142596:57)
      at Nv.parseExprAtom (node_modules/@storybook/core/dist/babel/index.cjs:142302:23)
      at Nv.parseExprAtom (node_modules/@storybook/core/dist/babel/index.cjs:139667:45)
      at Nv.parseExprSubscripts (node_modules/@storybook/core/dist/babel/index.cjs:142149:78)
      at Nv.parseUpdate (node_modules/@storybook/core/dist/babel/index.cjs:142139:45)
      at Nv.parseMaybeUnary (node_modules/@storybook/core/dist/babel/index.cjs:142124:20)
      at Nv.parseMaybeUnary (node_modules/@storybook/core/dist/babel/index.cjs:141419:93)
      at Nv.parseMaybeUnaryOrPrivate (node_modules/@storybook/core/dist/babel/index.cjs:142032:63)
      at Nv.parseExprOps (node_modules/@storybook/core/dist/babel/index.cjs:142035:78)
      at Nv.parseMaybeConditional (node_modules/@storybook/core/dist/babel/index.cjs:142020:78)
      at Nv.parseMaybeAssign (node_modules/@storybook/core/dist/babel/index.cjs:142004:20)
      at Nv.parseMaybeAssign (node_modules/@storybook/core/dist/babel/index.cjs:141392:22)
      at node_modules/@storybook/core/dist/babel/index.cjs:141986:41
      at Nv.allowInAnd (node_modules/@storybook/core/dist/babel/index.cjs:142978:14)
      at Nv.parseMaybeAssignAllowIn (node_modules/@storybook/core/dist/babel/index.cjs:141986:19)
      at Nv.parseObjectProperty (node_modules/@storybook/core/dist/babel/index.cjs:142656:81)
      at Nv.parseObjPropValue (node_modules/@storybook/core/dist/babel/index.cjs:142671:61)
      at Nv.parseObjPropValue (node_modules/@storybook/core/dist/babel/index.cjs:141367:49)
      at Nv.parsePropertyDefinition (node_modules/@storybook/core/dist/babel/index.cjs:142632:19)
      at Nv.parseObjectLike (node_modules/@storybook/core/dist/babel/index.cjs:142596:57)
      at Nv.parseExprAtom (node_modules/@storybook/core/dist/babel/index.cjs:142302:23)
      at Nv.parseExprAtom (node_modules/@storybook/core/dist/babel/index.cjs:139667:45)
      at Nv.parseExprSubscripts (node_modules/@storybook/core/dist/babel/index.cjs:142149:78)
      at Nv.parseUpdate (node_modules/@storybook/core/dist/babel/index.cjs:142139:45)
      at Nv.parseMaybeUnary (node_modules/@storybook/core/dist/babel/index.cjs:142124:20)
      at Nv.parseMaybeUnary (node_modules/@storybook/core/dist/babel/index.cjs:141419:93)
      at Nv.parseMaybeUnaryOrPrivate (node_modules/@storybook/core/dist/babel/index.cjs:142032:63)
      at Nv.parseExprOps (node_modules/@storybook/core/dist/babel/index.cjs:142035:78)
      at Nv.parseMaybeConditional (node_modules/@storybook/core/dist/babel/index.cjs:142020:78)
      at Nv.parseMaybeAssign (node_modules/@storybook/core/dist/babel/index.cjs:142004:20)
      at Nv.parseMaybeAssign (node_modules/@storybook/core/dist/babel/index.cjs:141392:22)
      at node_modules/@storybook/core/dist/babel/index.cjs:141986:41
      at Nv.allowInAnd (node_modules/@storybook/core/dist/babel/index.cjs:142978:14)
      at Nv.parseMaybeAssignAllowIn (node_modules/@storybook/core/dist/babel/index.cjs:141986:19)
      at Nv.parseObjectProperty (node_modules/@storybook/core/dist/babel/index.cjs:142656:81)
      at Nv.parseObjPropValue (node_modules/@storybook/core/dist/babel/index.cjs:142671:61)
      If you are in development, this likely indicates a problem with your Storybook process,
      check the terminal for errors.
      If you are in a deployed Storybook, there may have been an issue deploying the full Storybook
      build.
      at ns2.getStoryIndexFromServer (packages/components/http:/localhost:6007/packages/components/node_modules/.cache/storybook/1c3385a5d25e538d10b518b310c74d3ca2690b6aaffeadccd74da79736171f86/sb-vite/deps/storybook_internal_preview_runtime.js?v=b3da04b4:8624:11)
      at async ns2.initializeWithProjectAnnotations (packages/components/http:/localhost:6007/packages/components/node_modules/.cache/storybook/1c3385a5d25e538d10b518b310c74d3ca2690b6aaffeadccd74da79736171f86/sb-vite/deps/storybook_internal_preview_runtime.js?v=b3da04b4:8606:15)
      at async ns2.initialize (packages/components/http:/localhost:6007/packages/components/node_modules/.cache/storybook/1c3385a5d25e538d10b518b310c74d3ca2690b6aaffeadccd74da79736171f86/sb-vite/deps/storybook_internal_preview_runtime.js?v=b3da04b4:8581:39)

  ● Components/Table › PolymorphicAs › smoke-test

    thrown: "Exceeded timeout of 30000 ms for a test.
    Add a timeout value to this test to increase the timeout, if this is a long-running test. See https://jestjs.io/docs/api#testname-fn-timeout."



      at packages/components/src/Table/TableComponent.stories.tsx:1600:13
      at packages/components/src/Table/TableComponent.stories.tsx:1599:9
      at Object.<anonymous> (packages/components/src/Table/TableComponent.stories.tsx:128:5)

FAIL packages/components/src/SideNavigation/SideNavigation.stories.tsx (363.666 s)
  ● Components/SideNavigation › Default › smoke-test

    SB_PREVIEW_API_0006 (StoryIndexFetchError): Error fetching `/index.json`:

    Unable to index ./src/Table/EnhancedTable.stories.tsx:
      SyntaxError: Expecting Unicode escape sequence \uXXXX. (1467:15)

      at constructor (node_modules/@storybook/core/dist/babel/index.cjs:134900:15)
      at Nv.raise (node_modules/@storybook/core/dist/babel/index.cjs:137217:54)
      at Nv.readWord1 (node_modules/@storybook/core/dist/babel/index.cjs:137193:18)
      at Nv.readWord (node_modules/@storybook/core/dist/babel/index.cjs:137205:20)
      at Nv.getTokenFromCode (node_modules/@storybook/core/dist/babel/index.cjs:137028:16)
      at Nv.getTokenFromCode (node_modules/@storybook/core/dist/babel/index.cjs:139696:13)
      at Nv.getTokenFromCode (node_modules/@storybook/core/dist/babel/index.cjs:141547:13)
      at Nv.nextToken (node_modules/@storybook/core/dist/babel/index.cjs:136654:12)
      at Nv.next (node_modules/@storybook/core/dist/babel/index.cjs:136586:62)
      at Nv.eat (node_modules/@storybook/core/dist/babel/index.cjs:136589:36)
      at Nv.parseObjectProperty (node_modules/@storybook/core/dist/babel/index.cjs:142655:34)
      at Nv.parseObjPropValue (node_modules/@storybook/core/dist/babel/index.cjs:142671:61)
      at Nv.parseObjPropValue (node_modules/@storybook/core/dist/babel/index.cjs:141367:49)
      at Nv.parsePropertyDefinition (node_modules/@storybook/core/dist/babel/index.cjs:142632:19)
      at Nv.parseObjectLike (node_modules/@storybook/core/dist/babel/index.cjs:142596:57)
      at Nv.parseExprAtom (node_modules/@storybook/core/dist/babel/index.cjs:142302:23)
      at Nv.parseExprAtom (node_modules/@storybook/core/dist/babel/index.cjs:139667:45)
      at Nv.parseExprSubscripts (node_modules/@storybook/core/dist/babel/index.cjs:142149:78)
      at Nv.parseUpdate (node_modules/@storybook/core/dist/babel/index.cjs:142139:45)
      at Nv.parseMaybeUnary (node_modules/@storybook/core/dist/babel/index.cjs:142124:20)
      at Nv.parseMaybeUnary (node_modules/@storybook/core/dist/babel/index.cjs:141419:93)
      at Nv.parseMaybeUnaryOrPrivate (node_modules/@storybook/core/dist/babel/index.cjs:142032:63)
      at Nv.parseExprOps (node_modules/@storybook/core/dist/babel/index.cjs:142035:78)
      at Nv.parseMaybeConditional (node_modules/@storybook/core/dist/babel/index.cjs:142020:78)
      at Nv.parseMaybeAssign (node_modules/@storybook/core/dist/babel/index.cjs:142004:20)
      at Nv.parseMaybeAssign (node_modules/@storybook/core/dist/babel/index.cjs:141392:22)
      at node_modules/@storybook/core/dist/babel/index.cjs:141986:41
      at Nv.allowInAnd (node_modules/@storybook/core/dist/babel/index.cjs:142978:14)
      at Nv.parseMaybeAssignAllowIn (node_modules/@storybook/core/dist/babel/index.cjs:141986:19)
      at Nv.parseObjectProperty (node_modules/@storybook/core/dist/babel/index.cjs:142656:81)
      at Nv.parseObjPropValue (node_modules/@storybook/core/dist/babel/index.cjs:142671:61)
      at Nv.parseObjPropValue (node_modules/@storybook/core/dist/babel/index.cjs:141367:49)
      at Nv.parsePropertyDefinition (node_modules/@storybook/core/dist/babel/index.cjs:142632:19)
      at Nv.parseObjectLike (node_modules/@storybook/core/dist/babel/index.cjs:142596:57)
      at Nv.parseExprAtom (node_modules/@storybook/core/dist/babel/index.cjs:142302:23)
      at Nv.parseExprAtom (node_modules/@storybook/core/dist/babel/index.cjs:139667:45)
      at Nv.parseExprSubscripts (node_modules/@storybook/core/dist/babel/index.cjs:142149:78)
      at Nv.parseUpdate (node_modules/@storybook/core/dist/babel/index.cjs:142139:45)
      at Nv.parseMaybeUnary (node_modules/@storybook/core/dist/babel/index.cjs:142124:20)
      at Nv.parseMaybeUnary (node_modules/@storybook/core/dist/babel/index.cjs:141419:93)
      at Nv.parseMaybeUnaryOrPrivate (node_modules/@storybook/core/dist/babel/index.cjs:142032:63)
      at Nv.parseExprOps (node_modules/@storybook/core/dist/babel/index.cjs:142035:78)
      at Nv.parseMaybeConditional (node_modules/@storybook/core/dist/babel/index.cjs:142020:78)
      at Nv.parseMaybeAssign (node_modules/@storybook/core/dist/babel/index.cjs:142004:20)
      at Nv.parseMaybeAssign (node_modules/@storybook/core/dist/babel/index.cjs:141392:22)
      at node_modules/@storybook/core/dist/babel/index.cjs:141986:41
      at Nv.allowInAnd (node_modules/@storybook/core/dist/babel/index.cjs:142978:14)
      at Nv.parseMaybeAssignAllowIn (node_modules/@storybook/core/dist/babel/index.cjs:141986:19)
      at Nv.parseObjectProperty (node_modules/@storybook/core/dist/babel/index.cjs:142656:81)
      at Nv.parseObjPropValue (node_modules/@storybook/core/dist/babel/index.cjs:142671:61)
      If you are in development, this likely indicates a problem with your Storybook process,
      check the terminal for errors.
      If you are in a deployed Storybook, there may have been an issue deploying the full Storybook
      build.
      at constructor (node_modules/@storybook/core/dist/babel/index.cjs:134900:15)
      at Nv.raise (node_modules/@storybook/core/dist/babel/index.cjs:137217:54)
      at Nv.readWord1 (node_modules/@storybook/core/dist/babel/index.cjs:137193:18)
      at Nv.readWord (node_modules/@storybook/core/dist/babel/index.cjs:137205:20)
      at Nv.getTokenFromCode (node_modules/@storybook/core/dist/babel/index.cjs:137028:16)
      at Nv.getTokenFromCode (node_modules/@storybook/core/dist/babel/index.cjs:139696:13)
      at Nv.getTokenFromCode (node_modules/@storybook/core/dist/babel/index.cjs:141547:13)
      at Nv.nextToken (node_modules/@storybook/core/dist/babel/index.cjs:136654:12)
      at Nv.next (node_modules/@storybook/core/dist/babel/index.cjs:136586:62)
      at Nv.eat (node_modules/@storybook/core/dist/babel/index.cjs:136589:36)
      at Nv.parseObjectProperty (node_modules/@storybook/core/dist/babel/index.cjs:142655:34)
      at Nv.parseObjPropValue (node_modules/@storybook/core/dist/babel/index.cjs:142671:61)
      at Nv.parseObjPropValue (node_modules/@storybook/core/dist/babel/index.cjs:141367:49)
      at Nv.parsePropertyDefinition (node_modules/@storybook/core/dist/babel/index.cjs:142632:19)
      at Nv.parseObjectLike (node_modules/@storybook/core/dist/babel/index.cjs:142596:57)
      at Nv.parseExprAtom (node_modules/@storybook/core/dist/babel/index.cjs:142302:23)
      at Nv.parseExprAtom (node_modules/@storybook/core/dist/babel/index.cjs:139667:45)
      at Nv.parseExprSubscripts (node_modules/@storybook/core/dist/babel/index.cjs:142149:78)
      at Nv.parseUpdate (node_modules/@storybook/core/dist/babel/index.cjs:142139:45)
      at Nv.parseMaybeUnary (node_modules/@storybook/core/dist/babel/index.cjs:142124:20)
      at Nv.parseMaybeUnary (node_modules/@storybook/core/dist/babel/index.cjs:141419:93)
      at Nv.parseMaybeUnaryOrPrivate (node_modules/@storybook/core/dist/babel/index.cjs:142032:63)
      at Nv.parseExprOps (node_modules/@storybook/core/dist/babel/index.cjs:142035:78)
      at Nv.parseMaybeConditional (node_modules/@storybook/core/dist/babel/index.cjs:142020:78)
      at Nv.parseMaybeAssign (node_modules/@storybook/core/dist/babel/index.cjs:142004:20)
      at Nv.parseMaybeAssign (node_modules/@storybook/core/dist/babel/index.cjs:141392:22)
      at node_modules/@storybook/core/dist/babel/index.cjs:141986:41
      at Nv.allowInAnd (node_modules/@storybook/core/dist/babel/index.cjs:142978:14)
      at Nv.parseMaybeAssignAllowIn (node_modules/@storybook/core/dist/babel/index.cjs:141986:19)
      at Nv.parseObjectProperty (node_modules/@storybook/core/dist/babel/index.cjs:142656:81)
      at Nv.parseObjPropValue (node_modules/@storybook/core/dist/babel/index.cjs:142671:61)
      at Nv.parseObjPropValue (node_modules/@storybook/core/dist/babel/index.cjs:141367:49)
      at Nv.parsePropertyDefinition (node_modules/@storybook/core/dist/babel/index.cjs:142632:19)
      at Nv.parseObjectLike (node_modules/@storybook/core/dist/babel/index.cjs:142596:57)
      at Nv.parseExprAtom (node_modules/@storybook/core/dist/babel/index.cjs:142302:23)
      at Nv.parseExprAtom (node_modules/@storybook/core/dist/babel/index.cjs:139667:45)
      at Nv.parseExprSubscripts (node_modules/@storybook/core/dist/babel/index.cjs:142149:78)
      at Nv.parseUpdate (node_modules/@storybook/core/dist/babel/index.cjs:142139:45)
      at Nv.parseMaybeUnary (node_modules/@storybook/core/dist/babel/index.cjs:142124:20)
      at Nv.parseMaybeUnary (node_modules/@storybook/core/dist/babel/index.cjs:141419:93)
      at Nv.parseMaybeUnaryOrPrivate (node_modules/@storybook/core/dist/babel/index.cjs:142032:63)
      at Nv.parseExprOps (node_modules/@storybook/core/dist/babel/index.cjs:142035:78)
      at Nv.parseMaybeConditional (node_modules/@storybook/core/dist/babel/index.cjs:142020:78)
      at Nv.parseMaybeAssign (node_modules/@storybook/core/dist/babel/index.cjs:142004:20)
      at Nv.parseMaybeAssign (node_modules/@storybook/core/dist/babel/index.cjs:141392:22)
      at node_modules/@storybook/core/dist/babel/index.cjs:141986:41
      at Nv.allowInAnd (node_modules/@storybook/core/dist/babel/index.cjs:142978:14)
      at Nv.parseMaybeAssignAllowIn (node_modules/@storybook/core/dist/babel/index.cjs:141986:19)
      at Nv.parseObjectProperty (node_modules/@storybook/core/dist/babel/index.cjs:142656:81)
      at Nv.parseObjPropValue (node_modules/@storybook/core/dist/babel/index.cjs:142671:61)
      If you are in development, this likely indicates a problem with your Storybook process,
      check the terminal for errors.
      If you are in a deployed Storybook, there may have been an issue deploying the full Storybook
      build.
      at ns2.getStoryIndexFromServer (packages/components/http:/localhost:6007/packages/components/node_modules/.cache/storybook/1c3385a5d25e538d10b518b310c74d3ca2690b6aaffeadccd74da79736171f86/sb-vite/deps/storybook_internal_preview_runtime.js?v=b3da04b4:8624:11)
      at async ns2.initializeWithProjectAnnotations (packages/components/http:/localhost:6007/packages/components/node_modules/.cache/storybook/1c3385a5d25e538d10b518b310c74d3ca2690b6aaffeadccd74da79736171f86/sb-vite/deps/storybook_internal_preview_runtime.js?v=b3da04b4:8606:15)
      at async ns2.initialize (packages/components/http:/localhost:6007/packages/components/node_modules/.cache/storybook/1c3385a5d25e538d10b518b310c74d3ca2690b6aaffeadccd74da79736171f86/sb-vite/deps/storybook_internal_preview_runtime.js?v=b3da04b4:8581:39)

  ● Components/SideNavigation › Default › smoke-test

    SB_PREVIEW_API_0006 (StoryIndexFetchError): Error fetching `/index.json`:

    Unable to index ./src/Table/EnhancedTable.stories.tsx:
      SyntaxError: Expecting Unicode escape sequence \uXXXX. (1467:15)

      at constructor (node_modules/@storybook/core/dist/babel/index.cjs:134900:15)
      at Nv.raise (node_modules/@storybook/core/dist/babel/index.cjs:137217:54)
      at Nv.readWord1 (node_modules/@storybook/core/dist/babel/index.cjs:137193:18)
      at Nv.readWord (node_modules/@storybook/core/dist/babel/index.cjs:137205:20)
      at Nv.getTokenFromCode (node_modules/@storybook/core/dist/babel/index.cjs:137028:16)
      at Nv.getTokenFromCode (node_modules/@storybook/core/dist/babel/index.cjs:139696:13)
      at Nv.getTokenFromCode (node_modules/@storybook/core/dist/babel/index.cjs:141547:13)
      at Nv.nextToken (node_modules/@storybook/core/dist/babel/index.cjs:136654:12)
      at Nv.next (node_modules/@storybook/core/dist/babel/index.cjs:136586:62)
      at Nv.eat (node_modules/@storybook/core/dist/babel/index.cjs:136589:36)
      at Nv.parseObjectProperty (node_modules/@storybook/core/dist/babel/index.cjs:142655:34)
      at Nv.parseObjPropValue (node_modules/@storybook/core/dist/babel/index.cjs:142671:61)
      at Nv.parseObjPropValue (node_modules/@storybook/core/dist/babel/index.cjs:141367:49)
      at Nv.parsePropertyDefinition (node_modules/@storybook/core/dist/babel/index.cjs:142632:19)
      at Nv.parseObjectLike (node_modules/@storybook/core/dist/babel/index.cjs:142596:57)
      at Nv.parseExprAtom (node_modules/@storybook/core/dist/babel/index.cjs:142302:23)
      at Nv.parseExprAtom (node_modules/@storybook/core/dist/babel/index.cjs:139667:45)
      at Nv.parseExprSubscripts (node_modules/@storybook/core/dist/babel/index.cjs:142149:78)
      at Nv.parseUpdate (node_modules/@storybook/core/dist/babel/index.cjs:142139:45)
      at Nv.parseMaybeUnary (node_modules/@storybook/core/dist/babel/index.cjs:142124:20)
      at Nv.parseMaybeUnary (node_modules/@storybook/core/dist/babel/index.cjs:141419:93)
      at Nv.parseMaybeUnaryOrPrivate (node_modules/@storybook/core/dist/babel/index.cjs:142032:63)
      at Nv.parseExprOps (node_modules/@storybook/core/dist/babel/index.cjs:142035:78)
      at Nv.parseMaybeConditional (node_modules/@storybook/core/dist/babel/index.cjs:142020:78)
      at Nv.parseMaybeAssign (node_modules/@storybook/core/dist/babel/index.cjs:142004:20)
      at Nv.parseMaybeAssign (node_modules/@storybook/core/dist/babel/index.cjs:141392:22)
      at node_modules/@storybook/core/dist/babel/index.cjs:141986:41
      at Nv.allowInAnd (node_modules/@storybook/core/dist/babel/index.cjs:142978:14)
      at Nv.parseMaybeAssignAllowIn (node_modules/@storybook/core/dist/babel/index.cjs:141986:19)
      at Nv.parseObjectProperty (node_modules/@storybook/core/dist/babel/index.cjs:142656:81)
      at Nv.parseObjPropValue (node_modules/@storybook/core/dist/babel/index.cjs:142671:61)
      at Nv.parseObjPropValue (node_modules/@storybook/core/dist/babel/index.cjs:141367:49)
      at Nv.parsePropertyDefinition (node_modules/@storybook/core/dist/babel/index.cjs:142632:19)
      at Nv.parseObjectLike (node_modules/@storybook/core/dist/babel/index.cjs:142596:57)
      at Nv.parseExprAtom (node_modules/@storybook/core/dist/babel/index.cjs:142302:23)
      at Nv.parseExprAtom (node_modules/@storybook/core/dist/babel/index.cjs:139667:45)
      at Nv.parseExprSubscripts (node_modules/@storybook/core/dist/babel/index.cjs:142149:78)
      at Nv.parseUpdate (node_modules/@storybook/core/dist/babel/index.cjs:142139:45)
      at Nv.parseMaybeUnary (node_modules/@storybook/core/dist/babel/index.cjs:142124:20)
      at Nv.parseMaybeUnary (node_modules/@storybook/core/dist/babel/index.cjs:141419:93)
      at Nv.parseMaybeUnaryOrPrivate (node_modules/@storybook/core/dist/babel/index.cjs:142032:63)
      at Nv.parseExprOps (node_modules/@storybook/core/dist/babel/index.cjs:142035:78)
      at Nv.parseMaybeConditional (node_modules/@storybook/core/dist/babel/index.cjs:142020:78)
      at Nv.parseMaybeAssign (node_modules/@storybook/core/dist/babel/index.cjs:142004:20)
      at Nv.parseMaybeAssign (node_modules/@storybook/core/dist/babel/index.cjs:141392:22)
      at node_modules/@storybook/core/dist/babel/index.cjs:141986:41
      at Nv.allowInAnd (node_modules/@storybook/core/dist/babel/index.cjs:142978:14)
      at Nv.parseMaybeAssignAllowIn (node_modules/@storybook/core/dist/babel/index.cjs:141986:19)
      at Nv.parseObjectProperty (node_modules/@storybook/core/dist/babel/index.cjs:142656:81)
      at Nv.parseObjPropValue (node_modules/@storybook/core/dist/babel/index.cjs:142671:61)
      If you are in development, this likely indicates a problem with your Storybook process,
      check the terminal for errors.
      If you are in a deployed Storybook, there may have been an issue deploying the full Storybook
      build.
      at constructor (node_modules/@storybook/core/dist/babel/index.cjs:134900:15)
      at Nv.raise (node_modules/@storybook/core/dist/babel/index.cjs:137217:54)
      at Nv.readWord1 (node_modules/@storybook/core/dist/babel/index.cjs:137193:18)
      at Nv.readWord (node_modules/@storybook/core/dist/babel/index.cjs:137205:20)
      at Nv.getTokenFromCode (node_modules/@storybook/core/dist/babel/index.cjs:137028:16)
      at Nv.getTokenFromCode (node_modules/@storybook/core/dist/babel/index.cjs:139696:13)
      at Nv.getTokenFromCode (node_modules/@storybook/core/dist/babel/index.cjs:141547:13)
      at Nv.nextToken (node_modules/@storybook/core/dist/babel/index.cjs:136654:12)
      at Nv.next (node_modules/@storybook/core/dist/babel/index.cjs:136586:62)
      at Nv.eat (node_modules/@storybook/core/dist/babel/index.cjs:136589:36)
      at Nv.parseObjectProperty (node_modules/@storybook/core/dist/babel/index.cjs:142655:34)
      at Nv.parseObjPropValue (node_modules/@storybook/core/dist/babel/index.cjs:142671:61)
      at Nv.parseObjPropValue (node_modules/@storybook/core/dist/babel/index.cjs:141367:49)
      at Nv.parsePropertyDefinition (node_modules/@storybook/core/dist/babel/index.cjs:142632:19)
      at Nv.parseObjectLike (node_modules/@storybook/core/dist/babel/index.cjs:142596:57)
      at Nv.parseExprAtom (node_modules/@storybook/core/dist/babel/index.cjs:142302:23)
      at Nv.parseExprAtom (node_modules/@storybook/core/dist/babel/index.cjs:139667:45)
      at Nv.parseExprSubscripts (node_modules/@storybook/core/dist/babel/index.cjs:142149:78)
      at Nv.parseUpdate (node_modules/@storybook/core/dist/babel/index.cjs:142139:45)
      at Nv.parseMaybeUnary (node_modules/@storybook/core/dist/babel/index.cjs:142124:20)
      at Nv.parseMaybeUnary (node_modules/@storybook/core/dist/babel/index.cjs:141419:93)
      at Nv.parseMaybeUnaryOrPrivate (node_modules/@storybook/core/dist/babel/index.cjs:142032:63)
      at Nv.parseExprOps (node_modules/@storybook/core/dist/babel/index.cjs:142035:78)
      at Nv.parseMaybeConditional (node_modules/@storybook/core/dist/babel/index.cjs:142020:78)
      at Nv.parseMaybeAssign (node_modules/@storybook/core/dist/babel/index.cjs:142004:20)
      at Nv.parseMaybeAssign (node_modules/@storybook/core/dist/babel/index.cjs:141392:22)
      at node_modules/@storybook/core/dist/babel/index.cjs:141986:41
      at Nv.allowInAnd (node_modules/@storybook/core/dist/babel/index.cjs:142978:14)
      at Nv.parseMaybeAssignAllowIn (node_modules/@storybook/core/dist/babel/index.cjs:141986:19)
      at Nv.parseObjectProperty (node_modules/@storybook/core/dist/babel/index.cjs:142656:81)
      at Nv.parseObjPropValue (node_modules/@storybook/core/dist/babel/index.cjs:142671:61)
      at Nv.parseObjPropValue (node_modules/@storybook/core/dist/babel/index.cjs:141367:49)
      at Nv.parsePropertyDefinition (node_modules/@storybook/core/dist/babel/index.cjs:142632:19)
      at Nv.parseObjectLike (node_modules/@storybook/core/dist/babel/index.cjs:142596:57)
      at Nv.parseExprAtom (node_modules/@storybook/core/dist/babel/index.cjs:142302:23)
      at Nv.parseExprAtom (node_modules/@storybook/core/dist/babel/index.cjs:139667:45)
      at Nv.parseExprSubscripts (node_modules/@storybook/core/dist/babel/index.cjs:142149:78)
      at Nv.parseUpdate (node_modules/@storybook/core/dist/babel/index.cjs:142139:45)
      at Nv.parseMaybeUnary (node_modules/@storybook/core/dist/babel/index.cjs:142124:20)
      at Nv.parseMaybeUnary (node_modules/@storybook/core/dist/babel/index.cjs:141419:93)
      at Nv.parseMaybeUnaryOrPrivate (node_modules/@storybook/core/dist/babel/index.cjs:142032:63)
      at Nv.parseExprOps (node_modules/@storybook/core/dist/babel/index.cjs:142035:78)
      at Nv.parseMaybeConditional (node_modules/@storybook/core/dist/babel/index.cjs:142020:78)
      at Nv.parseMaybeAssign (node_modules/@storybook/core/dist/babel/index.cjs:142004:20)
      at Nv.parseMaybeAssign (node_modules/@storybook/core/dist/babel/index.cjs:141392:22)
      at node_modules/@storybook/core/dist/babel/index.cjs:141986:41
      at Nv.allowInAnd (node_modules/@storybook/core/dist/babel/index.cjs:142978:14)
      at Nv.parseMaybeAssignAllowIn (node_modules/@storybook/core/dist/babel/index.cjs:141986:19)
      at Nv.parseObjectProperty (node_modules/@storybook/core/dist/babel/index.cjs:142656:81)
      at Nv.parseObjPropValue (node_modules/@storybook/core/dist/babel/index.cjs:142671:61)
      If you are in development, this likely indicates a problem with your Storybook process,
      check the terminal for errors.
      If you are in a deployed Storybook, there may have been an issue deploying the full Storybook
      build.
      at ns2.getStoryIndexFromServer (packages/components/http:/localhost:6007/packages/components/node_modules/.cache/storybook/1c3385a5d25e538d10b518b310c74d3ca2690b6aaffeadccd74da79736171f86/sb-vite/deps/storybook_internal_preview_runtime.js?v=b3da04b4:8624:11)
      at async ns2.initializeWithProjectAnnotations (packages/components/http:/localhost:6007/packages/components/node_modules/.cache/storybook/1c3385a5d25e538d10b518b310c74d3ca2690b6aaffeadccd74da79736171f86/sb-vite/deps/storybook_internal_preview_runtime.js?v=b3da04b4:8606:15)
      at async ns2.initialize (packages/components/http:/localhost:6007/packages/components/node_modules/.cache/storybook/1c3385a5d25e538d10b518b310c74d3ca2690b6aaffeadccd74da79736171f86/sb-vite/deps/storybook_internal_preview_runtime.js?v=b3da04b4:8581:39)

  ● Components/SideNavigation › Default › smoke-test

    thrown: "Exceeded timeout of 30000 ms for a test.
    Add a timeout value to this test to increase the timeout, if this is a long-running test. See https://jestjs.io/docs/api#testname-fn-timeout."

      128 | ];
      129 | \`\`\``,
    > 130 |       },
          |         ^
      131 |     },
      132 |   },
      133 |   tags: ['autodocs'],

      at packages/components/src/SideNavigation/SideNavigation.stories.tsx:130:13
      at packages/components/src/SideNavigation/SideNavigation.stories.tsx:129:9
      at Object.<anonymous> (packages/components/src/SideNavigation/SideNavigation.stories.tsx:128:5)

  ● Components/SideNavigation › WithNotifications › smoke-test

    SB_PREVIEW_API_0006 (StoryIndexFetchError): Error fetching `/index.json`:

    Unable to index ./src/Table/EnhancedTable.stories.tsx:
      SyntaxError: Expecting Unicode escape sequence \uXXXX. (1467:15)

      at constructor (node_modules/@storybook/core/dist/babel/index.cjs:134900:15)
      at Nv.raise (node_modules/@storybook/core/dist/babel/index.cjs:137217:54)
      at Nv.readWord1 (node_modules/@storybook/core/dist/babel/index.cjs:137193:18)
      at Nv.readWord (node_modules/@storybook/core/dist/babel/index.cjs:137205:20)
      at Nv.getTokenFromCode (node_modules/@storybook/core/dist/babel/index.cjs:137028:16)
      at Nv.getTokenFromCode (node_modules/@storybook/core/dist/babel/index.cjs:139696:13)
      at Nv.getTokenFromCode (node_modules/@storybook/core/dist/babel/index.cjs:141547:13)
      at Nv.nextToken (node_modules/@storybook/core/dist/babel/index.cjs:136654:12)
      at Nv.next (node_modules/@storybook/core/dist/babel/index.cjs:136586:62)
      at Nv.eat (node_modules/@storybook/core/dist/babel/index.cjs:136589:36)
      at Nv.parseObjectProperty (node_modules/@storybook/core/dist/babel/index.cjs:142655:34)
      at Nv.parseObjPropValue (node_modules/@storybook/core/dist/babel/index.cjs:142671:61)
      at Nv.parseObjPropValue (node_modules/@storybook/core/dist/babel/index.cjs:141367:49)
      at Nv.parsePropertyDefinition (node_modules/@storybook/core/dist/babel/index.cjs:142632:19)
      at Nv.parseObjectLike (node_modules/@storybook/core/dist/babel/index.cjs:142596:57)
      at Nv.parseExprAtom (node_modules/@storybook/core/dist/babel/index.cjs:142302:23)
      at Nv.parseExprAtom (node_modules/@storybook/core/dist/babel/index.cjs:139667:45)
      at Nv.parseExprSubscripts (node_modules/@storybook/core/dist/babel/index.cjs:142149:78)
      at Nv.parseUpdate (node_modules/@storybook/core/dist/babel/index.cjs:142139:45)
      at Nv.parseMaybeUnary (node_modules/@storybook/core/dist/babel/index.cjs:142124:20)
      at Nv.parseMaybeUnary (node_modules/@storybook/core/dist/babel/index.cjs:141419:93)
      at Nv.parseMaybeUnaryOrPrivate (node_modules/@storybook/core/dist/babel/index.cjs:142032:63)
      at Nv.parseExprOps (node_modules/@storybook/core/dist/babel/index.cjs:142035:78)
      at Nv.parseMaybeConditional (node_modules/@storybook/core/dist/babel/index.cjs:142020:78)
      at Nv.parseMaybeAssign (node_modules/@storybook/core/dist/babel/index.cjs:142004:20)
      at Nv.parseMaybeAssign (node_modules/@storybook/core/dist/babel/index.cjs:141392:22)
      at node_modules/@storybook/core/dist/babel/index.cjs:141986:41
      at Nv.allowInAnd (node_modules/@storybook/core/dist/babel/index.cjs:142978:14)
      at Nv.parseMaybeAssignAllowIn (node_modules/@storybook/core/dist/babel/index.cjs:141986:19)
      at Nv.parseObjectProperty (node_modules/@storybook/core/dist/babel/index.cjs:142656:81)
      at Nv.parseObjPropValue (node_modules/@storybook/core/dist/babel/index.cjs:142671:61)
      at Nv.parseObjPropValue (node_modules/@storybook/core/dist/babel/index.cjs:141367:49)
      at Nv.parsePropertyDefinition (node_modules/@storybook/core/dist/babel/index.cjs:142632:19)
      at Nv.parseObjectLike (node_modules/@storybook/core/dist/babel/index.cjs:142596:57)
      at Nv.parseExprAtom (node_modules/@storybook/core/dist/babel/index.cjs:142302:23)
      at Nv.parseExprAtom (node_modules/@storybook/core/dist/babel/index.cjs:139667:45)
      at Nv.parseExprSubscripts (node_modules/@storybook/core/dist/babel/index.cjs:142149:78)
      at Nv.parseUpdate (node_modules/@storybook/core/dist/babel/index.cjs:142139:45)
      at Nv.parseMaybeUnary (node_modules/@storybook/core/dist/babel/index.cjs:142124:20)
      at Nv.parseMaybeUnary (node_modules/@storybook/core/dist/babel/index.cjs:141419:93)
      at Nv.parseMaybeUnaryOrPrivate (node_modules/@storybook/core/dist/babel/index.cjs:142032:63)
      at Nv.parseExprOps (node_modules/@storybook/core/dist/babel/index.cjs:142035:78)
      at Nv.parseMaybeConditional (node_modules/@storybook/core/dist/babel/index.cjs:142020:78)
      at Nv.parseMaybeAssign (node_modules/@storybook/core/dist/babel/index.cjs:142004:20)
      at Nv.parseMaybeAssign (node_modules/@storybook/core/dist/babel/index.cjs:141392:22)
      at node_modules/@storybook/core/dist/babel/index.cjs:141986:41
      at Nv.allowInAnd (node_modules/@storybook/core/dist/babel/index.cjs:142978:14)
      at Nv.parseMaybeAssignAllowIn (node_modules/@storybook/core/dist/babel/index.cjs:141986:19)
      at Nv.parseObjectProperty (node_modules/@storybook/core/dist/babel/index.cjs:142656:81)
      at Nv.parseObjPropValue (node_modules/@storybook/core/dist/babel/index.cjs:142671:61)
      If you are in development, this likely indicates a problem with your Storybook process,
      check the terminal for errors.
      If you are in a deployed Storybook, there may have been an issue deploying the full Storybook
      build.
      at constructor (node_modules/@storybook/core/dist/babel/index.cjs:134900:15)
      at Nv.raise (node_modules/@storybook/core/dist/babel/index.cjs:137217:54)
      at Nv.readWord1 (node_modules/@storybook/core/dist/babel/index.cjs:137193:18)
      at Nv.readWord (node_modules/@storybook/core/dist/babel/index.cjs:137205:20)
      at Nv.getTokenFromCode (node_modules/@storybook/core/dist/babel/index.cjs:137028:16)
      at Nv.getTokenFromCode (node_modules/@storybook/core/dist/babel/index.cjs:139696:13)
      at Nv.getTokenFromCode (node_modules/@storybook/core/dist/babel/index.cjs:141547:13)
      at Nv.nextToken (node_modules/@storybook/core/dist/babel/index.cjs:136654:12)
      at Nv.next (node_modules/@storybook/core/dist/babel/index.cjs:136586:62)
      at Nv.eat (node_modules/@storybook/core/dist/babel/index.cjs:136589:36)
      at Nv.parseObjectProperty (node_modules/@storybook/core/dist/babel/index.cjs:142655:34)
      at Nv.parseObjPropValue (node_modules/@storybook/core/dist/babel/index.cjs:142671:61)
      at Nv.parseObjPropValue (node_modules/@storybook/core/dist/babel/index.cjs:141367:49)
      at Nv.parsePropertyDefinition (node_modules/@storybook/core/dist/babel/index.cjs:142632:19)
      at Nv.parseObjectLike (node_modules/@storybook/core/dist/babel/index.cjs:142596:57)
      at Nv.parseExprAtom (node_modules/@storybook/core/dist/babel/index.cjs:142302:23)
      at Nv.parseExprAtom (node_modules/@storybook/core/dist/babel/index.cjs:139667:45)
      at Nv.parseExprSubscripts (node_modules/@storybook/core/dist/babel/index.cjs:142149:78)
      at Nv.parseUpdate (node_modules/@storybook/core/dist/babel/index.cjs:142139:45)
      at Nv.parseMaybeUnary (node_modules/@storybook/core/dist/babel/index.cjs:142124:20)
      at Nv.parseMaybeUnary (node_modules/@storybook/core/dist/babel/index.cjs:141419:93)
      at Nv.parseMaybeUnaryOrPrivate (node_modules/@storybook/core/dist/babel/index.cjs:142032:63)
      at Nv.parseExprOps (node_modules/@storybook/core/dist/babel/index.cjs:142035:78)
      at Nv.parseMaybeConditional (node_modules/@storybook/core/dist/babel/index.cjs:142020:78)
      at Nv.parseMaybeAssign (node_modules/@storybook/core/dist/babel/index.cjs:142004:20)
      at Nv.parseMaybeAssign (node_modules/@storybook/core/dist/babel/index.cjs:141392:22)
      at node_modules/@storybook/core/dist/babel/index.cjs:141986:41
      at Nv.allowInAnd (node_modules/@storybook/core/dist/babel/index.cjs:142978:14)
      at Nv.parseMaybeAssignAllowIn (node_modules/@storybook/core/dist/babel/index.cjs:141986:19)
      at Nv.parseObjectProperty (node_modules/@storybook/core/dist/babel/index.cjs:142656:81)
      at Nv.parseObjPropValue (node_modules/@storybook/core/dist/babel/index.cjs:142671:61)
      at Nv.parseObjPropValue (node_modules/@storybook/core/dist/babel/index.cjs:141367:49)
      at Nv.parsePropertyDefinition (node_modules/@storybook/core/dist/babel/index.cjs:142632:19)
      at Nv.parseObjectLike (node_modules/@storybook/core/dist/babel/index.cjs:142596:57)
      at Nv.parseExprAtom (node_modules/@storybook/core/dist/babel/index.cjs:142302:23)
      at Nv.parseExprAtom (node_modules/@storybook/core/dist/babel/index.cjs:139667:45)
      at Nv.parseExprSubscripts (node_modules/@storybook/core/dist/babel/index.cjs:142149:78)
      at Nv.parseUpdate (node_modules/@storybook/core/dist/babel/index.cjs:142139:45)
      at Nv.parseMaybeUnary (node_modules/@storybook/core/dist/babel/index.cjs:142124:20)
      at Nv.parseMaybeUnary (node_modules/@storybook/core/dist/babel/index.cjs:141419:93)
      at Nv.parseMaybeUnaryOrPrivate (node_modules/@storybook/core/dist/babel/index.cjs:142032:63)
      at Nv.parseExprOps (node_modules/@storybook/core/dist/babel/index.cjs:142035:78)
      at Nv.parseMaybeConditional (node_modules/@storybook/core/dist/babel/index.cjs:142020:78)
      at Nv.parseMaybeAssign (node_modules/@storybook/core/dist/babel/index.cjs:142004:20)
      at Nv.parseMaybeAssign (node_modules/@storybook/core/dist/babel/index.cjs:141392:22)
      at node_modules/@storybook/core/dist/babel/index.cjs:141986:41
      at Nv.allowInAnd (node_modules/@storybook/core/dist/babel/index.cjs:142978:14)
      at Nv.parseMaybeAssignAllowIn (node_modules/@storybook/core/dist/babel/index.cjs:141986:19)
      at Nv.parseObjectProperty (node_modules/@storybook/core/dist/babel/index.cjs:142656:81)
      at Nv.parseObjPropValue (node_modules/@storybook/core/dist/babel/index.cjs:142671:61)
      If you are in development, this likely indicates a problem with your Storybook process,
      check the terminal for errors.
      If you are in a deployed Storybook, there may have been an issue deploying the full Storybook
      build.
      at ns2.getStoryIndexFromServer (packages/components/http:/localhost:6007/packages/components/node_modules/.cache/storybook/1c3385a5d25e538d10b518b310c74d3ca2690b6aaffeadccd74da79736171f86/sb-vite/deps/storybook_internal_preview_runtime.js?v=b3da04b4:8624:11)
      at async ns2.initializeWithProjectAnnotations (packages/components/http:/localhost:6007/packages/components/node_modules/.cache/storybook/1c3385a5d25e538d10b518b310c74d3ca2690b6aaffeadccd74da79736171f86/sb-vite/deps/storybook_internal_preview_runtime.js?v=b3da04b4:8606:15)
      at async ns2.initialize (packages/components/http:/localhost:6007/packages/components/node_modules/.cache/storybook/1c3385a5d25e538d10b518b310c74d3ca2690b6aaffeadccd74da79736171f86/sb-vite/deps/storybook_internal_preview_runtime.js?v=b3da04b4:8581:39)

  ● Components/SideNavigation › WithNotifications › smoke-test

    SB_PREVIEW_API_0006 (StoryIndexFetchError): Error fetching `/index.json`:

    Unable to index ./src/Table/EnhancedTable.stories.tsx:
      SyntaxError: Unterminated template. (1467:15)

      at constructor (node_modules/@storybook/core/dist/babel/index.cjs:134900:15)
      at Nv.raise (node_modules/@storybook/core/dist/babel/index.cjs:137217:54)
      at Object.unterminated (node_modules/@storybook/core/dist/babel/index.cjs:136577:22)
      at readStringContents (node_modules/@storybook/core/dist/babel/index.cjs:136355:11)
      at Nv.readTemplateToken (node_modules/@storybook/core/dist/babel/index.cjs:137173:11)
      at Nv.getTokenFromCode (node_modules/@storybook/core/dist/babel/index.cjs:136958:16)
      at Nv.getTokenFromCode (node_modules/@storybook/core/dist/babel/index.cjs:139696:13)
      at Nv.getTokenFromCode (node_modules/@storybook/core/dist/babel/index.cjs:141547:13)
      at Nv.nextToken (node_modules/@storybook/core/dist/babel/index.cjs:136654:12)
      at Nv.next (node_modules/@storybook/core/dist/babel/index.cjs:136586:62)
      at Nv.eat (node_modules/@storybook/core/dist/babel/index.cjs:136589:36)
      at Nv.parseObjectProperty (node_modules/@storybook/core/dist/babel/index.cjs:142655:34)
      at Nv.parseObjPropValue (node_modules/@storybook/core/dist/babel/index.cjs:142671:61)
      at Nv.parseObjPropValue (node_modules/@storybook/core/dist/babel/index.cjs:141367:49)
      at Nv.parsePropertyDefinition (node_modules/@storybook/core/dist/babel/index.cjs:142632:19)
      at Nv.parseObjectLike (node_modules/@storybook/core/dist/babel/index.cjs:142596:57)
      at Nv.parseExprAtom (node_modules/@storybook/core/dist/babel/index.cjs:142302:23)
      at Nv.parseExprAtom (node_modules/@storybook/core/dist/babel/index.cjs:139667:45)
      at Nv.parseExprSubscripts (node_modules/@storybook/core/dist/babel/index.cjs:142149:78)
      at Nv.parseUpdate (node_modules/@storybook/core/dist/babel/index.cjs:142139:45)
      at Nv.parseMaybeUnary (node_modules/@storybook/core/dist/babel/index.cjs:142124:20)
      at Nv.parseMaybeUnary (node_modules/@storybook/core/dist/babel/index.cjs:141419:93)
      at Nv.parseMaybeUnaryOrPrivate (node_modules/@storybook/core/dist/babel/index.cjs:142032:63)
      at Nv.parseExprOps (node_modules/@storybook/core/dist/babel/index.cjs:142035:78)
      at Nv.parseMaybeConditional (node_modules/@storybook/core/dist/babel/index.cjs:142020:78)
      at Nv.parseMaybeAssign (node_modules/@storybook/core/dist/babel/index.cjs:142004:20)
      at Nv.parseMaybeAssign (node_modules/@storybook/core/dist/babel/index.cjs:141392:22)
      at node_modules/@storybook/core/dist/babel/index.cjs:141986:41
      at Nv.allowInAnd (node_modules/@storybook/core/dist/babel/index.cjs:142978:14)
      at Nv.parseMaybeAssignAllowIn (node_modules/@storybook/core/dist/babel/index.cjs:141986:19)
      at Nv.parseObjectProperty (node_modules/@storybook/core/dist/babel/index.cjs:142656:81)
      at Nv.parseObjPropValue (node_modules/@storybook/core/dist/babel/index.cjs:142671:61)
      at Nv.parseObjPropValue (node_modules/@storybook/core/dist/babel/index.cjs:141367:49)
      at Nv.parsePropertyDefinition (node_modules/@storybook/core/dist/babel/index.cjs:142632:19)
      at Nv.parseObjectLike (node_modules/@storybook/core/dist/babel/index.cjs:142596:57)
      at Nv.parseExprAtom (node_modules/@storybook/core/dist/babel/index.cjs:142302:23)
      at Nv.parseExprAtom (node_modules/@storybook/core/dist/babel/index.cjs:139667:45)
      at Nv.parseExprSubscripts (node_modules/@storybook/core/dist/babel/index.cjs:142149:78)
      at Nv.parseUpdate (node_modules/@storybook/core/dist/babel/index.cjs:142139:45)
      at Nv.parseMaybeUnary (node_modules/@storybook/core/dist/babel/index.cjs:142124:20)
      at Nv.parseMaybeUnary (node_modules/@storybook/core/dist/babel/index.cjs:141419:93)
      at Nv.parseMaybeUnaryOrPrivate (node_modules/@storybook/core/dist/babel/index.cjs:142032:63)
      at Nv.parseExprOps (node_modules/@storybook/core/dist/babel/index.cjs:142035:78)
      at Nv.parseMaybeConditional (node_modules/@storybook/core/dist/babel/index.cjs:142020:78)
      at Nv.parseMaybeAssign (node_modules/@storybook/core/dist/babel/index.cjs:142004:20)
      at Nv.parseMaybeAssign (node_modules/@storybook/core/dist/babel/index.cjs:141392:22)
      at node_modules/@storybook/core/dist/babel/index.cjs:141986:41
      at Nv.allowInAnd (node_modules/@storybook/core/dist/babel/index.cjs:142978:14)
      at Nv.parseMaybeAssignAllowIn (node_modules/@storybook/core/dist/babel/index.cjs:141986:19)
      at Nv.parseObjectProperty (node_modules/@storybook/core/dist/babel/index.cjs:142656:81)
      If you are in development, this likely indicates a problem with your Storybook process,
      check the terminal for errors.
      If you are in a deployed Storybook, there may have been an issue deploying the full Storybook
      build.
      at constructor (node_modules/@storybook/core/dist/babel/index.cjs:134900:15)
      at Nv.raise (node_modules/@storybook/core/dist/babel/index.cjs:137217:54)
      at Object.unterminated (node_modules/@storybook/core/dist/babel/index.cjs:136577:22)
      at readStringContents (node_modules/@storybook/core/dist/babel/index.cjs:136355:11)
      at Nv.readTemplateToken (node_modules/@storybook/core/dist/babel/index.cjs:137173:11)
      at Nv.getTokenFromCode (node_modules/@storybook/core/dist/babel/index.cjs:136958:16)
      at Nv.getTokenFromCode (node_modules/@storybook/core/dist/babel/index.cjs:139696:13)
      at Nv.getTokenFromCode (node_modules/@storybook/core/dist/babel/index.cjs:141547:13)
      at Nv.nextToken (node_modules/@storybook/core/dist/babel/index.cjs:136654:12)
      at Nv.next (node_modules/@storybook/core/dist/babel/index.cjs:136586:62)
      at Nv.eat (node_modules/@storybook/core/dist/babel/index.cjs:136589:36)
      at Nv.parseObjectProperty (node_modules/@storybook/core/dist/babel/index.cjs:142655:34)
      at Nv.parseObjPropValue (node_modules/@storybook/core/dist/babel/index.cjs:142671:61)
      at Nv.parseObjPropValue (node_modules/@storybook/core/dist/babel/index.cjs:141367:49)
      at Nv.parsePropertyDefinition (node_modules/@storybook/core/dist/babel/index.cjs:142632:19)
      at Nv.parseObjectLike (node_modules/@storybook/core/dist/babel/index.cjs:142596:57)
      at Nv.parseExprAtom (node_modules/@storybook/core/dist/babel/index.cjs:142302:23)
      at Nv.parseExprAtom (node_modules/@storybook/core/dist/babel/index.cjs:139667:45)
      at Nv.parseExprSubscripts (node_modules/@storybook/core/dist/babel/index.cjs:142149:78)
      at Nv.parseUpdate (node_modules/@storybook/core/dist/babel/index.cjs:142139:45)
      at Nv.parseMaybeUnary (node_modules/@storybook/core/dist/babel/index.cjs:142124:20)
      at Nv.parseMaybeUnary (node_modules/@storybook/core/dist/babel/index.cjs:141419:93)
      at Nv.parseMaybeUnaryOrPrivate (node_modules/@storybook/core/dist/babel/index.cjs:142032:63)
      at Nv.parseExprOps (node_modules/@storybook/core/dist/babel/index.cjs:142035:78)
      at Nv.parseMaybeConditional (node_modules/@storybook/core/dist/babel/index.cjs:142020:78)
      at Nv.parseMaybeAssign (node_modules/@storybook/core/dist/babel/index.cjs:142004:20)
      at Nv.parseMaybeAssign (node_modules/@storybook/core/dist/babel/index.cjs:141392:22)
      at node_modules/@storybook/core/dist/babel/index.cjs:141986:41
      at Nv.allowInAnd (node_modules/@storybook/core/dist/babel/index.cjs:142978:14)
      at Nv.parseMaybeAssignAllowIn (node_modules/@storybook/core/dist/babel/index.cjs:141986:19)
      at Nv.parseObjectProperty (node_modules/@storybook/core/dist/babel/index.cjs:142656:81)
      at Nv.parseObjPropValue (node_modules/@storybook/core/dist/babel/index.cjs:142671:61)
      at Nv.parseObjPropValue (node_modules/@storybook/core/dist/babel/index.cjs:141367:49)
      at Nv.parsePropertyDefinition (node_modules/@storybook/core/dist/babel/index.cjs:142632:19)
      at Nv.parseObjectLike (node_modules/@storybook/core/dist/babel/index.cjs:142596:57)
      at Nv.parseExprAtom (node_modules/@storybook/core/dist/babel/index.cjs:142302:23)
      at Nv.parseExprAtom (node_modules/@storybook/core/dist/babel/index.cjs:139667:45)
      at Nv.parseExprSubscripts (node_modules/@storybook/core/dist/babel/index.cjs:142149:78)
      at Nv.parseUpdate (node_modules/@storybook/core/dist/babel/index.cjs:142139:45)
      at Nv.parseMaybeUnary (node_modules/@storybook/core/dist/babel/index.cjs:142124:20)
      at Nv.parseMaybeUnary (node_modules/@storybook/core/dist/babel/index.cjs:141419:93)
      at Nv.parseMaybeUnaryOrPrivate (node_modules/@storybook/core/dist/babel/index.cjs:142032:63)
      at Nv.parseExprOps (node_modules/@storybook/core/dist/babel/index.cjs:142035:78)
      at Nv.parseMaybeConditional (node_modules/@storybook/core/dist/babel/index.cjs:142020:78)
      at Nv.parseMaybeAssign (node_modules/@storybook/core/dist/babel/index.cjs:142004:20)
      at Nv.parseMaybeAssign (node_modules/@storybook/core/dist/babel/index.cjs:141392:22)
      at node_modules/@storybook/core/dist/babel/index.cjs:141986:41
      at Nv.allowInAnd (node_modules/@storybook/core/dist/babel/index.cjs:142978:14)
      at Nv.parseMaybeAssignAllowIn (node_modules/@storybook/core/dist/babel/index.cjs:141986:19)
      at Nv.parseObjectProperty (node_modules/@storybook/core/dist/babel/index.cjs:142656:81)
      If you are in development, this likely indicates a problem with your Storybook process,
      check the terminal for errors.
      If you are in a deployed Storybook, there may have been an issue deploying the full Storybook
      build.
      at ns2.getStoryIndexFromServer (packages/components/http:/localhost:6007/packages/components/node_modules/.cache/storybook/1c3385a5d25e538d10b518b310c74d3ca2690b6aaffeadccd74da79736171f86/sb-vite/deps/storybook_internal_preview_runtime.js?v=b3da04b4:8624:11)
      at async ns2.onStoryIndexChanged (packages/components/http:/localhost:6007/packages/components/node_modules/.cache/storybook/1c3385a5d25e538d10b518b310c74d3ca2690b6aaffeadccd74da79736171f86/sb-vite/deps/storybook_internal_preview_runtime.js?v=b3da04b4:8664:17)

  ● Components/SideNavigation › WithNotifications › smoke-test

    SB_PREVIEW_API_0006 (StoryIndexFetchError): Error fetching `/index.json`:

    Unable to index ./src/Table/EnhancedTable.stories.tsx:
      SyntaxError: Unterminated template. (1467:15)

      at constructor (node_modules/@storybook/core/dist/babel/index.cjs:134900:15)
      at Nv.raise (node_modules/@storybook/core/dist/babel/index.cjs:137217:54)
      at Object.unterminated (node_modules/@storybook/core/dist/babel/index.cjs:136577:22)
      at readStringContents (node_modules/@storybook/core/dist/babel/index.cjs:136355:11)
      at Nv.readTemplateToken (node_modules/@storybook/core/dist/babel/index.cjs:137173:11)
      at Nv.getTokenFromCode (node_modules/@storybook/core/dist/babel/index.cjs:136958:16)
      at Nv.getTokenFromCode (node_modules/@storybook/core/dist/babel/index.cjs:139696:13)
      at Nv.getTokenFromCode (node_modules/@storybook/core/dist/babel/index.cjs:141547:13)
      at Nv.nextToken (node_modules/@storybook/core/dist/babel/index.cjs:136654:12)
      at Nv.next (node_modules/@storybook/core/dist/babel/index.cjs:136586:62)
      at Nv.eat (node_modules/@storybook/core/dist/babel/index.cjs:136589:36)
      at Nv.parseObjectProperty (node_modules/@storybook/core/dist/babel/index.cjs:142655:34)
      at Nv.parseObjPropValue (node_modules/@storybook/core/dist/babel/index.cjs:142671:61)
      at Nv.parseObjPropValue (node_modules/@storybook/core/dist/babel/index.cjs:141367:49)
      at Nv.parsePropertyDefinition (node_modules/@storybook/core/dist/babel/index.cjs:142632:19)
      at Nv.parseObjectLike (node_modules/@storybook/core/dist/babel/index.cjs:142596:57)
      at Nv.parseExprAtom (node_modules/@storybook/core/dist/babel/index.cjs:142302:23)
      at Nv.parseExprAtom (node_modules/@storybook/core/dist/babel/index.cjs:139667:45)
      at Nv.parseExprSubscripts (node_modules/@storybook/core/dist/babel/index.cjs:142149:78)
      at Nv.parseUpdate (node_modules/@storybook/core/dist/babel/index.cjs:142139:45)
      at Nv.parseMaybeUnary (node_modules/@storybook/core/dist/babel/index.cjs:142124:20)
      at Nv.parseMaybeUnary (node_modules/@storybook/core/dist/babel/index.cjs:141419:93)
      at Nv.parseMaybeUnaryOrPrivate (node_modules/@storybook/core/dist/babel/index.cjs:142032:63)
      at Nv.parseExprOps (node_modules/@storybook/core/dist/babel/index.cjs:142035:78)
      at Nv.parseMaybeConditional (node_modules/@storybook/core/dist/babel/index.cjs:142020:78)
      at Nv.parseMaybeAssign (node_modules/@storybook/core/dist/babel/index.cjs:142004:20)
      at Nv.parseMaybeAssign (node_modules/@storybook/core/dist/babel/index.cjs:141392:22)
      at node_modules/@storybook/core/dist/babel/index.cjs:141986:41
      at Nv.allowInAnd (node_modules/@storybook/core/dist/babel/index.cjs:142978:14)
      at Nv.parseMaybeAssignAllowIn (node_modules/@storybook/core/dist/babel/index.cjs:141986:19)
      at Nv.parseObjectProperty (node_modules/@storybook/core/dist/babel/index.cjs:142656:81)
      at Nv.parseObjPropValue (node_modules/@storybook/core/dist/babel/index.cjs:142671:61)
      at Nv.parseObjPropValue (node_modules/@storybook/core/dist/babel/index.cjs:141367:49)
      at Nv.parsePropertyDefinition (node_modules/@storybook/core/dist/babel/index.cjs:142632:19)
      at Nv.parseObjectLike (node_modules/@storybook/core/dist/babel/index.cjs:142596:57)
      at Nv.parseExprAtom (node_modules/@storybook/core/dist/babel/index.cjs:142302:23)
      at Nv.parseExprAtom (node_modules/@storybook/core/dist/babel/index.cjs:139667:45)
      at Nv.parseExprSubscripts (node_modules/@storybook/core/dist/babel/index.cjs:142149:78)
      at Nv.parseUpdate (node_modules/@storybook/core/dist/babel/index.cjs:142139:45)
      at Nv.parseMaybeUnary (node_modules/@storybook/core/dist/babel/index.cjs:142124:20)
      at Nv.parseMaybeUnary (node_modules/@storybook/core/dist/babel/index.cjs:141419:93)
      at Nv.parseMaybeUnaryOrPrivate (node_modules/@storybook/core/dist/babel/index.cjs:142032:63)
      at Nv.parseExprOps (node_modules/@storybook/core/dist/babel/index.cjs:142035:78)
      at Nv.parseMaybeConditional (node_modules/@storybook/core/dist/babel/index.cjs:142020:78)
      at Nv.parseMaybeAssign (node_modules/@storybook/core/dist/babel/index.cjs:142004:20)
      at Nv.parseMaybeAssign (node_modules/@storybook/core/dist/babel/index.cjs:141392:22)
      at node_modules/@storybook/core/dist/babel/index.cjs:141986:41
      at Nv.allowInAnd (node_modules/@storybook/core/dist/babel/index.cjs:142978:14)
      at Nv.parseMaybeAssignAllowIn (node_modules/@storybook/core/dist/babel/index.cjs:141986:19)
      at Nv.parseObjectProperty (node_modules/@storybook/core/dist/babel/index.cjs:142656:81)
      If you are in development, this likely indicates a problem with your Storybook process,
      check the terminal for errors.
      If you are in a deployed Storybook, there may have been an issue deploying the full Storybook
      build.
      at constructor (node_modules/@storybook/core/dist/babel/index.cjs:134900:15)
      at Nv.raise (node_modules/@storybook/core/dist/babel/index.cjs:137217:54)
      at Object.unterminated (node_modules/@storybook/core/dist/babel/index.cjs:136577:22)
      at readStringContents (node_modules/@storybook/core/dist/babel/index.cjs:136355:11)
      at Nv.readTemplateToken (node_modules/@storybook/core/dist/babel/index.cjs:137173:11)
      at Nv.getTokenFromCode (node_modules/@storybook/core/dist/babel/index.cjs:136958:16)
      at Nv.getTokenFromCode (node_modules/@storybook/core/dist/babel/index.cjs:139696:13)
      at Nv.getTokenFromCode (node_modules/@storybook/core/dist/babel/index.cjs:141547:13)
      at Nv.nextToken (node_modules/@storybook/core/dist/babel/index.cjs:136654:12)
      at Nv.next (node_modules/@storybook/core/dist/babel/index.cjs:136586:62)
      at Nv.eat (node_modules/@storybook/core/dist/babel/index.cjs:136589:36)
      at Nv.parseObjectProperty (node_modules/@storybook/core/dist/babel/index.cjs:142655:34)
      at Nv.parseObjPropValue (node_modules/@storybook/core/dist/babel/index.cjs:142671:61)
      at Nv.parseObjPropValue (node_modules/@storybook/core/dist/babel/index.cjs:141367:49)
      at Nv.parsePropertyDefinition (node_modules/@storybook/core/dist/babel/index.cjs:142632:19)
      at Nv.parseObjectLike (node_modules/@storybook/core/dist/babel/index.cjs:142596:57)
      at Nv.parseExprAtom (node_modules/@storybook/core/dist/babel/index.cjs:142302:23)
      at Nv.parseExprAtom (node_modules/@storybook/core/dist/babel/index.cjs:139667:45)
      at Nv.parseExprSubscripts (node_modules/@storybook/core/dist/babel/index.cjs:142149:78)
      at Nv.parseUpdate (node_modules/@storybook/core/dist/babel/index.cjs:142139:45)
      at Nv.parseMaybeUnary (node_modules/@storybook/core/dist/babel/index.cjs:142124:20)
      at Nv.parseMaybeUnary (node_modules/@storybook/core/dist/babel/index.cjs:141419:93)
      at Nv.parseMaybeUnaryOrPrivate (node_modules/@storybook/core/dist/babel/index.cjs:142032:63)
      at Nv.parseExprOps (node_modules/@storybook/core/dist/babel/index.cjs:142035:78)
      at Nv.parseMaybeConditional (node_modules/@storybook/core/dist/babel/index.cjs:142020:78)
      at Nv.parseMaybeAssign (node_modules/@storybook/core/dist/babel/index.cjs:142004:20)
      at Nv.parseMaybeAssign (node_modules/@storybook/core/dist/babel/index.cjs:141392:22)
      at node_modules/@storybook/core/dist/babel/index.cjs:141986:41
      at Nv.allowInAnd (node_modules/@storybook/core/dist/babel/index.cjs:142978:14)
      at Nv.parseMaybeAssignAllowIn (node_modules/@storybook/core/dist/babel/index.cjs:141986:19)
      at Nv.parseObjectProperty (node_modules/@storybook/core/dist/babel/index.cjs:142656:81)
      at Nv.parseObjPropValue (node_modules/@storybook/core/dist/babel/index.cjs:142671:61)
      at Nv.parseObjPropValue (node_modules/@storybook/core/dist/babel/index.cjs:141367:49)
      at Nv.parsePropertyDefinition (node_modules/@storybook/core/dist/babel/index.cjs:142632:19)
      at Nv.parseObjectLike (node_modules/@storybook/core/dist/babel/index.cjs:142596:57)
      at Nv.parseExprAtom (node_modules/@storybook/core/dist/babel/index.cjs:142302:23)
      at Nv.parseExprAtom (node_modules/@storybook/core/dist/babel/index.cjs:139667:45)
      at Nv.parseExprSubscripts (node_modules/@storybook/core/dist/babel/index.cjs:142149:78)
      at Nv.parseUpdate (node_modules/@storybook/core/dist/babel/index.cjs:142139:45)
      at Nv.parseMaybeUnary (node_modules/@storybook/core/dist/babel/index.cjs:142124:20)
      at Nv.parseMaybeUnary (node_modules/@storybook/core/dist/babel/index.cjs:141419:93)
      at Nv.parseMaybeUnaryOrPrivate (node_modules/@storybook/core/dist/babel/index.cjs:142032:63)
      at Nv.parseExprOps (node_modules/@storybook/core/dist/babel/index.cjs:142035:78)
      at Nv.parseMaybeConditional (node_modules/@storybook/core/dist/babel/index.cjs:142020:78)
      at Nv.parseMaybeAssign (node_modules/@storybook/core/dist/babel/index.cjs:142004:20)
      at Nv.parseMaybeAssign (node_modules/@storybook/core/dist/babel/index.cjs:141392:22)
      at node_modules/@storybook/core/dist/babel/index.cjs:141986:41
      at Nv.allowInAnd (node_modules/@storybook/core/dist/babel/index.cjs:142978:14)
      at Nv.parseMaybeAssignAllowIn (node_modules/@storybook/core/dist/babel/index.cjs:141986:19)
      at Nv.parseObjectProperty (node_modules/@storybook/core/dist/babel/index.cjs:142656:81)
      If you are in development, this likely indicates a problem with your Storybook process,
      check the terminal for errors.
      If you are in a deployed Storybook, there may have been an issue deploying the full Storybook
      build.
      at ns2.getStoryIndexFromServer (packages/components/http:/localhost:6007/packages/components/node_modules/.cache/storybook/1c3385a5d25e538d10b518b310c74d3ca2690b6aaffeadccd74da79736171f86/sb-vite/deps/storybook_internal_preview_runtime.js?v=b3da04b4:8624:11)
      at async ns2.onStoryIndexChanged (packages/components/http:/localhost:6007/packages/components/node_modules/.cache/storybook/1c3385a5d25e538d10b518b310c74d3ca2690b6aaffeadccd74da79736171f86/sb-vite/deps/storybook_internal_preview_runtime.js?v=b3da04b4:8664:17)

  ● Components/SideNavigation › WithNotifications › smoke-test

    SB_PREVIEW_API_0005 (CalledPreviewMethodBeforeInitializationError): Called `Preview.onStoriesChanged()` before initialization.

    The preview needs to load the story index before most methods can be called. If you want
    to call `onStoriesChanged`, try `await preview.initializationPromise;` first.

    If you didn't call the above code, then likely it was called by an addon that needs to
    do the above.

      at ns2.onStoriesChanged (packages/components/http:/localhost:6007/packages/components/node_modules/.cache/storybook/1c3385a5d25e538d10b518b310c74d3ca2690b6aaffeadccd74da79736171f86/sb-vite/deps/storybook_internal_preview_runtime.js?v=b3da04b4:8680:13)
      at ns2.onStoriesChanged (packages/components/http:/localhost:6007/packages/components/node_modules/.cache/storybook/1c3385a5d25e538d10b518b310c74d3ca2690b6aaffeadccd74da79736171f86/sb-vite/deps/storybook_internal_preview_runtime.js?v=b3da04b4:9171:17)
      at packages/components/http:/localhost:6007/@id/__x00__virtual:/@storybook/builder-vite/vite-app.js:39:35
      at packages/components/http:/localhost:6007/@vite/client:36:52
      at packages/components/http:/localhost:6007/@vite/client:213:11
      at packages/components/http:/localhost:6007/@vite/client:186:58
          at Array.forEach (<anonymous>)
      at HMRClient.queueUpdate (packages/components/http:/localhost:6007/@vite/client:186:36)
          at async Promise.all (index 0)
      at async handleMessage (packages/components/http:/localhost:6007/@vite/client:927:7)

  ● Components/SideNavigation › WithNotifications › smoke-test

    thrown: "Exceeded timeout of 30000 ms for a test.
    Add a timeout value to this test to increase the timeout, if this is a long-running test. See https://jestjs.io/docs/api#testname-fn-timeout."

      275 |       },
      276 |       source: {
    > 277 |         transform: (_code: string, storyContext: any) => {
          |             ^
      278 |           const { args } = storyContext;
      279 |           const props = [];
      280 |           

      at packages/components/src/SideNavigation/SideNavigation.stories.tsx:277:13
      at packages/components/src/SideNavigation/SideNavigation.stories.tsx:276:9
      at Object.<anonymous> (packages/components/src/SideNavigation/SideNavigation.stories.tsx:128:5)

  ● Components/SideNavigation › WithoutUser › smoke-test

    SB_PREVIEW_API_0006 (StoryIndexFetchError): Error fetching `/index.json`:

    Unable to index ./src/Table/EnhancedTable.stories.tsx:
      SyntaxError: Expecting Unicode escape sequence \uXXXX. (1467:15)

      at constructor (node_modules/@storybook/core/dist/babel/index.cjs:134900:15)
      at Nv.raise (node_modules/@storybook/core/dist/babel/index.cjs:137217:54)
      at Nv.readWord1 (node_modules/@storybook/core/dist/babel/index.cjs:137193:18)
      at Nv.readWord (node_modules/@storybook/core/dist/babel/index.cjs:137205:20)
      at Nv.getTokenFromCode (node_modules/@storybook/core/dist/babel/index.cjs:137028:16)
      at Nv.getTokenFromCode (node_modules/@storybook/core/dist/babel/index.cjs:139696:13)
      at Nv.getTokenFromCode (node_modules/@storybook/core/dist/babel/index.cjs:141547:13)
      at Nv.nextToken (node_modules/@storybook/core/dist/babel/index.cjs:136654:12)
      at Nv.next (node_modules/@storybook/core/dist/babel/index.cjs:136586:62)
      at Nv.eat (node_modules/@storybook/core/dist/babel/index.cjs:136589:36)
      at Nv.parseObjectProperty (node_modules/@storybook/core/dist/babel/index.cjs:142655:34)
      at Nv.parseObjPropValue (node_modules/@storybook/core/dist/babel/index.cjs:142671:61)
      at Nv.parseObjPropValue (node_modules/@storybook/core/dist/babel/index.cjs:141367:49)
      at Nv.parsePropertyDefinition (node_modules/@storybook/core/dist/babel/index.cjs:142632:19)
      at Nv.parseObjectLike (node_modules/@storybook/core/dist/babel/index.cjs:142596:57)
      at Nv.parseExprAtom (node_modules/@storybook/core/dist/babel/index.cjs:142302:23)
      at Nv.parseExprAtom (node_modules/@storybook/core/dist/babel/index.cjs:139667:45)
      at Nv.parseExprSubscripts (node_modules/@storybook/core/dist/babel/index.cjs:142149:78)
      at Nv.parseUpdate (node_modules/@storybook/core/dist/babel/index.cjs:142139:45)
      at Nv.parseMaybeUnary (node_modules/@storybook/core/dist/babel/index.cjs:142124:20)
      at Nv.parseMaybeUnary (node_modules/@storybook/core/dist/babel/index.cjs:141419:93)
      at Nv.parseMaybeUnaryOrPrivate (node_modules/@storybook/core/dist/babel/index.cjs:142032:63)
      at Nv.parseExprOps (node_modules/@storybook/core/dist/babel/index.cjs:142035:78)
      at Nv.parseMaybeConditional (node_modules/@storybook/core/dist/babel/index.cjs:142020:78)
      at Nv.parseMaybeAssign (node_modules/@storybook/core/dist/babel/index.cjs:142004:20)
      at Nv.parseMaybeAssign (node_modules/@storybook/core/dist/babel/index.cjs:141392:22)
      at node_modules/@storybook/core/dist/babel/index.cjs:141986:41
      at Nv.allowInAnd (node_modules/@storybook/core/dist/babel/index.cjs:142978:14)
      at Nv.parseMaybeAssignAllowIn (node_modules/@storybook/core/dist/babel/index.cjs:141986:19)
      at Nv.parseObjectProperty (node_modules/@storybook/core/dist/babel/index.cjs:142656:81)
      at Nv.parseObjPropValue (node_modules/@storybook/core/dist/babel/index.cjs:142671:61)
      at Nv.parseObjPropValue (node_modules/@storybook/core/dist/babel/index.cjs:141367:49)
      at Nv.parsePropertyDefinition (node_modules/@storybook/core/dist/babel/index.cjs:142632:19)
      at Nv.parseObjectLike (node_modules/@storybook/core/dist/babel/index.cjs:142596:57)
      at Nv.parseExprAtom (node_modules/@storybook/core/dist/babel/index.cjs:142302:23)
      at Nv.parseExprAtom (node_modules/@storybook/core/dist/babel/index.cjs:139667:45)
      at Nv.parseExprSubscripts (node_modules/@storybook/core/dist/babel/index.cjs:142149:78)
      at Nv.parseUpdate (node_modules/@storybook/core/dist/babel/index.cjs:142139:45)
      at Nv.parseMaybeUnary (node_modules/@storybook/core/dist/babel/index.cjs:142124:20)
      at Nv.parseMaybeUnary (node_modules/@storybook/core/dist/babel/index.cjs:141419:93)
      at Nv.parseMaybeUnaryOrPrivate (node_modules/@storybook/core/dist/babel/index.cjs:142032:63)
      at Nv.parseExprOps (node_modules/@storybook/core/dist/babel/index.cjs:142035:78)
      at Nv.parseMaybeConditional (node_modules/@storybook/core/dist/babel/index.cjs:142020:78)
      at Nv.parseMaybeAssign (node_modules/@storybook/core/dist/babel/index.cjs:142004:20)
      at Nv.parseMaybeAssign (node_modules/@storybook/core/dist/babel/index.cjs:141392:22)
      at node_modules/@storybook/core/dist/babel/index.cjs:141986:41
      at Nv.allowInAnd (node_modules/@storybook/core/dist/babel/index.cjs:142978:14)
      at Nv.parseMaybeAssignAllowIn (node_modules/@storybook/core/dist/babel/index.cjs:141986:19)
      at Nv.parseObjectProperty (node_modules/@storybook/core/dist/babel/index.cjs:142656:81)
      at Nv.parseObjPropValue (node_modules/@storybook/core/dist/babel/index.cjs:142671:61)
      If you are in development, this likely indicates a problem with your Storybook process,
      check the terminal for errors.
      If you are in a deployed Storybook, there may have been an issue deploying the full Storybook
      build.
      at constructor (node_modules/@storybook/core/dist/babel/index.cjs:134900:15)
      at Nv.raise (node_modules/@storybook/core/dist/babel/index.cjs:137217:54)
      at Nv.readWord1 (node_modules/@storybook/core/dist/babel/index.cjs:137193:18)
      at Nv.readWord (node_modules/@storybook/core/dist/babel/index.cjs:137205:20)
      at Nv.getTokenFromCode (node_modules/@storybook/core/dist/babel/index.cjs:137028:16)
      at Nv.getTokenFromCode (node_modules/@storybook/core/dist/babel/index.cjs:139696:13)
      at Nv.getTokenFromCode (node_modules/@storybook/core/dist/babel/index.cjs:141547:13)
      at Nv.nextToken (node_modules/@storybook/core/dist/babel/index.cjs:136654:12)
      at Nv.next (node_modules/@storybook/core/dist/babel/index.cjs:136586:62)
      at Nv.eat (node_modules/@storybook/core/dist/babel/index.cjs:136589:36)
      at Nv.parseObjectProperty (node_modules/@storybook/core/dist/babel/index.cjs:142655:34)
      at Nv.parseObjPropValue (node_modules/@storybook/core/dist/babel/index.cjs:142671:61)
      at Nv.parseObjPropValue (node_modules/@storybook/core/dist/babel/index.cjs:141367:49)
      at Nv.parsePropertyDefinition (node_modules/@storybook/core/dist/babel/index.cjs:142632:19)
      at Nv.parseObjectLike (node_modules/@storybook/core/dist/babel/index.cjs:142596:57)
      at Nv.parseExprAtom (node_modules/@storybook/core/dist/babel/index.cjs:142302:23)
      at Nv.parseExprAtom (node_modules/@storybook/core/dist/babel/index.cjs:139667:45)
      at Nv.parseExprSubscripts (node_modules/@storybook/core/dist/babel/index.cjs:142149:78)
      at Nv.parseUpdate (node_modules/@storybook/core/dist/babel/index.cjs:142139:45)
      at Nv.parseMaybeUnary (node_modules/@storybook/core/dist/babel/index.cjs:142124:20)
      at Nv.parseMaybeUnary (node_modules/@storybook/core/dist/babel/index.cjs:141419:93)
      at Nv.parseMaybeUnaryOrPrivate (node_modules/@storybook/core/dist/babel/index.cjs:142032:63)
      at Nv.parseExprOps (node_modules/@storybook/core/dist/babel/index.cjs:142035:78)
      at Nv.parseMaybeConditional (node_modules/@storybook/core/dist/babel/index.cjs:142020:78)
      at Nv.parseMaybeAssign (node_modules/@storybook/core/dist/babel/index.cjs:142004:20)
      at Nv.parseMaybeAssign (node_modules/@storybook/core/dist/babel/index.cjs:141392:22)
      at node_modules/@storybook/core/dist/babel/index.cjs:141986:41
      at Nv.allowInAnd (node_modules/@storybook/core/dist/babel/index.cjs:142978:14)
      at Nv.parseMaybeAssignAllowIn (node_modules/@storybook/core/dist/babel/index.cjs:141986:19)
      at Nv.parseObjectProperty (node_modules/@storybook/core/dist/babel/index.cjs:142656:81)
      at Nv.parseObjPropValue (node_modules/@storybook/core/dist/babel/index.cjs:142671:61)
      at Nv.parseObjPropValue (node_modules/@storybook/core/dist/babel/index.cjs:141367:49)
      at Nv.parsePropertyDefinition (node_modules/@storybook/core/dist/babel/index.cjs:142632:19)
      at Nv.parseObjectLike (node_modules/@storybook/core/dist/babel/index.cjs:142596:57)
      at Nv.parseExprAtom (node_modules/@storybook/core/dist/babel/index.cjs:142302:23)
      at Nv.parseExprAtom (node_modules/@storybook/core/dist/babel/index.cjs:139667:45)
      at Nv.parseExprSubscripts (node_modules/@storybook/core/dist/babel/index.cjs:142149:78)
      at Nv.parseUpdate (node_modules/@storybook/core/dist/babel/index.cjs:142139:45)
      at Nv.parseMaybeUnary (node_modules/@storybook/core/dist/babel/index.cjs:142124:20)
      at Nv.parseMaybeUnary (node_modules/@storybook/core/dist/babel/index.cjs:141419:93)
      at Nv.parseMaybeUnaryOrPrivate (node_modules/@storybook/core/dist/babel/index.cjs:142032:63)
      at Nv.parseExprOps (node_modules/@storybook/core/dist/babel/index.cjs:142035:78)
      at Nv.parseMaybeConditional (node_modules/@storybook/core/dist/babel/index.cjs:142020:78)
      at Nv.parseMaybeAssign (node_modules/@storybook/core/dist/babel/index.cjs:142004:20)
      at Nv.parseMaybeAssign (node_modules/@storybook/core/dist/babel/index.cjs:141392:22)
      at node_modules/@storybook/core/dist/babel/index.cjs:141986:41
      at Nv.allowInAnd (node_modules/@storybook/core/dist/babel/index.cjs:142978:14)
      at Nv.parseMaybeAssignAllowIn (node_modules/@storybook/core/dist/babel/index.cjs:141986:19)
      at Nv.parseObjectProperty (node_modules/@storybook/core/dist/babel/index.cjs:142656:81)
      at Nv.parseObjPropValue (node_modules/@storybook/core/dist/babel/index.cjs:142671:61)
      If you are in development, this likely indicates a problem with your Storybook process,
      check the terminal for errors.
      If you are in a deployed Storybook, there may have been an issue deploying the full Storybook
      build.
      at ns2.getStoryIndexFromServer (packages/components/http:/localhost:6007/packages/components/node_modules/.cache/storybook/1c3385a5d25e538d10b518b310c74d3ca2690b6aaffeadccd74da79736171f86/sb-vite/deps/storybook_internal_preview_runtime.js?v=b3da04b4:8624:11)
      at async ns2.initializeWithProjectAnnotations (packages/components/http:/localhost:6007/packages/components/node_modules/.cache/storybook/1c3385a5d25e538d10b518b310c74d3ca2690b6aaffeadccd74da79736171f86/sb-vite/deps/storybook_internal_preview_runtime.js?v=b3da04b4:8606:15)
      at async ns2.initialize (packages/components/http:/localhost:6007/packages/components/node_modules/.cache/storybook/1c3385a5d25e538d10b518b310c74d3ca2690b6aaffeadccd74da79736171f86/sb-vite/deps/storybook_internal_preview_runtime.js?v=b3da04b4:8581:39)

  ● Components/SideNavigation › WithoutUser › smoke-test

    page.evaluate: Error: Axe is already running. Use `await axe.run()` to wait for the previous run to finish before starting a new run.

      at E (eval at <anonymous> (eval at evaluate (:311:30))packages/components/, <anonymous>:12:93952)
      at axe.run (eval at <anonymous> (eval at evaluate (:311:30))packages/components/, <anonymous>:12:473583)
      at eval (eval at evaluate (:311:30)packages/components/, <anonymous>:2:27)
      at UtilityScript.evaluate (packages/components/<anonymous>:313:16)
      at UtilityScript.<anonymous> (packages/components/<anonymous>:1:44)
      at node_modules/axe-playwright/dist/index.js:74:31
      at node_modules/axe-playwright/dist/index.js:31:71
      at Object.<anonymous>.__awaiter (node_modules/axe-playwright/dist/index.js:27:12)
      at getAxeResults (node_modules/axe-playwright/dist/index.js:73:51)
      at node_modules/axe-playwright/dist/index.js:87:52
      at node_modules/axe-playwright/dist/index.js:31:71
      at Object.<anonymous>.__awaiter (node_modules/axe-playwright/dist/index.js:27:12)
      at getViolations (node_modules/axe-playwright/dist/index.js:86:51)
      at node_modules/axe-playwright/dist/index.js:111:56
      at node_modules/axe-playwright/dist/index.js:31:71
      at Object.<anonymous>.__awaiter (node_modules/axe-playwright/dist/index.js:27:12)
      at checkA11y (node_modules/axe-playwright/dist/index.js:109:42)
      at postVisit (.storybook/test-runner.ts:13:20)
      at packages/components/src/SideNavigation/SideNavigation.stories.tsx:470:68
      at step (packages/components/src/SideNavigation/SideNavigation.stories.tsx:110:23)
      at Object.<anonymous> (packages/components/src/SideNavigation/SideNavigation.stories.tsx:51:20)
      at asyncGeneratorStep (packages/components/src/SideNavigation/SideNavigation.stories.tsx:4:28)
      at _next (packages/components/src/SideNavigation/SideNavigation.stories.tsx:19:17)

  ● Components/SideNavigation › WithClickHandlers › smoke-test

    SB_PREVIEW_API_0006 (StoryIndexFetchError): Error fetching `/index.json`:

    Unable to index ./src/Table/EnhancedTable.stories.tsx:
      SyntaxError: Expecting Unicode escape sequence \uXXXX. (1467:15)

      at constructor (node_modules/@storybook/core/dist/babel/index.cjs:134900:15)
      at Nv.raise (node_modules/@storybook/core/dist/babel/index.cjs:137217:54)
      at Nv.readWord1 (node_modules/@storybook/core/dist/babel/index.cjs:137193:18)
      at Nv.readWord (node_modules/@storybook/core/dist/babel/index.cjs:137205:20)
      at Nv.getTokenFromCode (node_modules/@storybook/core/dist/babel/index.cjs:137028:16)
      at Nv.getTokenFromCode (node_modules/@storybook/core/dist/babel/index.cjs:139696:13)
      at Nv.getTokenFromCode (node_modules/@storybook/core/dist/babel/index.cjs:141547:13)
      at Nv.nextToken (node_modules/@storybook/core/dist/babel/index.cjs:136654:12)
      at Nv.next (node_modules/@storybook/core/dist/babel/index.cjs:136586:62)
      at Nv.eat (node_modules/@storybook/core/dist/babel/index.cjs:136589:36)
      at Nv.parseObjectProperty (node_modules/@storybook/core/dist/babel/index.cjs:142655:34)
      at Nv.parseObjPropValue (node_modules/@storybook/core/dist/babel/index.cjs:142671:61)
      at Nv.parseObjPropValue (node_modules/@storybook/core/dist/babel/index.cjs:141367:49)
      at Nv.parsePropertyDefinition (node_modules/@storybook/core/dist/babel/index.cjs:142632:19)
      at Nv.parseObjectLike (node_modules/@storybook/core/dist/babel/index.cjs:142596:57)
      at Nv.parseExprAtom (node_modules/@storybook/core/dist/babel/index.cjs:142302:23)
      at Nv.parseExprAtom (node_modules/@storybook/core/dist/babel/index.cjs:139667:45)
      at Nv.parseExprSubscripts (node_modules/@storybook/core/dist/babel/index.cjs:142149:78)
      at Nv.parseUpdate (node_modules/@storybook/core/dist/babel/index.cjs:142139:45)
      at Nv.parseMaybeUnary (node_modules/@storybook/core/dist/babel/index.cjs:142124:20)
      at Nv.parseMaybeUnary (node_modules/@storybook/core/dist/babel/index.cjs:141419:93)
      at Nv.parseMaybeUnaryOrPrivate (node_modules/@storybook/core/dist/babel/index.cjs:142032:63)
      at Nv.parseExprOps (node_modules/@storybook/core/dist/babel/index.cjs:142035:78)
      at Nv.parseMaybeConditional (node_modules/@storybook/core/dist/babel/index.cjs:142020:78)
      at Nv.parseMaybeAssign (node_modules/@storybook/core/dist/babel/index.cjs:142004:20)
      at Nv.parseMaybeAssign (node_modules/@storybook/core/dist/babel/index.cjs:141392:22)
      at node_modules/@storybook/core/dist/babel/index.cjs:141986:41
      at Nv.allowInAnd (node_modules/@storybook/core/dist/babel/index.cjs:142978:14)
      at Nv.parseMaybeAssignAllowIn (node_modules/@storybook/core/dist/babel/index.cjs:141986:19)
      at Nv.parseObjectProperty (node_modules/@storybook/core/dist/babel/index.cjs:142656:81)
      at Nv.parseObjPropValue (node_modules/@storybook/core/dist/babel/index.cjs:142671:61)
      at Nv.parseObjPropValue (node_modules/@storybook/core/dist/babel/index.cjs:141367:49)
      at Nv.parsePropertyDefinition (node_modules/@storybook/core/dist/babel/index.cjs:142632:19)
      at Nv.parseObjectLike (node_modules/@storybook/core/dist/babel/index.cjs:142596:57)
      at Nv.parseExprAtom (node_modules/@storybook/core/dist/babel/index.cjs:142302:23)
      at Nv.parseExprAtom (node_modules/@storybook/core/dist/babel/index.cjs:139667:45)
      at Nv.parseExprSubscripts (node_modules/@storybook/core/dist/babel/index.cjs:142149:78)
      at Nv.parseUpdate (node_modules/@storybook/core/dist/babel/index.cjs:142139:45)
      at Nv.parseMaybeUnary (node_modules/@storybook/core/dist/babel/index.cjs:142124:20)
      at Nv.parseMaybeUnary (node_modules/@storybook/core/dist/babel/index.cjs:141419:93)
      at Nv.parseMaybeUnaryOrPrivate (node_modules/@storybook/core/dist/babel/index.cjs:142032:63)
      at Nv.parseExprOps (node_modules/@storybook/core/dist/babel/index.cjs:142035:78)
      at Nv.parseMaybeConditional (node_modules/@storybook/core/dist/babel/index.cjs:142020:78)
      at Nv.parseMaybeAssign (node_modules/@storybook/core/dist/babel/index.cjs:142004:20)
      at Nv.parseMaybeAssign (node_modules/@storybook/core/dist/babel/index.cjs:141392:22)
      at node_modules/@storybook/core/dist/babel/index.cjs:141986:41
      at Nv.allowInAnd (node_modules/@storybook/core/dist/babel/index.cjs:142978:14)
      at Nv.parseMaybeAssignAllowIn (node_modules/@storybook/core/dist/babel/index.cjs:141986:19)
      at Nv.parseObjectProperty (node_modules/@storybook/core/dist/babel/index.cjs:142656:81)
      at Nv.parseObjPropValue (node_modules/@storybook/core/dist/babel/index.cjs:142671:61)
      If you are in development, this likely indicates a problem with your Storybook process,
      check the terminal for errors.
      If you are in a deployed Storybook, there may have been an issue deploying the full Storybook
      build.
      at constructor (node_modules/@storybook/core/dist/babel/index.cjs:134900:15)
      at Nv.raise (node_modules/@storybook/core/dist/babel/index.cjs:137217:54)
      at Nv.readWord1 (node_modules/@storybook/core/dist/babel/index.cjs:137193:18)
      at Nv.readWord (node_modules/@storybook/core/dist/babel/index.cjs:137205:20)
      at Nv.getTokenFromCode (node_modules/@storybook/core/dist/babel/index.cjs:137028:16)
      at Nv.getTokenFromCode (node_modules/@storybook/core/dist/babel/index.cjs:139696:13)
      at Nv.getTokenFromCode (node_modules/@storybook/core/dist/babel/index.cjs:141547:13)
      at Nv.nextToken (node_modules/@storybook/core/dist/babel/index.cjs:136654:12)
      at Nv.next (node_modules/@storybook/core/dist/babel/index.cjs:136586:62)
      at Nv.eat (node_modules/@storybook/core/dist/babel/index.cjs:136589:36)
      at Nv.parseObjectProperty (node_modules/@storybook/core/dist/babel/index.cjs:142655:34)
      at Nv.parseObjPropValue (node_modules/@storybook/core/dist/babel/index.cjs:142671:61)
      at Nv.parseObjPropValue (node_modules/@storybook/core/dist/babel/index.cjs:141367:49)
      at Nv.parsePropertyDefinition (node_modules/@storybook/core/dist/babel/index.cjs:142632:19)
      at Nv.parseObjectLike (node_modules/@storybook/core/dist/babel/index.cjs:142596:57)
      at Nv.parseExprAtom (node_modules/@storybook/core/dist/babel/index.cjs:142302:23)
      at Nv.parseExprAtom (node_modules/@storybook/core/dist/babel/index.cjs:139667:45)
      at Nv.parseExprSubscripts (node_modules/@storybook/core/dist/babel/index.cjs:142149:78)
      at Nv.parseUpdate (node_modules/@storybook/core/dist/babel/index.cjs:142139:45)
      at Nv.parseMaybeUnary (node_modules/@storybook/core/dist/babel/index.cjs:142124:20)
      at Nv.parseMaybeUnary (node_modules/@storybook/core/dist/babel/index.cjs:141419:93)
      at Nv.parseMaybeUnaryOrPrivate (node_modules/@storybook/core/dist/babel/index.cjs:142032:63)
      at Nv.parseExprOps (node_modules/@storybook/core/dist/babel/index.cjs:142035:78)
      at Nv.parseMaybeConditional (node_modules/@storybook/core/dist/babel/index.cjs:142020:78)
      at Nv.parseMaybeAssign (node_modules/@storybook/core/dist/babel/index.cjs:142004:20)
      at Nv.parseMaybeAssign (node_modules/@storybook/core/dist/babel/index.cjs:141392:22)
      at node_modules/@storybook/core/dist/babel/index.cjs:141986:41
      at Nv.allowInAnd (node_modules/@storybook/core/dist/babel/index.cjs:142978:14)
      at Nv.parseMaybeAssignAllowIn (node_modules/@storybook/core/dist/babel/index.cjs:141986:19)
      at Nv.parseObjectProperty (node_modules/@storybook/core/dist/babel/index.cjs:142656:81)
      at Nv.parseObjPropValue (node_modules/@storybook/core/dist/babel/index.cjs:142671:61)
      at Nv.parseObjPropValue (node_modules/@storybook/core/dist/babel/index.cjs:141367:49)
      at Nv.parsePropertyDefinition (node_modules/@storybook/core/dist/babel/index.cjs:142632:19)
      at Nv.parseObjectLike (node_modules/@storybook/core/dist/babel/index.cjs:142596:57)
      at Nv.parseExprAtom (node_modules/@storybook/core/dist/babel/index.cjs:142302:23)
      at Nv.parseExprAtom (node_modules/@storybook/core/dist/babel/index.cjs:139667:45)
      at Nv.parseExprSubscripts (node_modules/@storybook/core/dist/babel/index.cjs:142149:78)
      at Nv.parseUpdate (node_modules/@storybook/core/dist/babel/index.cjs:142139:45)
      at Nv.parseMaybeUnary (node_modules/@storybook/core/dist/babel/index.cjs:142124:20)
      at Nv.parseMaybeUnary (node_modules/@storybook/core/dist/babel/index.cjs:141419:93)
      at Nv.parseMaybeUnaryOrPrivate (node_modules/@storybook/core/dist/babel/index.cjs:142032:63)
      at Nv.parseExprOps (node_modules/@storybook/core/dist/babel/index.cjs:142035:78)
      at Nv.parseMaybeConditional (node_modules/@storybook/core/dist/babel/index.cjs:142020:78)
      at Nv.parseMaybeAssign (node_modules/@storybook/core/dist/babel/index.cjs:142004:20)
      at Nv.parseMaybeAssign (node_modules/@storybook/core/dist/babel/index.cjs:141392:22)
      at node_modules/@storybook/core/dist/babel/index.cjs:141986:41
      at Nv.allowInAnd (node_modules/@storybook/core/dist/babel/index.cjs:142978:14)
      at Nv.parseMaybeAssignAllowIn (node_modules/@storybook/core/dist/babel/index.cjs:141986:19)
      at Nv.parseObjectProperty (node_modules/@storybook/core/dist/babel/index.cjs:142656:81)
      at Nv.parseObjPropValue (node_modules/@storybook/core/dist/babel/index.cjs:142671:61)
      If you are in development, this likely indicates a problem with your Storybook process,
      check the terminal for errors.
      If you are in a deployed Storybook, there may have been an issue deploying the full Storybook
      build.
      at ns2.getStoryIndexFromServer (packages/components/http:/localhost:6007/packages/components/node_modules/.cache/storybook/1c3385a5d25e538d10b518b310c74d3ca2690b6aaffeadccd74da79736171f86/sb-vite/deps/storybook_internal_preview_runtime.js?v=b3da04b4:8624:11)
      at async ns2.initializeWithProjectAnnotations (packages/components/http:/localhost:6007/packages/components/node_modules/.cache/storybook/1c3385a5d25e538d10b518b310c74d3ca2690b6aaffeadccd74da79736171f86/sb-vite/deps/storybook_internal_preview_runtime.js?v=b3da04b4:8606:15)
      at async ns2.initialize (packages/components/http:/localhost:6007/packages/components/node_modules/.cache/storybook/1c3385a5d25e538d10b518b310c74d3ca2690b6aaffeadccd74da79736171f86/sb-vite/deps/storybook_internal_preview_runtime.js?v=b3da04b4:8581:39)

  ● Components/SideNavigation › WithClickHandlers › smoke-test

    thrown: "Exceeded timeout of 30000 ms for a test.
    Add a timeout value to this test to increase the timeout, if this is a long-running test. See https://jestjs.io/docs/api#testname-fn-timeout."

      569 |     layout: 'fullscreen',
      570 |     docs: {
    > 571 |       description: {
          |             ^
      572 |         story: 'Sidebar with multiple navigation groups separated by dividers.',
      573 |       },
      574 |       story: {

      at packages/components/src/SideNavigation/SideNavigation.stories.tsx:571:13
      at packages/components/src/SideNavigation/SideNavigation.stories.tsx:570:9
      at Object.<anonymous> (packages/components/src/SideNavigation/SideNavigation.stories.tsx:128:5)

  ● Components/SideNavigation › MultipleGroups › smoke-test

    SB_PREVIEW_API_0006 (StoryIndexFetchError): Error fetching `/index.json`:

    Unable to index ./src/Table/EnhancedTable.stories.tsx:
      SyntaxError: Expecting Unicode escape sequence \uXXXX. (1467:15)

      at constructor (node_modules/@storybook/core/dist/babel/index.cjs:134900:15)
      at Nv.raise (node_modules/@storybook/core/dist/babel/index.cjs:137217:54)
      at Nv.readWord1 (node_modules/@storybook/core/dist/babel/index.cjs:137193:18)
      at Nv.readWord (node_modules/@storybook/core/dist/babel/index.cjs:137205:20)
      at Nv.getTokenFromCode (node_modules/@storybook/core/dist/babel/index.cjs:137028:16)
      at Nv.getTokenFromCode (node_modules/@storybook/core/dist/babel/index.cjs:139696:13)
      at Nv.getTokenFromCode (node_modules/@storybook/core/dist/babel/index.cjs:141547:13)
      at Nv.nextToken (node_modules/@storybook/core/dist/babel/index.cjs:136654:12)
      at Nv.next (node_modules/@storybook/core/dist/babel/index.cjs:136586:62)
      at Nv.eat (node_modules/@storybook/core/dist/babel/index.cjs:136589:36)
      at Nv.parseObjectProperty (node_modules/@storybook/core/dist/babel/index.cjs:142655:34)
      at Nv.parseObjPropValue (node_modules/@storybook/core/dist/babel/index.cjs:142671:61)
      at Nv.parseObjPropValue (node_modules/@storybook/core/dist/babel/index.cjs:141367:49)
      at Nv.parsePropertyDefinition (node_modules/@storybook/core/dist/babel/index.cjs:142632:19)
      at Nv.parseObjectLike (node_modules/@storybook/core/dist/babel/index.cjs:142596:57)
      at Nv.parseExprAtom (node_modules/@storybook/core/dist/babel/index.cjs:142302:23)
      at Nv.parseExprAtom (node_modules/@storybook/core/dist/babel/index.cjs:139667:45)
      at Nv.parseExprSubscripts (node_modules/@storybook/core/dist/babel/index.cjs:142149:78)
      at Nv.parseUpdate (node_modules/@storybook/core/dist/babel/index.cjs:142139:45)
      at Nv.parseMaybeUnary (node_modules/@storybook/core/dist/babel/index.cjs:142124:20)
      at Nv.parseMaybeUnary (node_modules/@storybook/core/dist/babel/index.cjs:141419:93)
      at Nv.parseMaybeUnaryOrPrivate (node_modules/@storybook/core/dist/babel/index.cjs:142032:63)
      at Nv.parseExprOps (node_modules/@storybook/core/dist/babel/index.cjs:142035:78)
      at Nv.parseMaybeConditional (node_modules/@storybook/core/dist/babel/index.cjs:142020:78)
      at Nv.parseMaybeAssign (node_modules/@storybook/core/dist/babel/index.cjs:142004:20)
      at Nv.parseMaybeAssign (node_modules/@storybook/core/dist/babel/index.cjs:141392:22)
      at node_modules/@storybook/core/dist/babel/index.cjs:141986:41
      at Nv.allowInAnd (node_modules/@storybook/core/dist/babel/index.cjs:142978:14)
      at Nv.parseMaybeAssignAllowIn (node_modules/@storybook/core/dist/babel/index.cjs:141986:19)
      at Nv.parseObjectProperty (node_modules/@storybook/core/dist/babel/index.cjs:142656:81)
      at Nv.parseObjPropValue (node_modules/@storybook/core/dist/babel/index.cjs:142671:61)
      at Nv.parseObjPropValue (node_modules/@storybook/core/dist/babel/index.cjs:141367:49)
      at Nv.parsePropertyDefinition (node_modules/@storybook/core/dist/babel/index.cjs:142632:19)
      at Nv.parseObjectLike (node_modules/@storybook/core/dist/babel/index.cjs:142596:57)
      at Nv.parseExprAtom (node_modules/@storybook/core/dist/babel/index.cjs:142302:23)
      at Nv.parseExprAtom (node_modules/@storybook/core/dist/babel/index.cjs:139667:45)
      at Nv.parseExprSubscripts (node_modules/@storybook/core/dist/babel/index.cjs:142149:78)
      at Nv.parseUpdate (node_modules/@storybook/core/dist/babel/index.cjs:142139:45)
      at Nv.parseMaybeUnary (node_modules/@storybook/core/dist/babel/index.cjs:142124:20)
      at Nv.parseMaybeUnary (node_modules/@storybook/core/dist/babel/index.cjs:141419:93)
      at Nv.parseMaybeUnaryOrPrivate (node_modules/@storybook/core/dist/babel/index.cjs:142032:63)
      at Nv.parseExprOps (node_modules/@storybook/core/dist/babel/index.cjs:142035:78)
      at Nv.parseMaybeConditional (node_modules/@storybook/core/dist/babel/index.cjs:142020:78)
      at Nv.parseMaybeAssign (node_modules/@storybook/core/dist/babel/index.cjs:142004:20)
      at Nv.parseMaybeAssign (node_modules/@storybook/core/dist/babel/index.cjs:141392:22)
      at node_modules/@storybook/core/dist/babel/index.cjs:141986:41
      at Nv.allowInAnd (node_modules/@storybook/core/dist/babel/index.cjs:142978:14)
      at Nv.parseMaybeAssignAllowIn (node_modules/@storybook/core/dist/babel/index.cjs:141986:19)
      at Nv.parseObjectProperty (node_modules/@storybook/core/dist/babel/index.cjs:142656:81)
      at Nv.parseObjPropValue (node_modules/@storybook/core/dist/babel/index.cjs:142671:61)
      If you are in development, this likely indicates a problem with your Storybook process,
      check the terminal for errors.
      If you are in a deployed Storybook, there may have been an issue deploying the full Storybook
      build.
      at constructor (node_modules/@storybook/core/dist/babel/index.cjs:134900:15)
      at Nv.raise (node_modules/@storybook/core/dist/babel/index.cjs:137217:54)
      at Nv.readWord1 (node_modules/@storybook/core/dist/babel/index.cjs:137193:18)
      at Nv.readWord (node_modules/@storybook/core/dist/babel/index.cjs:137205:20)
      at Nv.getTokenFromCode (node_modules/@storybook/core/dist/babel/index.cjs:137028:16)
      at Nv.getTokenFromCode (node_modules/@storybook/core/dist/babel/index.cjs:139696:13)
      at Nv.getTokenFromCode (node_modules/@storybook/core/dist/babel/index.cjs:141547:13)
      at Nv.nextToken (node_modules/@storybook/core/dist/babel/index.cjs:136654:12)
      at Nv.next (node_modules/@storybook/core/dist/babel/index.cjs:136586:62)
      at Nv.eat (node_modules/@storybook/core/dist/babel/index.cjs:136589:36)
      at Nv.parseObjectProperty (node_modules/@storybook/core/dist/babel/index.cjs:142655:34)
      at Nv.parseObjPropValue (node_modules/@storybook/core/dist/babel/index.cjs:142671:61)
      at Nv.parseObjPropValue (node_modules/@storybook/core/dist/babel/index.cjs:141367:49)
      at Nv.parsePropertyDefinition (node_modules/@storybook/core/dist/babel/index.cjs:142632:19)
      at Nv.parseObjectLike (node_modules/@storybook/core/dist/babel/index.cjs:142596:57)
      at Nv.parseExprAtom (node_modules/@storybook/core/dist/babel/index.cjs:142302:23)
      at Nv.parseExprAtom (node_modules/@storybook/core/dist/babel/index.cjs:139667:45)
      at Nv.parseExprSubscripts (node_modules/@storybook/core/dist/babel/index.cjs:142149:78)
      at Nv.parseUpdate (node_modules/@storybook/core/dist/babel/index.cjs:142139:45)
      at Nv.parseMaybeUnary (node_modules/@storybook/core/dist/babel/index.cjs:142124:20)
      at Nv.parseMaybeUnary (node_modules/@storybook/core/dist/babel/index.cjs:141419:93)
      at Nv.parseMaybeUnaryOrPrivate (node_modules/@storybook/core/dist/babel/index.cjs:142032:63)
      at Nv.parseExprOps (node_modules/@storybook/core/dist/babel/index.cjs:142035:78)
      at Nv.parseMaybeConditional (node_modules/@storybook/core/dist/babel/index.cjs:142020:78)
      at Nv.parseMaybeAssign (node_modules/@storybook/core/dist/babel/index.cjs:142004:20)
      at Nv.parseMaybeAssign (node_modules/@storybook/core/dist/babel/index.cjs:141392:22)
      at node_modules/@storybook/core/dist/babel/index.cjs:141986:41
      at Nv.allowInAnd (node_modules/@storybook/core/dist/babel/index.cjs:142978:14)
      at Nv.parseMaybeAssignAllowIn (node_modules/@storybook/core/dist/babel/index.cjs:141986:19)
      at Nv.parseObjectProperty (node_modules/@storybook/core/dist/babel/index.cjs:142656:81)
      at Nv.parseObjPropValue (node_modules/@storybook/core/dist/babel/index.cjs:142671:61)
      at Nv.parseObjPropValue (node_modules/@storybook/core/dist/babel/index.cjs:141367:49)
      at Nv.parsePropertyDefinition (node_modules/@storybook/core/dist/babel/index.cjs:142632:19)
      at Nv.parseObjectLike (node_modules/@storybook/core/dist/babel/index.cjs:142596:57)
      at Nv.parseExprAtom (node_modules/@storybook/core/dist/babel/index.cjs:142302:23)
      at Nv.parseExprAtom (node_modules/@storybook/core/dist/babel/index.cjs:139667:45)
      at Nv.parseExprSubscripts (node_modules/@storybook/core/dist/babel/index.cjs:142149:78)
      at Nv.parseUpdate (node_modules/@storybook/core/dist/babel/index.cjs:142139:45)
      at Nv.parseMaybeUnary (node_modules/@storybook/core/dist/babel/index.cjs:142124:20)
      at Nv.parseMaybeUnary (node_modules/@storybook/core/dist/babel/index.cjs:141419:93)
      at Nv.parseMaybeUnaryOrPrivate (node_modules/@storybook/core/dist/babel/index.cjs:142032:63)
      at Nv.parseExprOps (node_modules/@storybook/core/dist/babel/index.cjs:142035:78)
      at Nv.parseMaybeConditional (node_modules/@storybook/core/dist/babel/index.cjs:142020:78)
      at Nv.parseMaybeAssign (node_modules/@storybook/core/dist/babel/index.cjs:142004:20)
      at Nv.parseMaybeAssign (node_modules/@storybook/core/dist/babel/index.cjs:141392:22)
      at node_modules/@storybook/core/dist/babel/index.cjs:141986:41
      at Nv.allowInAnd (node_modules/@storybook/core/dist/babel/index.cjs:142978:14)
      at Nv.parseMaybeAssignAllowIn (node_modules/@storybook/core/dist/babel/index.cjs:141986:19)
      at Nv.parseObjectProperty (node_modules/@storybook/core/dist/babel/index.cjs:142656:81)
      at Nv.parseObjPropValue (node_modules/@storybook/core/dist/babel/index.cjs:142671:61)
      If you are in development, this likely indicates a problem with your Storybook process,
      check the terminal for errors.
      If you are in a deployed Storybook, there may have been an issue deploying the full Storybook
      build.
      at ns2.getStoryIndexFromServer (packages/components/http:/localhost:6007/packages/components/node_modules/.cache/storybook/1c3385a5d25e538d10b518b310c74d3ca2690b6aaffeadccd74da79736171f86/sb-vite/deps/storybook_internal_preview_runtime.js?v=b3da04b4:8624:11)
      at async ns2.initializeWithProjectAnnotations (packages/components/http:/localhost:6007/packages/components/node_modules/.cache/storybook/1c3385a5d25e538d10b518b310c74d3ca2690b6aaffeadccd74da79736171f86/sb-vite/deps/storybook_internal_preview_runtime.js?v=b3da04b4:8606:15)
      at async ns2.initialize (packages/components/http:/localhost:6007/packages/components/node_modules/.cache/storybook/1c3385a5d25e538d10b518b310c74d3ca2690b6aaffeadccd74da79736171f86/sb-vite/deps/storybook_internal_preview_runtime.js?v=b3da04b4:8581:39)

  ● Components/SideNavigation › MultipleGroups › smoke-test

    thrown: "Exceeded timeout of 30000 ms for a test.
    Add a timeout value to this test to increase the timeout, if this is a long-running test. See https://jestjs.io/docs/api#testname-fn-timeout."

      716 |   },
      717 | };
    > 718 |
          | ^
      719 | export const WithAvatarImage: Story = {
      720 |   args: {
      721 |     groups: sampleGroups,

      at packages/components/src/SideNavigation/SideNavigation.stories.tsx:718:13
      at packages/components/src/SideNavigation/SideNavigation.stories.tsx:717:9
      at Object.<anonymous> (packages/components/src/SideNavigation/SideNavigation.stories.tsx:128:5)

  ● Components/SideNavigation › WithActiveState › smoke-test

    SB_PREVIEW_API_0006 (StoryIndexFetchError): Error fetching `/index.json`:

    Unable to index ./src/Table/EnhancedTable.stories.tsx:
      SyntaxError: Expecting Unicode escape sequence \uXXXX. (1467:15)

      at constructor (node_modules/@storybook/core/dist/babel/index.cjs:134900:15)
      at Nv.raise (node_modules/@storybook/core/dist/babel/index.cjs:137217:54)
      at Nv.readWord1 (node_modules/@storybook/core/dist/babel/index.cjs:137193:18)
      at Nv.readWord (node_modules/@storybook/core/dist/babel/index.cjs:137205:20)
      at Nv.getTokenFromCode (node_modules/@storybook/core/dist/babel/index.cjs:137028:16)
      at Nv.getTokenFromCode (node_modules/@storybook/core/dist/babel/index.cjs:139696:13)
      at Nv.getTokenFromCode (node_modules/@storybook/core/dist/babel/index.cjs:141547:13)
      at Nv.nextToken (node_modules/@storybook/core/dist/babel/index.cjs:136654:12)
      at Nv.next (node_modules/@storybook/core/dist/babel/index.cjs:136586:62)
      at Nv.eat (node_modules/@storybook/core/dist/babel/index.cjs:136589:36)
      at Nv.parseObjectProperty (node_modules/@storybook/core/dist/babel/index.cjs:142655:34)
      at Nv.parseObjPropValue (node_modules/@storybook/core/dist/babel/index.cjs:142671:61)
      at Nv.parseObjPropValue (node_modules/@storybook/core/dist/babel/index.cjs:141367:49)
      at Nv.parsePropertyDefinition (node_modules/@storybook/core/dist/babel/index.cjs:142632:19)
      at Nv.parseObjectLike (node_modules/@storybook/core/dist/babel/index.cjs:142596:57)
      at Nv.parseExprAtom (node_modules/@storybook/core/dist/babel/index.cjs:142302:23)
      at Nv.parseExprAtom (node_modules/@storybook/core/dist/babel/index.cjs:139667:45)
      at Nv.parseExprSubscripts (node_modules/@storybook/core/dist/babel/index.cjs:142149:78)
      at Nv.parseUpdate (node_modules/@storybook/core/dist/babel/index.cjs:142139:45)
      at Nv.parseMaybeUnary (node_modules/@storybook/core/dist/babel/index.cjs:142124:20)
      at Nv.parseMaybeUnary (node_modules/@storybook/core/dist/babel/index.cjs:141419:93)
      at Nv.parseMaybeUnaryOrPrivate (node_modules/@storybook/core/dist/babel/index.cjs:142032:63)
      at Nv.parseExprOps (node_modules/@storybook/core/dist/babel/index.cjs:142035:78)
      at Nv.parseMaybeConditional (node_modules/@storybook/core/dist/babel/index.cjs:142020:78)
      at Nv.parseMaybeAssign (node_modules/@storybook/core/dist/babel/index.cjs:142004:20)
      at Nv.parseMaybeAssign (node_modules/@storybook/core/dist/babel/index.cjs:141392:22)
      at node_modules/@storybook/core/dist/babel/index.cjs:141986:41
      at Nv.allowInAnd (node_modules/@storybook/core/dist/babel/index.cjs:142978:14)
      at Nv.parseMaybeAssignAllowIn (node_modules/@storybook/core/dist/babel/index.cjs:141986:19)
      at Nv.parseObjectProperty (node_modules/@storybook/core/dist/babel/index.cjs:142656:81)
      at Nv.parseObjPropValue (node_modules/@storybook/core/dist/babel/index.cjs:142671:61)
      at Nv.parseObjPropValue (node_modules/@storybook/core/dist/babel/index.cjs:141367:49)
      at Nv.parsePropertyDefinition (node_modules/@storybook/core/dist/babel/index.cjs:142632:19)
      at Nv.parseObjectLike (node_modules/@storybook/core/dist/babel/index.cjs:142596:57)
      at Nv.parseExprAtom (node_modules/@storybook/core/dist/babel/index.cjs:142302:23)
      at Nv.parseExprAtom (node_modules/@storybook/core/dist/babel/index.cjs:139667:45)
      at Nv.parseExprSubscripts (node_modules/@storybook/core/dist/babel/index.cjs:142149:78)
      at Nv.parseUpdate (node_modules/@storybook/core/dist/babel/index.cjs:142139:45)
      at Nv.parseMaybeUnary (node_modules/@storybook/core/dist/babel/index.cjs:142124:20)
      at Nv.parseMaybeUnary (node_modules/@storybook/core/dist/babel/index.cjs:141419:93)
      at Nv.parseMaybeUnaryOrPrivate (node_modules/@storybook/core/dist/babel/index.cjs:142032:63)
      at Nv.parseExprOps (node_modules/@storybook/core/dist/babel/index.cjs:142035:78)
      at Nv.parseMaybeConditional (node_modules/@storybook/core/dist/babel/index.cjs:142020:78)
      at Nv.parseMaybeAssign (node_modules/@storybook/core/dist/babel/index.cjs:142004:20)
      at Nv.parseMaybeAssign (node_modules/@storybook/core/dist/babel/index.cjs:141392:22)
      at node_modules/@storybook/core/dist/babel/index.cjs:141986:41
      at Nv.allowInAnd (node_modules/@storybook/core/dist/babel/index.cjs:142978:14)
      at Nv.parseMaybeAssignAllowIn (node_modules/@storybook/core/dist/babel/index.cjs:141986:19)
      at Nv.parseObjectProperty (node_modules/@storybook/core/dist/babel/index.cjs:142656:81)
      at Nv.parseObjPropValue (node_modules/@storybook/core/dist/babel/index.cjs:142671:61)
      If you are in development, this likely indicates a problem with your Storybook process,
      check the terminal for errors.
      If you are in a deployed Storybook, there may have been an issue deploying the full Storybook
      build.
      at constructor (node_modules/@storybook/core/dist/babel/index.cjs:134900:15)
      at Nv.raise (node_modules/@storybook/core/dist/babel/index.cjs:137217:54)
      at Nv.readWord1 (node_modules/@storybook/core/dist/babel/index.cjs:137193:18)
      at Nv.readWord (node_modules/@storybook/core/dist/babel/index.cjs:137205:20)
      at Nv.getTokenFromCode (node_modules/@storybook/core/dist/babel/index.cjs:137028:16)
      at Nv.getTokenFromCode (node_modules/@storybook/core/dist/babel/index.cjs:139696:13)
      at Nv.getTokenFromCode (node_modules/@storybook/core/dist/babel/index.cjs:141547:13)
      at Nv.nextToken (node_modules/@storybook/core/dist/babel/index.cjs:136654:12)
      at Nv.next (node_modules/@storybook/core/dist/babel/index.cjs:136586:62)
      at Nv.eat (node_modules/@storybook/core/dist/babel/index.cjs:136589:36)
      at Nv.parseObjectProperty (node_modules/@storybook/core/dist/babel/index.cjs:142655:34)
      at Nv.parseObjPropValue (node_modules/@storybook/core/dist/babel/index.cjs:142671:61)
      at Nv.parseObjPropValue (node_modules/@storybook/core/dist/babel/index.cjs:141367:49)
      at Nv.parsePropertyDefinition (node_modules/@storybook/core/dist/babel/index.cjs:142632:19)
      at Nv.parseObjectLike (node_modules/@storybook/core/dist/babel/index.cjs:142596:57)
      at Nv.parseExprAtom (node_modules/@storybook/core/dist/babel/index.cjs:142302:23)
      at Nv.parseExprAtom (node_modules/@storybook/core/dist/babel/index.cjs:139667:45)
      at Nv.parseExprSubscripts (node_modules/@storybook/core/dist/babel/index.cjs:142149:78)
      at Nv.parseUpdate (node_modules/@storybook/core/dist/babel/index.cjs:142139:45)
      at Nv.parseMaybeUnary (node_modules/@storybook/core/dist/babel/index.cjs:142124:20)
      at Nv.parseMaybeUnary (node_modules/@storybook/core/dist/babel/index.cjs:141419:93)
      at Nv.parseMaybeUnaryOrPrivate (node_modules/@storybook/core/dist/babel/index.cjs:142032:63)
      at Nv.parseExprOps (node_modules/@storybook/core/dist/babel/index.cjs:142035:78)
      at Nv.parseMaybeConditional (node_modules/@storybook/core/dist/babel/index.cjs:142020:78)
      at Nv.parseMaybeAssign (node_modules/@storybook/core/dist/babel/index.cjs:142004:20)
      at Nv.parseMaybeAssign (node_modules/@storybook/core/dist/babel/index.cjs:141392:22)
      at node_modules/@storybook/core/dist/babel/index.cjs:141986:41
      at Nv.allowInAnd (node_modules/@storybook/core/dist/babel/index.cjs:142978:14)
      at Nv.parseMaybeAssignAllowIn (node_modules/@storybook/core/dist/babel/index.cjs:141986:19)
      at Nv.parseObjectProperty (node_modules/@storybook/core/dist/babel/index.cjs:142656:81)
      at Nv.parseObjPropValue (node_modules/@storybook/core/dist/babel/index.cjs:142671:61)
      at Nv.parseObjPropValue (node_modules/@storybook/core/dist/babel/index.cjs:141367:49)
      at Nv.parsePropertyDefinition (node_modules/@storybook/core/dist/babel/index.cjs:142632:19)
      at Nv.parseObjectLike (node_modules/@storybook/core/dist/babel/index.cjs:142596:57)
      at Nv.parseExprAtom (node_modules/@storybook/core/dist/babel/index.cjs:142302:23)
      at Nv.parseExprAtom (node_modules/@storybook/core/dist/babel/index.cjs:139667:45)
      at Nv.parseExprSubscripts (node_modules/@storybook/core/dist/babel/index.cjs:142149:78)
      at Nv.parseUpdate (node_modules/@storybook/core/dist/babel/index.cjs:142139:45)
      at Nv.parseMaybeUnary (node_modules/@storybook/core/dist/babel/index.cjs:142124:20)
      at Nv.parseMaybeUnary (node_modules/@storybook/core/dist/babel/index.cjs:141419:93)
      at Nv.parseMaybeUnaryOrPrivate (node_modules/@storybook/core/dist/babel/index.cjs:142032:63)
      at Nv.parseExprOps (node_modules/@storybook/core/dist/babel/index.cjs:142035:78)
      at Nv.parseMaybeConditional (node_modules/@storybook/core/dist/babel/index.cjs:142020:78)
      at Nv.parseMaybeAssign (node_modules/@storybook/core/dist/babel/index.cjs:142004:20)
      at Nv.parseMaybeAssign (node_modules/@storybook/core/dist/babel/index.cjs:141392:22)
      at node_modules/@storybook/core/dist/babel/index.cjs:141986:41
      at Nv.allowInAnd (node_modules/@storybook/core/dist/babel/index.cjs:142978:14)
      at Nv.parseMaybeAssignAllowIn (node_modules/@storybook/core/dist/babel/index.cjs:141986:19)
      at Nv.parseObjectProperty (node_modules/@storybook/core/dist/babel/index.cjs:142656:81)
      at Nv.parseObjPropValue (node_modules/@storybook/core/dist/babel/index.cjs:142671:61)
      If you are in development, this likely indicates a problem with your Storybook process,
      check the terminal for errors.
      If you are in a deployed Storybook, there may have been an issue deploying the full Storybook
      build.
      at ns2.getStoryIndexFromServer (packages/components/http:/localhost:6007/packages/components/node_modules/.cache/storybook/1c3385a5d25e538d10b518b310c74d3ca2690b6aaffeadccd74da79736171f86/sb-vite/deps/storybook_internal_preview_runtime.js?v=b3da04b4:8624:11)
      at async ns2.initializeWithProjectAnnotations (packages/components/http:/localhost:6007/packages/components/node_modules/.cache/storybook/1c3385a5d25e538d10b518b310c74d3ca2690b6aaffeadccd74da79736171f86/sb-vite/deps/storybook_internal_preview_runtime.js?v=b3da04b4:8606:15)
      at async ns2.initialize (packages/components/http:/localhost:6007/packages/components/node_modules/.cache/storybook/1c3385a5d25e538d10b518b310c74d3ca2690b6aaffeadccd74da79736171f86/sb-vite/deps/storybook_internal_preview_runtime.js?v=b3da04b4:8581:39)

  ● Components/SideNavigation › WithActiveState › smoke-test

    thrown: "Exceeded timeout of 30000 ms for a test.
    Add a timeout value to this test to increase the timeout, if this is a long-running test. See https://jestjs.io/docs/api#testname-fn-timeout."

      863 |         title: 'CONTENT',
      864 |         items: [
    > 865 |           {
          |            ^
      866 |             id: 'posts',
      867 |             label: 'Posts',
      868 |             icon: <Icon name="Edit" size="medium" />,

      at packages/components/src/SideNavigation/SideNavigation.stories.tsx:865:13
      at packages/components/src/SideNavigation/SideNavigation.stories.tsx:864:9
      at Object.<anonymous> (packages/components/src/SideNavigation/SideNavigation.stories.tsx:128:5)

  ● Components/SideNavigation › PinnedState › smoke-test

    SB_PREVIEW_API_0006 (StoryIndexFetchError): Error fetching `/index.json`:

    Unable to index ./src/Table/EnhancedTable.stories.tsx:
      SyntaxError: Expecting Unicode escape sequence \uXXXX. (1467:15)

      at constructor (node_modules/@storybook/core/dist/babel/index.cjs:134900:15)
      at Nv.raise (node_modules/@storybook/core/dist/babel/index.cjs:137217:54)
      at Nv.readWord1 (node_modules/@storybook/core/dist/babel/index.cjs:137193:18)
      at Nv.readWord (node_modules/@storybook/core/dist/babel/index.cjs:137205:20)
      at Nv.getTokenFromCode (node_modules/@storybook/core/dist/babel/index.cjs:137028:16)
      at Nv.getTokenFromCode (node_modules/@storybook/core/dist/babel/index.cjs:139696:13)
      at Nv.getTokenFromCode (node_modules/@storybook/core/dist/babel/index.cjs:141547:13)
      at Nv.nextToken (node_modules/@storybook/core/dist/babel/index.cjs:136654:12)
      at Nv.next (node_modules/@storybook/core/dist/babel/index.cjs:136586:62)
      at Nv.eat (node_modules/@storybook/core/dist/babel/index.cjs:136589:36)
      at Nv.parseObjectProperty (node_modules/@storybook/core/dist/babel/index.cjs:142655:34)
      at Nv.parseObjPropValue (node_modules/@storybook/core/dist/babel/index.cjs:142671:61)
      at Nv.parseObjPropValue (node_modules/@storybook/core/dist/babel/index.cjs:141367:49)
      at Nv.parsePropertyDefinition (node_modules/@storybook/core/dist/babel/index.cjs:142632:19)
      at Nv.parseObjectLike (node_modules/@storybook/core/dist/babel/index.cjs:142596:57)
      at Nv.parseExprAtom (node_modules/@storybook/core/dist/babel/index.cjs:142302:23)
      at Nv.parseExprAtom (node_modules/@storybook/core/dist/babel/index.cjs:139667:45)
      at Nv.parseExprSubscripts (node_modules/@storybook/core/dist/babel/index.cjs:142149:78)
      at Nv.parseUpdate (node_modules/@storybook/core/dist/babel/index.cjs:142139:45)
      at Nv.parseMaybeUnary (node_modules/@storybook/core/dist/babel/index.cjs:142124:20)
      at Nv.parseMaybeUnary (node_modules/@storybook/core/dist/babel/index.cjs:141419:93)
      at Nv.parseMaybeUnaryOrPrivate (node_modules/@storybook/core/dist/babel/index.cjs:142032:63)
      at Nv.parseExprOps (node_modules/@storybook/core/dist/babel/index.cjs:142035:78)
      at Nv.parseMaybeConditional (node_modules/@storybook/core/dist/babel/index.cjs:142020:78)
      at Nv.parseMaybeAssign (node_modules/@storybook/core/dist/babel/index.cjs:142004:20)
      at Nv.parseMaybeAssign (node_modules/@storybook/core/dist/babel/index.cjs:141392:22)
      at node_modules/@storybook/core/dist/babel/index.cjs:141986:41
      at Nv.allowInAnd (node_modules/@storybook/core/dist/babel/index.cjs:142978:14)
      at Nv.parseMaybeAssignAllowIn (node_modules/@storybook/core/dist/babel/index.cjs:141986:19)
      at Nv.parseObjectProperty (node_modules/@storybook/core/dist/babel/index.cjs:142656:81)
      at Nv.parseObjPropValue (node_modules/@storybook/core/dist/babel/index.cjs:142671:61)
      at Nv.parseObjPropValue (node_modules/@storybook/core/dist/babel/index.cjs:141367:49)
      at Nv.parsePropertyDefinition (node_modules/@storybook/core/dist/babel/index.cjs:142632:19)
      at Nv.parseObjectLike (node_modules/@storybook/core/dist/babel/index.cjs:142596:57)
      at Nv.parseExprAtom (node_modules/@storybook/core/dist/babel/index.cjs:142302:23)
      at Nv.parseExprAtom (node_modules/@storybook/core/dist/babel/index.cjs:139667:45)
      at Nv.parseExprSubscripts (node_modules/@storybook/core/dist/babel/index.cjs:142149:78)
      at Nv.parseUpdate (node_modules/@storybook/core/dist/babel/index.cjs:142139:45)
      at Nv.parseMaybeUnary (node_modules/@storybook/core/dist/babel/index.cjs:142124:20)
      at Nv.parseMaybeUnary (node_modules/@storybook/core/dist/babel/index.cjs:141419:93)
      at Nv.parseMaybeUnaryOrPrivate (node_modules/@storybook/core/dist/babel/index.cjs:142032:63)
      at Nv.parseExprOps (node_modules/@storybook/core/dist/babel/index.cjs:142035:78)
      at Nv.parseMaybeConditional (node_modules/@storybook/core/dist/babel/index.cjs:142020:78)
      at Nv.parseMaybeAssign (node_modules/@storybook/core/dist/babel/index.cjs:142004:20)
      at Nv.parseMaybeAssign (node_modules/@storybook/core/dist/babel/index.cjs:141392:22)
      at node_modules/@storybook/core/dist/babel/index.cjs:141986:41
      at Nv.allowInAnd (node_modules/@storybook/core/dist/babel/index.cjs:142978:14)
      at Nv.parseMaybeAssignAllowIn (node_modules/@storybook/core/dist/babel/index.cjs:141986:19)
      at Nv.parseObjectProperty (node_modules/@storybook/core/dist/babel/index.cjs:142656:81)
      at Nv.parseObjPropValue (node_modules/@storybook/core/dist/babel/index.cjs:142671:61)
      If you are in development, this likely indicates a problem with your Storybook process,
      check the terminal for errors.
      If you are in a deployed Storybook, there may have been an issue deploying the full Storybook
      build.
      at constructor (node_modules/@storybook/core/dist/babel/index.cjs:134900:15)
      at Nv.raise (node_modules/@storybook/core/dist/babel/index.cjs:137217:54)
      at Nv.readWord1 (node_modules/@storybook/core/dist/babel/index.cjs:137193:18)
      at Nv.readWord (node_modules/@storybook/core/dist/babel/index.cjs:137205:20)
      at Nv.getTokenFromCode (node_modules/@storybook/core/dist/babel/index.cjs:137028:16)
      at Nv.getTokenFromCode (node_modules/@storybook/core/dist/babel/index.cjs:139696:13)
      at Nv.getTokenFromCode (node_modules/@storybook/core/dist/babel/index.cjs:141547:13)
      at Nv.nextToken (node_modules/@storybook/core/dist/babel/index.cjs:136654:12)
      at Nv.next (node_modules/@storybook/core/dist/babel/index.cjs:136586:62)
      at Nv.eat (node_modules/@storybook/core/dist/babel/index.cjs:136589:36)
      at Nv.parseObjectProperty (node_modules/@storybook/core/dist/babel/index.cjs:142655:34)
      at Nv.parseObjPropValue (node_modules/@storybook/core/dist/babel/index.cjs:142671:61)
      at Nv.parseObjPropValue (node_modules/@storybook/core/dist/babel/index.cjs:141367:49)
      at Nv.parsePropertyDefinition (node_modules/@storybook/core/dist/babel/index.cjs:142632:19)
      at Nv.parseObjectLike (node_modules/@storybook/core/dist/babel/index.cjs:142596:57)
      at Nv.parseExprAtom (node_modules/@storybook/core/dist/babel/index.cjs:142302:23)
      at Nv.parseExprAtom (node_modules/@storybook/core/dist/babel/index.cjs:139667:45)
      at Nv.parseExprSubscripts (node_modules/@storybook/core/dist/babel/index.cjs:142149:78)
      at Nv.parseUpdate (node_modules/@storybook/core/dist/babel/index.cjs:142139:45)
      at Nv.parseMaybeUnary (node_modules/@storybook/core/dist/babel/index.cjs:142124:20)
      at Nv.parseMaybeUnary (node_modules/@storybook/core/dist/babel/index.cjs:141419:93)
      at Nv.parseMaybeUnaryOrPrivate (node_modules/@storybook/core/dist/babel/index.cjs:142032:63)
      at Nv.parseExprOps (node_modules/@storybook/core/dist/babel/index.cjs:142035:78)
      at Nv.parseMaybeConditional (node_modules/@storybook/core/dist/babel/index.cjs:142020:78)
      at Nv.parseMaybeAssign (node_modules/@storybook/core/dist/babel/index.cjs:142004:20)
      at Nv.parseMaybeAssign (node_modules/@storybook/core/dist/babel/index.cjs:141392:22)
      at node_modules/@storybook/core/dist/babel/index.cjs:141986:41
      at Nv.allowInAnd (node_modules/@storybook/core/dist/babel/index.cjs:142978:14)
      at Nv.parseMaybeAssignAllowIn (node_modules/@storybook/core/dist/babel/index.cjs:141986:19)
      at Nv.parseObjectProperty (node_modules/@storybook/core/dist/babel/index.cjs:142656:81)
      at Nv.parseObjPropValue (node_modules/@storybook/core/dist/babel/index.cjs:142671:61)
      at Nv.parseObjPropValue (node_modules/@storybook/core/dist/babel/index.cjs:141367:49)
      at Nv.parsePropertyDefinition (node_modules/@storybook/core/dist/babel/index.cjs:142632:19)
      at Nv.parseObjectLike (node_modules/@storybook/core/dist/babel/index.cjs:142596:57)
      at Nv.parseExprAtom (node_modules/@storybook/core/dist/babel/index.cjs:142302:23)
      at Nv.parseExprAtom (node_modules/@storybook/core/dist/babel/index.cjs:139667:45)
      at Nv.parseExprSubscripts (node_modules/@storybook/core/dist/babel/index.cjs:142149:78)
      at Nv.parseUpdate (node_modules/@storybook/core/dist/babel/index.cjs:142139:45)
      at Nv.parseMaybeUnary (node_modules/@storybook/core/dist/babel/index.cjs:142124:20)
      at Nv.parseMaybeUnary (node_modules/@storybook/core/dist/babel/index.cjs:141419:93)
      at Nv.parseMaybeUnaryOrPrivate (node_modules/@storybook/core/dist/babel/index.cjs:142032:63)
      at Nv.parseExprOps (node_modules/@storybook/core/dist/babel/index.cjs:142035:78)
      at Nv.parseMaybeConditional (node_modules/@storybook/core/dist/babel/index.cjs:142020:78)
      at Nv.parseMaybeAssign (node_modules/@storybook/core/dist/babel/index.cjs:142004:20)
      at Nv.parseMaybeAssign (node_modules/@storybook/core/dist/babel/index.cjs:141392:22)
      at node_modules/@storybook/core/dist/babel/index.cjs:141986:41
      at Nv.allowInAnd (node_modules/@storybook/core/dist/babel/index.cjs:142978:14)
      at Nv.parseMaybeAssignAllowIn (node_modules/@storybook/core/dist/babel/index.cjs:141986:19)
      at Nv.parseObjectProperty (node_modules/@storybook/core/dist/babel/index.cjs:142656:81)
      at Nv.parseObjPropValue (node_modules/@storybook/core/dist/babel/index.cjs:142671:61)
      If you are in development, this likely indicates a problem with your Storybook process,
      check the terminal for errors.
      If you are in a deployed Storybook, there may have been an issue deploying the full Storybook
      build.
      at ns2.getStoryIndexFromServer (packages/components/http:/localhost:6007/packages/components/node_modules/.cache/storybook/1c3385a5d25e538d10b518b310c74d3ca2690b6aaffeadccd74da79736171f86/sb-vite/deps/storybook_internal_preview_runtime.js?v=b3da04b4:8624:11)
      at async ns2.initializeWithProjectAnnotations (packages/components/http:/localhost:6007/packages/components/node_modules/.cache/storybook/1c3385a5d25e538d10b518b310c74d3ca2690b6aaffeadccd74da79736171f86/sb-vite/deps/storybook_internal_preview_runtime.js?v=b3da04b4:8606:15)
      at async ns2.initialize (packages/components/http:/localhost:6007/packages/components/node_modules/.cache/storybook/1c3385a5d25e538d10b518b310c74d3ca2690b6aaffeadccd74da79736171f86/sb-vite/deps/storybook_internal_preview_runtime.js?v=b3da04b4:8581:39)

  ● Components/SideNavigation › PinnedState › smoke-test

    thrown: "Exceeded timeout of 30000 ms for a test.
    Add a timeout value to this test to increase the timeout, if this is a long-running test. See https://jestjs.io/docs/api#testname-fn-timeout."

      1010 |       user={userProfile}
      1011 |       isPinned={isPinned}
    > 1012 |       onPinChange={(pinned) => setIsPinned(pinned)}
           |             ^
      1013 |       
      1014 |       // Expand mode: 'hover', 'button', or 'both'
      1015 |       expandMode="both"

      at packages/components/src/SideNavigation/SideNavigation.stories.tsx:1012:13
      at packages/components/src/SideNavigation/SideNavigation.stories.tsx:1011:9
      at Object.<anonymous> (packages/components/src/SideNavigation/SideNavigation.stories.tsx:128:5)

  ● Components/SideNavigation › WithAvatarImage › smoke-test

    SB_PREVIEW_API_0006 (StoryIndexFetchError): Error fetching `/index.json`:

    Unable to index ./src/Table/EnhancedTable.stories.tsx:
      SyntaxError: Expecting Unicode escape sequence \uXXXX. (1467:15)

      at constructor (node_modules/@storybook/core/dist/babel/index.cjs:134900:15)
      at Nv.raise (node_modules/@storybook/core/dist/babel/index.cjs:137217:54)
      at Nv.readWord1 (node_modules/@storybook/core/dist/babel/index.cjs:137193:18)
      at Nv.readWord (node_modules/@storybook/core/dist/babel/index.cjs:137205:20)
      at Nv.getTokenFromCode (node_modules/@storybook/core/dist/babel/index.cjs:137028:16)
      at Nv.getTokenFromCode (node_modules/@storybook/core/dist/babel/index.cjs:139696:13)
      at Nv.getTokenFromCode (node_modules/@storybook/core/dist/babel/index.cjs:141547:13)
      at Nv.nextToken (node_modules/@storybook/core/dist/babel/index.cjs:136654:12)
      at Nv.next (node_modules/@storybook/core/dist/babel/index.cjs:136586:62)
      at Nv.eat (node_modules/@storybook/core/dist/babel/index.cjs:136589:36)
      at Nv.parseObjectProperty (node_modules/@storybook/core/dist/babel/index.cjs:142655:34)
      at Nv.parseObjPropValue (node_modules/@storybook/core/dist/babel/index.cjs:142671:61)
      at Nv.parseObjPropValue (node_modules/@storybook/core/dist/babel/index.cjs:141367:49)
      at Nv.parsePropertyDefinition (node_modules/@storybook/core/dist/babel/index.cjs:142632:19)
      at Nv.parseObjectLike (node_modules/@storybook/core/dist/babel/index.cjs:142596:57)
      at Nv.parseExprAtom (node_modules/@storybook/core/dist/babel/index.cjs:142302:23)
      at Nv.parseExprAtom (node_modules/@storybook/core/dist/babel/index.cjs:139667:45)
      at Nv.parseExprSubscripts (node_modules/@storybook/core/dist/babel/index.cjs:142149:78)
      at Nv.parseUpdate (node_modules/@storybook/core/dist/babel/index.cjs:142139:45)
      at Nv.parseMaybeUnary (node_modules/@storybook/core/dist/babel/index.cjs:142124:20)
      at Nv.parseMaybeUnary (node_modules/@storybook/core/dist/babel/index.cjs:141419:93)
      at Nv.parseMaybeUnaryOrPrivate (node_modules/@storybook/core/dist/babel/index.cjs:142032:63)
      at Nv.parseExprOps (node_modules/@storybook/core/dist/babel/index.cjs:142035:78)
      at Nv.parseMaybeConditional (node_modules/@storybook/core/dist/babel/index.cjs:142020:78)
      at Nv.parseMaybeAssign (node_modules/@storybook/core/dist/babel/index.cjs:142004:20)
      at Nv.parseMaybeAssign (node_modules/@storybook/core/dist/babel/index.cjs:141392:22)
      at node_modules/@storybook/core/dist/babel/index.cjs:141986:41
      at Nv.allowInAnd (node_modules/@storybook/core/dist/babel/index.cjs:142978:14)
      at Nv.parseMaybeAssignAllowIn (node_modules/@storybook/core/dist/babel/index.cjs:141986:19)
      at Nv.parseObjectProperty (node_modules/@storybook/core/dist/babel/index.cjs:142656:81)
      at Nv.parseObjPropValue (node_modules/@storybook/core/dist/babel/index.cjs:142671:61)
      at Nv.parseObjPropValue (node_modules/@storybook/core/dist/babel/index.cjs:141367:49)
      at Nv.parsePropertyDefinition (node_modules/@storybook/core/dist/babel/index.cjs:142632:19)
      at Nv.parseObjectLike (node_modules/@storybook/core/dist/babel/index.cjs:142596:57)
      at Nv.parseExprAtom (node_modules/@storybook/core/dist/babel/index.cjs:142302:23)
      at Nv.parseExprAtom (node_modules/@storybook/core/dist/babel/index.cjs:139667:45)
      at Nv.parseExprSubscripts (node_modules/@storybook/core/dist/babel/index.cjs:142149:78)
      at Nv.parseUpdate (node_modules/@storybook/core/dist/babel/index.cjs:142139:45)
      at Nv.parseMaybeUnary (node_modules/@storybook/core/dist/babel/index.cjs:142124:20)
      at Nv.parseMaybeUnary (node_modules/@storybook/core/dist/babel/index.cjs:141419:93)
      at Nv.parseMaybeUnaryOrPrivate (node_modules/@storybook/core/dist/babel/index.cjs:142032:63)
      at Nv.parseExprOps (node_modules/@storybook/core/dist/babel/index.cjs:142035:78)
      at Nv.parseMaybeConditional (node_modules/@storybook/core/dist/babel/index.cjs:142020:78)
      at Nv.parseMaybeAssign (node_modules/@storybook/core/dist/babel/index.cjs:142004:20)
      at Nv.parseMaybeAssign (node_modules/@storybook/core/dist/babel/index.cjs:141392:22)
      at node_modules/@storybook/core/dist/babel/index.cjs:141986:41
      at Nv.allowInAnd (node_modules/@storybook/core/dist/babel/index.cjs:142978:14)
      at Nv.parseMaybeAssignAllowIn (node_modules/@storybook/core/dist/babel/index.cjs:141986:19)
      at Nv.parseObjectProperty (node_modules/@storybook/core/dist/babel/index.cjs:142656:81)
      at Nv.parseObjPropValue (node_modules/@storybook/core/dist/babel/index.cjs:142671:61)
      If you are in development, this likely indicates a problem with your Storybook process,
      check the terminal for errors.
      If you are in a deployed Storybook, there may have been an issue deploying the full Storybook
      build.
      at constructor (node_modules/@storybook/core/dist/babel/index.cjs:134900:15)
      at Nv.raise (node_modules/@storybook/core/dist/babel/index.cjs:137217:54)
      at Nv.readWord1 (node_modules/@storybook/core/dist/babel/index.cjs:137193:18)
      at Nv.readWord (node_modules/@storybook/core/dist/babel/index.cjs:137205:20)
      at Nv.getTokenFromCode (node_modules/@storybook/core/dist/babel/index.cjs:137028:16)
      at Nv.getTokenFromCode (node_modules/@storybook/core/dist/babel/index.cjs:139696:13)
      at Nv.getTokenFromCode (node_modules/@storybook/core/dist/babel/index.cjs:141547:13)
      at Nv.nextToken (node_modules/@storybook/core/dist/babel/index.cjs:136654:12)
      at Nv.next (node_modules/@storybook/core/dist/babel/index.cjs:136586:62)
      at Nv.eat (node_modules/@storybook/core/dist/babel/index.cjs:136589:36)
      at Nv.parseObjectProperty (node_modules/@storybook/core/dist/babel/index.cjs:142655:34)
      at Nv.parseObjPropValue (node_modules/@storybook/core/dist/babel/index.cjs:142671:61)
      at Nv.parseObjPropValue (node_modules/@storybook/core/dist/babel/index.cjs:141367:49)
      at Nv.parsePropertyDefinition (node_modules/@storybook/core/dist/babel/index.cjs:142632:19)
      at Nv.parseObjectLike (node_modules/@storybook/core/dist/babel/index.cjs:142596:57)
      at Nv.parseExprAtom (node_modules/@storybook/core/dist/babel/index.cjs:142302:23)
      at Nv.parseExprAtom (node_modules/@storybook/core/dist/babel/index.cjs:139667:45)
      at Nv.parseExprSubscripts (node_modules/@storybook/core/dist/babel/index.cjs:142149:78)
      at Nv.parseUpdate (node_modules/@storybook/core/dist/babel/index.cjs:142139:45)
      at Nv.parseMaybeUnary (node_modules/@storybook/core/dist/babel/index.cjs:142124:20)
      at Nv.parseMaybeUnary (node_modules/@storybook/core/dist/babel/index.cjs:141419:93)
      at Nv.parseMaybeUnaryOrPrivate (node_modules/@storybook/core/dist/babel/index.cjs:142032:63)
      at Nv.parseExprOps (node_modules/@storybook/core/dist/babel/index.cjs:142035:78)
      at Nv.parseMaybeConditional (node_modules/@storybook/core/dist/babel/index.cjs:142020:78)
      at Nv.parseMaybeAssign (node_modules/@storybook/core/dist/babel/index.cjs:142004:20)
      at Nv.parseMaybeAssign (node_modules/@storybook/core/dist/babel/index.cjs:141392:22)
      at node_modules/@storybook/core/dist/babel/index.cjs:141986:41
      at Nv.allowInAnd (node_modules/@storybook/core/dist/babel/index.cjs:142978:14)
      at Nv.parseMaybeAssignAllowIn (node_modules/@storybook/core/dist/babel/index.cjs:141986:19)
      at Nv.parseObjectProperty (node_modules/@storybook/core/dist/babel/index.cjs:142656:81)
      at Nv.parseObjPropValue (node_modules/@storybook/core/dist/babel/index.cjs:142671:61)
      at Nv.parseObjPropValue (node_modules/@storybook/core/dist/babel/index.cjs:141367:49)
      at Nv.parsePropertyDefinition (node_modules/@storybook/core/dist/babel/index.cjs:142632:19)
      at Nv.parseObjectLike (node_modules/@storybook/core/dist/babel/index.cjs:142596:57)
      at Nv.parseExprAtom (node_modules/@storybook/core/dist/babel/index.cjs:142302:23)
      at Nv.parseExprAtom (node_modules/@storybook/core/dist/babel/index.cjs:139667:45)
      at Nv.parseExprSubscripts (node_modules/@storybook/core/dist/babel/index.cjs:142149:78)
      at Nv.parseUpdate (node_modules/@storybook/core/dist/babel/index.cjs:142139:45)
      at Nv.parseMaybeUnary (node_modules/@storybook/core/dist/babel/index.cjs:142124:20)
      at Nv.parseMaybeUnary (node_modules/@storybook/core/dist/babel/index.cjs:141419:93)
      at Nv.parseMaybeUnaryOrPrivate (node_modules/@storybook/core/dist/babel/index.cjs:142032:63)
      at Nv.parseExprOps (node_modules/@storybook/core/dist/babel/index.cjs:142035:78)
      at Nv.parseMaybeConditional (node_modules/@storybook/core/dist/babel/index.cjs:142020:78)
      at Nv.parseMaybeAssign (node_modules/@storybook/core/dist/babel/index.cjs:142004:20)
      at Nv.parseMaybeAssign (node_modules/@storybook/core/dist/babel/index.cjs:141392:22)
      at node_modules/@storybook/core/dist/babel/index.cjs:141986:41
      at Nv.allowInAnd (node_modules/@storybook/core/dist/babel/index.cjs:142978:14)
      at Nv.parseMaybeAssignAllowIn (node_modules/@storybook/core/dist/babel/index.cjs:141986:19)
      at Nv.parseObjectProperty (node_modules/@storybook/core/dist/babel/index.cjs:142656:81)
      at Nv.parseObjPropValue (node_modules/@storybook/core/dist/babel/index.cjs:142671:61)
      If you are in development, this likely indicates a problem with your Storybook process,
      check the terminal for errors.
      If you are in a deployed Storybook, there may have been an issue deploying the full Storybook
      build.
      at ns2.getStoryIndexFromServer (packages/components/http:/localhost:6007/packages/components/node_modules/.cache/storybook/1c3385a5d25e538d10b518b310c74d3ca2690b6aaffeadccd74da79736171f86/sb-vite/deps/storybook_internal_preview_runtime.js?v=b3da04b4:8624:11)
      at async ns2.initializeWithProjectAnnotations (packages/components/http:/localhost:6007/packages/components/node_modules/.cache/storybook/1c3385a5d25e538d10b518b310c74d3ca2690b6aaffeadccd74da79736171f86/sb-vite/deps/storybook_internal_preview_runtime.js?v=b3da04b4:8606:15)
      at async ns2.initialize (packages/components/http:/localhost:6007/packages/components/node_modules/.cache/storybook/1c3385a5d25e538d10b518b310c74d3ca2690b6aaffeadccd74da79736171f86/sb-vite/deps/storybook_internal_preview_runtime.js?v=b3da04b4:8581:39)

  ● Components/SideNavigation › WithAvatarImage › smoke-test

    thrown: "Exceeded timeout of 30000 ms for a test.
    Add a timeout value to this test to increase the timeout, if this is a long-running test. See https://jestjs.io/docs/api#testname-fn-timeout."

      1157 |         ],
      1158 |       },
    > 1159 |     ],
           |       ^
      1160 |     user: sampleUser,
      1161 |   },
      1162 |   parameters: {

      at packages/components/src/SideNavigation/SideNavigation.stories.tsx:1159:13
      at packages/components/src/SideNavigation/SideNavigation.stories.tsx:1158:9
      at Object.<anonymous> (packages/components/src/SideNavigation/SideNavigation.stories.tsx:128:5)

  ● Components/SideNavigation › WithManyItems › smoke-test

    SB_PREVIEW_API_0006 (StoryIndexFetchError): Error fetching `/index.json`:

    Unable to index ./src/Table/EnhancedTable.stories.tsx:
      SyntaxError: Expecting Unicode escape sequence \uXXXX. (1467:15)

      at constructor (node_modules/@storybook/core/dist/babel/index.cjs:134900:15)
      at Nv.raise (node_modules/@storybook/core/dist/babel/index.cjs:137217:54)
      at Nv.readWord1 (node_modules/@storybook/core/dist/babel/index.cjs:137193:18)
      at Nv.readWord (node_modules/@storybook/core/dist/babel/index.cjs:137205:20)
      at Nv.getTokenFromCode (node_modules/@storybook/core/dist/babel/index.cjs:137028:16)
      at Nv.getTokenFromCode (node_modules/@storybook/core/dist/babel/index.cjs:139696:13)
      at Nv.getTokenFromCode (node_modules/@storybook/core/dist/babel/index.cjs:141547:13)
      at Nv.nextToken (node_modules/@storybook/core/dist/babel/index.cjs:136654:12)
      at Nv.next (node_modules/@storybook/core/dist/babel/index.cjs:136586:62)
      at Nv.eat (node_modules/@storybook/core/dist/babel/index.cjs:136589:36)
      at Nv.parseObjectProperty (node_modules/@storybook/core/dist/babel/index.cjs:142655:34)
      at Nv.parseObjPropValue (node_modules/@storybook/core/dist/babel/index.cjs:142671:61)
      at Nv.parseObjPropValue (node_modules/@storybook/core/dist/babel/index.cjs:141367:49)
      at Nv.parsePropertyDefinition (node_modules/@storybook/core/dist/babel/index.cjs:142632:19)
      at Nv.parseObjectLike (node_modules/@storybook/core/dist/babel/index.cjs:142596:57)
      at Nv.parseExprAtom (node_modules/@storybook/core/dist/babel/index.cjs:142302:23)
      at Nv.parseExprAtom (node_modules/@storybook/core/dist/babel/index.cjs:139667:45)
      at Nv.parseExprSubscripts (node_modules/@storybook/core/dist/babel/index.cjs:142149:78)
      at Nv.parseUpdate (node_modules/@storybook/core/dist/babel/index.cjs:142139:45)
      at Nv.parseMaybeUnary (node_modules/@storybook/core/dist/babel/index.cjs:142124:20)
      at Nv.parseMaybeUnary (node_modules/@storybook/core/dist/babel/index.cjs:141419:93)
      at Nv.parseMaybeUnaryOrPrivate (node_modules/@storybook/core/dist/babel/index.cjs:142032:63)
      at Nv.parseExprOps (node_modules/@storybook/core/dist/babel/index.cjs:142035:78)
      at Nv.parseMaybeConditional (node_modules/@storybook/core/dist/babel/index.cjs:142020:78)
      at Nv.parseMaybeAssign (node_modules/@storybook/core/dist/babel/index.cjs:142004:20)
      at Nv.parseMaybeAssign (node_modules/@storybook/core/dist/babel/index.cjs:141392:22)
      at node_modules/@storybook/core/dist/babel/index.cjs:141986:41
      at Nv.allowInAnd (node_modules/@storybook/core/dist/babel/index.cjs:142978:14)
      at Nv.parseMaybeAssignAllowIn (node_modules/@storybook/core/dist/babel/index.cjs:141986:19)
      at Nv.parseObjectProperty (node_modules/@storybook/core/dist/babel/index.cjs:142656:81)
      at Nv.parseObjPropValue (node_modules/@storybook/core/dist/babel/index.cjs:142671:61)
      at Nv.parseObjPropValue (node_modules/@storybook/core/dist/babel/index.cjs:141367:49)
      at Nv.parsePropertyDefinition (node_modules/@storybook/core/dist/babel/index.cjs:142632:19)
      at Nv.parseObjectLike (node_modules/@storybook/core/dist/babel/index.cjs:142596:57)
      at Nv.parseExprAtom (node_modules/@storybook/core/dist/babel/index.cjs:142302:23)
      at Nv.parseExprAtom (node_modules/@storybook/core/dist/babel/index.cjs:139667:45)
      at Nv.parseExprSubscripts (node_modules/@storybook/core/dist/babel/index.cjs:142149:78)
      at Nv.parseUpdate (node_modules/@storybook/core/dist/babel/index.cjs:142139:45)
      at Nv.parseMaybeUnary (node_modules/@storybook/core/dist/babel/index.cjs:142124:20)
      at Nv.parseMaybeUnary (node_modules/@storybook/core/dist/babel/index.cjs:141419:93)
      at Nv.parseMaybeUnaryOrPrivate (node_modules/@storybook/core/dist/babel/index.cjs:142032:63)
      at Nv.parseExprOps (node_modules/@storybook/core/dist/babel/index.cjs:142035:78)
      at Nv.parseMaybeConditional (node_modules/@storybook/core/dist/babel/index.cjs:142020:78)
      at Nv.parseMaybeAssign (node_modules/@storybook/core/dist/babel/index.cjs:142004:20)
      at Nv.parseMaybeAssign (node_modules/@storybook/core/dist/babel/index.cjs:141392:22)
      at node_modules/@storybook/core/dist/babel/index.cjs:141986:41
      at Nv.allowInAnd (node_modules/@storybook/core/dist/babel/index.cjs:142978:14)
      at Nv.parseMaybeAssignAllowIn (node_modules/@storybook/core/dist/babel/index.cjs:141986:19)
      at Nv.parseObjectProperty (node_modules/@storybook/core/dist/babel/index.cjs:142656:81)
      at Nv.parseObjPropValue (node_modules/@storybook/core/dist/babel/index.cjs:142671:61)
      If you are in development, this likely indicates a problem with your Storybook process,
      check the terminal for errors.
      If you are in a deployed Storybook, there may have been an issue deploying the full Storybook
      build.
      at constructor (node_modules/@storybook/core/dist/babel/index.cjs:134900:15)
      at Nv.raise (node_modules/@storybook/core/dist/babel/index.cjs:137217:54)
      at Nv.readWord1 (node_modules/@storybook/core/dist/babel/index.cjs:137193:18)
      at Nv.readWord (node_modules/@storybook/core/dist/babel/index.cjs:137205:20)
      at Nv.getTokenFromCode (node_modules/@storybook/core/dist/babel/index.cjs:137028:16)
      at Nv.getTokenFromCode (node_modules/@storybook/core/dist/babel/index.cjs:139696:13)
      at Nv.getTokenFromCode (node_modules/@storybook/core/dist/babel/index.cjs:141547:13)
      at Nv.nextToken (node_modules/@storybook/core/dist/babel/index.cjs:136654:12)
      at Nv.next (node_modules/@storybook/core/dist/babel/index.cjs:136586:62)
      at Nv.eat (node_modules/@storybook/core/dist/babel/index.cjs:136589:36)
      at Nv.parseObjectProperty (node_modules/@storybook/core/dist/babel/index.cjs:142655:34)
      at Nv.parseObjPropValue (node_modules/@storybook/core/dist/babel/index.cjs:142671:61)
      at Nv.parseObjPropValue (node_modules/@storybook/core/dist/babel/index.cjs:141367:49)
      at Nv.parsePropertyDefinition (node_modules/@storybook/core/dist/babel/index.cjs:142632:19)
      at Nv.parseObjectLike (node_modules/@storybook/core/dist/babel/index.cjs:142596:57)
      at Nv.parseExprAtom (node_modules/@storybook/core/dist/babel/index.cjs:142302:23)
      at Nv.parseExprAtom (node_modules/@storybook/core/dist/babel/index.cjs:139667:45)
      at Nv.parseExprSubscripts (node_modules/@storybook/core/dist/babel/index.cjs:142149:78)
      at Nv.parseUpdate (node_modules/@storybook/core/dist/babel/index.cjs:142139:45)
      at Nv.parseMaybeUnary (node_modules/@storybook/core/dist/babel/index.cjs:142124:20)
      at Nv.parseMaybeUnary (node_modules/@storybook/core/dist/babel/index.cjs:141419:93)
      at Nv.parseMaybeUnaryOrPrivate (node_modules/@storybook/core/dist/babel/index.cjs:142032:63)
      at Nv.parseExprOps (node_modules/@storybook/core/dist/babel/index.cjs:142035:78)
      at Nv.parseMaybeConditional (node_modules/@storybook/core/dist/babel/index.cjs:142020:78)
      at Nv.parseMaybeAssign (node_modules/@storybook/core/dist/babel/index.cjs:142004:20)
      at Nv.parseMaybeAssign (node_modules/@storybook/core/dist/babel/index.cjs:141392:22)
      at node_modules/@storybook/core/dist/babel/index.cjs:141986:41
      at Nv.allowInAnd (node_modules/@storybook/core/dist/babel/index.cjs:142978:14)
      at Nv.parseMaybeAssignAllowIn (node_modules/@storybook/core/dist/babel/index.cjs:141986:19)
      at Nv.parseObjectProperty (node_modules/@storybook/core/dist/babel/index.cjs:142656:81)
      at Nv.parseObjPropValue (node_modules/@storybook/core/dist/babel/index.cjs:142671:61)
      at Nv.parseObjPropValue (node_modules/@storybook/core/dist/babel/index.cjs:141367:49)
      at Nv.parsePropertyDefinition (node_modules/@storybook/core/dist/babel/index.cjs:142632:19)
      at Nv.parseObjectLike (node_modules/@storybook/core/dist/babel/index.cjs:142596:57)
      at Nv.parseExprAtom (node_modules/@storybook/core/dist/babel/index.cjs:142302:23)
      at Nv.parseExprAtom (node_modules/@storybook/core/dist/babel/index.cjs:139667:45)
      at Nv.parseExprSubscripts (node_modules/@storybook/core/dist/babel/index.cjs:142149:78)
      at Nv.parseUpdate (node_modules/@storybook/core/dist/babel/index.cjs:142139:45)
      at Nv.parseMaybeUnary (node_modules/@storybook/core/dist/babel/index.cjs:142124:20)
      at Nv.parseMaybeUnary (node_modules/@storybook/core/dist/babel/index.cjs:141419:93)
      at Nv.parseMaybeUnaryOrPrivate (node_modules/@storybook/core/dist/babel/index.cjs:142032:63)
      at Nv.parseExprOps (node_modules/@storybook/core/dist/babel/index.cjs:142035:78)
      at Nv.parseMaybeConditional (node_modules/@storybook/core/dist/babel/index.cjs:142020:78)
      at Nv.parseMaybeAssign (node_modules/@storybook/core/dist/babel/index.cjs:142004:20)
      at Nv.parseMaybeAssign (node_modules/@storybook/core/dist/babel/index.cjs:141392:22)
      at node_modules/@storybook/core/dist/babel/index.cjs:141986:41
      at Nv.allowInAnd (node_modules/@storybook/core/dist/babel/index.cjs:142978:14)
      at Nv.parseMaybeAssignAllowIn (node_modules/@storybook/core/dist/babel/index.cjs:141986:19)
      at Nv.parseObjectProperty (node_modules/@storybook/core/dist/babel/index.cjs:142656:81)
      at Nv.parseObjPropValue (node_modules/@storybook/core/dist/babel/index.cjs:142671:61)
      If you are in development, this likely indicates a problem with your Storybook process,
      check the terminal for errors.
      If you are in a deployed Storybook, there may have been an issue deploying the full Storybook
      build.
      at ns2.getStoryIndexFromServer (packages/components/http:/localhost:6007/packages/components/node_modules/.cache/storybook/1c3385a5d25e538d10b518b310c74d3ca2690b6aaffeadccd74da79736171f86/sb-vite/deps/storybook_internal_preview_runtime.js?v=b3da04b4:8624:11)
      at async ns2.initializeWithProjectAnnotations (packages/components/http:/localhost:6007/packages/components/node_modules/.cache/storybook/1c3385a5d25e538d10b518b310c74d3ca2690b6aaffeadccd74da79736171f86/sb-vite/deps/storybook_internal_preview_runtime.js?v=b3da04b4:8606:15)
      at async ns2.initialize (packages/components/http:/localhost:6007/packages/components/node_modules/.cache/storybook/1c3385a5d25e538d10b518b310c74d3ca2690b6aaffeadccd74da79736171f86/sb-vite/deps/storybook_internal_preview_runtime.js?v=b3da04b4:8581:39)

  ● Components/SideNavigation › WithManyItems › smoke-test

    thrown: "Exceeded timeout of 30000 ms for a test.
    Add a timeout value to this test to increase the timeout, if this is a long-running test. See https://jestjs.io/docs/api#testname-fn-timeout."

      1304 | };
      1305 |
    > 1306 | export const TextTruncation: Story = {
           |             ^
      1307 |   args: {
      1308 |     groups: [
      1309 |       {

      at packages/components/src/SideNavigation/SideNavigation.stories.tsx:1306:13
      at packages/components/src/SideNavigation/SideNavigation.stories.tsx:1305:9
      at Object.<anonymous> (packages/components/src/SideNavigation/SideNavigation.stories.tsx:128:5)

  ● Components/SideNavigation › CompleteExample › smoke-test

    SB_PREVIEW_API_0006 (StoryIndexFetchError): Error fetching `/index.json`:

    Unable to index ./src/Table/EnhancedTable.stories.tsx:
      SyntaxError: Expecting Unicode escape sequence \uXXXX. (1467:15)

      at constructor (node_modules/@storybook/core/dist/babel/index.cjs:134900:15)
      at Nv.raise (node_modules/@storybook/core/dist/babel/index.cjs:137217:54)
      at Nv.readWord1 (node_modules/@storybook/core/dist/babel/index.cjs:137193:18)
      at Nv.readWord (node_modules/@storybook/core/dist/babel/index.cjs:137205:20)
      at Nv.getTokenFromCode (node_modules/@storybook/core/dist/babel/index.cjs:137028:16)
      at Nv.getTokenFromCode (node_modules/@storybook/core/dist/babel/index.cjs:139696:13)
      at Nv.getTokenFromCode (node_modules/@storybook/core/dist/babel/index.cjs:141547:13)
      at Nv.nextToken (node_modules/@storybook/core/dist/babel/index.cjs:136654:12)
      at Nv.next (node_modules/@storybook/core/dist/babel/index.cjs:136586:62)
      at Nv.eat (node_modules/@storybook/core/dist/babel/index.cjs:136589:36)
      at Nv.parseObjectProperty (node_modules/@storybook/core/dist/babel/index.cjs:142655:34)
      at Nv.parseObjPropValue (node_modules/@storybook/core/dist/babel/index.cjs:142671:61)
      at Nv.parseObjPropValue (node_modules/@storybook/core/dist/babel/index.cjs:141367:49)
      at Nv.parsePropertyDefinition (node_modules/@storybook/core/dist/babel/index.cjs:142632:19)
      at Nv.parseObjectLike (node_modules/@storybook/core/dist/babel/index.cjs:142596:57)
      at Nv.parseExprAtom (node_modules/@storybook/core/dist/babel/index.cjs:142302:23)
      at Nv.parseExprAtom (node_modules/@storybook/core/dist/babel/index.cjs:139667:45)
      at Nv.parseExprSubscripts (node_modules/@storybook/core/dist/babel/index.cjs:142149:78)
      at Nv.parseUpdate (node_modules/@storybook/core/dist/babel/index.cjs:142139:45)
      at Nv.parseMaybeUnary (node_modules/@storybook/core/dist/babel/index.cjs:142124:20)
      at Nv.parseMaybeUnary (node_modules/@storybook/core/dist/babel/index.cjs:141419:93)
      at Nv.parseMaybeUnaryOrPrivate (node_modules/@storybook/core/dist/babel/index.cjs:142032:63)
      at Nv.parseExprOps (node_modules/@storybook/core/dist/babel/index.cjs:142035:78)
      at Nv.parseMaybeConditional (node_modules/@storybook/core/dist/babel/index.cjs:142020:78)
      at Nv.parseMaybeAssign (node_modules/@storybook/core/dist/babel/index.cjs:142004:20)
      at Nv.parseMaybeAssign (node_modules/@storybook/core/dist/babel/index.cjs:141392:22)
      at node_modules/@storybook/core/dist/babel/index.cjs:141986:41
      at Nv.allowInAnd (node_modules/@storybook/core/dist/babel/index.cjs:142978:14)
      at Nv.parseMaybeAssignAllowIn (node_modules/@storybook/core/dist/babel/index.cjs:141986:19)
      at Nv.parseObjectProperty (node_modules/@storybook/core/dist/babel/index.cjs:142656:81)
      at Nv.parseObjPropValue (node_modules/@storybook/core/dist/babel/index.cjs:142671:61)
      at Nv.parseObjPropValue (node_modules/@storybook/core/dist/babel/index.cjs:141367:49)
      at Nv.parsePropertyDefinition (node_modules/@storybook/core/dist/babel/index.cjs:142632:19)
      at Nv.parseObjectLike (node_modules/@storybook/core/dist/babel/index.cjs:142596:57)
      at Nv.parseExprAtom (node_modules/@storybook/core/dist/babel/index.cjs:142302:23)
      at Nv.parseExprAtom (node_modules/@storybook/core/dist/babel/index.cjs:139667:45)
      at Nv.parseExprSubscripts (node_modules/@storybook/core/dist/babel/index.cjs:142149:78)
      at Nv.parseUpdate (node_modules/@storybook/core/dist/babel/index.cjs:142139:45)
      at Nv.parseMaybeUnary (node_modules/@storybook/core/dist/babel/index.cjs:142124:20)
      at Nv.parseMaybeUnary (node_modules/@storybook/core/dist/babel/index.cjs:141419:93)
      at Nv.parseMaybeUnaryOrPrivate (node_modules/@storybook/core/dist/babel/index.cjs:142032:63)
      at Nv.parseExprOps (node_modules/@storybook/core/dist/babel/index.cjs:142035:78)
      at Nv.parseMaybeConditional (node_modules/@storybook/core/dist/babel/index.cjs:142020:78)
      at Nv.parseMaybeAssign (node_modules/@storybook/core/dist/babel/index.cjs:142004:20)
      at Nv.parseMaybeAssign (node_modules/@storybook/core/dist/babel/index.cjs:141392:22)
      at node_modules/@storybook/core/dist/babel/index.cjs:141986:41
      at Nv.allowInAnd (node_modules/@storybook/core/dist/babel/index.cjs:142978:14)
      at Nv.parseMaybeAssignAllowIn (node_modules/@storybook/core/dist/babel/index.cjs:141986:19)
      at Nv.parseObjectProperty (node_modules/@storybook/core/dist/babel/index.cjs:142656:81)
      at Nv.parseObjPropValue (node_modules/@storybook/core/dist/babel/index.cjs:142671:61)
      If you are in development, this likely indicates a problem with your Storybook process,
      check the terminal for errors.
      If you are in a deployed Storybook, there may have been an issue deploying the full Storybook
      build.
      at constructor (node_modules/@storybook/core/dist/babel/index.cjs:134900:15)
      at Nv.raise (node_modules/@storybook/core/dist/babel/index.cjs:137217:54)
      at Nv.readWord1 (node_modules/@storybook/core/dist/babel/index.cjs:137193:18)
      at Nv.readWord (node_modules/@storybook/core/dist/babel/index.cjs:137205:20)
      at Nv.getTokenFromCode (node_modules/@storybook/core/dist/babel/index.cjs:137028:16)
      at Nv.getTokenFromCode (node_modules/@storybook/core/dist/babel/index.cjs:139696:13)
      at Nv.getTokenFromCode (node_modules/@storybook/core/dist/babel/index.cjs:141547:13)
      at Nv.nextToken (node_modules/@storybook/core/dist/babel/index.cjs:136654:12)
      at Nv.next (node_modules/@storybook/core/dist/babel/index.cjs:136586:62)
      at Nv.eat (node_modules/@storybook/core/dist/babel/index.cjs:136589:36)
      at Nv.parseObjectProperty (node_modules/@storybook/core/dist/babel/index.cjs:142655:34)
      at Nv.parseObjPropValue (node_modules/@storybook/core/dist/babel/index.cjs:142671:61)
      at Nv.parseObjPropValue (node_modules/@storybook/core/dist/babel/index.cjs:141367:49)
      at Nv.parsePropertyDefinition (node_modules/@storybook/core/dist/babel/index.cjs:142632:19)
      at Nv.parseObjectLike (node_modules/@storybook/core/dist/babel/index.cjs:142596:57)
      at Nv.parseExprAtom (node_modules/@storybook/core/dist/babel/index.cjs:142302:23)
      at Nv.parseExprAtom (node_modules/@storybook/core/dist/babel/index.cjs:139667:45)
      at Nv.parseExprSubscripts (node_modules/@storybook/core/dist/babel/index.cjs:142149:78)
      at Nv.parseUpdate (node_modules/@storybook/core/dist/babel/index.cjs:142139:45)
      at Nv.parseMaybeUnary (node_modules/@storybook/core/dist/babel/index.cjs:142124:20)
      at Nv.parseMaybeUnary (node_modules/@storybook/core/dist/babel/index.cjs:141419:93)
      at Nv.parseMaybeUnaryOrPrivate (node_modules/@storybook/core/dist/babel/index.cjs:142032:63)
      at Nv.parseExprOps (node_modules/@storybook/core/dist/babel/index.cjs:142035:78)
      at Nv.parseMaybeConditional (node_modules/@storybook/core/dist/babel/index.cjs:142020:78)
      at Nv.parseMaybeAssign (node_modules/@storybook/core/dist/babel/index.cjs:142004:20)
      at Nv.parseMaybeAssign (node_modules/@storybook/core/dist/babel/index.cjs:141392:22)
      at node_modules/@storybook/core/dist/babel/index.cjs:141986:41
      at Nv.allowInAnd (node_modules/@storybook/core/dist/babel/index.cjs:142978:14)
      at Nv.parseMaybeAssignAllowIn (node_modules/@storybook/core/dist/babel/index.cjs:141986:19)
      at Nv.parseObjectProperty (node_modules/@storybook/core/dist/babel/index.cjs:142656:81)
      at Nv.parseObjPropValue (node_modules/@storybook/core/dist/babel/index.cjs:142671:61)
      at Nv.parseObjPropValue (node_modules/@storybook/core/dist/babel/index.cjs:141367:49)
      at Nv.parsePropertyDefinition (node_modules/@storybook/core/dist/babel/index.cjs:142632:19)
      at Nv.parseObjectLike (node_modules/@storybook/core/dist/babel/index.cjs:142596:57)
      at Nv.parseExprAtom (node_modules/@storybook/core/dist/babel/index.cjs:142302:23)
      at Nv.parseExprAtom (node_modules/@storybook/core/dist/babel/index.cjs:139667:45)
      at Nv.parseExprSubscripts (node_modules/@storybook/core/dist/babel/index.cjs:142149:78)
      at Nv.parseUpdate (node_modules/@storybook/core/dist/babel/index.cjs:142139:45)
      at Nv.parseMaybeUnary (node_modules/@storybook/core/dist/babel/index.cjs:142124:20)
      at Nv.parseMaybeUnary (node_modules/@storybook/core/dist/babel/index.cjs:141419:93)
      at Nv.parseMaybeUnaryOrPrivate (node_modules/@storybook/core/dist/babel/index.cjs:142032:63)
      at Nv.parseExprOps (node_modules/@storybook/core/dist/babel/index.cjs:142035:78)
      at Nv.parseMaybeConditional (node_modules/@storybook/core/dist/babel/index.cjs:142020:78)
      at Nv.parseMaybeAssign (node_modules/@storybook/core/dist/babel/index.cjs:142004:20)
      at Nv.parseMaybeAssign (node_modules/@storybook/core/dist/babel/index.cjs:141392:22)
      at node_modules/@storybook/core/dist/babel/index.cjs:141986:41
      at Nv.allowInAnd (node_modules/@storybook/core/dist/babel/index.cjs:142978:14)
      at Nv.parseMaybeAssignAllowIn (node_modules/@storybook/core/dist/babel/index.cjs:141986:19)
      at Nv.parseObjectProperty (node_modules/@storybook/core/dist/babel/index.cjs:142656:81)
      at Nv.parseObjPropValue (node_modules/@storybook/core/dist/babel/index.cjs:142671:61)
      If you are in development, this likely indicates a problem with your Storybook process,
      check the terminal for errors.
      If you are in a deployed Storybook, there may have been an issue deploying the full Storybook
      build.
      at ns2.getStoryIndexFromServer (packages/components/http:/localhost:6007/packages/components/node_modules/.cache/storybook/1c3385a5d25e538d10b518b310c74d3ca2690b6aaffeadccd74da79736171f86/sb-vite/deps/storybook_internal_preview_runtime.js?v=b3da04b4:8624:11)
      at async ns2.initializeWithProjectAnnotations (packages/components/http:/localhost:6007/packages/components/node_modules/.cache/storybook/1c3385a5d25e538d10b518b310c74d3ca2690b6aaffeadccd74da79736171f86/sb-vite/deps/storybook_internal_preview_runtime.js?v=b3da04b4:8606:15)
      at async ns2.initialize (packages/components/http:/localhost:6007/packages/components/node_modules/.cache/storybook/1c3385a5d25e538d10b518b310c74d3ca2690b6aaffeadccd74da79736171f86/sb-vite/deps/storybook_internal_preview_runtime.js?v=b3da04b4:8581:39)

  ● Components/SideNavigation › CompleteExample › smoke-test

    thrown: "Exceeded timeout of 30000 ms for a test.
    Add a timeout value to this test to increase the timeout, if this is a long-running test. See https://jestjs.io/docs/api#testname-fn-timeout."



      at packages/components/src/SideNavigation/SideNavigation.stories.tsx:1453:13
      at packages/components/src/SideNavigation/SideNavigation.stories.tsx:1452:9
      at Object.<anonymous> (packages/components/src/SideNavigation/SideNavigation.stories.tsx:128:5)

  ● Components/SideNavigation › WithNestedMenus › smoke-test

    SB_PREVIEW_API_0006 (StoryIndexFetchError): Error fetching `/index.json`:

    Unable to index ./src/Table/EnhancedTable.stories.tsx:
      SyntaxError: Expecting Unicode escape sequence \uXXXX. (1467:15)

      at constructor (node_modules/@storybook/core/dist/babel/index.cjs:134900:15)
      at Nv.raise (node_modules/@storybook/core/dist/babel/index.cjs:137217:54)
      at Nv.readWord1 (node_modules/@storybook/core/dist/babel/index.cjs:137193:18)
      at Nv.readWord (node_modules/@storybook/core/dist/babel/index.cjs:137205:20)
      at Nv.getTokenFromCode (node_modules/@storybook/core/dist/babel/index.cjs:137028:16)
      at Nv.getTokenFromCode (node_modules/@storybook/core/dist/babel/index.cjs:139696:13)
      at Nv.getTokenFromCode (node_modules/@storybook/core/dist/babel/index.cjs:141547:13)
      at Nv.nextToken (node_modules/@storybook/core/dist/babel/index.cjs:136654:12)
      at Nv.next (node_modules/@storybook/core/dist/babel/index.cjs:136586:62)
      at Nv.eat (node_modules/@storybook/core/dist/babel/index.cjs:136589:36)
      at Nv.parseObjectProperty (node_modules/@storybook/core/dist/babel/index.cjs:142655:34)
      at Nv.parseObjPropValue (node_modules/@storybook/core/dist/babel/index.cjs:142671:61)
      at Nv.parseObjPropValue (node_modules/@storybook/core/dist/babel/index.cjs:141367:49)
      at Nv.parsePropertyDefinition (node_modules/@storybook/core/dist/babel/index.cjs:142632:19)
      at Nv.parseObjectLike (node_modules/@storybook/core/dist/babel/index.cjs:142596:57)
      at Nv.parseExprAtom (node_modules/@storybook/core/dist/babel/index.cjs:142302:23)
      at Nv.parseExprAtom (node_modules/@storybook/core/dist/babel/index.cjs:139667:45)
      at Nv.parseExprSubscripts (node_modules/@storybook/core/dist/babel/index.cjs:142149:78)
      at Nv.parseUpdate (node_modules/@storybook/core/dist/babel/index.cjs:142139:45)
      at Nv.parseMaybeUnary (node_modules/@storybook/core/dist/babel/index.cjs:142124:20)
      at Nv.parseMaybeUnary (node_modules/@storybook/core/dist/babel/index.cjs:141419:93)
      at Nv.parseMaybeUnaryOrPrivate (node_modules/@storybook/core/dist/babel/index.cjs:142032:63)
      at Nv.parseExprOps (node_modules/@storybook/core/dist/babel/index.cjs:142035:78)
      at Nv.parseMaybeConditional (node_modules/@storybook/core/dist/babel/index.cjs:142020:78)
      at Nv.parseMaybeAssign (node_modules/@storybook/core/dist/babel/index.cjs:142004:20)
      at Nv.parseMaybeAssign (node_modules/@storybook/core/dist/babel/index.cjs:141392:22)
      at node_modules/@storybook/core/dist/babel/index.cjs:141986:41
      at Nv.allowInAnd (node_modules/@storybook/core/dist/babel/index.cjs:142978:14)
      at Nv.parseMaybeAssignAllowIn (node_modules/@storybook/core/dist/babel/index.cjs:141986:19)
      at Nv.parseObjectProperty (node_modules/@storybook/core/dist/babel/index.cjs:142656:81)
      at Nv.parseObjPropValue (node_modules/@storybook/core/dist/babel/index.cjs:142671:61)
      at Nv.parseObjPropValue (node_modules/@storybook/core/dist/babel/index.cjs:141367:49)
      at Nv.parsePropertyDefinition (node_modules/@storybook/core/dist/babel/index.cjs:142632:19)
      at Nv.parseObjectLike (node_modules/@storybook/core/dist/babel/index.cjs:142596:57)
      at Nv.parseExprAtom (node_modules/@storybook/core/dist/babel/index.cjs:142302:23)
      at Nv.parseExprAtom (node_modules/@storybook/core/dist/babel/index.cjs:139667:45)
      at Nv.parseExprSubscripts (node_modules/@storybook/core/dist/babel/index.cjs:142149:78)
      at Nv.parseUpdate (node_modules/@storybook/core/dist/babel/index.cjs:142139:45)
      at Nv.parseMaybeUnary (node_modules/@storybook/core/dist/babel/index.cjs:142124:20)
      at Nv.parseMaybeUnary (node_modules/@storybook/core/dist/babel/index.cjs:141419:93)
      at Nv.parseMaybeUnaryOrPrivate (node_modules/@storybook/core/dist/babel/index.cjs:142032:63)
      at Nv.parseExprOps (node_modules/@storybook/core/dist/babel/index.cjs:142035:78)
      at Nv.parseMaybeConditional (node_modules/@storybook/core/dist/babel/index.cjs:142020:78)
      at Nv.parseMaybeAssign (node_modules/@storybook/core/dist/babel/index.cjs:142004:20)
      at Nv.parseMaybeAssign (node_modules/@storybook/core/dist/babel/index.cjs:141392:22)
      at node_modules/@storybook/core/dist/babel/index.cjs:141986:41
      at Nv.allowInAnd (node_modules/@storybook/core/dist/babel/index.cjs:142978:14)
      at Nv.parseMaybeAssignAllowIn (node_modules/@storybook/core/dist/babel/index.cjs:141986:19)
      at Nv.parseObjectProperty (node_modules/@storybook/core/dist/babel/index.cjs:142656:81)
      at Nv.parseObjPropValue (node_modules/@storybook/core/dist/babel/index.cjs:142671:61)
      If you are in development, this likely indicates a problem with your Storybook process,
      check the terminal for errors.
      If you are in a deployed Storybook, there may have been an issue deploying the full Storybook
      build.
      at constructor (node_modules/@storybook/core/dist/babel/index.cjs:134900:15)
      at Nv.raise (node_modules/@storybook/core/dist/babel/index.cjs:137217:54)
      at Nv.readWord1 (node_modules/@storybook/core/dist/babel/index.cjs:137193:18)
      at Nv.readWord (node_modules/@storybook/core/dist/babel/index.cjs:137205:20)
      at Nv.getTokenFromCode (node_modules/@storybook/core/dist/babel/index.cjs:137028:16)
      at Nv.getTokenFromCode (node_modules/@storybook/core/dist/babel/index.cjs:139696:13)
      at Nv.getTokenFromCode (node_modules/@storybook/core/dist/babel/index.cjs:141547:13)
      at Nv.nextToken (node_modules/@storybook/core/dist/babel/index.cjs:136654:12)
      at Nv.next (node_modules/@storybook/core/dist/babel/index.cjs:136586:62)
      at Nv.eat (node_modules/@storybook/core/dist/babel/index.cjs:136589:36)
      at Nv.parseObjectProperty (node_modules/@storybook/core/dist/babel/index.cjs:142655:34)
      at Nv.parseObjPropValue (node_modules/@storybook/core/dist/babel/index.cjs:142671:61)
      at Nv.parseObjPropValue (node_modules/@storybook/core/dist/babel/index.cjs:141367:49)
      at Nv.parsePropertyDefinition (node_modules/@storybook/core/dist/babel/index.cjs:142632:19)
      at Nv.parseObjectLike (node_modules/@storybook/core/dist/babel/index.cjs:142596:57)
      at Nv.parseExprAtom (node_modules/@storybook/core/dist/babel/index.cjs:142302:23)
      at Nv.parseExprAtom (node_modules/@storybook/core/dist/babel/index.cjs:139667:45)
      at Nv.parseExprSubscripts (node_modules/@storybook/core/dist/babel/index.cjs:142149:78)
      at Nv.parseUpdate (node_modules/@storybook/core/dist/babel/index.cjs:142139:45)
      at Nv.parseMaybeUnary (node_modules/@storybook/core/dist/babel/index.cjs:142124:20)
      at Nv.parseMaybeUnary (node_modules/@storybook/core/dist/babel/index.cjs:141419:93)
      at Nv.parseMaybeUnaryOrPrivate (node_modules/@storybook/core/dist/babel/index.cjs:142032:63)
      at Nv.parseExprOps (node_modules/@storybook/core/dist/babel/index.cjs:142035:78)
      at Nv.parseMaybeConditional (node_modules/@storybook/core/dist/babel/index.cjs:142020:78)
      at Nv.parseMaybeAssign (node_modules/@storybook/core/dist/babel/index.cjs:142004:20)
      at Nv.parseMaybeAssign (node_modules/@storybook/core/dist/babel/index.cjs:141392:22)
      at node_modules/@storybook/core/dist/babel/index.cjs:141986:41
      at Nv.allowInAnd (node_modules/@storybook/core/dist/babel/index.cjs:142978:14)
      at Nv.parseMaybeAssignAllowIn (node_modules/@storybook/core/dist/babel/index.cjs:141986:19)
      at Nv.parseObjectProperty (node_modules/@storybook/core/dist/babel/index.cjs:142656:81)
      at Nv.parseObjPropValue (node_modules/@storybook/core/dist/babel/index.cjs:142671:61)
      at Nv.parseObjPropValue (node_modules/@storybook/core/dist/babel/index.cjs:141367:49)
      at Nv.parsePropertyDefinition (node_modules/@storybook/core/dist/babel/index.cjs:142632:19)
      at Nv.parseObjectLike (node_modules/@storybook/core/dist/babel/index.cjs:142596:57)
      at Nv.parseExprAtom (node_modules/@storybook/core/dist/babel/index.cjs:142302:23)
      at Nv.parseExprAtom (node_modules/@storybook/core/dist/babel/index.cjs:139667:45)
      at Nv.parseExprSubscripts (node_modules/@storybook/core/dist/babel/index.cjs:142149:78)
      at Nv.parseUpdate (node_modules/@storybook/core/dist/babel/index.cjs:142139:45)
      at Nv.parseMaybeUnary (node_modules/@storybook/core/dist/babel/index.cjs:142124:20)
      at Nv.parseMaybeUnary (node_modules/@storybook/core/dist/babel/index.cjs:141419:93)
      at Nv.parseMaybeUnaryOrPrivate (node_modules/@storybook/core/dist/babel/index.cjs:142032:63)
      at Nv.parseExprOps (node_modules/@storybook/core/dist/babel/index.cjs:142035:78)
      at Nv.parseMaybeConditional (node_modules/@storybook/core/dist/babel/index.cjs:142020:78)
      at Nv.parseMaybeAssign (node_modules/@storybook/core/dist/babel/index.cjs:142004:20)
      at Nv.parseMaybeAssign (node_modules/@storybook/core/dist/babel/index.cjs:141392:22)
      at node_modules/@storybook/core/dist/babel/index.cjs:141986:41
      at Nv.allowInAnd (node_modules/@storybook/core/dist/babel/index.cjs:142978:14)
      at Nv.parseMaybeAssignAllowIn (node_modules/@storybook/core/dist/babel/index.cjs:141986:19)
      at Nv.parseObjectProperty (node_modules/@storybook/core/dist/babel/index.cjs:142656:81)
      at Nv.parseObjPropValue (node_modules/@storybook/core/dist/babel/index.cjs:142671:61)
      If you are in development, this likely indicates a problem with your Storybook process,
      check the terminal for errors.
      If you are in a deployed Storybook, there may have been an issue deploying the full Storybook
      build.
      at ns2.getStoryIndexFromServer (packages/components/http:/localhost:6007/packages/components/node_modules/.cache/storybook/1c3385a5d25e538d10b518b310c74d3ca2690b6aaffeadccd74da79736171f86/sb-vite/deps/storybook_internal_preview_runtime.js?v=b3da04b4:8624:11)
      at async ns2.initializeWithProjectAnnotations (packages/components/http:/localhost:6007/packages/components/node_modules/.cache/storybook/1c3385a5d25e538d10b518b310c74d3ca2690b6aaffeadccd74da79736171f86/sb-vite/deps/storybook_internal_preview_runtime.js?v=b3da04b4:8606:15)
      at async ns2.initialize (packages/components/http:/localhost:6007/packages/components/node_modules/.cache/storybook/1c3385a5d25e538d10b518b310c74d3ca2690b6aaffeadccd74da79736171f86/sb-vite/deps/storybook_internal_preview_runtime.js?v=b3da04b4:8581:39)

  ● Components/SideNavigation › WithNestedMenus › smoke-test

    thrown: "Exceeded timeout of 30000 ms for a test.
    Add a timeout value to this test to increase the timeout, if this is a long-running test. See https://jestjs.io/docs/api#testname-fn-timeout."



      at packages/components/src/SideNavigation/SideNavigation.stories.tsx:1600:13
      at packages/components/src/SideNavigation/SideNavigation.stories.tsx:1599:9
      at Object.<anonymous> (packages/components/src/SideNavigation/SideNavigation.stories.tsx:128:5)

  ● Components/SideNavigation › CustomLogo › smoke-test

    SB_PREVIEW_API_0006 (StoryIndexFetchError): Error fetching `/index.json`:

    Unable to index ./src/Table/EnhancedTable.stories.tsx:
      SyntaxError: Expecting Unicode escape sequence \uXXXX. (1467:15)

      at constructor (node_modules/@storybook/core/dist/babel/index.cjs:134900:15)
      at Nv.raise (node_modules/@storybook/core/dist/babel/index.cjs:137217:54)
      at Nv.readWord1 (node_modules/@storybook/core/dist/babel/index.cjs:137193:18)
      at Nv.readWord (node_modules/@storybook/core/dist/babel/index.cjs:137205:20)
      at Nv.getTokenFromCode (node_modules/@storybook/core/dist/babel/index.cjs:137028:16)
      at Nv.getTokenFromCode (node_modules/@storybook/core/dist/babel/index.cjs:139696:13)
      at Nv.getTokenFromCode (node_modules/@storybook/core/dist/babel/index.cjs:141547:13)
      at Nv.nextToken (node_modules/@storybook/core/dist/babel/index.cjs:136654:12)
      at Nv.next (node_modules/@storybook/core/dist/babel/index.cjs:136586:62)
      at Nv.eat (node_modules/@storybook/core/dist/babel/index.cjs:136589:36)
      at Nv.parseObjectProperty (node_modules/@storybook/core/dist/babel/index.cjs:142655:34)
      at Nv.parseObjPropValue (node_modules/@storybook/core/dist/babel/index.cjs:142671:61)
      at Nv.parseObjPropValue (node_modules/@storybook/core/dist/babel/index.cjs:141367:49)
      at Nv.parsePropertyDefinition (node_modules/@storybook/core/dist/babel/index.cjs:142632:19)
      at Nv.parseObjectLike (node_modules/@storybook/core/dist/babel/index.cjs:142596:57)
      at Nv.parseExprAtom (node_modules/@storybook/core/dist/babel/index.cjs:142302:23)
      at Nv.parseExprAtom (node_modules/@storybook/core/dist/babel/index.cjs:139667:45)
      at Nv.parseExprSubscripts (node_modules/@storybook/core/dist/babel/index.cjs:142149:78)
      at Nv.parseUpdate (node_modules/@storybook/core/dist/babel/index.cjs:142139:45)
      at Nv.parseMaybeUnary (node_modules/@storybook/core/dist/babel/index.cjs:142124:20)
      at Nv.parseMaybeUnary (node_modules/@storybook/core/dist/babel/index.cjs:141419:93)
      at Nv.parseMaybeUnaryOrPrivate (node_modules/@storybook/core/dist/babel/index.cjs:142032:63)
      at Nv.parseExprOps (node_modules/@storybook/core/dist/babel/index.cjs:142035:78)
      at Nv.parseMaybeConditional (node_modules/@storybook/core/dist/babel/index.cjs:142020:78)
      at Nv.parseMaybeAssign (node_modules/@storybook/core/dist/babel/index.cjs:142004:20)
      at Nv.parseMaybeAssign (node_modules/@storybook/core/dist/babel/index.cjs:141392:22)
      at node_modules/@storybook/core/dist/babel/index.cjs:141986:41
      at Nv.allowInAnd (node_modules/@storybook/core/dist/babel/index.cjs:142978:14)
      at Nv.parseMaybeAssignAllowIn (node_modules/@storybook/core/dist/babel/index.cjs:141986:19)
      at Nv.parseObjectProperty (node_modules/@storybook/core/dist/babel/index.cjs:142656:81)
      at Nv.parseObjPropValue (node_modules/@storybook/core/dist/babel/index.cjs:142671:61)
      at Nv.parseObjPropValue (node_modules/@storybook/core/dist/babel/index.cjs:141367:49)
      at Nv.parsePropertyDefinition (node_modules/@storybook/core/dist/babel/index.cjs:142632:19)
      at Nv.parseObjectLike (node_modules/@storybook/core/dist/babel/index.cjs:142596:57)
      at Nv.parseExprAtom (node_modules/@storybook/core/dist/babel/index.cjs:142302:23)
      at Nv.parseExprAtom (node_modules/@storybook/core/dist/babel/index.cjs:139667:45)
      at Nv.parseExprSubscripts (node_modules/@storybook/core/dist/babel/index.cjs:142149:78)
      at Nv.parseUpdate (node_modules/@storybook/core/dist/babel/index.cjs:142139:45)
      at Nv.parseMaybeUnary (node_modules/@storybook/core/dist/babel/index.cjs:142124:20)
      at Nv.parseMaybeUnary (node_modules/@storybook/core/dist/babel/index.cjs:141419:93)
      at Nv.parseMaybeUnaryOrPrivate (node_modules/@storybook/core/dist/babel/index.cjs:142032:63)
      at Nv.parseExprOps (node_modules/@storybook/core/dist/babel/index.cjs:142035:78)
      at Nv.parseMaybeConditional (node_modules/@storybook/core/dist/babel/index.cjs:142020:78)
      at Nv.parseMaybeAssign (node_modules/@storybook/core/dist/babel/index.cjs:142004:20)
      at Nv.parseMaybeAssign (node_modules/@storybook/core/dist/babel/index.cjs:141392:22)
      at node_modules/@storybook/core/dist/babel/index.cjs:141986:41
      at Nv.allowInAnd (node_modules/@storybook/core/dist/babel/index.cjs:142978:14)
      at Nv.parseMaybeAssignAllowIn (node_modules/@storybook/core/dist/babel/index.cjs:141986:19)
      at Nv.parseObjectProperty (node_modules/@storybook/core/dist/babel/index.cjs:142656:81)
      at Nv.parseObjPropValue (node_modules/@storybook/core/dist/babel/index.cjs:142671:61)
      If you are in development, this likely indicates a problem with your Storybook process,
      check the terminal for errors.
      If you are in a deployed Storybook, there may have been an issue deploying the full Storybook
      build.
      at constructor (node_modules/@storybook/core/dist/babel/index.cjs:134900:15)
      at Nv.raise (node_modules/@storybook/core/dist/babel/index.cjs:137217:54)
      at Nv.readWord1 (node_modules/@storybook/core/dist/babel/index.cjs:137193:18)
      at Nv.readWord (node_modules/@storybook/core/dist/babel/index.cjs:137205:20)
      at Nv.getTokenFromCode (node_modules/@storybook/core/dist/babel/index.cjs:137028:16)
      at Nv.getTokenFromCode (node_modules/@storybook/core/dist/babel/index.cjs:139696:13)
      at Nv.getTokenFromCode (node_modules/@storybook/core/dist/babel/index.cjs:141547:13)
      at Nv.nextToken (node_modules/@storybook/core/dist/babel/index.cjs:136654:12)
      at Nv.next (node_modules/@storybook/core/dist/babel/index.cjs:136586:62)
      at Nv.eat (node_modules/@storybook/core/dist/babel/index.cjs:136589:36)
      at Nv.parseObjectProperty (node_modules/@storybook/core/dist/babel/index.cjs:142655:34)
      at Nv.parseObjPropValue (node_modules/@storybook/core/dist/babel/index.cjs:142671:61)
      at Nv.parseObjPropValue (node_modules/@storybook/core/dist/babel/index.cjs:141367:49)
      at Nv.parsePropertyDefinition (node_modules/@storybook/core/dist/babel/index.cjs:142632:19)
      at Nv.parseObjectLike (node_modules/@storybook/core/dist/babel/index.cjs:142596:57)
      at Nv.parseExprAtom (node_modules/@storybook/core/dist/babel/index.cjs:142302:23)
      at Nv.parseExprAtom (node_modules/@storybook/core/dist/babel/index.cjs:139667:45)
      at Nv.parseExprSubscripts (node_modules/@storybook/core/dist/babel/index.cjs:142149:78)
      at Nv.parseUpdate (node_modules/@storybook/core/dist/babel/index.cjs:142139:45)
      at Nv.parseMaybeUnary (node_modules/@storybook/core/dist/babel/index.cjs:142124:20)
      at Nv.parseMaybeUnary (node_modules/@storybook/core/dist/babel/index.cjs:141419:93)
      at Nv.parseMaybeUnaryOrPrivate (node_modules/@storybook/core/dist/babel/index.cjs:142032:63)
      at Nv.parseExprOps (node_modules/@storybook/core/dist/babel/index.cjs:142035:78)
      at Nv.parseMaybeConditional (node_modules/@storybook/core/dist/babel/index.cjs:142020:78)
      at Nv.parseMaybeAssign (node_modules/@storybook/core/dist/babel/index.cjs:142004:20)
      at Nv.parseMaybeAssign (node_modules/@storybook/core/dist/babel/index.cjs:141392:22)
      at node_modules/@storybook/core/dist/babel/index.cjs:141986:41
      at Nv.allowInAnd (node_modules/@storybook/core/dist/babel/index.cjs:142978:14)
      at Nv.parseMaybeAssignAllowIn (node_modules/@storybook/core/dist/babel/index.cjs:141986:19)
      at Nv.parseObjectProperty (node_modules/@storybook/core/dist/babel/index.cjs:142656:81)
      at Nv.parseObjPropValue (node_modules/@storybook/core/dist/babel/index.cjs:142671:61)
      at Nv.parseObjPropValue (node_modules/@storybook/core/dist/babel/index.cjs:141367:49)
      at Nv.parsePropertyDefinition (node_modules/@storybook/core/dist/babel/index.cjs:142632:19)
      at Nv.parseObjectLike (node_modules/@storybook/core/dist/babel/index.cjs:142596:57)
      at Nv.parseExprAtom (node_modules/@storybook/core/dist/babel/index.cjs:142302:23)
      at Nv.parseExprAtom (node_modules/@storybook/core/dist/babel/index.cjs:139667:45)
      at Nv.parseExprSubscripts (node_modules/@storybook/core/dist/babel/index.cjs:142149:78)
      at Nv.parseUpdate (node_modules/@storybook/core/dist/babel/index.cjs:142139:45)
      at Nv.parseMaybeUnary (node_modules/@storybook/core/dist/babel/index.cjs:142124:20)
      at Nv.parseMaybeUnary (node_modules/@storybook/core/dist/babel/index.cjs:141419:93)
      at Nv.parseMaybeUnaryOrPrivate (node_modules/@storybook/core/dist/babel/index.cjs:142032:63)
      at Nv.parseExprOps (node_modules/@storybook/core/dist/babel/index.cjs:142035:78)
      at Nv.parseMaybeConditional (node_modules/@storybook/core/dist/babel/index.cjs:142020:78)
      at Nv.parseMaybeAssign (node_modules/@storybook/core/dist/babel/index.cjs:142004:20)
      at Nv.parseMaybeAssign (node_modules/@storybook/core/dist/babel/index.cjs:141392:22)
      at node_modules/@storybook/core/dist/babel/index.cjs:141986:41
      at Nv.allowInAnd (node_modules/@storybook/core/dist/babel/index.cjs:142978:14)
      at Nv.parseMaybeAssignAllowIn (node_modules/@storybook/core/dist/babel/index.cjs:141986:19)
      at Nv.parseObjectProperty (node_modules/@storybook/core/dist/babel/index.cjs:142656:81)
      at Nv.parseObjPropValue (node_modules/@storybook/core/dist/babel/index.cjs:142671:61)
      If you are in development, this likely indicates a problem with your Storybook process,
      check the terminal for errors.
      If you are in a deployed Storybook, there may have been an issue deploying the full Storybook
      build.
      at ns2.getStoryIndexFromServer (packages/components/http:/localhost:6007/packages/components/node_modules/.cache/storybook/1c3385a5d25e538d10b518b310c74d3ca2690b6aaffeadccd74da79736171f86/sb-vite/deps/storybook_internal_preview_runtime.js?v=b3da04b4:8624:11)
      at async ns2.initializeWithProjectAnnotations (packages/components/http:/localhost:6007/packages/components/node_modules/.cache/storybook/1c3385a5d25e538d10b518b310c74d3ca2690b6aaffeadccd74da79736171f86/sb-vite/deps/storybook_internal_preview_runtime.js?v=b3da04b4:8606:15)
      at async ns2.initialize (packages/components/http:/localhost:6007/packages/components/node_modules/.cache/storybook/1c3385a5d25e538d10b518b310c74d3ca2690b6aaffeadccd74da79736171f86/sb-vite/deps/storybook_internal_preview_runtime.js?v=b3da04b4:8581:39)

  ● Components/SideNavigation › CustomLogo › smoke-test

    thrown: "Exceeded timeout of 30000 ms for a test.
    Add a timeout value to this test to increase the timeout, if this is a long-running test. See https://jestjs.io/docs/api#testname-fn-timeout."



      at packages/components/src/SideNavigation/SideNavigation.stories.tsx:1747:13
      at packages/components/src/SideNavigation/SideNavigation.stories.tsx:1746:9
      at Object.<anonymous> (packages/components/src/SideNavigation/SideNavigation.stories.tsx:128:5)

  ● Components/SideNavigation › TextTruncation › smoke-test

    SB_PREVIEW_API_0006 (StoryIndexFetchError): Error fetching `/index.json`:

    Unable to index ./src/Table/EnhancedTable.stories.tsx:
      SyntaxError: Expecting Unicode escape sequence \uXXXX. (1467:15)

      at constructor (node_modules/@storybook/core/dist/babel/index.cjs:134900:15)
      at Nv.raise (node_modules/@storybook/core/dist/babel/index.cjs:137217:54)
      at Nv.readWord1 (node_modules/@storybook/core/dist/babel/index.cjs:137193:18)
      at Nv.readWord (node_modules/@storybook/core/dist/babel/index.cjs:137205:20)
      at Nv.getTokenFromCode (node_modules/@storybook/core/dist/babel/index.cjs:137028:16)
      at Nv.getTokenFromCode (node_modules/@storybook/core/dist/babel/index.cjs:139696:13)
      at Nv.getTokenFromCode (node_modules/@storybook/core/dist/babel/index.cjs:141547:13)
      at Nv.nextToken (node_modules/@storybook/core/dist/babel/index.cjs:136654:12)
      at Nv.next (node_modules/@storybook/core/dist/babel/index.cjs:136586:62)
      at Nv.eat (node_modules/@storybook/core/dist/babel/index.cjs:136589:36)
      at Nv.parseObjectProperty (node_modules/@storybook/core/dist/babel/index.cjs:142655:34)
      at Nv.parseObjPropValue (node_modules/@storybook/core/dist/babel/index.cjs:142671:61)
      at Nv.parseObjPropValue (node_modules/@storybook/core/dist/babel/index.cjs:141367:49)
      at Nv.parsePropertyDefinition (node_modules/@storybook/core/dist/babel/index.cjs:142632:19)
      at Nv.parseObjectLike (node_modules/@storybook/core/dist/babel/index.cjs:142596:57)
      at Nv.parseExprAtom (node_modules/@storybook/core/dist/babel/index.cjs:142302:23)
      at Nv.parseExprAtom (node_modules/@storybook/core/dist/babel/index.cjs:139667:45)
      at Nv.parseExprSubscripts (node_modules/@storybook/core/dist/babel/index.cjs:142149:78)
      at Nv.parseUpdate (node_modules/@storybook/core/dist/babel/index.cjs:142139:45)
      at Nv.parseMaybeUnary (node_modules/@storybook/core/dist/babel/index.cjs:142124:20)
      at Nv.parseMaybeUnary (node_modules/@storybook/core/dist/babel/index.cjs:141419:93)
      at Nv.parseMaybeUnaryOrPrivate (node_modules/@storybook/core/dist/babel/index.cjs:142032:63)
      at Nv.parseExprOps (node_modules/@storybook/core/dist/babel/index.cjs:142035:78)
      at Nv.parseMaybeConditional (node_modules/@storybook/core/dist/babel/index.cjs:142020:78)
      at Nv.parseMaybeAssign (node_modules/@storybook/core/dist/babel/index.cjs:142004:20)
      at Nv.parseMaybeAssign (node_modules/@storybook/core/dist/babel/index.cjs:141392:22)
      at node_modules/@storybook/core/dist/babel/index.cjs:141986:41
      at Nv.allowInAnd (node_modules/@storybook/core/dist/babel/index.cjs:142978:14)
      at Nv.parseMaybeAssignAllowIn (node_modules/@storybook/core/dist/babel/index.cjs:141986:19)
      at Nv.parseObjectProperty (node_modules/@storybook/core/dist/babel/index.cjs:142656:81)
      at Nv.parseObjPropValue (node_modules/@storybook/core/dist/babel/index.cjs:142671:61)
      at Nv.parseObjPropValue (node_modules/@storybook/core/dist/babel/index.cjs:141367:49)
      at Nv.parsePropertyDefinition (node_modules/@storybook/core/dist/babel/index.cjs:142632:19)
      at Nv.parseObjectLike (node_modules/@storybook/core/dist/babel/index.cjs:142596:57)
      at Nv.parseExprAtom (node_modules/@storybook/core/dist/babel/index.cjs:142302:23)
      at Nv.parseExprAtom (node_modules/@storybook/core/dist/babel/index.cjs:139667:45)
      at Nv.parseExprSubscripts (node_modules/@storybook/core/dist/babel/index.cjs:142149:78)
      at Nv.parseUpdate (node_modules/@storybook/core/dist/babel/index.cjs:142139:45)
      at Nv.parseMaybeUnary (node_modules/@storybook/core/dist/babel/index.cjs:142124:20)
      at Nv.parseMaybeUnary (node_modules/@storybook/core/dist/babel/index.cjs:141419:93)
      at Nv.parseMaybeUnaryOrPrivate (node_modules/@storybook/core/dist/babel/index.cjs:142032:63)
      at Nv.parseExprOps (node_modules/@storybook/core/dist/babel/index.cjs:142035:78)
      at Nv.parseMaybeConditional (node_modules/@storybook/core/dist/babel/index.cjs:142020:78)
      at Nv.parseMaybeAssign (node_modules/@storybook/core/dist/babel/index.cjs:142004:20)
      at Nv.parseMaybeAssign (node_modules/@storybook/core/dist/babel/index.cjs:141392:22)
      at node_modules/@storybook/core/dist/babel/index.cjs:141986:41
      at Nv.allowInAnd (node_modules/@storybook/core/dist/babel/index.cjs:142978:14)
      at Nv.parseMaybeAssignAllowIn (node_modules/@storybook/core/dist/babel/index.cjs:141986:19)
      at Nv.parseObjectProperty (node_modules/@storybook/core/dist/babel/index.cjs:142656:81)
      at Nv.parseObjPropValue (node_modules/@storybook/core/dist/babel/index.cjs:142671:61)
      If you are in development, this likely indicates a problem with your Storybook process,
      check the terminal for errors.
      If you are in a deployed Storybook, there may have been an issue deploying the full Storybook
      build.
      at constructor (node_modules/@storybook/core/dist/babel/index.cjs:134900:15)
      at Nv.raise (node_modules/@storybook/core/dist/babel/index.cjs:137217:54)
      at Nv.readWord1 (node_modules/@storybook/core/dist/babel/index.cjs:137193:18)
      at Nv.readWord (node_modules/@storybook/core/dist/babel/index.cjs:137205:20)
      at Nv.getTokenFromCode (node_modules/@storybook/core/dist/babel/index.cjs:137028:16)
      at Nv.getTokenFromCode (node_modules/@storybook/core/dist/babel/index.cjs:139696:13)
      at Nv.getTokenFromCode (node_modules/@storybook/core/dist/babel/index.cjs:141547:13)
      at Nv.nextToken (node_modules/@storybook/core/dist/babel/index.cjs:136654:12)
      at Nv.next (node_modules/@storybook/core/dist/babel/index.cjs:136586:62)
      at Nv.eat (node_modules/@storybook/core/dist/babel/index.cjs:136589:36)
      at Nv.parseObjectProperty (node_modules/@storybook/core/dist/babel/index.cjs:142655:34)
      at Nv.parseObjPropValue (node_modules/@storybook/core/dist/babel/index.cjs:142671:61)
      at Nv.parseObjPropValue (node_modules/@storybook/core/dist/babel/index.cjs:141367:49)
      at Nv.parsePropertyDefinition (node_modules/@storybook/core/dist/babel/index.cjs:142632:19)
      at Nv.parseObjectLike (node_modules/@storybook/core/dist/babel/index.cjs:142596:57)
      at Nv.parseExprAtom (node_modules/@storybook/core/dist/babel/index.cjs:142302:23)
      at Nv.parseExprAtom (node_modules/@storybook/core/dist/babel/index.cjs:139667:45)
      at Nv.parseExprSubscripts (node_modules/@storybook/core/dist/babel/index.cjs:142149:78)
      at Nv.parseUpdate (node_modules/@storybook/core/dist/babel/index.cjs:142139:45)
      at Nv.parseMaybeUnary (node_modules/@storybook/core/dist/babel/index.cjs:142124:20)
      at Nv.parseMaybeUnary (node_modules/@storybook/core/dist/babel/index.cjs:141419:93)
      at Nv.parseMaybeUnaryOrPrivate (node_modules/@storybook/core/dist/babel/index.cjs:142032:63)
      at Nv.parseExprOps (node_modules/@storybook/core/dist/babel/index.cjs:142035:78)
      at Nv.parseMaybeConditional (node_modules/@storybook/core/dist/babel/index.cjs:142020:78)
      at Nv.parseMaybeAssign (node_modules/@storybook/core/dist/babel/index.cjs:142004:20)
      at Nv.parseMaybeAssign (node_modules/@storybook/core/dist/babel/index.cjs:141392:22)
      at node_modules/@storybook/core/dist/babel/index.cjs:141986:41
      at Nv.allowInAnd (node_modules/@storybook/core/dist/babel/index.cjs:142978:14)
      at Nv.parseMaybeAssignAllowIn (node_modules/@storybook/core/dist/babel/index.cjs:141986:19)
      at Nv.parseObjectProperty (node_modules/@storybook/core/dist/babel/index.cjs:142656:81)
      at Nv.parseObjPropValue (node_modules/@storybook/core/dist/babel/index.cjs:142671:61)
      at Nv.parseObjPropValue (node_modules/@storybook/core/dist/babel/index.cjs:141367:49)
      at Nv.parsePropertyDefinition (node_modules/@storybook/core/dist/babel/index.cjs:142632:19)
      at Nv.parseObjectLike (node_modules/@storybook/core/dist/babel/index.cjs:142596:57)
      at Nv.parseExprAtom (node_modules/@storybook/core/dist/babel/index.cjs:142302:23)
      at Nv.parseExprAtom (node_modules/@storybook/core/dist/babel/index.cjs:139667:45)
      at Nv.parseExprSubscripts (node_modules/@storybook/core/dist/babel/index.cjs:142149:78)
      at Nv.parseUpdate (node_modules/@storybook/core/dist/babel/index.cjs:142139:45)
      at Nv.parseMaybeUnary (node_modules/@storybook/core/dist/babel/index.cjs:142124:20)
      at Nv.parseMaybeUnary (node_modules/@storybook/core/dist/babel/index.cjs:141419:93)
      at Nv.parseMaybeUnaryOrPrivate (node_modules/@storybook/core/dist/babel/index.cjs:142032:63)
      at Nv.parseExprOps (node_modules/@storybook/core/dist/babel/index.cjs:142035:78)
      at Nv.parseMaybeConditional (node_modules/@storybook/core/dist/babel/index.cjs:142020:78)
      at Nv.parseMaybeAssign (node_modules/@storybook/core/dist/babel/index.cjs:142004:20)
      at Nv.parseMaybeAssign (node_modules/@storybook/core/dist/babel/index.cjs:141392:22)
      at node_modules/@storybook/core/dist/babel/index.cjs:141986:41
      at Nv.allowInAnd (node_modules/@storybook/core/dist/babel/index.cjs:142978:14)
      at Nv.parseMaybeAssignAllowIn (node_modules/@storybook/core/dist/babel/index.cjs:141986:19)
      at Nv.parseObjectProperty (node_modules/@storybook/core/dist/babel/index.cjs:142656:81)
      at Nv.parseObjPropValue (node_modules/@storybook/core/dist/babel/index.cjs:142671:61)
      If you are in development, this likely indicates a problem with your Storybook process,
      check the terminal for errors.
      If you are in a deployed Storybook, there may have been an issue deploying the full Storybook
      build.
      at ns2.getStoryIndexFromServer (packages/components/http:/localhost:6007/packages/components/node_modules/.cache/storybook/1c3385a5d25e538d10b518b310c74d3ca2690b6aaffeadccd74da79736171f86/sb-vite/deps/storybook_internal_preview_runtime.js?v=b3da04b4:8624:11)
      at async ns2.initializeWithProjectAnnotations (packages/components/http:/localhost:6007/packages/components/node_modules/.cache/storybook/1c3385a5d25e538d10b518b310c74d3ca2690b6aaffeadccd74da79736171f86/sb-vite/deps/storybook_internal_preview_runtime.js?v=b3da04b4:8606:15)
      at async ns2.initialize (packages/components/http:/localhost:6007/packages/components/node_modules/.cache/storybook/1c3385a5d25e538d10b518b310c74d3ca2690b6aaffeadccd74da79736171f86/sb-vite/deps/storybook_internal_preview_runtime.js?v=b3da04b4:8581:39)

  ● Components/SideNavigation › TextTruncation › smoke-test

    thrown: "Exceeded timeout of 30000 ms for a test.
    Add a timeout value to this test to increase the timeout, if this is a long-running test. See https://jestjs.io/docs/api#testname-fn-timeout."



      at packages/components/src/SideNavigation/SideNavigation.stories.tsx:1894:13
      at packages/components/src/SideNavigation/SideNavigation.stories.tsx:1893:9
      at Object.<anonymous> (packages/components/src/SideNavigation/SideNavigation.stories.tsx:128:5)

FAIL packages/components/src/InputField/InputField.stories.tsx (495.583 s)
  ● Components/InputField › Playground › smoke-test

    SB_PREVIEW_API_0006 (StoryIndexFetchError): Error fetching `/index.json`:

    Unable to index ./src/Table/EnhancedTable.stories.tsx:
      SyntaxError: Expecting Unicode escape sequence \uXXXX. (1467:15)

      at constructor (node_modules/@storybook/core/dist/babel/index.cjs:134900:15)
      at Nv.raise (node_modules/@storybook/core/dist/babel/index.cjs:137217:54)
      at Nv.readWord1 (node_modules/@storybook/core/dist/babel/index.cjs:137193:18)
      at Nv.readWord (node_modules/@storybook/core/dist/babel/index.cjs:137205:20)
      at Nv.getTokenFromCode (node_modules/@storybook/core/dist/babel/index.cjs:137028:16)
      at Nv.getTokenFromCode (node_modules/@storybook/core/dist/babel/index.cjs:139696:13)
      at Nv.getTokenFromCode (node_modules/@storybook/core/dist/babel/index.cjs:141547:13)
      at Nv.nextToken (node_modules/@storybook/core/dist/babel/index.cjs:136654:12)
      at Nv.next (node_modules/@storybook/core/dist/babel/index.cjs:136586:62)
      at Nv.eat (node_modules/@storybook/core/dist/babel/index.cjs:136589:36)
      at Nv.parseObjectProperty (node_modules/@storybook/core/dist/babel/index.cjs:142655:34)
      at Nv.parseObjPropValue (node_modules/@storybook/core/dist/babel/index.cjs:142671:61)
      at Nv.parseObjPropValue (node_modules/@storybook/core/dist/babel/index.cjs:141367:49)
      at Nv.parsePropertyDefinition (node_modules/@storybook/core/dist/babel/index.cjs:142632:19)
      at Nv.parseObjectLike (node_modules/@storybook/core/dist/babel/index.cjs:142596:57)
      at Nv.parseExprAtom (node_modules/@storybook/core/dist/babel/index.cjs:142302:23)
      at Nv.parseExprAtom (node_modules/@storybook/core/dist/babel/index.cjs:139667:45)
      at Nv.parseExprSubscripts (node_modules/@storybook/core/dist/babel/index.cjs:142149:78)
      at Nv.parseUpdate (node_modules/@storybook/core/dist/babel/index.cjs:142139:45)
      at Nv.parseMaybeUnary (node_modules/@storybook/core/dist/babel/index.cjs:142124:20)
      at Nv.parseMaybeUnary (node_modules/@storybook/core/dist/babel/index.cjs:141419:93)
      at Nv.parseMaybeUnaryOrPrivate (node_modules/@storybook/core/dist/babel/index.cjs:142032:63)
      at Nv.parseExprOps (node_modules/@storybook/core/dist/babel/index.cjs:142035:78)
      at Nv.parseMaybeConditional (node_modules/@storybook/core/dist/babel/index.cjs:142020:78)
      at Nv.parseMaybeAssign (node_modules/@storybook/core/dist/babel/index.cjs:142004:20)
      at Nv.parseMaybeAssign (node_modules/@storybook/core/dist/babel/index.cjs:141392:22)
      at node_modules/@storybook/core/dist/babel/index.cjs:141986:41
      at Nv.allowInAnd (node_modules/@storybook/core/dist/babel/index.cjs:142978:14)
      at Nv.parseMaybeAssignAllowIn (node_modules/@storybook/core/dist/babel/index.cjs:141986:19)
      at Nv.parseObjectProperty (node_modules/@storybook/core/dist/babel/index.cjs:142656:81)
      at Nv.parseObjPropValue (node_modules/@storybook/core/dist/babel/index.cjs:142671:61)
      at Nv.parseObjPropValue (node_modules/@storybook/core/dist/babel/index.cjs:141367:49)
      at Nv.parsePropertyDefinition (node_modules/@storybook/core/dist/babel/index.cjs:142632:19)
      at Nv.parseObjectLike (node_modules/@storybook/core/dist/babel/index.cjs:142596:57)
      at Nv.parseExprAtom (node_modules/@storybook/core/dist/babel/index.cjs:142302:23)
      at Nv.parseExprAtom (node_modules/@storybook/core/dist/babel/index.cjs:139667:45)
      at Nv.parseExprSubscripts (node_modules/@storybook/core/dist/babel/index.cjs:142149:78)
      at Nv.parseUpdate (node_modules/@storybook/core/dist/babel/index.cjs:142139:45)
      at Nv.parseMaybeUnary (node_modules/@storybook/core/dist/babel/index.cjs:142124:20)
      at Nv.parseMaybeUnary (node_modules/@storybook/core/dist/babel/index.cjs:141419:93)
      at Nv.parseMaybeUnaryOrPrivate (node_modules/@storybook/core/dist/babel/index.cjs:142032:63)
      at Nv.parseExprOps (node_modules/@storybook/core/dist/babel/index.cjs:142035:78)
      at Nv.parseMaybeConditional (node_modules/@storybook/core/dist/babel/index.cjs:142020:78)
      at Nv.parseMaybeAssign (node_modules/@storybook/core/dist/babel/index.cjs:142004:20)
      at Nv.parseMaybeAssign (node_modules/@storybook/core/dist/babel/index.cjs:141392:22)
      at node_modules/@storybook/core/dist/babel/index.cjs:141986:41
      at Nv.allowInAnd (node_modules/@storybook/core/dist/babel/index.cjs:142978:14)
      at Nv.parseMaybeAssignAllowIn (node_modules/@storybook/core/dist/babel/index.cjs:141986:19)
      at Nv.parseObjectProperty (node_modules/@storybook/core/dist/babel/index.cjs:142656:81)
      at Nv.parseObjPropValue (node_modules/@storybook/core/dist/babel/index.cjs:142671:61)
      If you are in development, this likely indicates a problem with your Storybook process,
      check the terminal for errors.
      If you are in a deployed Storybook, there may have been an issue deploying the full Storybook
      build.
      at constructor (node_modules/@storybook/core/dist/babel/index.cjs:134900:15)
      at Nv.raise (node_modules/@storybook/core/dist/babel/index.cjs:137217:54)
      at Nv.readWord1 (node_modules/@storybook/core/dist/babel/index.cjs:137193:18)
      at Nv.readWord (node_modules/@storybook/core/dist/babel/index.cjs:137205:20)
      at Nv.getTokenFromCode (node_modules/@storybook/core/dist/babel/index.cjs:137028:16)
      at Nv.getTokenFromCode (node_modules/@storybook/core/dist/babel/index.cjs:139696:13)
      at Nv.getTokenFromCode (node_modules/@storybook/core/dist/babel/index.cjs:141547:13)
      at Nv.nextToken (node_modules/@storybook/core/dist/babel/index.cjs:136654:12)
      at Nv.next (node_modules/@storybook/core/dist/babel/index.cjs:136586:62)
      at Nv.eat (node_modules/@storybook/core/dist/babel/index.cjs:136589:36)
      at Nv.parseObjectProperty (node_modules/@storybook/core/dist/babel/index.cjs:142655:34)
      at Nv.parseObjPropValue (node_modules/@storybook/core/dist/babel/index.cjs:142671:61)
      at Nv.parseObjPropValue (node_modules/@storybook/core/dist/babel/index.cjs:141367:49)
      at Nv.parsePropertyDefinition (node_modules/@storybook/core/dist/babel/index.cjs:142632:19)
      at Nv.parseObjectLike (node_modules/@storybook/core/dist/babel/index.cjs:142596:57)
      at Nv.parseExprAtom (node_modules/@storybook/core/dist/babel/index.cjs:142302:23)
      at Nv.parseExprAtom (node_modules/@storybook/core/dist/babel/index.cjs:139667:45)
      at Nv.parseExprSubscripts (node_modules/@storybook/core/dist/babel/index.cjs:142149:78)
      at Nv.parseUpdate (node_modules/@storybook/core/dist/babel/index.cjs:142139:45)
      at Nv.parseMaybeUnary (node_modules/@storybook/core/dist/babel/index.cjs:142124:20)
      at Nv.parseMaybeUnary (node_modules/@storybook/core/dist/babel/index.cjs:141419:93)
      at Nv.parseMaybeUnaryOrPrivate (node_modules/@storybook/core/dist/babel/index.cjs:142032:63)
      at Nv.parseExprOps (node_modules/@storybook/core/dist/babel/index.cjs:142035:78)
      at Nv.parseMaybeConditional (node_modules/@storybook/core/dist/babel/index.cjs:142020:78)
      at Nv.parseMaybeAssign (node_modules/@storybook/core/dist/babel/index.cjs:142004:20)
      at Nv.parseMaybeAssign (node_modules/@storybook/core/dist/babel/index.cjs:141392:22)
      at node_modules/@storybook/core/dist/babel/index.cjs:141986:41
      at Nv.allowInAnd (node_modules/@storybook/core/dist/babel/index.cjs:142978:14)
      at Nv.parseMaybeAssignAllowIn (node_modules/@storybook/core/dist/babel/index.cjs:141986:19)
      at Nv.parseObjectProperty (node_modules/@storybook/core/dist/babel/index.cjs:142656:81)
      at Nv.parseObjPropValue (node_modules/@storybook/core/dist/babel/index.cjs:142671:61)
      at Nv.parseObjPropValue (node_modules/@storybook/core/dist/babel/index.cjs:141367:49)
      at Nv.parsePropertyDefinition (node_modules/@storybook/core/dist/babel/index.cjs:142632:19)
      at Nv.parseObjectLike (node_modules/@storybook/core/dist/babel/index.cjs:142596:57)
      at Nv.parseExprAtom (node_modules/@storybook/core/dist/babel/index.cjs:142302:23)
      at Nv.parseExprAtom (node_modules/@storybook/core/dist/babel/index.cjs:139667:45)
      at Nv.parseExprSubscripts (node_modules/@storybook/core/dist/babel/index.cjs:142149:78)
      at Nv.parseUpdate (node_modules/@storybook/core/dist/babel/index.cjs:142139:45)
      at Nv.parseMaybeUnary (node_modules/@storybook/core/dist/babel/index.cjs:142124:20)
      at Nv.parseMaybeUnary (node_modules/@storybook/core/dist/babel/index.cjs:141419:93)
      at Nv.parseMaybeUnaryOrPrivate (node_modules/@storybook/core/dist/babel/index.cjs:142032:63)
      at Nv.parseExprOps (node_modules/@storybook/core/dist/babel/index.cjs:142035:78)
      at Nv.parseMaybeConditional (node_modules/@storybook/core/dist/babel/index.cjs:142020:78)
      at Nv.parseMaybeAssign (node_modules/@storybook/core/dist/babel/index.cjs:142004:20)
      at Nv.parseMaybeAssign (node_modules/@storybook/core/dist/babel/index.cjs:141392:22)
      at node_modules/@storybook/core/dist/babel/index.cjs:141986:41
      at Nv.allowInAnd (node_modules/@storybook/core/dist/babel/index.cjs:142978:14)
      at Nv.parseMaybeAssignAllowIn (node_modules/@storybook/core/dist/babel/index.cjs:141986:19)
      at Nv.parseObjectProperty (node_modules/@storybook/core/dist/babel/index.cjs:142656:81)
      at Nv.parseObjPropValue (node_modules/@storybook/core/dist/babel/index.cjs:142671:61)
      If you are in development, this likely indicates a problem with your Storybook process,
      check the terminal for errors.
      If you are in a deployed Storybook, there may have been an issue deploying the full Storybook
      build.
      at ns2.getStoryIndexFromServer (packages/components/http:/localhost:6007/packages/components/node_modules/.cache/storybook/1c3385a5d25e538d10b518b310c74d3ca2690b6aaffeadccd74da79736171f86/sb-vite/deps/storybook_internal_preview_runtime.js?v=b3da04b4:8624:11)
      at async ns2.initializeWithProjectAnnotations (packages/components/http:/localhost:6007/packages/components/node_modules/.cache/storybook/1c3385a5d25e538d10b518b310c74d3ca2690b6aaffeadccd74da79736171f86/sb-vite/deps/storybook_internal_preview_runtime.js?v=b3da04b4:8606:15)
      at async ns2.initialize (packages/components/http:/localhost:6007/packages/components/node_modules/.cache/storybook/1c3385a5d25e538d10b518b310c74d3ca2690b6aaffeadccd74da79736171f86/sb-vite/deps/storybook_internal_preview_runtime.js?v=b3da04b4:8581:39)

  ● Components/InputField › Playground › smoke-test

    SB_PREVIEW_API_0006 (StoryIndexFetchError): Error fetching `/index.json`:

    Unable to index ./src/Table/EnhancedTable.stories.tsx:
      SyntaxError: Expecting Unicode escape sequence \uXXXX. (1467:15)

      at constructor (node_modules/@storybook/core/dist/babel/index.cjs:134900:15)
      at Nv.raise (node_modules/@storybook/core/dist/babel/index.cjs:137217:54)
      at Nv.readWord1 (node_modules/@storybook/core/dist/babel/index.cjs:137193:18)
      at Nv.readWord (node_modules/@storybook/core/dist/babel/index.cjs:137205:20)
      at Nv.getTokenFromCode (node_modules/@storybook/core/dist/babel/index.cjs:137028:16)
      at Nv.getTokenFromCode (node_modules/@storybook/core/dist/babel/index.cjs:139696:13)
      at Nv.getTokenFromCode (node_modules/@storybook/core/dist/babel/index.cjs:141547:13)
      at Nv.nextToken (node_modules/@storybook/core/dist/babel/index.cjs:136654:12)
      at Nv.next (node_modules/@storybook/core/dist/babel/index.cjs:136586:62)
      at Nv.eat (node_modules/@storybook/core/dist/babel/index.cjs:136589:36)
      at Nv.parseObjectProperty (node_modules/@storybook/core/dist/babel/index.cjs:142655:34)
      at Nv.parseObjPropValue (node_modules/@storybook/core/dist/babel/index.cjs:142671:61)
      at Nv.parseObjPropValue (node_modules/@storybook/core/dist/babel/index.cjs:141367:49)
      at Nv.parsePropertyDefinition (node_modules/@storybook/core/dist/babel/index.cjs:142632:19)
      at Nv.parseObjectLike (node_modules/@storybook/core/dist/babel/index.cjs:142596:57)
      at Nv.parseExprAtom (node_modules/@storybook/core/dist/babel/index.cjs:142302:23)
      at Nv.parseExprAtom (node_modules/@storybook/core/dist/babel/index.cjs:139667:45)
      at Nv.parseExprSubscripts (node_modules/@storybook/core/dist/babel/index.cjs:142149:78)
      at Nv.parseUpdate (node_modules/@storybook/core/dist/babel/index.cjs:142139:45)
      at Nv.parseMaybeUnary (node_modules/@storybook/core/dist/babel/index.cjs:142124:20)
      at Nv.parseMaybeUnary (node_modules/@storybook/core/dist/babel/index.cjs:141419:93)
      at Nv.parseMaybeUnaryOrPrivate (node_modules/@storybook/core/dist/babel/index.cjs:142032:63)
      at Nv.parseExprOps (node_modules/@storybook/core/dist/babel/index.cjs:142035:78)
      at Nv.parseMaybeConditional (node_modules/@storybook/core/dist/babel/index.cjs:142020:78)
      at Nv.parseMaybeAssign (node_modules/@storybook/core/dist/babel/index.cjs:142004:20)
      at Nv.parseMaybeAssign (node_modules/@storybook/core/dist/babel/index.cjs:141392:22)
      at node_modules/@storybook/core/dist/babel/index.cjs:141986:41
      at Nv.allowInAnd (node_modules/@storybook/core/dist/babel/index.cjs:142978:14)
      at Nv.parseMaybeAssignAllowIn (node_modules/@storybook/core/dist/babel/index.cjs:141986:19)
      at Nv.parseObjectProperty (node_modules/@storybook/core/dist/babel/index.cjs:142656:81)
      at Nv.parseObjPropValue (node_modules/@storybook/core/dist/babel/index.cjs:142671:61)
      at Nv.parseObjPropValue (node_modules/@storybook/core/dist/babel/index.cjs:141367:49)
      at Nv.parsePropertyDefinition (node_modules/@storybook/core/dist/babel/index.cjs:142632:19)
      at Nv.parseObjectLike (node_modules/@storybook/core/dist/babel/index.cjs:142596:57)
      at Nv.parseExprAtom (node_modules/@storybook/core/dist/babel/index.cjs:142302:23)
      at Nv.parseExprAtom (node_modules/@storybook/core/dist/babel/index.cjs:139667:45)
      at Nv.parseExprSubscripts (node_modules/@storybook/core/dist/babel/index.cjs:142149:78)
      at Nv.parseUpdate (node_modules/@storybook/core/dist/babel/index.cjs:142139:45)
      at Nv.parseMaybeUnary (node_modules/@storybook/core/dist/babel/index.cjs:142124:20)
      at Nv.parseMaybeUnary (node_modules/@storybook/core/dist/babel/index.cjs:141419:93)
      at Nv.parseMaybeUnaryOrPrivate (node_modules/@storybook/core/dist/babel/index.cjs:142032:63)
      at Nv.parseExprOps (node_modules/@storybook/core/dist/babel/index.cjs:142035:78)
      at Nv.parseMaybeConditional (node_modules/@storybook/core/dist/babel/index.cjs:142020:78)
      at Nv.parseMaybeAssign (node_modules/@storybook/core/dist/babel/index.cjs:142004:20)
      at Nv.parseMaybeAssign (node_modules/@storybook/core/dist/babel/index.cjs:141392:22)
      at node_modules/@storybook/core/dist/babel/index.cjs:141986:41
      at Nv.allowInAnd (node_modules/@storybook/core/dist/babel/index.cjs:142978:14)
      at Nv.parseMaybeAssignAllowIn (node_modules/@storybook/core/dist/babel/index.cjs:141986:19)
      at Nv.parseObjectProperty (node_modules/@storybook/core/dist/babel/index.cjs:142656:81)
      at Nv.parseObjPropValue (node_modules/@storybook/core/dist/babel/index.cjs:142671:61)
      If you are in development, this likely indicates a problem with your Storybook process,
      check the terminal for errors.
      If you are in a deployed Storybook, there may have been an issue deploying the full Storybook
      build.
      at constructor (node_modules/@storybook/core/dist/babel/index.cjs:134900:15)
      at Nv.raise (node_modules/@storybook/core/dist/babel/index.cjs:137217:54)
      at Nv.readWord1 (node_modules/@storybook/core/dist/babel/index.cjs:137193:18)
      at Nv.readWord (node_modules/@storybook/core/dist/babel/index.cjs:137205:20)
      at Nv.getTokenFromCode (node_modules/@storybook/core/dist/babel/index.cjs:137028:16)
      at Nv.getTokenFromCode (node_modules/@storybook/core/dist/babel/index.cjs:139696:13)
      at Nv.getTokenFromCode (node_modules/@storybook/core/dist/babel/index.cjs:141547:13)
      at Nv.nextToken (node_modules/@storybook/core/dist/babel/index.cjs:136654:12)
      at Nv.next (node_modules/@storybook/core/dist/babel/index.cjs:136586:62)
      at Nv.eat (node_modules/@storybook/core/dist/babel/index.cjs:136589:36)
      at Nv.parseObjectProperty (node_modules/@storybook/core/dist/babel/index.cjs:142655:34)
      at Nv.parseObjPropValue (node_modules/@storybook/core/dist/babel/index.cjs:142671:61)
      at Nv.parseObjPropValue (node_modules/@storybook/core/dist/babel/index.cjs:141367:49)
      at Nv.parsePropertyDefinition (node_modules/@storybook/core/dist/babel/index.cjs:142632:19)
      at Nv.parseObjectLike (node_modules/@storybook/core/dist/babel/index.cjs:142596:57)
      at Nv.parseExprAtom (node_modules/@storybook/core/dist/babel/index.cjs:142302:23)
      at Nv.parseExprAtom (node_modules/@storybook/core/dist/babel/index.cjs:139667:45)
      at Nv.parseExprSubscripts (node_modules/@storybook/core/dist/babel/index.cjs:142149:78)
      at Nv.parseUpdate (node_modules/@storybook/core/dist/babel/index.cjs:142139:45)
      at Nv.parseMaybeUnary (node_modules/@storybook/core/dist/babel/index.cjs:142124:20)
      at Nv.parseMaybeUnary (node_modules/@storybook/core/dist/babel/index.cjs:141419:93)
      at Nv.parseMaybeUnaryOrPrivate (node_modules/@storybook/core/dist/babel/index.cjs:142032:63)
      at Nv.parseExprOps (node_modules/@storybook/core/dist/babel/index.cjs:142035:78)
      at Nv.parseMaybeConditional (node_modules/@storybook/core/dist/babel/index.cjs:142020:78)
      at Nv.parseMaybeAssign (node_modules/@storybook/core/dist/babel/index.cjs:142004:20)
      at Nv.parseMaybeAssign (node_modules/@storybook/core/dist/babel/index.cjs:141392:22)
      at node_modules/@storybook/core/dist/babel/index.cjs:141986:41
      at Nv.allowInAnd (node_modules/@storybook/core/dist/babel/index.cjs:142978:14)
      at Nv.parseMaybeAssignAllowIn (node_modules/@storybook/core/dist/babel/index.cjs:141986:19)
      at Nv.parseObjectProperty (node_modules/@storybook/core/dist/babel/index.cjs:142656:81)
      at Nv.parseObjPropValue (node_modules/@storybook/core/dist/babel/index.cjs:142671:61)
      at Nv.parseObjPropValue (node_modules/@storybook/core/dist/babel/index.cjs:141367:49)
      at Nv.parsePropertyDefinition (node_modules/@storybook/core/dist/babel/index.cjs:142632:19)
      at Nv.parseObjectLike (node_modules/@storybook/core/dist/babel/index.cjs:142596:57)
      at Nv.parseExprAtom (node_modules/@storybook/core/dist/babel/index.cjs:142302:23)
      at Nv.parseExprAtom (node_modules/@storybook/core/dist/babel/index.cjs:139667:45)
      at Nv.parseExprSubscripts (node_modules/@storybook/core/dist/babel/index.cjs:142149:78)
      at Nv.parseUpdate (node_modules/@storybook/core/dist/babel/index.cjs:142139:45)
      at Nv.parseMaybeUnary (node_modules/@storybook/core/dist/babel/index.cjs:142124:20)
      at Nv.parseMaybeUnary (node_modules/@storybook/core/dist/babel/index.cjs:141419:93)
      at Nv.parseMaybeUnaryOrPrivate (node_modules/@storybook/core/dist/babel/index.cjs:142032:63)
      at Nv.parseExprOps (node_modules/@storybook/core/dist/babel/index.cjs:142035:78)
      at Nv.parseMaybeConditional (node_modules/@storybook/core/dist/babel/index.cjs:142020:78)
      at Nv.parseMaybeAssign (node_modules/@storybook/core/dist/babel/index.cjs:142004:20)
      at Nv.parseMaybeAssign (node_modules/@storybook/core/dist/babel/index.cjs:141392:22)
      at node_modules/@storybook/core/dist/babel/index.cjs:141986:41
      at Nv.allowInAnd (node_modules/@storybook/core/dist/babel/index.cjs:142978:14)
      at Nv.parseMaybeAssignAllowIn (node_modules/@storybook/core/dist/babel/index.cjs:141986:19)
      at Nv.parseObjectProperty (node_modules/@storybook/core/dist/babel/index.cjs:142656:81)
      at Nv.parseObjPropValue (node_modules/@storybook/core/dist/babel/index.cjs:142671:61)
      If you are in development, this likely indicates a problem with your Storybook process,
      check the terminal for errors.
      If you are in a deployed Storybook, there may have been an issue deploying the full Storybook
      build.
      at ns2.getStoryIndexFromServer (packages/components/http:/localhost:6007/packages/components/node_modules/.cache/storybook/1c3385a5d25e538d10b518b310c74d3ca2690b6aaffeadccd74da79736171f86/sb-vite/deps/storybook_internal_preview_runtime.js?v=b3da04b4:8624:11)
      at async ns2.initializeWithProjectAnnotations (packages/components/http:/localhost:6007/packages/components/node_modules/.cache/storybook/1c3385a5d25e538d10b518b310c74d3ca2690b6aaffeadccd74da79736171f86/sb-vite/deps/storybook_internal_preview_runtime.js?v=b3da04b4:8606:15)
      at async ns2.initialize (packages/components/http:/localhost:6007/packages/components/node_modules/.cache/storybook/1c3385a5d25e538d10b518b310c74d3ca2690b6aaffeadccd74da79736171f86/sb-vite/deps/storybook_internal_preview_runtime.js?v=b3da04b4:8581:39)

  ● Components/InputField › Playground › smoke-test

    thrown: "Exceeded timeout of 30000 ms for a test.
    Add a timeout value to this test to increase the timeout, if this is a long-running test. See https://jestjs.io/docs/api#testname-fn-timeout."

      128 |
      129 | ## When NOT to Use
    > 130 |
          | ^
      131 | ❌ **Don't use Input Field when:**
      132 | - You need multi-line text input (use TextArea instead)
      133 | - Users need to select from predefined options (use Select/Dropdown instead)

      at packages/components/src/InputField/InputField.stories.tsx:130:13
      at packages/components/src/InputField/InputField.stories.tsx:129:9
      at Object.<anonymous> (packages/components/src/InputField/InputField.stories.tsx:128:5)

  ● Components/InputField › Sizes › smoke-test

    SB_PREVIEW_API_0006 (StoryIndexFetchError): Error fetching `/index.json`:

    Unable to index ./src/Table/EnhancedTable.stories.tsx:
      SyntaxError: Expecting Unicode escape sequence \uXXXX. (1467:15)

      at constructor (node_modules/@storybook/core/dist/babel/index.cjs:134900:15)
      at Nv.raise (node_modules/@storybook/core/dist/babel/index.cjs:137217:54)
      at Nv.readWord1 (node_modules/@storybook/core/dist/babel/index.cjs:137193:18)
      at Nv.readWord (node_modules/@storybook/core/dist/babel/index.cjs:137205:20)
      at Nv.getTokenFromCode (node_modules/@storybook/core/dist/babel/index.cjs:137028:16)
      at Nv.getTokenFromCode (node_modules/@storybook/core/dist/babel/index.cjs:139696:13)
      at Nv.getTokenFromCode (node_modules/@storybook/core/dist/babel/index.cjs:141547:13)
      at Nv.nextToken (node_modules/@storybook/core/dist/babel/index.cjs:136654:12)
      at Nv.next (node_modules/@storybook/core/dist/babel/index.cjs:136586:62)
      at Nv.eat (node_modules/@storybook/core/dist/babel/index.cjs:136589:36)
      at Nv.parseObjectProperty (node_modules/@storybook/core/dist/babel/index.cjs:142655:34)
      at Nv.parseObjPropValue (node_modules/@storybook/core/dist/babel/index.cjs:142671:61)
      at Nv.parseObjPropValue (node_modules/@storybook/core/dist/babel/index.cjs:141367:49)
      at Nv.parsePropertyDefinition (node_modules/@storybook/core/dist/babel/index.cjs:142632:19)
      at Nv.parseObjectLike (node_modules/@storybook/core/dist/babel/index.cjs:142596:57)
      at Nv.parseExprAtom (node_modules/@storybook/core/dist/babel/index.cjs:142302:23)
      at Nv.parseExprAtom (node_modules/@storybook/core/dist/babel/index.cjs:139667:45)
      at Nv.parseExprSubscripts (node_modules/@storybook/core/dist/babel/index.cjs:142149:78)
      at Nv.parseUpdate (node_modules/@storybook/core/dist/babel/index.cjs:142139:45)
      at Nv.parseMaybeUnary (node_modules/@storybook/core/dist/babel/index.cjs:142124:20)
      at Nv.parseMaybeUnary (node_modules/@storybook/core/dist/babel/index.cjs:141419:93)
      at Nv.parseMaybeUnaryOrPrivate (node_modules/@storybook/core/dist/babel/index.cjs:142032:63)
      at Nv.parseExprOps (node_modules/@storybook/core/dist/babel/index.cjs:142035:78)
      at Nv.parseMaybeConditional (node_modules/@storybook/core/dist/babel/index.cjs:142020:78)
      at Nv.parseMaybeAssign (node_modules/@storybook/core/dist/babel/index.cjs:142004:20)
      at Nv.parseMaybeAssign (node_modules/@storybook/core/dist/babel/index.cjs:141392:22)
      at node_modules/@storybook/core/dist/babel/index.cjs:141986:41
      at Nv.allowInAnd (node_modules/@storybook/core/dist/babel/index.cjs:142978:14)
      at Nv.parseMaybeAssignAllowIn (node_modules/@storybook/core/dist/babel/index.cjs:141986:19)
      at Nv.parseObjectProperty (node_modules/@storybook/core/dist/babel/index.cjs:142656:81)
      at Nv.parseObjPropValue (node_modules/@storybook/core/dist/babel/index.cjs:142671:61)
      at Nv.parseObjPropValue (node_modules/@storybook/core/dist/babel/index.cjs:141367:49)
      at Nv.parsePropertyDefinition (node_modules/@storybook/core/dist/babel/index.cjs:142632:19)
      at Nv.parseObjectLike (node_modules/@storybook/core/dist/babel/index.cjs:142596:57)
      at Nv.parseExprAtom (node_modules/@storybook/core/dist/babel/index.cjs:142302:23)
      at Nv.parseExprAtom (node_modules/@storybook/core/dist/babel/index.cjs:139667:45)
      at Nv.parseExprSubscripts (node_modules/@storybook/core/dist/babel/index.cjs:142149:78)
      at Nv.parseUpdate (node_modules/@storybook/core/dist/babel/index.cjs:142139:45)
      at Nv.parseMaybeUnary (node_modules/@storybook/core/dist/babel/index.cjs:142124:20)
      at Nv.parseMaybeUnary (node_modules/@storybook/core/dist/babel/index.cjs:141419:93)
      at Nv.parseMaybeUnaryOrPrivate (node_modules/@storybook/core/dist/babel/index.cjs:142032:63)
      at Nv.parseExprOps (node_modules/@storybook/core/dist/babel/index.cjs:142035:78)
      at Nv.parseMaybeConditional (node_modules/@storybook/core/dist/babel/index.cjs:142020:78)
      at Nv.parseMaybeAssign (node_modules/@storybook/core/dist/babel/index.cjs:142004:20)
      at Nv.parseMaybeAssign (node_modules/@storybook/core/dist/babel/index.cjs:141392:22)
      at node_modules/@storybook/core/dist/babel/index.cjs:141986:41
      at Nv.allowInAnd (node_modules/@storybook/core/dist/babel/index.cjs:142978:14)
      at Nv.parseMaybeAssignAllowIn (node_modules/@storybook/core/dist/babel/index.cjs:141986:19)
      at Nv.parseObjectProperty (node_modules/@storybook/core/dist/babel/index.cjs:142656:81)
      at Nv.parseObjPropValue (node_modules/@storybook/core/dist/babel/index.cjs:142671:61)
      If you are in development, this likely indicates a problem with your Storybook process,
      check the terminal for errors.
      If you are in a deployed Storybook, there may have been an issue deploying the full Storybook
      build.
      at constructor (node_modules/@storybook/core/dist/babel/index.cjs:134900:15)
      at Nv.raise (node_modules/@storybook/core/dist/babel/index.cjs:137217:54)
      at Nv.readWord1 (node_modules/@storybook/core/dist/babel/index.cjs:137193:18)
      at Nv.readWord (node_modules/@storybook/core/dist/babel/index.cjs:137205:20)
      at Nv.getTokenFromCode (node_modules/@storybook/core/dist/babel/index.cjs:137028:16)
      at Nv.getTokenFromCode (node_modules/@storybook/core/dist/babel/index.cjs:139696:13)
      at Nv.getTokenFromCode (node_modules/@storybook/core/dist/babel/index.cjs:141547:13)
      at Nv.nextToken (node_modules/@storybook/core/dist/babel/index.cjs:136654:12)
      at Nv.next (node_modules/@storybook/core/dist/babel/index.cjs:136586:62)
      at Nv.eat (node_modules/@storybook/core/dist/babel/index.cjs:136589:36)
      at Nv.parseObjectProperty (node_modules/@storybook/core/dist/babel/index.cjs:142655:34)
      at Nv.parseObjPropValue (node_modules/@storybook/core/dist/babel/index.cjs:142671:61)
      at Nv.parseObjPropValue (node_modules/@storybook/core/dist/babel/index.cjs:141367:49)
      at Nv.parsePropertyDefinition (node_modules/@storybook/core/dist/babel/index.cjs:142632:19)
      at Nv.parseObjectLike (node_modules/@storybook/core/dist/babel/index.cjs:142596:57)
      at Nv.parseExprAtom (node_modules/@storybook/core/dist/babel/index.cjs:142302:23)
      at Nv.parseExprAtom (node_modules/@storybook/core/dist/babel/index.cjs:139667:45)
      at Nv.parseExprSubscripts (node_modules/@storybook/core/dist/babel/index.cjs:142149:78)
      at Nv.parseUpdate (node_modules/@storybook/core/dist/babel/index.cjs:142139:45)
      at Nv.parseMaybeUnary (node_modules/@storybook/core/dist/babel/index.cjs:142124:20)
      at Nv.parseMaybeUnary (node_modules/@storybook/core/dist/babel/index.cjs:141419:93)
      at Nv.parseMaybeUnaryOrPrivate (node_modules/@storybook/core/dist/babel/index.cjs:142032:63)
      at Nv.parseExprOps (node_modules/@storybook/core/dist/babel/index.cjs:142035:78)
      at Nv.parseMaybeConditional (node_modules/@storybook/core/dist/babel/index.cjs:142020:78)
      at Nv.parseMaybeAssign (node_modules/@storybook/core/dist/babel/index.cjs:142004:20)
      at Nv.parseMaybeAssign (node_modules/@storybook/core/dist/babel/index.cjs:141392:22)
      at node_modules/@storybook/core/dist/babel/index.cjs:141986:41
      at Nv.allowInAnd (node_modules/@storybook/core/dist/babel/index.cjs:142978:14)
      at Nv.parseMaybeAssignAllowIn (node_modules/@storybook/core/dist/babel/index.cjs:141986:19)
      at Nv.parseObjectProperty (node_modules/@storybook/core/dist/babel/index.cjs:142656:81)
      at Nv.parseObjPropValue (node_modules/@storybook/core/dist/babel/index.cjs:142671:61)
      at Nv.parseObjPropValue (node_modules/@storybook/core/dist/babel/index.cjs:141367:49)
      at Nv.parsePropertyDefinition (node_modules/@storybook/core/dist/babel/index.cjs:142632:19)
      at Nv.parseObjectLike (node_modules/@storybook/core/dist/babel/index.cjs:142596:57)
      at Nv.parseExprAtom (node_modules/@storybook/core/dist/babel/index.cjs:142302:23)
      at Nv.parseExprAtom (node_modules/@storybook/core/dist/babel/index.cjs:139667:45)
      at Nv.parseExprSubscripts (node_modules/@storybook/core/dist/babel/index.cjs:142149:78)
      at Nv.parseUpdate (node_modules/@storybook/core/dist/babel/index.cjs:142139:45)
      at Nv.parseMaybeUnary (node_modules/@storybook/core/dist/babel/index.cjs:142124:20)
      at Nv.parseMaybeUnary (node_modules/@storybook/core/dist/babel/index.cjs:141419:93)
      at Nv.parseMaybeUnaryOrPrivate (node_modules/@storybook/core/dist/babel/index.cjs:142032:63)
      at Nv.parseExprOps (node_modules/@storybook/core/dist/babel/index.cjs:142035:78)
      at Nv.parseMaybeConditional (node_modules/@storybook/core/dist/babel/index.cjs:142020:78)
      at Nv.parseMaybeAssign (node_modules/@storybook/core/dist/babel/index.cjs:142004:20)
      at Nv.parseMaybeAssign (node_modules/@storybook/core/dist/babel/index.cjs:141392:22)
      at node_modules/@storybook/core/dist/babel/index.cjs:141986:41
      at Nv.allowInAnd (node_modules/@storybook/core/dist/babel/index.cjs:142978:14)
      at Nv.parseMaybeAssignAllowIn (node_modules/@storybook/core/dist/babel/index.cjs:141986:19)
      at Nv.parseObjectProperty (node_modules/@storybook/core/dist/babel/index.cjs:142656:81)
      at Nv.parseObjPropValue (node_modules/@storybook/core/dist/babel/index.cjs:142671:61)
      If you are in development, this likely indicates a problem with your Storybook process,
      check the terminal for errors.
      If you are in a deployed Storybook, there may have been an issue deploying the full Storybook
      build.
      at ns2.getStoryIndexFromServer (packages/components/http:/localhost:6007/packages/components/node_modules/.cache/storybook/1c3385a5d25e538d10b518b310c74d3ca2690b6aaffeadccd74da79736171f86/sb-vite/deps/storybook_internal_preview_runtime.js?v=b3da04b4:8624:11)
      at async ns2.initializeWithProjectAnnotations (packages/components/http:/localhost:6007/packages/components/node_modules/.cache/storybook/1c3385a5d25e538d10b518b310c74d3ca2690b6aaffeadccd74da79736171f86/sb-vite/deps/storybook_internal_preview_runtime.js?v=b3da04b4:8606:15)
      at async ns2.initialize (packages/components/http:/localhost:6007/packages/components/node_modules/.cache/storybook/1c3385a5d25e538d10b518b310c74d3ca2690b6aaffeadccd74da79736171f86/sb-vite/deps/storybook_internal_preview_runtime.js?v=b3da04b4:8581:39)

  ● Components/InputField › Sizes › smoke-test

    SB_PREVIEW_API_0006 (StoryIndexFetchError): Error fetching `/index.json`:

    Unable to index ./src/Table/EnhancedTable.stories.tsx:
      SyntaxError: Unterminated template. (1467:15)

      at constructor (node_modules/@storybook/core/dist/babel/index.cjs:134900:15)
      at Nv.raise (node_modules/@storybook/core/dist/babel/index.cjs:137217:54)
      at Object.unterminated (node_modules/@storybook/core/dist/babel/index.cjs:136577:22)
      at readStringContents (node_modules/@storybook/core/dist/babel/index.cjs:136355:11)
      at Nv.readTemplateToken (node_modules/@storybook/core/dist/babel/index.cjs:137173:11)
      at Nv.getTokenFromCode (node_modules/@storybook/core/dist/babel/index.cjs:136958:16)
      at Nv.getTokenFromCode (node_modules/@storybook/core/dist/babel/index.cjs:139696:13)
      at Nv.getTokenFromCode (node_modules/@storybook/core/dist/babel/index.cjs:141547:13)
      at Nv.nextToken (node_modules/@storybook/core/dist/babel/index.cjs:136654:12)
      at Nv.next (node_modules/@storybook/core/dist/babel/index.cjs:136586:62)
      at Nv.eat (node_modules/@storybook/core/dist/babel/index.cjs:136589:36)
      at Nv.parseObjectProperty (node_modules/@storybook/core/dist/babel/index.cjs:142655:34)
      at Nv.parseObjPropValue (node_modules/@storybook/core/dist/babel/index.cjs:142671:61)
      at Nv.parseObjPropValue (node_modules/@storybook/core/dist/babel/index.cjs:141367:49)
      at Nv.parsePropertyDefinition (node_modules/@storybook/core/dist/babel/index.cjs:142632:19)
      at Nv.parseObjectLike (node_modules/@storybook/core/dist/babel/index.cjs:142596:57)
      at Nv.parseExprAtom (node_modules/@storybook/core/dist/babel/index.cjs:142302:23)
      at Nv.parseExprAtom (node_modules/@storybook/core/dist/babel/index.cjs:139667:45)
      at Nv.parseExprSubscripts (node_modules/@storybook/core/dist/babel/index.cjs:142149:78)
      at Nv.parseUpdate (node_modules/@storybook/core/dist/babel/index.cjs:142139:45)
      at Nv.parseMaybeUnary (node_modules/@storybook/core/dist/babel/index.cjs:142124:20)
      at Nv.parseMaybeUnary (node_modules/@storybook/core/dist/babel/index.cjs:141419:93)
      at Nv.parseMaybeUnaryOrPrivate (node_modules/@storybook/core/dist/babel/index.cjs:142032:63)
      at Nv.parseExprOps (node_modules/@storybook/core/dist/babel/index.cjs:142035:78)
      at Nv.parseMaybeConditional (node_modules/@storybook/core/dist/babel/index.cjs:142020:78)
      at Nv.parseMaybeAssign (node_modules/@storybook/core/dist/babel/index.cjs:142004:20)
      at Nv.parseMaybeAssign (node_modules/@storybook/core/dist/babel/index.cjs:141392:22)
      at node_modules/@storybook/core/dist/babel/index.cjs:141986:41
      at Nv.allowInAnd (node_modules/@storybook/core/dist/babel/index.cjs:142978:14)
      at Nv.parseMaybeAssignAllowIn (node_modules/@storybook/core/dist/babel/index.cjs:141986:19)
      at Nv.parseObjectProperty (node_modules/@storybook/core/dist/babel/index.cjs:142656:81)
      at Nv.parseObjPropValue (node_modules/@storybook/core/dist/babel/index.cjs:142671:61)
      at Nv.parseObjPropValue (node_modules/@storybook/core/dist/babel/index.cjs:141367:49)
      at Nv.parsePropertyDefinition (node_modules/@storybook/core/dist/babel/index.cjs:142632:19)
      at Nv.parseObjectLike (node_modules/@storybook/core/dist/babel/index.cjs:142596:57)
      at Nv.parseExprAtom (node_modules/@storybook/core/dist/babel/index.cjs:142302:23)
      at Nv.parseExprAtom (node_modules/@storybook/core/dist/babel/index.cjs:139667:45)
      at Nv.parseExprSubscripts (node_modules/@storybook/core/dist/babel/index.cjs:142149:78)
      at Nv.parseUpdate (node_modules/@storybook/core/dist/babel/index.cjs:142139:45)
      at Nv.parseMaybeUnary (node_modules/@storybook/core/dist/babel/index.cjs:142124:20)
      at Nv.parseMaybeUnary (node_modules/@storybook/core/dist/babel/index.cjs:141419:93)
      at Nv.parseMaybeUnaryOrPrivate (node_modules/@storybook/core/dist/babel/index.cjs:142032:63)
      at Nv.parseExprOps (node_modules/@storybook/core/dist/babel/index.cjs:142035:78)
      at Nv.parseMaybeConditional (node_modules/@storybook/core/dist/babel/index.cjs:142020:78)
      at Nv.parseMaybeAssign (node_modules/@storybook/core/dist/babel/index.cjs:142004:20)
      at Nv.parseMaybeAssign (node_modules/@storybook/core/dist/babel/index.cjs:141392:22)
      at node_modules/@storybook/core/dist/babel/index.cjs:141986:41
      at Nv.allowInAnd (node_modules/@storybook/core/dist/babel/index.cjs:142978:14)
      at Nv.parseMaybeAssignAllowIn (node_modules/@storybook/core/dist/babel/index.cjs:141986:19)
      at Nv.parseObjectProperty (node_modules/@storybook/core/dist/babel/index.cjs:142656:81)
      If you are in development, this likely indicates a problem with your Storybook process,
      check the terminal for errors.
      If you are in a deployed Storybook, there may have been an issue deploying the full Storybook
      build.
      at constructor (node_modules/@storybook/core/dist/babel/index.cjs:134900:15)
      at Nv.raise (node_modules/@storybook/core/dist/babel/index.cjs:137217:54)
      at Object.unterminated (node_modules/@storybook/core/dist/babel/index.cjs:136577:22)
      at readStringContents (node_modules/@storybook/core/dist/babel/index.cjs:136355:11)
      at Nv.readTemplateToken (node_modules/@storybook/core/dist/babel/index.cjs:137173:11)
      at Nv.getTokenFromCode (node_modules/@storybook/core/dist/babel/index.cjs:136958:16)
      at Nv.getTokenFromCode (node_modules/@storybook/core/dist/babel/index.cjs:139696:13)
      at Nv.getTokenFromCode (node_modules/@storybook/core/dist/babel/index.cjs:141547:13)
      at Nv.nextToken (node_modules/@storybook/core/dist/babel/index.cjs:136654:12)
      at Nv.next (node_modules/@storybook/core/dist/babel/index.cjs:136586:62)
      at Nv.eat (node_modules/@storybook/core/dist/babel/index.cjs:136589:36)
      at Nv.parseObjectProperty (node_modules/@storybook/core/dist/babel/index.cjs:142655:34)
      at Nv.parseObjPropValue (node_modules/@storybook/core/dist/babel/index.cjs:142671:61)
      at Nv.parseObjPropValue (node_modules/@storybook/core/dist/babel/index.cjs:141367:49)
      at Nv.parsePropertyDefinition (node_modules/@storybook/core/dist/babel/index.cjs:142632:19)
      at Nv.parseObjectLike (node_modules/@storybook/core/dist/babel/index.cjs:142596:57)
      at Nv.parseExprAtom (node_modules/@storybook/core/dist/babel/index.cjs:142302:23)
      at Nv.parseExprAtom (node_modules/@storybook/core/dist/babel/index.cjs:139667:45)
      at Nv.parseExprSubscripts (node_modules/@storybook/core/dist/babel/index.cjs:142149:78)
      at Nv.parseUpdate (node_modules/@storybook/core/dist/babel/index.cjs:142139:45)
      at Nv.parseMaybeUnary (node_modules/@storybook/core/dist/babel/index.cjs:142124:20)
      at Nv.parseMaybeUnary (node_modules/@storybook/core/dist/babel/index.cjs:141419:93)
      at Nv.parseMaybeUnaryOrPrivate (node_modules/@storybook/core/dist/babel/index.cjs:142032:63)
      at Nv.parseExprOps (node_modules/@storybook/core/dist/babel/index.cjs:142035:78)
      at Nv.parseMaybeConditional (node_modules/@storybook/core/dist/babel/index.cjs:142020:78)
      at Nv.parseMaybeAssign (node_modules/@storybook/core/dist/babel/index.cjs:142004:20)
      at Nv.parseMaybeAssign (node_modules/@storybook/core/dist/babel/index.cjs:141392:22)
      at node_modules/@storybook/core/dist/babel/index.cjs:141986:41
      at Nv.allowInAnd (node_modules/@storybook/core/dist/babel/index.cjs:142978:14)
      at Nv.parseMaybeAssignAllowIn (node_modules/@storybook/core/dist/babel/index.cjs:141986:19)
      at Nv.parseObjectProperty (node_modules/@storybook/core/dist/babel/index.cjs:142656:81)
      at Nv.parseObjPropValue (node_modules/@storybook/core/dist/babel/index.cjs:142671:61)
      at Nv.parseObjPropValue (node_modules/@storybook/core/dist/babel/index.cjs:141367:49)
      at Nv.parsePropertyDefinition (node_modules/@storybook/core/dist/babel/index.cjs:142632:19)
      at Nv.parseObjectLike (node_modules/@storybook/core/dist/babel/index.cjs:142596:57)
      at Nv.parseExprAtom (node_modules/@storybook/core/dist/babel/index.cjs:142302:23)
      at Nv.parseExprAtom (node_modules/@storybook/core/dist/babel/index.cjs:139667:45)
      at Nv.parseExprSubscripts (node_modules/@storybook/core/dist/babel/index.cjs:142149:78)
      at Nv.parseUpdate (node_modules/@storybook/core/dist/babel/index.cjs:142139:45)
      at Nv.parseMaybeUnary (node_modules/@storybook/core/dist/babel/index.cjs:142124:20)
      at Nv.parseMaybeUnary (node_modules/@storybook/core/dist/babel/index.cjs:141419:93)
      at Nv.parseMaybeUnaryOrPrivate (node_modules/@storybook/core/dist/babel/index.cjs:142032:63)
      at Nv.parseExprOps (node_modules/@storybook/core/dist/babel/index.cjs:142035:78)
      at Nv.parseMaybeConditional (node_modules/@storybook/core/dist/babel/index.cjs:142020:78)
      at Nv.parseMaybeAssign (node_modules/@storybook/core/dist/babel/index.cjs:142004:20)
      at Nv.parseMaybeAssign (node_modules/@storybook/core/dist/babel/index.cjs:141392:22)
      at node_modules/@storybook/core/dist/babel/index.cjs:141986:41
      at Nv.allowInAnd (node_modules/@storybook/core/dist/babel/index.cjs:142978:14)
      at Nv.parseMaybeAssignAllowIn (node_modules/@storybook/core/dist/babel/index.cjs:141986:19)
      at Nv.parseObjectProperty (node_modules/@storybook/core/dist/babel/index.cjs:142656:81)
      If you are in development, this likely indicates a problem with your Storybook process,
      check the terminal for errors.
      If you are in a deployed Storybook, there may have been an issue deploying the full Storybook
      build.
      at ns2.getStoryIndexFromServer (packages/components/http:/localhost:6007/packages/components/node_modules/.cache/storybook/1c3385a5d25e538d10b518b310c74d3ca2690b6aaffeadccd74da79736171f86/sb-vite/deps/storybook_internal_preview_runtime.js?v=b3da04b4:8624:11)
      at async ns2.onStoryIndexChanged (packages/components/http:/localhost:6007/packages/components/node_modules/.cache/storybook/1c3385a5d25e538d10b518b310c74d3ca2690b6aaffeadccd74da79736171f86/sb-vite/deps/storybook_internal_preview_runtime.js?v=b3da04b4:8664:17)

  ● Components/InputField › Sizes › smoke-test

    SB_PREVIEW_API_0006 (StoryIndexFetchError): Error fetching `/index.json`:

    Unable to index ./src/Table/EnhancedTable.stories.tsx:
      SyntaxError: Unterminated template. (1467:15)

      at constructor (node_modules/@storybook/core/dist/babel/index.cjs:134900:15)
      at Nv.raise (node_modules/@storybook/core/dist/babel/index.cjs:137217:54)
      at Object.unterminated (node_modules/@storybook/core/dist/babel/index.cjs:136577:22)
      at readStringContents (node_modules/@storybook/core/dist/babel/index.cjs:136355:11)
      at Nv.readTemplateToken (node_modules/@storybook/core/dist/babel/index.cjs:137173:11)
      at Nv.getTokenFromCode (node_modules/@storybook/core/dist/babel/index.cjs:136958:16)
      at Nv.getTokenFromCode (node_modules/@storybook/core/dist/babel/index.cjs:139696:13)
      at Nv.getTokenFromCode (node_modules/@storybook/core/dist/babel/index.cjs:141547:13)
      at Nv.nextToken (node_modules/@storybook/core/dist/babel/index.cjs:136654:12)
      at Nv.next (node_modules/@storybook/core/dist/babel/index.cjs:136586:62)
      at Nv.eat (node_modules/@storybook/core/dist/babel/index.cjs:136589:36)
      at Nv.parseObjectProperty (node_modules/@storybook/core/dist/babel/index.cjs:142655:34)
      at Nv.parseObjPropValue (node_modules/@storybook/core/dist/babel/index.cjs:142671:61)
      at Nv.parseObjPropValue (node_modules/@storybook/core/dist/babel/index.cjs:141367:49)
      at Nv.parsePropertyDefinition (node_modules/@storybook/core/dist/babel/index.cjs:142632:19)
      at Nv.parseObjectLike (node_modules/@storybook/core/dist/babel/index.cjs:142596:57)
      at Nv.parseExprAtom (node_modules/@storybook/core/dist/babel/index.cjs:142302:23)
      at Nv.parseExprAtom (node_modules/@storybook/core/dist/babel/index.cjs:139667:45)
      at Nv.parseExprSubscripts (node_modules/@storybook/core/dist/babel/index.cjs:142149:78)
      at Nv.parseUpdate (node_modules/@storybook/core/dist/babel/index.cjs:142139:45)
      at Nv.parseMaybeUnary (node_modules/@storybook/core/dist/babel/index.cjs:142124:20)
      at Nv.parseMaybeUnary (node_modules/@storybook/core/dist/babel/index.cjs:141419:93)
      at Nv.parseMaybeUnaryOrPrivate (node_modules/@storybook/core/dist/babel/index.cjs:142032:63)
      at Nv.parseExprOps (node_modules/@storybook/core/dist/babel/index.cjs:142035:78)
      at Nv.parseMaybeConditional (node_modules/@storybook/core/dist/babel/index.cjs:142020:78)
      at Nv.parseMaybeAssign (node_modules/@storybook/core/dist/babel/index.cjs:142004:20)
      at Nv.parseMaybeAssign (node_modules/@storybook/core/dist/babel/index.cjs:141392:22)
      at node_modules/@storybook/core/dist/babel/index.cjs:141986:41
      at Nv.allowInAnd (node_modules/@storybook/core/dist/babel/index.cjs:142978:14)
      at Nv.parseMaybeAssignAllowIn (node_modules/@storybook/core/dist/babel/index.cjs:141986:19)
      at Nv.parseObjectProperty (node_modules/@storybook/core/dist/babel/index.cjs:142656:81)
      at Nv.parseObjPropValue (node_modules/@storybook/core/dist/babel/index.cjs:142671:61)
      at Nv.parseObjPropValue (node_modules/@storybook/core/dist/babel/index.cjs:141367:49)
      at Nv.parsePropertyDefinition (node_modules/@storybook/core/dist/babel/index.cjs:142632:19)
      at Nv.parseObjectLike (node_modules/@storybook/core/dist/babel/index.cjs:142596:57)
      at Nv.parseExprAtom (node_modules/@storybook/core/dist/babel/index.cjs:142302:23)
      at Nv.parseExprAtom (node_modules/@storybook/core/dist/babel/index.cjs:139667:45)
      at Nv.parseExprSubscripts (node_modules/@storybook/core/dist/babel/index.cjs:142149:78)
      at Nv.parseUpdate (node_modules/@storybook/core/dist/babel/index.cjs:142139:45)
      at Nv.parseMaybeUnary (node_modules/@storybook/core/dist/babel/index.cjs:142124:20)
      at Nv.parseMaybeUnary (node_modules/@storybook/core/dist/babel/index.cjs:141419:93)
      at Nv.parseMaybeUnaryOrPrivate (node_modules/@storybook/core/dist/babel/index.cjs:142032:63)
      at Nv.parseExprOps (node_modules/@storybook/core/dist/babel/index.cjs:142035:78)
      at Nv.parseMaybeConditional (node_modules/@storybook/core/dist/babel/index.cjs:142020:78)
      at Nv.parseMaybeAssign (node_modules/@storybook/core/dist/babel/index.cjs:142004:20)
      at Nv.parseMaybeAssign (node_modules/@storybook/core/dist/babel/index.cjs:141392:22)
      at node_modules/@storybook/core/dist/babel/index.cjs:141986:41
      at Nv.allowInAnd (node_modules/@storybook/core/dist/babel/index.cjs:142978:14)
      at Nv.parseMaybeAssignAllowIn (node_modules/@storybook/core/dist/babel/index.cjs:141986:19)
      at Nv.parseObjectProperty (node_modules/@storybook/core/dist/babel/index.cjs:142656:81)
      If you are in development, this likely indicates a problem with your Storybook process,
      check the terminal for errors.
      If you are in a deployed Storybook, there may have been an issue deploying the full Storybook
      build.
      at constructor (node_modules/@storybook/core/dist/babel/index.cjs:134900:15)
      at Nv.raise (node_modules/@storybook/core/dist/babel/index.cjs:137217:54)
      at Object.unterminated (node_modules/@storybook/core/dist/babel/index.cjs:136577:22)
      at readStringContents (node_modules/@storybook/core/dist/babel/index.cjs:136355:11)
      at Nv.readTemplateToken (node_modules/@storybook/core/dist/babel/index.cjs:137173:11)
      at Nv.getTokenFromCode (node_modules/@storybook/core/dist/babel/index.cjs:136958:16)
      at Nv.getTokenFromCode (node_modules/@storybook/core/dist/babel/index.cjs:139696:13)
      at Nv.getTokenFromCode (node_modules/@storybook/core/dist/babel/index.cjs:141547:13)
      at Nv.nextToken (node_modules/@storybook/core/dist/babel/index.cjs:136654:12)
      at Nv.next (node_modules/@storybook/core/dist/babel/index.cjs:136586:62)
      at Nv.eat (node_modules/@storybook/core/dist/babel/index.cjs:136589:36)
      at Nv.parseObjectProperty (node_modules/@storybook/core/dist/babel/index.cjs:142655:34)
      at Nv.parseObjPropValue (node_modules/@storybook/core/dist/babel/index.cjs:142671:61)
      at Nv.parseObjPropValue (node_modules/@storybook/core/dist/babel/index.cjs:141367:49)
      at Nv.parsePropertyDefinition (node_modules/@storybook/core/dist/babel/index.cjs:142632:19)
      at Nv.parseObjectLike (node_modules/@storybook/core/dist/babel/index.cjs:142596:57)
      at Nv.parseExprAtom (node_modules/@storybook/core/dist/babel/index.cjs:142302:23)
      at Nv.parseExprAtom (node_modules/@storybook/core/dist/babel/index.cjs:139667:45)
      at Nv.parseExprSubscripts (node_modules/@storybook/core/dist/babel/index.cjs:142149:78)
      at Nv.parseUpdate (node_modules/@storybook/core/dist/babel/index.cjs:142139:45)
      at Nv.parseMaybeUnary (node_modules/@storybook/core/dist/babel/index.cjs:142124:20)
      at Nv.parseMaybeUnary (node_modules/@storybook/core/dist/babel/index.cjs:141419:93)
      at Nv.parseMaybeUnaryOrPrivate (node_modules/@storybook/core/dist/babel/index.cjs:142032:63)
      at Nv.parseExprOps (node_modules/@storybook/core/dist/babel/index.cjs:142035:78)
      at Nv.parseMaybeConditional (node_modules/@storybook/core/dist/babel/index.cjs:142020:78)
      at Nv.parseMaybeAssign (node_modules/@storybook/core/dist/babel/index.cjs:142004:20)
      at Nv.parseMaybeAssign (node_modules/@storybook/core/dist/babel/index.cjs:141392:22)
      at node_modules/@storybook/core/dist/babel/index.cjs:141986:41
      at Nv.allowInAnd (node_modules/@storybook/core/dist/babel/index.cjs:142978:14)
      at Nv.parseMaybeAssignAllowIn (node_modules/@storybook/core/dist/babel/index.cjs:141986:19)
      at Nv.parseObjectProperty (node_modules/@storybook/core/dist/babel/index.cjs:142656:81)
      at Nv.parseObjPropValue (node_modules/@storybook/core/dist/babel/index.cjs:142671:61)
      at Nv.parseObjPropValue (node_modules/@storybook/core/dist/babel/index.cjs:141367:49)
      at Nv.parsePropertyDefinition (node_modules/@storybook/core/dist/babel/index.cjs:142632:19)
      at Nv.parseObjectLike (node_modules/@storybook/core/dist/babel/index.cjs:142596:57)
      at Nv.parseExprAtom (node_modules/@storybook/core/dist/babel/index.cjs:142302:23)
      at Nv.parseExprAtom (node_modules/@storybook/core/dist/babel/index.cjs:139667:45)
      at Nv.parseExprSubscripts (node_modules/@storybook/core/dist/babel/index.cjs:142149:78)
      at Nv.parseUpdate (node_modules/@storybook/core/dist/babel/index.cjs:142139:45)
      at Nv.parseMaybeUnary (node_modules/@storybook/core/dist/babel/index.cjs:142124:20)
      at Nv.parseMaybeUnary (node_modules/@storybook/core/dist/babel/index.cjs:141419:93)
      at Nv.parseMaybeUnaryOrPrivate (node_modules/@storybook/core/dist/babel/index.cjs:142032:63)
      at Nv.parseExprOps (node_modules/@storybook/core/dist/babel/index.cjs:142035:78)
      at Nv.parseMaybeConditional (node_modules/@storybook/core/dist/babel/index.cjs:142020:78)
      at Nv.parseMaybeAssign (node_modules/@storybook/core/dist/babel/index.cjs:142004:20)
      at Nv.parseMaybeAssign (node_modules/@storybook/core/dist/babel/index.cjs:141392:22)
      at node_modules/@storybook/core/dist/babel/index.cjs:141986:41
      at Nv.allowInAnd (node_modules/@storybook/core/dist/babel/index.cjs:142978:14)
      at Nv.parseMaybeAssignAllowIn (node_modules/@storybook/core/dist/babel/index.cjs:141986:19)
      at Nv.parseObjectProperty (node_modules/@storybook/core/dist/babel/index.cjs:142656:81)
      If you are in development, this likely indicates a problem with your Storybook process,
      check the terminal for errors.
      If you are in a deployed Storybook, there may have been an issue deploying the full Storybook
      build.
      at ns2.getStoryIndexFromServer (packages/components/http:/localhost:6007/packages/components/node_modules/.cache/storybook/1c3385a5d25e538d10b518b310c74d3ca2690b6aaffeadccd74da79736171f86/sb-vite/deps/storybook_internal_preview_runtime.js?v=b3da04b4:8624:11)
      at async ns2.onStoryIndexChanged (packages/components/http:/localhost:6007/packages/components/node_modules/.cache/storybook/1c3385a5d25e538d10b518b310c74d3ca2690b6aaffeadccd74da79736171f86/sb-vite/deps/storybook_internal_preview_runtime.js?v=b3da04b4:8664:17)

  ● Components/InputField › Sizes › smoke-test

    SB_PREVIEW_API_0005 (CalledPreviewMethodBeforeInitializationError): Called `Preview.onStoriesChanged()` before initialization.

    The preview needs to load the story index before most methods can be called. If you want
    to call `onStoriesChanged`, try `await preview.initializationPromise;` first.

    If you didn't call the above code, then likely it was called by an addon that needs to
    do the above.

      at ns2.onStoriesChanged (packages/components/http:/localhost:6007/packages/components/node_modules/.cache/storybook/1c3385a5d25e538d10b518b310c74d3ca2690b6aaffeadccd74da79736171f86/sb-vite/deps/storybook_internal_preview_runtime.js?v=b3da04b4:8680:13)
      at ns2.onStoriesChanged (packages/components/http:/localhost:6007/packages/components/node_modules/.cache/storybook/1c3385a5d25e538d10b518b310c74d3ca2690b6aaffeadccd74da79736171f86/sb-vite/deps/storybook_internal_preview_runtime.js?v=b3da04b4:9171:17)
      at packages/components/http:/localhost:6007/@id/__x00__virtual:/@storybook/builder-vite/vite-app.js:39:35
      at packages/components/http:/localhost:6007/@vite/client:36:52
      at packages/components/http:/localhost:6007/@vite/client:213:11
      at packages/components/http:/localhost:6007/@vite/client:186:58
          at Array.forEach (<anonymous>)
      at HMRClient.queueUpdate (packages/components/http:/localhost:6007/@vite/client:186:36)
          at async Promise.all (index 0)
      at async handleMessage (packages/components/http:/localhost:6007/@vite/client:927:7)

  ● Components/InputField › Sizes › smoke-test

    thrown: "Exceeded timeout of 30000 ms for a test.
    Add a timeout value to this test to increase the timeout, if this is a long-running test. See https://jestjs.io/docs/api#testname-fn-timeout."

      275 |         defaultValue: { summary: 'false' },
      276 |         category: 'Layout',
    > 277 |       },
          |         ^
      278 |     },
      279 |     leadingIcon: {
      280 |       control: false,

      at packages/components/src/InputField/InputField.stories.tsx:277:13
      at packages/components/src/InputField/InputField.stories.tsx:276:9
      at Object.<anonymous> (packages/components/src/InputField/InputField.stories.tsx:128:5)

  ● Components/InputField › States › smoke-test

    SB_PREVIEW_API_0006 (StoryIndexFetchError): Error fetching `/index.json`:

    Unable to index ./src/Table/EnhancedTable.stories.tsx:
      SyntaxError: Expecting Unicode escape sequence \uXXXX. (1467:15)

      at constructor (node_modules/@storybook/core/dist/babel/index.cjs:134900:15)
      at Nv.raise (node_modules/@storybook/core/dist/babel/index.cjs:137217:54)
      at Nv.readWord1 (node_modules/@storybook/core/dist/babel/index.cjs:137193:18)
      at Nv.readWord (node_modules/@storybook/core/dist/babel/index.cjs:137205:20)
      at Nv.getTokenFromCode (node_modules/@storybook/core/dist/babel/index.cjs:137028:16)
      at Nv.getTokenFromCode (node_modules/@storybook/core/dist/babel/index.cjs:139696:13)
      at Nv.getTokenFromCode (node_modules/@storybook/core/dist/babel/index.cjs:141547:13)
      at Nv.nextToken (node_modules/@storybook/core/dist/babel/index.cjs:136654:12)
      at Nv.next (node_modules/@storybook/core/dist/babel/index.cjs:136586:62)
      at Nv.eat (node_modules/@storybook/core/dist/babel/index.cjs:136589:36)
      at Nv.parseObjectProperty (node_modules/@storybook/core/dist/babel/index.cjs:142655:34)
      at Nv.parseObjPropValue (node_modules/@storybook/core/dist/babel/index.cjs:142671:61)
      at Nv.parseObjPropValue (node_modules/@storybook/core/dist/babel/index.cjs:141367:49)
      at Nv.parsePropertyDefinition (node_modules/@storybook/core/dist/babel/index.cjs:142632:19)
      at Nv.parseObjectLike (node_modules/@storybook/core/dist/babel/index.cjs:142596:57)
      at Nv.parseExprAtom (node_modules/@storybook/core/dist/babel/index.cjs:142302:23)
      at Nv.parseExprAtom (node_modules/@storybook/core/dist/babel/index.cjs:139667:45)
      at Nv.parseExprSubscripts (node_modules/@storybook/core/dist/babel/index.cjs:142149:78)
      at Nv.parseUpdate (node_modules/@storybook/core/dist/babel/index.cjs:142139:45)
      at Nv.parseMaybeUnary (node_modules/@storybook/core/dist/babel/index.cjs:142124:20)
      at Nv.parseMaybeUnary (node_modules/@storybook/core/dist/babel/index.cjs:141419:93)
      at Nv.parseMaybeUnaryOrPrivate (node_modules/@storybook/core/dist/babel/index.cjs:142032:63)
      at Nv.parseExprOps (node_modules/@storybook/core/dist/babel/index.cjs:142035:78)
      at Nv.parseMaybeConditional (node_modules/@storybook/core/dist/babel/index.cjs:142020:78)
      at Nv.parseMaybeAssign (node_modules/@storybook/core/dist/babel/index.cjs:142004:20)
      at Nv.parseMaybeAssign (node_modules/@storybook/core/dist/babel/index.cjs:141392:22)
      at node_modules/@storybook/core/dist/babel/index.cjs:141986:41
      at Nv.allowInAnd (node_modules/@storybook/core/dist/babel/index.cjs:142978:14)
      at Nv.parseMaybeAssignAllowIn (node_modules/@storybook/core/dist/babel/index.cjs:141986:19)
      at Nv.parseObjectProperty (node_modules/@storybook/core/dist/babel/index.cjs:142656:81)
      at Nv.parseObjPropValue (node_modules/@storybook/core/dist/babel/index.cjs:142671:61)
      at Nv.parseObjPropValue (node_modules/@storybook/core/dist/babel/index.cjs:141367:49)
      at Nv.parsePropertyDefinition (node_modules/@storybook/core/dist/babel/index.cjs:142632:19)
      at Nv.parseObjectLike (node_modules/@storybook/core/dist/babel/index.cjs:142596:57)
      at Nv.parseExprAtom (node_modules/@storybook/core/dist/babel/index.cjs:142302:23)
      at Nv.parseExprAtom (node_modules/@storybook/core/dist/babel/index.cjs:139667:45)
      at Nv.parseExprSubscripts (node_modules/@storybook/core/dist/babel/index.cjs:142149:78)
      at Nv.parseUpdate (node_modules/@storybook/core/dist/babel/index.cjs:142139:45)
      at Nv.parseMaybeUnary (node_modules/@storybook/core/dist/babel/index.cjs:142124:20)
      at Nv.parseMaybeUnary (node_modules/@storybook/core/dist/babel/index.cjs:141419:93)
      at Nv.parseMaybeUnaryOrPrivate (node_modules/@storybook/core/dist/babel/index.cjs:142032:63)
      at Nv.parseExprOps (node_modules/@storybook/core/dist/babel/index.cjs:142035:78)
      at Nv.parseMaybeConditional (node_modules/@storybook/core/dist/babel/index.cjs:142020:78)
      at Nv.parseMaybeAssign (node_modules/@storybook/core/dist/babel/index.cjs:142004:20)
      at Nv.parseMaybeAssign (node_modules/@storybook/core/dist/babel/index.cjs:141392:22)
      at node_modules/@storybook/core/dist/babel/index.cjs:141986:41
      at Nv.allowInAnd (node_modules/@storybook/core/dist/babel/index.cjs:142978:14)
      at Nv.parseMaybeAssignAllowIn (node_modules/@storybook/core/dist/babel/index.cjs:141986:19)
      at Nv.parseObjectProperty (node_modules/@storybook/core/dist/babel/index.cjs:142656:81)
      at Nv.parseObjPropValue (node_modules/@storybook/core/dist/babel/index.cjs:142671:61)
      If you are in development, this likely indicates a problem with your Storybook process,
      check the terminal for errors.
      If you are in a deployed Storybook, there may have been an issue deploying the full Storybook
      build.
      at constructor (node_modules/@storybook/core/dist/babel/index.cjs:134900:15)
      at Nv.raise (node_modules/@storybook/core/dist/babel/index.cjs:137217:54)
      at Nv.readWord1 (node_modules/@storybook/core/dist/babel/index.cjs:137193:18)
      at Nv.readWord (node_modules/@storybook/core/dist/babel/index.cjs:137205:20)
      at Nv.getTokenFromCode (node_modules/@storybook/core/dist/babel/index.cjs:137028:16)
      at Nv.getTokenFromCode (node_modules/@storybook/core/dist/babel/index.cjs:139696:13)
      at Nv.getTokenFromCode (node_modules/@storybook/core/dist/babel/index.cjs:141547:13)
      at Nv.nextToken (node_modules/@storybook/core/dist/babel/index.cjs:136654:12)
      at Nv.next (node_modules/@storybook/core/dist/babel/index.cjs:136586:62)
      at Nv.eat (node_modules/@storybook/core/dist/babel/index.cjs:136589:36)
      at Nv.parseObjectProperty (node_modules/@storybook/core/dist/babel/index.cjs:142655:34)
      at Nv.parseObjPropValue (node_modules/@storybook/core/dist/babel/index.cjs:142671:61)
      at Nv.parseObjPropValue (node_modules/@storybook/core/dist/babel/index.cjs:141367:49)
      at Nv.parsePropertyDefinition (node_modules/@storybook/core/dist/babel/index.cjs:142632:19)
      at Nv.parseObjectLike (node_modules/@storybook/core/dist/babel/index.cjs:142596:57)
      at Nv.parseExprAtom (node_modules/@storybook/core/dist/babel/index.cjs:142302:23)
      at Nv.parseExprAtom (node_modules/@storybook/core/dist/babel/index.cjs:139667:45)
      at Nv.parseExprSubscripts (node_modules/@storybook/core/dist/babel/index.cjs:142149:78)
      at Nv.parseUpdate (node_modules/@storybook/core/dist/babel/index.cjs:142139:45)
      at Nv.parseMaybeUnary (node_modules/@storybook/core/dist/babel/index.cjs:142124:20)
      at Nv.parseMaybeUnary (node_modules/@storybook/core/dist/babel/index.cjs:141419:93)
      at Nv.parseMaybeUnaryOrPrivate (node_modules/@storybook/core/dist/babel/index.cjs:142032:63)
      at Nv.parseExprOps (node_modules/@storybook/core/dist/babel/index.cjs:142035:78)
      at Nv.parseMaybeConditional (node_modules/@storybook/core/dist/babel/index.cjs:142020:78)
      at Nv.parseMaybeAssign (node_modules/@storybook/core/dist/babel/index.cjs:142004:20)
      at Nv.parseMaybeAssign (node_modules/@storybook/core/dist/babel/index.cjs:141392:22)
      at node_modules/@storybook/core/dist/babel/index.cjs:141986:41
      at Nv.allowInAnd (node_modules/@storybook/core/dist/babel/index.cjs:142978:14)
      at Nv.parseMaybeAssignAllowIn (node_modules/@storybook/core/dist/babel/index.cjs:141986:19)
      at Nv.parseObjectProperty (node_modules/@storybook/core/dist/babel/index.cjs:142656:81)
      at Nv.parseObjPropValue (node_modules/@storybook/core/dist/babel/index.cjs:142671:61)
      at Nv.parseObjPropValue (node_modules/@storybook/core/dist/babel/index.cjs:141367:49)
      at Nv.parsePropertyDefinition (node_modules/@storybook/core/dist/babel/index.cjs:142632:19)
      at Nv.parseObjectLike (node_modules/@storybook/core/dist/babel/index.cjs:142596:57)
      at Nv.parseExprAtom (node_modules/@storybook/core/dist/babel/index.cjs:142302:23)
      at Nv.parseExprAtom (node_modules/@storybook/core/dist/babel/index.cjs:139667:45)
      at Nv.parseExprSubscripts (node_modules/@storybook/core/dist/babel/index.cjs:142149:78)
      at Nv.parseUpdate (node_modules/@storybook/core/dist/babel/index.cjs:142139:45)
      at Nv.parseMaybeUnary (node_modules/@storybook/core/dist/babel/index.cjs:142124:20)
      at Nv.parseMaybeUnary (node_modules/@storybook/core/dist/babel/index.cjs:141419:93)
      at Nv.parseMaybeUnaryOrPrivate (node_modules/@storybook/core/dist/babel/index.cjs:142032:63)
      at Nv.parseExprOps (node_modules/@storybook/core/dist/babel/index.cjs:142035:78)
      at Nv.parseMaybeConditional (node_modules/@storybook/core/dist/babel/index.cjs:142020:78)
      at Nv.parseMaybeAssign (node_modules/@storybook/core/dist/babel/index.cjs:142004:20)
      at Nv.parseMaybeAssign (node_modules/@storybook/core/dist/babel/index.cjs:141392:22)
      at node_modules/@storybook/core/dist/babel/index.cjs:141986:41
      at Nv.allowInAnd (node_modules/@storybook/core/dist/babel/index.cjs:142978:14)
      at Nv.parseMaybeAssignAllowIn (node_modules/@storybook/core/dist/babel/index.cjs:141986:19)
      at Nv.parseObjectProperty (node_modules/@storybook/core/dist/babel/index.cjs:142656:81)
      at Nv.parseObjPropValue (node_modules/@storybook/core/dist/babel/index.cjs:142671:61)
      If you are in development, this likely indicates a problem with your Storybook process,
      check the terminal for errors.
      If you are in a deployed Storybook, there may have been an issue deploying the full Storybook
      build.
      at ns2.getStoryIndexFromServer (packages/components/http:/localhost:6007/packages/components/node_modules/.cache/storybook/1c3385a5d25e538d10b518b310c74d3ca2690b6aaffeadccd74da79736171f86/sb-vite/deps/storybook_internal_preview_runtime.js?v=b3da04b4:8624:11)
      at async ns2.initializeWithProjectAnnotations (packages/components/http:/localhost:6007/packages/components/node_modules/.cache/storybook/1c3385a5d25e538d10b518b310c74d3ca2690b6aaffeadccd74da79736171f86/sb-vite/deps/storybook_internal_preview_runtime.js?v=b3da04b4:8606:15)
      at async ns2.initialize (packages/components/http:/localhost:6007/packages/components/node_modules/.cache/storybook/1c3385a5d25e538d10b518b310c74d3ca2690b6aaffeadccd74da79736171f86/sb-vite/deps/storybook_internal_preview_runtime.js?v=b3da04b4:8581:39)

  ● Components/InputField › States › smoke-test

    page.evaluate: Error: Axe is already running. Use `await axe.run()` to wait for the previous run to finish before starting a new run.

      at E (eval at <anonymous> (eval at evaluate (:311:30))packages/components/, <anonymous>:12:93952)
      at axe.run (eval at <anonymous> (eval at evaluate (:311:30))packages/components/, <anonymous>:12:473583)
      at eval (eval at evaluate (:311:30)packages/components/, <anonymous>:2:27)
      at UtilityScript.evaluate (packages/components/<anonymous>:313:16)
      at UtilityScript.<anonymous> (packages/components/<anonymous>:1:44)
      at node_modules/axe-playwright/dist/index.js:74:31
      at node_modules/axe-playwright/dist/index.js:31:71
      at Object.<anonymous>.__awaiter (node_modules/axe-playwright/dist/index.js:27:12)
      at getAxeResults (node_modules/axe-playwright/dist/index.js:73:51)
      at node_modules/axe-playwright/dist/index.js:87:52
      at node_modules/axe-playwright/dist/index.js:31:71
      at Object.<anonymous>.__awaiter (node_modules/axe-playwright/dist/index.js:27:12)
      at getViolations (node_modules/axe-playwright/dist/index.js:86:51)
      at node_modules/axe-playwright/dist/index.js:111:56
      at node_modules/axe-playwright/dist/index.js:31:71
      at Object.<anonymous>.__awaiter (node_modules/axe-playwright/dist/index.js:27:12)
      at checkA11y (node_modules/axe-playwright/dist/index.js:109:42)
      at postVisit (.storybook/test-runner.ts:13:20)
      at packages/components/src/InputField/InputField.stories.tsx:470:68
      at step (packages/components/src/InputField/InputField.stories.tsx:110:23)
      at Object.<anonymous> (packages/components/src/InputField/InputField.stories.tsx:51:20)
      at asyncGeneratorStep (packages/components/src/InputField/InputField.stories.tsx:4:28)
      at _next (packages/components/src/InputField/InputField.stories.tsx:19:17)

  ● Components/InputField › InputTypes › smoke-test

    SB_PREVIEW_API_0006 (StoryIndexFetchError): Error fetching `/index.json`:

    Unable to index ./src/Table/EnhancedTable.stories.tsx:
      SyntaxError: Expecting Unicode escape sequence \uXXXX. (1467:15)

      at constructor (node_modules/@storybook/core/dist/babel/index.cjs:134900:15)
      at Nv.raise (node_modules/@storybook/core/dist/babel/index.cjs:137217:54)
      at Nv.readWord1 (node_modules/@storybook/core/dist/babel/index.cjs:137193:18)
      at Nv.readWord (node_modules/@storybook/core/dist/babel/index.cjs:137205:20)
      at Nv.getTokenFromCode (node_modules/@storybook/core/dist/babel/index.cjs:137028:16)
      at Nv.getTokenFromCode (node_modules/@storybook/core/dist/babel/index.cjs:139696:13)
      at Nv.getTokenFromCode (node_modules/@storybook/core/dist/babel/index.cjs:141547:13)
      at Nv.nextToken (node_modules/@storybook/core/dist/babel/index.cjs:136654:12)
      at Nv.next (node_modules/@storybook/core/dist/babel/index.cjs:136586:62)
      at Nv.eat (node_modules/@storybook/core/dist/babel/index.cjs:136589:36)
      at Nv.parseObjectProperty (node_modules/@storybook/core/dist/babel/index.cjs:142655:34)
      at Nv.parseObjPropValue (node_modules/@storybook/core/dist/babel/index.cjs:142671:61)
      at Nv.parseObjPropValue (node_modules/@storybook/core/dist/babel/index.cjs:141367:49)
      at Nv.parsePropertyDefinition (node_modules/@storybook/core/dist/babel/index.cjs:142632:19)
      at Nv.parseObjectLike (node_modules/@storybook/core/dist/babel/index.cjs:142596:57)
      at Nv.parseExprAtom (node_modules/@storybook/core/dist/babel/index.cjs:142302:23)
      at Nv.parseExprAtom (node_modules/@storybook/core/dist/babel/index.cjs:139667:45)
      at Nv.parseExprSubscripts (node_modules/@storybook/core/dist/babel/index.cjs:142149:78)
      at Nv.parseUpdate (node_modules/@storybook/core/dist/babel/index.cjs:142139:45)
      at Nv.parseMaybeUnary (node_modules/@storybook/core/dist/babel/index.cjs:142124:20)
      at Nv.parseMaybeUnary (node_modules/@storybook/core/dist/babel/index.cjs:141419:93)
      at Nv.parseMaybeUnaryOrPrivate (node_modules/@storybook/core/dist/babel/index.cjs:142032:63)
      at Nv.parseExprOps (node_modules/@storybook/core/dist/babel/index.cjs:142035:78)
      at Nv.parseMaybeConditional (node_modules/@storybook/core/dist/babel/index.cjs:142020:78)
      at Nv.parseMaybeAssign (node_modules/@storybook/core/dist/babel/index.cjs:142004:20)
      at Nv.parseMaybeAssign (node_modules/@storybook/core/dist/babel/index.cjs:141392:22)
      at node_modules/@storybook/core/dist/babel/index.cjs:141986:41
      at Nv.allowInAnd (node_modules/@storybook/core/dist/babel/index.cjs:142978:14)
      at Nv.parseMaybeAssignAllowIn (node_modules/@storybook/core/dist/babel/index.cjs:141986:19)
      at Nv.parseObjectProperty (node_modules/@storybook/core/dist/babel/index.cjs:142656:81)
      at Nv.parseObjPropValue (node_modules/@storybook/core/dist/babel/index.cjs:142671:61)
      at Nv.parseObjPropValue (node_modules/@storybook/core/dist/babel/index.cjs:141367:49)
      at Nv.parsePropertyDefinition (node_modules/@storybook/core/dist/babel/index.cjs:142632:19)
      at Nv.parseObjectLike (node_modules/@storybook/core/dist/babel/index.cjs:142596:57)
      at Nv.parseExprAtom (node_modules/@storybook/core/dist/babel/index.cjs:142302:23)
      at Nv.parseExprAtom (node_modules/@storybook/core/dist/babel/index.cjs:139667:45)
      at Nv.parseExprSubscripts (node_modules/@storybook/core/dist/babel/index.cjs:142149:78)
      at Nv.parseUpdate (node_modules/@storybook/core/dist/babel/index.cjs:142139:45)
      at Nv.parseMaybeUnary (node_modules/@storybook/core/dist/babel/index.cjs:142124:20)
      at Nv.parseMaybeUnary (node_modules/@storybook/core/dist/babel/index.cjs:141419:93)
      at Nv.parseMaybeUnaryOrPrivate (node_modules/@storybook/core/dist/babel/index.cjs:142032:63)
      at Nv.parseExprOps (node_modules/@storybook/core/dist/babel/index.cjs:142035:78)
      at Nv.parseMaybeConditional (node_modules/@storybook/core/dist/babel/index.cjs:142020:78)
      at Nv.parseMaybeAssign (node_modules/@storybook/core/dist/babel/index.cjs:142004:20)
      at Nv.parseMaybeAssign (node_modules/@storybook/core/dist/babel/index.cjs:141392:22)
      at node_modules/@storybook/core/dist/babel/index.cjs:141986:41
      at Nv.allowInAnd (node_modules/@storybook/core/dist/babel/index.cjs:142978:14)
      at Nv.parseMaybeAssignAllowIn (node_modules/@storybook/core/dist/babel/index.cjs:141986:19)
      at Nv.parseObjectProperty (node_modules/@storybook/core/dist/babel/index.cjs:142656:81)
      at Nv.parseObjPropValue (node_modules/@storybook/core/dist/babel/index.cjs:142671:61)
      If you are in development, this likely indicates a problem with your Storybook process,
      check the terminal for errors.
      If you are in a deployed Storybook, there may have been an issue deploying the full Storybook
      build.
      at constructor (node_modules/@storybook/core/dist/babel/index.cjs:134900:15)
      at Nv.raise (node_modules/@storybook/core/dist/babel/index.cjs:137217:54)
      at Nv.readWord1 (node_modules/@storybook/core/dist/babel/index.cjs:137193:18)
      at Nv.readWord (node_modules/@storybook/core/dist/babel/index.cjs:137205:20)
      at Nv.getTokenFromCode (node_modules/@storybook/core/dist/babel/index.cjs:137028:16)
      at Nv.getTokenFromCode (node_modules/@storybook/core/dist/babel/index.cjs:139696:13)
      at Nv.getTokenFromCode (node_modules/@storybook/core/dist/babel/index.cjs:141547:13)
      at Nv.nextToken (node_modules/@storybook/core/dist/babel/index.cjs:136654:12)
      at Nv.next (node_modules/@storybook/core/dist/babel/index.cjs:136586:62)
      at Nv.eat (node_modules/@storybook/core/dist/babel/index.cjs:136589:36)
      at Nv.parseObjectProperty (node_modules/@storybook/core/dist/babel/index.cjs:142655:34)
      at Nv.parseObjPropValue (node_modules/@storybook/core/dist/babel/index.cjs:142671:61)
      at Nv.parseObjPropValue (node_modules/@storybook/core/dist/babel/index.cjs:141367:49)
      at Nv.parsePropertyDefinition (node_modules/@storybook/core/dist/babel/index.cjs:142632:19)
      at Nv.parseObjectLike (node_modules/@storybook/core/dist/babel/index.cjs:142596:57)
      at Nv.parseExprAtom (node_modules/@storybook/core/dist/babel/index.cjs:142302:23)
      at Nv.parseExprAtom (node_modules/@storybook/core/dist/babel/index.cjs:139667:45)
      at Nv.parseExprSubscripts (node_modules/@storybook/core/dist/babel/index.cjs:142149:78)
      at Nv.parseUpdate (node_modules/@storybook/core/dist/babel/index.cjs:142139:45)
      at Nv.parseMaybeUnary (node_modules/@storybook/core/dist/babel/index.cjs:142124:20)
      at Nv.parseMaybeUnary (node_modules/@storybook/core/dist/babel/index.cjs:141419:93)
      at Nv.parseMaybeUnaryOrPrivate (node_modules/@storybook/core/dist/babel/index.cjs:142032:63)
      at Nv.parseExprOps (node_modules/@storybook/core/dist/babel/index.cjs:142035:78)
      at Nv.parseMaybeConditional (node_modules/@storybook/core/dist/babel/index.cjs:142020:78)
      at Nv.parseMaybeAssign (node_modules/@storybook/core/dist/babel/index.cjs:142004:20)
      at Nv.parseMaybeAssign (node_modules/@storybook/core/dist/babel/index.cjs:141392:22)
      at node_modules/@storybook/core/dist/babel/index.cjs:141986:41
      at Nv.allowInAnd (node_modules/@storybook/core/dist/babel/index.cjs:142978:14)
      at Nv.parseMaybeAssignAllowIn (node_modules/@storybook/core/dist/babel/index.cjs:141986:19)
      at Nv.parseObjectProperty (node_modules/@storybook/core/dist/babel/index.cjs:142656:81)
      at Nv.parseObjPropValue (node_modules/@storybook/core/dist/babel/index.cjs:142671:61)
      at Nv.parseObjPropValue (node_modules/@storybook/core/dist/babel/index.cjs:141367:49)
      at Nv.parsePropertyDefinition (node_modules/@storybook/core/dist/babel/index.cjs:142632:19)
      at Nv.parseObjectLike (node_modules/@storybook/core/dist/babel/index.cjs:142596:57)
      at Nv.parseExprAtom (node_modules/@storybook/core/dist/babel/index.cjs:142302:23)
      at Nv.parseExprAtom (node_modules/@storybook/core/dist/babel/index.cjs:139667:45)
      at Nv.parseExprSubscripts (node_modules/@storybook/core/dist/babel/index.cjs:142149:78)
      at Nv.parseUpdate (node_modules/@storybook/core/dist/babel/index.cjs:142139:45)
      at Nv.parseMaybeUnary (node_modules/@storybook/core/dist/babel/index.cjs:142124:20)
      at Nv.parseMaybeUnary (node_modules/@storybook/core/dist/babel/index.cjs:141419:93)
      at Nv.parseMaybeUnaryOrPrivate (node_modules/@storybook/core/dist/babel/index.cjs:142032:63)
      at Nv.parseExprOps (node_modules/@storybook/core/dist/babel/index.cjs:142035:78)
      at Nv.parseMaybeConditional (node_modules/@storybook/core/dist/babel/index.cjs:142020:78)
      at Nv.parseMaybeAssign (node_modules/@storybook/core/dist/babel/index.cjs:142004:20)
      at Nv.parseMaybeAssign (node_modules/@storybook/core/dist/babel/index.cjs:141392:22)
      at node_modules/@storybook/core/dist/babel/index.cjs:141986:41
      at Nv.allowInAnd (node_modules/@storybook/core/dist/babel/index.cjs:142978:14)
      at Nv.parseMaybeAssignAllowIn (node_modules/@storybook/core/dist/babel/index.cjs:141986:19)
      at Nv.parseObjectProperty (node_modules/@storybook/core/dist/babel/index.cjs:142656:81)
      at Nv.parseObjPropValue (node_modules/@storybook/core/dist/babel/index.cjs:142671:61)
      If you are in development, this likely indicates a problem with your Storybook process,
      check the terminal for errors.
      If you are in a deployed Storybook, there may have been an issue deploying the full Storybook
      build.
      at ns2.getStoryIndexFromServer (packages/components/http:/localhost:6007/packages/components/node_modules/.cache/storybook/1c3385a5d25e538d10b518b310c74d3ca2690b6aaffeadccd74da79736171f86/sb-vite/deps/storybook_internal_preview_runtime.js?v=b3da04b4:8624:11)
      at async ns2.initializeWithProjectAnnotations (packages/components/http:/localhost:6007/packages/components/node_modules/.cache/storybook/1c3385a5d25e538d10b518b310c74d3ca2690b6aaffeadccd74da79736171f86/sb-vite/deps/storybook_internal_preview_runtime.js?v=b3da04b4:8606:15)
      at async ns2.initialize (packages/components/http:/localhost:6007/packages/components/node_modules/.cache/storybook/1c3385a5d25e538d10b518b310c74d3ca2690b6aaffeadccd74da79736171f86/sb-vite/deps/storybook_internal_preview_runtime.js?v=b3da04b4:8581:39)

  ● Components/InputField › InputTypes › smoke-test

    thrown: "Exceeded timeout of 30000 ms for a test.
    Add a timeout value to this test to increase the timeout, if this is a long-running test. See https://jestjs.io/docs/api#testname-fn-timeout."

      569 |         required
      570 |         helperText="We'll never share your email"
    > 571 |       />
          |         ^
      572 |       <InputField
      573 |         label="Phone Number"
      574 |         type="tel"

      at packages/components/src/InputField/InputField.stories.tsx:571:13
      at packages/components/src/InputField/InputField.stories.tsx:570:9
      at Object.<anonymous> (packages/components/src/InputField/InputField.stories.tsx:128:5)

  ● Components/InputField › WithIcons › smoke-test

    SB_PREVIEW_API_0006 (StoryIndexFetchError): Error fetching `/index.json`:

    Unable to index ./src/Table/EnhancedTable.stories.tsx:
      SyntaxError: Expecting Unicode escape sequence \uXXXX. (1467:15)

      at constructor (node_modules/@storybook/core/dist/babel/index.cjs:134900:15)
      at Nv.raise (node_modules/@storybook/core/dist/babel/index.cjs:137217:54)
      at Nv.readWord1 (node_modules/@storybook/core/dist/babel/index.cjs:137193:18)
      at Nv.readWord (node_modules/@storybook/core/dist/babel/index.cjs:137205:20)
      at Nv.getTokenFromCode (node_modules/@storybook/core/dist/babel/index.cjs:137028:16)
      at Nv.getTokenFromCode (node_modules/@storybook/core/dist/babel/index.cjs:139696:13)
      at Nv.getTokenFromCode (node_modules/@storybook/core/dist/babel/index.cjs:141547:13)
      at Nv.nextToken (node_modules/@storybook/core/dist/babel/index.cjs:136654:12)
      at Nv.next (node_modules/@storybook/core/dist/babel/index.cjs:136586:62)
      at Nv.eat (node_modules/@storybook/core/dist/babel/index.cjs:136589:36)
      at Nv.parseObjectProperty (node_modules/@storybook/core/dist/babel/index.cjs:142655:34)
      at Nv.parseObjPropValue (node_modules/@storybook/core/dist/babel/index.cjs:142671:61)
      at Nv.parseObjPropValue (node_modules/@storybook/core/dist/babel/index.cjs:141367:49)
      at Nv.parsePropertyDefinition (node_modules/@storybook/core/dist/babel/index.cjs:142632:19)
      at Nv.parseObjectLike (node_modules/@storybook/core/dist/babel/index.cjs:142596:57)
      at Nv.parseExprAtom (node_modules/@storybook/core/dist/babel/index.cjs:142302:23)
      at Nv.parseExprAtom (node_modules/@storybook/core/dist/babel/index.cjs:139667:45)
      at Nv.parseExprSubscripts (node_modules/@storybook/core/dist/babel/index.cjs:142149:78)
      at Nv.parseUpdate (node_modules/@storybook/core/dist/babel/index.cjs:142139:45)
      at Nv.parseMaybeUnary (node_modules/@storybook/core/dist/babel/index.cjs:142124:20)
      at Nv.parseMaybeUnary (node_modules/@storybook/core/dist/babel/index.cjs:141419:93)
      at Nv.parseMaybeUnaryOrPrivate (node_modules/@storybook/core/dist/babel/index.cjs:142032:63)
      at Nv.parseExprOps (node_modules/@storybook/core/dist/babel/index.cjs:142035:78)
      at Nv.parseMaybeConditional (node_modules/@storybook/core/dist/babel/index.cjs:142020:78)
      at Nv.parseMaybeAssign (node_modules/@storybook/core/dist/babel/index.cjs:142004:20)
      at Nv.parseMaybeAssign (node_modules/@storybook/core/dist/babel/index.cjs:141392:22)
      at node_modules/@storybook/core/dist/babel/index.cjs:141986:41
      at Nv.allowInAnd (node_modules/@storybook/core/dist/babel/index.cjs:142978:14)
      at Nv.parseMaybeAssignAllowIn (node_modules/@storybook/core/dist/babel/index.cjs:141986:19)
      at Nv.parseObjectProperty (node_modules/@storybook/core/dist/babel/index.cjs:142656:81)
      at Nv.parseObjPropValue (node_modules/@storybook/core/dist/babel/index.cjs:142671:61)
      at Nv.parseObjPropValue (node_modules/@storybook/core/dist/babel/index.cjs:141367:49)
      at Nv.parsePropertyDefinition (node_modules/@storybook/core/dist/babel/index.cjs:142632:19)
      at Nv.parseObjectLike (node_modules/@storybook/core/dist/babel/index.cjs:142596:57)
      at Nv.parseExprAtom (node_modules/@storybook/core/dist/babel/index.cjs:142302:23)
      at Nv.parseExprAtom (node_modules/@storybook/core/dist/babel/index.cjs:139667:45)
      at Nv.parseExprSubscripts (node_modules/@storybook/core/dist/babel/index.cjs:142149:78)
      at Nv.parseUpdate (node_modules/@storybook/core/dist/babel/index.cjs:142139:45)
      at Nv.parseMaybeUnary (node_modules/@storybook/core/dist/babel/index.cjs:142124:20)
      at Nv.parseMaybeUnary (node_modules/@storybook/core/dist/babel/index.cjs:141419:93)
      at Nv.parseMaybeUnaryOrPrivate (node_modules/@storybook/core/dist/babel/index.cjs:142032:63)
      at Nv.parseExprOps (node_modules/@storybook/core/dist/babel/index.cjs:142035:78)
      at Nv.parseMaybeConditional (node_modules/@storybook/core/dist/babel/index.cjs:142020:78)
      at Nv.parseMaybeAssign (node_modules/@storybook/core/dist/babel/index.cjs:142004:20)
      at Nv.parseMaybeAssign (node_modules/@storybook/core/dist/babel/index.cjs:141392:22)
      at node_modules/@storybook/core/dist/babel/index.cjs:141986:41
      at Nv.allowInAnd (node_modules/@storybook/core/dist/babel/index.cjs:142978:14)
      at Nv.parseMaybeAssignAllowIn (node_modules/@storybook/core/dist/babel/index.cjs:141986:19)
      at Nv.parseObjectProperty (node_modules/@storybook/core/dist/babel/index.cjs:142656:81)
      at Nv.parseObjPropValue (node_modules/@storybook/core/dist/babel/index.cjs:142671:61)
      If you are in development, this likely indicates a problem with your Storybook process,
      check the terminal for errors.
      If you are in a deployed Storybook, there may have been an issue deploying the full Storybook
      build.
      at constructor (node_modules/@storybook/core/dist/babel/index.cjs:134900:15)
      at Nv.raise (node_modules/@storybook/core/dist/babel/index.cjs:137217:54)
      at Nv.readWord1 (node_modules/@storybook/core/dist/babel/index.cjs:137193:18)
      at Nv.readWord (node_modules/@storybook/core/dist/babel/index.cjs:137205:20)
      at Nv.getTokenFromCode (node_modules/@storybook/core/dist/babel/index.cjs:137028:16)
      at Nv.getTokenFromCode (node_modules/@storybook/core/dist/babel/index.cjs:139696:13)
      at Nv.getTokenFromCode (node_modules/@storybook/core/dist/babel/index.cjs:141547:13)
      at Nv.nextToken (node_modules/@storybook/core/dist/babel/index.cjs:136654:12)
      at Nv.next (node_modules/@storybook/core/dist/babel/index.cjs:136586:62)
      at Nv.eat (node_modules/@storybook/core/dist/babel/index.cjs:136589:36)
      at Nv.parseObjectProperty (node_modules/@storybook/core/dist/babel/index.cjs:142655:34)
      at Nv.parseObjPropValue (node_modules/@storybook/core/dist/babel/index.cjs:142671:61)
      at Nv.parseObjPropValue (node_modules/@storybook/core/dist/babel/index.cjs:141367:49)
      at Nv.parsePropertyDefinition (node_modules/@storybook/core/dist/babel/index.cjs:142632:19)
      at Nv.parseObjectLike (node_modules/@storybook/core/dist/babel/index.cjs:142596:57)
      at Nv.parseExprAtom (node_modules/@storybook/core/dist/babel/index.cjs:142302:23)
      at Nv.parseExprAtom (node_modules/@storybook/core/dist/babel/index.cjs:139667:45)
      at Nv.parseExprSubscripts (node_modules/@storybook/core/dist/babel/index.cjs:142149:78)
      at Nv.parseUpdate (node_modules/@storybook/core/dist/babel/index.cjs:142139:45)
      at Nv.parseMaybeUnary (node_modules/@storybook/core/dist/babel/index.cjs:142124:20)
      at Nv.parseMaybeUnary (node_modules/@storybook/core/dist/babel/index.cjs:141419:93)
      at Nv.parseMaybeUnaryOrPrivate (node_modules/@storybook/core/dist/babel/index.cjs:142032:63)
      at Nv.parseExprOps (node_modules/@storybook/core/dist/babel/index.cjs:142035:78)
      at Nv.parseMaybeConditional (node_modules/@storybook/core/dist/babel/index.cjs:142020:78)
      at Nv.parseMaybeAssign (node_modules/@storybook/core/dist/babel/index.cjs:142004:20)
      at Nv.parseMaybeAssign (node_modules/@storybook/core/dist/babel/index.cjs:141392:22)
      at node_modules/@storybook/core/dist/babel/index.cjs:141986:41
      at Nv.allowInAnd (node_modules/@storybook/core/dist/babel/index.cjs:142978:14)
      at Nv.parseMaybeAssignAllowIn (node_modules/@storybook/core/dist/babel/index.cjs:141986:19)
      at Nv.parseObjectProperty (node_modules/@storybook/core/dist/babel/index.cjs:142656:81)
      at Nv.parseObjPropValue (node_modules/@storybook/core/dist/babel/index.cjs:142671:61)
      at Nv.parseObjPropValue (node_modules/@storybook/core/dist/babel/index.cjs:141367:49)
      at Nv.parsePropertyDefinition (node_modules/@storybook/core/dist/babel/index.cjs:142632:19)
      at Nv.parseObjectLike (node_modules/@storybook/core/dist/babel/index.cjs:142596:57)
      at Nv.parseExprAtom (node_modules/@storybook/core/dist/babel/index.cjs:142302:23)
      at Nv.parseExprAtom (node_modules/@storybook/core/dist/babel/index.cjs:139667:45)
      at Nv.parseExprSubscripts (node_modules/@storybook/core/dist/babel/index.cjs:142149:78)
      at Nv.parseUpdate (node_modules/@storybook/core/dist/babel/index.cjs:142139:45)
      at Nv.parseMaybeUnary (node_modules/@storybook/core/dist/babel/index.cjs:142124:20)
      at Nv.parseMaybeUnary (node_modules/@storybook/core/dist/babel/index.cjs:141419:93)
      at Nv.parseMaybeUnaryOrPrivate (node_modules/@storybook/core/dist/babel/index.cjs:142032:63)
      at Nv.parseExprOps (node_modules/@storybook/core/dist/babel/index.cjs:142035:78)
      at Nv.parseMaybeConditional (node_modules/@storybook/core/dist/babel/index.cjs:142020:78)
      at Nv.parseMaybeAssign (node_modules/@storybook/core/dist/babel/index.cjs:142004:20)
      at Nv.parseMaybeAssign (node_modules/@storybook/core/dist/babel/index.cjs:141392:22)
      at node_modules/@storybook/core/dist/babel/index.cjs:141986:41
      at Nv.allowInAnd (node_modules/@storybook/core/dist/babel/index.cjs:142978:14)
      at Nv.parseMaybeAssignAllowIn (node_modules/@storybook/core/dist/babel/index.cjs:141986:19)
      at Nv.parseObjectProperty (node_modules/@storybook/core/dist/babel/index.cjs:142656:81)
      at Nv.parseObjPropValue (node_modules/@storybook/core/dist/babel/index.cjs:142671:61)
      If you are in development, this likely indicates a problem with your Storybook process,
      check the terminal for errors.
      If you are in a deployed Storybook, there may have been an issue deploying the full Storybook
      build.
      at ns2.getStoryIndexFromServer (packages/components/http:/localhost:6007/packages/components/node_modules/.cache/storybook/1c3385a5d25e538d10b518b310c74d3ca2690b6aaffeadccd74da79736171f86/sb-vite/deps/storybook_internal_preview_runtime.js?v=b3da04b4:8624:11)
      at async ns2.initializeWithProjectAnnotations (packages/components/http:/localhost:6007/packages/components/node_modules/.cache/storybook/1c3385a5d25e538d10b518b310c74d3ca2690b6aaffeadccd74da79736171f86/sb-vite/deps/storybook_internal_preview_runtime.js?v=b3da04b4:8606:15)
      at async ns2.initialize (packages/components/http:/localhost:6007/packages/components/node_modules/.cache/storybook/1c3385a5d25e538d10b518b310c74d3ca2690b6aaffeadccd74da79736171f86/sb-vite/deps/storybook_internal_preview_runtime.js?v=b3da04b4:8581:39)

  ● Components/InputField › WithIcons › smoke-test

    thrown: "Exceeded timeout of 30000 ms for a test.
    Add a timeout value to this test to increase the timeout, if this is a long-running test. See https://jestjs.io/docs/api#testname-fn-timeout."

      716 |       
      717 |       <div>
    > 718 |         <h3 style={{ marginBottom: '12px', fontSize: '14px', fontWeight: 600 }}>6. Non-editable (Read-only)</h3>
          |             ^
      719 |         <InputField
      720 |           label="Label"
      721 |           value="System-filled value"

      at packages/components/src/InputField/InputField.stories.tsx:718:13
      at packages/components/src/InputField/InputField.stories.tsx:717:9
      at Object.<anonymous> (packages/components/src/InputField/InputField.stories.tsx:128:5)

  ● Components/InputField › RequiredFields › smoke-test

    SB_PREVIEW_API_0006 (StoryIndexFetchError): Error fetching `/index.json`:

    Unable to index ./src/Table/EnhancedTable.stories.tsx:
      SyntaxError: Expecting Unicode escape sequence \uXXXX. (1467:15)

      at constructor (node_modules/@storybook/core/dist/babel/index.cjs:134900:15)
      at Nv.raise (node_modules/@storybook/core/dist/babel/index.cjs:137217:54)
      at Nv.readWord1 (node_modules/@storybook/core/dist/babel/index.cjs:137193:18)
      at Nv.readWord (node_modules/@storybook/core/dist/babel/index.cjs:137205:20)
      at Nv.getTokenFromCode (node_modules/@storybook/core/dist/babel/index.cjs:137028:16)
      at Nv.getTokenFromCode (node_modules/@storybook/core/dist/babel/index.cjs:139696:13)
      at Nv.getTokenFromCode (node_modules/@storybook/core/dist/babel/index.cjs:141547:13)
      at Nv.nextToken (node_modules/@storybook/core/dist/babel/index.cjs:136654:12)
      at Nv.next (node_modules/@storybook/core/dist/babel/index.cjs:136586:62)
      at Nv.eat (node_modules/@storybook/core/dist/babel/index.cjs:136589:36)
      at Nv.parseObjectProperty (node_modules/@storybook/core/dist/babel/index.cjs:142655:34)
      at Nv.parseObjPropValue (node_modules/@storybook/core/dist/babel/index.cjs:142671:61)
      at Nv.parseObjPropValue (node_modules/@storybook/core/dist/babel/index.cjs:141367:49)
      at Nv.parsePropertyDefinition (node_modules/@storybook/core/dist/babel/index.cjs:142632:19)
      at Nv.parseObjectLike (node_modules/@storybook/core/dist/babel/index.cjs:142596:57)
      at Nv.parseExprAtom (node_modules/@storybook/core/dist/babel/index.cjs:142302:23)
      at Nv.parseExprAtom (node_modules/@storybook/core/dist/babel/index.cjs:139667:45)
      at Nv.parseExprSubscripts (node_modules/@storybook/core/dist/babel/index.cjs:142149:78)
      at Nv.parseUpdate (node_modules/@storybook/core/dist/babel/index.cjs:142139:45)
      at Nv.parseMaybeUnary (node_modules/@storybook/core/dist/babel/index.cjs:142124:20)
      at Nv.parseMaybeUnary (node_modules/@storybook/core/dist/babel/index.cjs:141419:93)
      at Nv.parseMaybeUnaryOrPrivate (node_modules/@storybook/core/dist/babel/index.cjs:142032:63)
      at Nv.parseExprOps (node_modules/@storybook/core/dist/babel/index.cjs:142035:78)
      at Nv.parseMaybeConditional (node_modules/@storybook/core/dist/babel/index.cjs:142020:78)
      at Nv.parseMaybeAssign (node_modules/@storybook/core/dist/babel/index.cjs:142004:20)
      at Nv.parseMaybeAssign (node_modules/@storybook/core/dist/babel/index.cjs:141392:22)
      at node_modules/@storybook/core/dist/babel/index.cjs:141986:41
      at Nv.allowInAnd (node_modules/@storybook/core/dist/babel/index.cjs:142978:14)
      at Nv.parseMaybeAssignAllowIn (node_modules/@storybook/core/dist/babel/index.cjs:141986:19)
      at Nv.parseObjectProperty (node_modules/@storybook/core/dist/babel/index.cjs:142656:81)
      at Nv.parseObjPropValue (node_modules/@storybook/core/dist/babel/index.cjs:142671:61)
      at Nv.parseObjPropValue (node_modules/@storybook/core/dist/babel/index.cjs:141367:49)
      at Nv.parsePropertyDefinition (node_modules/@storybook/core/dist/babel/index.cjs:142632:19)
      at Nv.parseObjectLike (node_modules/@storybook/core/dist/babel/index.cjs:142596:57)
      at Nv.parseExprAtom (node_modules/@storybook/core/dist/babel/index.cjs:142302:23)
      at Nv.parseExprAtom (node_modules/@storybook/core/dist/babel/index.cjs:139667:45)
      at Nv.parseExprSubscripts (node_modules/@storybook/core/dist/babel/index.cjs:142149:78)
      at Nv.parseUpdate (node_modules/@storybook/core/dist/babel/index.cjs:142139:45)
      at Nv.parseMaybeUnary (node_modules/@storybook/core/dist/babel/index.cjs:142124:20)
      at Nv.parseMaybeUnary (node_modules/@storybook/core/dist/babel/index.cjs:141419:93)
      at Nv.parseMaybeUnaryOrPrivate (node_modules/@storybook/core/dist/babel/index.cjs:142032:63)
      at Nv.parseExprOps (node_modules/@storybook/core/dist/babel/index.cjs:142035:78)
      at Nv.parseMaybeConditional (node_modules/@storybook/core/dist/babel/index.cjs:142020:78)
      at Nv.parseMaybeAssign (node_modules/@storybook/core/dist/babel/index.cjs:142004:20)
      at Nv.parseMaybeAssign (node_modules/@storybook/core/dist/babel/index.cjs:141392:22)
      at node_modules/@storybook/core/dist/babel/index.cjs:141986:41
      at Nv.allowInAnd (node_modules/@storybook/core/dist/babel/index.cjs:142978:14)
      at Nv.parseMaybeAssignAllowIn (node_modules/@storybook/core/dist/babel/index.cjs:141986:19)
      at Nv.parseObjectProperty (node_modules/@storybook/core/dist/babel/index.cjs:142656:81)
      at Nv.parseObjPropValue (node_modules/@storybook/core/dist/babel/index.cjs:142671:61)
      If you are in development, this likely indicates a problem with your Storybook process,
      check the terminal for errors.
      If you are in a deployed Storybook, there may have been an issue deploying the full Storybook
      build.
      at constructor (node_modules/@storybook/core/dist/babel/index.cjs:134900:15)
      at Nv.raise (node_modules/@storybook/core/dist/babel/index.cjs:137217:54)
      at Nv.readWord1 (node_modules/@storybook/core/dist/babel/index.cjs:137193:18)
      at Nv.readWord (node_modules/@storybook/core/dist/babel/index.cjs:137205:20)
      at Nv.getTokenFromCode (node_modules/@storybook/core/dist/babel/index.cjs:137028:16)
      at Nv.getTokenFromCode (node_modules/@storybook/core/dist/babel/index.cjs:139696:13)
      at Nv.getTokenFromCode (node_modules/@storybook/core/dist/babel/index.cjs:141547:13)
      at Nv.nextToken (node_modules/@storybook/core/dist/babel/index.cjs:136654:12)
      at Nv.next (node_modules/@storybook/core/dist/babel/index.cjs:136586:62)
      at Nv.eat (node_modules/@storybook/core/dist/babel/index.cjs:136589:36)
      at Nv.parseObjectProperty (node_modules/@storybook/core/dist/babel/index.cjs:142655:34)
      at Nv.parseObjPropValue (node_modules/@storybook/core/dist/babel/index.cjs:142671:61)
      at Nv.parseObjPropValue (node_modules/@storybook/core/dist/babel/index.cjs:141367:49)
      at Nv.parsePropertyDefinition (node_modules/@storybook/core/dist/babel/index.cjs:142632:19)
      at Nv.parseObjectLike (node_modules/@storybook/core/dist/babel/index.cjs:142596:57)
      at Nv.parseExprAtom (node_modules/@storybook/core/dist/babel/index.cjs:142302:23)
      at Nv.parseExprAtom (node_modules/@storybook/core/dist/babel/index.cjs:139667:45)
      at Nv.parseExprSubscripts (node_modules/@storybook/core/dist/babel/index.cjs:142149:78)
      at Nv.parseUpdate (node_modules/@storybook/core/dist/babel/index.cjs:142139:45)
      at Nv.parseMaybeUnary (node_modules/@storybook/core/dist/babel/index.cjs:142124:20)
      at Nv.parseMaybeUnary (node_modules/@storybook/core/dist/babel/index.cjs:141419:93)
      at Nv.parseMaybeUnaryOrPrivate (node_modules/@storybook/core/dist/babel/index.cjs:142032:63)
      at Nv.parseExprOps (node_modules/@storybook/core/dist/babel/index.cjs:142035:78)
      at Nv.parseMaybeConditional (node_modules/@storybook/core/dist/babel/index.cjs:142020:78)
      at Nv.parseMaybeAssign (node_modules/@storybook/core/dist/babel/index.cjs:142004:20)
      at Nv.parseMaybeAssign (node_modules/@storybook/core/dist/babel/index.cjs:141392:22)
      at node_modules/@storybook/core/dist/babel/index.cjs:141986:41
      at Nv.allowInAnd (node_modules/@storybook/core/dist/babel/index.cjs:142978:14)
      at Nv.parseMaybeAssignAllowIn (node_modules/@storybook/core/dist/babel/index.cjs:141986:19)
      at Nv.parseObjectProperty (node_modules/@storybook/core/dist/babel/index.cjs:142656:81)
      at Nv.parseObjPropValue (node_modules/@storybook/core/dist/babel/index.cjs:142671:61)
      at Nv.parseObjPropValue (node_modules/@storybook/core/dist/babel/index.cjs:141367:49)
      at Nv.parsePropertyDefinition (node_modules/@storybook/core/dist/babel/index.cjs:142632:19)
      at Nv.parseObjectLike (node_modules/@storybook/core/dist/babel/index.cjs:142596:57)
      at Nv.parseExprAtom (node_modules/@storybook/core/dist/babel/index.cjs:142302:23)
      at Nv.parseExprAtom (node_modules/@storybook/core/dist/babel/index.cjs:139667:45)
      at Nv.parseExprSubscripts (node_modules/@storybook/core/dist/babel/index.cjs:142149:78)
      at Nv.parseUpdate (node_modules/@storybook/core/dist/babel/index.cjs:142139:45)
      at Nv.parseMaybeUnary (node_modules/@storybook/core/dist/babel/index.cjs:142124:20)
      at Nv.parseMaybeUnary (node_modules/@storybook/core/dist/babel/index.cjs:141419:93)
      at Nv.parseMaybeUnaryOrPrivate (node_modules/@storybook/core/dist/babel/index.cjs:142032:63)
      at Nv.parseExprOps (node_modules/@storybook/core/dist/babel/index.cjs:142035:78)
      at Nv.parseMaybeConditional (node_modules/@storybook/core/dist/babel/index.cjs:142020:78)
      at Nv.parseMaybeAssign (node_modules/@storybook/core/dist/babel/index.cjs:142004:20)
      at Nv.parseMaybeAssign (node_modules/@storybook/core/dist/babel/index.cjs:141392:22)
      at node_modules/@storybook/core/dist/babel/index.cjs:141986:41
      at Nv.allowInAnd (node_modules/@storybook/core/dist/babel/index.cjs:142978:14)
      at Nv.parseMaybeAssignAllowIn (node_modules/@storybook/core/dist/babel/index.cjs:141986:19)
      at Nv.parseObjectProperty (node_modules/@storybook/core/dist/babel/index.cjs:142656:81)
      at Nv.parseObjPropValue (node_modules/@storybook/core/dist/babel/index.cjs:142671:61)
      If you are in development, this likely indicates a problem with your Storybook process,
      check the terminal for errors.
      If you are in a deployed Storybook, there may have been an issue deploying the full Storybook
      build.
      at ns2.getStoryIndexFromServer (packages/components/http:/localhost:6007/packages/components/node_modules/.cache/storybook/1c3385a5d25e538d10b518b310c74d3ca2690b6aaffeadccd74da79736171f86/sb-vite/deps/storybook_internal_preview_runtime.js?v=b3da04b4:8624:11)
      at async ns2.initializeWithProjectAnnotations (packages/components/http:/localhost:6007/packages/components/node_modules/.cache/storybook/1c3385a5d25e538d10b518b310c74d3ca2690b6aaffeadccd74da79736171f86/sb-vite/deps/storybook_internal_preview_runtime.js?v=b3da04b4:8606:15)
      at async ns2.initialize (packages/components/http:/localhost:6007/packages/components/node_modules/.cache/storybook/1c3385a5d25e538d10b518b310c74d3ca2690b6aaffeadccd74da79736171f86/sb-vite/deps/storybook_internal_preview_runtime.js?v=b3da04b4:8581:39)

  ● Components/InputField › RequiredFields › smoke-test

    thrown: "Exceeded timeout of 30000 ms for a test.
    Add a timeout value to this test to increase the timeout, if this is a long-running test. See https://jestjs.io/docs/api#testname-fn-timeout."

      863 | - Value can be selected and copied
      864 |
    > 865 | ---
          |    ^
      866 |
      867 | ## State Comparison Table
      868 |

      at packages/components/src/InputField/InputField.stories.tsx:865:13
      at packages/components/src/InputField/InputField.stories.tsx:864:9
      at Object.<anonymous> (packages/components/src/InputField/InputField.stories.tsx:128:5)

  ● Components/InputField › HelpingTextStates › smoke-test

    SB_PREVIEW_API_0006 (StoryIndexFetchError): Error fetching `/index.json`:

    Unable to index ./src/Table/EnhancedTable.stories.tsx:
      SyntaxError: Expecting Unicode escape sequence \uXXXX. (1467:15)

      at constructor (node_modules/@storybook/core/dist/babel/index.cjs:134900:15)
      at Nv.raise (node_modules/@storybook/core/dist/babel/index.cjs:137217:54)
      at Nv.readWord1 (node_modules/@storybook/core/dist/babel/index.cjs:137193:18)
      at Nv.readWord (node_modules/@storybook/core/dist/babel/index.cjs:137205:20)
      at Nv.getTokenFromCode (node_modules/@storybook/core/dist/babel/index.cjs:137028:16)
      at Nv.getTokenFromCode (node_modules/@storybook/core/dist/babel/index.cjs:139696:13)
      at Nv.getTokenFromCode (node_modules/@storybook/core/dist/babel/index.cjs:141547:13)
      at Nv.nextToken (node_modules/@storybook/core/dist/babel/index.cjs:136654:12)
      at Nv.next (node_modules/@storybook/core/dist/babel/index.cjs:136586:62)
      at Nv.eat (node_modules/@storybook/core/dist/babel/index.cjs:136589:36)
      at Nv.parseObjectProperty (node_modules/@storybook/core/dist/babel/index.cjs:142655:34)
      at Nv.parseObjPropValue (node_modules/@storybook/core/dist/babel/index.cjs:142671:61)
      at Nv.parseObjPropValue (node_modules/@storybook/core/dist/babel/index.cjs:141367:49)
      at Nv.parsePropertyDefinition (node_modules/@storybook/core/dist/babel/index.cjs:142632:19)
      at Nv.parseObjectLike (node_modules/@storybook/core/dist/babel/index.cjs:142596:57)
      at Nv.parseExprAtom (node_modules/@storybook/core/dist/babel/index.cjs:142302:23)
      at Nv.parseExprAtom (node_modules/@storybook/core/dist/babel/index.cjs:139667:45)
      at Nv.parseExprSubscripts (node_modules/@storybook/core/dist/babel/index.cjs:142149:78)
      at Nv.parseUpdate (node_modules/@storybook/core/dist/babel/index.cjs:142139:45)
      at Nv.parseMaybeUnary (node_modules/@storybook/core/dist/babel/index.cjs:142124:20)
      at Nv.parseMaybeUnary (node_modules/@storybook/core/dist/babel/index.cjs:141419:93)
      at Nv.parseMaybeUnaryOrPrivate (node_modules/@storybook/core/dist/babel/index.cjs:142032:63)
      at Nv.parseExprOps (node_modules/@storybook/core/dist/babel/index.cjs:142035:78)
      at Nv.parseMaybeConditional (node_modules/@storybook/core/dist/babel/index.cjs:142020:78)
      at Nv.parseMaybeAssign (node_modules/@storybook/core/dist/babel/index.cjs:142004:20)
      at Nv.parseMaybeAssign (node_modules/@storybook/core/dist/babel/index.cjs:141392:22)
      at node_modules/@storybook/core/dist/babel/index.cjs:141986:41
      at Nv.allowInAnd (node_modules/@storybook/core/dist/babel/index.cjs:142978:14)
      at Nv.parseMaybeAssignAllowIn (node_modules/@storybook/core/dist/babel/index.cjs:141986:19)
      at Nv.parseObjectProperty (node_modules/@storybook/core/dist/babel/index.cjs:142656:81)
      at Nv.parseObjPropValue (node_modules/@storybook/core/dist/babel/index.cjs:142671:61)
      at Nv.parseObjPropValue (node_modules/@storybook/core/dist/babel/index.cjs:141367:49)
      at Nv.parsePropertyDefinition (node_modules/@storybook/core/dist/babel/index.cjs:142632:19)
      at Nv.parseObjectLike (node_modules/@storybook/core/dist/babel/index.cjs:142596:57)
      at Nv.parseExprAtom (node_modules/@storybook/core/dist/babel/index.cjs:142302:23)
      at Nv.parseExprAtom (node_modules/@storybook/core/dist/babel/index.cjs:139667:45)
      at Nv.parseExprSubscripts (node_modules/@storybook/core/dist/babel/index.cjs:142149:78)
      at Nv.parseUpdate (node_modules/@storybook/core/dist/babel/index.cjs:142139:45)
      at Nv.parseMaybeUnary (node_modules/@storybook/core/dist/babel/index.cjs:142124:20)
      at Nv.parseMaybeUnary (node_modules/@storybook/core/dist/babel/index.cjs:141419:93)
      at Nv.parseMaybeUnaryOrPrivate (node_modules/@storybook/core/dist/babel/index.cjs:142032:63)
      at Nv.parseExprOps (node_modules/@storybook/core/dist/babel/index.cjs:142035:78)
      at Nv.parseMaybeConditional (node_modules/@storybook/core/dist/babel/index.cjs:142020:78)
      at Nv.parseMaybeAssign (node_modules/@storybook/core/dist/babel/index.cjs:142004:20)
      at Nv.parseMaybeAssign (node_modules/@storybook/core/dist/babel/index.cjs:141392:22)
      at node_modules/@storybook/core/dist/babel/index.cjs:141986:41
      at Nv.allowInAnd (node_modules/@storybook/core/dist/babel/index.cjs:142978:14)
      at Nv.parseMaybeAssignAllowIn (node_modules/@storybook/core/dist/babel/index.cjs:141986:19)
      at Nv.parseObjectProperty (node_modules/@storybook/core/dist/babel/index.cjs:142656:81)
      at Nv.parseObjPropValue (node_modules/@storybook/core/dist/babel/index.cjs:142671:61)
      If you are in development, this likely indicates a problem with your Storybook process,
      check the terminal for errors.
      If you are in a deployed Storybook, there may have been an issue deploying the full Storybook
      build.
      at constructor (node_modules/@storybook/core/dist/babel/index.cjs:134900:15)
      at Nv.raise (node_modules/@storybook/core/dist/babel/index.cjs:137217:54)
      at Nv.readWord1 (node_modules/@storybook/core/dist/babel/index.cjs:137193:18)
      at Nv.readWord (node_modules/@storybook/core/dist/babel/index.cjs:137205:20)
      at Nv.getTokenFromCode (node_modules/@storybook/core/dist/babel/index.cjs:137028:16)
      at Nv.getTokenFromCode (node_modules/@storybook/core/dist/babel/index.cjs:139696:13)
      at Nv.getTokenFromCode (node_modules/@storybook/core/dist/babel/index.cjs:141547:13)
      at Nv.nextToken (node_modules/@storybook/core/dist/babel/index.cjs:136654:12)
      at Nv.next (node_modules/@storybook/core/dist/babel/index.cjs:136586:62)
      at Nv.eat (node_modules/@storybook/core/dist/babel/index.cjs:136589:36)
      at Nv.parseObjectProperty (node_modules/@storybook/core/dist/babel/index.cjs:142655:34)
      at Nv.parseObjPropValue (node_modules/@storybook/core/dist/babel/index.cjs:142671:61)
      at Nv.parseObjPropValue (node_modules/@storybook/core/dist/babel/index.cjs:141367:49)
      at Nv.parsePropertyDefinition (node_modules/@storybook/core/dist/babel/index.cjs:142632:19)
      at Nv.parseObjectLike (node_modules/@storybook/core/dist/babel/index.cjs:142596:57)
      at Nv.parseExprAtom (node_modules/@storybook/core/dist/babel/index.cjs:142302:23)
      at Nv.parseExprAtom (node_modules/@storybook/core/dist/babel/index.cjs:139667:45)
      at Nv.parseExprSubscripts (node_modules/@storybook/core/dist/babel/index.cjs:142149:78)
      at Nv.parseUpdate (node_modules/@storybook/core/dist/babel/index.cjs:142139:45)
      at Nv.parseMaybeUnary (node_modules/@storybook/core/dist/babel/index.cjs:142124:20)
      at Nv.parseMaybeUnary (node_modules/@storybook/core/dist/babel/index.cjs:141419:93)
      at Nv.parseMaybeUnaryOrPrivate (node_modules/@storybook/core/dist/babel/index.cjs:142032:63)
      at Nv.parseExprOps (node_modules/@storybook/core/dist/babel/index.cjs:142035:78)
      at Nv.parseMaybeConditional (node_modules/@storybook/core/dist/babel/index.cjs:142020:78)
      at Nv.parseMaybeAssign (node_modules/@storybook/core/dist/babel/index.cjs:142004:20)
      at Nv.parseMaybeAssign (node_modules/@storybook/core/dist/babel/index.cjs:141392:22)
      at node_modules/@storybook/core/dist/babel/index.cjs:141986:41
      at Nv.allowInAnd (node_modules/@storybook/core/dist/babel/index.cjs:142978:14)
      at Nv.parseMaybeAssignAllowIn (node_modules/@storybook/core/dist/babel/index.cjs:141986:19)
      at Nv.parseObjectProperty (node_modules/@storybook/core/dist/babel/index.cjs:142656:81)
      at Nv.parseObjPropValue (node_modules/@storybook/core/dist/babel/index.cjs:142671:61)
      at Nv.parseObjPropValue (node_modules/@storybook/core/dist/babel/index.cjs:141367:49)
      at Nv.parsePropertyDefinition (node_modules/@storybook/core/dist/babel/index.cjs:142632:19)
      at Nv.parseObjectLike (node_modules/@storybook/core/dist/babel/index.cjs:142596:57)
      at Nv.parseExprAtom (node_modules/@storybook/core/dist/babel/index.cjs:142302:23)
      at Nv.parseExprAtom (node_modules/@storybook/core/dist/babel/index.cjs:139667:45)
      at Nv.parseExprSubscripts (node_modules/@storybook/core/dist/babel/index.cjs:142149:78)
      at Nv.parseUpdate (node_modules/@storybook/core/dist/babel/index.cjs:142139:45)
      at Nv.parseMaybeUnary (node_modules/@storybook/core/dist/babel/index.cjs:142124:20)
      at Nv.parseMaybeUnary (node_modules/@storybook/core/dist/babel/index.cjs:141419:93)
      at Nv.parseMaybeUnaryOrPrivate (node_modules/@storybook/core/dist/babel/index.cjs:142032:63)
      at Nv.parseExprOps (node_modules/@storybook/core/dist/babel/index.cjs:142035:78)
      at Nv.parseMaybeConditional (node_modules/@storybook/core/dist/babel/index.cjs:142020:78)
      at Nv.parseMaybeAssign (node_modules/@storybook/core/dist/babel/index.cjs:142004:20)
      at Nv.parseMaybeAssign (node_modules/@storybook/core/dist/babel/index.cjs:141392:22)
      at node_modules/@storybook/core/dist/babel/index.cjs:141986:41
      at Nv.allowInAnd (node_modules/@storybook/core/dist/babel/index.cjs:142978:14)
      at Nv.parseMaybeAssignAllowIn (node_modules/@storybook/core/dist/babel/index.cjs:141986:19)
      at Nv.parseObjectProperty (node_modules/@storybook/core/dist/babel/index.cjs:142656:81)
      at Nv.parseObjPropValue (node_modules/@storybook/core/dist/babel/index.cjs:142671:61)
      If you are in development, this likely indicates a problem with your Storybook process,
      check the terminal for errors.
      If you are in a deployed Storybook, there may have been an issue deploying the full Storybook
      build.
      at ns2.getStoryIndexFromServer (packages/components/http:/localhost:6007/packages/components/node_modules/.cache/storybook/1c3385a5d25e538d10b518b310c74d3ca2690b6aaffeadccd74da79736171f86/sb-vite/deps/storybook_internal_preview_runtime.js?v=b3da04b4:8624:11)
      at async ns2.initializeWithProjectAnnotations (packages/components/http:/localhost:6007/packages/components/node_modules/.cache/storybook/1c3385a5d25e538d10b518b310c74d3ca2690b6aaffeadccd74da79736171f86/sb-vite/deps/storybook_internal_preview_runtime.js?v=b3da04b4:8606:15)
      at async ns2.initialize (packages/components/http:/localhost:6007/packages/components/node_modules/.cache/storybook/1c3385a5d25e538d10b518b310c74d3ca2690b6aaffeadccd74da79736171f86/sb-vite/deps/storybook_internal_preview_runtime.js?v=b3da04b4:8581:39)

  ● Components/InputField › HelpingTextStates › smoke-test

    thrown: "Exceeded timeout of 30000 ms for a test.
    Add a timeout value to this test to increase the timeout, if this is a long-running test. See https://jestjs.io/docs/api#testname-fn-timeout."

      1010 |           emptyMessage="No recent items available"
      1011 |         />
    > 1012 |       </div>
           |             ^
      1013 |     </div>
      1014 |   ),
      1015 |   parameters: {

      at packages/components/src/InputField/InputField.stories.tsx:1012:13
      at packages/components/src/InputField/InputField.stories.tsx:1011:9
      at Object.<anonymous> (packages/components/src/InputField/InputField.stories.tsx:128:5)

  ● Components/InputField › FullWidthLayout › smoke-test

    SB_PREVIEW_API_0006 (StoryIndexFetchError): Error fetching `/index.json`:

    Unable to index ./src/Table/EnhancedTable.stories.tsx:
      SyntaxError: Expecting Unicode escape sequence \uXXXX. (1467:15)

      at constructor (node_modules/@storybook/core/dist/babel/index.cjs:134900:15)
      at Nv.raise (node_modules/@storybook/core/dist/babel/index.cjs:137217:54)
      at Nv.readWord1 (node_modules/@storybook/core/dist/babel/index.cjs:137193:18)
      at Nv.readWord (node_modules/@storybook/core/dist/babel/index.cjs:137205:20)
      at Nv.getTokenFromCode (node_modules/@storybook/core/dist/babel/index.cjs:137028:16)
      at Nv.getTokenFromCode (node_modules/@storybook/core/dist/babel/index.cjs:139696:13)
      at Nv.getTokenFromCode (node_modules/@storybook/core/dist/babel/index.cjs:141547:13)
      at Nv.nextToken (node_modules/@storybook/core/dist/babel/index.cjs:136654:12)
      at Nv.next (node_modules/@storybook/core/dist/babel/index.cjs:136586:62)
      at Nv.eat (node_modules/@storybook/core/dist/babel/index.cjs:136589:36)
      at Nv.parseObjectProperty (node_modules/@storybook/core/dist/babel/index.cjs:142655:34)
      at Nv.parseObjPropValue (node_modules/@storybook/core/dist/babel/index.cjs:142671:61)
      at Nv.parseObjPropValue (node_modules/@storybook/core/dist/babel/index.cjs:141367:49)
      at Nv.parsePropertyDefinition (node_modules/@storybook/core/dist/babel/index.cjs:142632:19)
      at Nv.parseObjectLike (node_modules/@storybook/core/dist/babel/index.cjs:142596:57)
      at Nv.parseExprAtom (node_modules/@storybook/core/dist/babel/index.cjs:142302:23)
      at Nv.parseExprAtom (node_modules/@storybook/core/dist/babel/index.cjs:139667:45)
      at Nv.parseExprSubscripts (node_modules/@storybook/core/dist/babel/index.cjs:142149:78)
      at Nv.parseUpdate (node_modules/@storybook/core/dist/babel/index.cjs:142139:45)
      at Nv.parseMaybeUnary (node_modules/@storybook/core/dist/babel/index.cjs:142124:20)
      at Nv.parseMaybeUnary (node_modules/@storybook/core/dist/babel/index.cjs:141419:93)
      at Nv.parseMaybeUnaryOrPrivate (node_modules/@storybook/core/dist/babel/index.cjs:142032:63)
      at Nv.parseExprOps (node_modules/@storybook/core/dist/babel/index.cjs:142035:78)
      at Nv.parseMaybeConditional (node_modules/@storybook/core/dist/babel/index.cjs:142020:78)
      at Nv.parseMaybeAssign (node_modules/@storybook/core/dist/babel/index.cjs:142004:20)
      at Nv.parseMaybeAssign (node_modules/@storybook/core/dist/babel/index.cjs:141392:22)
      at node_modules/@storybook/core/dist/babel/index.cjs:141986:41
      at Nv.allowInAnd (node_modules/@storybook/core/dist/babel/index.cjs:142978:14)
      at Nv.parseMaybeAssignAllowIn (node_modules/@storybook/core/dist/babel/index.cjs:141986:19)
      at Nv.parseObjectProperty (node_modules/@storybook/core/dist/babel/index.cjs:142656:81)
      at Nv.parseObjPropValue (node_modules/@storybook/core/dist/babel/index.cjs:142671:61)
      at Nv.parseObjPropValue (node_modules/@storybook/core/dist/babel/index.cjs:141367:49)
      at Nv.parsePropertyDefinition (node_modules/@storybook/core/dist/babel/index.cjs:142632:19)
      at Nv.parseObjectLike (node_modules/@storybook/core/dist/babel/index.cjs:142596:57)
      at Nv.parseExprAtom (node_modules/@storybook/core/dist/babel/index.cjs:142302:23)
      at Nv.parseExprAtom (node_modules/@storybook/core/dist/babel/index.cjs:139667:45)
      at Nv.parseExprSubscripts (node_modules/@storybook/core/dist/babel/index.cjs:142149:78)
      at Nv.parseUpdate (node_modules/@storybook/core/dist/babel/index.cjs:142139:45)
      at Nv.parseMaybeUnary (node_modules/@storybook/core/dist/babel/index.cjs:142124:20)
      at Nv.parseMaybeUnary (node_modules/@storybook/core/dist/babel/index.cjs:141419:93)
      at Nv.parseMaybeUnaryOrPrivate (node_modules/@storybook/core/dist/babel/index.cjs:142032:63)
      at Nv.parseExprOps (node_modules/@storybook/core/dist/babel/index.cjs:142035:78)
      at Nv.parseMaybeConditional (node_modules/@storybook/core/dist/babel/index.cjs:142020:78)
      at Nv.parseMaybeAssign (node_modules/@storybook/core/dist/babel/index.cjs:142004:20)
      at Nv.parseMaybeAssign (node_modules/@storybook/core/dist/babel/index.cjs:141392:22)
      at node_modules/@storybook/core/dist/babel/index.cjs:141986:41
      at Nv.allowInAnd (node_modules/@storybook/core/dist/babel/index.cjs:142978:14)
      at Nv.parseMaybeAssignAllowIn (node_modules/@storybook/core/dist/babel/index.cjs:141986:19)
      at Nv.parseObjectProperty (node_modules/@storybook/core/dist/babel/index.cjs:142656:81)
      at Nv.parseObjPropValue (node_modules/@storybook/core/dist/babel/index.cjs:142671:61)
      If you are in development, this likely indicates a problem with your Storybook process,
      check the terminal for errors.
      If you are in a deployed Storybook, there may have been an issue deploying the full Storybook
      build.
      at constructor (node_modules/@storybook/core/dist/babel/index.cjs:134900:15)
      at Nv.raise (node_modules/@storybook/core/dist/babel/index.cjs:137217:54)
      at Nv.readWord1 (node_modules/@storybook/core/dist/babel/index.cjs:137193:18)
      at Nv.readWord (node_modules/@storybook/core/dist/babel/index.cjs:137205:20)
      at Nv.getTokenFromCode (node_modules/@storybook/core/dist/babel/index.cjs:137028:16)
      at Nv.getTokenFromCode (node_modules/@storybook/core/dist/babel/index.cjs:139696:13)
      at Nv.getTokenFromCode (node_modules/@storybook/core/dist/babel/index.cjs:141547:13)
      at Nv.nextToken (node_modules/@storybook/core/dist/babel/index.cjs:136654:12)
      at Nv.next (node_modules/@storybook/core/dist/babel/index.cjs:136586:62)
      at Nv.eat (node_modules/@storybook/core/dist/babel/index.cjs:136589:36)
      at Nv.parseObjectProperty (node_modules/@storybook/core/dist/babel/index.cjs:142655:34)
      at Nv.parseObjPropValue (node_modules/@storybook/core/dist/babel/index.cjs:142671:61)
      at Nv.parseObjPropValue (node_modules/@storybook/core/dist/babel/index.cjs:141367:49)
      at Nv.parsePropertyDefinition (node_modules/@storybook/core/dist/babel/index.cjs:142632:19)
      at Nv.parseObjectLike (node_modules/@storybook/core/dist/babel/index.cjs:142596:57)
      at Nv.parseExprAtom (node_modules/@storybook/core/dist/babel/index.cjs:142302:23)
      at Nv.parseExprAtom (node_modules/@storybook/core/dist/babel/index.cjs:139667:45)
      at Nv.parseExprSubscripts (node_modules/@storybook/core/dist/babel/index.cjs:142149:78)
      at Nv.parseUpdate (node_modules/@storybook/core/dist/babel/index.cjs:142139:45)
      at Nv.parseMaybeUnary (node_modules/@storybook/core/dist/babel/index.cjs:142124:20)
      at Nv.parseMaybeUnary (node_modules/@storybook/core/dist/babel/index.cjs:141419:93)
      at Nv.parseMaybeUnaryOrPrivate (node_modules/@storybook/core/dist/babel/index.cjs:142032:63)
      at Nv.parseExprOps (node_modules/@storybook/core/dist/babel/index.cjs:142035:78)
      at Nv.parseMaybeConditional (node_modules/@storybook/core/dist/babel/index.cjs:142020:78)
      at Nv.parseMaybeAssign (node_modules/@storybook/core/dist/babel/index.cjs:142004:20)
      at Nv.parseMaybeAssign (node_modules/@storybook/core/dist/babel/index.cjs:141392:22)
      at node_modules/@storybook/core/dist/babel/index.cjs:141986:41
      at Nv.allowInAnd (node_modules/@storybook/core/dist/babel/index.cjs:142978:14)
      at Nv.parseMaybeAssignAllowIn (node_modules/@storybook/core/dist/babel/index.cjs:141986:19)
      at Nv.parseObjectProperty (node_modules/@storybook/core/dist/babel/index.cjs:142656:81)
      at Nv.parseObjPropValue (node_modules/@storybook/core/dist/babel/index.cjs:142671:61)
      at Nv.parseObjPropValue (node_modules/@storybook/core/dist/babel/index.cjs:141367:49)
      at Nv.parsePropertyDefinition (node_modules/@storybook/core/dist/babel/index.cjs:142632:19)
      at Nv.parseObjectLike (node_modules/@storybook/core/dist/babel/index.cjs:142596:57)
      at Nv.parseExprAtom (node_modules/@storybook/core/dist/babel/index.cjs:142302:23)
      at Nv.parseExprAtom (node_modules/@storybook/core/dist/babel/index.cjs:139667:45)
      at Nv.parseExprSubscripts (node_modules/@storybook/core/dist/babel/index.cjs:142149:78)
      at Nv.parseUpdate (node_modules/@storybook/core/dist/babel/index.cjs:142139:45)
      at Nv.parseMaybeUnary (node_modules/@storybook/core/dist/babel/index.cjs:142124:20)
      at Nv.parseMaybeUnary (node_modules/@storybook/core/dist/babel/index.cjs:141419:93)
      at Nv.parseMaybeUnaryOrPrivate (node_modules/@storybook/core/dist/babel/index.cjs:142032:63)
      at Nv.parseExprOps (node_modules/@storybook/core/dist/babel/index.cjs:142035:78)
      at Nv.parseMaybeConditional (node_modules/@storybook/core/dist/babel/index.cjs:142020:78)
      at Nv.parseMaybeAssign (node_modules/@storybook/core/dist/babel/index.cjs:142004:20)
      at Nv.parseMaybeAssign (node_modules/@storybook/core/dist/babel/index.cjs:141392:22)
      at node_modules/@storybook/core/dist/babel/index.cjs:141986:41
      at Nv.allowInAnd (node_modules/@storybook/core/dist/babel/index.cjs:142978:14)
      at Nv.parseMaybeAssignAllowIn (node_modules/@storybook/core/dist/babel/index.cjs:141986:19)
      at Nv.parseObjectProperty (node_modules/@storybook/core/dist/babel/index.cjs:142656:81)
      at Nv.parseObjPropValue (node_modules/@storybook/core/dist/babel/index.cjs:142671:61)
      If you are in development, this likely indicates a problem with your Storybook process,
      check the terminal for errors.
      If you are in a deployed Storybook, there may have been an issue deploying the full Storybook
      build.
      at ns2.getStoryIndexFromServer (packages/components/http:/localhost:6007/packages/components/node_modules/.cache/storybook/1c3385a5d25e538d10b518b310c74d3ca2690b6aaffeadccd74da79736171f86/sb-vite/deps/storybook_internal_preview_runtime.js?v=b3da04b4:8624:11)
      at async ns2.initializeWithProjectAnnotations (packages/components/http:/localhost:6007/packages/components/node_modules/.cache/storybook/1c3385a5d25e538d10b518b310c74d3ca2690b6aaffeadccd74da79736171f86/sb-vite/deps/storybook_internal_preview_runtime.js?v=b3da04b4:8606:15)
      at async ns2.initialize (packages/components/http:/localhost:6007/packages/components/node_modules/.cache/storybook/1c3385a5d25e538d10b518b310c74d3ca2690b6aaffeadccd74da79736171f86/sb-vite/deps/storybook_internal_preview_runtime.js?v=b3da04b4:8581:39)

  ● Components/InputField › FullWidthLayout › smoke-test

    thrown: "Exceeded timeout of 30000 ms for a test.
    Add a timeout value to this test to increase the timeout, if this is a long-running test. See https://jestjs.io/docs/api#testname-fn-timeout."

      1157 |         <Typography variant="caption" style={{ color: '#666' }}>
      1158 |           The 'as' prop allows rendering as different HTML elements while maintaining the same API.
    > 1159 |         </Typography>
           |             ^
      1160 |       </div>
      1161 |     </div>
      1162 |   ),

      at packages/components/src/InputField/InputField.stories.tsx:1159:13
      at packages/components/src/InputField/InputField.stories.tsx:1158:9
      at Object.<anonymous> (packages/components/src/InputField/InputField.stories.tsx:128:5)

  ● Components/InputField › FormExample › smoke-test

    SB_PREVIEW_API_0006 (StoryIndexFetchError): Error fetching `/index.json`:

    Unable to index ./src/Table/EnhancedTable.stories.tsx:
      SyntaxError: Expecting Unicode escape sequence \uXXXX. (1467:15)

      at constructor (node_modules/@storybook/core/dist/babel/index.cjs:134900:15)
      at Nv.raise (node_modules/@storybook/core/dist/babel/index.cjs:137217:54)
      at Nv.readWord1 (node_modules/@storybook/core/dist/babel/index.cjs:137193:18)
      at Nv.readWord (node_modules/@storybook/core/dist/babel/index.cjs:137205:20)
      at Nv.getTokenFromCode (node_modules/@storybook/core/dist/babel/index.cjs:137028:16)
      at Nv.getTokenFromCode (node_modules/@storybook/core/dist/babel/index.cjs:139696:13)
      at Nv.getTokenFromCode (node_modules/@storybook/core/dist/babel/index.cjs:141547:13)
      at Nv.nextToken (node_modules/@storybook/core/dist/babel/index.cjs:136654:12)
      at Nv.next (node_modules/@storybook/core/dist/babel/index.cjs:136586:62)
      at Nv.eat (node_modules/@storybook/core/dist/babel/index.cjs:136589:36)
      at Nv.parseObjectProperty (node_modules/@storybook/core/dist/babel/index.cjs:142655:34)
      at Nv.parseObjPropValue (node_modules/@storybook/core/dist/babel/index.cjs:142671:61)
      at Nv.parseObjPropValue (node_modules/@storybook/core/dist/babel/index.cjs:141367:49)
      at Nv.parsePropertyDefinition (node_modules/@storybook/core/dist/babel/index.cjs:142632:19)
      at Nv.parseObjectLike (node_modules/@storybook/core/dist/babel/index.cjs:142596:57)
      at Nv.parseExprAtom (node_modules/@storybook/core/dist/babel/index.cjs:142302:23)
      at Nv.parseExprAtom (node_modules/@storybook/core/dist/babel/index.cjs:139667:45)
      at Nv.parseExprSubscripts (node_modules/@storybook/core/dist/babel/index.cjs:142149:78)
      at Nv.parseUpdate (node_modules/@storybook/core/dist/babel/index.cjs:142139:45)
      at Nv.parseMaybeUnary (node_modules/@storybook/core/dist/babel/index.cjs:142124:20)
      at Nv.parseMaybeUnary (node_modules/@storybook/core/dist/babel/index.cjs:141419:93)
      at Nv.parseMaybeUnaryOrPrivate (node_modules/@storybook/core/dist/babel/index.cjs:142032:63)
      at Nv.parseExprOps (node_modules/@storybook/core/dist/babel/index.cjs:142035:78)
      at Nv.parseMaybeConditional (node_modules/@storybook/core/dist/babel/index.cjs:142020:78)
      at Nv.parseMaybeAssign (node_modules/@storybook/core/dist/babel/index.cjs:142004:20)
      at Nv.parseMaybeAssign (node_modules/@storybook/core/dist/babel/index.cjs:141392:22)
      at node_modules/@storybook/core/dist/babel/index.cjs:141986:41
      at Nv.allowInAnd (node_modules/@storybook/core/dist/babel/index.cjs:142978:14)
      at Nv.parseMaybeAssignAllowIn (node_modules/@storybook/core/dist/babel/index.cjs:141986:19)
      at Nv.parseObjectProperty (node_modules/@storybook/core/dist/babel/index.cjs:142656:81)
      at Nv.parseObjPropValue (node_modules/@storybook/core/dist/babel/index.cjs:142671:61)
      at Nv.parseObjPropValue (node_modules/@storybook/core/dist/babel/index.cjs:141367:49)
      at Nv.parsePropertyDefinition (node_modules/@storybook/core/dist/babel/index.cjs:142632:19)
      at Nv.parseObjectLike (node_modules/@storybook/core/dist/babel/index.cjs:142596:57)
      at Nv.parseExprAtom (node_modules/@storybook/core/dist/babel/index.cjs:142302:23)
      at Nv.parseExprAtom (node_modules/@storybook/core/dist/babel/index.cjs:139667:45)
      at Nv.parseExprSubscripts (node_modules/@storybook/core/dist/babel/index.cjs:142149:78)
      at Nv.parseUpdate (node_modules/@storybook/core/dist/babel/index.cjs:142139:45)
      at Nv.parseMaybeUnary (node_modules/@storybook/core/dist/babel/index.cjs:142124:20)
      at Nv.parseMaybeUnary (node_modules/@storybook/core/dist/babel/index.cjs:141419:93)
      at Nv.parseMaybeUnaryOrPrivate (node_modules/@storybook/core/dist/babel/index.cjs:142032:63)
      at Nv.parseExprOps (node_modules/@storybook/core/dist/babel/index.cjs:142035:78)
      at Nv.parseMaybeConditional (node_modules/@storybook/core/dist/babel/index.cjs:142020:78)
      at Nv.parseMaybeAssign (node_modules/@storybook/core/dist/babel/index.cjs:142004:20)
      at Nv.parseMaybeAssign (node_modules/@storybook/core/dist/babel/index.cjs:141392:22)
      at node_modules/@storybook/core/dist/babel/index.cjs:141986:41
      at Nv.allowInAnd (node_modules/@storybook/core/dist/babel/index.cjs:142978:14)
      at Nv.parseMaybeAssignAllowIn (node_modules/@storybook/core/dist/babel/index.cjs:141986:19)
      at Nv.parseObjectProperty (node_modules/@storybook/core/dist/babel/index.cjs:142656:81)
      at Nv.parseObjPropValue (node_modules/@storybook/core/dist/babel/index.cjs:142671:61)
      If you are in development, this likely indicates a problem with your Storybook process,
      check the terminal for errors.
      If you are in a deployed Storybook, there may have been an issue deploying the full Storybook
      build.
      at constructor (node_modules/@storybook/core/dist/babel/index.cjs:134900:15)
      at Nv.raise (node_modules/@storybook/core/dist/babel/index.cjs:137217:54)
      at Nv.readWord1 (node_modules/@storybook/core/dist/babel/index.cjs:137193:18)
      at Nv.readWord (node_modules/@storybook/core/dist/babel/index.cjs:137205:20)
      at Nv.getTokenFromCode (node_modules/@storybook/core/dist/babel/index.cjs:137028:16)
      at Nv.getTokenFromCode (node_modules/@storybook/core/dist/babel/index.cjs:139696:13)
      at Nv.getTokenFromCode (node_modules/@storybook/core/dist/babel/index.cjs:141547:13)
      at Nv.nextToken (node_modules/@storybook/core/dist/babel/index.cjs:136654:12)
      at Nv.next (node_modules/@storybook/core/dist/babel/index.cjs:136586:62)
      at Nv.eat (node_modules/@storybook/core/dist/babel/index.cjs:136589:36)
      at Nv.parseObjectProperty (node_modules/@storybook/core/dist/babel/index.cjs:142655:34)
      at Nv.parseObjPropValue (node_modules/@storybook/core/dist/babel/index.cjs:142671:61)
      at Nv.parseObjPropValue (node_modules/@storybook/core/dist/babel/index.cjs:141367:49)
      at Nv.parsePropertyDefinition (node_modules/@storybook/core/dist/babel/index.cjs:142632:19)
      at Nv.parseObjectLike (node_modules/@storybook/core/dist/babel/index.cjs:142596:57)
      at Nv.parseExprAtom (node_modules/@storybook/core/dist/babel/index.cjs:142302:23)
      at Nv.parseExprAtom (node_modules/@storybook/core/dist/babel/index.cjs:139667:45)
      at Nv.parseExprSubscripts (node_modules/@storybook/core/dist/babel/index.cjs:142149:78)
      at Nv.parseUpdate (node_modules/@storybook/core/dist/babel/index.cjs:142139:45)
      at Nv.parseMaybeUnary (node_modules/@storybook/core/dist/babel/index.cjs:142124:20)
      at Nv.parseMaybeUnary (node_modules/@storybook/core/dist/babel/index.cjs:141419:93)
      at Nv.parseMaybeUnaryOrPrivate (node_modules/@storybook/core/dist/babel/index.cjs:142032:63)
      at Nv.parseExprOps (node_modules/@storybook/core/dist/babel/index.cjs:142035:78)
      at Nv.parseMaybeConditional (node_modules/@storybook/core/dist/babel/index.cjs:142020:78)
      at Nv.parseMaybeAssign (node_modules/@storybook/core/dist/babel/index.cjs:142004:20)
      at Nv.parseMaybeAssign (node_modules/@storybook/core/dist/babel/index.cjs:141392:22)
      at node_modules/@storybook/core/dist/babel/index.cjs:141986:41
      at Nv.allowInAnd (node_modules/@storybook/core/dist/babel/index.cjs:142978:14)
      at Nv.parseMaybeAssignAllowIn (node_modules/@storybook/core/dist/babel/index.cjs:141986:19)
      at Nv.parseObjectProperty (node_modules/@storybook/core/dist/babel/index.cjs:142656:81)
      at Nv.parseObjPropValue (node_modules/@storybook/core/dist/babel/index.cjs:142671:61)
      at Nv.parseObjPropValue (node_modules/@storybook/core/dist/babel/index.cjs:141367:49)
      at Nv.parsePropertyDefinition (node_modules/@storybook/core/dist/babel/index.cjs:142632:19)
      at Nv.parseObjectLike (node_modules/@storybook/core/dist/babel/index.cjs:142596:57)
      at Nv.parseExprAtom (node_modules/@storybook/core/dist/babel/index.cjs:142302:23)
      at Nv.parseExprAtom (node_modules/@storybook/core/dist/babel/index.cjs:139667:45)
      at Nv.parseExprSubscripts (node_modules/@storybook/core/dist/babel/index.cjs:142149:78)
      at Nv.parseUpdate (node_modules/@storybook/core/dist/babel/index.cjs:142139:45)
      at Nv.parseMaybeUnary (node_modules/@storybook/core/dist/babel/index.cjs:142124:20)
      at Nv.parseMaybeUnary (node_modules/@storybook/core/dist/babel/index.cjs:141419:93)
      at Nv.parseMaybeUnaryOrPrivate (node_modules/@storybook/core/dist/babel/index.cjs:142032:63)
      at Nv.parseExprOps (node_modules/@storybook/core/dist/babel/index.cjs:142035:78)
      at Nv.parseMaybeConditional (node_modules/@storybook/core/dist/babel/index.cjs:142020:78)
      at Nv.parseMaybeAssign (node_modules/@storybook/core/dist/babel/index.cjs:142004:20)
      at Nv.parseMaybeAssign (node_modules/@storybook/core/dist/babel/index.cjs:141392:22)
      at node_modules/@storybook/core/dist/babel/index.cjs:141986:41
      at Nv.allowInAnd (node_modules/@storybook/core/dist/babel/index.cjs:142978:14)
      at Nv.parseMaybeAssignAllowIn (node_modules/@storybook/core/dist/babel/index.cjs:141986:19)
      at Nv.parseObjectProperty (node_modules/@storybook/core/dist/babel/index.cjs:142656:81)
      at Nv.parseObjPropValue (node_modules/@storybook/core/dist/babel/index.cjs:142671:61)
      If you are in development, this likely indicates a problem with your Storybook process,
      check the terminal for errors.
      If you are in a deployed Storybook, there may have been an issue deploying the full Storybook
      build.
      at ns2.getStoryIndexFromServer (packages/components/http:/localhost:6007/packages/components/node_modules/.cache/storybook/1c3385a5d25e538d10b518b310c74d3ca2690b6aaffeadccd74da79736171f86/sb-vite/deps/storybook_internal_preview_runtime.js?v=b3da04b4:8624:11)
      at async ns2.initializeWithProjectAnnotations (packages/components/http:/localhost:6007/packages/components/node_modules/.cache/storybook/1c3385a5d25e538d10b518b310c74d3ca2690b6aaffeadccd74da79736171f86/sb-vite/deps/storybook_internal_preview_runtime.js?v=b3da04b4:8606:15)
      at async ns2.initialize (packages/components/http:/localhost:6007/packages/components/node_modules/.cache/storybook/1c3385a5d25e538d10b518b310c74d3ca2690b6aaffeadccd74da79736171f86/sb-vite/deps/storybook_internal_preview_runtime.js?v=b3da04b4:8581:39)

  ● Components/InputField › FormExample › smoke-test

    thrown: "Exceeded timeout of 30000 ms for a test.
    Add a timeout value to this test to increase the timeout, if this is a long-running test. See https://jestjs.io/docs/api#testname-fn-timeout."



      at packages/components/src/InputField/InputField.stories.tsx:1306:13
      at packages/components/src/InputField/InputField.stories.tsx:1305:9
      at Object.<anonymous> (packages/components/src/InputField/InputField.stories.tsx:128:5)

  ● Components/InputField › BestPractices › smoke-test

    SB_PREVIEW_API_0006 (StoryIndexFetchError): Error fetching `/index.json`:

    Unable to index ./src/Table/EnhancedTable.stories.tsx:
      SyntaxError: Expecting Unicode escape sequence \uXXXX. (1467:15)

      at constructor (node_modules/@storybook/core/dist/babel/index.cjs:134900:15)
      at Nv.raise (node_modules/@storybook/core/dist/babel/index.cjs:137217:54)
      at Nv.readWord1 (node_modules/@storybook/core/dist/babel/index.cjs:137193:18)
      at Nv.readWord (node_modules/@storybook/core/dist/babel/index.cjs:137205:20)
      at Nv.getTokenFromCode (node_modules/@storybook/core/dist/babel/index.cjs:137028:16)
      at Nv.getTokenFromCode (node_modules/@storybook/core/dist/babel/index.cjs:139696:13)
      at Nv.getTokenFromCode (node_modules/@storybook/core/dist/babel/index.cjs:141547:13)
      at Nv.nextToken (node_modules/@storybook/core/dist/babel/index.cjs:136654:12)
      at Nv.next (node_modules/@storybook/core/dist/babel/index.cjs:136586:62)
      at Nv.eat (node_modules/@storybook/core/dist/babel/index.cjs:136589:36)
      at Nv.parseObjectProperty (node_modules/@storybook/core/dist/babel/index.cjs:142655:34)
      at Nv.parseObjPropValue (node_modules/@storybook/core/dist/babel/index.cjs:142671:61)
      at Nv.parseObjPropValue (node_modules/@storybook/core/dist/babel/index.cjs:141367:49)
      at Nv.parsePropertyDefinition (node_modules/@storybook/core/dist/babel/index.cjs:142632:19)
      at Nv.parseObjectLike (node_modules/@storybook/core/dist/babel/index.cjs:142596:57)
      at Nv.parseExprAtom (node_modules/@storybook/core/dist/babel/index.cjs:142302:23)
      at Nv.parseExprAtom (node_modules/@storybook/core/dist/babel/index.cjs:139667:45)
      at Nv.parseExprSubscripts (node_modules/@storybook/core/dist/babel/index.cjs:142149:78)
      at Nv.parseUpdate (node_modules/@storybook/core/dist/babel/index.cjs:142139:45)
      at Nv.parseMaybeUnary (node_modules/@storybook/core/dist/babel/index.cjs:142124:20)
      at Nv.parseMaybeUnary (node_modules/@storybook/core/dist/babel/index.cjs:141419:93)
      at Nv.parseMaybeUnaryOrPrivate (node_modules/@storybook/core/dist/babel/index.cjs:142032:63)
      at Nv.parseExprOps (node_modules/@storybook/core/dist/babel/index.cjs:142035:78)
      at Nv.parseMaybeConditional (node_modules/@storybook/core/dist/babel/index.cjs:142020:78)
      at Nv.parseMaybeAssign (node_modules/@storybook/core/dist/babel/index.cjs:142004:20)
      at Nv.parseMaybeAssign (node_modules/@storybook/core/dist/babel/index.cjs:141392:22)
      at node_modules/@storybook/core/dist/babel/index.cjs:141986:41
      at Nv.allowInAnd (node_modules/@storybook/core/dist/babel/index.cjs:142978:14)
      at Nv.parseMaybeAssignAllowIn (node_modules/@storybook/core/dist/babel/index.cjs:141986:19)
      at Nv.parseObjectProperty (node_modules/@storybook/core/dist/babel/index.cjs:142656:81)
      at Nv.parseObjPropValue (node_modules/@storybook/core/dist/babel/index.cjs:142671:61)
      at Nv.parseObjPropValue (node_modules/@storybook/core/dist/babel/index.cjs:141367:49)
      at Nv.parsePropertyDefinition (node_modules/@storybook/core/dist/babel/index.cjs:142632:19)
      at Nv.parseObjectLike (node_modules/@storybook/core/dist/babel/index.cjs:142596:57)
      at Nv.parseExprAtom (node_modules/@storybook/core/dist/babel/index.cjs:142302:23)
      at Nv.parseExprAtom (node_modules/@storybook/core/dist/babel/index.cjs:139667:45)
      at Nv.parseExprSubscripts (node_modules/@storybook/core/dist/babel/index.cjs:142149:78)
      at Nv.parseUpdate (node_modules/@storybook/core/dist/babel/index.cjs:142139:45)
      at Nv.parseMaybeUnary (node_modules/@storybook/core/dist/babel/index.cjs:142124:20)
      at Nv.parseMaybeUnary (node_modules/@storybook/core/dist/babel/index.cjs:141419:93)
      at Nv.parseMaybeUnaryOrPrivate (node_modules/@storybook/core/dist/babel/index.cjs:142032:63)
      at Nv.parseExprOps (node_modules/@storybook/core/dist/babel/index.cjs:142035:78)
      at Nv.parseMaybeConditional (node_modules/@storybook/core/dist/babel/index.cjs:142020:78)
      at Nv.parseMaybeAssign (node_modules/@storybook/core/dist/babel/index.cjs:142004:20)
      at Nv.parseMaybeAssign (node_modules/@storybook/core/dist/babel/index.cjs:141392:22)
      at node_modules/@storybook/core/dist/babel/index.cjs:141986:41
      at Nv.allowInAnd (node_modules/@storybook/core/dist/babel/index.cjs:142978:14)
      at Nv.parseMaybeAssignAllowIn (node_modules/@storybook/core/dist/babel/index.cjs:141986:19)
      at Nv.parseObjectProperty (node_modules/@storybook/core/dist/babel/index.cjs:142656:81)
      at Nv.parseObjPropValue (node_modules/@storybook/core/dist/babel/index.cjs:142671:61)
      If you are in development, this likely indicates a problem with your Storybook process,
      check the terminal for errors.
      If you are in a deployed Storybook, there may have been an issue deploying the full Storybook
      build.
      at constructor (node_modules/@storybook/core/dist/babel/index.cjs:134900:15)
      at Nv.raise (node_modules/@storybook/core/dist/babel/index.cjs:137217:54)
      at Nv.readWord1 (node_modules/@storybook/core/dist/babel/index.cjs:137193:18)
      at Nv.readWord (node_modules/@storybook/core/dist/babel/index.cjs:137205:20)
      at Nv.getTokenFromCode (node_modules/@storybook/core/dist/babel/index.cjs:137028:16)
      at Nv.getTokenFromCode (node_modules/@storybook/core/dist/babel/index.cjs:139696:13)
      at Nv.getTokenFromCode (node_modules/@storybook/core/dist/babel/index.cjs:141547:13)
      at Nv.nextToken (node_modules/@storybook/core/dist/babel/index.cjs:136654:12)
      at Nv.next (node_modules/@storybook/core/dist/babel/index.cjs:136586:62)
      at Nv.eat (node_modules/@storybook/core/dist/babel/index.cjs:136589:36)
      at Nv.parseObjectProperty (node_modules/@storybook/core/dist/babel/index.cjs:142655:34)
      at Nv.parseObjPropValue (node_modules/@storybook/core/dist/babel/index.cjs:142671:61)
      at Nv.parseObjPropValue (node_modules/@storybook/core/dist/babel/index.cjs:141367:49)
      at Nv.parsePropertyDefinition (node_modules/@storybook/core/dist/babel/index.cjs:142632:19)
      at Nv.parseObjectLike (node_modules/@storybook/core/dist/babel/index.cjs:142596:57)
      at Nv.parseExprAtom (node_modules/@storybook/core/dist/babel/index.cjs:142302:23)
      at Nv.parseExprAtom (node_modules/@storybook/core/dist/babel/index.cjs:139667:45)
      at Nv.parseExprSubscripts (node_modules/@storybook/core/dist/babel/index.cjs:142149:78)
      at Nv.parseUpdate (node_modules/@storybook/core/dist/babel/index.cjs:142139:45)
      at Nv.parseMaybeUnary (node_modules/@storybook/core/dist/babel/index.cjs:142124:20)
      at Nv.parseMaybeUnary (node_modules/@storybook/core/dist/babel/index.cjs:141419:93)
      at Nv.parseMaybeUnaryOrPrivate (node_modules/@storybook/core/dist/babel/index.cjs:142032:63)
      at Nv.parseExprOps (node_modules/@storybook/core/dist/babel/index.cjs:142035:78)
      at Nv.parseMaybeConditional (node_modules/@storybook/core/dist/babel/index.cjs:142020:78)
      at Nv.parseMaybeAssign (node_modules/@storybook/core/dist/babel/index.cjs:142004:20)
      at Nv.parseMaybeAssign (node_modules/@storybook/core/dist/babel/index.cjs:141392:22)
      at node_modules/@storybook/core/dist/babel/index.cjs:141986:41
      at Nv.allowInAnd (node_modules/@storybook/core/dist/babel/index.cjs:142978:14)
      at Nv.parseMaybeAssignAllowIn (node_modules/@storybook/core/dist/babel/index.cjs:141986:19)
      at Nv.parseObjectProperty (node_modules/@storybook/core/dist/babel/index.cjs:142656:81)
      at Nv.parseObjPropValue (node_modules/@storybook/core/dist/babel/index.cjs:142671:61)
      at Nv.parseObjPropValue (node_modules/@storybook/core/dist/babel/index.cjs:141367:49)
      at Nv.parsePropertyDefinition (node_modules/@storybook/core/dist/babel/index.cjs:142632:19)
      at Nv.parseObjectLike (node_modules/@storybook/core/dist/babel/index.cjs:142596:57)
      at Nv.parseExprAtom (node_modules/@storybook/core/dist/babel/index.cjs:142302:23)
      at Nv.parseExprAtom (node_modules/@storybook/core/dist/babel/index.cjs:139667:45)
      at Nv.parseExprSubscripts (node_modules/@storybook/core/dist/babel/index.cjs:142149:78)
      at Nv.parseUpdate (node_modules/@storybook/core/dist/babel/index.cjs:142139:45)
      at Nv.parseMaybeUnary (node_modules/@storybook/core/dist/babel/index.cjs:142124:20)
      at Nv.parseMaybeUnary (node_modules/@storybook/core/dist/babel/index.cjs:141419:93)
      at Nv.parseMaybeUnaryOrPrivate (node_modules/@storybook/core/dist/babel/index.cjs:142032:63)
      at Nv.parseExprOps (node_modules/@storybook/core/dist/babel/index.cjs:142035:78)
      at Nv.parseMaybeConditional (node_modules/@storybook/core/dist/babel/index.cjs:142020:78)
      at Nv.parseMaybeAssign (node_modules/@storybook/core/dist/babel/index.cjs:142004:20)
      at Nv.parseMaybeAssign (node_modules/@storybook/core/dist/babel/index.cjs:141392:22)
      at node_modules/@storybook/core/dist/babel/index.cjs:141986:41
      at Nv.allowInAnd (node_modules/@storybook/core/dist/babel/index.cjs:142978:14)
      at Nv.parseMaybeAssignAllowIn (node_modules/@storybook/core/dist/babel/index.cjs:141986:19)
      at Nv.parseObjectProperty (node_modules/@storybook/core/dist/babel/index.cjs:142656:81)
      at Nv.parseObjPropValue (node_modules/@storybook/core/dist/babel/index.cjs:142671:61)
      If you are in development, this likely indicates a problem with your Storybook process,
      check the terminal for errors.
      If you are in a deployed Storybook, there may have been an issue deploying the full Storybook
      build.
      at ns2.getStoryIndexFromServer (packages/components/http:/localhost:6007/packages/components/node_modules/.cache/storybook/1c3385a5d25e538d10b518b310c74d3ca2690b6aaffeadccd74da79736171f86/sb-vite/deps/storybook_internal_preview_runtime.js?v=b3da04b4:8624:11)
      at async ns2.initializeWithProjectAnnotations (packages/components/http:/localhost:6007/packages/components/node_modules/.cache/storybook/1c3385a5d25e538d10b518b310c74d3ca2690b6aaffeadccd74da79736171f86/sb-vite/deps/storybook_internal_preview_runtime.js?v=b3da04b4:8606:15)
      at async ns2.initialize (packages/components/http:/localhost:6007/packages/components/node_modules/.cache/storybook/1c3385a5d25e538d10b518b310c74d3ca2690b6aaffeadccd74da79736171f86/sb-vite/deps/storybook_internal_preview_runtime.js?v=b3da04b4:8581:39)

  ● Components/InputField › BestPractices › smoke-test

    thrown: "Exceeded timeout of 30000 ms for a test.
    Add a timeout value to this test to increase the timeout, if this is a long-running test. See https://jestjs.io/docs/api#testname-fn-timeout."



      at packages/components/src/InputField/InputField.stories.tsx:1453:13
      at packages/components/src/InputField/InputField.stories.tsx:1452:9
      at Object.<anonymous> (packages/components/src/InputField/InputField.stories.tsx:128:5)

  ● Components/InputField › AllStates › smoke-test

    SB_PREVIEW_API_0006 (StoryIndexFetchError): Error fetching `/index.json`:

    Unable to index ./src/Table/EnhancedTable.stories.tsx:
      SyntaxError: Expecting Unicode escape sequence \uXXXX. (1467:15)

      at constructor (node_modules/@storybook/core/dist/babel/index.cjs:134900:15)
      at Nv.raise (node_modules/@storybook/core/dist/babel/index.cjs:137217:54)
      at Nv.readWord1 (node_modules/@storybook/core/dist/babel/index.cjs:137193:18)
      at Nv.readWord (node_modules/@storybook/core/dist/babel/index.cjs:137205:20)
      at Nv.getTokenFromCode (node_modules/@storybook/core/dist/babel/index.cjs:137028:16)
      at Nv.getTokenFromCode (node_modules/@storybook/core/dist/babel/index.cjs:139696:13)
      at Nv.getTokenFromCode (node_modules/@storybook/core/dist/babel/index.cjs:141547:13)
      at Nv.nextToken (node_modules/@storybook/core/dist/babel/index.cjs:136654:12)
      at Nv.next (node_modules/@storybook/core/dist/babel/index.cjs:136586:62)
      at Nv.eat (node_modules/@storybook/core/dist/babel/index.cjs:136589:36)
      at Nv.parseObjectProperty (node_modules/@storybook/core/dist/babel/index.cjs:142655:34)
      at Nv.parseObjPropValue (node_modules/@storybook/core/dist/babel/index.cjs:142671:61)
      at Nv.parseObjPropValue (node_modules/@storybook/core/dist/babel/index.cjs:141367:49)
      at Nv.parsePropertyDefinition (node_modules/@storybook/core/dist/babel/index.cjs:142632:19)
      at Nv.parseObjectLike (node_modules/@storybook/core/dist/babel/index.cjs:142596:57)
      at Nv.parseExprAtom (node_modules/@storybook/core/dist/babel/index.cjs:142302:23)
      at Nv.parseExprAtom (node_modules/@storybook/core/dist/babel/index.cjs:139667:45)
      at Nv.parseExprSubscripts (node_modules/@storybook/core/dist/babel/index.cjs:142149:78)
      at Nv.parseUpdate (node_modules/@storybook/core/dist/babel/index.cjs:142139:45)
      at Nv.parseMaybeUnary (node_modules/@storybook/core/dist/babel/index.cjs:142124:20)
      at Nv.parseMaybeUnary (node_modules/@storybook/core/dist/babel/index.cjs:141419:93)
      at Nv.parseMaybeUnaryOrPrivate (node_modules/@storybook/core/dist/babel/index.cjs:142032:63)
      at Nv.parseExprOps (node_modules/@storybook/core/dist/babel/index.cjs:142035:78)
      at Nv.parseMaybeConditional (node_modules/@storybook/core/dist/babel/index.cjs:142020:78)
      at Nv.parseMaybeAssign (node_modules/@storybook/core/dist/babel/index.cjs:142004:20)
      at Nv.parseMaybeAssign (node_modules/@storybook/core/dist/babel/index.cjs:141392:22)
      at node_modules/@storybook/core/dist/babel/index.cjs:141986:41
      at Nv.allowInAnd (node_modules/@storybook/core/dist/babel/index.cjs:142978:14)
      at Nv.parseMaybeAssignAllowIn (node_modules/@storybook/core/dist/babel/index.cjs:141986:19)
      at Nv.parseObjectProperty (node_modules/@storybook/core/dist/babel/index.cjs:142656:81)
      at Nv.parseObjPropValue (node_modules/@storybook/core/dist/babel/index.cjs:142671:61)
      at Nv.parseObjPropValue (node_modules/@storybook/core/dist/babel/index.cjs:141367:49)
      at Nv.parsePropertyDefinition (node_modules/@storybook/core/dist/babel/index.cjs:142632:19)
      at Nv.parseObjectLike (node_modules/@storybook/core/dist/babel/index.cjs:142596:57)
      at Nv.parseExprAtom (node_modules/@storybook/core/dist/babel/index.cjs:142302:23)
      at Nv.parseExprAtom (node_modules/@storybook/core/dist/babel/index.cjs:139667:45)
      at Nv.parseExprSubscripts (node_modules/@storybook/core/dist/babel/index.cjs:142149:78)
      at Nv.parseUpdate (node_modules/@storybook/core/dist/babel/index.cjs:142139:45)
      at Nv.parseMaybeUnary (node_modules/@storybook/core/dist/babel/index.cjs:142124:20)
      at Nv.parseMaybeUnary (node_modules/@storybook/core/dist/babel/index.cjs:141419:93)
      at Nv.parseMaybeUnaryOrPrivate (node_modules/@storybook/core/dist/babel/index.cjs:142032:63)
      at Nv.parseExprOps (node_modules/@storybook/core/dist/babel/index.cjs:142035:78)
      at Nv.parseMaybeConditional (node_modules/@storybook/core/dist/babel/index.cjs:142020:78)
      at Nv.parseMaybeAssign (node_modules/@storybook/core/dist/babel/index.cjs:142004:20)
      at Nv.parseMaybeAssign (node_modules/@storybook/core/dist/babel/index.cjs:141392:22)
      at node_modules/@storybook/core/dist/babel/index.cjs:141986:41
      at Nv.allowInAnd (node_modules/@storybook/core/dist/babel/index.cjs:142978:14)
      at Nv.parseMaybeAssignAllowIn (node_modules/@storybook/core/dist/babel/index.cjs:141986:19)
      at Nv.parseObjectProperty (node_modules/@storybook/core/dist/babel/index.cjs:142656:81)
      at Nv.parseObjPropValue (node_modules/@storybook/core/dist/babel/index.cjs:142671:61)
      If you are in development, this likely indicates a problem with your Storybook process,
      check the terminal for errors.
      If you are in a deployed Storybook, there may have been an issue deploying the full Storybook
      build.
      at constructor (node_modules/@storybook/core/dist/babel/index.cjs:134900:15)
      at Nv.raise (node_modules/@storybook/core/dist/babel/index.cjs:137217:54)
      at Nv.readWord1 (node_modules/@storybook/core/dist/babel/index.cjs:137193:18)
      at Nv.readWord (node_modules/@storybook/core/dist/babel/index.cjs:137205:20)
      at Nv.getTokenFromCode (node_modules/@storybook/core/dist/babel/index.cjs:137028:16)
      at Nv.getTokenFromCode (node_modules/@storybook/core/dist/babel/index.cjs:139696:13)
      at Nv.getTokenFromCode (node_modules/@storybook/core/dist/babel/index.cjs:141547:13)
      at Nv.nextToken (node_modules/@storybook/core/dist/babel/index.cjs:136654:12)
      at Nv.next (node_modules/@storybook/core/dist/babel/index.cjs:136586:62)
      at Nv.eat (node_modules/@storybook/core/dist/babel/index.cjs:136589:36)
      at Nv.parseObjectProperty (node_modules/@storybook/core/dist/babel/index.cjs:142655:34)
      at Nv.parseObjPropValue (node_modules/@storybook/core/dist/babel/index.cjs:142671:61)
      at Nv.parseObjPropValue (node_modules/@storybook/core/dist/babel/index.cjs:141367:49)
      at Nv.parsePropertyDefinition (node_modules/@storybook/core/dist/babel/index.cjs:142632:19)
      at Nv.parseObjectLike (node_modules/@storybook/core/dist/babel/index.cjs:142596:57)
      at Nv.parseExprAtom (node_modules/@storybook/core/dist/babel/index.cjs:142302:23)
      at Nv.parseExprAtom (node_modules/@storybook/core/dist/babel/index.cjs:139667:45)
      at Nv.parseExprSubscripts (node_modules/@storybook/core/dist/babel/index.cjs:142149:78)
      at Nv.parseUpdate (node_modules/@storybook/core/dist/babel/index.cjs:142139:45)
      at Nv.parseMaybeUnary (node_modules/@storybook/core/dist/babel/index.cjs:142124:20)
      at Nv.parseMaybeUnary (node_modules/@storybook/core/dist/babel/index.cjs:141419:93)
      at Nv.parseMaybeUnaryOrPrivate (node_modules/@storybook/core/dist/babel/index.cjs:142032:63)
      at Nv.parseExprOps (node_modules/@storybook/core/dist/babel/index.cjs:142035:78)
      at Nv.parseMaybeConditional (node_modules/@storybook/core/dist/babel/index.cjs:142020:78)
      at Nv.parseMaybeAssign (node_modules/@storybook/core/dist/babel/index.cjs:142004:20)
      at Nv.parseMaybeAssign (node_modules/@storybook/core/dist/babel/index.cjs:141392:22)
      at node_modules/@storybook/core/dist/babel/index.cjs:141986:41
      at Nv.allowInAnd (node_modules/@storybook/core/dist/babel/index.cjs:142978:14)
      at Nv.parseMaybeAssignAllowIn (node_modules/@storybook/core/dist/babel/index.cjs:141986:19)
      at Nv.parseObjectProperty (node_modules/@storybook/core/dist/babel/index.cjs:142656:81)
      at Nv.parseObjPropValue (node_modules/@storybook/core/dist/babel/index.cjs:142671:61)
      at Nv.parseObjPropValue (node_modules/@storybook/core/dist/babel/index.cjs:141367:49)
      at Nv.parsePropertyDefinition (node_modules/@storybook/core/dist/babel/index.cjs:142632:19)
      at Nv.parseObjectLike (node_modules/@storybook/core/dist/babel/index.cjs:142596:57)
      at Nv.parseExprAtom (node_modules/@storybook/core/dist/babel/index.cjs:142302:23)
      at Nv.parseExprAtom (node_modules/@storybook/core/dist/babel/index.cjs:139667:45)
      at Nv.parseExprSubscripts (node_modules/@storybook/core/dist/babel/index.cjs:142149:78)
      at Nv.parseUpdate (node_modules/@storybook/core/dist/babel/index.cjs:142139:45)
      at Nv.parseMaybeUnary (node_modules/@storybook/core/dist/babel/index.cjs:142124:20)
      at Nv.parseMaybeUnary (node_modules/@storybook/core/dist/babel/index.cjs:141419:93)
      at Nv.parseMaybeUnaryOrPrivate (node_modules/@storybook/core/dist/babel/index.cjs:142032:63)
      at Nv.parseExprOps (node_modules/@storybook/core/dist/babel/index.cjs:142035:78)
      at Nv.parseMaybeConditional (node_modules/@storybook/core/dist/babel/index.cjs:142020:78)
      at Nv.parseMaybeAssign (node_modules/@storybook/core/dist/babel/index.cjs:142004:20)
      at Nv.parseMaybeAssign (node_modules/@storybook/core/dist/babel/index.cjs:141392:22)
      at node_modules/@storybook/core/dist/babel/index.cjs:141986:41
      at Nv.allowInAnd (node_modules/@storybook/core/dist/babel/index.cjs:142978:14)
      at Nv.parseMaybeAssignAllowIn (node_modules/@storybook/core/dist/babel/index.cjs:141986:19)
      at Nv.parseObjectProperty (node_modules/@storybook/core/dist/babel/index.cjs:142656:81)
      at Nv.parseObjPropValue (node_modules/@storybook/core/dist/babel/index.cjs:142671:61)
      If you are in development, this likely indicates a problem with your Storybook process,
      check the terminal for errors.
      If you are in a deployed Storybook, there may have been an issue deploying the full Storybook
      build.
      at ns2.getStoryIndexFromServer (packages/components/http:/localhost:6007/packages/components/node_modules/.cache/storybook/1c3385a5d25e538d10b518b310c74d3ca2690b6aaffeadccd74da79736171f86/sb-vite/deps/storybook_internal_preview_runtime.js?v=b3da04b4:8624:11)
      at async ns2.initializeWithProjectAnnotations (packages/components/http:/localhost:6007/packages/components/node_modules/.cache/storybook/1c3385a5d25e538d10b518b310c74d3ca2690b6aaffeadccd74da79736171f86/sb-vite/deps/storybook_internal_preview_runtime.js?v=b3da04b4:8606:15)
      at async ns2.initialize (packages/components/http:/localhost:6007/packages/components/node_modules/.cache/storybook/1c3385a5d25e538d10b518b310c74d3ca2690b6aaffeadccd74da79736171f86/sb-vite/deps/storybook_internal_preview_runtime.js?v=b3da04b4:8581:39)

  ● Components/InputField › AllStates › smoke-test

    thrown: "Exceeded timeout of 30000 ms for a test.
    Add a timeout value to this test to increase the timeout, if this is a long-running test. See https://jestjs.io/docs/api#testname-fn-timeout."



      at packages/components/src/InputField/InputField.stories.tsx:1600:13
      at packages/components/src/InputField/InputField.stories.tsx:1599:9
      at Object.<anonymous> (packages/components/src/InputField/InputField.stories.tsx:128:5)

  ● Components/InputField › AllSizes › smoke-test

    SB_PREVIEW_API_0006 (StoryIndexFetchError): Error fetching `/index.json`:

    Unable to index ./src/Table/EnhancedTable.stories.tsx:
      SyntaxError: Expecting Unicode escape sequence \uXXXX. (1467:15)

      at constructor (node_modules/@storybook/core/dist/babel/index.cjs:134900:15)
      at Nv.raise (node_modules/@storybook/core/dist/babel/index.cjs:137217:54)
      at Nv.readWord1 (node_modules/@storybook/core/dist/babel/index.cjs:137193:18)
      at Nv.readWord (node_modules/@storybook/core/dist/babel/index.cjs:137205:20)
      at Nv.getTokenFromCode (node_modules/@storybook/core/dist/babel/index.cjs:137028:16)
      at Nv.getTokenFromCode (node_modules/@storybook/core/dist/babel/index.cjs:139696:13)
      at Nv.getTokenFromCode (node_modules/@storybook/core/dist/babel/index.cjs:141547:13)
      at Nv.nextToken (node_modules/@storybook/core/dist/babel/index.cjs:136654:12)
      at Nv.next (node_modules/@storybook/core/dist/babel/index.cjs:136586:62)
      at Nv.eat (node_modules/@storybook/core/dist/babel/index.cjs:136589:36)
      at Nv.parseObjectProperty (node_modules/@storybook/core/dist/babel/index.cjs:142655:34)
      at Nv.parseObjPropValue (node_modules/@storybook/core/dist/babel/index.cjs:142671:61)
      at Nv.parseObjPropValue (node_modules/@storybook/core/dist/babel/index.cjs:141367:49)
      at Nv.parsePropertyDefinition (node_modules/@storybook/core/dist/babel/index.cjs:142632:19)
      at Nv.parseObjectLike (node_modules/@storybook/core/dist/babel/index.cjs:142596:57)
      at Nv.parseExprAtom (node_modules/@storybook/core/dist/babel/index.cjs:142302:23)
      at Nv.parseExprAtom (node_modules/@storybook/core/dist/babel/index.cjs:139667:45)
      at Nv.parseExprSubscripts (node_modules/@storybook/core/dist/babel/index.cjs:142149:78)
      at Nv.parseUpdate (node_modules/@storybook/core/dist/babel/index.cjs:142139:45)
      at Nv.parseMaybeUnary (node_modules/@storybook/core/dist/babel/index.cjs:142124:20)
      at Nv.parseMaybeUnary (node_modules/@storybook/core/dist/babel/index.cjs:141419:93)
      at Nv.parseMaybeUnaryOrPrivate (node_modules/@storybook/core/dist/babel/index.cjs:142032:63)
      at Nv.parseExprOps (node_modules/@storybook/core/dist/babel/index.cjs:142035:78)
      at Nv.parseMaybeConditional (node_modules/@storybook/core/dist/babel/index.cjs:142020:78)
      at Nv.parseMaybeAssign (node_modules/@storybook/core/dist/babel/index.cjs:142004:20)
      at Nv.parseMaybeAssign (node_modules/@storybook/core/dist/babel/index.cjs:141392:22)
      at node_modules/@storybook/core/dist/babel/index.cjs:141986:41
      at Nv.allowInAnd (node_modules/@storybook/core/dist/babel/index.cjs:142978:14)
      at Nv.parseMaybeAssignAllowIn (node_modules/@storybook/core/dist/babel/index.cjs:141986:19)
      at Nv.parseObjectProperty (node_modules/@storybook/core/dist/babel/index.cjs:142656:81)
      at Nv.parseObjPropValue (node_modules/@storybook/core/dist/babel/index.cjs:142671:61)
      at Nv.parseObjPropValue (node_modules/@storybook/core/dist/babel/index.cjs:141367:49)
      at Nv.parsePropertyDefinition (node_modules/@storybook/core/dist/babel/index.cjs:142632:19)
      at Nv.parseObjectLike (node_modules/@storybook/core/dist/babel/index.cjs:142596:57)
      at Nv.parseExprAtom (node_modules/@storybook/core/dist/babel/index.cjs:142302:23)
      at Nv.parseExprAtom (node_modules/@storybook/core/dist/babel/index.cjs:139667:45)
      at Nv.parseExprSubscripts (node_modules/@storybook/core/dist/babel/index.cjs:142149:78)
      at Nv.parseUpdate (node_modules/@storybook/core/dist/babel/index.cjs:142139:45)
      at Nv.parseMaybeUnary (node_modules/@storybook/core/dist/babel/index.cjs:142124:20)
      at Nv.parseMaybeUnary (node_modules/@storybook/core/dist/babel/index.cjs:141419:93)
      at Nv.parseMaybeUnaryOrPrivate (node_modules/@storybook/core/dist/babel/index.cjs:142032:63)
      at Nv.parseExprOps (node_modules/@storybook/core/dist/babel/index.cjs:142035:78)
      at Nv.parseMaybeConditional (node_modules/@storybook/core/dist/babel/index.cjs:142020:78)
      at Nv.parseMaybeAssign (node_modules/@storybook/core/dist/babel/index.cjs:142004:20)
      at Nv.parseMaybeAssign (node_modules/@storybook/core/dist/babel/index.cjs:141392:22)
      at node_modules/@storybook/core/dist/babel/index.cjs:141986:41
      at Nv.allowInAnd (node_modules/@storybook/core/dist/babel/index.cjs:142978:14)
      at Nv.parseMaybeAssignAllowIn (node_modules/@storybook/core/dist/babel/index.cjs:141986:19)
      at Nv.parseObjectProperty (node_modules/@storybook/core/dist/babel/index.cjs:142656:81)
      at Nv.parseObjPropValue (node_modules/@storybook/core/dist/babel/index.cjs:142671:61)
      If you are in development, this likely indicates a problem with your Storybook process,
      check the terminal for errors.
      If you are in a deployed Storybook, there may have been an issue deploying the full Storybook
      build.
      at constructor (node_modules/@storybook/core/dist/babel/index.cjs:134900:15)
      at Nv.raise (node_modules/@storybook/core/dist/babel/index.cjs:137217:54)
      at Nv.readWord1 (node_modules/@storybook/core/dist/babel/index.cjs:137193:18)
      at Nv.readWord (node_modules/@storybook/core/dist/babel/index.cjs:137205:20)
      at Nv.getTokenFromCode (node_modules/@storybook/core/dist/babel/index.cjs:137028:16)
      at Nv.getTokenFromCode (node_modules/@storybook/core/dist/babel/index.cjs:139696:13)
      at Nv.getTokenFromCode (node_modules/@storybook/core/dist/babel/index.cjs:141547:13)
      at Nv.nextToken (node_modules/@storybook/core/dist/babel/index.cjs:136654:12)
      at Nv.next (node_modules/@storybook/core/dist/babel/index.cjs:136586:62)
      at Nv.eat (node_modules/@storybook/core/dist/babel/index.cjs:136589:36)
      at Nv.parseObjectProperty (node_modules/@storybook/core/dist/babel/index.cjs:142655:34)
      at Nv.parseObjPropValue (node_modules/@storybook/core/dist/babel/index.cjs:142671:61)
      at Nv.parseObjPropValue (node_modules/@storybook/core/dist/babel/index.cjs:141367:49)
      at Nv.parsePropertyDefinition (node_modules/@storybook/core/dist/babel/index.cjs:142632:19)
      at Nv.parseObjectLike (node_modules/@storybook/core/dist/babel/index.cjs:142596:57)
      at Nv.parseExprAtom (node_modules/@storybook/core/dist/babel/index.cjs:142302:23)
      at Nv.parseExprAtom (node_modules/@storybook/core/dist/babel/index.cjs:139667:45)
      at Nv.parseExprSubscripts (node_modules/@storybook/core/dist/babel/index.cjs:142149:78)
      at Nv.parseUpdate (node_modules/@storybook/core/dist/babel/index.cjs:142139:45)
      at Nv.parseMaybeUnary (node_modules/@storybook/core/dist/babel/index.cjs:142124:20)
      at Nv.parseMaybeUnary (node_modules/@storybook/core/dist/babel/index.cjs:141419:93)
      at Nv.parseMaybeUnaryOrPrivate (node_modules/@storybook/core/dist/babel/index.cjs:142032:63)
      at Nv.parseExprOps (node_modules/@storybook/core/dist/babel/index.cjs:142035:78)
      at Nv.parseMaybeConditional (node_modules/@storybook/core/dist/babel/index.cjs:142020:78)
      at Nv.parseMaybeAssign (node_modules/@storybook/core/dist/babel/index.cjs:142004:20)
      at Nv.parseMaybeAssign (node_modules/@storybook/core/dist/babel/index.cjs:141392:22)
      at node_modules/@storybook/core/dist/babel/index.cjs:141986:41
      at Nv.allowInAnd (node_modules/@storybook/core/dist/babel/index.cjs:142978:14)
      at Nv.parseMaybeAssignAllowIn (node_modules/@storybook/core/dist/babel/index.cjs:141986:19)
      at Nv.parseObjectProperty (node_modules/@storybook/core/dist/babel/index.cjs:142656:81)
      at Nv.parseObjPropValue (node_modules/@storybook/core/dist/babel/index.cjs:142671:61)
      at Nv.parseObjPropValue (node_modules/@storybook/core/dist/babel/index.cjs:141367:49)
      at Nv.parsePropertyDefinition (node_modules/@storybook/core/dist/babel/index.cjs:142632:19)
      at Nv.parseObjectLike (node_modules/@storybook/core/dist/babel/index.cjs:142596:57)
      at Nv.parseExprAtom (node_modules/@storybook/core/dist/babel/index.cjs:142302:23)
      at Nv.parseExprAtom (node_modules/@storybook/core/dist/babel/index.cjs:139667:45)
      at Nv.parseExprSubscripts (node_modules/@storybook/core/dist/babel/index.cjs:142149:78)
      at Nv.parseUpdate (node_modules/@storybook/core/dist/babel/index.cjs:142139:45)
      at Nv.parseMaybeUnary (node_modules/@storybook/core/dist/babel/index.cjs:142124:20)
      at Nv.parseMaybeUnary (node_modules/@storybook/core/dist/babel/index.cjs:141419:93)
      at Nv.parseMaybeUnaryOrPrivate (node_modules/@storybook/core/dist/babel/index.cjs:142032:63)
      at Nv.parseExprOps (node_modules/@storybook/core/dist/babel/index.cjs:142035:78)
      at Nv.parseMaybeConditional (node_modules/@storybook/core/dist/babel/index.cjs:142020:78)
      at Nv.parseMaybeAssign (node_modules/@storybook/core/dist/babel/index.cjs:142004:20)
      at Nv.parseMaybeAssign (node_modules/@storybook/core/dist/babel/index.cjs:141392:22)
      at node_modules/@storybook/core/dist/babel/index.cjs:141986:41
      at Nv.allowInAnd (node_modules/@storybook/core/dist/babel/index.cjs:142978:14)
      at Nv.parseMaybeAssignAllowIn (node_modules/@storybook/core/dist/babel/index.cjs:141986:19)
      at Nv.parseObjectProperty (node_modules/@storybook/core/dist/babel/index.cjs:142656:81)
      at Nv.parseObjPropValue (node_modules/@storybook/core/dist/babel/index.cjs:142671:61)
      If you are in development, this likely indicates a problem with your Storybook process,
      check the terminal for errors.
      If you are in a deployed Storybook, there may have been an issue deploying the full Storybook
      build.
      at ns2.getStoryIndexFromServer (packages/components/http:/localhost:6007/packages/components/node_modules/.cache/storybook/1c3385a5d25e538d10b518b310c74d3ca2690b6aaffeadccd74da79736171f86/sb-vite/deps/storybook_internal_preview_runtime.js?v=b3da04b4:8624:11)
      at async ns2.initializeWithProjectAnnotations (packages/components/http:/localhost:6007/packages/components/node_modules/.cache/storybook/1c3385a5d25e538d10b518b310c74d3ca2690b6aaffeadccd74da79736171f86/sb-vite/deps/storybook_internal_preview_runtime.js?v=b3da04b4:8606:15)
      at async ns2.initialize (packages/components/http:/localhost:6007/packages/components/node_modules/.cache/storybook/1c3385a5d25e538d10b518b310c74d3ca2690b6aaffeadccd74da79736171f86/sb-vite/deps/storybook_internal_preview_runtime.js?v=b3da04b4:8581:39)

  ● Components/InputField › AllSizes › smoke-test

    thrown: "Exceeded timeout of 30000 ms for a test.
    Add a timeout value to this test to increase the timeout, if this is a long-running test. See https://jestjs.io/docs/api#testname-fn-timeout."



      at packages/components/src/InputField/InputField.stories.tsx:1747:13
      at packages/components/src/InputField/InputField.stories.tsx:1746:9
      at Object.<anonymous> (packages/components/src/InputField/InputField.stories.tsx:128:5)

  ● Components/InputField › LoadingState › smoke-test

    SB_PREVIEW_API_0006 (StoryIndexFetchError): Error fetching `/index.json`:

    Unable to index ./src/Table/EnhancedTable.stories.tsx:
      SyntaxError: Expecting Unicode escape sequence \uXXXX. (1467:15)

      at constructor (node_modules/@storybook/core/dist/babel/index.cjs:134900:15)
      at Nv.raise (node_modules/@storybook/core/dist/babel/index.cjs:137217:54)
      at Nv.readWord1 (node_modules/@storybook/core/dist/babel/index.cjs:137193:18)
      at Nv.readWord (node_modules/@storybook/core/dist/babel/index.cjs:137205:20)
      at Nv.getTokenFromCode (node_modules/@storybook/core/dist/babel/index.cjs:137028:16)
      at Nv.getTokenFromCode (node_modules/@storybook/core/dist/babel/index.cjs:139696:13)
      at Nv.getTokenFromCode (node_modules/@storybook/core/dist/babel/index.cjs:141547:13)
      at Nv.nextToken (node_modules/@storybook/core/dist/babel/index.cjs:136654:12)
      at Nv.next (node_modules/@storybook/core/dist/babel/index.cjs:136586:62)
      at Nv.eat (node_modules/@storybook/core/dist/babel/index.cjs:136589:36)
      at Nv.parseObjectProperty (node_modules/@storybook/core/dist/babel/index.cjs:142655:34)
      at Nv.parseObjPropValue (node_modules/@storybook/core/dist/babel/index.cjs:142671:61)
      at Nv.parseObjPropValue (node_modules/@storybook/core/dist/babel/index.cjs:141367:49)
      at Nv.parsePropertyDefinition (node_modules/@storybook/core/dist/babel/index.cjs:142632:19)
      at Nv.parseObjectLike (node_modules/@storybook/core/dist/babel/index.cjs:142596:57)
      at Nv.parseExprAtom (node_modules/@storybook/core/dist/babel/index.cjs:142302:23)
      at Nv.parseExprAtom (node_modules/@storybook/core/dist/babel/index.cjs:139667:45)
      at Nv.parseExprSubscripts (node_modules/@storybook/core/dist/babel/index.cjs:142149:78)
      at Nv.parseUpdate (node_modules/@storybook/core/dist/babel/index.cjs:142139:45)
      at Nv.parseMaybeUnary (node_modules/@storybook/core/dist/babel/index.cjs:142124:20)
      at Nv.parseMaybeUnary (node_modules/@storybook/core/dist/babel/index.cjs:141419:93)
      at Nv.parseMaybeUnaryOrPrivate (node_modules/@storybook/core/dist/babel/index.cjs:142032:63)
      at Nv.parseExprOps (node_modules/@storybook/core/dist/babel/index.cjs:142035:78)
      at Nv.parseMaybeConditional (node_modules/@storybook/core/dist/babel/index.cjs:142020:78)
      at Nv.parseMaybeAssign (node_modules/@storybook/core/dist/babel/index.cjs:142004:20)
      at Nv.parseMaybeAssign (node_modules/@storybook/core/dist/babel/index.cjs:141392:22)
      at node_modules/@storybook/core/dist/babel/index.cjs:141986:41
      at Nv.allowInAnd (node_modules/@storybook/core/dist/babel/index.cjs:142978:14)
      at Nv.parseMaybeAssignAllowIn (node_modules/@storybook/core/dist/babel/index.cjs:141986:19)
      at Nv.parseObjectProperty (node_modules/@storybook/core/dist/babel/index.cjs:142656:81)
      at Nv.parseObjPropValue (node_modules/@storybook/core/dist/babel/index.cjs:142671:61)
      at Nv.parseObjPropValue (node_modules/@storybook/core/dist/babel/index.cjs:141367:49)
      at Nv.parsePropertyDefinition (node_modules/@storybook/core/dist/babel/index.cjs:142632:19)
      at Nv.parseObjectLike (node_modules/@storybook/core/dist/babel/index.cjs:142596:57)
      at Nv.parseExprAtom (node_modules/@storybook/core/dist/babel/index.cjs:142302:23)
      at Nv.parseExprAtom (node_modules/@storybook/core/dist/babel/index.cjs:139667:45)
      at Nv.parseExprSubscripts (node_modules/@storybook/core/dist/babel/index.cjs:142149:78)
      at Nv.parseUpdate (node_modules/@storybook/core/dist/babel/index.cjs:142139:45)
      at Nv.parseMaybeUnary (node_modules/@storybook/core/dist/babel/index.cjs:142124:20)
      at Nv.parseMaybeUnary (node_modules/@storybook/core/dist/babel/index.cjs:141419:93)
      at Nv.parseMaybeUnaryOrPrivate (node_modules/@storybook/core/dist/babel/index.cjs:142032:63)
      at Nv.parseExprOps (node_modules/@storybook/core/dist/babel/index.cjs:142035:78)
      at Nv.parseMaybeConditional (node_modules/@storybook/core/dist/babel/index.cjs:142020:78)
      at Nv.parseMaybeAssign (node_modules/@storybook/core/dist/babel/index.cjs:142004:20)
      at Nv.parseMaybeAssign (node_modules/@storybook/core/dist/babel/index.cjs:141392:22)
      at node_modules/@storybook/core/dist/babel/index.cjs:141986:41
      at Nv.allowInAnd (node_modules/@storybook/core/dist/babel/index.cjs:142978:14)
      at Nv.parseMaybeAssignAllowIn (node_modules/@storybook/core/dist/babel/index.cjs:141986:19)
      at Nv.parseObjectProperty (node_modules/@storybook/core/dist/babel/index.cjs:142656:81)
      at Nv.parseObjPropValue (node_modules/@storybook/core/dist/babel/index.cjs:142671:61)
      If you are in development, this likely indicates a problem with your Storybook process,
      check the terminal for errors.
      If you are in a deployed Storybook, there may have been an issue deploying the full Storybook
      build.
      at constructor (node_modules/@storybook/core/dist/babel/index.cjs:134900:15)
      at Nv.raise (node_modules/@storybook/core/dist/babel/index.cjs:137217:54)
      at Nv.readWord1 (node_modules/@storybook/core/dist/babel/index.cjs:137193:18)
      at Nv.readWord (node_modules/@storybook/core/dist/babel/index.cjs:137205:20)
      at Nv.getTokenFromCode (node_modules/@storybook/core/dist/babel/index.cjs:137028:16)
      at Nv.getTokenFromCode (node_modules/@storybook/core/dist/babel/index.cjs:139696:13)
      at Nv.getTokenFromCode (node_modules/@storybook/core/dist/babel/index.cjs:141547:13)
      at Nv.nextToken (node_modules/@storybook/core/dist/babel/index.cjs:136654:12)
      at Nv.next (node_modules/@storybook/core/dist/babel/index.cjs:136586:62)
      at Nv.eat (node_modules/@storybook/core/dist/babel/index.cjs:136589:36)
      at Nv.parseObjectProperty (node_modules/@storybook/core/dist/babel/index.cjs:142655:34)
      at Nv.parseObjPropValue (node_modules/@storybook/core/dist/babel/index.cjs:142671:61)
      at Nv.parseObjPropValue (node_modules/@storybook/core/dist/babel/index.cjs:141367:49)
      at Nv.parsePropertyDefinition (node_modules/@storybook/core/dist/babel/index.cjs:142632:19)
      at Nv.parseObjectLike (node_modules/@storybook/core/dist/babel/index.cjs:142596:57)
      at Nv.parseExprAtom (node_modules/@storybook/core/dist/babel/index.cjs:142302:23)
      at Nv.parseExprAtom (node_modules/@storybook/core/dist/babel/index.cjs:139667:45)
      at Nv.parseExprSubscripts (node_modules/@storybook/core/dist/babel/index.cjs:142149:78)
      at Nv.parseUpdate (node_modules/@storybook/core/dist/babel/index.cjs:142139:45)
      at Nv.parseMaybeUnary (node_modules/@storybook/core/dist/babel/index.cjs:142124:20)
      at Nv.parseMaybeUnary (node_modules/@storybook/core/dist/babel/index.cjs:141419:93)
      at Nv.parseMaybeUnaryOrPrivate (node_modules/@storybook/core/dist/babel/index.cjs:142032:63)
      at Nv.parseExprOps (node_modules/@storybook/core/dist/babel/index.cjs:142035:78)
      at Nv.parseMaybeConditional (node_modules/@storybook/core/dist/babel/index.cjs:142020:78)
      at Nv.parseMaybeAssign (node_modules/@storybook/core/dist/babel/index.cjs:142004:20)
      at Nv.parseMaybeAssign (node_modules/@storybook/core/dist/babel/index.cjs:141392:22)
      at node_modules/@storybook/core/dist/babel/index.cjs:141986:41
      at Nv.allowInAnd (node_modules/@storybook/core/dist/babel/index.cjs:142978:14)
      at Nv.parseMaybeAssignAllowIn (node_modules/@storybook/core/dist/babel/index.cjs:141986:19)
      at Nv.parseObjectProperty (node_modules/@storybook/core/dist/babel/index.cjs:142656:81)
      at Nv.parseObjPropValue (node_modules/@storybook/core/dist/babel/index.cjs:142671:61)
      at Nv.parseObjPropValue (node_modules/@storybook/core/dist/babel/index.cjs:141367:49)
      at Nv.parsePropertyDefinition (node_modules/@storybook/core/dist/babel/index.cjs:142632:19)
      at Nv.parseObjectLike (node_modules/@storybook/core/dist/babel/index.cjs:142596:57)
      at Nv.parseExprAtom (node_modules/@storybook/core/dist/babel/index.cjs:142302:23)
      at Nv.parseExprAtom (node_modules/@storybook/core/dist/babel/index.cjs:139667:45)
      at Nv.parseExprSubscripts (node_modules/@storybook/core/dist/babel/index.cjs:142149:78)
      at Nv.parseUpdate (node_modules/@storybook/core/dist/babel/index.cjs:142139:45)
      at Nv.parseMaybeUnary (node_modules/@storybook/core/dist/babel/index.cjs:142124:20)
      at Nv.parseMaybeUnary (node_modules/@storybook/core/dist/babel/index.cjs:141419:93)
      at Nv.parseMaybeUnaryOrPrivate (node_modules/@storybook/core/dist/babel/index.cjs:142032:63)
      at Nv.parseExprOps (node_modules/@storybook/core/dist/babel/index.cjs:142035:78)
      at Nv.parseMaybeConditional (node_modules/@storybook/core/dist/babel/index.cjs:142020:78)
      at Nv.parseMaybeAssign (node_modules/@storybook/core/dist/babel/index.cjs:142004:20)
      at Nv.parseMaybeAssign (node_modules/@storybook/core/dist/babel/index.cjs:141392:22)
      at node_modules/@storybook/core/dist/babel/index.cjs:141986:41
      at Nv.allowInAnd (node_modules/@storybook/core/dist/babel/index.cjs:142978:14)
      at Nv.parseMaybeAssignAllowIn (node_modules/@storybook/core/dist/babel/index.cjs:141986:19)
      at Nv.parseObjectProperty (node_modules/@storybook/core/dist/babel/index.cjs:142656:81)
      at Nv.parseObjPropValue (node_modules/@storybook/core/dist/babel/index.cjs:142671:61)
      If you are in development, this likely indicates a problem with your Storybook process,
      check the terminal for errors.
      If you are in a deployed Storybook, there may have been an issue deploying the full Storybook
      build.
      at ns2.getStoryIndexFromServer (packages/components/http:/localhost:6007/packages/components/node_modules/.cache/storybook/1c3385a5d25e538d10b518b310c74d3ca2690b6aaffeadccd74da79736171f86/sb-vite/deps/storybook_internal_preview_runtime.js?v=b3da04b4:8624:11)
      at async ns2.initializeWithProjectAnnotations (packages/components/http:/localhost:6007/packages/components/node_modules/.cache/storybook/1c3385a5d25e538d10b518b310c74d3ca2690b6aaffeadccd74da79736171f86/sb-vite/deps/storybook_internal_preview_runtime.js?v=b3da04b4:8606:15)
      at async ns2.initialize (packages/components/http:/localhost:6007/packages/components/node_modules/.cache/storybook/1c3385a5d25e538d10b518b310c74d3ca2690b6aaffeadccd74da79736171f86/sb-vite/deps/storybook_internal_preview_runtime.js?v=b3da04b4:8581:39)

  ● Components/InputField › LoadingState › smoke-test

    thrown: "Exceeded timeout of 30000 ms for a test.
    Add a timeout value to this test to increase the timeout, if this is a long-running test. See https://jestjs.io/docs/api#testname-fn-timeout."



      at packages/components/src/InputField/InputField.stories.tsx:1894:13
      at packages/components/src/InputField/InputField.stories.tsx:1893:9
      at Object.<anonymous> (packages/components/src/InputField/InputField.stories.tsx:128:5)

  ● Components/InputField › EmptyState › smoke-test

    SB_PREVIEW_API_0006 (StoryIndexFetchError): Error fetching `/index.json`:

    Unable to index ./src/Table/EnhancedTable.stories.tsx:
      SyntaxError: Expecting Unicode escape sequence \uXXXX. (1467:15)

      at constructor (node_modules/@storybook/core/dist/babel/index.cjs:134900:15)
      at Nv.raise (node_modules/@storybook/core/dist/babel/index.cjs:137217:54)
      at Nv.readWord1 (node_modules/@storybook/core/dist/babel/index.cjs:137193:18)
      at Nv.readWord (node_modules/@storybook/core/dist/babel/index.cjs:137205:20)
      at Nv.getTokenFromCode (node_modules/@storybook/core/dist/babel/index.cjs:137028:16)
      at Nv.getTokenFromCode (node_modules/@storybook/core/dist/babel/index.cjs:139696:13)
      at Nv.getTokenFromCode (node_modules/@storybook/core/dist/babel/index.cjs:141547:13)
      at Nv.nextToken (node_modules/@storybook/core/dist/babel/index.cjs:136654:12)
      at Nv.next (node_modules/@storybook/core/dist/babel/index.cjs:136586:62)
      at Nv.eat (node_modules/@storybook/core/dist/babel/index.cjs:136589:36)
      at Nv.parseObjectProperty (node_modules/@storybook/core/dist/babel/index.cjs:142655:34)
      at Nv.parseObjPropValue (node_modules/@storybook/core/dist/babel/index.cjs:142671:61)
      at Nv.parseObjPropValue (node_modules/@storybook/core/dist/babel/index.cjs:141367:49)
      at Nv.parsePropertyDefinition (node_modules/@storybook/core/dist/babel/index.cjs:142632:19)
      at Nv.parseObjectLike (node_modules/@storybook/core/dist/babel/index.cjs:142596:57)
      at Nv.parseExprAtom (node_modules/@storybook/core/dist/babel/index.cjs:142302:23)
      at Nv.parseExprAtom (node_modules/@storybook/core/dist/babel/index.cjs:139667:45)
      at Nv.parseExprSubscripts (node_modules/@storybook/core/dist/babel/index.cjs:142149:78)
      at Nv.parseUpdate (node_modules/@storybook/core/dist/babel/index.cjs:142139:45)
      at Nv.parseMaybeUnary (node_modules/@storybook/core/dist/babel/index.cjs:142124:20)
      at Nv.parseMaybeUnary (node_modules/@storybook/core/dist/babel/index.cjs:141419:93)
      at Nv.parseMaybeUnaryOrPrivate (node_modules/@storybook/core/dist/babel/index.cjs:142032:63)
      at Nv.parseExprOps (node_modules/@storybook/core/dist/babel/index.cjs:142035:78)
      at Nv.parseMaybeConditional (node_modules/@storybook/core/dist/babel/index.cjs:142020:78)
      at Nv.parseMaybeAssign (node_modules/@storybook/core/dist/babel/index.cjs:142004:20)
      at Nv.parseMaybeAssign (node_modules/@storybook/core/dist/babel/index.cjs:141392:22)
      at node_modules/@storybook/core/dist/babel/index.cjs:141986:41
      at Nv.allowInAnd (node_modules/@storybook/core/dist/babel/index.cjs:142978:14)
      at Nv.parseMaybeAssignAllowIn (node_modules/@storybook/core/dist/babel/index.cjs:141986:19)
      at Nv.parseObjectProperty (node_modules/@storybook/core/dist/babel/index.cjs:142656:81)
      at Nv.parseObjPropValue (node_modules/@storybook/core/dist/babel/index.cjs:142671:61)
      at Nv.parseObjPropValue (node_modules/@storybook/core/dist/babel/index.cjs:141367:49)
      at Nv.parsePropertyDefinition (node_modules/@storybook/core/dist/babel/index.cjs:142632:19)
      at Nv.parseObjectLike (node_modules/@storybook/core/dist/babel/index.cjs:142596:57)
      at Nv.parseExprAtom (node_modules/@storybook/core/dist/babel/index.cjs:142302:23)
      at Nv.parseExprAtom (node_modules/@storybook/core/dist/babel/index.cjs:139667:45)
      at Nv.parseExprSubscripts (node_modules/@storybook/core/dist/babel/index.cjs:142149:78)
      at Nv.parseUpdate (node_modules/@storybook/core/dist/babel/index.cjs:142139:45)
      at Nv.parseMaybeUnary (node_modules/@storybook/core/dist/babel/index.cjs:142124:20)
      at Nv.parseMaybeUnary (node_modules/@storybook/core/dist/babel/index.cjs:141419:93)
      at Nv.parseMaybeUnaryOrPrivate (node_modules/@storybook/core/dist/babel/index.cjs:142032:63)
      at Nv.parseExprOps (node_modules/@storybook/core/dist/babel/index.cjs:142035:78)
      at Nv.parseMaybeConditional (node_modules/@storybook/core/dist/babel/index.cjs:142020:78)
      at Nv.parseMaybeAssign (node_modules/@storybook/core/dist/babel/index.cjs:142004:20)
      at Nv.parseMaybeAssign (node_modules/@storybook/core/dist/babel/index.cjs:141392:22)
      at node_modules/@storybook/core/dist/babel/index.cjs:141986:41
      at Nv.allowInAnd (node_modules/@storybook/core/dist/babel/index.cjs:142978:14)
      at Nv.parseMaybeAssignAllowIn (node_modules/@storybook/core/dist/babel/index.cjs:141986:19)
      at Nv.parseObjectProperty (node_modules/@storybook/core/dist/babel/index.cjs:142656:81)
      at Nv.parseObjPropValue (node_modules/@storybook/core/dist/babel/index.cjs:142671:61)
      If you are in development, this likely indicates a problem with your Storybook process,
      check the terminal for errors.
      If you are in a deployed Storybook, there may have been an issue deploying the full Storybook
      build.
      at constructor (node_modules/@storybook/core/dist/babel/index.cjs:134900:15)
      at Nv.raise (node_modules/@storybook/core/dist/babel/index.cjs:137217:54)
      at Nv.readWord1 (node_modules/@storybook/core/dist/babel/index.cjs:137193:18)
      at Nv.readWord (node_modules/@storybook/core/dist/babel/index.cjs:137205:20)
      at Nv.getTokenFromCode (node_modules/@storybook/core/dist/babel/index.cjs:137028:16)
      at Nv.getTokenFromCode (node_modules/@storybook/core/dist/babel/index.cjs:139696:13)
      at Nv.getTokenFromCode (node_modules/@storybook/core/dist/babel/index.cjs:141547:13)
      at Nv.nextToken (node_modules/@storybook/core/dist/babel/index.cjs:136654:12)
      at Nv.next (node_modules/@storybook/core/dist/babel/index.cjs:136586:62)
      at Nv.eat (node_modules/@storybook/core/dist/babel/index.cjs:136589:36)
      at Nv.parseObjectProperty (node_modules/@storybook/core/dist/babel/index.cjs:142655:34)
      at Nv.parseObjPropValue (node_modules/@storybook/core/dist/babel/index.cjs:142671:61)
      at Nv.parseObjPropValue (node_modules/@storybook/core/dist/babel/index.cjs:141367:49)
      at Nv.parsePropertyDefinition (node_modules/@storybook/core/dist/babel/index.cjs:142632:19)
      at Nv.parseObjectLike (node_modules/@storybook/core/dist/babel/index.cjs:142596:57)
      at Nv.parseExprAtom (node_modules/@storybook/core/dist/babel/index.cjs:142302:23)
      at Nv.parseExprAtom (node_modules/@storybook/core/dist/babel/index.cjs:139667:45)
      at Nv.parseExprSubscripts (node_modules/@storybook/core/dist/babel/index.cjs:142149:78)
      at Nv.parseUpdate (node_modules/@storybook/core/dist/babel/index.cjs:142139:45)
      at Nv.parseMaybeUnary (node_modules/@storybook/core/dist/babel/index.cjs:142124:20)
      at Nv.parseMaybeUnary (node_modules/@storybook/core/dist/babel/index.cjs:141419:93)
      at Nv.parseMaybeUnaryOrPrivate (node_modules/@storybook/core/dist/babel/index.cjs:142032:63)
      at Nv.parseExprOps (node_modules/@storybook/core/dist/babel/index.cjs:142035:78)
      at Nv.parseMaybeConditional (node_modules/@storybook/core/dist/babel/index.cjs:142020:78)
      at Nv.parseMaybeAssign (node_modules/@storybook/core/dist/babel/index.cjs:142004:20)
      at Nv.parseMaybeAssign (node_modules/@storybook/core/dist/babel/index.cjs:141392:22)
      at node_modules/@storybook/core/dist/babel/index.cjs:141986:41
      at Nv.allowInAnd (node_modules/@storybook/core/dist/babel/index.cjs:142978:14)
      at Nv.parseMaybeAssignAllowIn (node_modules/@storybook/core/dist/babel/index.cjs:141986:19)
      at Nv.parseObjectProperty (node_modules/@storybook/core/dist/babel/index.cjs:142656:81)
      at Nv.parseObjPropValue (node_modules/@storybook/core/dist/babel/index.cjs:142671:61)
      at Nv.parseObjPropValue (node_modules/@storybook/core/dist/babel/index.cjs:141367:49)
      at Nv.parsePropertyDefinition (node_modules/@storybook/core/dist/babel/index.cjs:142632:19)
      at Nv.parseObjectLike (node_modules/@storybook/core/dist/babel/index.cjs:142596:57)
      at Nv.parseExprAtom (node_modules/@storybook/core/dist/babel/index.cjs:142302:23)
      at Nv.parseExprAtom (node_modules/@storybook/core/dist/babel/index.cjs:139667:45)
      at Nv.parseExprSubscripts (node_modules/@storybook/core/dist/babel/index.cjs:142149:78)
      at Nv.parseUpdate (node_modules/@storybook/core/dist/babel/index.cjs:142139:45)
      at Nv.parseMaybeUnary (node_modules/@storybook/core/dist/babel/index.cjs:142124:20)
      at Nv.parseMaybeUnary (node_modules/@storybook/core/dist/babel/index.cjs:141419:93)
      at Nv.parseMaybeUnaryOrPrivate (node_modules/@storybook/core/dist/babel/index.cjs:142032:63)
      at Nv.parseExprOps (node_modules/@storybook/core/dist/babel/index.cjs:142035:78)
      at Nv.parseMaybeConditional (node_modules/@storybook/core/dist/babel/index.cjs:142020:78)
      at Nv.parseMaybeAssign (node_modules/@storybook/core/dist/babel/index.cjs:142004:20)
      at Nv.parseMaybeAssign (node_modules/@storybook/core/dist/babel/index.cjs:141392:22)
      at node_modules/@storybook/core/dist/babel/index.cjs:141986:41
      at Nv.allowInAnd (node_modules/@storybook/core/dist/babel/index.cjs:142978:14)
      at Nv.parseMaybeAssignAllowIn (node_modules/@storybook/core/dist/babel/index.cjs:141986:19)
      at Nv.parseObjectProperty (node_modules/@storybook/core/dist/babel/index.cjs:142656:81)
      at Nv.parseObjPropValue (node_modules/@storybook/core/dist/babel/index.cjs:142671:61)
      If you are in development, this likely indicates a problem with your Storybook process,
      check the terminal for errors.
      If you are in a deployed Storybook, there may have been an issue deploying the full Storybook
      build.
      at ns2.getStoryIndexFromServer (packages/components/http:/localhost:6007/packages/components/node_modules/.cache/storybook/1c3385a5d25e538d10b518b310c74d3ca2690b6aaffeadccd74da79736171f86/sb-vite/deps/storybook_internal_preview_runtime.js?v=b3da04b4:8624:11)
      at async ns2.initializeWithProjectAnnotations (packages/components/http:/localhost:6007/packages/components/node_modules/.cache/storybook/1c3385a5d25e538d10b518b310c74d3ca2690b6aaffeadccd74da79736171f86/sb-vite/deps/storybook_internal_preview_runtime.js?v=b3da04b4:8606:15)
      at async ns2.initialize (packages/components/http:/localhost:6007/packages/components/node_modules/.cache/storybook/1c3385a5d25e538d10b518b310c74d3ca2690b6aaffeadccd74da79736171f86/sb-vite/deps/storybook_internal_preview_runtime.js?v=b3da04b4:8581:39)

  ● Components/InputField › EmptyState › smoke-test

    thrown: "Exceeded timeout of 30000 ms for a test.
    Add a timeout value to this test to increase the timeout, if this is a long-running test. See https://jestjs.io/docs/api#testname-fn-timeout."



      at packages/components/src/InputField/InputField.stories.tsx:2041:13
      at packages/components/src/InputField/InputField.stories.tsx:2040:9
      at Object.<anonymous> (packages/components/src/InputField/InputField.stories.tsx:128:5)

  ● Components/InputField › EventCallbacks › smoke-test

    SB_PREVIEW_API_0006 (StoryIndexFetchError): Error fetching `/index.json`:

    Unable to index ./src/Table/EnhancedTable.stories.tsx:
      SyntaxError: Expecting Unicode escape sequence \uXXXX. (1467:15)

      at constructor (node_modules/@storybook/core/dist/babel/index.cjs:134900:15)
      at Nv.raise (node_modules/@storybook/core/dist/babel/index.cjs:137217:54)
      at Nv.readWord1 (node_modules/@storybook/core/dist/babel/index.cjs:137193:18)
      at Nv.readWord (node_modules/@storybook/core/dist/babel/index.cjs:137205:20)
      at Nv.getTokenFromCode (node_modules/@storybook/core/dist/babel/index.cjs:137028:16)
      at Nv.getTokenFromCode (node_modules/@storybook/core/dist/babel/index.cjs:139696:13)
      at Nv.getTokenFromCode (node_modules/@storybook/core/dist/babel/index.cjs:141547:13)
      at Nv.nextToken (node_modules/@storybook/core/dist/babel/index.cjs:136654:12)
      at Nv.next (node_modules/@storybook/core/dist/babel/index.cjs:136586:62)
      at Nv.eat (node_modules/@storybook/core/dist/babel/index.cjs:136589:36)
      at Nv.parseObjectProperty (node_modules/@storybook/core/dist/babel/index.cjs:142655:34)
      at Nv.parseObjPropValue (node_modules/@storybook/core/dist/babel/index.cjs:142671:61)
      at Nv.parseObjPropValue (node_modules/@storybook/core/dist/babel/index.cjs:141367:49)
      at Nv.parsePropertyDefinition (node_modules/@storybook/core/dist/babel/index.cjs:142632:19)
      at Nv.parseObjectLike (node_modules/@storybook/core/dist/babel/index.cjs:142596:57)
      at Nv.parseExprAtom (node_modules/@storybook/core/dist/babel/index.cjs:142302:23)
      at Nv.parseExprAtom (node_modules/@storybook/core/dist/babel/index.cjs:139667:45)
      at Nv.parseExprSubscripts (node_modules/@storybook/core/dist/babel/index.cjs:142149:78)
      at Nv.parseUpdate (node_modules/@storybook/core/dist/babel/index.cjs:142139:45)
      at Nv.parseMaybeUnary (node_modules/@storybook/core/dist/babel/index.cjs:142124:20)
      at Nv.parseMaybeUnary (node_modules/@storybook/core/dist/babel/index.cjs:141419:93)
      at Nv.parseMaybeUnaryOrPrivate (node_modules/@storybook/core/dist/babel/index.cjs:142032:63)
      at Nv.parseExprOps (node_modules/@storybook/core/dist/babel/index.cjs:142035:78)
      at Nv.parseMaybeConditional (node_modules/@storybook/core/dist/babel/index.cjs:142020:78)
      at Nv.parseMaybeAssign (node_modules/@storybook/core/dist/babel/index.cjs:142004:20)
      at Nv.parseMaybeAssign (node_modules/@storybook/core/dist/babel/index.cjs:141392:22)
      at node_modules/@storybook/core/dist/babel/index.cjs:141986:41
      at Nv.allowInAnd (node_modules/@storybook/core/dist/babel/index.cjs:142978:14)
      at Nv.parseMaybeAssignAllowIn (node_modules/@storybook/core/dist/babel/index.cjs:141986:19)
      at Nv.parseObjectProperty (node_modules/@storybook/core/dist/babel/index.cjs:142656:81)
      at Nv.parseObjPropValue (node_modules/@storybook/core/dist/babel/index.cjs:142671:61)
      at Nv.parseObjPropValue (node_modules/@storybook/core/dist/babel/index.cjs:141367:49)
      at Nv.parsePropertyDefinition (node_modules/@storybook/core/dist/babel/index.cjs:142632:19)
      at Nv.parseObjectLike (node_modules/@storybook/core/dist/babel/index.cjs:142596:57)
      at Nv.parseExprAtom (node_modules/@storybook/core/dist/babel/index.cjs:142302:23)
      at Nv.parseExprAtom (node_modules/@storybook/core/dist/babel/index.cjs:139667:45)
      at Nv.parseExprSubscripts (node_modules/@storybook/core/dist/babel/index.cjs:142149:78)
      at Nv.parseUpdate (node_modules/@storybook/core/dist/babel/index.cjs:142139:45)
      at Nv.parseMaybeUnary (node_modules/@storybook/core/dist/babel/index.cjs:142124:20)
      at Nv.parseMaybeUnary (node_modules/@storybook/core/dist/babel/index.cjs:141419:93)
      at Nv.parseMaybeUnaryOrPrivate (node_modules/@storybook/core/dist/babel/index.cjs:142032:63)
      at Nv.parseExprOps (node_modules/@storybook/core/dist/babel/index.cjs:142035:78)
      at Nv.parseMaybeConditional (node_modules/@storybook/core/dist/babel/index.cjs:142020:78)
      at Nv.parseMaybeAssign (node_modules/@storybook/core/dist/babel/index.cjs:142004:20)
      at Nv.parseMaybeAssign (node_modules/@storybook/core/dist/babel/index.cjs:141392:22)
      at node_modules/@storybook/core/dist/babel/index.cjs:141986:41
      at Nv.allowInAnd (node_modules/@storybook/core/dist/babel/index.cjs:142978:14)
      at Nv.parseMaybeAssignAllowIn (node_modules/@storybook/core/dist/babel/index.cjs:141986:19)
      at Nv.parseObjectProperty (node_modules/@storybook/core/dist/babel/index.cjs:142656:81)
      at Nv.parseObjPropValue (node_modules/@storybook/core/dist/babel/index.cjs:142671:61)
      If you are in development, this likely indicates a problem with your Storybook process,
      check the terminal for errors.
      If you are in a deployed Storybook, there may have been an issue deploying the full Storybook
      build.
      at constructor (node_modules/@storybook/core/dist/babel/index.cjs:134900:15)
      at Nv.raise (node_modules/@storybook/core/dist/babel/index.cjs:137217:54)
      at Nv.readWord1 (node_modules/@storybook/core/dist/babel/index.cjs:137193:18)
      at Nv.readWord (node_modules/@storybook/core/dist/babel/index.cjs:137205:20)
      at Nv.getTokenFromCode (node_modules/@storybook/core/dist/babel/index.cjs:137028:16)
      at Nv.getTokenFromCode (node_modules/@storybook/core/dist/babel/index.cjs:139696:13)
      at Nv.getTokenFromCode (node_modules/@storybook/core/dist/babel/index.cjs:141547:13)
      at Nv.nextToken (node_modules/@storybook/core/dist/babel/index.cjs:136654:12)
      at Nv.next (node_modules/@storybook/core/dist/babel/index.cjs:136586:62)
      at Nv.eat (node_modules/@storybook/core/dist/babel/index.cjs:136589:36)
      at Nv.parseObjectProperty (node_modules/@storybook/core/dist/babel/index.cjs:142655:34)
      at Nv.parseObjPropValue (node_modules/@storybook/core/dist/babel/index.cjs:142671:61)
      at Nv.parseObjPropValue (node_modules/@storybook/core/dist/babel/index.cjs:141367:49)
      at Nv.parsePropertyDefinition (node_modules/@storybook/core/dist/babel/index.cjs:142632:19)
      at Nv.parseObjectLike (node_modules/@storybook/core/dist/babel/index.cjs:142596:57)
      at Nv.parseExprAtom (node_modules/@storybook/core/dist/babel/index.cjs:142302:23)
      at Nv.parseExprAtom (node_modules/@storybook/core/dist/babel/index.cjs:139667:45)
      at Nv.parseExprSubscripts (node_modules/@storybook/core/dist/babel/index.cjs:142149:78)
      at Nv.parseUpdate (node_modules/@storybook/core/dist/babel/index.cjs:142139:45)
      at Nv.parseMaybeUnary (node_modules/@storybook/core/dist/babel/index.cjs:142124:20)
      at Nv.parseMaybeUnary (node_modules/@storybook/core/dist/babel/index.cjs:141419:93)
      at Nv.parseMaybeUnaryOrPrivate (node_modules/@storybook/core/dist/babel/index.cjs:142032:63)
      at Nv.parseExprOps (node_modules/@storybook/core/dist/babel/index.cjs:142035:78)
      at Nv.parseMaybeConditional (node_modules/@storybook/core/dist/babel/index.cjs:142020:78)
      at Nv.parseMaybeAssign (node_modules/@storybook/core/dist/babel/index.cjs:142004:20)
      at Nv.parseMaybeAssign (node_modules/@storybook/core/dist/babel/index.cjs:141392:22)
      at node_modules/@storybook/core/dist/babel/index.cjs:141986:41
      at Nv.allowInAnd (node_modules/@storybook/core/dist/babel/index.cjs:142978:14)
      at Nv.parseMaybeAssignAllowIn (node_modules/@storybook/core/dist/babel/index.cjs:141986:19)
      at Nv.parseObjectProperty (node_modules/@storybook/core/dist/babel/index.cjs:142656:81)
      at Nv.parseObjPropValue (node_modules/@storybook/core/dist/babel/index.cjs:142671:61)
      at Nv.parseObjPropValue (node_modules/@storybook/core/dist/babel/index.cjs:141367:49)
      at Nv.parsePropertyDefinition (node_modules/@storybook/core/dist/babel/index.cjs:142632:19)
      at Nv.parseObjectLike (node_modules/@storybook/core/dist/babel/index.cjs:142596:57)
      at Nv.parseExprAtom (node_modules/@storybook/core/dist/babel/index.cjs:142302:23)
      at Nv.parseExprAtom (node_modules/@storybook/core/dist/babel/index.cjs:139667:45)
      at Nv.parseExprSubscripts (node_modules/@storybook/core/dist/babel/index.cjs:142149:78)
      at Nv.parseUpdate (node_modules/@storybook/core/dist/babel/index.cjs:142139:45)
      at Nv.parseMaybeUnary (node_modules/@storybook/core/dist/babel/index.cjs:142124:20)
      at Nv.parseMaybeUnary (node_modules/@storybook/core/dist/babel/index.cjs:141419:93)
      at Nv.parseMaybeUnaryOrPrivate (node_modules/@storybook/core/dist/babel/index.cjs:142032:63)
      at Nv.parseExprOps (node_modules/@storybook/core/dist/babel/index.cjs:142035:78)
      at Nv.parseMaybeConditional (node_modules/@storybook/core/dist/babel/index.cjs:142020:78)
      at Nv.parseMaybeAssign (node_modules/@storybook/core/dist/babel/index.cjs:142004:20)
      at Nv.parseMaybeAssign (node_modules/@storybook/core/dist/babel/index.cjs:141392:22)
      at node_modules/@storybook/core/dist/babel/index.cjs:141986:41
      at Nv.allowInAnd (node_modules/@storybook/core/dist/babel/index.cjs:142978:14)
      at Nv.parseMaybeAssignAllowIn (node_modules/@storybook/core/dist/babel/index.cjs:141986:19)
      at Nv.parseObjectProperty (node_modules/@storybook/core/dist/babel/index.cjs:142656:81)
      at Nv.parseObjPropValue (node_modules/@storybook/core/dist/babel/index.cjs:142671:61)
      If you are in development, this likely indicates a problem with your Storybook process,
      check the terminal for errors.
      If you are in a deployed Storybook, there may have been an issue deploying the full Storybook
      build.
      at ns2.getStoryIndexFromServer (packages/components/http:/localhost:6007/packages/components/node_modules/.cache/storybook/1c3385a5d25e538d10b518b310c74d3ca2690b6aaffeadccd74da79736171f86/sb-vite/deps/storybook_internal_preview_runtime.js?v=b3da04b4:8624:11)
      at async ns2.initializeWithProjectAnnotations (packages/components/http:/localhost:6007/packages/components/node_modules/.cache/storybook/1c3385a5d25e538d10b518b310c74d3ca2690b6aaffeadccd74da79736171f86/sb-vite/deps/storybook_internal_preview_runtime.js?v=b3da04b4:8606:15)
      at async ns2.initialize (packages/components/http:/localhost:6007/packages/components/node_modules/.cache/storybook/1c3385a5d25e538d10b518b310c74d3ca2690b6aaffeadccd74da79736171f86/sb-vite/deps/storybook_internal_preview_runtime.js?v=b3da04b4:8581:39)

  ● Components/InputField › EventCallbacks › smoke-test

    thrown: "Exceeded timeout of 30000 ms for a test.
    Add a timeout value to this test to increase the timeout, if this is a long-running test. See https://jestjs.io/docs/api#testname-fn-timeout."



      at packages/components/src/InputField/InputField.stories.tsx:2188:13
      at packages/components/src/InputField/InputField.stories.tsx:2187:9
      at Object.<anonymous> (packages/components/src/InputField/InputField.stories.tsx:128:5)

  ● Components/InputField › ClassNameOverrides › smoke-test

    SB_PREVIEW_API_0006 (StoryIndexFetchError): Error fetching `/index.json`:

    Unable to index ./src/Table/EnhancedTable.stories.tsx:
      SyntaxError: Expecting Unicode escape sequence \uXXXX. (1467:15)

      at constructor (node_modules/@storybook/core/dist/babel/index.cjs:134900:15)
      at Nv.raise (node_modules/@storybook/core/dist/babel/index.cjs:137217:54)
      at Nv.readWord1 (node_modules/@storybook/core/dist/babel/index.cjs:137193:18)
      at Nv.readWord (node_modules/@storybook/core/dist/babel/index.cjs:137205:20)
      at Nv.getTokenFromCode (node_modules/@storybook/core/dist/babel/index.cjs:137028:16)
      at Nv.getTokenFromCode (node_modules/@storybook/core/dist/babel/index.cjs:139696:13)
      at Nv.getTokenFromCode (node_modules/@storybook/core/dist/babel/index.cjs:141547:13)
      at Nv.nextToken (node_modules/@storybook/core/dist/babel/index.cjs:136654:12)
      at Nv.next (node_modules/@storybook/core/dist/babel/index.cjs:136586:62)
      at Nv.eat (node_modules/@storybook/core/dist/babel/index.cjs:136589:36)
      at Nv.parseObjectProperty (node_modules/@storybook/core/dist/babel/index.cjs:142655:34)
      at Nv.parseObjPropValue (node_modules/@storybook/core/dist/babel/index.cjs:142671:61)
      at Nv.parseObjPropValue (node_modules/@storybook/core/dist/babel/index.cjs:141367:49)
      at Nv.parsePropertyDefinition (node_modules/@storybook/core/dist/babel/index.cjs:142632:19)
      at Nv.parseObjectLike (node_modules/@storybook/core/dist/babel/index.cjs:142596:57)
      at Nv.parseExprAtom (node_modules/@storybook/core/dist/babel/index.cjs:142302:23)
      at Nv.parseExprAtom (node_modules/@storybook/core/dist/babel/index.cjs:139667:45)
      at Nv.parseExprSubscripts (node_modules/@storybook/core/dist/babel/index.cjs:142149:78)
      at Nv.parseUpdate (node_modules/@storybook/core/dist/babel/index.cjs:142139:45)
      at Nv.parseMaybeUnary (node_modules/@storybook/core/dist/babel/index.cjs:142124:20)
      at Nv.parseMaybeUnary (node_modules/@storybook/core/dist/babel/index.cjs:141419:93)
      at Nv.parseMaybeUnaryOrPrivate (node_modules/@storybook/core/dist/babel/index.cjs:142032:63)
      at Nv.parseExprOps (node_modules/@storybook/core/dist/babel/index.cjs:142035:78)
      at Nv.parseMaybeConditional (node_modules/@storybook/core/dist/babel/index.cjs:142020:78)
      at Nv.parseMaybeAssign (node_modules/@storybook/core/dist/babel/index.cjs:142004:20)
      at Nv.parseMaybeAssign (node_modules/@storybook/core/dist/babel/index.cjs:141392:22)
      at node_modules/@storybook/core/dist/babel/index.cjs:141986:41
      at Nv.allowInAnd (node_modules/@storybook/core/dist/babel/index.cjs:142978:14)
      at Nv.parseMaybeAssignAllowIn (node_modules/@storybook/core/dist/babel/index.cjs:141986:19)
      at Nv.parseObjectProperty (node_modules/@storybook/core/dist/babel/index.cjs:142656:81)
      at Nv.parseObjPropValue (node_modules/@storybook/core/dist/babel/index.cjs:142671:61)
      at Nv.parseObjPropValue (node_modules/@storybook/core/dist/babel/index.cjs:141367:49)
      at Nv.parsePropertyDefinition (node_modules/@storybook/core/dist/babel/index.cjs:142632:19)
      at Nv.parseObjectLike (node_modules/@storybook/core/dist/babel/index.cjs:142596:57)
      at Nv.parseExprAtom (node_modules/@storybook/core/dist/babel/index.cjs:142302:23)
      at Nv.parseExprAtom (node_modules/@storybook/core/dist/babel/index.cjs:139667:45)
      at Nv.parseExprSubscripts (node_modules/@storybook/core/dist/babel/index.cjs:142149:78)
      at Nv.parseUpdate (node_modules/@storybook/core/dist/babel/index.cjs:142139:45)
      at Nv.parseMaybeUnary (node_modules/@storybook/core/dist/babel/index.cjs:142124:20)
      at Nv.parseMaybeUnary (node_modules/@storybook/core/dist/babel/index.cjs:141419:93)
      at Nv.parseMaybeUnaryOrPrivate (node_modules/@storybook/core/dist/babel/index.cjs:142032:63)
      at Nv.parseExprOps (node_modules/@storybook/core/dist/babel/index.cjs:142035:78)
      at Nv.parseMaybeConditional (node_modules/@storybook/core/dist/babel/index.cjs:142020:78)
      at Nv.parseMaybeAssign (node_modules/@storybook/core/dist/babel/index.cjs:142004:20)
      at Nv.parseMaybeAssign (node_modules/@storybook/core/dist/babel/index.cjs:141392:22)
      at node_modules/@storybook/core/dist/babel/index.cjs:141986:41
      at Nv.allowInAnd (node_modules/@storybook/core/dist/babel/index.cjs:142978:14)
      at Nv.parseMaybeAssignAllowIn (node_modules/@storybook/core/dist/babel/index.cjs:141986:19)
      at Nv.parseObjectProperty (node_modules/@storybook/core/dist/babel/index.cjs:142656:81)
      at Nv.parseObjPropValue (node_modules/@storybook/core/dist/babel/index.cjs:142671:61)
      If you are in development, this likely indicates a problem with your Storybook process,
      check the terminal for errors.
      If you are in a deployed Storybook, there may have been an issue deploying the full Storybook
      build.
      at constructor (node_modules/@storybook/core/dist/babel/index.cjs:134900:15)
      at Nv.raise (node_modules/@storybook/core/dist/babel/index.cjs:137217:54)
      at Nv.readWord1 (node_modules/@storybook/core/dist/babel/index.cjs:137193:18)
      at Nv.readWord (node_modules/@storybook/core/dist/babel/index.cjs:137205:20)
      at Nv.getTokenFromCode (node_modules/@storybook/core/dist/babel/index.cjs:137028:16)
      at Nv.getTokenFromCode (node_modules/@storybook/core/dist/babel/index.cjs:139696:13)
      at Nv.getTokenFromCode (node_modules/@storybook/core/dist/babel/index.cjs:141547:13)
      at Nv.nextToken (node_modules/@storybook/core/dist/babel/index.cjs:136654:12)
      at Nv.next (node_modules/@storybook/core/dist/babel/index.cjs:136586:62)
      at Nv.eat (node_modules/@storybook/core/dist/babel/index.cjs:136589:36)
      at Nv.parseObjectProperty (node_modules/@storybook/core/dist/babel/index.cjs:142655:34)
      at Nv.parseObjPropValue (node_modules/@storybook/core/dist/babel/index.cjs:142671:61)
      at Nv.parseObjPropValue (node_modules/@storybook/core/dist/babel/index.cjs:141367:49)
      at Nv.parsePropertyDefinition (node_modules/@storybook/core/dist/babel/index.cjs:142632:19)
      at Nv.parseObjectLike (node_modules/@storybook/core/dist/babel/index.cjs:142596:57)
      at Nv.parseExprAtom (node_modules/@storybook/core/dist/babel/index.cjs:142302:23)
      at Nv.parseExprAtom (node_modules/@storybook/core/dist/babel/index.cjs:139667:45)
      at Nv.parseExprSubscripts (node_modules/@storybook/core/dist/babel/index.cjs:142149:78)
      at Nv.parseUpdate (node_modules/@storybook/core/dist/babel/index.cjs:142139:45)
      at Nv.parseMaybeUnary (node_modules/@storybook/core/dist/babel/index.cjs:142124:20)
      at Nv.parseMaybeUnary (node_modules/@storybook/core/dist/babel/index.cjs:141419:93)
      at Nv.parseMaybeUnaryOrPrivate (node_modules/@storybook/core/dist/babel/index.cjs:142032:63)
      at Nv.parseExprOps (node_modules/@storybook/core/dist/babel/index.cjs:142035:78)
      at Nv.parseMaybeConditional (node_modules/@storybook/core/dist/babel/index.cjs:142020:78)
      at Nv.parseMaybeAssign (node_modules/@storybook/core/dist/babel/index.cjs:142004:20)
      at Nv.parseMaybeAssign (node_modules/@storybook/core/dist/babel/index.cjs:141392:22)
      at node_modules/@storybook/core/dist/babel/index.cjs:141986:41
      at Nv.allowInAnd (node_modules/@storybook/core/dist/babel/index.cjs:142978:14)
      at Nv.parseMaybeAssignAllowIn (node_modules/@storybook/core/dist/babel/index.cjs:141986:19)
      at Nv.parseObjectProperty (node_modules/@storybook/core/dist/babel/index.cjs:142656:81)
      at Nv.parseObjPropValue (node_modules/@storybook/core/dist/babel/index.cjs:142671:61)
      at Nv.parseObjPropValue (node_modules/@storybook/core/dist/babel/index.cjs:141367:49)
      at Nv.parsePropertyDefinition (node_modules/@storybook/core/dist/babel/index.cjs:142632:19)
      at Nv.parseObjectLike (node_modules/@storybook/core/dist/babel/index.cjs:142596:57)
      at Nv.parseExprAtom (node_modules/@storybook/core/dist/babel/index.cjs:142302:23)
      at Nv.parseExprAtom (node_modules/@storybook/core/dist/babel/index.cjs:139667:45)
      at Nv.parseExprSubscripts (node_modules/@storybook/core/dist/babel/index.cjs:142149:78)
      at Nv.parseUpdate (node_modules/@storybook/core/dist/babel/index.cjs:142139:45)
      at Nv.parseMaybeUnary (node_modules/@storybook/core/dist/babel/index.cjs:142124:20)
      at Nv.parseMaybeUnary (node_modules/@storybook/core/dist/babel/index.cjs:141419:93)
      at Nv.parseMaybeUnaryOrPrivate (node_modules/@storybook/core/dist/babel/index.cjs:142032:63)
      at Nv.parseExprOps (node_modules/@storybook/core/dist/babel/index.cjs:142035:78)
      at Nv.parseMaybeConditional (node_modules/@storybook/core/dist/babel/index.cjs:142020:78)
      at Nv.parseMaybeAssign (node_modules/@storybook/core/dist/babel/index.cjs:142004:20)
      at Nv.parseMaybeAssign (node_modules/@storybook/core/dist/babel/index.cjs:141392:22)
      at node_modules/@storybook/core/dist/babel/index.cjs:141986:41
      at Nv.allowInAnd (node_modules/@storybook/core/dist/babel/index.cjs:142978:14)
      at Nv.parseMaybeAssignAllowIn (node_modules/@storybook/core/dist/babel/index.cjs:141986:19)
      at Nv.parseObjectProperty (node_modules/@storybook/core/dist/babel/index.cjs:142656:81)
      at Nv.parseObjPropValue (node_modules/@storybook/core/dist/babel/index.cjs:142671:61)
      If you are in development, this likely indicates a problem with your Storybook process,
      check the terminal for errors.
      If you are in a deployed Storybook, there may have been an issue deploying the full Storybook
      build.
      at ns2.getStoryIndexFromServer (packages/components/http:/localhost:6007/packages/components/node_modules/.cache/storybook/1c3385a5d25e538d10b518b310c74d3ca2690b6aaffeadccd74da79736171f86/sb-vite/deps/storybook_internal_preview_runtime.js?v=b3da04b4:8624:11)
      at async ns2.initializeWithProjectAnnotations (packages/components/http:/localhost:6007/packages/components/node_modules/.cache/storybook/1c3385a5d25e538d10b518b310c74d3ca2690b6aaffeadccd74da79736171f86/sb-vite/deps/storybook_internal_preview_runtime.js?v=b3da04b4:8606:15)
      at async ns2.initialize (packages/components/http:/localhost:6007/packages/components/node_modules/.cache/storybook/1c3385a5d25e538d10b518b310c74d3ca2690b6aaffeadccd74da79736171f86/sb-vite/deps/storybook_internal_preview_runtime.js?v=b3da04b4:8581:39)

  ● Components/InputField › ClassNameOverrides › smoke-test

    thrown: "Exceeded timeout of 30000 ms for a test.
    Add a timeout value to this test to increase the timeout, if this is a long-running test. See https://jestjs.io/docs/api#testname-fn-timeout."



      at packages/components/src/InputField/InputField.stories.tsx:2335:13
      at packages/components/src/InputField/InputField.stories.tsx:2334:9
      at Object.<anonymous> (packages/components/src/InputField/InputField.stories.tsx:128:5)

  ● Components/InputField › PolymorphicRendering › smoke-test

    SB_PREVIEW_API_0006 (StoryIndexFetchError): Error fetching `/index.json`:

    Unable to index ./src/Table/EnhancedTable.stories.tsx:
      SyntaxError: Expecting Unicode escape sequence \uXXXX. (1467:15)

      at constructor (node_modules/@storybook/core/dist/babel/index.cjs:134900:15)
      at Nv.raise (node_modules/@storybook/core/dist/babel/index.cjs:137217:54)
      at Nv.readWord1 (node_modules/@storybook/core/dist/babel/index.cjs:137193:18)
      at Nv.readWord (node_modules/@storybook/core/dist/babel/index.cjs:137205:20)
      at Nv.getTokenFromCode (node_modules/@storybook/core/dist/babel/index.cjs:137028:16)
      at Nv.getTokenFromCode (node_modules/@storybook/core/dist/babel/index.cjs:139696:13)
      at Nv.getTokenFromCode (node_modules/@storybook/core/dist/babel/index.cjs:141547:13)
      at Nv.nextToken (node_modules/@storybook/core/dist/babel/index.cjs:136654:12)
      at Nv.next (node_modules/@storybook/core/dist/babel/index.cjs:136586:62)
      at Nv.eat (node_modules/@storybook/core/dist/babel/index.cjs:136589:36)
      at Nv.parseObjectProperty (node_modules/@storybook/core/dist/babel/index.cjs:142655:34)
      at Nv.parseObjPropValue (node_modules/@storybook/core/dist/babel/index.cjs:142671:61)
      at Nv.parseObjPropValue (node_modules/@storybook/core/dist/babel/index.cjs:141367:49)
      at Nv.parsePropertyDefinition (node_modules/@storybook/core/dist/babel/index.cjs:142632:19)
      at Nv.parseObjectLike (node_modules/@storybook/core/dist/babel/index.cjs:142596:57)
      at Nv.parseExprAtom (node_modules/@storybook/core/dist/babel/index.cjs:142302:23)
      at Nv.parseExprAtom (node_modules/@storybook/core/dist/babel/index.cjs:139667:45)
      at Nv.parseExprSubscripts (node_modules/@storybook/core/dist/babel/index.cjs:142149:78)
      at Nv.parseUpdate (node_modules/@storybook/core/dist/babel/index.cjs:142139:45)
      at Nv.parseMaybeUnary (node_modules/@storybook/core/dist/babel/index.cjs:142124:20)
      at Nv.parseMaybeUnary (node_modules/@storybook/core/dist/babel/index.cjs:141419:93)
      at Nv.parseMaybeUnaryOrPrivate (node_modules/@storybook/core/dist/babel/index.cjs:142032:63)
      at Nv.parseExprOps (node_modules/@storybook/core/dist/babel/index.cjs:142035:78)
      at Nv.parseMaybeConditional (node_modules/@storybook/core/dist/babel/index.cjs:142020:78)
      at Nv.parseMaybeAssign (node_modules/@storybook/core/dist/babel/index.cjs:142004:20)
      at Nv.parseMaybeAssign (node_modules/@storybook/core/dist/babel/index.cjs:141392:22)
      at node_modules/@storybook/core/dist/babel/index.cjs:141986:41
      at Nv.allowInAnd (node_modules/@storybook/core/dist/babel/index.cjs:142978:14)
      at Nv.parseMaybeAssignAllowIn (node_modules/@storybook/core/dist/babel/index.cjs:141986:19)
      at Nv.parseObjectProperty (node_modules/@storybook/core/dist/babel/index.cjs:142656:81)
      at Nv.parseObjPropValue (node_modules/@storybook/core/dist/babel/index.cjs:142671:61)
      at Nv.parseObjPropValue (node_modules/@storybook/core/dist/babel/index.cjs:141367:49)
      at Nv.parsePropertyDefinition (node_modules/@storybook/core/dist/babel/index.cjs:142632:19)
      at Nv.parseObjectLike (node_modules/@storybook/core/dist/babel/index.cjs:142596:57)
      at Nv.parseExprAtom (node_modules/@storybook/core/dist/babel/index.cjs:142302:23)
      at Nv.parseExprAtom (node_modules/@storybook/core/dist/babel/index.cjs:139667:45)
      at Nv.parseExprSubscripts (node_modules/@storybook/core/dist/babel/index.cjs:142149:78)
      at Nv.parseUpdate (node_modules/@storybook/core/dist/babel/index.cjs:142139:45)
      at Nv.parseMaybeUnary (node_modules/@storybook/core/dist/babel/index.cjs:142124:20)
      at Nv.parseMaybeUnary (node_modules/@storybook/core/dist/babel/index.cjs:141419:93)
      at Nv.parseMaybeUnaryOrPrivate (node_modules/@storybook/core/dist/babel/index.cjs:142032:63)
      at Nv.parseExprOps (node_modules/@storybook/core/dist/babel/index.cjs:142035:78)
      at Nv.parseMaybeConditional (node_modules/@storybook/core/dist/babel/index.cjs:142020:78)
      at Nv.parseMaybeAssign (node_modules/@storybook/core/dist/babel/index.cjs:142004:20)
      at Nv.parseMaybeAssign (node_modules/@storybook/core/dist/babel/index.cjs:141392:22)
      at node_modules/@storybook/core/dist/babel/index.cjs:141986:41
      at Nv.allowInAnd (node_modules/@storybook/core/dist/babel/index.cjs:142978:14)
      at Nv.parseMaybeAssignAllowIn (node_modules/@storybook/core/dist/babel/index.cjs:141986:19)
      at Nv.parseObjectProperty (node_modules/@storybook/core/dist/babel/index.cjs:142656:81)
      at Nv.parseObjPropValue (node_modules/@storybook/core/dist/babel/index.cjs:142671:61)
      If you are in development, this likely indicates a problem with your Storybook process,
      check the terminal for errors.
      If you are in a deployed Storybook, there may have been an issue deploying the full Storybook
      build.
      at constructor (node_modules/@storybook/core/dist/babel/index.cjs:134900:15)
      at Nv.raise (node_modules/@storybook/core/dist/babel/index.cjs:137217:54)
      at Nv.readWord1 (node_modules/@storybook/core/dist/babel/index.cjs:137193:18)
      at Nv.readWord (node_modules/@storybook/core/dist/babel/index.cjs:137205:20)
      at Nv.getTokenFromCode (node_modules/@storybook/core/dist/babel/index.cjs:137028:16)
      at Nv.getTokenFromCode (node_modules/@storybook/core/dist/babel/index.cjs:139696:13)
      at Nv.getTokenFromCode (node_modules/@storybook/core/dist/babel/index.cjs:141547:13)
      at Nv.nextToken (node_modules/@storybook/core/dist/babel/index.cjs:136654:12)
      at Nv.next (node_modules/@storybook/core/dist/babel/index.cjs:136586:62)
      at Nv.eat (node_modules/@storybook/core/dist/babel/index.cjs:136589:36)
      at Nv.parseObjectProperty (node_modules/@storybook/core/dist/babel/index.cjs:142655:34)
      at Nv.parseObjPropValue (node_modules/@storybook/core/dist/babel/index.cjs:142671:61)
      at Nv.parseObjPropValue (node_modules/@storybook/core/dist/babel/index.cjs:141367:49)
      at Nv.parsePropertyDefinition (node_modules/@storybook/core/dist/babel/index.cjs:142632:19)
      at Nv.parseObjectLike (node_modules/@storybook/core/dist/babel/index.cjs:142596:57)
      at Nv.parseExprAtom (node_modules/@storybook/core/dist/babel/index.cjs:142302:23)
      at Nv.parseExprAtom (node_modules/@storybook/core/dist/babel/index.cjs:139667:45)
      at Nv.parseExprSubscripts (node_modules/@storybook/core/dist/babel/index.cjs:142149:78)
      at Nv.parseUpdate (node_modules/@storybook/core/dist/babel/index.cjs:142139:45)
      at Nv.parseMaybeUnary (node_modules/@storybook/core/dist/babel/index.cjs:142124:20)
      at Nv.parseMaybeUnary (node_modules/@storybook/core/dist/babel/index.cjs:141419:93)
      at Nv.parseMaybeUnaryOrPrivate (node_modules/@storybook/core/dist/babel/index.cjs:142032:63)
      at Nv.parseExprOps (node_modules/@storybook/core/dist/babel/index.cjs:142035:78)
      at Nv.parseMaybeConditional (node_modules/@storybook/core/dist/babel/index.cjs:142020:78)
      at Nv.parseMaybeAssign (node_modules/@storybook/core/dist/babel/index.cjs:142004:20)
      at Nv.parseMaybeAssign (node_modules/@storybook/core/dist/babel/index.cjs:141392:22)
      at node_modules/@storybook/core/dist/babel/index.cjs:141986:41
      at Nv.allowInAnd (node_modules/@storybook/core/dist/babel/index.cjs:142978:14)
      at Nv.parseMaybeAssignAllowIn (node_modules/@storybook/core/dist/babel/index.cjs:141986:19)
      at Nv.parseObjectProperty (node_modules/@storybook/core/dist/babel/index.cjs:142656:81)
      at Nv.parseObjPropValue (node_modules/@storybook/core/dist/babel/index.cjs:142671:61)
      at Nv.parseObjPropValue (node_modules/@storybook/core/dist/babel/index.cjs:141367:49)
      at Nv.parsePropertyDefinition (node_modules/@storybook/core/dist/babel/index.cjs:142632:19)
      at Nv.parseObjectLike (node_modules/@storybook/core/dist/babel/index.cjs:142596:57)
      at Nv.parseExprAtom (node_modules/@storybook/core/dist/babel/index.cjs:142302:23)
      at Nv.parseExprAtom (node_modules/@storybook/core/dist/babel/index.cjs:139667:45)
      at Nv.parseExprSubscripts (node_modules/@storybook/core/dist/babel/index.cjs:142149:78)
      at Nv.parseUpdate (node_modules/@storybook/core/dist/babel/index.cjs:142139:45)
      at Nv.parseMaybeUnary (node_modules/@storybook/core/dist/babel/index.cjs:142124:20)
      at Nv.parseMaybeUnary (node_modules/@storybook/core/dist/babel/index.cjs:141419:93)
      at Nv.parseMaybeUnaryOrPrivate (node_modules/@storybook/core/dist/babel/index.cjs:142032:63)
      at Nv.parseExprOps (node_modules/@storybook/core/dist/babel/index.cjs:142035:78)
      at Nv.parseMaybeConditional (node_modules/@storybook/core/dist/babel/index.cjs:142020:78)
      at Nv.parseMaybeAssign (node_modules/@storybook/core/dist/babel/index.cjs:142004:20)
      at Nv.parseMaybeAssign (node_modules/@storybook/core/dist/babel/index.cjs:141392:22)
      at node_modules/@storybook/core/dist/babel/index.cjs:141986:41
      at Nv.allowInAnd (node_modules/@storybook/core/dist/babel/index.cjs:142978:14)
      at Nv.parseMaybeAssignAllowIn (node_modules/@storybook/core/dist/babel/index.cjs:141986:19)
      at Nv.parseObjectProperty (node_modules/@storybook/core/dist/babel/index.cjs:142656:81)
      at Nv.parseObjPropValue (node_modules/@storybook/core/dist/babel/index.cjs:142671:61)
      If you are in development, this likely indicates a problem with your Storybook process,
      check the terminal for errors.
      If you are in a deployed Storybook, there may have been an issue deploying the full Storybook
      build.
      at ns2.getStoryIndexFromServer (packages/components/http:/localhost:6007/packages/components/node_modules/.cache/storybook/1c3385a5d25e538d10b518b310c74d3ca2690b6aaffeadccd74da79736171f86/sb-vite/deps/storybook_internal_preview_runtime.js?v=b3da04b4:8624:11)
      at async ns2.initializeWithProjectAnnotations (packages/components/http:/localhost:6007/packages/components/node_modules/.cache/storybook/1c3385a5d25e538d10b518b310c74d3ca2690b6aaffeadccd74da79736171f86/sb-vite/deps/storybook_internal_preview_runtime.js?v=b3da04b4:8606:15)
      at async ns2.initialize (packages/components/http:/localhost:6007/packages/components/node_modules/.cache/storybook/1c3385a5d25e538d10b518b310c74d3ca2690b6aaffeadccd74da79736171f86/sb-vite/deps/storybook_internal_preview_runtime.js?v=b3da04b4:8581:39)

  ● Components/InputField › PolymorphicRendering › smoke-test

    page.evaluate: Error: Axe is already running. Use `await axe.run()` to wait for the previous run to finish before starting a new run.

      at E (eval at <anonymous> (eval at evaluate (:311:30))packages/components/, <anonymous>:12:93952)
      at axe.run (eval at <anonymous> (eval at evaluate (:311:30))packages/components/, <anonymous>:12:473583)
      at eval (eval at evaluate (:311:30)packages/components/, <anonymous>:2:27)
      at UtilityScript.evaluate (packages/components/<anonymous>:313:16)
      at UtilityScript.<anonymous> (packages/components/<anonymous>:1:44)
      at node_modules/axe-playwright/dist/index.js:74:31
      at node_modules/axe-playwright/dist/index.js:31:71
      at Object.<anonymous>.__awaiter (node_modules/axe-playwright/dist/index.js:27:12)
      at getAxeResults (node_modules/axe-playwright/dist/index.js:73:51)
      at node_modules/axe-playwright/dist/index.js:87:52
      at node_modules/axe-playwright/dist/index.js:31:71
      at Object.<anonymous>.__awaiter (node_modules/axe-playwright/dist/index.js:27:12)
      at getViolations (node_modules/axe-playwright/dist/index.js:86:51)
      at node_modules/axe-playwright/dist/index.js:111:56
      at node_modules/axe-playwright/dist/index.js:31:71
      at Object.<anonymous>.__awaiter (node_modules/axe-playwright/dist/index.js:27:12)
      at checkA11y (node_modules/axe-playwright/dist/index.js:109:42)
      at postVisit (.storybook/test-runner.ts:13:20)
      at packages/components/src/InputField/InputField.stories.tsx:2528:68
      at step (packages/components/src/InputField/InputField.stories.tsx:110:23)
      at Object.<anonymous> (packages/components/src/InputField/InputField.stories.tsx:51:20)
      at asyncGeneratorStep (packages/components/src/InputField/InputField.stories.tsx:4:28)
      at _next (packages/components/src/InputField/InputField.stories.tsx:19:17)

  ● Components/InputField › AccessibilityDemo › smoke-test

    SB_PREVIEW_API_0006 (StoryIndexFetchError): Error fetching `/index.json`:

    Unable to index ./src/Table/EnhancedTable.stories.tsx:
      SyntaxError: Expecting Unicode escape sequence \uXXXX. (1467:15)

      at constructor (node_modules/@storybook/core/dist/babel/index.cjs:134900:15)
      at Nv.raise (node_modules/@storybook/core/dist/babel/index.cjs:137217:54)
      at Nv.readWord1 (node_modules/@storybook/core/dist/babel/index.cjs:137193:18)
      at Nv.readWord (node_modules/@storybook/core/dist/babel/index.cjs:137205:20)
      at Nv.getTokenFromCode (node_modules/@storybook/core/dist/babel/index.cjs:137028:16)
      at Nv.getTokenFromCode (node_modules/@storybook/core/dist/babel/index.cjs:139696:13)
      at Nv.getTokenFromCode (node_modules/@storybook/core/dist/babel/index.cjs:141547:13)
      at Nv.nextToken (node_modules/@storybook/core/dist/babel/index.cjs:136654:12)
      at Nv.next (node_modules/@storybook/core/dist/babel/index.cjs:136586:62)
      at Nv.eat (node_modules/@storybook/core/dist/babel/index.cjs:136589:36)
      at Nv.parseObjectProperty (node_modules/@storybook/core/dist/babel/index.cjs:142655:34)
      at Nv.parseObjPropValue (node_modules/@storybook/core/dist/babel/index.cjs:142671:61)
      at Nv.parseObjPropValue (node_modules/@storybook/core/dist/babel/index.cjs:141367:49)
      at Nv.parsePropertyDefinition (node_modules/@storybook/core/dist/babel/index.cjs:142632:19)
      at Nv.parseObjectLike (node_modules/@storybook/core/dist/babel/index.cjs:142596:57)
      at Nv.parseExprAtom (node_modules/@storybook/core/dist/babel/index.cjs:142302:23)
      at Nv.parseExprAtom (node_modules/@storybook/core/dist/babel/index.cjs:139667:45)
      at Nv.parseExprSubscripts (node_modules/@storybook/core/dist/babel/index.cjs:142149:78)
      at Nv.parseUpdate (node_modules/@storybook/core/dist/babel/index.cjs:142139:45)
      at Nv.parseMaybeUnary (node_modules/@storybook/core/dist/babel/index.cjs:142124:20)
      at Nv.parseMaybeUnary (node_modules/@storybook/core/dist/babel/index.cjs:141419:93)
      at Nv.parseMaybeUnaryOrPrivate (node_modules/@storybook/core/dist/babel/index.cjs:142032:63)
      at Nv.parseExprOps (node_modules/@storybook/core/dist/babel/index.cjs:142035:78)
      at Nv.parseMaybeConditional (node_modules/@storybook/core/dist/babel/index.cjs:142020:78)
      at Nv.parseMaybeAssign (node_modules/@storybook/core/dist/babel/index.cjs:142004:20)
      at Nv.parseMaybeAssign (node_modules/@storybook/core/dist/babel/index.cjs:141392:22)
      at node_modules/@storybook/core/dist/babel/index.cjs:141986:41
      at Nv.allowInAnd (node_modules/@storybook/core/dist/babel/index.cjs:142978:14)
      at Nv.parseMaybeAssignAllowIn (node_modules/@storybook/core/dist/babel/index.cjs:141986:19)
      at Nv.parseObjectProperty (node_modules/@storybook/core/dist/babel/index.cjs:142656:81)
      at Nv.parseObjPropValue (node_modules/@storybook/core/dist/babel/index.cjs:142671:61)
      at Nv.parseObjPropValue (node_modules/@storybook/core/dist/babel/index.cjs:141367:49)
      at Nv.parsePropertyDefinition (node_modules/@storybook/core/dist/babel/index.cjs:142632:19)
      at Nv.parseObjectLike (node_modules/@storybook/core/dist/babel/index.cjs:142596:57)
      at Nv.parseExprAtom (node_modules/@storybook/core/dist/babel/index.cjs:142302:23)
      at Nv.parseExprAtom (node_modules/@storybook/core/dist/babel/index.cjs:139667:45)
      at Nv.parseExprSubscripts (node_modules/@storybook/core/dist/babel/index.cjs:142149:78)
      at Nv.parseUpdate (node_modules/@storybook/core/dist/babel/index.cjs:142139:45)
      at Nv.parseMaybeUnary (node_modules/@storybook/core/dist/babel/index.cjs:142124:20)
      at Nv.parseMaybeUnary (node_modules/@storybook/core/dist/babel/index.cjs:141419:93)
      at Nv.parseMaybeUnaryOrPrivate (node_modules/@storybook/core/dist/babel/index.cjs:142032:63)
      at Nv.parseExprOps (node_modules/@storybook/core/dist/babel/index.cjs:142035:78)
      at Nv.parseMaybeConditional (node_modules/@storybook/core/dist/babel/index.cjs:142020:78)
      at Nv.parseMaybeAssign (node_modules/@storybook/core/dist/babel/index.cjs:142004:20)
      at Nv.parseMaybeAssign (node_modules/@storybook/core/dist/babel/index.cjs:141392:22)
      at node_modules/@storybook/core/dist/babel/index.cjs:141986:41
      at Nv.allowInAnd (node_modules/@storybook/core/dist/babel/index.cjs:142978:14)
      at Nv.parseMaybeAssignAllowIn (node_modules/@storybook/core/dist/babel/index.cjs:141986:19)
      at Nv.parseObjectProperty (node_modules/@storybook/core/dist/babel/index.cjs:142656:81)
      at Nv.parseObjPropValue (node_modules/@storybook/core/dist/babel/index.cjs:142671:61)
      If you are in development, this likely indicates a problem with your Storybook process,
      check the terminal for errors.
      If you are in a deployed Storybook, there may have been an issue deploying the full Storybook
      build.
      at constructor (node_modules/@storybook/core/dist/babel/index.cjs:134900:15)
      at Nv.raise (node_modules/@storybook/core/dist/babel/index.cjs:137217:54)
      at Nv.readWord1 (node_modules/@storybook/core/dist/babel/index.cjs:137193:18)
      at Nv.readWord (node_modules/@storybook/core/dist/babel/index.cjs:137205:20)
      at Nv.getTokenFromCode (node_modules/@storybook/core/dist/babel/index.cjs:137028:16)
      at Nv.getTokenFromCode (node_modules/@storybook/core/dist/babel/index.cjs:139696:13)
      at Nv.getTokenFromCode (node_modules/@storybook/core/dist/babel/index.cjs:141547:13)
      at Nv.nextToken (node_modules/@storybook/core/dist/babel/index.cjs:136654:12)
      at Nv.next (node_modules/@storybook/core/dist/babel/index.cjs:136586:62)
      at Nv.eat (node_modules/@storybook/core/dist/babel/index.cjs:136589:36)
      at Nv.parseObjectProperty (node_modules/@storybook/core/dist/babel/index.cjs:142655:34)
      at Nv.parseObjPropValue (node_modules/@storybook/core/dist/babel/index.cjs:142671:61)
      at Nv.parseObjPropValue (node_modules/@storybook/core/dist/babel/index.cjs:141367:49)
      at Nv.parsePropertyDefinition (node_modules/@storybook/core/dist/babel/index.cjs:142632:19)
      at Nv.parseObjectLike (node_modules/@storybook/core/dist/babel/index.cjs:142596:57)
      at Nv.parseExprAtom (node_modules/@storybook/core/dist/babel/index.cjs:142302:23)
      at Nv.parseExprAtom (node_modules/@storybook/core/dist/babel/index.cjs:139667:45)
      at Nv.parseExprSubscripts (node_modules/@storybook/core/dist/babel/index.cjs:142149:78)
      at Nv.parseUpdate (node_modules/@storybook/core/dist/babel/index.cjs:142139:45)
      at Nv.parseMaybeUnary (node_modules/@storybook/core/dist/babel/index.cjs:142124:20)
      at Nv.parseMaybeUnary (node_modules/@storybook/core/dist/babel/index.cjs:141419:93)
      at Nv.parseMaybeUnaryOrPrivate (node_modules/@storybook/core/dist/babel/index.cjs:142032:63)
      at Nv.parseExprOps (node_modules/@storybook/core/dist/babel/index.cjs:142035:78)
      at Nv.parseMaybeConditional (node_modules/@storybook/core/dist/babel/index.cjs:142020:78)
      at Nv.parseMaybeAssign (node_modules/@storybook/core/dist/babel/index.cjs:142004:20)
      at Nv.parseMaybeAssign (node_modules/@storybook/core/dist/babel/index.cjs:141392:22)
      at node_modules/@storybook/core/dist/babel/index.cjs:141986:41
      at Nv.allowInAnd (node_modules/@storybook/core/dist/babel/index.cjs:142978:14)
      at Nv.parseMaybeAssignAllowIn (node_modules/@storybook/core/dist/babel/index.cjs:141986:19)
      at Nv.parseObjectProperty (node_modules/@storybook/core/dist/babel/index.cjs:142656:81)
      at Nv.parseObjPropValue (node_modules/@storybook/core/dist/babel/index.cjs:142671:61)
      at Nv.parseObjPropValue (node_modules/@storybook/core/dist/babel/index.cjs:141367:49)
      at Nv.parsePropertyDefinition (node_modules/@storybook/core/dist/babel/index.cjs:142632:19)
      at Nv.parseObjectLike (node_modules/@storybook/core/dist/babel/index.cjs:142596:57)
      at Nv.parseExprAtom (node_modules/@storybook/core/dist/babel/index.cjs:142302:23)
      at Nv.parseExprAtom (node_modules/@storybook/core/dist/babel/index.cjs:139667:45)
      at Nv.parseExprSubscripts (node_modules/@storybook/core/dist/babel/index.cjs:142149:78)
      at Nv.parseUpdate (node_modules/@storybook/core/dist/babel/index.cjs:142139:45)
      at Nv.parseMaybeUnary (node_modules/@storybook/core/dist/babel/index.cjs:142124:20)
      at Nv.parseMaybeUnary (node_modules/@storybook/core/dist/babel/index.cjs:141419:93)
      at Nv.parseMaybeUnaryOrPrivate (node_modules/@storybook/core/dist/babel/index.cjs:142032:63)
      at Nv.parseExprOps (node_modules/@storybook/core/dist/babel/index.cjs:142035:78)
      at Nv.parseMaybeConditional (node_modules/@storybook/core/dist/babel/index.cjs:142020:78)
      at Nv.parseMaybeAssign (node_modules/@storybook/core/dist/babel/index.cjs:142004:20)
      at Nv.parseMaybeAssign (node_modules/@storybook/core/dist/babel/index.cjs:141392:22)
      at node_modules/@storybook/core/dist/babel/index.cjs:141986:41
      at Nv.allowInAnd (node_modules/@storybook/core/dist/babel/index.cjs:142978:14)
      at Nv.parseMaybeAssignAllowIn (node_modules/@storybook/core/dist/babel/index.cjs:141986:19)
      at Nv.parseObjectProperty (node_modules/@storybook/core/dist/babel/index.cjs:142656:81)
      at Nv.parseObjPropValue (node_modules/@storybook/core/dist/babel/index.cjs:142671:61)
      If you are in development, this likely indicates a problem with your Storybook process,
      check the terminal for errors.
      If you are in a deployed Storybook, there may have been an issue deploying the full Storybook
      build.
      at ns2.getStoryIndexFromServer (packages/components/http:/localhost:6007/packages/components/node_modules/.cache/storybook/1c3385a5d25e538d10b518b310c74d3ca2690b6aaffeadccd74da79736171f86/sb-vite/deps/storybook_internal_preview_runtime.js?v=b3da04b4:8624:11)
      at async ns2.initializeWithProjectAnnotations (packages/components/http:/localhost:6007/packages/components/node_modules/.cache/storybook/1c3385a5d25e538d10b518b310c74d3ca2690b6aaffeadccd74da79736171f86/sb-vite/deps/storybook_internal_preview_runtime.js?v=b3da04b4:8606:15)
      at async ns2.initialize (packages/components/http:/localhost:6007/packages/components/node_modules/.cache/storybook/1c3385a5d25e538d10b518b310c74d3ca2690b6aaffeadccd74da79736171f86/sb-vite/deps/storybook_internal_preview_runtime.js?v=b3da04b4:8581:39)

  ● Components/InputField › ComponentMaturity › smoke-test

    SB_PREVIEW_API_0006 (StoryIndexFetchError): Error fetching `/index.json`:

    Unable to index ./src/Table/EnhancedTable.stories.tsx:
      SyntaxError: Expecting Unicode escape sequence \uXXXX. (1467:15)

      at constructor (node_modules/@storybook/core/dist/babel/index.cjs:134900:15)
      at Nv.raise (node_modules/@storybook/core/dist/babel/index.cjs:137217:54)
      at Nv.readWord1 (node_modules/@storybook/core/dist/babel/index.cjs:137193:18)
      at Nv.readWord (node_modules/@storybook/core/dist/babel/index.cjs:137205:20)
      at Nv.getTokenFromCode (node_modules/@storybook/core/dist/babel/index.cjs:137028:16)
      at Nv.getTokenFromCode (node_modules/@storybook/core/dist/babel/index.cjs:139696:13)
      at Nv.getTokenFromCode (node_modules/@storybook/core/dist/babel/index.cjs:141547:13)
      at Nv.nextToken (node_modules/@storybook/core/dist/babel/index.cjs:136654:12)
      at Nv.next (node_modules/@storybook/core/dist/babel/index.cjs:136586:62)
      at Nv.eat (node_modules/@storybook/core/dist/babel/index.cjs:136589:36)
      at Nv.parseObjectProperty (node_modules/@storybook/core/dist/babel/index.cjs:142655:34)
      at Nv.parseObjPropValue (node_modules/@storybook/core/dist/babel/index.cjs:142671:61)
      at Nv.parseObjPropValue (node_modules/@storybook/core/dist/babel/index.cjs:141367:49)
      at Nv.parsePropertyDefinition (node_modules/@storybook/core/dist/babel/index.cjs:142632:19)
      at Nv.parseObjectLike (node_modules/@storybook/core/dist/babel/index.cjs:142596:57)
      at Nv.parseExprAtom (node_modules/@storybook/core/dist/babel/index.cjs:142302:23)
      at Nv.parseExprAtom (node_modules/@storybook/core/dist/babel/index.cjs:139667:45)
      at Nv.parseExprSubscripts (node_modules/@storybook/core/dist/babel/index.cjs:142149:78)
      at Nv.parseUpdate (node_modules/@storybook/core/dist/babel/index.cjs:142139:45)
      at Nv.parseMaybeUnary (node_modules/@storybook/core/dist/babel/index.cjs:142124:20)
      at Nv.parseMaybeUnary (node_modules/@storybook/core/dist/babel/index.cjs:141419:93)
      at Nv.parseMaybeUnaryOrPrivate (node_modules/@storybook/core/dist/babel/index.cjs:142032:63)
      at Nv.parseExprOps (node_modules/@storybook/core/dist/babel/index.cjs:142035:78)
      at Nv.parseMaybeConditional (node_modules/@storybook/core/dist/babel/index.cjs:142020:78)
      at Nv.parseMaybeAssign (node_modules/@storybook/core/dist/babel/index.cjs:142004:20)
      at Nv.parseMaybeAssign (node_modules/@storybook/core/dist/babel/index.cjs:141392:22)
      at node_modules/@storybook/core/dist/babel/index.cjs:141986:41
      at Nv.allowInAnd (node_modules/@storybook/core/dist/babel/index.cjs:142978:14)
      at Nv.parseMaybeAssignAllowIn (node_modules/@storybook/core/dist/babel/index.cjs:141986:19)
      at Nv.parseObjectProperty (node_modules/@storybook/core/dist/babel/index.cjs:142656:81)
      at Nv.parseObjPropValue (node_modules/@storybook/core/dist/babel/index.cjs:142671:61)
      at Nv.parseObjPropValue (node_modules/@storybook/core/dist/babel/index.cjs:141367:49)
      at Nv.parsePropertyDefinition (node_modules/@storybook/core/dist/babel/index.cjs:142632:19)
      at Nv.parseObjectLike (node_modules/@storybook/core/dist/babel/index.cjs:142596:57)
      at Nv.parseExprAtom (node_modules/@storybook/core/dist/babel/index.cjs:142302:23)
      at Nv.parseExprAtom (node_modules/@storybook/core/dist/babel/index.cjs:139667:45)
      at Nv.parseExprSubscripts (node_modules/@storybook/core/dist/babel/index.cjs:142149:78)
      at Nv.parseUpdate (node_modules/@storybook/core/dist/babel/index.cjs:142139:45)
      at Nv.parseMaybeUnary (node_modules/@storybook/core/dist/babel/index.cjs:142124:20)
      at Nv.parseMaybeUnary (node_modules/@storybook/core/dist/babel/index.cjs:141419:93)
      at Nv.parseMaybeUnaryOrPrivate (node_modules/@storybook/core/dist/babel/index.cjs:142032:63)
      at Nv.parseExprOps (node_modules/@storybook/core/dist/babel/index.cjs:142035:78)
      at Nv.parseMaybeConditional (node_modules/@storybook/core/dist/babel/index.cjs:142020:78)
      at Nv.parseMaybeAssign (node_modules/@storybook/core/dist/babel/index.cjs:142004:20)
      at Nv.parseMaybeAssign (node_modules/@storybook/core/dist/babel/index.cjs:141392:22)
      at node_modules/@storybook/core/dist/babel/index.cjs:141986:41
      at Nv.allowInAnd (node_modules/@storybook/core/dist/babel/index.cjs:142978:14)
      at Nv.parseMaybeAssignAllowIn (node_modules/@storybook/core/dist/babel/index.cjs:141986:19)
      at Nv.parseObjectProperty (node_modules/@storybook/core/dist/babel/index.cjs:142656:81)
      at Nv.parseObjPropValue (node_modules/@storybook/core/dist/babel/index.cjs:142671:61)
      If you are in development, this likely indicates a problem with your Storybook process,
      check the terminal for errors.
      If you are in a deployed Storybook, there may have been an issue deploying the full Storybook
      build.
      at constructor (node_modules/@storybook/core/dist/babel/index.cjs:134900:15)
      at Nv.raise (node_modules/@storybook/core/dist/babel/index.cjs:137217:54)
      at Nv.readWord1 (node_modules/@storybook/core/dist/babel/index.cjs:137193:18)
      at Nv.readWord (node_modules/@storybook/core/dist/babel/index.cjs:137205:20)
      at Nv.getTokenFromCode (node_modules/@storybook/core/dist/babel/index.cjs:137028:16)
      at Nv.getTokenFromCode (node_modules/@storybook/core/dist/babel/index.cjs:139696:13)
      at Nv.getTokenFromCode (node_modules/@storybook/core/dist/babel/index.cjs:141547:13)
      at Nv.nextToken (node_modules/@storybook/core/dist/babel/index.cjs:136654:12)
      at Nv.next (node_modules/@storybook/core/dist/babel/index.cjs:136586:62)
      at Nv.eat (node_modules/@storybook/core/dist/babel/index.cjs:136589:36)
      at Nv.parseObjectProperty (node_modules/@storybook/core/dist/babel/index.cjs:142655:34)
      at Nv.parseObjPropValue (node_modules/@storybook/core/dist/babel/index.cjs:142671:61)
      at Nv.parseObjPropValue (node_modules/@storybook/core/dist/babel/index.cjs:141367:49)
      at Nv.parsePropertyDefinition (node_modules/@storybook/core/dist/babel/index.cjs:142632:19)
      at Nv.parseObjectLike (node_modules/@storybook/core/dist/babel/index.cjs:142596:57)
      at Nv.parseExprAtom (node_modules/@storybook/core/dist/babel/index.cjs:142302:23)
      at Nv.parseExprAtom (node_modules/@storybook/core/dist/babel/index.cjs:139667:45)
      at Nv.parseExprSubscripts (node_modules/@storybook/core/dist/babel/index.cjs:142149:78)
      at Nv.parseUpdate (node_modules/@storybook/core/dist/babel/index.cjs:142139:45)
      at Nv.parseMaybeUnary (node_modules/@storybook/core/dist/babel/index.cjs:142124:20)
      at Nv.parseMaybeUnary (node_modules/@storybook/core/dist/babel/index.cjs:141419:93)
      at Nv.parseMaybeUnaryOrPrivate (node_modules/@storybook/core/dist/babel/index.cjs:142032:63)
      at Nv.parseExprOps (node_modules/@storybook/core/dist/babel/index.cjs:142035:78)
      at Nv.parseMaybeConditional (node_modules/@storybook/core/dist/babel/index.cjs:142020:78)
      at Nv.parseMaybeAssign (node_modules/@storybook/core/dist/babel/index.cjs:142004:20)
      at Nv.parseMaybeAssign (node_modules/@storybook/core/dist/babel/index.cjs:141392:22)
      at node_modules/@storybook/core/dist/babel/index.cjs:141986:41
      at Nv.allowInAnd (node_modules/@storybook/core/dist/babel/index.cjs:142978:14)
      at Nv.parseMaybeAssignAllowIn (node_modules/@storybook/core/dist/babel/index.cjs:141986:19)
      at Nv.parseObjectProperty (node_modules/@storybook/core/dist/babel/index.cjs:142656:81)
      at Nv.parseObjPropValue (node_modules/@storybook/core/dist/babel/index.cjs:142671:61)
      at Nv.parseObjPropValue (node_modules/@storybook/core/dist/babel/index.cjs:141367:49)
      at Nv.parsePropertyDefinition (node_modules/@storybook/core/dist/babel/index.cjs:142632:19)
      at Nv.parseObjectLike (node_modules/@storybook/core/dist/babel/index.cjs:142596:57)
      at Nv.parseExprAtom (node_modules/@storybook/core/dist/babel/index.cjs:142302:23)
      at Nv.parseExprAtom (node_modules/@storybook/core/dist/babel/index.cjs:139667:45)
      at Nv.parseExprSubscripts (node_modules/@storybook/core/dist/babel/index.cjs:142149:78)
      at Nv.parseUpdate (node_modules/@storybook/core/dist/babel/index.cjs:142139:45)
      at Nv.parseMaybeUnary (node_modules/@storybook/core/dist/babel/index.cjs:142124:20)
      at Nv.parseMaybeUnary (node_modules/@storybook/core/dist/babel/index.cjs:141419:93)
      at Nv.parseMaybeUnaryOrPrivate (node_modules/@storybook/core/dist/babel/index.cjs:142032:63)
      at Nv.parseExprOps (node_modules/@storybook/core/dist/babel/index.cjs:142035:78)
      at Nv.parseMaybeConditional (node_modules/@storybook/core/dist/babel/index.cjs:142020:78)
      at Nv.parseMaybeAssign (node_modules/@storybook/core/dist/babel/index.cjs:142004:20)
      at Nv.parseMaybeAssign (node_modules/@storybook/core/dist/babel/index.cjs:141392:22)
      at node_modules/@storybook/core/dist/babel/index.cjs:141986:41
      at Nv.allowInAnd (node_modules/@storybook/core/dist/babel/index.cjs:142978:14)
      at Nv.parseMaybeAssignAllowIn (node_modules/@storybook/core/dist/babel/index.cjs:141986:19)
      at Nv.parseObjectProperty (node_modules/@storybook/core/dist/babel/index.cjs:142656:81)
      at Nv.parseObjPropValue (node_modules/@storybook/core/dist/babel/index.cjs:142671:61)
      If you are in development, this likely indicates a problem with your Storybook process,
      check the terminal for errors.
      If you are in a deployed Storybook, there may have been an issue deploying the full Storybook
      build.
      at ns2.getStoryIndexFromServer (packages/components/http:/localhost:6007/packages/components/node_modules/.cache/storybook/1c3385a5d25e538d10b518b310c74d3ca2690b6aaffeadccd74da79736171f86/sb-vite/deps/storybook_internal_preview_runtime.js?v=b3da04b4:8624:11)
      at async ns2.initializeWithProjectAnnotations (packages/components/http:/localhost:6007/packages/components/node_modules/.cache/storybook/1c3385a5d25e538d10b518b310c74d3ca2690b6aaffeadccd74da79736171f86/sb-vite/deps/storybook_internal_preview_runtime.js?v=b3da04b4:8606:15)
      at async ns2.initialize (packages/components/http:/localhost:6007/packages/components/node_modules/.cache/storybook/1c3385a5d25e538d10b518b310c74d3ca2690b6aaffeadccd74da79736171f86/sb-vite/deps/storybook_internal_preview_runtime.js?v=b3da04b4:8581:39)

  ● Components/InputField › ComponentMaturity › smoke-test

    assert.strictEqual(received, expected)

    Expected value to strictly be equal to:
      0
    Received:
      1

    Message:
      1 accessibility violation was detected

    1 !== 0

      at testResultDependsOnViolations (node_modules/axe-playwright/dist/utils.js:16:26)
      at node_modules/axe-playwright/dist/index.js:143:51
      at fulfilled (node_modules/axe-playwright/dist/index.js:28:58)


Test Suites: 44 failed, 44 total
Tests:       244 failed, 222 passed, 466 total
Snapshots:   0 total
Time:        496.856 s
Ran all test suites.
npm error Lifecycle script `test-storybook` failed with error:
npm error code 1
npm error path /Users/AM07832/CascadeProjects/lean-ids/packages/components
npm error workspace @ajaysoni7832/lean-ids-components@1.7.6
npm error location /Users/AM07832/CascadeProjects/lean-ids/packages/components
npm error command failed
npm error command sh -c test-storybook --config-dir ../../.storybook --url http://localhost:6007
